[2026-08-11T08:20:48.053+0000] {processor.py:186} INFO - Started process (PID=206) to work on /opt/airflow/dags/dbt_to_qdrant_dag.py
[2026-08-11T08:20:48.056+0000] {processor.py:914} INFO - Processing file /opt/airflow/dags/dbt_to_qdrant_dag.py for tasks to queue
[2026-08-11T08:20:48.086+0000] {logging_mixin.py:190} INFO - [2026-08-11T08:20:48.078+0000] {dagbag.py:588} INFO - Filling up the DagBag from /opt/airflow/dags/dbt_to_qdrant_dag.py
[2026-08-11T08:20:48.353+0000] {processor.py:925} INFO - DAG(s) 'dbt_to_qdrant_minio_sync' retrieved from /opt/airflow/dags/dbt_to_qdrant_dag.py
[2026-08-11T08:20:48.463+0000] {logging_mixin.py:190} INFO - [2026-08-11T08:20:48.462+0000] {dag.py:3239} INFO - Sync 1 DAGs
[2026-08-11T08:20:48.564+0000] {logging_mixin.py:190} INFO - [2026-08-11T08:20:48.563+0000] {dag.py:4180} INFO - Setting next_dagrun for dbt_to_qdrant_minio_sync to None, run_after=None
[2026-08-11T08:20:48.641+0000] {processor.py:208} INFO - Processing /opt/airflow/dags/dbt_to_qdrant_dag.py took 0.644 seconds
[2026-08-11T08:21:21.632+0000] {processor.py:186} INFO - Started process (PID=336) to work on /opt/airflow/dags/dbt_to_qdrant_dag.py
[2026-08-11T08:21:21.635+0000] {processor.py:914} INFO - Processing file /opt/airflow/dags/dbt_to_qdrant_dag.py for tasks to queue
[2026-08-11T08:21:21.644+0000] {logging_mixin.py:190} INFO - [2026-08-11T08:21:21.641+0000] {dagbag.py:588} INFO - Filling up the DagBag from /opt/airflow/dags/dbt_to_qdrant_dag.py
[2026-08-11T08:21:21.740+0000] {processor.py:925} INFO - DAG(s) 'dbt_to_qdrant_minio_sync' retrieved from /opt/airflow/dags/dbt_to_qdrant_dag.py
[2026-08-11T08:21:21.843+0000] {logging_mixin.py:190} INFO - [2026-08-11T08:21:21.843+0000] {dag.py:3239} INFO - Sync 1 DAGs
[2026-08-11T08:21:21.923+0000] {logging_mixin.py:190} INFO - [2026-08-11T08:21:21.923+0000] {dag.py:4180} INFO - Setting next_dagrun for dbt_to_qdrant_minio_sync to None, run_after=None
[2026-08-11T08:21:22.003+0000] {processor.py:208} INFO - Processing /opt/airflow/dags/dbt_to_qdrant_dag.py took 0.384 seconds
[2026-08-11T08:21:52.818+0000] {processor.py:186} INFO - Started process (PID=464) to work on /opt/airflow/dags/dbt_to_qdrant_dag.py
[2026-08-11T08:21:52.820+0000] {processor.py:914} INFO - Processing file /opt/airflow/dags/dbt_to_qdrant_dag.py for tasks to queue
[2026-08-11T08:21:52.825+0000] {logging_mixin.py:190} INFO - [2026-08-11T08:21:52.824+0000] {dagbag.py:588} INFO - Filling up the DagBag from /opt/airflow/dags/dbt_to_qdrant_dag.py
[2026-08-11T08:21:52.888+0000] {processor.py:925} INFO - DAG(s) 'dbt_to_qdrant_minio_sync' retrieved from /opt/airflow/dags/dbt_to_qdrant_dag.py
[2026-08-11T08:21:52.927+0000] {logging_mixin.py:190} INFO - [2026-08-11T08:21:52.926+0000] {dag.py:3239} INFO - Sync 1 DAGs
[2026-08-11T08:21:52.951+0000] {logging_mixin.py:190} INFO - [2026-08-11T08:21:52.951+0000] {dag.py:4180} INFO - Setting next_dagrun for dbt_to_qdrant_minio_sync to None, run_after=None
[2026-08-11T08:21:52.984+0000] {processor.py:208} INFO - Processing /opt/airflow/dags/dbt_to_qdrant_dag.py took 0.177 seconds
[2026-08-11T08:22:23.363+0000] {processor.py:186} INFO - Started process (PID=595) to work on /opt/airflow/dags/dbt_to_qdrant_dag.py
[2026-08-11T08:22:23.366+0000] {processor.py:914} INFO - Processing file /opt/airflow/dags/dbt_to_qdrant_dag.py for tasks to queue
[2026-08-11T08:22:23.372+0000] {logging_mixin.py:190} INFO - [2026-08-11T08:22:23.371+0000] {dagbag.py:588} INFO - Filling up the DagBag from /opt/airflow/dags/dbt_to_qdrant_dag.py
[2026-08-11T08:22:23.454+0000] {processor.py:925} INFO - DAG(s) 'dbt_to_qdrant_minio_sync' retrieved from /opt/airflow/dags/dbt_to_qdrant_dag.py
[2026-08-11T08:22:23.505+0000] {logging_mixin.py:190} INFO - [2026-08-11T08:22:23.505+0000] {dag.py:3239} INFO - Sync 1 DAGs
[2026-08-11T08:22:23.533+0000] {logging_mixin.py:190} INFO - [2026-08-11T08:22:23.532+0000] {dag.py:4180} INFO - Setting next_dagrun for dbt_to_qdrant_minio_sync to None, run_after=None
[2026-08-11T08:22:23.573+0000] {processor.py:208} INFO - Processing /opt/airflow/dags/dbt_to_qdrant_dag.py took 0.222 seconds
[2026-08-11T08:22:54.234+0000] {processor.py:186} INFO - Started process (PID=723) to work on /opt/airflow/dags/dbt_to_qdrant_dag.py
[2026-08-11T08:22:54.236+0000] {processor.py:914} INFO - Processing file /opt/airflow/dags/dbt_to_qdrant_dag.py for tasks to queue
[2026-08-11T08:22:54.241+0000] {logging_mixin.py:190} INFO - [2026-08-11T08:22:54.240+0000] {dagbag.py:588} INFO - Filling up the DagBag from /opt/airflow/dags/dbt_to_qdrant_dag.py
[2026-08-11T08:22:54.314+0000] {processor.py:925} INFO - DAG(s) 'dbt_to_qdrant_minio_sync' retrieved from /opt/airflow/dags/dbt_to_qdrant_dag.py
[2026-08-11T08:22:54.397+0000] {logging_mixin.py:190} INFO - [2026-08-11T08:22:54.396+0000] {dag.py:3239} INFO - Sync 1 DAGs
[2026-08-11T08:22:54.450+0000] {logging_mixin.py:190} INFO - [2026-08-11T08:22:54.449+0000] {dag.py:4180} INFO - Setting next_dagrun for dbt_to_qdrant_minio_sync to None, run_after=None
[2026-08-11T08:22:54.496+0000] {processor.py:208} INFO - Processing /opt/airflow/dags/dbt_to_qdrant_dag.py took 0.270 seconds
[2026-08-11T08:23:24.778+0000] {processor.py:186} INFO - Started process (PID=848) to work on /opt/airflow/dags/dbt_to_qdrant_dag.py
[2026-08-11T08:23:24.781+0000] {processor.py:914} INFO - Processing file /opt/airflow/dags/dbt_to_qdrant_dag.py for tasks to queue
[2026-08-11T08:23:24.792+0000] {logging_mixin.py:190} INFO - [2026-08-11T08:23:24.791+0000] {dagbag.py:588} INFO - Filling up the DagBag from /opt/airflow/dags/dbt_to_qdrant_dag.py
[2026-08-11T08:23:24.859+0000] {processor.py:925} INFO - DAG(s) 'dbt_to_qdrant_minio_sync' retrieved from /opt/airflow/dags/dbt_to_qdrant_dag.py
[2026-08-11T08:23:24.921+0000] {logging_mixin.py:190} INFO - [2026-08-11T08:23:24.921+0000] {dag.py:3239} INFO - Sync 1 DAGs
[2026-08-11T08:23:24.966+0000] {logging_mixin.py:190} INFO - [2026-08-11T08:23:24.966+0000] {dag.py:4180} INFO - Setting next_dagrun for dbt_to_qdrant_minio_sync to None, run_after=None
[2026-08-11T08:23:25.028+0000] {processor.py:208} INFO - Processing /opt/airflow/dags/dbt_to_qdrant_dag.py took 0.262 seconds
[2026-08-11T08:23:55.748+0000] {processor.py:186} INFO - Started process (PID=964) to work on /opt/airflow/dags/dbt_to_qdrant_dag.py
[2026-08-11T08:23:55.751+0000] {processor.py:914} INFO - Processing file /opt/airflow/dags/dbt_to_qdrant_dag.py for tasks to queue
[2026-08-11T08:23:55.758+0000] {logging_mixin.py:190} INFO - [2026-08-11T08:23:55.757+0000] {dagbag.py:588} INFO - Filling up the DagBag from /opt/airflow/dags/dbt_to_qdrant_dag.py
[2026-08-11T08:23:55.821+0000] {processor.py:925} INFO - DAG(s) 'dbt_to_qdrant_minio_sync' retrieved from /opt/airflow/dags/dbt_to_qdrant_dag.py
[2026-08-11T08:23:55.865+0000] {logging_mixin.py:190} INFO - [2026-08-11T08:23:55.864+0000] {dag.py:3239} INFO - Sync 1 DAGs
[2026-08-11T08:23:55.895+0000] {logging_mixin.py:190} INFO - [2026-08-11T08:23:55.894+0000] {dag.py:4180} INFO - Setting next_dagrun for dbt_to_qdrant_minio_sync to None, run_after=None
[2026-08-11T08:23:55.963+0000] {processor.py:208} INFO - Processing /opt/airflow/dags/dbt_to_qdrant_dag.py took 0.231 seconds
[2026-08-11T08:24:26.209+0000] {processor.py:186} INFO - Started process (PID=1090) to work on /opt/airflow/dags/dbt_to_qdrant_dag.py
[2026-08-11T08:24:26.211+0000] {processor.py:914} INFO - Processing file /opt/airflow/dags/dbt_to_qdrant_dag.py for tasks to queue
[2026-08-11T08:24:26.217+0000] {logging_mixin.py:190} INFO - [2026-08-11T08:24:26.216+0000] {dagbag.py:588} INFO - Filling up the DagBag from /opt/airflow/dags/dbt_to_qdrant_dag.py
[2026-08-11T08:24:26.270+0000] {processor.py:925} INFO - DAG(s) 'dbt_to_qdrant_minio_sync' retrieved from /opt/airflow/dags/dbt_to_qdrant_dag.py
[2026-08-11T08:24:26.347+0000] {logging_mixin.py:190} INFO - [2026-08-11T08:24:26.347+0000] {dag.py:3239} INFO - Sync 1 DAGs
[2026-08-11T08:24:26.392+0000] {logging_mixin.py:190} INFO - [2026-08-11T08:24:26.390+0000] {dag.py:4180} INFO - Setting next_dagrun for dbt_to_qdrant_minio_sync to None, run_after=None
[2026-08-11T08:24:26.443+0000] {processor.py:208} INFO - Processing /opt/airflow/dags/dbt_to_qdrant_dag.py took 0.249 seconds
[2026-08-11T08:24:57.635+0000] {processor.py:186} INFO - Started process (PID=1222) to work on /opt/airflow/dags/dbt_to_qdrant_dag.py
[2026-08-11T08:24:57.637+0000] {processor.py:914} INFO - Processing file /opt/airflow/dags/dbt_to_qdrant_dag.py for tasks to queue
[2026-08-11T08:24:57.646+0000] {logging_mixin.py:190} INFO - [2026-08-11T08:24:57.644+0000] {dagbag.py:588} INFO - Filling up the DagBag from /opt/airflow/dags/dbt_to_qdrant_dag.py
[2026-08-11T08:24:57.713+0000] {processor.py:925} INFO - DAG(s) 'dbt_to_qdrant_minio_sync' retrieved from /opt/airflow/dags/dbt_to_qdrant_dag.py
[2026-08-11T08:24:57.770+0000] {logging_mixin.py:190} INFO - [2026-08-11T08:24:57.769+0000] {dag.py:3239} INFO - Sync 1 DAGs
[2026-08-11T08:24:57.803+0000] {logging_mixin.py:190} INFO - [2026-08-11T08:24:57.803+0000] {dag.py:4180} INFO - Setting next_dagrun for dbt_to_qdrant_minio_sync to None, run_after=None
[2026-08-11T08:24:57.860+0000] {processor.py:208} INFO - Processing /opt/airflow/dags/dbt_to_qdrant_dag.py took 0.241 seconds
[2026-08-11T08:25:28.668+0000] {processor.py:186} INFO - Started process (PID=1350) to work on /opt/airflow/dags/dbt_to_qdrant_dag.py
[2026-08-11T08:25:28.670+0000] {processor.py:914} INFO - Processing file /opt/airflow/dags/dbt_to_qdrant_dag.py for tasks to queue
[2026-08-11T08:25:28.676+0000] {logging_mixin.py:190} INFO - [2026-08-11T08:25:28.675+0000] {dagbag.py:588} INFO - Filling up the DagBag from /opt/airflow/dags/dbt_to_qdrant_dag.py
[2026-08-11T08:25:28.748+0000] {processor.py:925} INFO - DAG(s) 'dbt_to_qdrant_minio_sync' retrieved from /opt/airflow/dags/dbt_to_qdrant_dag.py
[2026-08-11T08:25:28.805+0000] {logging_mixin.py:190} INFO - [2026-08-11T08:25:28.804+0000] {dag.py:3239} INFO - Sync 1 DAGs
[2026-08-11T08:25:28.833+0000] {logging_mixin.py:190} INFO - [2026-08-11T08:25:28.832+0000] {dag.py:4180} INFO - Setting next_dagrun for dbt_to_qdrant_minio_sync to None, run_after=None
[2026-08-11T08:25:28.883+0000] {processor.py:208} INFO - Processing /opt/airflow/dags/dbt_to_qdrant_dag.py took 0.228 seconds
[2026-08-11T08:25:59.372+0000] {processor.py:186} INFO - Started process (PID=1476) to work on /opt/airflow/dags/dbt_to_qdrant_dag.py
[2026-08-11T08:25:59.374+0000] {processor.py:914} INFO - Processing file /opt/airflow/dags/dbt_to_qdrant_dag.py for tasks to queue
[2026-08-11T08:25:59.380+0000] {logging_mixin.py:190} INFO - [2026-08-11T08:25:59.379+0000] {dagbag.py:588} INFO - Filling up the DagBag from /opt/airflow/dags/dbt_to_qdrant_dag.py
[2026-08-11T08:25:59.453+0000] {processor.py:925} INFO - DAG(s) 'dbt_to_qdrant_minio_sync' retrieved from /opt/airflow/dags/dbt_to_qdrant_dag.py
[2026-08-11T08:25:59.536+0000] {logging_mixin.py:190} INFO - [2026-08-11T08:25:59.535+0000] {dag.py:3239} INFO - Sync 1 DAGs
[2026-08-11T08:25:59.586+0000] {logging_mixin.py:190} INFO - [2026-08-11T08:25:59.586+0000] {dag.py:4180} INFO - Setting next_dagrun for dbt_to_qdrant_minio_sync to None, run_after=None
[2026-08-11T08:25:59.656+0000] {processor.py:208} INFO - Processing /opt/airflow/dags/dbt_to_qdrant_dag.py took 0.296 seconds
[2026-08-11T08:26:32.432+0000] {processor.py:186} INFO - Started process (PID=1608) to work on /opt/airflow/dags/dbt_to_qdrant_dag.py
[2026-08-11T08:26:32.437+0000] {processor.py:914} INFO - Processing file /opt/airflow/dags/dbt_to_qdrant_dag.py for tasks to queue
[2026-08-11T08:26:32.449+0000] {logging_mixin.py:190} INFO - [2026-08-11T08:26:32.449+0000] {dagbag.py:588} INFO - Filling up the DagBag from /opt/airflow/dags/dbt_to_qdrant_dag.py
[2026-08-11T08:26:32.551+0000] {processor.py:925} INFO - DAG(s) 'dbt_to_qdrant_minio_sync' retrieved from /opt/airflow/dags/dbt_to_qdrant_dag.py
[2026-08-11T08:26:32.633+0000] {logging_mixin.py:190} INFO - [2026-08-11T08:26:32.632+0000] {dag.py:3239} INFO - Sync 1 DAGs
[2026-08-11T08:26:32.698+0000] {logging_mixin.py:190} INFO - [2026-08-11T08:26:32.697+0000] {dag.py:4180} INFO - Setting next_dagrun for dbt_to_qdrant_minio_sync to None, run_after=None
[2026-08-11T08:26:32.783+0000] {processor.py:208} INFO - Processing /opt/airflow/dags/dbt_to_qdrant_dag.py took 0.382 seconds
[2026-08-11T08:27:03.676+0000] {processor.py:186} INFO - Started process (PID=1737) to work on /opt/airflow/dags/dbt_to_qdrant_dag.py
[2026-08-11T08:27:03.679+0000] {processor.py:914} INFO - Processing file /opt/airflow/dags/dbt_to_qdrant_dag.py for tasks to queue
[2026-08-11T08:27:03.683+0000] {logging_mixin.py:190} INFO - [2026-08-11T08:27:03.683+0000] {dagbag.py:588} INFO - Filling up the DagBag from /opt/airflow/dags/dbt_to_qdrant_dag.py
[2026-08-11T08:27:03.751+0000] {processor.py:925} INFO - DAG(s) 'dbt_to_qdrant_minio_sync' retrieved from /opt/airflow/dags/dbt_to_qdrant_dag.py
[2026-08-11T08:27:03.790+0000] {logging_mixin.py:190} INFO - [2026-08-11T08:27:03.790+0000] {dag.py:3239} INFO - Sync 1 DAGs
[2026-08-11T08:27:03.808+0000] {logging_mixin.py:190} INFO - [2026-08-11T08:27:03.808+0000] {dag.py:4180} INFO - Setting next_dagrun for dbt_to_qdrant_minio_sync to None, run_after=None
[2026-08-11T08:27:03.848+0000] {processor.py:208} INFO - Processing /opt/airflow/dags/dbt_to_qdrant_dag.py took 0.186 seconds
[2026-08-11T08:27:34.085+0000] {processor.py:186} INFO - Started process (PID=1850) to work on /opt/airflow/dags/dbt_to_qdrant_dag.py
[2026-08-11T08:27:34.088+0000] {processor.py:914} INFO - Processing file /opt/airflow/dags/dbt_to_qdrant_dag.py for tasks to queue
[2026-08-11T08:27:34.092+0000] {logging_mixin.py:190} INFO - [2026-08-11T08:27:34.092+0000] {dagbag.py:588} INFO - Filling up the DagBag from /opt/airflow/dags/dbt_to_qdrant_dag.py
[2026-08-11T08:27:34.159+0000] {processor.py:925} INFO - DAG(s) 'dbt_to_qdrant_minio_sync' retrieved from /opt/airflow/dags/dbt_to_qdrant_dag.py
[2026-08-11T08:27:34.231+0000] {logging_mixin.py:190} INFO - [2026-08-11T08:27:34.231+0000] {dag.py:3239} INFO - Sync 1 DAGs
[2026-08-11T08:27:34.275+0000] {logging_mixin.py:190} INFO - [2026-08-11T08:27:34.275+0000] {dag.py:4180} INFO - Setting next_dagrun for dbt_to_qdrant_minio_sync to None, run_after=None
[2026-08-11T08:27:34.351+0000] {processor.py:208} INFO - Processing /opt/airflow/dags/dbt_to_qdrant_dag.py took 0.283 seconds
[2026-08-11T08:28:04.629+0000] {processor.py:186} INFO - Started process (PID=1978) to work on /opt/airflow/dags/dbt_to_qdrant_dag.py
[2026-08-11T08:28:04.632+0000] {processor.py:914} INFO - Processing file /opt/airflow/dags/dbt_to_qdrant_dag.py for tasks to queue
[2026-08-11T08:28:04.636+0000] {logging_mixin.py:190} INFO - [2026-08-11T08:28:04.636+0000] {dagbag.py:588} INFO - Filling up the DagBag from /opt/airflow/dags/dbt_to_qdrant_dag.py
[2026-08-11T08:28:04.684+0000] {processor.py:925} INFO - DAG(s) 'dbt_to_qdrant_minio_sync' retrieved from /opt/airflow/dags/dbt_to_qdrant_dag.py
[2026-08-11T08:28:04.731+0000] {logging_mixin.py:190} INFO - [2026-08-11T08:28:04.730+0000] {dag.py:3239} INFO - Sync 1 DAGs
[2026-08-11T08:28:04.752+0000] {logging_mixin.py:190} INFO - [2026-08-11T08:28:04.752+0000] {dag.py:4180} INFO - Setting next_dagrun for dbt_to_qdrant_minio_sync to None, run_after=None
[2026-08-11T08:28:04.782+0000] {processor.py:208} INFO - Processing /opt/airflow/dags/dbt_to_qdrant_dag.py took 0.168 seconds
[2026-08-11T08:28:35.463+0000] {processor.py:186} INFO - Started process (PID=2168) to work on /opt/airflow/dags/dbt_to_qdrant_dag.py
[2026-08-11T08:28:35.470+0000] {processor.py:914} INFO - Processing file /opt/airflow/dags/dbt_to_qdrant_dag.py for tasks to queue
[2026-08-11T08:28:35.484+0000] {logging_mixin.py:190} INFO - [2026-08-11T08:28:35.483+0000] {dagbag.py:588} INFO - Filling up the DagBag from /opt/airflow/dags/dbt_to_qdrant_dag.py
[2026-08-11T08:28:35.607+0000] {processor.py:925} INFO - DAG(s) 'dbt_to_qdrant_minio_sync' retrieved from /opt/airflow/dags/dbt_to_qdrant_dag.py
[2026-08-11T08:28:35.811+0000] {logging_mixin.py:190} INFO - [2026-08-11T08:28:35.810+0000] {dag.py:3239} INFO - Sync 1 DAGs
[2026-08-11T08:28:35.915+0000] {logging_mixin.py:190} INFO - [2026-08-11T08:28:35.914+0000] {dag.py:4180} INFO - Setting next_dagrun for dbt_to_qdrant_minio_sync to None, run_after=None
[2026-08-11T09:01:15.783+0000] {processor.py:186} INFO - Started process (PID=206) to work on /opt/airflow/dags/dbt_to_qdrant_dag.py
[2026-08-11T09:01:15.793+0000] {processor.py:914} INFO - Processing file /opt/airflow/dags/dbt_to_qdrant_dag.py for tasks to queue
[2026-08-11T09:01:15.803+0000] {logging_mixin.py:190} INFO - [2026-08-11T09:01:15.802+0000] {dagbag.py:588} INFO - Filling up the DagBag from /opt/airflow/dags/dbt_to_qdrant_dag.py
[2026-08-11T09:01:15.996+0000] {processor.py:925} INFO - DAG(s) 'dbt_to_qdrant_minio_sync' retrieved from /opt/airflow/dags/dbt_to_qdrant_dag.py
[2026-08-11T09:01:16.193+0000] {logging_mixin.py:190} INFO - [2026-08-11T09:01:16.193+0000] {dag.py:3239} INFO - Sync 1 DAGs
[2026-08-11T09:01:16.298+0000] {logging_mixin.py:190} INFO - [2026-08-11T09:01:16.298+0000] {dag.py:4180} INFO - Setting next_dagrun for dbt_to_qdrant_minio_sync to None, run_after=None
[2026-08-11T09:01:16.355+0000] {processor.py:208} INFO - Processing /opt/airflow/dags/dbt_to_qdrant_dag.py took 0.633 seconds
[2026-08-11T09:01:47.809+0000] {processor.py:186} INFO - Started process (PID=337) to work on /opt/airflow/dags/dbt_to_qdrant_dag.py
[2026-08-11T09:01:47.811+0000] {processor.py:914} INFO - Processing file /opt/airflow/dags/dbt_to_qdrant_dag.py for tasks to queue
[2026-08-11T09:01:47.814+0000] {logging_mixin.py:190} INFO - [2026-08-11T09:01:47.814+0000] {dagbag.py:588} INFO - Filling up the DagBag from /opt/airflow/dags/dbt_to_qdrant_dag.py
[2026-08-11T09:01:47.860+0000] {processor.py:925} INFO - DAG(s) 'dbt_to_qdrant_minio_sync' retrieved from /opt/airflow/dags/dbt_to_qdrant_dag.py
[2026-08-11T09:01:47.914+0000] {logging_mixin.py:190} INFO - [2026-08-11T09:01:47.913+0000] {dag.py:3239} INFO - Sync 1 DAGs
[2026-08-11T09:01:47.938+0000] {logging_mixin.py:190} INFO - [2026-08-11T09:01:47.938+0000] {dag.py:4180} INFO - Setting next_dagrun for dbt_to_qdrant_minio_sync to None, run_after=None
[2026-08-11T09:01:47.979+0000] {processor.py:208} INFO - Processing /opt/airflow/dags/dbt_to_qdrant_dag.py took 0.181 seconds
[2026-08-11T09:02:18.328+0000] {processor.py:186} INFO - Started process (PID=463) to work on /opt/airflow/dags/dbt_to_qdrant_dag.py
[2026-08-11T09:02:18.330+0000] {processor.py:914} INFO - Processing file /opt/airflow/dags/dbt_to_qdrant_dag.py for tasks to queue
[2026-08-11T09:02:18.340+0000] {logging_mixin.py:190} INFO - [2026-08-11T09:02:18.339+0000] {dagbag.py:588} INFO - Filling up the DagBag from /opt/airflow/dags/dbt_to_qdrant_dag.py
[2026-08-11T09:02:18.416+0000] {processor.py:925} INFO - DAG(s) 'dbt_to_qdrant_minio_sync' retrieved from /opt/airflow/dags/dbt_to_qdrant_dag.py
[2026-08-11T09:02:18.505+0000] {logging_mixin.py:190} INFO - [2026-08-11T09:02:18.504+0000] {dag.py:3239} INFO - Sync 1 DAGs
[2026-08-11T09:02:18.557+0000] {logging_mixin.py:190} INFO - [2026-08-11T09:02:18.557+0000] {dag.py:4180} INFO - Setting next_dagrun for dbt_to_qdrant_minio_sync to None, run_after=None
[2026-08-11T09:02:18.620+0000] {processor.py:208} INFO - Processing /opt/airflow/dags/dbt_to_qdrant_dag.py took 0.306 seconds
[2026-08-11T09:02:50.384+0000] {processor.py:186} INFO - Started process (PID=578) to work on /opt/airflow/dags/dbt_to_qdrant_dag.py
[2026-08-11T09:02:50.388+0000] {processor.py:914} INFO - Processing file /opt/airflow/dags/dbt_to_qdrant_dag.py for tasks to queue
[2026-08-11T09:02:50.397+0000] {logging_mixin.py:190} INFO - [2026-08-11T09:02:50.396+0000] {dagbag.py:588} INFO - Filling up the DagBag from /opt/airflow/dags/dbt_to_qdrant_dag.py
[2026-08-11T09:02:50.476+0000] {processor.py:925} INFO - DAG(s) 'dbt_to_qdrant_minio_sync' retrieved from /opt/airflow/dags/dbt_to_qdrant_dag.py
[2026-08-11T09:02:50.574+0000] {logging_mixin.py:190} INFO - [2026-08-11T09:02:50.573+0000] {dag.py:3239} INFO - Sync 1 DAGs
[2026-08-11T09:02:50.625+0000] {logging_mixin.py:190} INFO - [2026-08-11T09:02:50.624+0000] {dag.py:4180} INFO - Setting next_dagrun for dbt_to_qdrant_minio_sync to None, run_after=None
[2026-08-11T09:02:50.684+0000] {processor.py:208} INFO - Processing /opt/airflow/dags/dbt_to_qdrant_dag.py took 0.314 seconds
[2026-08-11T09:03:21.825+0000] {processor.py:186} INFO - Started process (PID=706) to work on /opt/airflow/dags/dbt_to_qdrant_dag.py
[2026-08-11T09:03:21.829+0000] {processor.py:914} INFO - Processing file /opt/airflow/dags/dbt_to_qdrant_dag.py for tasks to queue
[2026-08-11T09:03:21.837+0000] {logging_mixin.py:190} INFO - [2026-08-11T09:03:21.836+0000] {dagbag.py:588} INFO - Filling up the DagBag from /opt/airflow/dags/dbt_to_qdrant_dag.py
[2026-08-11T09:03:21.933+0000] {processor.py:925} INFO - DAG(s) 'dbt_to_qdrant_minio_sync' retrieved from /opt/airflow/dags/dbt_to_qdrant_dag.py
[2026-08-11T09:03:22.045+0000] {logging_mixin.py:190} INFO - [2026-08-11T09:03:22.044+0000] {dag.py:3239} INFO - Sync 1 DAGs
[2026-08-11T09:03:22.140+0000] {logging_mixin.py:190} INFO - [2026-08-11T09:03:22.140+0000] {dag.py:4180} INFO - Setting next_dagrun for dbt_to_qdrant_minio_sync to None, run_after=None
[2026-08-11T09:03:22.230+0000] {processor.py:208} INFO - Processing /opt/airflow/dags/dbt_to_qdrant_dag.py took 0.425 seconds
[2026-08-11T09:03:52.641+0000] {processor.py:186} INFO - Started process (PID=832) to work on /opt/airflow/dags/dbt_to_qdrant_dag.py
[2026-08-11T09:03:52.644+0000] {processor.py:914} INFO - Processing file /opt/airflow/dags/dbt_to_qdrant_dag.py for tasks to queue
[2026-08-11T09:03:52.653+0000] {logging_mixin.py:190} INFO - [2026-08-11T09:03:52.652+0000] {dagbag.py:588} INFO - Filling up the DagBag from /opt/airflow/dags/dbt_to_qdrant_dag.py
[2026-08-11T09:03:52.760+0000] {processor.py:925} INFO - DAG(s) 'dbt_to_qdrant_minio_sync' retrieved from /opt/airflow/dags/dbt_to_qdrant_dag.py
[2026-08-11T09:03:52.865+0000] {logging_mixin.py:190} INFO - [2026-08-11T09:03:52.864+0000] {dag.py:3239} INFO - Sync 1 DAGs
[2026-08-11T09:03:52.928+0000] {logging_mixin.py:190} INFO - [2026-08-11T09:03:52.927+0000] {dag.py:4180} INFO - Setting next_dagrun for dbt_to_qdrant_minio_sync to None, run_after=None
[2026-08-11T09:03:53.020+0000] {processor.py:208} INFO - Processing /opt/airflow/dags/dbt_to_qdrant_dag.py took 0.398 seconds
[2026-08-11T09:09:01.418+0000] {processor.py:186} INFO - Started process (PID=207) to work on /opt/airflow/dags/dbt_to_qdrant_dag.py
[2026-08-11T09:09:01.420+0000] {processor.py:914} INFO - Processing file /opt/airflow/dags/dbt_to_qdrant_dag.py for tasks to queue
[2026-08-11T09:09:01.426+0000] {logging_mixin.py:190} INFO - [2026-08-11T09:09:01.425+0000] {dagbag.py:588} INFO - Filling up the DagBag from /opt/airflow/dags/dbt_to_qdrant_dag.py
[2026-08-11T09:09:01.490+0000] {processor.py:925} INFO - DAG(s) 'dbt_to_qdrant_minio_sync' retrieved from /opt/airflow/dags/dbt_to_qdrant_dag.py
[2026-08-11T09:09:01.650+0000] {logging_mixin.py:190} INFO - [2026-08-11T09:09:01.648+0000] {override.py:1900} INFO - Created Permission View: can edit on DAG:dbt_to_qdrant_minio_sync
[2026-08-11T09:09:01.675+0000] {logging_mixin.py:190} INFO - [2026-08-11T09:09:01.674+0000] {override.py:1900} INFO - Created Permission View: can delete on DAG:dbt_to_qdrant_minio_sync
[2026-08-11T09:09:01.696+0000] {logging_mixin.py:190} INFO - [2026-08-11T09:09:01.694+0000] {override.py:1900} INFO - Created Permission View: can read on DAG:dbt_to_qdrant_minio_sync
[2026-08-11T09:09:01.717+0000] {logging_mixin.py:190} INFO - [2026-08-11T09:09:01.717+0000] {override.py:1900} INFO - Created Permission View: menu access on DAG Run:dbt_to_qdrant_minio_sync
[2026-08-11T09:09:01.735+0000] {logging_mixin.py:190} INFO - [2026-08-11T09:09:01.734+0000] {override.py:1900} INFO - Created Permission View: can delete on DAG Run:dbt_to_qdrant_minio_sync
[2026-08-11T09:09:01.757+0000] {logging_mixin.py:190} INFO - [2026-08-11T09:09:01.756+0000] {override.py:1900} INFO - Created Permission View: can create on DAG Run:dbt_to_qdrant_minio_sync
[2026-08-11T09:09:01.776+0000] {logging_mixin.py:190} INFO - [2026-08-11T09:09:01.775+0000] {override.py:1900} INFO - Created Permission View: can read on DAG Run:dbt_to_qdrant_minio_sync
[2026-08-11T09:09:01.777+0000] {logging_mixin.py:190} INFO - [2026-08-11T09:09:01.777+0000] {dag.py:3239} INFO - Sync 1 DAGs
[2026-08-11T09:09:01.826+0000] {logging_mixin.py:190} INFO - [2026-08-11T09:09:01.825+0000] {dag.py:3262} INFO - Creating ORM DAG for dbt_to_qdrant_minio_sync
[2026-08-11T09:09:01.827+0000] {logging_mixin.py:190} INFO - [2026-08-11T09:09:01.827+0000] {dag.py:4180} INFO - Setting next_dagrun for dbt_to_qdrant_minio_sync to None, run_after=None
[2026-08-11T09:09:01.876+0000] {processor.py:208} INFO - Processing /opt/airflow/dags/dbt_to_qdrant_dag.py took 0.473 seconds
[2026-08-11T09:09:33.857+0000] {processor.py:186} INFO - Started process (PID=339) to work on /opt/airflow/dags/dbt_to_qdrant_dag.py
[2026-08-11T09:09:33.861+0000] {processor.py:914} INFO - Processing file /opt/airflow/dags/dbt_to_qdrant_dag.py for tasks to queue
[2026-08-11T09:09:33.866+0000] {logging_mixin.py:190} INFO - [2026-08-11T09:09:33.865+0000] {dagbag.py:588} INFO - Filling up the DagBag from /opt/airflow/dags/dbt_to_qdrant_dag.py
[2026-08-11T09:09:33.930+0000] {processor.py:925} INFO - DAG(s) 'dbt_to_qdrant_minio_sync' retrieved from /opt/airflow/dags/dbt_to_qdrant_dag.py
[2026-08-11T09:09:34.010+0000] {logging_mixin.py:190} INFO - [2026-08-11T09:09:34.010+0000] {dag.py:3239} INFO - Sync 1 DAGs
[2026-08-11T09:09:34.061+0000] {logging_mixin.py:190} INFO - [2026-08-11T09:09:34.061+0000] {dag.py:4180} INFO - Setting next_dagrun for dbt_to_qdrant_minio_sync to None, run_after=None
[2026-08-11T09:09:34.124+0000] {processor.py:208} INFO - Processing /opt/airflow/dags/dbt_to_qdrant_dag.py took 0.292 seconds
[2026-08-11T09:10:04.379+0000] {processor.py:186} INFO - Started process (PID=464) to work on /opt/airflow/dags/dbt_to_qdrant_dag.py
[2026-08-11T09:10:04.380+0000] {processor.py:914} INFO - Processing file /opt/airflow/dags/dbt_to_qdrant_dag.py for tasks to queue
[2026-08-11T09:10:04.385+0000] {logging_mixin.py:190} INFO - [2026-08-11T09:10:04.385+0000] {dagbag.py:588} INFO - Filling up the DagBag from /opt/airflow/dags/dbt_to_qdrant_dag.py
[2026-08-11T09:10:04.435+0000] {processor.py:925} INFO - DAG(s) 'dbt_to_qdrant_minio_sync' retrieved from /opt/airflow/dags/dbt_to_qdrant_dag.py
[2026-08-11T09:10:04.471+0000] {logging_mixin.py:190} INFO - [2026-08-11T09:10:04.471+0000] {dag.py:3239} INFO - Sync 1 DAGs
[2026-08-11T09:10:04.495+0000] {logging_mixin.py:190} INFO - [2026-08-11T09:10:04.495+0000] {dag.py:4180} INFO - Setting next_dagrun for dbt_to_qdrant_minio_sync to None, run_after=None
[2026-08-11T09:10:04.555+0000] {processor.py:208} INFO - Processing /opt/airflow/dags/dbt_to_qdrant_dag.py took 0.183 seconds
[2026-08-11T09:10:36.175+0000] {processor.py:186} INFO - Started process (PID=596) to work on /opt/airflow/dags/dbt_to_qdrant_dag.py
[2026-08-11T09:10:36.177+0000] {processor.py:914} INFO - Processing file /opt/airflow/dags/dbt_to_qdrant_dag.py for tasks to queue
[2026-08-11T09:10:36.183+0000] {logging_mixin.py:190} INFO - [2026-08-11T09:10:36.183+0000] {dagbag.py:588} INFO - Filling up the DagBag from /opt/airflow/dags/dbt_to_qdrant_dag.py
[2026-08-11T09:10:36.231+0000] {processor.py:925} INFO - DAG(s) 'dbt_to_qdrant_minio_sync' retrieved from /opt/airflow/dags/dbt_to_qdrant_dag.py
[2026-08-11T09:10:36.285+0000] {logging_mixin.py:190} INFO - [2026-08-11T09:10:36.284+0000] {dag.py:3239} INFO - Sync 1 DAGs
[2026-08-11T09:10:36.316+0000] {logging_mixin.py:190} INFO - [2026-08-11T09:10:36.315+0000] {dag.py:4180} INFO - Setting next_dagrun for dbt_to_qdrant_minio_sync to None, run_after=None
[2026-08-11T09:10:36.352+0000] {processor.py:208} INFO - Processing /opt/airflow/dags/dbt_to_qdrant_dag.py took 0.187 seconds
[2026-08-11T09:11:07.563+0000] {processor.py:186} INFO - Started process (PID=725) to work on /opt/airflow/dags/dbt_to_qdrant_dag.py
[2026-08-11T09:11:07.565+0000] {processor.py:914} INFO - Processing file /opt/airflow/dags/dbt_to_qdrant_dag.py for tasks to queue
[2026-08-11T09:11:07.570+0000] {logging_mixin.py:190} INFO - [2026-08-11T09:11:07.569+0000] {dagbag.py:588} INFO - Filling up the DagBag from /opt/airflow/dags/dbt_to_qdrant_dag.py
[2026-08-11T09:11:07.622+0000] {processor.py:925} INFO - DAG(s) 'dbt_to_qdrant_minio_sync' retrieved from /opt/airflow/dags/dbt_to_qdrant_dag.py
[2026-08-11T09:11:07.677+0000] {logging_mixin.py:190} INFO - [2026-08-11T09:11:07.676+0000] {dag.py:3239} INFO - Sync 1 DAGs
[2026-08-11T09:11:07.700+0000] {logging_mixin.py:190} INFO - [2026-08-11T09:11:07.699+0000] {dag.py:4180} INFO - Setting next_dagrun for dbt_to_qdrant_minio_sync to None, run_after=None
[2026-08-11T09:11:07.737+0000] {processor.py:208} INFO - Processing /opt/airflow/dags/dbt_to_qdrant_dag.py took 0.185 seconds
[2026-08-11T09:11:38.225+0000] {processor.py:186} INFO - Started process (PID=862) to work on /opt/airflow/dags/dbt_to_qdrant_dag.py
[2026-08-11T09:11:38.227+0000] {processor.py:914} INFO - Processing file /opt/airflow/dags/dbt_to_qdrant_dag.py for tasks to queue
[2026-08-11T09:11:38.233+0000] {logging_mixin.py:190} INFO - [2026-08-11T09:11:38.232+0000] {dagbag.py:588} INFO - Filling up the DagBag from /opt/airflow/dags/dbt_to_qdrant_dag.py
[2026-08-11T09:11:38.287+0000] {processor.py:925} INFO - DAG(s) 'dbt_to_qdrant_minio_sync' retrieved from /opt/airflow/dags/dbt_to_qdrant_dag.py
[2026-08-11T09:11:38.334+0000] {logging_mixin.py:190} INFO - [2026-08-11T09:11:38.333+0000] {dag.py:3239} INFO - Sync 1 DAGs
[2026-08-11T09:11:38.361+0000] {logging_mixin.py:190} INFO - [2026-08-11T09:11:38.360+0000] {dag.py:4180} INFO - Setting next_dagrun for dbt_to_qdrant_minio_sync to None, run_after=None
[2026-08-11T09:11:38.396+0000] {processor.py:208} INFO - Processing /opt/airflow/dags/dbt_to_qdrant_dag.py took 0.184 seconds
[2026-08-11T09:12:10.413+0000] {processor.py:186} INFO - Started process (PID=995) to work on /opt/airflow/dags/dbt_to_qdrant_dag.py
[2026-08-11T09:12:10.415+0000] {processor.py:914} INFO - Processing file /opt/airflow/dags/dbt_to_qdrant_dag.py for tasks to queue
[2026-08-11T09:12:10.419+0000] {logging_mixin.py:190} INFO - [2026-08-11T09:12:10.419+0000] {dagbag.py:588} INFO - Filling up the DagBag from /opt/airflow/dags/dbt_to_qdrant_dag.py
[2026-08-11T09:12:10.470+0000] {processor.py:925} INFO - DAG(s) 'dbt_to_qdrant_minio_sync' retrieved from /opt/airflow/dags/dbt_to_qdrant_dag.py
[2026-08-11T09:12:10.513+0000] {logging_mixin.py:190} INFO - [2026-08-11T09:12:10.513+0000] {dag.py:3239} INFO - Sync 1 DAGs
[2026-08-11T09:12:10.539+0000] {logging_mixin.py:190} INFO - [2026-08-11T09:12:10.539+0000] {dag.py:4180} INFO - Setting next_dagrun for dbt_to_qdrant_minio_sync to None, run_after=None
[2026-08-11T09:12:10.577+0000] {processor.py:208} INFO - Processing /opt/airflow/dags/dbt_to_qdrant_dag.py took 0.174 seconds
[2026-08-11T09:12:40.723+0000] {processor.py:186} INFO - Started process (PID=1121) to work on /opt/airflow/dags/dbt_to_qdrant_dag.py
[2026-08-11T09:12:40.725+0000] {processor.py:914} INFO - Processing file /opt/airflow/dags/dbt_to_qdrant_dag.py for tasks to queue
[2026-08-11T09:12:40.729+0000] {logging_mixin.py:190} INFO - [2026-08-11T09:12:40.728+0000] {dagbag.py:588} INFO - Filling up the DagBag from /opt/airflow/dags/dbt_to_qdrant_dag.py
[2026-08-11T09:12:40.766+0000] {processor.py:925} INFO - DAG(s) 'dbt_to_qdrant_minio_sync' retrieved from /opt/airflow/dags/dbt_to_qdrant_dag.py
[2026-08-11T09:12:40.796+0000] {logging_mixin.py:190} INFO - [2026-08-11T09:12:40.796+0000] {dag.py:3239} INFO - Sync 1 DAGs
[2026-08-11T09:12:40.813+0000] {logging_mixin.py:190} INFO - [2026-08-11T09:12:40.813+0000] {dag.py:4180} INFO - Setting next_dagrun for dbt_to_qdrant_minio_sync to None, run_after=None
[2026-08-11T09:12:40.848+0000] {processor.py:208} INFO - Processing /opt/airflow/dags/dbt_to_qdrant_dag.py took 0.131 seconds
[2026-08-11T09:13:13.608+0000] {processor.py:186} INFO - Started process (PID=1253) to work on /opt/airflow/dags/dbt_to_qdrant_dag.py
[2026-08-11T09:13:13.611+0000] {processor.py:914} INFO - Processing file /opt/airflow/dags/dbt_to_qdrant_dag.py for tasks to queue
[2026-08-11T09:13:13.615+0000] {logging_mixin.py:190} INFO - [2026-08-11T09:13:13.615+0000] {dagbag.py:588} INFO - Filling up the DagBag from /opt/airflow/dags/dbt_to_qdrant_dag.py
[2026-08-11T09:13:13.669+0000] {processor.py:925} INFO - DAG(s) 'dbt_to_qdrant_minio_sync' retrieved from /opt/airflow/dags/dbt_to_qdrant_dag.py
[2026-08-11T09:13:13.724+0000] {logging_mixin.py:190} INFO - [2026-08-11T09:13:13.724+0000] {dag.py:3239} INFO - Sync 1 DAGs
[2026-08-11T09:13:13.755+0000] {logging_mixin.py:190} INFO - [2026-08-11T09:13:13.754+0000] {dag.py:4180} INFO - Setting next_dagrun for dbt_to_qdrant_minio_sync to None, run_after=None
[2026-08-11T09:13:13.799+0000] {processor.py:208} INFO - Processing /opt/airflow/dags/dbt_to_qdrant_dag.py took 0.204 seconds
[2026-08-11T09:13:46.045+0000] {processor.py:186} INFO - Started process (PID=1381) to work on /opt/airflow/dags/dbt_to_qdrant_dag.py
[2026-08-11T09:13:46.047+0000] {processor.py:914} INFO - Processing file /opt/airflow/dags/dbt_to_qdrant_dag.py for tasks to queue
[2026-08-11T09:13:46.056+0000] {logging_mixin.py:190} INFO - [2026-08-11T09:13:46.055+0000] {dagbag.py:588} INFO - Filling up the DagBag from /opt/airflow/dags/dbt_to_qdrant_dag.py
[2026-08-11T09:13:46.163+0000] {processor.py:925} INFO - DAG(s) 'dbt_to_qdrant_minio_sync' retrieved from /opt/airflow/dags/dbt_to_qdrant_dag.py
[2026-08-11T09:13:46.246+0000] {logging_mixin.py:190} INFO - [2026-08-11T09:13:46.245+0000] {dag.py:3239} INFO - Sync 1 DAGs
[2026-08-11T09:13:46.286+0000] {logging_mixin.py:190} INFO - [2026-08-11T09:13:46.286+0000] {dag.py:4180} INFO - Setting next_dagrun for dbt_to_qdrant_minio_sync to None, run_after=None
[2026-08-11T09:13:46.333+0000] {processor.py:208} INFO - Processing /opt/airflow/dags/dbt_to_qdrant_dag.py took 0.315 seconds
[2026-08-11T09:14:16.696+0000] {processor.py:186} INFO - Started process (PID=1506) to work on /opt/airflow/dags/dbt_to_qdrant_dag.py
[2026-08-11T09:14:16.700+0000] {processor.py:914} INFO - Processing file /opt/airflow/dags/dbt_to_qdrant_dag.py for tasks to queue
[2026-08-11T09:14:16.707+0000] {logging_mixin.py:190} INFO - [2026-08-11T09:14:16.707+0000] {dagbag.py:588} INFO - Filling up the DagBag from /opt/airflow/dags/dbt_to_qdrant_dag.py
[2026-08-11T09:14:16.813+0000] {processor.py:925} INFO - DAG(s) 'dbt_to_qdrant_minio_sync' retrieved from /opt/airflow/dags/dbt_to_qdrant_dag.py
[2026-08-11T09:14:16.913+0000] {logging_mixin.py:190} INFO - [2026-08-11T09:14:16.912+0000] {dag.py:3239} INFO - Sync 1 DAGs
[2026-08-11T09:14:16.976+0000] {logging_mixin.py:190} INFO - [2026-08-11T09:14:16.975+0000] {dag.py:4180} INFO - Setting next_dagrun for dbt_to_qdrant_minio_sync to None, run_after=None
[2026-08-11T09:14:17.041+0000] {processor.py:208} INFO - Processing /opt/airflow/dags/dbt_to_qdrant_dag.py took 0.370 seconds
[2026-08-11T09:14:47.422+0000] {processor.py:186} INFO - Started process (PID=1637) to work on /opt/airflow/dags/dbt_to_qdrant_dag.py
[2026-08-11T09:14:47.425+0000] {processor.py:914} INFO - Processing file /opt/airflow/dags/dbt_to_qdrant_dag.py for tasks to queue
[2026-08-11T09:14:47.432+0000] {logging_mixin.py:190} INFO - [2026-08-11T09:14:47.431+0000] {dagbag.py:588} INFO - Filling up the DagBag from /opt/airflow/dags/dbt_to_qdrant_dag.py
[2026-08-11T09:14:47.491+0000] {processor.py:925} INFO - DAG(s) 'dbt_to_qdrant_minio_sync' retrieved from /opt/airflow/dags/dbt_to_qdrant_dag.py
[2026-08-11T09:14:47.567+0000] {logging_mixin.py:190} INFO - [2026-08-11T09:14:47.566+0000] {dag.py:3239} INFO - Sync 1 DAGs
[2026-08-11T09:14:47.603+0000] {logging_mixin.py:190} INFO - [2026-08-11T09:14:47.602+0000] {dag.py:4180} INFO - Setting next_dagrun for dbt_to_qdrant_minio_sync to None, run_after=None
[2026-08-11T09:14:47.652+0000] {processor.py:208} INFO - Processing /opt/airflow/dags/dbt_to_qdrant_dag.py took 0.242 seconds
[2026-08-11T09:15:18.055+0000] {processor.py:186} INFO - Started process (PID=1779) to work on /opt/airflow/dags/dbt_to_qdrant_dag.py
[2026-08-11T09:15:18.058+0000] {processor.py:914} INFO - Processing file /opt/airflow/dags/dbt_to_qdrant_dag.py for tasks to queue
[2026-08-11T09:15:18.061+0000] {logging_mixin.py:190} INFO - [2026-08-11T09:15:18.061+0000] {dagbag.py:588} INFO - Filling up the DagBag from /opt/airflow/dags/dbt_to_qdrant_dag.py
[2026-08-11T09:15:18.112+0000] {processor.py:925} INFO - DAG(s) 'dbt_to_qdrant_minio_sync' retrieved from /opt/airflow/dags/dbt_to_qdrant_dag.py
[2026-08-11T09:15:18.168+0000] {logging_mixin.py:190} INFO - [2026-08-11T09:15:18.167+0000] {dag.py:3239} INFO - Sync 1 DAGs
[2026-08-11T09:15:18.195+0000] {logging_mixin.py:190} INFO - [2026-08-11T09:15:18.195+0000] {dag.py:4180} INFO - Setting next_dagrun for dbt_to_qdrant_minio_sync to None, run_after=None
[2026-08-11T09:15:18.244+0000] {processor.py:208} INFO - Processing /opt/airflow/dags/dbt_to_qdrant_dag.py took 0.198 seconds
[2026-08-11T09:15:49.742+0000] {processor.py:186} INFO - Started process (PID=1909) to work on /opt/airflow/dags/dbt_to_qdrant_dag.py
[2026-08-11T09:15:49.745+0000] {processor.py:914} INFO - Processing file /opt/airflow/dags/dbt_to_qdrant_dag.py for tasks to queue
[2026-08-11T09:15:49.752+0000] {logging_mixin.py:190} INFO - [2026-08-11T09:15:49.751+0000] {dagbag.py:588} INFO - Filling up the DagBag from /opt/airflow/dags/dbt_to_qdrant_dag.py
[2026-08-11T09:15:49.800+0000] {processor.py:925} INFO - DAG(s) 'dbt_to_qdrant_minio_sync' retrieved from /opt/airflow/dags/dbt_to_qdrant_dag.py
[2026-08-11T09:15:49.849+0000] {logging_mixin.py:190} INFO - [2026-08-11T09:15:49.848+0000] {dag.py:3239} INFO - Sync 1 DAGs
[2026-08-11T09:15:49.888+0000] {logging_mixin.py:190} INFO - [2026-08-11T09:15:49.887+0000] {dag.py:4180} INFO - Setting next_dagrun for dbt_to_qdrant_minio_sync to None, run_after=None
[2026-08-11T09:15:49.938+0000] {processor.py:208} INFO - Processing /opt/airflow/dags/dbt_to_qdrant_dag.py took 0.219 seconds
[2026-08-11T09:16:22.055+0000] {processor.py:186} INFO - Started process (PID=2037) to work on /opt/airflow/dags/dbt_to_qdrant_dag.py
[2026-08-11T09:16:22.058+0000] {processor.py:914} INFO - Processing file /opt/airflow/dags/dbt_to_qdrant_dag.py for tasks to queue
[2026-08-11T09:16:22.066+0000] {logging_mixin.py:190} INFO - [2026-08-11T09:16:22.065+0000] {dagbag.py:588} INFO - Filling up the DagBag from /opt/airflow/dags/dbt_to_qdrant_dag.py
[2026-08-11T09:16:22.137+0000] {processor.py:925} INFO - DAG(s) 'dbt_to_qdrant_minio_sync' retrieved from /opt/airflow/dags/dbt_to_qdrant_dag.py
[2026-08-11T09:16:22.216+0000] {logging_mixin.py:190} INFO - [2026-08-11T09:16:22.215+0000] {dag.py:3239} INFO - Sync 1 DAGs
[2026-08-11T09:16:22.257+0000] {logging_mixin.py:190} INFO - [2026-08-11T09:16:22.256+0000] {dag.py:4180} INFO - Setting next_dagrun for dbt_to_qdrant_minio_sync to None, run_after=None
[2026-08-11T09:16:22.307+0000] {processor.py:208} INFO - Processing /opt/airflow/dags/dbt_to_qdrant_dag.py took 0.269 seconds
[2026-08-11T09:16:53.042+0000] {processor.py:186} INFO - Started process (PID=2162) to work on /opt/airflow/dags/dbt_to_qdrant_dag.py
[2026-08-11T09:16:53.044+0000] {processor.py:914} INFO - Processing file /opt/airflow/dags/dbt_to_qdrant_dag.py for tasks to queue
[2026-08-11T09:16:53.049+0000] {logging_mixin.py:190} INFO - [2026-08-11T09:16:53.049+0000] {dagbag.py:588} INFO - Filling up the DagBag from /opt/airflow/dags/dbt_to_qdrant_dag.py
[2026-08-11T09:16:53.109+0000] {processor.py:925} INFO - DAG(s) 'dbt_to_qdrant_minio_sync' retrieved from /opt/airflow/dags/dbt_to_qdrant_dag.py
[2026-08-11T09:16:53.175+0000] {logging_mixin.py:190} INFO - [2026-08-11T09:16:53.174+0000] {dag.py:3239} INFO - Sync 1 DAGs
[2026-08-11T09:16:53.215+0000] {logging_mixin.py:190} INFO - [2026-08-11T09:16:53.214+0000] {dag.py:4180} INFO - Setting next_dagrun for dbt_to_qdrant_minio_sync to None, run_after=None
[2026-08-11T09:16:53.275+0000] {processor.py:208} INFO - Processing /opt/airflow/dags/dbt_to_qdrant_dag.py took 0.250 seconds
[2026-08-11T09:17:23.418+0000] {processor.py:186} INFO - Started process (PID=2277) to work on /opt/airflow/dags/dbt_to_qdrant_dag.py
[2026-08-11T09:17:23.420+0000] {processor.py:914} INFO - Processing file /opt/airflow/dags/dbt_to_qdrant_dag.py for tasks to queue
[2026-08-11T09:17:23.427+0000] {logging_mixin.py:190} INFO - [2026-08-11T09:17:23.426+0000] {dagbag.py:588} INFO - Filling up the DagBag from /opt/airflow/dags/dbt_to_qdrant_dag.py
[2026-08-11T09:17:23.499+0000] {processor.py:925} INFO - DAG(s) 'dbt_to_qdrant_minio_sync' retrieved from /opt/airflow/dags/dbt_to_qdrant_dag.py
[2026-08-11T09:17:23.559+0000] {logging_mixin.py:190} INFO - [2026-08-11T09:17:23.558+0000] {dag.py:3239} INFO - Sync 1 DAGs
[2026-08-11T09:17:23.589+0000] {logging_mixin.py:190} INFO - [2026-08-11T09:17:23.589+0000] {dag.py:4180} INFO - Setting next_dagrun for dbt_to_qdrant_minio_sync to None, run_after=None
[2026-08-11T09:17:23.641+0000] {processor.py:208} INFO - Processing /opt/airflow/dags/dbt_to_qdrant_dag.py took 0.236 seconds
[2026-08-11T09:17:54.350+0000] {processor.py:186} INFO - Started process (PID=2526) to work on /opt/airflow/dags/dbt_to_qdrant_dag.py
[2026-08-11T09:17:54.367+0000] {processor.py:914} INFO - Processing file /opt/airflow/dags/dbt_to_qdrant_dag.py for tasks to queue
[2026-08-11T09:17:54.398+0000] {logging_mixin.py:190} INFO - [2026-08-11T09:17:54.397+0000] {dagbag.py:588} INFO - Filling up the DagBag from /opt/airflow/dags/dbt_to_qdrant_dag.py
[2026-08-11T09:17:54.676+0000] {processor.py:925} INFO - DAG(s) 'dbt_to_qdrant_minio_sync' retrieved from /opt/airflow/dags/dbt_to_qdrant_dag.py
[2026-08-11T09:17:54.802+0000] {logging_mixin.py:190} INFO - [2026-08-11T09:17:54.802+0000] {dag.py:3239} INFO - Sync 1 DAGs
[2026-08-11T09:17:54.874+0000] {logging_mixin.py:190} INFO - [2026-08-11T09:17:54.864+0000] {dag.py:4180} INFO - Setting next_dagrun for dbt_to_qdrant_minio_sync to None, run_after=None
[2026-08-11T09:17:54.956+0000] {processor.py:208} INFO - Processing /opt/airflow/dags/dbt_to_qdrant_dag.py took 0.659 seconds
[2026-08-11T09:18:25.137+0000] {processor.py:186} INFO - Started process (PID=2689) to work on /opt/airflow/dags/dbt_to_qdrant_dag.py
[2026-08-11T09:18:25.141+0000] {processor.py:914} INFO - Processing file /opt/airflow/dags/dbt_to_qdrant_dag.py for tasks to queue
[2026-08-11T09:18:25.146+0000] {logging_mixin.py:190} INFO - [2026-08-11T09:18:25.145+0000] {dagbag.py:588} INFO - Filling up the DagBag from /opt/airflow/dags/dbt_to_qdrant_dag.py
[2026-08-11T09:18:25.196+0000] {processor.py:925} INFO - DAG(s) 'dbt_to_qdrant_minio_sync' retrieved from /opt/airflow/dags/dbt_to_qdrant_dag.py
[2026-08-11T09:18:25.242+0000] {logging_mixin.py:190} INFO - [2026-08-11T09:18:25.241+0000] {dag.py:3239} INFO - Sync 1 DAGs
[2026-08-11T09:18:25.267+0000] {logging_mixin.py:190} INFO - [2026-08-11T09:18:25.266+0000] {dag.py:4180} INFO - Setting next_dagrun for dbt_to_qdrant_minio_sync to None, run_after=None
[2026-08-11T09:18:25.303+0000] {processor.py:208} INFO - Processing /opt/airflow/dags/dbt_to_qdrant_dag.py took 0.182 seconds
[2026-08-11T09:18:55.976+0000] {processor.py:186} INFO - Started process (PID=2820) to work on /opt/airflow/dags/dbt_to_qdrant_dag.py
[2026-08-11T09:18:55.982+0000] {processor.py:914} INFO - Processing file /opt/airflow/dags/dbt_to_qdrant_dag.py for tasks to queue
[2026-08-11T09:18:55.997+0000] {logging_mixin.py:190} INFO - [2026-08-11T09:18:55.996+0000] {dagbag.py:588} INFO - Filling up the DagBag from /opt/airflow/dags/dbt_to_qdrant_dag.py
[2026-08-11T09:18:56.073+0000] {processor.py:925} INFO - DAG(s) 'dbt_to_qdrant_minio_sync' retrieved from /opt/airflow/dags/dbt_to_qdrant_dag.py
[2026-08-11T09:18:56.116+0000] {logging_mixin.py:190} INFO - [2026-08-11T09:18:56.116+0000] {dag.py:3239} INFO - Sync 1 DAGs
[2026-08-11T09:18:56.142+0000] {logging_mixin.py:190} INFO - [2026-08-11T09:18:56.142+0000] {dag.py:4180} INFO - Setting next_dagrun for dbt_to_qdrant_minio_sync to None, run_after=None
[2026-08-11T09:18:56.188+0000] {processor.py:208} INFO - Processing /opt/airflow/dags/dbt_to_qdrant_dag.py took 0.245 seconds
[2026-08-11T09:19:26.403+0000] {processor.py:186} INFO - Started process (PID=2947) to work on /opt/airflow/dags/dbt_to_qdrant_dag.py
[2026-08-11T09:19:26.405+0000] {processor.py:914} INFO - Processing file /opt/airflow/dags/dbt_to_qdrant_dag.py for tasks to queue
[2026-08-11T09:19:26.408+0000] {logging_mixin.py:190} INFO - [2026-08-11T09:19:26.407+0000] {dagbag.py:588} INFO - Filling up the DagBag from /opt/airflow/dags/dbt_to_qdrant_dag.py
[2026-08-11T09:19:26.444+0000] {processor.py:925} INFO - DAG(s) 'dbt_to_qdrant_minio_sync' retrieved from /opt/airflow/dags/dbt_to_qdrant_dag.py
[2026-08-11T09:19:26.476+0000] {logging_mixin.py:190} INFO - [2026-08-11T09:19:26.475+0000] {dag.py:3239} INFO - Sync 1 DAGs
[2026-08-11T09:19:26.494+0000] {logging_mixin.py:190} INFO - [2026-08-11T09:19:26.494+0000] {dag.py:4180} INFO - Setting next_dagrun for dbt_to_qdrant_minio_sync to None, run_after=None
[2026-08-11T09:19:26.527+0000] {processor.py:208} INFO - Processing /opt/airflow/dags/dbt_to_qdrant_dag.py took 0.129 seconds
[2026-08-11T09:19:56.691+0000] {processor.py:186} INFO - Started process (PID=3077) to work on /opt/airflow/dags/dbt_to_qdrant_dag.py
[2026-08-11T09:19:56.695+0000] {processor.py:914} INFO - Processing file /opt/airflow/dags/dbt_to_qdrant_dag.py for tasks to queue
[2026-08-11T09:19:56.705+0000] {logging_mixin.py:190} INFO - [2026-08-11T09:19:56.704+0000] {dagbag.py:588} INFO - Filling up the DagBag from /opt/airflow/dags/dbt_to_qdrant_dag.py
[2026-08-11T09:19:56.771+0000] {processor.py:925} INFO - DAG(s) 'dbt_to_qdrant_minio_sync' retrieved from /opt/airflow/dags/dbt_to_qdrant_dag.py
[2026-08-11T09:19:56.833+0000] {logging_mixin.py:190} INFO - [2026-08-11T09:19:56.833+0000] {dag.py:3239} INFO - Sync 1 DAGs
[2026-08-11T09:19:56.848+0000] {logging_mixin.py:190} INFO - [2026-08-11T09:19:56.848+0000] {dag.py:4180} INFO - Setting next_dagrun for dbt_to_qdrant_minio_sync to None, run_after=None
[2026-08-11T09:19:56.873+0000] {processor.py:208} INFO - Processing /opt/airflow/dags/dbt_to_qdrant_dag.py took 0.212 seconds
[2026-08-11T09:20:27.076+0000] {processor.py:186} INFO - Started process (PID=3205) to work on /opt/airflow/dags/dbt_to_qdrant_dag.py
[2026-08-11T09:20:27.077+0000] {processor.py:914} INFO - Processing file /opt/airflow/dags/dbt_to_qdrant_dag.py for tasks to queue
[2026-08-11T09:20:27.080+0000] {logging_mixin.py:190} INFO - [2026-08-11T09:20:27.080+0000] {dagbag.py:588} INFO - Filling up the DagBag from /opt/airflow/dags/dbt_to_qdrant_dag.py
[2026-08-11T09:20:27.115+0000] {processor.py:925} INFO - DAG(s) 'dbt_to_qdrant_minio_sync' retrieved from /opt/airflow/dags/dbt_to_qdrant_dag.py
[2026-08-11T09:20:27.154+0000] {logging_mixin.py:190} INFO - [2026-08-11T09:20:27.154+0000] {dag.py:3239} INFO - Sync 1 DAGs
[2026-08-11T09:20:27.178+0000] {logging_mixin.py:190} INFO - [2026-08-11T09:20:27.178+0000] {dag.py:4180} INFO - Setting next_dagrun for dbt_to_qdrant_minio_sync to None, run_after=None
[2026-08-11T09:20:27.228+0000] {processor.py:208} INFO - Processing /opt/airflow/dags/dbt_to_qdrant_dag.py took 0.157 seconds
[2026-08-11T09:23:47.212+0000] {processor.py:186} INFO - Started process (PID=205) to work on /opt/airflow/dags/dbt_to_qdrant_dag.py
[2026-08-11T09:23:47.215+0000] {processor.py:914} INFO - Processing file /opt/airflow/dags/dbt_to_qdrant_dag.py for tasks to queue
[2026-08-11T09:23:47.225+0000] {logging_mixin.py:190} INFO - [2026-08-11T09:23:47.224+0000] {dagbag.py:588} INFO - Filling up the DagBag from /opt/airflow/dags/dbt_to_qdrant_dag.py
[2026-08-11T09:23:47.304+0000] {processor.py:925} INFO - DAG(s) 'dbt_to_qdrant_minio_sync' retrieved from /opt/airflow/dags/dbt_to_qdrant_dag.py
[2026-08-11T09:23:47.432+0000] {logging_mixin.py:190} INFO - [2026-08-11T09:23:47.431+0000] {dag.py:3239} INFO - Sync 1 DAGs
[2026-08-11T09:23:47.499+0000] {logging_mixin.py:190} INFO - [2026-08-11T09:23:47.499+0000] {dag.py:4180} INFO - Setting next_dagrun for dbt_to_qdrant_minio_sync to None, run_after=None
[2026-08-11T09:23:47.659+0000] {processor.py:208} INFO - Processing /opt/airflow/dags/dbt_to_qdrant_dag.py took 0.463 seconds
[2026-08-11T09:24:18.792+0000] {processor.py:186} INFO - Started process (PID=336) to work on /opt/airflow/dags/dbt_to_qdrant_dag.py
[2026-08-11T09:24:18.794+0000] {processor.py:914} INFO - Processing file /opt/airflow/dags/dbt_to_qdrant_dag.py for tasks to queue
[2026-08-11T09:24:18.798+0000] {logging_mixin.py:190} INFO - [2026-08-11T09:24:18.797+0000] {dagbag.py:588} INFO - Filling up the DagBag from /opt/airflow/dags/dbt_to_qdrant_dag.py
[2026-08-11T09:24:18.852+0000] {processor.py:925} INFO - DAG(s) 'dbt_to_qdrant_minio_sync' retrieved from /opt/airflow/dags/dbt_to_qdrant_dag.py
[2026-08-11T09:24:18.900+0000] {logging_mixin.py:190} INFO - [2026-08-11T09:24:18.900+0000] {dag.py:3239} INFO - Sync 1 DAGs
[2026-08-11T09:24:18.930+0000] {logging_mixin.py:190} INFO - [2026-08-11T09:24:18.929+0000] {dag.py:4180} INFO - Setting next_dagrun for dbt_to_qdrant_minio_sync to None, run_after=None
[2026-08-11T09:24:18.968+0000] {processor.py:208} INFO - Processing /opt/airflow/dags/dbt_to_qdrant_dag.py took 0.190 seconds
[2026-08-11T09:24:49.654+0000] {processor.py:186} INFO - Started process (PID=461) to work on /opt/airflow/dags/dbt_to_qdrant_dag.py
[2026-08-11T09:24:49.657+0000] {processor.py:914} INFO - Processing file /opt/airflow/dags/dbt_to_qdrant_dag.py for tasks to queue
[2026-08-11T09:24:49.663+0000] {logging_mixin.py:190} INFO - [2026-08-11T09:24:49.663+0000] {dagbag.py:588} INFO - Filling up the DagBag from /opt/airflow/dags/dbt_to_qdrant_dag.py
[2026-08-11T09:24:49.716+0000] {processor.py:925} INFO - DAG(s) 'dbt_to_qdrant_minio_sync' retrieved from /opt/airflow/dags/dbt_to_qdrant_dag.py
[2026-08-11T09:24:49.766+0000] {logging_mixin.py:190} INFO - [2026-08-11T09:24:49.765+0000] {dag.py:3239} INFO - Sync 1 DAGs
[2026-08-11T09:24:49.791+0000] {logging_mixin.py:190} INFO - [2026-08-11T09:24:49.790+0000] {dag.py:4180} INFO - Setting next_dagrun for dbt_to_qdrant_minio_sync to None, run_after=None
[2026-08-11T09:24:49.823+0000] {processor.py:208} INFO - Processing /opt/airflow/dags/dbt_to_qdrant_dag.py took 0.182 seconds
[2026-08-11T09:25:20.641+0000] {processor.py:186} INFO - Started process (PID=593) to work on /opt/airflow/dags/dbt_to_qdrant_dag.py
[2026-08-11T09:25:20.643+0000] {processor.py:914} INFO - Processing file /opt/airflow/dags/dbt_to_qdrant_dag.py for tasks to queue
[2026-08-11T09:25:20.646+0000] {logging_mixin.py:190} INFO - [2026-08-11T09:25:20.645+0000] {dagbag.py:588} INFO - Filling up the DagBag from /opt/airflow/dags/dbt_to_qdrant_dag.py
[2026-08-11T09:25:20.690+0000] {processor.py:925} INFO - DAG(s) 'dbt_to_qdrant_minio_sync' retrieved from /opt/airflow/dags/dbt_to_qdrant_dag.py
[2026-08-11T09:25:20.734+0000] {logging_mixin.py:190} INFO - [2026-08-11T09:25:20.733+0000] {dag.py:3239} INFO - Sync 1 DAGs
[2026-08-11T09:25:20.755+0000] {logging_mixin.py:190} INFO - [2026-08-11T09:25:20.755+0000] {dag.py:4180} INFO - Setting next_dagrun for dbt_to_qdrant_minio_sync to None, run_after=None
[2026-08-11T09:25:20.784+0000] {processor.py:208} INFO - Processing /opt/airflow/dags/dbt_to_qdrant_dag.py took 0.150 seconds
[2026-08-11T09:25:51.433+0000] {processor.py:186} INFO - Started process (PID=722) to work on /opt/airflow/dags/dbt_to_qdrant_dag.py
[2026-08-11T09:25:51.434+0000] {processor.py:914} INFO - Processing file /opt/airflow/dags/dbt_to_qdrant_dag.py for tasks to queue
[2026-08-11T09:25:51.437+0000] {logging_mixin.py:190} INFO - [2026-08-11T09:25:51.437+0000] {dagbag.py:588} INFO - Filling up the DagBag from /opt/airflow/dags/dbt_to_qdrant_dag.py
[2026-08-11T09:25:51.467+0000] {processor.py:925} INFO - DAG(s) 'dbt_to_qdrant_minio_sync' retrieved from /opt/airflow/dags/dbt_to_qdrant_dag.py
[2026-08-11T09:25:51.497+0000] {logging_mixin.py:190} INFO - [2026-08-11T09:25:51.497+0000] {dag.py:3239} INFO - Sync 1 DAGs
[2026-08-11T09:25:51.513+0000] {logging_mixin.py:190} INFO - [2026-08-11T09:25:51.513+0000] {dag.py:4180} INFO - Setting next_dagrun for dbt_to_qdrant_minio_sync to None, run_after=None
[2026-08-11T09:25:51.532+0000] {processor.py:208} INFO - Processing /opt/airflow/dags/dbt_to_qdrant_dag.py took 0.106 seconds
[2026-08-11T09:26:21.666+0000] {processor.py:186} INFO - Started process (PID=837) to work on /opt/airflow/dags/dbt_to_qdrant_dag.py
[2026-08-11T09:26:21.667+0000] {processor.py:914} INFO - Processing file /opt/airflow/dags/dbt_to_qdrant_dag.py for tasks to queue
[2026-08-11T09:26:21.670+0000] {logging_mixin.py:190} INFO - [2026-08-11T09:26:21.670+0000] {dagbag.py:588} INFO - Filling up the DagBag from /opt/airflow/dags/dbt_to_qdrant_dag.py
[2026-08-11T09:26:21.697+0000] {processor.py:925} INFO - DAG(s) 'dbt_to_qdrant_minio_sync' retrieved from /opt/airflow/dags/dbt_to_qdrant_dag.py
[2026-08-11T09:26:21.714+0000] {logging_mixin.py:190} INFO - [2026-08-11T09:26:21.714+0000] {dag.py:3239} INFO - Sync 1 DAGs
[2026-08-11T09:26:21.729+0000] {logging_mixin.py:190} INFO - [2026-08-11T09:26:21.729+0000] {dag.py:4180} INFO - Setting next_dagrun for dbt_to_qdrant_minio_sync to None, run_after=None
[2026-08-11T09:26:21.755+0000] {processor.py:208} INFO - Processing /opt/airflow/dags/dbt_to_qdrant_dag.py took 0.096 seconds
[2026-08-11T09:26:52.103+0000] {processor.py:186} INFO - Started process (PID=964) to work on /opt/airflow/dags/dbt_to_qdrant_dag.py
[2026-08-11T09:26:52.106+0000] {processor.py:914} INFO - Processing file /opt/airflow/dags/dbt_to_qdrant_dag.py for tasks to queue
[2026-08-11T09:26:52.108+0000] {logging_mixin.py:190} INFO - [2026-08-11T09:26:52.108+0000] {dagbag.py:588} INFO - Filling up the DagBag from /opt/airflow/dags/dbt_to_qdrant_dag.py
[2026-08-11T09:26:52.144+0000] {processor.py:925} INFO - DAG(s) 'dbt_to_qdrant_minio_sync' retrieved from /opt/airflow/dags/dbt_to_qdrant_dag.py
[2026-08-11T09:26:52.234+0000] {logging_mixin.py:190} INFO - [2026-08-11T09:26:52.233+0000] {dag.py:3239} INFO - Sync 1 DAGs
[2026-08-11T09:26:52.262+0000] {logging_mixin.py:190} INFO - [2026-08-11T09:26:52.262+0000] {dag.py:4180} INFO - Setting next_dagrun for dbt_to_qdrant_minio_sync to None, run_after=None
[2026-08-11T09:26:52.298+0000] {processor.py:208} INFO - Processing /opt/airflow/dags/dbt_to_qdrant_dag.py took 0.201 seconds
[2026-08-11T09:27:23.721+0000] {processor.py:186} INFO - Started process (PID=1103) to work on /opt/airflow/dags/dbt_to_qdrant_dag.py
[2026-08-11T09:27:23.724+0000] {processor.py:914} INFO - Processing file /opt/airflow/dags/dbt_to_qdrant_dag.py for tasks to queue
[2026-08-11T09:27:23.732+0000] {logging_mixin.py:190} INFO - [2026-08-11T09:27:23.731+0000] {dagbag.py:588} INFO - Filling up the DagBag from /opt/airflow/dags/dbt_to_qdrant_dag.py
[2026-08-11T09:27:23.802+0000] {processor.py:925} INFO - DAG(s) 'dbt_to_qdrant_minio_sync' retrieved from /opt/airflow/dags/dbt_to_qdrant_dag.py
[2026-08-11T09:27:23.865+0000] {logging_mixin.py:190} INFO - [2026-08-11T09:27:23.864+0000] {dag.py:3239} INFO - Sync 1 DAGs
[2026-08-11T09:27:23.894+0000] {logging_mixin.py:190} INFO - [2026-08-11T09:27:23.893+0000] {dag.py:4180} INFO - Setting next_dagrun for dbt_to_qdrant_minio_sync to None, run_after=None
[2026-08-11T09:27:23.945+0000] {processor.py:208} INFO - Processing /opt/airflow/dags/dbt_to_qdrant_dag.py took 0.238 seconds
[2026-08-11T09:27:54.661+0000] {processor.py:186} INFO - Started process (PID=1237) to work on /opt/airflow/dags/dbt_to_qdrant_dag.py
[2026-08-11T09:27:54.664+0000] {processor.py:914} INFO - Processing file /opt/airflow/dags/dbt_to_qdrant_dag.py for tasks to queue
[2026-08-11T09:27:54.672+0000] {logging_mixin.py:190} INFO - [2026-08-11T09:27:54.671+0000] {dagbag.py:588} INFO - Filling up the DagBag from /opt/airflow/dags/dbt_to_qdrant_dag.py
[2026-08-11T09:27:54.741+0000] {processor.py:925} INFO - DAG(s) 'dbt_to_qdrant_minio_sync' retrieved from /opt/airflow/dags/dbt_to_qdrant_dag.py
[2026-08-11T09:27:54.823+0000] {logging_mixin.py:190} INFO - [2026-08-11T09:27:54.822+0000] {dag.py:3239} INFO - Sync 1 DAGs
[2026-08-11T09:27:54.895+0000] {logging_mixin.py:190} INFO - [2026-08-11T09:27:54.894+0000] {dag.py:4180} INFO - Setting next_dagrun for dbt_to_qdrant_minio_sync to None, run_after=None
[2026-08-11T09:27:54.978+0000] {processor.py:208} INFO - Processing /opt/airflow/dags/dbt_to_qdrant_dag.py took 0.336 seconds
[2026-08-11T09:28:29.682+0000] {processor.py:186} INFO - Started process (PID=1388) to work on /opt/airflow/dags/dbt_to_qdrant_dag.py
[2026-08-11T09:28:29.688+0000] {processor.py:914} INFO - Processing file /opt/airflow/dags/dbt_to_qdrant_dag.py for tasks to queue
[2026-08-11T09:28:29.700+0000] {logging_mixin.py:190} INFO - [2026-08-11T09:28:29.699+0000] {dagbag.py:588} INFO - Filling up the DagBag from /opt/airflow/dags/dbt_to_qdrant_dag.py
[2026-08-11T09:28:29.931+0000] {processor.py:925} INFO - DAG(s) 'dbt_to_qdrant_minio_sync' retrieved from /opt/airflow/dags/dbt_to_qdrant_dag.py
[2026-08-11T09:28:30.075+0000] {logging_mixin.py:190} INFO - [2026-08-11T09:28:30.074+0000] {dag.py:3239} INFO - Sync 1 DAGs
[2026-08-11T09:28:30.176+0000] {logging_mixin.py:190} INFO - [2026-08-11T09:28:30.176+0000] {dag.py:4180} INFO - Setting next_dagrun for dbt_to_qdrant_minio_sync to None, run_after=None
[2026-08-11T09:28:30.298+0000] {processor.py:208} INFO - Processing /opt/airflow/dags/dbt_to_qdrant_dag.py took 0.640 seconds
[2026-08-11T09:29:01.041+0000] {processor.py:186} INFO - Started process (PID=1517) to work on /opt/airflow/dags/dbt_to_qdrant_dag.py
[2026-08-11T09:29:01.043+0000] {processor.py:914} INFO - Processing file /opt/airflow/dags/dbt_to_qdrant_dag.py for tasks to queue
[2026-08-11T09:29:01.046+0000] {logging_mixin.py:190} INFO - [2026-08-11T09:29:01.045+0000] {dagbag.py:588} INFO - Filling up the DagBag from /opt/airflow/dags/dbt_to_qdrant_dag.py
[2026-08-11T09:29:01.110+0000] {processor.py:925} INFO - DAG(s) 'dbt_to_qdrant_minio_sync' retrieved from /opt/airflow/dags/dbt_to_qdrant_dag.py
[2026-08-11T09:29:01.145+0000] {logging_mixin.py:190} INFO - [2026-08-11T09:29:01.145+0000] {dag.py:3239} INFO - Sync 1 DAGs
[2026-08-11T09:29:01.166+0000] {logging_mixin.py:190} INFO - [2026-08-11T09:29:01.166+0000] {dag.py:4180} INFO - Setting next_dagrun for dbt_to_qdrant_minio_sync to None, run_after=None
[2026-08-11T09:29:01.203+0000] {processor.py:208} INFO - Processing /opt/airflow/dags/dbt_to_qdrant_dag.py took 0.183 seconds
[2026-08-11T09:29:32.148+0000] {processor.py:186} INFO - Started process (PID=1647) to work on /opt/airflow/dags/dbt_to_qdrant_dag.py
[2026-08-11T09:29:32.150+0000] {processor.py:914} INFO - Processing file /opt/airflow/dags/dbt_to_qdrant_dag.py for tasks to queue
[2026-08-11T09:29:32.153+0000] {logging_mixin.py:190} INFO - [2026-08-11T09:29:32.153+0000] {dagbag.py:588} INFO - Filling up the DagBag from /opt/airflow/dags/dbt_to_qdrant_dag.py
[2026-08-11T09:29:32.192+0000] {processor.py:925} INFO - DAG(s) 'dbt_to_qdrant_minio_sync' retrieved from /opt/airflow/dags/dbt_to_qdrant_dag.py
[2026-08-11T09:29:32.227+0000] {logging_mixin.py:190} INFO - [2026-08-11T09:29:32.227+0000] {dag.py:3239} INFO - Sync 1 DAGs
[2026-08-11T09:29:32.247+0000] {logging_mixin.py:190} INFO - [2026-08-11T09:29:32.247+0000] {dag.py:4180} INFO - Setting next_dagrun for dbt_to_qdrant_minio_sync to None, run_after=None
[2026-08-11T09:29:32.279+0000] {processor.py:208} INFO - Processing /opt/airflow/dags/dbt_to_qdrant_dag.py took 0.141 seconds
[2026-08-11T09:30:02.487+0000] {processor.py:186} INFO - Started process (PID=1762) to work on /opt/airflow/dags/dbt_to_qdrant_dag.py
[2026-08-11T09:30:02.490+0000] {processor.py:914} INFO - Processing file /opt/airflow/dags/dbt_to_qdrant_dag.py for tasks to queue
[2026-08-11T09:30:02.494+0000] {logging_mixin.py:190} INFO - [2026-08-11T09:30:02.494+0000] {dagbag.py:588} INFO - Filling up the DagBag from /opt/airflow/dags/dbt_to_qdrant_dag.py
[2026-08-11T09:30:02.550+0000] {processor.py:925} INFO - DAG(s) 'dbt_to_qdrant_minio_sync' retrieved from /opt/airflow/dags/dbt_to_qdrant_dag.py
[2026-08-11T09:30:02.584+0000] {logging_mixin.py:190} INFO - [2026-08-11T09:30:02.584+0000] {dag.py:3239} INFO - Sync 1 DAGs
[2026-08-11T09:30:02.602+0000] {logging_mixin.py:190} INFO - [2026-08-11T09:30:02.601+0000] {dag.py:4180} INFO - Setting next_dagrun for dbt_to_qdrant_minio_sync to None, run_after=None
[2026-08-11T09:30:02.629+0000] {processor.py:208} INFO - Processing /opt/airflow/dags/dbt_to_qdrant_dag.py took 0.155 seconds
[2026-08-11T09:30:32.913+0000] {processor.py:186} INFO - Started process (PID=1889) to work on /opt/airflow/dags/dbt_to_qdrant_dag.py
[2026-08-11T09:30:32.914+0000] {processor.py:914} INFO - Processing file /opt/airflow/dags/dbt_to_qdrant_dag.py for tasks to queue
[2026-08-11T09:30:32.916+0000] {logging_mixin.py:190} INFO - [2026-08-11T09:30:32.915+0000] {dagbag.py:588} INFO - Filling up the DagBag from /opt/airflow/dags/dbt_to_qdrant_dag.py
[2026-08-11T09:30:32.951+0000] {processor.py:925} INFO - DAG(s) 'dbt_to_qdrant_minio_sync' retrieved from /opt/airflow/dags/dbt_to_qdrant_dag.py
[2026-08-11T09:30:32.976+0000] {logging_mixin.py:190} INFO - [2026-08-11T09:30:32.976+0000] {dag.py:3239} INFO - Sync 1 DAGs
[2026-08-11T09:30:32.992+0000] {logging_mixin.py:190} INFO - [2026-08-11T09:30:32.992+0000] {dag.py:4180} INFO - Setting next_dagrun for dbt_to_qdrant_minio_sync to None, run_after=None
[2026-08-11T09:30:33.015+0000] {processor.py:208} INFO - Processing /opt/airflow/dags/dbt_to_qdrant_dag.py took 0.108 seconds
[2026-08-11T09:31:03.224+0000] {processor.py:186} INFO - Started process (PID=2018) to work on /opt/airflow/dags/dbt_to_qdrant_dag.py
[2026-08-11T09:31:03.225+0000] {processor.py:914} INFO - Processing file /opt/airflow/dags/dbt_to_qdrant_dag.py for tasks to queue
[2026-08-11T09:31:03.228+0000] {logging_mixin.py:190} INFO - [2026-08-11T09:31:03.227+0000] {dagbag.py:588} INFO - Filling up the DagBag from /opt/airflow/dags/dbt_to_qdrant_dag.py
[2026-08-11T09:31:03.265+0000] {processor.py:925} INFO - DAG(s) 'dbt_to_qdrant_minio_sync' retrieved from /opt/airflow/dags/dbt_to_qdrant_dag.py
[2026-08-11T09:31:03.302+0000] {logging_mixin.py:190} INFO - [2026-08-11T09:31:03.302+0000] {dag.py:3239} INFO - Sync 1 DAGs
[2026-08-11T09:31:03.330+0000] {logging_mixin.py:190} INFO - [2026-08-11T09:31:03.330+0000] {dag.py:4180} INFO - Setting next_dagrun for dbt_to_qdrant_minio_sync to None, run_after=None
[2026-08-11T09:31:03.369+0000] {processor.py:208} INFO - Processing /opt/airflow/dags/dbt_to_qdrant_dag.py took 0.151 seconds
