[2026-08-11T08:20:44.750+0000] {processor.py:186} INFO - Started process (PID=170) to work on /opt/airflow/dags/logistics_incremental_load.py
[2026-08-11T08:20:44.754+0000] {processor.py:914} INFO - Processing file /opt/airflow/dags/logistics_incremental_load.py for tasks to queue
[2026-08-11T08:20:44.766+0000] {logging_mixin.py:190} INFO - [2026-08-11T08:20:44.765+0000] {dagbag.py:588} INFO - Filling up the DagBag from /opt/airflow/dags/logistics_incremental_load.py
[2026-08-11T08:20:46.763+0000] {processor.py:925} INFO - DAG(s) 'logistics_orders_incremental_load' retrieved from /opt/airflow/dags/logistics_incremental_load.py
[2026-08-11T08:20:46.919+0000] {logging_mixin.py:190} INFO - [2026-08-11T08:20:46.917+0000] {dag.py:3239} INFO - Sync 1 DAGs
[2026-08-11T08:20:47.065+0000] {logging_mixin.py:190} INFO - [2026-08-11T08:20:47.064+0000] {dag.py:4180} INFO - Setting next_dagrun for logistics_orders_incremental_load to 2026-08-10 00:00:00+00:00, run_after=2026-08-11 00:00:00+00:00
[2026-08-11T08:20:47.149+0000] {processor.py:208} INFO - Processing /opt/airflow/dags/logistics_incremental_load.py took 2.418 seconds
[2026-08-11T08:21:19.304+0000] {processor.py:186} INFO - Started process (PID=314) to work on /opt/airflow/dags/logistics_incremental_load.py
[2026-08-11T08:21:19.308+0000] {processor.py:914} INFO - Processing file /opt/airflow/dags/logistics_incremental_load.py for tasks to queue
[2026-08-11T08:21:19.315+0000] {logging_mixin.py:190} INFO - [2026-08-11T08:21:19.314+0000] {dagbag.py:588} INFO - Filling up the DagBag from /opt/airflow/dags/logistics_incremental_load.py
[2026-08-11T08:21:20.362+0000] {processor.py:925} INFO - DAG(s) 'logistics_orders_incremental_load' retrieved from /opt/airflow/dags/logistics_incremental_load.py
[2026-08-11T08:21:20.500+0000] {logging_mixin.py:190} INFO - [2026-08-11T08:21:20.499+0000] {dag.py:3239} INFO - Sync 1 DAGs
[2026-08-11T08:21:20.671+0000] {logging_mixin.py:190} INFO - [2026-08-11T08:21:20.659+0000] {dag.py:4180} INFO - Setting next_dagrun for logistics_orders_incremental_load to 2026-08-10 00:00:00+00:00, run_after=2026-08-11 00:00:00+00:00
[2026-08-11T08:21:20.833+0000] {processor.py:208} INFO - Processing /opt/airflow/dags/logistics_incremental_load.py took 1.552 seconds
[2026-08-11T08:21:51.084+0000] {processor.py:186} INFO - Started process (PID=442) to work on /opt/airflow/dags/logistics_incremental_load.py
[2026-08-11T08:21:51.086+0000] {processor.py:914} INFO - Processing file /opt/airflow/dags/logistics_incremental_load.py for tasks to queue
[2026-08-11T08:21:51.089+0000] {logging_mixin.py:190} INFO - [2026-08-11T08:21:51.089+0000] {dagbag.py:588} INFO - Filling up the DagBag from /opt/airflow/dags/logistics_incremental_load.py
[2026-08-11T08:21:51.532+0000] {processor.py:925} INFO - DAG(s) 'logistics_orders_incremental_load' retrieved from /opt/airflow/dags/logistics_incremental_load.py
[2026-08-11T08:21:51.574+0000] {logging_mixin.py:190} INFO - [2026-08-11T08:21:51.574+0000] {dag.py:3239} INFO - Sync 1 DAGs
[2026-08-11T08:21:51.610+0000] {logging_mixin.py:190} INFO - [2026-08-11T08:21:51.610+0000] {dag.py:4180} INFO - Setting next_dagrun for logistics_orders_incremental_load to 2026-08-10 00:00:00+00:00, run_after=2026-08-11 00:00:00+00:00
[2026-08-11T08:21:51.639+0000] {processor.py:208} INFO - Processing /opt/airflow/dags/logistics_incremental_load.py took 0.561 seconds
[2026-08-11T08:22:22.118+0000] {processor.py:186} INFO - Started process (PID=573) to work on /opt/airflow/dags/logistics_incremental_load.py
[2026-08-11T08:22:22.120+0000] {processor.py:914} INFO - Processing file /opt/airflow/dags/logistics_incremental_load.py for tasks to queue
[2026-08-11T08:22:22.125+0000] {logging_mixin.py:190} INFO - [2026-08-11T08:22:22.124+0000] {dagbag.py:588} INFO - Filling up the DagBag from /opt/airflow/dags/logistics_incremental_load.py
[2026-08-11T08:22:22.795+0000] {processor.py:925} INFO - DAG(s) 'logistics_orders_incremental_load' retrieved from /opt/airflow/dags/logistics_incremental_load.py
[2026-08-11T08:22:22.837+0000] {logging_mixin.py:190} INFO - [2026-08-11T08:22:22.837+0000] {dag.py:3239} INFO - Sync 1 DAGs
[2026-08-11T08:22:22.888+0000] {logging_mixin.py:190} INFO - [2026-08-11T08:22:22.887+0000] {dag.py:4180} INFO - Setting next_dagrun for logistics_orders_incremental_load to 2026-08-10 00:00:00+00:00, run_after=2026-08-11 00:00:00+00:00
[2026-08-11T08:22:22.938+0000] {processor.py:208} INFO - Processing /opt/airflow/dags/logistics_incremental_load.py took 0.834 seconds
[2026-08-11T08:22:53.169+0000] {processor.py:186} INFO - Started process (PID=701) to work on /opt/airflow/dags/logistics_incremental_load.py
[2026-08-11T08:22:53.178+0000] {processor.py:914} INFO - Processing file /opt/airflow/dags/logistics_incremental_load.py for tasks to queue
[2026-08-11T08:22:53.190+0000] {logging_mixin.py:190} INFO - [2026-08-11T08:22:53.189+0000] {dagbag.py:588} INFO - Filling up the DagBag from /opt/airflow/dags/logistics_incremental_load.py
[2026-08-11T08:22:53.650+0000] {processor.py:925} INFO - DAG(s) 'logistics_orders_incremental_load' retrieved from /opt/airflow/dags/logistics_incremental_load.py
[2026-08-11T08:22:53.700+0000] {logging_mixin.py:190} INFO - [2026-08-11T08:22:53.700+0000] {dag.py:3239} INFO - Sync 1 DAGs
[2026-08-11T08:22:53.766+0000] {logging_mixin.py:190} INFO - [2026-08-11T08:22:53.766+0000] {dag.py:4180} INFO - Setting next_dagrun for logistics_orders_incremental_load to 2026-08-10 00:00:00+00:00, run_after=2026-08-11 00:00:00+00:00
[2026-08-11T08:22:53.809+0000] {processor.py:208} INFO - Processing /opt/airflow/dags/logistics_incremental_load.py took 0.663 seconds
[2026-08-11T08:23:24.437+0000] {processor.py:186} INFO - Started process (PID=828) to work on /opt/airflow/dags/logistics_incremental_load.py
[2026-08-11T08:23:24.439+0000] {processor.py:914} INFO - Processing file /opt/airflow/dags/logistics_incremental_load.py for tasks to queue
[2026-08-11T08:23:24.442+0000] {logging_mixin.py:190} INFO - [2026-08-11T08:23:24.442+0000] {dagbag.py:588} INFO - Filling up the DagBag from /opt/airflow/dags/logistics_incremental_load.py
[2026-08-11T08:23:25.206+0000] {processor.py:925} INFO - DAG(s) 'logistics_orders_incremental_load' retrieved from /opt/airflow/dags/logistics_incremental_load.py
[2026-08-11T08:23:25.283+0000] {logging_mixin.py:190} INFO - [2026-08-11T08:23:25.282+0000] {dag.py:3239} INFO - Sync 1 DAGs
[2026-08-11T08:23:25.353+0000] {logging_mixin.py:190} INFO - [2026-08-11T08:23:25.353+0000] {dag.py:4180} INFO - Setting next_dagrun for logistics_orders_incremental_load to 2026-08-10 00:00:00+00:00, run_after=2026-08-11 00:00:00+00:00
[2026-08-11T08:23:25.409+0000] {processor.py:208} INFO - Processing /opt/airflow/dags/logistics_incremental_load.py took 0.983 seconds
[2026-08-11T08:23:56.135+0000] {processor.py:186} INFO - Started process (PID=969) to work on /opt/airflow/dags/logistics_incremental_load.py
[2026-08-11T08:23:56.137+0000] {processor.py:914} INFO - Processing file /opt/airflow/dags/logistics_incremental_load.py for tasks to queue
[2026-08-11T08:23:56.141+0000] {logging_mixin.py:190} INFO - [2026-08-11T08:23:56.140+0000] {dagbag.py:588} INFO - Filling up the DagBag from /opt/airflow/dags/logistics_incremental_load.py
[2026-08-11T08:23:56.732+0000] {processor.py:925} INFO - DAG(s) 'logistics_orders_incremental_load' retrieved from /opt/airflow/dags/logistics_incremental_load.py
[2026-08-11T08:23:56.789+0000] {logging_mixin.py:190} INFO - [2026-08-11T08:23:56.788+0000] {dag.py:3239} INFO - Sync 1 DAGs
[2026-08-11T08:23:56.832+0000] {logging_mixin.py:190} INFO - [2026-08-11T08:23:56.832+0000] {dag.py:4180} INFO - Setting next_dagrun for logistics_orders_incremental_load to 2026-08-10 00:00:00+00:00, run_after=2026-08-11 00:00:00+00:00
[2026-08-11T08:23:56.868+0000] {processor.py:208} INFO - Processing /opt/airflow/dags/logistics_incremental_load.py took 0.744 seconds
[2026-08-11T08:24:27.313+0000] {processor.py:186} INFO - Started process (PID=1097) to work on /opt/airflow/dags/logistics_incremental_load.py
[2026-08-11T08:24:27.314+0000] {processor.py:914} INFO - Processing file /opt/airflow/dags/logistics_incremental_load.py for tasks to queue
[2026-08-11T08:24:27.318+0000] {logging_mixin.py:190} INFO - [2026-08-11T08:24:27.318+0000] {dagbag.py:588} INFO - Filling up the DagBag from /opt/airflow/dags/logistics_incremental_load.py
[2026-08-11T08:24:27.774+0000] {processor.py:925} INFO - DAG(s) 'logistics_orders_incremental_load' retrieved from /opt/airflow/dags/logistics_incremental_load.py
[2026-08-11T08:24:27.806+0000] {logging_mixin.py:190} INFO - [2026-08-11T08:24:27.805+0000] {dag.py:3239} INFO - Sync 1 DAGs
[2026-08-11T08:24:27.835+0000] {logging_mixin.py:190} INFO - [2026-08-11T08:24:27.835+0000] {dag.py:4180} INFO - Setting next_dagrun for logistics_orders_incremental_load to 2026-08-10 00:00:00+00:00, run_after=2026-08-11 00:00:00+00:00
[2026-08-11T08:24:27.862+0000] {processor.py:208} INFO - Processing /opt/airflow/dags/logistics_incremental_load.py took 0.555 seconds
[2026-08-11T08:24:57.982+0000] {processor.py:186} INFO - Started process (PID=1227) to work on /opt/airflow/dags/logistics_incremental_load.py
[2026-08-11T08:24:57.984+0000] {processor.py:914} INFO - Processing file /opt/airflow/dags/logistics_incremental_load.py for tasks to queue
[2026-08-11T08:24:57.988+0000] {logging_mixin.py:190} INFO - [2026-08-11T08:24:57.988+0000] {dagbag.py:588} INFO - Filling up the DagBag from /opt/airflow/dags/logistics_incremental_load.py
[2026-08-11T08:24:58.800+0000] {processor.py:925} INFO - DAG(s) 'logistics_orders_incremental_load' retrieved from /opt/airflow/dags/logistics_incremental_load.py
[2026-08-11T08:24:58.851+0000] {logging_mixin.py:190} INFO - [2026-08-11T08:24:58.850+0000] {dag.py:3239} INFO - Sync 1 DAGs
[2026-08-11T08:24:58.903+0000] {logging_mixin.py:190} INFO - [2026-08-11T08:24:58.903+0000] {dag.py:4180} INFO - Setting next_dagrun for logistics_orders_incremental_load to 2026-08-10 00:00:00+00:00, run_after=2026-08-11 00:00:00+00:00
[2026-08-11T08:24:58.945+0000] {processor.py:208} INFO - Processing /opt/airflow/dags/logistics_incremental_load.py took 0.975 seconds
[2026-08-11T08:25:29.781+0000] {processor.py:186} INFO - Started process (PID=1355) to work on /opt/airflow/dags/logistics_incremental_load.py
[2026-08-11T08:25:29.782+0000] {processor.py:914} INFO - Processing file /opt/airflow/dags/logistics_incremental_load.py for tasks to queue
[2026-08-11T08:25:29.786+0000] {logging_mixin.py:190} INFO - [2026-08-11T08:25:29.785+0000] {dagbag.py:588} INFO - Filling up the DagBag from /opt/airflow/dags/logistics_incremental_load.py
[2026-08-11T08:25:30.308+0000] {processor.py:925} INFO - DAG(s) 'logistics_orders_incremental_load' retrieved from /opt/airflow/dags/logistics_incremental_load.py
[2026-08-11T08:25:30.349+0000] {logging_mixin.py:190} INFO - [2026-08-11T08:25:30.349+0000] {dag.py:3239} INFO - Sync 1 DAGs
[2026-08-11T08:25:30.396+0000] {logging_mixin.py:190} INFO - [2026-08-11T08:25:30.395+0000] {dag.py:4180} INFO - Setting next_dagrun for logistics_orders_incremental_load to 2026-08-10 00:00:00+00:00, run_after=2026-08-11 00:00:00+00:00
[2026-08-11T08:25:30.439+0000] {processor.py:208} INFO - Processing /opt/airflow/dags/logistics_incremental_load.py took 0.668 seconds
[2026-08-11T08:26:00.835+0000] {processor.py:186} INFO - Started process (PID=1483) to work on /opt/airflow/dags/logistics_incremental_load.py
[2026-08-11T08:26:00.836+0000] {processor.py:914} INFO - Processing file /opt/airflow/dags/logistics_incremental_load.py for tasks to queue
[2026-08-11T08:26:00.839+0000] {logging_mixin.py:190} INFO - [2026-08-11T08:26:00.839+0000] {dagbag.py:588} INFO - Filling up the DagBag from /opt/airflow/dags/logistics_incremental_load.py
[2026-08-11T08:26:01.694+0000] {processor.py:925} INFO - DAG(s) 'logistics_orders_incremental_load' retrieved from /opt/airflow/dags/logistics_incremental_load.py
[2026-08-11T08:26:01.790+0000] {logging_mixin.py:190} INFO - [2026-08-11T08:26:01.789+0000] {dag.py:3239} INFO - Sync 1 DAGs
[2026-08-11T08:26:01.897+0000] {logging_mixin.py:190} INFO - [2026-08-11T08:26:01.896+0000] {dag.py:4180} INFO - Setting next_dagrun for logistics_orders_incremental_load to 2026-08-10 00:00:00+00:00, run_after=2026-08-11 00:00:00+00:00
[2026-08-11T08:26:01.974+0000] {processor.py:208} INFO - Processing /opt/airflow/dags/logistics_incremental_load.py took 1.147 seconds
[2026-08-11T08:26:33.016+0000] {processor.py:186} INFO - Started process (PID=1613) to work on /opt/airflow/dags/logistics_incremental_load.py
[2026-08-11T08:26:33.019+0000] {processor.py:914} INFO - Processing file /opt/airflow/dags/logistics_incremental_load.py for tasks to queue
[2026-08-11T08:26:33.029+0000] {logging_mixin.py:190} INFO - [2026-08-11T08:26:33.029+0000] {dagbag.py:588} INFO - Filling up the DagBag from /opt/airflow/dags/logistics_incremental_load.py
[2026-08-11T08:26:34.148+0000] {processor.py:925} INFO - DAG(s) 'logistics_orders_incremental_load' retrieved from /opt/airflow/dags/logistics_incremental_load.py
[2026-08-11T08:26:34.211+0000] {logging_mixin.py:190} INFO - [2026-08-11T08:26:34.210+0000] {dag.py:3239} INFO - Sync 1 DAGs
[2026-08-11T08:26:34.275+0000] {logging_mixin.py:190} INFO - [2026-08-11T08:26:34.275+0000] {dag.py:4180} INFO - Setting next_dagrun for logistics_orders_incremental_load to 2026-08-10 00:00:00+00:00, run_after=2026-08-11 00:00:00+00:00
[2026-08-11T08:26:34.325+0000] {processor.py:208} INFO - Processing /opt/airflow/dags/logistics_incremental_load.py took 1.331 seconds
[2026-08-11T08:27:04.887+0000] {processor.py:186} INFO - Started process (PID=1742) to work on /opt/airflow/dags/logistics_incremental_load.py
[2026-08-11T08:27:04.888+0000] {processor.py:914} INFO - Processing file /opt/airflow/dags/logistics_incremental_load.py for tasks to queue
[2026-08-11T08:27:04.892+0000] {logging_mixin.py:190} INFO - [2026-08-11T08:27:04.891+0000] {dagbag.py:588} INFO - Filling up the DagBag from /opt/airflow/dags/logistics_incremental_load.py
[2026-08-11T08:27:05.470+0000] {processor.py:925} INFO - DAG(s) 'logistics_orders_incremental_load' retrieved from /opt/airflow/dags/logistics_incremental_load.py
[2026-08-11T08:27:05.518+0000] {logging_mixin.py:190} INFO - [2026-08-11T08:27:05.517+0000] {dag.py:3239} INFO - Sync 1 DAGs
[2026-08-11T08:27:05.558+0000] {logging_mixin.py:190} INFO - [2026-08-11T08:27:05.558+0000] {dag.py:4180} INFO - Setting next_dagrun for logistics_orders_incremental_load to 2026-08-10 00:00:00+00:00, run_after=2026-08-11 00:00:00+00:00
[2026-08-11T08:27:05.599+0000] {processor.py:208} INFO - Processing /opt/airflow/dags/logistics_incremental_load.py took 0.718 seconds
[2026-08-11T08:27:36.095+0000] {processor.py:186} INFO - Started process (PID=1877) to work on /opt/airflow/dags/logistics_incremental_load.py
[2026-08-11T08:27:36.097+0000] {processor.py:914} INFO - Processing file /opt/airflow/dags/logistics_incremental_load.py for tasks to queue
[2026-08-11T08:27:36.101+0000] {logging_mixin.py:190} INFO - [2026-08-11T08:27:36.101+0000] {dagbag.py:588} INFO - Filling up the DagBag from /opt/airflow/dags/logistics_incremental_load.py
[2026-08-11T08:27:36.562+0000] {processor.py:925} INFO - DAG(s) 'logistics_orders_incremental_load' retrieved from /opt/airflow/dags/logistics_incremental_load.py
[2026-08-11T08:27:36.601+0000] {logging_mixin.py:190} INFO - [2026-08-11T08:27:36.601+0000] {dag.py:3239} INFO - Sync 1 DAGs
[2026-08-11T08:27:36.636+0000] {logging_mixin.py:190} INFO - [2026-08-11T08:27:36.635+0000] {dag.py:4180} INFO - Setting next_dagrun for logistics_orders_incremental_load to 2026-08-10 00:00:00+00:00, run_after=2026-08-11 00:00:00+00:00
[2026-08-11T08:27:36.671+0000] {processor.py:208} INFO - Processing /opt/airflow/dags/logistics_incremental_load.py took 0.586 seconds
[2026-08-11T08:28:06.956+0000] {processor.py:186} INFO - Started process (PID=2005) to work on /opt/airflow/dags/logistics_incremental_load.py
[2026-08-11T08:28:06.958+0000] {processor.py:914} INFO - Processing file /opt/airflow/dags/logistics_incremental_load.py for tasks to queue
[2026-08-11T08:28:06.967+0000] {logging_mixin.py:190} INFO - [2026-08-11T08:28:06.966+0000] {dagbag.py:588} INFO - Filling up the DagBag from /opt/airflow/dags/logistics_incremental_load.py
[2026-08-11T08:28:07.588+0000] {processor.py:925} INFO - DAG(s) 'logistics_orders_incremental_load' retrieved from /opt/airflow/dags/logistics_incremental_load.py
[2026-08-11T08:28:07.638+0000] {logging_mixin.py:190} INFO - [2026-08-11T08:28:07.637+0000] {dag.py:3239} INFO - Sync 1 DAGs
[2026-08-11T08:28:07.890+0000] {logging_mixin.py:190} INFO - [2026-08-11T08:28:07.889+0000] {dag.py:4180} INFO - Setting next_dagrun for logistics_orders_incremental_load to 2026-08-10 00:00:00+00:00, run_after=2026-08-11 00:00:00+00:00
[2026-08-11T08:28:07.947+0000] {processor.py:208} INFO - Processing /opt/airflow/dags/logistics_incremental_load.py took 1.005 seconds
[2026-08-11T09:01:10.810+0000] {processor.py:186} INFO - Started process (PID=170) to work on /opt/airflow/dags/logistics_incremental_load.py
[2026-08-11T09:01:10.815+0000] {processor.py:914} INFO - Processing file /opt/airflow/dags/logistics_incremental_load.py for tasks to queue
[2026-08-11T09:01:10.819+0000] {logging_mixin.py:190} INFO - [2026-08-11T09:01:10.819+0000] {dagbag.py:588} INFO - Filling up the DagBag from /opt/airflow/dags/logistics_incremental_load.py
[2026-08-11T09:01:14.229+0000] {processor.py:925} INFO - DAG(s) 'logistics_orders_incremental_load' retrieved from /opt/airflow/dags/logistics_incremental_load.py
[2026-08-11T09:01:14.419+0000] {logging_mixin.py:190} INFO - [2026-08-11T09:01:14.419+0000] {dag.py:3239} INFO - Sync 1 DAGs
[2026-08-11T09:01:14.565+0000] {logging_mixin.py:190} INFO - [2026-08-11T09:01:14.564+0000] {dag.py:4180} INFO - Setting next_dagrun for logistics_orders_incremental_load to 2026-08-10 00:00:00+00:00, run_after=2026-08-11 00:00:00+00:00
[2026-08-11T09:01:14.753+0000] {processor.py:208} INFO - Processing /opt/airflow/dags/logistics_incremental_load.py took 3.993 seconds
[2026-08-11T09:01:46.386+0000] {processor.py:186} INFO - Started process (PID=315) to work on /opt/airflow/dags/logistics_incremental_load.py
[2026-08-11T09:01:46.388+0000] {processor.py:914} INFO - Processing file /opt/airflow/dags/logistics_incremental_load.py for tasks to queue
[2026-08-11T09:01:46.393+0000] {logging_mixin.py:190} INFO - [2026-08-11T09:01:46.392+0000] {dagbag.py:588} INFO - Filling up the DagBag from /opt/airflow/dags/logistics_incremental_load.py
[2026-08-11T09:01:47.241+0000] {processor.py:925} INFO - DAG(s) 'logistics_orders_incremental_load' retrieved from /opt/airflow/dags/logistics_incremental_load.py
[2026-08-11T09:01:47.297+0000] {logging_mixin.py:190} INFO - [2026-08-11T09:01:47.296+0000] {dag.py:3239} INFO - Sync 1 DAGs
[2026-08-11T09:01:47.346+0000] {logging_mixin.py:190} INFO - [2026-08-11T09:01:47.346+0000] {dag.py:4180} INFO - Setting next_dagrun for logistics_orders_incremental_load to 2026-08-10 00:00:00+00:00, run_after=2026-08-11 00:00:00+00:00
[2026-08-11T09:01:47.390+0000] {processor.py:208} INFO - Processing /opt/airflow/dags/logistics_incremental_load.py took 1.014 seconds
[2026-08-11T09:02:17.774+0000] {processor.py:186} INFO - Started process (PID=441) to work on /opt/airflow/dags/logistics_incremental_load.py
[2026-08-11T09:02:17.776+0000] {processor.py:914} INFO - Processing file /opt/airflow/dags/logistics_incremental_load.py for tasks to queue
[2026-08-11T09:02:17.782+0000] {logging_mixin.py:190} INFO - [2026-08-11T09:02:17.782+0000] {dagbag.py:588} INFO - Filling up the DagBag from /opt/airflow/dags/logistics_incremental_load.py
[2026-08-11T09:02:18.658+0000] {processor.py:925} INFO - DAG(s) 'logistics_orders_incremental_load' retrieved from /opt/airflow/dags/logistics_incremental_load.py
[2026-08-11T09:02:18.730+0000] {logging_mixin.py:190} INFO - [2026-08-11T09:02:18.730+0000] {dag.py:3239} INFO - Sync 1 DAGs
[2026-08-11T09:02:18.788+0000] {logging_mixin.py:190} INFO - [2026-08-11T09:02:18.788+0000] {dag.py:4180} INFO - Setting next_dagrun for logistics_orders_incremental_load to 2026-08-10 00:00:00+00:00, run_after=2026-08-11 00:00:00+00:00
[2026-08-11T09:02:18.834+0000] {processor.py:208} INFO - Processing /opt/airflow/dags/logistics_incremental_load.py took 1.074 seconds
[2026-08-11T09:02:50.829+0000] {processor.py:186} INFO - Started process (PID=583) to work on /opt/airflow/dags/logistics_incremental_load.py
[2026-08-11T09:02:50.832+0000] {processor.py:914} INFO - Processing file /opt/airflow/dags/logistics_incremental_load.py for tasks to queue
[2026-08-11T09:02:50.839+0000] {logging_mixin.py:190} INFO - [2026-08-11T09:02:50.839+0000] {dagbag.py:588} INFO - Filling up the DagBag from /opt/airflow/dags/logistics_incremental_load.py
[2026-08-11T09:02:51.913+0000] {processor.py:925} INFO - DAG(s) 'logistics_orders_incremental_load' retrieved from /opt/airflow/dags/logistics_incremental_load.py
[2026-08-11T09:02:52.051+0000] {logging_mixin.py:190} INFO - [2026-08-11T09:02:52.051+0000] {dag.py:3239} INFO - Sync 1 DAGs
[2026-08-11T09:02:52.172+0000] {logging_mixin.py:190} INFO - [2026-08-11T09:02:52.171+0000] {dag.py:4180} INFO - Setting next_dagrun for logistics_orders_incremental_load to 2026-08-10 00:00:00+00:00, run_after=2026-08-11 00:00:00+00:00
[2026-08-11T09:02:52.280+0000] {processor.py:208} INFO - Processing /opt/airflow/dags/logistics_incremental_load.py took 1.469 seconds
[2026-08-11T09:03:22.865+0000] {processor.py:186} INFO - Started process (PID=711) to work on /opt/airflow/dags/logistics_incremental_load.py
[2026-08-11T09:03:22.867+0000] {processor.py:914} INFO - Processing file /opt/airflow/dags/logistics_incremental_load.py for tasks to queue
[2026-08-11T09:03:22.874+0000] {logging_mixin.py:190} INFO - [2026-08-11T09:03:22.873+0000] {dagbag.py:588} INFO - Filling up the DagBag from /opt/airflow/dags/logistics_incremental_load.py
[2026-08-11T09:03:23.368+0000] {processor.py:925} INFO - DAG(s) 'logistics_orders_incremental_load' retrieved from /opt/airflow/dags/logistics_incremental_load.py
[2026-08-11T09:03:23.407+0000] {logging_mixin.py:190} INFO - [2026-08-11T09:03:23.407+0000] {dag.py:3239} INFO - Sync 1 DAGs
[2026-08-11T09:03:23.441+0000] {logging_mixin.py:190} INFO - [2026-08-11T09:03:23.440+0000] {dag.py:4180} INFO - Setting next_dagrun for logistics_orders_incremental_load to 2026-08-10 00:00:00+00:00, run_after=2026-08-11 00:00:00+00:00
[2026-08-11T09:03:23.469+0000] {processor.py:208} INFO - Processing /opt/airflow/dags/logistics_incremental_load.py took 0.615 seconds
[2026-08-11T09:03:53.823+0000] {processor.py:186} INFO - Started process (PID=839) to work on /opt/airflow/dags/logistics_incremental_load.py
[2026-08-11T09:03:53.832+0000] {processor.py:914} INFO - Processing file /opt/airflow/dags/logistics_incremental_load.py for tasks to queue
[2026-08-11T09:03:53.840+0000] {logging_mixin.py:190} INFO - [2026-08-11T09:03:53.840+0000] {dagbag.py:588} INFO - Filling up the DagBag from /opt/airflow/dags/logistics_incremental_load.py
[2026-08-11T09:03:54.753+0000] {processor.py:925} INFO - DAG(s) 'logistics_orders_incremental_load' retrieved from /opt/airflow/dags/logistics_incremental_load.py
[2026-08-11T09:03:54.821+0000] {logging_mixin.py:190} INFO - [2026-08-11T09:03:54.820+0000] {dag.py:3239} INFO - Sync 1 DAGs
[2026-08-11T09:03:54.883+0000] {logging_mixin.py:190} INFO - [2026-08-11T09:03:54.883+0000] {dag.py:4180} INFO - Setting next_dagrun for logistics_orders_incremental_load to 2026-08-10 00:00:00+00:00, run_after=2026-08-11 00:00:00+00:00
[2026-08-11T09:03:54.937+0000] {processor.py:208} INFO - Processing /opt/airflow/dags/logistics_incremental_load.py took 1.146 seconds
[2026-08-11T09:08:59.270+0000] {processor.py:186} INFO - Started process (PID=171) to work on /opt/airflow/dags/logistics_incremental_load.py
[2026-08-11T09:08:59.273+0000] {processor.py:914} INFO - Processing file /opt/airflow/dags/logistics_incremental_load.py for tasks to queue
[2026-08-11T09:08:59.280+0000] {logging_mixin.py:190} INFO - [2026-08-11T09:08:59.279+0000] {dagbag.py:588} INFO - Filling up the DagBag from /opt/airflow/dags/logistics_incremental_load.py
[2026-08-11T09:09:00.313+0000] {processor.py:925} INFO - DAG(s) 'logistics_orders_incremental_load' retrieved from /opt/airflow/dags/logistics_incremental_load.py
[2026-08-11T09:09:00.473+0000] {logging_mixin.py:190} INFO - [2026-08-11T09:09:00.472+0000] {override.py:1900} INFO - Created Permission View: can edit on DAG:logistics_orders_incremental_load
[2026-08-11T09:09:00.504+0000] {logging_mixin.py:190} INFO - [2026-08-11T09:09:00.503+0000] {override.py:1900} INFO - Created Permission View: can delete on DAG:logistics_orders_incremental_load
[2026-08-11T09:09:00.520+0000] {logging_mixin.py:190} INFO - [2026-08-11T09:09:00.520+0000] {override.py:1900} INFO - Created Permission View: can read on DAG:logistics_orders_incremental_load
[2026-08-11T09:09:00.538+0000] {logging_mixin.py:190} INFO - [2026-08-11T09:09:00.538+0000] {override.py:1900} INFO - Created Permission View: menu access on DAG Run:logistics_orders_incremental_load
[2026-08-11T09:09:00.561+0000] {logging_mixin.py:190} INFO - [2026-08-11T09:09:00.560+0000] {override.py:1900} INFO - Created Permission View: can delete on DAG Run:logistics_orders_incremental_load
[2026-08-11T09:09:00.583+0000] {logging_mixin.py:190} INFO - [2026-08-11T09:09:00.583+0000] {override.py:1900} INFO - Created Permission View: can create on DAG Run:logistics_orders_incremental_load
[2026-08-11T09:09:00.606+0000] {logging_mixin.py:190} INFO - [2026-08-11T09:09:00.606+0000] {override.py:1900} INFO - Created Permission View: can read on DAG Run:logistics_orders_incremental_load
[2026-08-11T09:09:00.608+0000] {logging_mixin.py:190} INFO - [2026-08-11T09:09:00.608+0000] {dag.py:3239} INFO - Sync 1 DAGs
[2026-08-11T09:09:00.648+0000] {logging_mixin.py:190} INFO - [2026-08-11T09:09:00.647+0000] {dag.py:3262} INFO - Creating ORM DAG for logistics_orders_incremental_load
[2026-08-11T09:09:00.683+0000] {logging_mixin.py:190} INFO - [2026-08-11T09:09:00.682+0000] {dag.py:4180} INFO - Setting next_dagrun for logistics_orders_incremental_load to 2026-08-10 00:00:00+00:00, run_after=2026-08-11 00:00:00+00:00
[2026-08-11T09:09:00.746+0000] {processor.py:208} INFO - Processing /opt/airflow/dags/logistics_incremental_load.py took 1.488 seconds
[2026-08-11T09:09:32.194+0000] {processor.py:186} INFO - Started process (PID=317) to work on /opt/airflow/dags/logistics_incremental_load.py
[2026-08-11T09:09:32.196+0000] {processor.py:914} INFO - Processing file /opt/airflow/dags/logistics_incremental_load.py for tasks to queue
[2026-08-11T09:09:32.203+0000] {logging_mixin.py:190} INFO - [2026-08-11T09:09:32.202+0000] {dagbag.py:588} INFO - Filling up the DagBag from /opt/airflow/dags/logistics_incremental_load.py
[2026-08-11T09:09:33.019+0000] {processor.py:925} INFO - DAG(s) 'logistics_orders_incremental_load' retrieved from /opt/airflow/dags/logistics_incremental_load.py
[2026-08-11T09:09:33.103+0000] {logging_mixin.py:190} INFO - [2026-08-11T09:09:33.102+0000] {dag.py:3239} INFO - Sync 1 DAGs
[2026-08-11T09:09:33.255+0000] {logging_mixin.py:190} INFO - [2026-08-11T09:09:33.255+0000] {dag.py:4180} INFO - Setting next_dagrun for logistics_orders_incremental_load to 2026-08-10 00:00:00+00:00, run_after=2026-08-11 00:00:00+00:00
[2026-08-11T09:09:33.323+0000] {processor.py:208} INFO - Processing /opt/airflow/dags/logistics_incremental_load.py took 1.141 seconds
[2026-08-11T09:10:03.608+0000] {processor.py:186} INFO - Started process (PID=442) to work on /opt/airflow/dags/logistics_incremental_load.py
[2026-08-11T09:10:03.610+0000] {processor.py:914} INFO - Processing file /opt/airflow/dags/logistics_incremental_load.py for tasks to queue
[2026-08-11T09:10:03.614+0000] {logging_mixin.py:190} INFO - [2026-08-11T09:10:03.614+0000] {dagbag.py:588} INFO - Filling up the DagBag from /opt/airflow/dags/logistics_incremental_load.py
[2026-08-11T09:10:04.115+0000] {processor.py:925} INFO - DAG(s) 'logistics_orders_incremental_load' retrieved from /opt/airflow/dags/logistics_incremental_load.py
[2026-08-11T09:10:04.153+0000] {logging_mixin.py:190} INFO - [2026-08-11T09:10:04.152+0000] {dag.py:3239} INFO - Sync 1 DAGs
[2026-08-11T09:10:04.209+0000] {logging_mixin.py:190} INFO - [2026-08-11T09:10:04.208+0000] {dag.py:4180} INFO - Setting next_dagrun for logistics_orders_incremental_load to 2026-08-10 00:00:00+00:00, run_after=2026-08-11 00:00:00+00:00
[2026-08-11T09:10:04.237+0000] {processor.py:208} INFO - Processing /opt/airflow/dags/logistics_incremental_load.py took 0.642 seconds
[2026-08-11T09:10:35.066+0000] {processor.py:186} INFO - Started process (PID=574) to work on /opt/airflow/dags/logistics_incremental_load.py
[2026-08-11T09:10:35.068+0000] {processor.py:914} INFO - Processing file /opt/airflow/dags/logistics_incremental_load.py for tasks to queue
[2026-08-11T09:10:35.074+0000] {logging_mixin.py:190} INFO - [2026-08-11T09:10:35.073+0000] {dagbag.py:588} INFO - Filling up the DagBag from /opt/airflow/dags/logistics_incremental_load.py
[2026-08-11T09:10:35.587+0000] {processor.py:925} INFO - DAG(s) 'logistics_orders_incremental_load' retrieved from /opt/airflow/dags/logistics_incremental_load.py
[2026-08-11T09:10:35.640+0000] {logging_mixin.py:190} INFO - [2026-08-11T09:10:35.640+0000] {dag.py:3239} INFO - Sync 1 DAGs
[2026-08-11T09:10:35.687+0000] {logging_mixin.py:190} INFO - [2026-08-11T09:10:35.687+0000] {dag.py:4180} INFO - Setting next_dagrun for logistics_orders_incremental_load to 2026-08-10 00:00:00+00:00, run_after=2026-08-11 00:00:00+00:00
[2026-08-11T09:10:35.726+0000] {processor.py:208} INFO - Processing /opt/airflow/dags/logistics_incremental_load.py took 0.669 seconds
[2026-08-11T09:11:06.489+0000] {processor.py:186} INFO - Started process (PID=703) to work on /opt/airflow/dags/logistics_incremental_load.py
[2026-08-11T09:11:06.491+0000] {processor.py:914} INFO - Processing file /opt/airflow/dags/logistics_incremental_load.py for tasks to queue
[2026-08-11T09:11:06.497+0000] {logging_mixin.py:190} INFO - [2026-08-11T09:11:06.497+0000] {dagbag.py:588} INFO - Filling up the DagBag from /opt/airflow/dags/logistics_incremental_load.py
[2026-08-11T09:11:07.045+0000] {processor.py:925} INFO - DAG(s) 'logistics_orders_incremental_load' retrieved from /opt/airflow/dags/logistics_incremental_load.py
[2026-08-11T09:11:07.101+0000] {logging_mixin.py:190} INFO - [2026-08-11T09:11:07.100+0000] {dag.py:3239} INFO - Sync 1 DAGs
[2026-08-11T09:11:07.148+0000] {logging_mixin.py:190} INFO - [2026-08-11T09:11:07.147+0000] {dag.py:4180} INFO - Setting next_dagrun for logistics_orders_incremental_load to 2026-08-10 00:00:00+00:00, run_after=2026-08-11 00:00:00+00:00
[2026-08-11T09:11:07.182+0000] {processor.py:208} INFO - Processing /opt/airflow/dags/logistics_incremental_load.py took 0.707 seconds
[2026-08-11T09:11:37.380+0000] {processor.py:186} INFO - Started process (PID=840) to work on /opt/airflow/dags/logistics_incremental_load.py
[2026-08-11T09:11:37.383+0000] {processor.py:914} INFO - Processing file /opt/airflow/dags/logistics_incremental_load.py for tasks to queue
[2026-08-11T09:11:37.388+0000] {logging_mixin.py:190} INFO - [2026-08-11T09:11:37.388+0000] {dagbag.py:588} INFO - Filling up the DagBag from /opt/airflow/dags/logistics_incremental_load.py
[2026-08-11T09:11:38.068+0000] {processor.py:925} INFO - DAG(s) 'logistics_orders_incremental_load' retrieved from /opt/airflow/dags/logistics_incremental_load.py
[2026-08-11T09:11:38.135+0000] {logging_mixin.py:190} INFO - [2026-08-11T09:11:38.135+0000] {dag.py:3239} INFO - Sync 1 DAGs
[2026-08-11T09:11:38.192+0000] {logging_mixin.py:190} INFO - [2026-08-11T09:11:38.192+0000] {dag.py:4180} INFO - Setting next_dagrun for logistics_orders_incremental_load to 2026-08-10 00:00:00+00:00, run_after=2026-08-11 00:00:00+00:00
[2026-08-11T09:11:38.250+0000] {processor.py:208} INFO - Processing /opt/airflow/dags/logistics_incremental_load.py took 0.880 seconds
[2026-08-11T09:12:09.093+0000] {processor.py:186} INFO - Started process (PID=973) to work on /opt/airflow/dags/logistics_incremental_load.py
[2026-08-11T09:12:09.094+0000] {processor.py:914} INFO - Processing file /opt/airflow/dags/logistics_incremental_load.py for tasks to queue
[2026-08-11T09:12:09.097+0000] {logging_mixin.py:190} INFO - [2026-08-11T09:12:09.097+0000] {dagbag.py:588} INFO - Filling up the DagBag from /opt/airflow/dags/logistics_incremental_load.py
[2026-08-11T09:12:09.578+0000] {processor.py:925} INFO - DAG(s) 'logistics_orders_incremental_load' retrieved from /opt/airflow/dags/logistics_incremental_load.py
[2026-08-11T09:12:09.628+0000] {logging_mixin.py:190} INFO - [2026-08-11T09:12:09.628+0000] {dag.py:3239} INFO - Sync 1 DAGs
[2026-08-11T09:12:09.666+0000] {logging_mixin.py:190} INFO - [2026-08-11T09:12:09.666+0000] {dag.py:4180} INFO - Setting next_dagrun for logistics_orders_incremental_load to 2026-08-10 00:00:00+00:00, run_after=2026-08-11 00:00:00+00:00
[2026-08-11T09:12:09.697+0000] {processor.py:208} INFO - Processing /opt/airflow/dags/logistics_incremental_load.py took 0.616 seconds
[2026-08-11T09:12:40.086+0000] {processor.py:186} INFO - Started process (PID=1101) to work on /opt/airflow/dags/logistics_incremental_load.py
[2026-08-11T09:12:40.088+0000] {processor.py:914} INFO - Processing file /opt/airflow/dags/logistics_incremental_load.py for tasks to queue
[2026-08-11T09:12:40.093+0000] {logging_mixin.py:190} INFO - [2026-08-11T09:12:40.092+0000] {dagbag.py:588} INFO - Filling up the DagBag from /opt/airflow/dags/logistics_incremental_load.py
[2026-08-11T09:12:40.507+0000] {processor.py:925} INFO - DAG(s) 'logistics_orders_incremental_load' retrieved from /opt/airflow/dags/logistics_incremental_load.py
[2026-08-11T09:12:40.536+0000] {logging_mixin.py:190} INFO - [2026-08-11T09:12:40.536+0000] {dag.py:3239} INFO - Sync 1 DAGs
[2026-08-11T09:12:40.569+0000] {logging_mixin.py:190} INFO - [2026-08-11T09:12:40.569+0000] {dag.py:4180} INFO - Setting next_dagrun for logistics_orders_incremental_load to 2026-08-10 00:00:00+00:00, run_after=2026-08-11 00:00:00+00:00
[2026-08-11T09:12:40.604+0000] {processor.py:208} INFO - Processing /opt/airflow/dags/logistics_incremental_load.py took 0.525 seconds
[2026-08-11T09:13:12.260+0000] {processor.py:186} INFO - Started process (PID=1231) to work on /opt/airflow/dags/logistics_incremental_load.py
[2026-08-11T09:13:12.262+0000] {processor.py:914} INFO - Processing file /opt/airflow/dags/logistics_incremental_load.py for tasks to queue
[2026-08-11T09:13:12.270+0000] {logging_mixin.py:190} INFO - [2026-08-11T09:13:12.269+0000] {dagbag.py:588} INFO - Filling up the DagBag from /opt/airflow/dags/logistics_incremental_load.py
[2026-08-11T09:13:12.981+0000] {processor.py:925} INFO - DAG(s) 'logistics_orders_incremental_load' retrieved from /opt/airflow/dags/logistics_incremental_load.py
[2026-08-11T09:13:13.057+0000] {logging_mixin.py:190} INFO - [2026-08-11T09:13:13.057+0000] {dag.py:3239} INFO - Sync 1 DAGs
[2026-08-11T09:13:13.118+0000] {logging_mixin.py:190} INFO - [2026-08-11T09:13:13.117+0000] {dag.py:4180} INFO - Setting next_dagrun for logistics_orders_incremental_load to 2026-08-10 00:00:00+00:00, run_after=2026-08-11 00:00:00+00:00
[2026-08-11T09:13:13.169+0000] {processor.py:208} INFO - Processing /opt/airflow/dags/logistics_incremental_load.py took 0.925 seconds
[2026-08-11T09:13:43.445+0000] {processor.py:186} INFO - Started process (PID=1359) to work on /opt/airflow/dags/logistics_incremental_load.py
[2026-08-11T09:13:43.447+0000] {processor.py:914} INFO - Processing file /opt/airflow/dags/logistics_incremental_load.py for tasks to queue
[2026-08-11T09:13:43.455+0000] {logging_mixin.py:190} INFO - [2026-08-11T09:13:43.454+0000] {dagbag.py:588} INFO - Filling up the DagBag from /opt/airflow/dags/logistics_incremental_load.py
[2026-08-11T09:13:44.474+0000] {processor.py:925} INFO - DAG(s) 'logistics_orders_incremental_load' retrieved from /opt/airflow/dags/logistics_incremental_load.py
[2026-08-11T09:13:44.569+0000] {logging_mixin.py:190} INFO - [2026-08-11T09:13:44.569+0000] {dag.py:3239} INFO - Sync 1 DAGs
[2026-08-11T09:13:45.135+0000] {logging_mixin.py:190} INFO - [2026-08-11T09:13:45.135+0000] {dag.py:4180} INFO - Setting next_dagrun for logistics_orders_incremental_load to 2026-08-10 00:00:00+00:00, run_after=2026-08-11 00:00:00+00:00
[2026-08-11T09:13:45.237+0000] {processor.py:208} INFO - Processing /opt/airflow/dags/logistics_incremental_load.py took 1.819 seconds
[2026-08-11T09:14:15.675+0000] {processor.py:186} INFO - Started process (PID=1486) to work on /opt/airflow/dags/logistics_incremental_load.py
[2026-08-11T09:14:15.677+0000] {processor.py:914} INFO - Processing file /opt/airflow/dags/logistics_incremental_load.py for tasks to queue
[2026-08-11T09:14:15.683+0000] {logging_mixin.py:190} INFO - [2026-08-11T09:14:15.682+0000] {dagbag.py:588} INFO - Filling up the DagBag from /opt/airflow/dags/logistics_incremental_load.py
[2026-08-11T09:14:16.807+0000] {processor.py:925} INFO - DAG(s) 'logistics_orders_incremental_load' retrieved from /opt/airflow/dags/logistics_incremental_load.py
[2026-08-11T09:14:16.909+0000] {logging_mixin.py:190} INFO - [2026-08-11T09:14:16.908+0000] {dag.py:3239} INFO - Sync 1 DAGs
[2026-08-11T09:14:17.269+0000] {logging_mixin.py:190} INFO - [2026-08-11T09:14:17.269+0000] {dag.py:4180} INFO - Setting next_dagrun for logistics_orders_incremental_load to 2026-08-10 00:00:00+00:00, run_after=2026-08-11 00:00:00+00:00
[2026-08-11T09:14:17.310+0000] {processor.py:208} INFO - Processing /opt/airflow/dags/logistics_incremental_load.py took 1.646 seconds
[2026-08-11T09:14:47.785+0000] {processor.py:186} INFO - Started process (PID=1642) to work on /opt/airflow/dags/logistics_incremental_load.py
[2026-08-11T09:14:47.791+0000] {processor.py:914} INFO - Processing file /opt/airflow/dags/logistics_incremental_load.py for tasks to queue
[2026-08-11T09:14:47.798+0000] {logging_mixin.py:190} INFO - [2026-08-11T09:14:47.797+0000] {dagbag.py:588} INFO - Filling up the DagBag from /opt/airflow/dags/logistics_incremental_load.py
[2026-08-11T09:14:48.989+0000] {processor.py:925} INFO - DAG(s) 'logistics_orders_incremental_load' retrieved from /opt/airflow/dags/logistics_incremental_load.py
[2026-08-11T09:14:49.058+0000] {logging_mixin.py:190} INFO - [2026-08-11T09:14:49.057+0000] {dag.py:3239} INFO - Sync 1 DAGs
[2026-08-11T09:14:49.126+0000] {logging_mixin.py:190} INFO - [2026-08-11T09:14:49.125+0000] {dag.py:4180} INFO - Setting next_dagrun for logistics_orders_incremental_load to 2026-08-10 00:00:00+00:00, run_after=2026-08-11 00:00:00+00:00
[2026-08-11T09:14:49.187+0000] {processor.py:208} INFO - Processing /opt/airflow/dags/logistics_incremental_load.py took 1.415 seconds
[2026-08-11T09:15:19.380+0000] {processor.py:186} INFO - Started process (PID=1784) to work on /opt/airflow/dags/logistics_incremental_load.py
[2026-08-11T09:15:19.382+0000] {processor.py:914} INFO - Processing file /opt/airflow/dags/logistics_incremental_load.py for tasks to queue
[2026-08-11T09:15:19.388+0000] {logging_mixin.py:190} INFO - [2026-08-11T09:15:19.388+0000] {dagbag.py:588} INFO - Filling up the DagBag from /opt/airflow/dags/logistics_incremental_load.py
[2026-08-11T09:15:19.929+0000] {processor.py:925} INFO - DAG(s) 'logistics_orders_incremental_load' retrieved from /opt/airflow/dags/logistics_incremental_load.py
[2026-08-11T09:15:20.275+0000] {logging_mixin.py:190} INFO - [2026-08-11T09:15:20.274+0000] {dag.py:3239} INFO - Sync 1 DAGs
[2026-08-11T09:15:20.328+0000] {logging_mixin.py:190} INFO - [2026-08-11T09:15:20.327+0000] {dag.py:4180} INFO - Setting next_dagrun for logistics_orders_incremental_load to 2026-08-10 00:00:00+00:00, run_after=2026-08-11 00:00:00+00:00
[2026-08-11T09:15:20.379+0000] {processor.py:208} INFO - Processing /opt/airflow/dags/logistics_incremental_load.py took 1.007 seconds
[2026-08-11T09:15:50.796+0000] {processor.py:186} INFO - Started process (PID=1914) to work on /opt/airflow/dags/logistics_incremental_load.py
[2026-08-11T09:15:50.798+0000] {processor.py:914} INFO - Processing file /opt/airflow/dags/logistics_incremental_load.py for tasks to queue
[2026-08-11T09:15:50.804+0000] {logging_mixin.py:190} INFO - [2026-08-11T09:15:50.803+0000] {dagbag.py:588} INFO - Filling up the DagBag from /opt/airflow/dags/logistics_incremental_load.py
[2026-08-11T09:15:51.832+0000] {processor.py:925} INFO - DAG(s) 'logistics_orders_incremental_load' retrieved from /opt/airflow/dags/logistics_incremental_load.py
[2026-08-11T09:15:51.893+0000] {logging_mixin.py:190} INFO - [2026-08-11T09:15:51.892+0000] {dag.py:3239} INFO - Sync 1 DAGs
[2026-08-11T09:15:51.941+0000] {logging_mixin.py:190} INFO - [2026-08-11T09:15:51.941+0000] {dag.py:4180} INFO - Setting next_dagrun for logistics_orders_incremental_load to 2026-08-10 00:00:00+00:00, run_after=2026-08-11 00:00:00+00:00
[2026-08-11T09:15:51.983+0000] {processor.py:208} INFO - Processing /opt/airflow/dags/logistics_incremental_load.py took 1.199 seconds
[2026-08-11T09:16:22.404+0000] {processor.py:186} INFO - Started process (PID=2042) to work on /opt/airflow/dags/logistics_incremental_load.py
[2026-08-11T09:16:22.406+0000] {processor.py:914} INFO - Processing file /opt/airflow/dags/logistics_incremental_load.py for tasks to queue
[2026-08-11T09:16:22.410+0000] {logging_mixin.py:190} INFO - [2026-08-11T09:16:22.409+0000] {dagbag.py:588} INFO - Filling up the DagBag from /opt/airflow/dags/logistics_incremental_load.py
[2026-08-11T09:16:23.262+0000] {processor.py:925} INFO - DAG(s) 'logistics_orders_incremental_load' retrieved from /opt/airflow/dags/logistics_incremental_load.py
[2026-08-11T09:16:23.316+0000] {logging_mixin.py:190} INFO - [2026-08-11T09:16:23.316+0000] {dag.py:3239} INFO - Sync 1 DAGs
[2026-08-11T09:16:23.372+0000] {logging_mixin.py:190} INFO - [2026-08-11T09:16:23.371+0000] {dag.py:4180} INFO - Setting next_dagrun for logistics_orders_incremental_load to 2026-08-10 00:00:00+00:00, run_after=2026-08-11 00:00:00+00:00
[2026-08-11T09:16:23.416+0000] {processor.py:208} INFO - Processing /opt/airflow/dags/logistics_incremental_load.py took 1.022 seconds
[2026-08-11T09:16:54.102+0000] {processor.py:186} INFO - Started process (PID=2169) to work on /opt/airflow/dags/logistics_incremental_load.py
[2026-08-11T09:16:54.104+0000] {processor.py:914} INFO - Processing file /opt/airflow/dags/logistics_incremental_load.py for tasks to queue
[2026-08-11T09:16:54.110+0000] {logging_mixin.py:190} INFO - [2026-08-11T09:16:54.110+0000] {dagbag.py:588} INFO - Filling up the DagBag from /opt/airflow/dags/logistics_incremental_load.py
[2026-08-11T09:16:54.826+0000] {processor.py:925} INFO - DAG(s) 'logistics_orders_incremental_load' retrieved from /opt/airflow/dags/logistics_incremental_load.py
[2026-08-11T09:16:54.877+0000] {logging_mixin.py:190} INFO - [2026-08-11T09:16:54.876+0000] {dag.py:3239} INFO - Sync 1 DAGs
[2026-08-11T09:16:54.914+0000] {logging_mixin.py:190} INFO - [2026-08-11T09:16:54.913+0000] {dag.py:4180} INFO - Setting next_dagrun for logistics_orders_incremental_load to 2026-08-10 00:00:00+00:00, run_after=2026-08-11 00:00:00+00:00
[2026-08-11T09:16:54.963+0000] {processor.py:208} INFO - Processing /opt/airflow/dags/logistics_incremental_load.py took 0.874 seconds
[2026-08-11T09:17:26.172+0000] {processor.py:186} INFO - Started process (PID=2304) to work on /opt/airflow/dags/logistics_incremental_load.py
[2026-08-11T09:17:26.174+0000] {processor.py:914} INFO - Processing file /opt/airflow/dags/logistics_incremental_load.py for tasks to queue
[2026-08-11T09:17:26.179+0000] {logging_mixin.py:190} INFO - [2026-08-11T09:17:26.178+0000] {dagbag.py:588} INFO - Filling up the DagBag from /opt/airflow/dags/logistics_incremental_load.py
[2026-08-11T09:17:27.252+0000] {processor.py:925} INFO - DAG(s) 'logistics_orders_incremental_load' retrieved from /opt/airflow/dags/logistics_incremental_load.py
[2026-08-11T09:17:27.302+0000] {logging_mixin.py:190} INFO - [2026-08-11T09:17:27.302+0000] {dag.py:3239} INFO - Sync 1 DAGs
[2026-08-11T09:17:27.352+0000] {logging_mixin.py:190} INFO - [2026-08-11T09:17:27.352+0000] {dag.py:4180} INFO - Setting next_dagrun for logistics_orders_incremental_load to 2026-08-10 00:00:00+00:00, run_after=2026-08-11 00:00:00+00:00
[2026-08-11T09:17:27.394+0000] {processor.py:208} INFO - Processing /opt/airflow/dags/logistics_incremental_load.py took 1.236 seconds
[2026-08-11T09:17:58.677+0000] {processor.py:186} INFO - Started process (PID=2553) to work on /opt/airflow/dags/logistics_incremental_load.py
[2026-08-11T09:17:58.681+0000] {processor.py:914} INFO - Processing file /opt/airflow/dags/logistics_incremental_load.py for tasks to queue
[2026-08-11T09:17:58.689+0000] {logging_mixin.py:190} INFO - [2026-08-11T09:17:58.689+0000] {dagbag.py:588} INFO - Filling up the DagBag from /opt/airflow/dags/logistics_incremental_load.py
[2026-08-11T09:18:00.273+0000] {processor.py:925} INFO - DAG(s) 'logistics_orders_incremental_load' retrieved from /opt/airflow/dags/logistics_incremental_load.py
[2026-08-11T09:18:00.339+0000] {logging_mixin.py:190} INFO - [2026-08-11T09:18:00.339+0000] {dag.py:3239} INFO - Sync 1 DAGs
[2026-08-11T09:18:00.390+0000] {logging_mixin.py:190} INFO - [2026-08-11T09:18:00.389+0000] {dag.py:4180} INFO - Setting next_dagrun for logistics_orders_incremental_load to 2026-08-10 00:00:00+00:00, run_after=2026-08-11 00:00:00+00:00
[2026-08-11T09:18:00.442+0000] {processor.py:208} INFO - Processing /opt/airflow/dags/logistics_incremental_load.py took 1.790 seconds
[2026-08-11T09:18:30.644+0000] {processor.py:186} INFO - Started process (PID=2724) to work on /opt/airflow/dags/logistics_incremental_load.py
[2026-08-11T09:18:30.646+0000] {processor.py:914} INFO - Processing file /opt/airflow/dags/logistics_incremental_load.py for tasks to queue
[2026-08-11T09:18:30.653+0000] {logging_mixin.py:190} INFO - [2026-08-11T09:18:30.652+0000] {dagbag.py:588} INFO - Filling up the DagBag from /opt/airflow/dags/logistics_incremental_load.py
[2026-08-11T09:18:32.014+0000] {processor.py:925} INFO - DAG(s) 'logistics_orders_incremental_load' retrieved from /opt/airflow/dags/logistics_incremental_load.py
[2026-08-11T09:18:32.085+0000] {logging_mixin.py:190} INFO - [2026-08-11T09:18:32.084+0000] {dag.py:3239} INFO - Sync 1 DAGs
[2026-08-11T09:18:32.157+0000] {logging_mixin.py:190} INFO - [2026-08-11T09:18:32.156+0000] {dag.py:4180} INFO - Setting next_dagrun for logistics_orders_incremental_load to 2026-08-10 00:00:00+00:00, run_after=2026-08-11 00:00:00+00:00
[2026-08-11T09:18:32.220+0000] {processor.py:208} INFO - Processing /opt/airflow/dags/logistics_incremental_load.py took 1.587 seconds
[2026-08-11T09:19:02.371+0000] {processor.py:186} INFO - Started process (PID=2852) to work on /opt/airflow/dags/logistics_incremental_load.py
[2026-08-11T09:19:02.372+0000] {processor.py:914} INFO - Processing file /opt/airflow/dags/logistics_incremental_load.py for tasks to queue
[2026-08-11T09:19:02.376+0000] {logging_mixin.py:190} INFO - [2026-08-11T09:19:02.376+0000] {dagbag.py:588} INFO - Filling up the DagBag from /opt/airflow/dags/logistics_incremental_load.py
[2026-08-11T09:19:03.274+0000] {processor.py:925} INFO - DAG(s) 'logistics_orders_incremental_load' retrieved from /opt/airflow/dags/logistics_incremental_load.py
[2026-08-11T09:19:03.341+0000] {logging_mixin.py:190} INFO - [2026-08-11T09:19:03.340+0000] {dag.py:3239} INFO - Sync 1 DAGs
[2026-08-11T09:19:03.422+0000] {logging_mixin.py:190} INFO - [2026-08-11T09:19:03.422+0000] {dag.py:4180} INFO - Setting next_dagrun for logistics_orders_incremental_load to 2026-08-10 00:00:00+00:00, run_after=2026-08-11 00:00:00+00:00
[2026-08-11T09:19:03.492+0000] {processor.py:208} INFO - Processing /opt/airflow/dags/logistics_incremental_load.py took 1.134 seconds
[2026-08-11T09:19:33.767+0000] {processor.py:186} INFO - Started process (PID=2979) to work on /opt/airflow/dags/logistics_incremental_load.py
[2026-08-11T09:19:33.770+0000] {processor.py:914} INFO - Processing file /opt/airflow/dags/logistics_incremental_load.py for tasks to queue
[2026-08-11T09:19:33.774+0000] {logging_mixin.py:190} INFO - [2026-08-11T09:19:33.774+0000] {dagbag.py:588} INFO - Filling up the DagBag from /opt/airflow/dags/logistics_incremental_load.py
[2026-08-11T09:19:34.434+0000] {processor.py:925} INFO - DAG(s) 'logistics_orders_incremental_load' retrieved from /opt/airflow/dags/logistics_incremental_load.py
[2026-08-11T09:19:34.469+0000] {logging_mixin.py:190} INFO - [2026-08-11T09:19:34.469+0000] {dag.py:3239} INFO - Sync 1 DAGs
[2026-08-11T09:19:34.502+0000] {logging_mixin.py:190} INFO - [2026-08-11T09:19:34.501+0000] {dag.py:4180} INFO - Setting next_dagrun for logistics_orders_incremental_load to 2026-08-10 00:00:00+00:00, run_after=2026-08-11 00:00:00+00:00
[2026-08-11T09:19:34.536+0000] {processor.py:208} INFO - Processing /opt/airflow/dags/logistics_incremental_load.py took 0.779 seconds
[2026-08-11T09:20:04.747+0000] {processor.py:186} INFO - Started process (PID=3109) to work on /opt/airflow/dags/logistics_incremental_load.py
[2026-08-11T09:20:04.750+0000] {processor.py:914} INFO - Processing file /opt/airflow/dags/logistics_incremental_load.py for tasks to queue
[2026-08-11T09:20:04.755+0000] {logging_mixin.py:190} INFO - [2026-08-11T09:20:04.754+0000] {dagbag.py:588} INFO - Filling up the DagBag from /opt/airflow/dags/logistics_incremental_load.py
[2026-08-11T09:20:05.636+0000] {processor.py:925} INFO - DAG(s) 'logistics_orders_incremental_load' retrieved from /opt/airflow/dags/logistics_incremental_load.py
[2026-08-11T09:20:05.676+0000] {logging_mixin.py:190} INFO - [2026-08-11T09:20:05.675+0000] {dag.py:3239} INFO - Sync 1 DAGs
[2026-08-11T09:20:05.713+0000] {logging_mixin.py:190} INFO - [2026-08-11T09:20:05.713+0000] {dag.py:4180} INFO - Setting next_dagrun for logistics_orders_incremental_load to 2026-08-10 00:00:00+00:00, run_after=2026-08-11 00:00:00+00:00
[2026-08-11T09:20:05.755+0000] {processor.py:208} INFO - Processing /opt/airflow/dags/logistics_incremental_load.py took 1.018 seconds
[2026-08-11T09:20:36.443+0000] {processor.py:186} INFO - Started process (PID=3238) to work on /opt/airflow/dags/logistics_incremental_load.py
[2026-08-11T09:20:36.445+0000] {processor.py:914} INFO - Processing file /opt/airflow/dags/logistics_incremental_load.py for tasks to queue
[2026-08-11T09:20:36.451+0000] {logging_mixin.py:190} INFO - [2026-08-11T09:20:36.450+0000] {dagbag.py:588} INFO - Filling up the DagBag from /opt/airflow/dags/logistics_incremental_load.py
[2026-08-11T09:20:37.450+0000] {processor.py:925} INFO - DAG(s) 'logistics_orders_incremental_load' retrieved from /opt/airflow/dags/logistics_incremental_load.py
[2026-08-11T09:20:37.498+0000] {logging_mixin.py:190} INFO - [2026-08-11T09:20:37.498+0000] {dag.py:3239} INFO - Sync 1 DAGs
[2026-08-11T09:20:37.541+0000] {logging_mixin.py:190} INFO - [2026-08-11T09:20:37.541+0000] {dag.py:4180} INFO - Setting next_dagrun for logistics_orders_incremental_load to 2026-08-10 00:00:00+00:00, run_after=2026-08-11 00:00:00+00:00
[2026-08-11T09:20:37.581+0000] {processor.py:208} INFO - Processing /opt/airflow/dags/logistics_incremental_load.py took 1.155 seconds
[2026-08-11T09:23:45.416+0000] {processor.py:186} INFO - Started process (PID=169) to work on /opt/airflow/dags/logistics_incremental_load.py
[2026-08-11T09:23:45.420+0000] {processor.py:914} INFO - Processing file /opt/airflow/dags/logistics_incremental_load.py for tasks to queue
[2026-08-11T09:23:45.428+0000] {logging_mixin.py:190} INFO - [2026-08-11T09:23:45.426+0000] {dagbag.py:588} INFO - Filling up the DagBag from /opt/airflow/dags/logistics_incremental_load.py
[2026-08-11T09:23:46.389+0000] {processor.py:925} INFO - DAG(s) 'logistics_orders_incremental_load' retrieved from /opt/airflow/dags/logistics_incremental_load.py
[2026-08-11T09:23:46.490+0000] {logging_mixin.py:190} INFO - [2026-08-11T09:23:46.489+0000] {dag.py:3239} INFO - Sync 1 DAGs
[2026-08-11T09:23:46.562+0000] {logging_mixin.py:190} INFO - [2026-08-11T09:23:46.561+0000] {dag.py:4180} INFO - Setting next_dagrun for logistics_orders_incremental_load to 2026-08-10 00:00:00+00:00, run_after=2026-08-11 00:00:00+00:00
[2026-08-11T09:23:46.619+0000] {processor.py:208} INFO - Processing /opt/airflow/dags/logistics_incremental_load.py took 1.224 seconds
[2026-08-11T09:24:17.604+0000] {processor.py:186} INFO - Started process (PID=313) to work on /opt/airflow/dags/logistics_incremental_load.py
[2026-08-11T09:24:17.606+0000] {processor.py:914} INFO - Processing file /opt/airflow/dags/logistics_incremental_load.py for tasks to queue
[2026-08-11T09:24:17.612+0000] {logging_mixin.py:190} INFO - [2026-08-11T09:24:17.612+0000] {dagbag.py:588} INFO - Filling up the DagBag from /opt/airflow/dags/logistics_incremental_load.py
[2026-08-11T09:24:18.310+0000] {processor.py:925} INFO - DAG(s) 'logistics_orders_incremental_load' retrieved from /opt/airflow/dags/logistics_incremental_load.py
[2026-08-11T09:24:18.353+0000] {logging_mixin.py:190} INFO - [2026-08-11T09:24:18.353+0000] {dag.py:3239} INFO - Sync 1 DAGs
[2026-08-11T09:24:18.399+0000] {logging_mixin.py:190} INFO - [2026-08-11T09:24:18.399+0000] {dag.py:4180} INFO - Setting next_dagrun for logistics_orders_incremental_load to 2026-08-10 00:00:00+00:00, run_after=2026-08-11 00:00:00+00:00
[2026-08-11T09:24:18.431+0000] {processor.py:208} INFO - Processing /opt/airflow/dags/logistics_incremental_load.py took 0.837 seconds
[2026-08-11T09:24:49.443+0000] {processor.py:186} INFO - Started process (PID=441) to work on /opt/airflow/dags/logistics_incremental_load.py
[2026-08-11T09:24:49.445+0000] {processor.py:914} INFO - Processing file /opt/airflow/dags/logistics_incremental_load.py for tasks to queue
[2026-08-11T09:24:49.449+0000] {logging_mixin.py:190} INFO - [2026-08-11T09:24:49.449+0000] {dagbag.py:588} INFO - Filling up the DagBag from /opt/airflow/dags/logistics_incremental_load.py
[2026-08-11T09:24:49.865+0000] {processor.py:925} INFO - DAG(s) 'logistics_orders_incremental_load' retrieved from /opt/airflow/dags/logistics_incremental_load.py
[2026-08-11T09:24:49.897+0000] {logging_mixin.py:190} INFO - [2026-08-11T09:24:49.897+0000] {dag.py:3239} INFO - Sync 1 DAGs
[2026-08-11T09:24:49.929+0000] {logging_mixin.py:190} INFO - [2026-08-11T09:24:49.929+0000] {dag.py:4180} INFO - Setting next_dagrun for logistics_orders_incremental_load to 2026-08-10 00:00:00+00:00, run_after=2026-08-11 00:00:00+00:00
[2026-08-11T09:24:49.953+0000] {processor.py:208} INFO - Processing /opt/airflow/dags/logistics_incremental_load.py took 0.515 seconds
[2026-08-11T09:25:20.039+0000] {processor.py:186} INFO - Started process (PID=576) to work on /opt/airflow/dags/logistics_incremental_load.py
[2026-08-11T09:25:20.040+0000] {processor.py:914} INFO - Processing file /opt/airflow/dags/logistics_incremental_load.py for tasks to queue
[2026-08-11T09:25:20.043+0000] {logging_mixin.py:190} INFO - [2026-08-11T09:25:20.043+0000] {dagbag.py:588} INFO - Filling up the DagBag from /opt/airflow/dags/logistics_incremental_load.py
[2026-08-11T09:25:20.450+0000] {processor.py:925} INFO - DAG(s) 'logistics_orders_incremental_load' retrieved from /opt/airflow/dags/logistics_incremental_load.py
[2026-08-11T09:25:20.493+0000] {logging_mixin.py:190} INFO - [2026-08-11T09:25:20.493+0000] {dag.py:3239} INFO - Sync 1 DAGs
[2026-08-11T09:25:20.529+0000] {logging_mixin.py:190} INFO - [2026-08-11T09:25:20.529+0000] {dag.py:4180} INFO - Setting next_dagrun for logistics_orders_incremental_load to 2026-08-10 00:00:00+00:00, run_after=2026-08-11 00:00:00+00:00
[2026-08-11T09:25:20.559+0000] {processor.py:208} INFO - Processing /opt/airflow/dags/logistics_incremental_load.py took 0.527 seconds
[2026-08-11T09:25:50.989+0000] {processor.py:186} INFO - Started process (PID=705) to work on /opt/airflow/dags/logistics_incremental_load.py
[2026-08-11T09:25:50.990+0000] {processor.py:914} INFO - Processing file /opt/airflow/dags/logistics_incremental_load.py for tasks to queue
[2026-08-11T09:25:50.994+0000] {logging_mixin.py:190} INFO - [2026-08-11T09:25:50.993+0000] {dagbag.py:588} INFO - Filling up the DagBag from /opt/airflow/dags/logistics_incremental_load.py
[2026-08-11T09:25:51.310+0000] {processor.py:925} INFO - DAG(s) 'logistics_orders_incremental_load' retrieved from /opt/airflow/dags/logistics_incremental_load.py
[2026-08-11T09:25:51.337+0000] {logging_mixin.py:190} INFO - [2026-08-11T09:25:51.337+0000] {dag.py:3239} INFO - Sync 1 DAGs
[2026-08-11T09:25:51.362+0000] {logging_mixin.py:190} INFO - [2026-08-11T09:25:51.362+0000] {dag.py:4180} INFO - Setting next_dagrun for logistics_orders_incremental_load to 2026-08-10 00:00:00+00:00, run_after=2026-08-11 00:00:00+00:00
[2026-08-11T09:25:51.383+0000] {processor.py:208} INFO - Processing /opt/airflow/dags/logistics_incremental_load.py took 0.403 seconds
[2026-08-11T09:26:21.650+0000] {processor.py:186} INFO - Started process (PID=834) to work on /opt/airflow/dags/logistics_incremental_load.py
[2026-08-11T09:26:21.652+0000] {processor.py:914} INFO - Processing file /opt/airflow/dags/logistics_incremental_load.py for tasks to queue
[2026-08-11T09:26:21.655+0000] {logging_mixin.py:190} INFO - [2026-08-11T09:26:21.654+0000] {dagbag.py:588} INFO - Filling up the DagBag from /opt/airflow/dags/logistics_incremental_load.py
[2026-08-11T09:26:21.973+0000] {processor.py:925} INFO - DAG(s) 'logistics_orders_incremental_load' retrieved from /opt/airflow/dags/logistics_incremental_load.py
[2026-08-11T09:26:22.002+0000] {logging_mixin.py:190} INFO - [2026-08-11T09:26:22.002+0000] {dag.py:3239} INFO - Sync 1 DAGs
[2026-08-11T09:26:22.039+0000] {logging_mixin.py:190} INFO - [2026-08-11T09:26:22.038+0000] {dag.py:4180} INFO - Setting next_dagrun for logistics_orders_incremental_load to 2026-08-10 00:00:00+00:00, run_after=2026-08-11 00:00:00+00:00
[2026-08-11T09:26:22.062+0000] {processor.py:208} INFO - Processing /opt/airflow/dags/logistics_incremental_load.py took 0.419 seconds
[2026-08-11T09:26:52.345+0000] {processor.py:186} INFO - Started process (PID=971) to work on /opt/airflow/dags/logistics_incremental_load.py
[2026-08-11T09:26:52.346+0000] {processor.py:914} INFO - Processing file /opt/airflow/dags/logistics_incremental_load.py for tasks to queue
[2026-08-11T09:26:52.349+0000] {logging_mixin.py:190} INFO - [2026-08-11T09:26:52.348+0000] {dagbag.py:588} INFO - Filling up the DagBag from /opt/airflow/dags/logistics_incremental_load.py
[2026-08-11T09:26:52.738+0000] {processor.py:925} INFO - DAG(s) 'logistics_orders_incremental_load' retrieved from /opt/airflow/dags/logistics_incremental_load.py
[2026-08-11T09:26:52.791+0000] {logging_mixin.py:190} INFO - [2026-08-11T09:26:52.791+0000] {dag.py:3239} INFO - Sync 1 DAGs
[2026-08-11T09:26:52.861+0000] {logging_mixin.py:190} INFO - [2026-08-11T09:26:52.861+0000] {dag.py:4180} INFO - Setting next_dagrun for logistics_orders_incremental_load to 2026-08-10 00:00:00+00:00, run_after=2026-08-11 00:00:00+00:00
[2026-08-11T09:26:52.929+0000] {processor.py:208} INFO - Processing /opt/airflow/dags/logistics_incremental_load.py took 0.592 seconds
[2026-08-11T09:27:24.072+0000] {processor.py:186} INFO - Started process (PID=1108) to work on /opt/airflow/dags/logistics_incremental_load.py
[2026-08-11T09:27:24.074+0000] {processor.py:914} INFO - Processing file /opt/airflow/dags/logistics_incremental_load.py for tasks to queue
[2026-08-11T09:27:24.080+0000] {logging_mixin.py:190} INFO - [2026-08-11T09:27:24.079+0000] {dagbag.py:588} INFO - Filling up the DagBag from /opt/airflow/dags/logistics_incremental_load.py
[2026-08-11T09:27:25.001+0000] {processor.py:925} INFO - DAG(s) 'logistics_orders_incremental_load' retrieved from /opt/airflow/dags/logistics_incremental_load.py
[2026-08-11T09:27:25.062+0000] {logging_mixin.py:190} INFO - [2026-08-11T09:27:25.062+0000] {dag.py:3239} INFO - Sync 1 DAGs
[2026-08-11T09:27:25.116+0000] {logging_mixin.py:190} INFO - [2026-08-11T09:27:25.115+0000] {dag.py:4180} INFO - Setting next_dagrun for logistics_orders_incremental_load to 2026-08-10 00:00:00+00:00, run_after=2026-08-11 00:00:00+00:00
[2026-08-11T09:27:25.163+0000] {processor.py:208} INFO - Processing /opt/airflow/dags/logistics_incremental_load.py took 1.106 seconds
[2026-08-11T09:27:55.457+0000] {processor.py:186} INFO - Started process (PID=1246) to work on /opt/airflow/dags/logistics_incremental_load.py
[2026-08-11T09:27:55.459+0000] {processor.py:914} INFO - Processing file /opt/airflow/dags/logistics_incremental_load.py for tasks to queue
[2026-08-11T09:27:55.465+0000] {logging_mixin.py:190} INFO - [2026-08-11T09:27:55.464+0000] {dagbag.py:588} INFO - Filling up the DagBag from /opt/airflow/dags/logistics_incremental_load.py
[2026-08-11T09:27:56.273+0000] {processor.py:925} INFO - DAG(s) 'logistics_orders_incremental_load' retrieved from /opt/airflow/dags/logistics_incremental_load.py
[2026-08-11T09:27:56.351+0000] {logging_mixin.py:190} INFO - [2026-08-11T09:27:56.350+0000] {dag.py:3239} INFO - Sync 1 DAGs
[2026-08-11T09:27:56.415+0000] {logging_mixin.py:190} INFO - [2026-08-11T09:27:56.414+0000] {dag.py:4180} INFO - Setting next_dagrun for logistics_orders_incremental_load to 2026-08-10 00:00:00+00:00, run_after=2026-08-11 00:00:00+00:00
[2026-08-11T09:27:56.488+0000] {processor.py:208} INFO - Processing /opt/airflow/dags/logistics_incremental_load.py took 1.043 seconds
[2026-08-11T09:28:30.533+0000] {processor.py:186} INFO - Started process (PID=1393) to work on /opt/airflow/dags/logistics_incremental_load.py
[2026-08-11T09:28:30.539+0000] {processor.py:914} INFO - Processing file /opt/airflow/dags/logistics_incremental_load.py for tasks to queue
[2026-08-11T09:28:30.550+0000] {logging_mixin.py:190} INFO - [2026-08-11T09:28:30.549+0000] {dagbag.py:588} INFO - Filling up the DagBag from /opt/airflow/dags/logistics_incremental_load.py
[2026-08-11T09:28:32.192+0000] {processor.py:925} INFO - DAG(s) 'logistics_orders_incremental_load' retrieved from /opt/airflow/dags/logistics_incremental_load.py
[2026-08-11T09:28:32.274+0000] {logging_mixin.py:190} INFO - [2026-08-11T09:28:32.273+0000] {dag.py:3239} INFO - Sync 1 DAGs
[2026-08-11T09:28:32.345+0000] {logging_mixin.py:190} INFO - [2026-08-11T09:28:32.345+0000] {dag.py:4180} INFO - Setting next_dagrun for logistics_orders_incremental_load to 2026-08-10 00:00:00+00:00, run_after=2026-08-11 00:00:00+00:00
[2026-08-11T09:28:32.402+0000] {processor.py:208} INFO - Processing /opt/airflow/dags/logistics_incremental_load.py took 1.897 seconds
[2026-08-11T09:29:03.144+0000] {processor.py:186} INFO - Started process (PID=1522) to work on /opt/airflow/dags/logistics_incremental_load.py
[2026-08-11T09:29:03.146+0000] {processor.py:914} INFO - Processing file /opt/airflow/dags/logistics_incremental_load.py for tasks to queue
[2026-08-11T09:29:03.151+0000] {logging_mixin.py:190} INFO - [2026-08-11T09:29:03.151+0000] {dagbag.py:588} INFO - Filling up the DagBag from /opt/airflow/dags/logistics_incremental_load.py
[2026-08-11T09:29:04.301+0000] {processor.py:925} INFO - DAG(s) 'logistics_orders_incremental_load' retrieved from /opt/airflow/dags/logistics_incremental_load.py
[2026-08-11T09:29:04.390+0000] {logging_mixin.py:190} INFO - [2026-08-11T09:29:04.389+0000] {dag.py:3239} INFO - Sync 1 DAGs
[2026-08-11T09:29:04.471+0000] {logging_mixin.py:190} INFO - [2026-08-11T09:29:04.470+0000] {dag.py:4180} INFO - Setting next_dagrun for logistics_orders_incremental_load to 2026-08-10 00:00:00+00:00, run_after=2026-08-11 00:00:00+00:00
[2026-08-11T09:29:04.848+0000] {processor.py:208} INFO - Processing /opt/airflow/dags/logistics_incremental_load.py took 1.712 seconds
[2026-08-11T09:29:35.392+0000] {processor.py:186} INFO - Started process (PID=1667) to work on /opt/airflow/dags/logistics_incremental_load.py
[2026-08-11T09:29:35.395+0000] {processor.py:914} INFO - Processing file /opt/airflow/dags/logistics_incremental_load.py for tasks to queue
[2026-08-11T09:29:35.402+0000] {logging_mixin.py:190} INFO - [2026-08-11T09:29:35.401+0000] {dagbag.py:588} INFO - Filling up the DagBag from /opt/airflow/dags/logistics_incremental_load.py
[2026-08-11T09:29:36.310+0000] {processor.py:925} INFO - DAG(s) 'logistics_orders_incremental_load' retrieved from /opt/airflow/dags/logistics_incremental_load.py
[2026-08-11T09:29:36.354+0000] {logging_mixin.py:190} INFO - [2026-08-11T09:29:36.354+0000] {dag.py:3239} INFO - Sync 1 DAGs
[2026-08-11T09:29:36.391+0000] {logging_mixin.py:190} INFO - [2026-08-11T09:29:36.391+0000] {dag.py:4180} INFO - Setting next_dagrun for logistics_orders_incremental_load to 2026-08-10 00:00:00+00:00, run_after=2026-08-11 00:00:00+00:00
[2026-08-11T09:29:36.423+0000] {processor.py:208} INFO - Processing /opt/airflow/dags/logistics_incremental_load.py took 1.046 seconds
[2026-08-11T09:30:07.164+0000] {processor.py:186} INFO - Started process (PID=1796) to work on /opt/airflow/dags/logistics_incremental_load.py
[2026-08-11T09:30:07.166+0000] {processor.py:914} INFO - Processing file /opt/airflow/dags/logistics_incremental_load.py for tasks to queue
[2026-08-11T09:30:07.169+0000] {logging_mixin.py:190} INFO - [2026-08-11T09:30:07.169+0000] {dagbag.py:588} INFO - Filling up the DagBag from /opt/airflow/dags/logistics_incremental_load.py
[2026-08-11T09:30:07.518+0000] {processor.py:925} INFO - DAG(s) 'logistics_orders_incremental_load' retrieved from /opt/airflow/dags/logistics_incremental_load.py
[2026-08-11T09:30:07.548+0000] {logging_mixin.py:190} INFO - [2026-08-11T09:30:07.548+0000] {dag.py:3239} INFO - Sync 1 DAGs
[2026-08-11T09:30:07.757+0000] {logging_mixin.py:190} INFO - [2026-08-11T09:30:07.757+0000] {dag.py:4180} INFO - Setting next_dagrun for logistics_orders_incremental_load to 2026-08-10 00:00:00+00:00, run_after=2026-08-11 00:00:00+00:00
[2026-08-11T09:30:07.793+0000] {processor.py:208} INFO - Processing /opt/airflow/dags/logistics_incremental_load.py took 0.635 seconds
[2026-08-11T09:30:38.276+0000] {processor.py:186} INFO - Started process (PID=1928) to work on /opt/airflow/dags/logistics_incremental_load.py
[2026-08-11T09:30:38.278+0000] {processor.py:914} INFO - Processing file /opt/airflow/dags/logistics_incremental_load.py for tasks to queue
[2026-08-11T09:30:38.282+0000] {logging_mixin.py:190} INFO - [2026-08-11T09:30:38.282+0000] {dagbag.py:588} INFO - Filling up the DagBag from /opt/airflow/dags/logistics_incremental_load.py
[2026-08-11T09:30:38.836+0000] {processor.py:925} INFO - DAG(s) 'logistics_orders_incremental_load' retrieved from /opt/airflow/dags/logistics_incremental_load.py
[2026-08-11T09:30:38.865+0000] {logging_mixin.py:190} INFO - [2026-08-11T09:30:38.864+0000] {dag.py:3239} INFO - Sync 1 DAGs
[2026-08-11T09:30:38.887+0000] {logging_mixin.py:190} INFO - [2026-08-11T09:30:38.887+0000] {dag.py:4180} INFO - Setting next_dagrun for logistics_orders_incremental_load to 2026-08-10 00:00:00+00:00, run_after=2026-08-11 00:00:00+00:00
[2026-08-11T09:30:38.913+0000] {processor.py:208} INFO - Processing /opt/airflow/dags/logistics_incremental_load.py took 0.650 seconds
[2026-08-11T09:31:09.477+0000] {processor.py:186} INFO - Started process (PID=2059) to work on /opt/airflow/dags/logistics_incremental_load.py
[2026-08-11T09:31:09.479+0000] {processor.py:914} INFO - Processing file /opt/airflow/dags/logistics_incremental_load.py for tasks to queue
[2026-08-11T09:31:09.487+0000] {logging_mixin.py:190} INFO - [2026-08-11T09:31:09.486+0000] {dagbag.py:588} INFO - Filling up the DagBag from /opt/airflow/dags/logistics_incremental_load.py
[2026-08-11T09:31:10.060+0000] {processor.py:925} INFO - DAG(s) 'logistics_orders_incremental_load' retrieved from /opt/airflow/dags/logistics_incremental_load.py
[2026-08-11T09:31:10.086+0000] {logging_mixin.py:190} INFO - [2026-08-11T09:31:10.085+0000] {dag.py:3239} INFO - Sync 1 DAGs
[2026-08-11T09:31:10.113+0000] {logging_mixin.py:190} INFO - [2026-08-11T09:31:10.112+0000] {dag.py:4180} INFO - Setting next_dagrun for logistics_orders_incremental_load to 2026-08-10 00:00:00+00:00, run_after=2026-08-11 00:00:00+00:00
[2026-08-11T09:31:10.137+0000] {processor.py:208} INFO - Processing /opt/airflow/dags/logistics_incremental_load.py took 0.676 seconds
