[2026-08-11T08:20:49.574+0000] {processor.py:186} INFO - Started process (PID=224) to work on /opt/airflow/dags/wap_full_load_cfpb_pipeline.py
[2026-08-11T08:20:49.577+0000] {processor.py:914} INFO - Processing file /opt/airflow/dags/wap_full_load_cfpb_pipeline.py for tasks to queue
[2026-08-11T08:20:49.586+0000] {logging_mixin.py:190} INFO - [2026-08-11T08:20:49.585+0000] {dagbag.py:588} INFO - Filling up the DagBag from /opt/airflow/dags/wap_full_load_cfpb_pipeline.py
[2026-08-11T08:20:50.729+0000] {processor.py:925} INFO - DAG(s) 'wap_full_load_cfpb_pipeline' retrieved from /opt/airflow/dags/wap_full_load_cfpb_pipeline.py
[2026-08-11T08:20:50.815+0000] {logging_mixin.py:190} INFO - [2026-08-11T08:20:50.814+0000] {dag.py:3239} INFO - Sync 1 DAGs
[2026-08-11T08:20:50.908+0000] {logging_mixin.py:190} INFO - [2026-08-11T08:20:50.907+0000] {dag.py:4180} INFO - Setting next_dagrun for wap_full_load_cfpb_pipeline to 2026-01-01 00:00:00+00:00, run_after=2026-01-01 00:00:00+00:00
[2026-08-11T08:20:50.979+0000] {processor.py:208} INFO - Processing /opt/airflow/dags/wap_full_load_cfpb_pipeline.py took 1.438 seconds
[2026-08-11T08:21:24.065+0000] {processor.py:186} INFO - Started process (PID=356) to work on /opt/airflow/dags/wap_full_load_cfpb_pipeline.py
[2026-08-11T08:21:24.070+0000] {processor.py:914} INFO - Processing file /opt/airflow/dags/wap_full_load_cfpb_pipeline.py for tasks to queue
[2026-08-11T08:21:24.086+0000] {logging_mixin.py:190} INFO - [2026-08-11T08:21:24.085+0000] {dagbag.py:588} INFO - Filling up the DagBag from /opt/airflow/dags/wap_full_load_cfpb_pipeline.py
[2026-08-11T08:21:25.950+0000] {processor.py:925} INFO - DAG(s) 'wap_full_load_cfpb_pipeline' retrieved from /opt/airflow/dags/wap_full_load_cfpb_pipeline.py
[2026-08-11T08:21:26.113+0000] {logging_mixin.py:190} INFO - [2026-08-11T08:21:26.111+0000] {dag.py:3239} INFO - Sync 1 DAGs
[2026-08-11T08:21:26.251+0000] {logging_mixin.py:190} INFO - [2026-08-11T08:21:26.250+0000] {dag.py:4180} INFO - Setting next_dagrun for wap_full_load_cfpb_pipeline to 2026-01-01 00:00:00+00:00, run_after=2026-01-01 00:00:00+00:00
[2026-08-11T08:21:26.353+0000] {processor.py:208} INFO - Processing /opt/airflow/dags/wap_full_load_cfpb_pipeline.py took 2.308 seconds
[2026-08-11T08:21:56.642+0000] {processor.py:186} INFO - Started process (PID=484) to work on /opt/airflow/dags/wap_full_load_cfpb_pipeline.py
[2026-08-11T08:21:56.645+0000] {processor.py:914} INFO - Processing file /opt/airflow/dags/wap_full_load_cfpb_pipeline.py for tasks to queue
[2026-08-11T08:21:56.650+0000] {logging_mixin.py:190} INFO - [2026-08-11T08:21:56.650+0000] {dagbag.py:588} INFO - Filling up the DagBag from /opt/airflow/dags/wap_full_load_cfpb_pipeline.py
[2026-08-11T08:21:57.495+0000] {processor.py:925} INFO - DAG(s) 'wap_full_load_cfpb_pipeline' retrieved from /opt/airflow/dags/wap_full_load_cfpb_pipeline.py
[2026-08-11T08:21:57.559+0000] {logging_mixin.py:190} INFO - [2026-08-11T08:21:57.558+0000] {dag.py:3239} INFO - Sync 1 DAGs
[2026-08-11T08:21:57.629+0000] {logging_mixin.py:190} INFO - [2026-08-11T08:21:57.629+0000] {dag.py:4180} INFO - Setting next_dagrun for wap_full_load_cfpb_pipeline to 2026-01-01 00:00:00+00:00, run_after=2026-01-01 00:00:00+00:00
[2026-08-11T08:21:57.680+0000] {processor.py:208} INFO - Processing /opt/airflow/dags/wap_full_load_cfpb_pipeline.py took 1.050 seconds
[2026-08-11T08:22:27.899+0000] {processor.py:186} INFO - Started process (PID=615) to work on /opt/airflow/dags/wap_full_load_cfpb_pipeline.py
[2026-08-11T08:22:27.904+0000] {processor.py:914} INFO - Processing file /opt/airflow/dags/wap_full_load_cfpb_pipeline.py for tasks to queue
[2026-08-11T08:22:27.913+0000] {logging_mixin.py:190} INFO - [2026-08-11T08:22:27.912+0000] {dagbag.py:588} INFO - Filling up the DagBag from /opt/airflow/dags/wap_full_load_cfpb_pipeline.py
[2026-08-11T08:22:28.693+0000] {processor.py:925} INFO - DAG(s) 'wap_full_load_cfpb_pipeline' retrieved from /opt/airflow/dags/wap_full_load_cfpb_pipeline.py
[2026-08-11T08:22:28.742+0000] {logging_mixin.py:190} INFO - [2026-08-11T08:22:28.741+0000] {dag.py:3239} INFO - Sync 1 DAGs
[2026-08-11T08:22:28.782+0000] {logging_mixin.py:190} INFO - [2026-08-11T08:22:28.782+0000] {dag.py:4180} INFO - Setting next_dagrun for wap_full_load_cfpb_pipeline to 2026-01-01 00:00:00+00:00, run_after=2026-01-01 00:00:00+00:00
[2026-08-11T08:22:28.819+0000] {processor.py:208} INFO - Processing /opt/airflow/dags/wap_full_load_cfpb_pipeline.py took 0.950 seconds
[2026-08-11T08:22:59.281+0000] {processor.py:186} INFO - Started process (PID=743) to work on /opt/airflow/dags/wap_full_load_cfpb_pipeline.py
[2026-08-11T08:22:59.284+0000] {processor.py:914} INFO - Processing file /opt/airflow/dags/wap_full_load_cfpb_pipeline.py for tasks to queue
[2026-08-11T08:22:59.296+0000] {logging_mixin.py:190} INFO - [2026-08-11T08:22:59.295+0000] {dagbag.py:588} INFO - Filling up the DagBag from /opt/airflow/dags/wap_full_load_cfpb_pipeline.py
[2026-08-11T08:23:00.332+0000] {processor.py:925} INFO - DAG(s) 'wap_full_load_cfpb_pipeline' retrieved from /opt/airflow/dags/wap_full_load_cfpb_pipeline.py
[2026-08-11T08:23:00.414+0000] {logging_mixin.py:190} INFO - [2026-08-11T08:23:00.414+0000] {dag.py:3239} INFO - Sync 1 DAGs
[2026-08-11T08:23:00.499+0000] {logging_mixin.py:190} INFO - [2026-08-11T08:23:00.499+0000] {dag.py:4180} INFO - Setting next_dagrun for wap_full_load_cfpb_pipeline to 2026-01-01 00:00:00+00:00, run_after=2026-01-01 00:00:00+00:00
[2026-08-11T08:23:00.567+0000] {processor.py:208} INFO - Processing /opt/airflow/dags/wap_full_load_cfpb_pipeline.py took 1.305 seconds
[2026-08-11T08:23:30.888+0000] {processor.py:186} INFO - Started process (PID=870) to work on /opt/airflow/dags/wap_full_load_cfpb_pipeline.py
[2026-08-11T08:23:30.892+0000] {processor.py:914} INFO - Processing file /opt/airflow/dags/wap_full_load_cfpb_pipeline.py for tasks to queue
[2026-08-11T08:23:30.898+0000] {logging_mixin.py:190} INFO - [2026-08-11T08:23:30.897+0000] {dagbag.py:588} INFO - Filling up the DagBag from /opt/airflow/dags/wap_full_load_cfpb_pipeline.py
[2026-08-11T08:23:31.353+0000] {processor.py:925} INFO - DAG(s) 'wap_full_load_cfpb_pipeline' retrieved from /opt/airflow/dags/wap_full_load_cfpb_pipeline.py
[2026-08-11T08:23:31.389+0000] {logging_mixin.py:190} INFO - [2026-08-11T08:23:31.389+0000] {dag.py:3239} INFO - Sync 1 DAGs
[2026-08-11T08:23:31.428+0000] {logging_mixin.py:190} INFO - [2026-08-11T08:23:31.428+0000] {dag.py:4180} INFO - Setting next_dagrun for wap_full_load_cfpb_pipeline to 2026-01-01 00:00:00+00:00, run_after=2026-01-01 00:00:00+00:00
[2026-08-11T08:23:31.456+0000] {processor.py:208} INFO - Processing /opt/airflow/dags/wap_full_load_cfpb_pipeline.py took 0.584 seconds
[2026-08-11T08:24:01.838+0000] {processor.py:186} INFO - Started process (PID=1001) to work on /opt/airflow/dags/wap_full_load_cfpb_pipeline.py
[2026-08-11T08:24:01.842+0000] {processor.py:914} INFO - Processing file /opt/airflow/dags/wap_full_load_cfpb_pipeline.py for tasks to queue
[2026-08-11T08:24:01.851+0000] {logging_mixin.py:190} INFO - [2026-08-11T08:24:01.851+0000] {dagbag.py:588} INFO - Filling up the DagBag from /opt/airflow/dags/wap_full_load_cfpb_pipeline.py
[2026-08-11T08:24:02.705+0000] {processor.py:925} INFO - DAG(s) 'wap_full_load_cfpb_pipeline' retrieved from /opt/airflow/dags/wap_full_load_cfpb_pipeline.py
[2026-08-11T08:24:02.755+0000] {logging_mixin.py:190} INFO - [2026-08-11T08:24:02.755+0000] {dag.py:3239} INFO - Sync 1 DAGs
[2026-08-11T08:24:02.799+0000] {logging_mixin.py:190} INFO - [2026-08-11T08:24:02.799+0000] {dag.py:4180} INFO - Setting next_dagrun for wap_full_load_cfpb_pipeline to 2026-01-01 00:00:00+00:00, run_after=2026-01-01 00:00:00+00:00
[2026-08-11T08:24:02.832+0000] {processor.py:208} INFO - Processing /opt/airflow/dags/wap_full_load_cfpb_pipeline.py took 1.008 seconds
[2026-08-11T08:24:33.189+0000] {processor.py:186} INFO - Started process (PID=1129) to work on /opt/airflow/dags/wap_full_load_cfpb_pipeline.py
[2026-08-11T08:24:33.191+0000] {processor.py:914} INFO - Processing file /opt/airflow/dags/wap_full_load_cfpb_pipeline.py for tasks to queue
[2026-08-11T08:24:33.194+0000] {logging_mixin.py:190} INFO - [2026-08-11T08:24:33.193+0000] {dagbag.py:588} INFO - Filling up the DagBag from /opt/airflow/dags/wap_full_load_cfpb_pipeline.py
[2026-08-11T08:24:33.637+0000] {processor.py:925} INFO - DAG(s) 'wap_full_load_cfpb_pipeline' retrieved from /opt/airflow/dags/wap_full_load_cfpb_pipeline.py
[2026-08-11T08:24:33.676+0000] {logging_mixin.py:190} INFO - [2026-08-11T08:24:33.676+0000] {dag.py:3239} INFO - Sync 1 DAGs
[2026-08-11T08:24:33.709+0000] {logging_mixin.py:190} INFO - [2026-08-11T08:24:33.709+0000] {dag.py:4180} INFO - Setting next_dagrun for wap_full_load_cfpb_pipeline to 2026-01-01 00:00:00+00:00, run_after=2026-01-01 00:00:00+00:00
[2026-08-11T08:24:33.745+0000] {processor.py:208} INFO - Processing /opt/airflow/dags/wap_full_load_cfpb_pipeline.py took 0.562 seconds
[2026-08-11T08:25:04.153+0000] {processor.py:186} INFO - Started process (PID=1259) to work on /opt/airflow/dags/wap_full_load_cfpb_pipeline.py
[2026-08-11T08:25:04.154+0000] {processor.py:914} INFO - Processing file /opt/airflow/dags/wap_full_load_cfpb_pipeline.py for tasks to queue
[2026-08-11T08:25:04.158+0000] {logging_mixin.py:190} INFO - [2026-08-11T08:25:04.157+0000] {dagbag.py:588} INFO - Filling up the DagBag from /opt/airflow/dags/wap_full_load_cfpb_pipeline.py
[2026-08-11T08:25:04.672+0000] {processor.py:925} INFO - DAG(s) 'wap_full_load_cfpb_pipeline' retrieved from /opt/airflow/dags/wap_full_load_cfpb_pipeline.py
[2026-08-11T08:25:04.722+0000] {logging_mixin.py:190} INFO - [2026-08-11T08:25:04.722+0000] {dag.py:3239} INFO - Sync 1 DAGs
[2026-08-11T08:25:04.761+0000] {logging_mixin.py:190} INFO - [2026-08-11T08:25:04.761+0000] {dag.py:4180} INFO - Setting next_dagrun for wap_full_load_cfpb_pipeline to 2026-01-01 00:00:00+00:00, run_after=2026-01-01 00:00:00+00:00
[2026-08-11T08:25:04.799+0000] {processor.py:208} INFO - Processing /opt/airflow/dags/wap_full_load_cfpb_pipeline.py took 0.655 seconds
[2026-08-11T08:25:35.389+0000] {processor.py:186} INFO - Started process (PID=1388) to work on /opt/airflow/dags/wap_full_load_cfpb_pipeline.py
[2026-08-11T08:25:35.395+0000] {processor.py:914} INFO - Processing file /opt/airflow/dags/wap_full_load_cfpb_pipeline.py for tasks to queue
[2026-08-11T08:25:35.402+0000] {logging_mixin.py:190} INFO - [2026-08-11T08:25:35.401+0000] {dagbag.py:588} INFO - Filling up the DagBag from /opt/airflow/dags/wap_full_load_cfpb_pipeline.py
[2026-08-11T08:25:36.265+0000] {processor.py:925} INFO - DAG(s) 'wap_full_load_cfpb_pipeline' retrieved from /opt/airflow/dags/wap_full_load_cfpb_pipeline.py
[2026-08-11T08:25:36.344+0000] {logging_mixin.py:190} INFO - [2026-08-11T08:25:36.344+0000] {dag.py:3239} INFO - Sync 1 DAGs
[2026-08-11T08:25:36.414+0000] {logging_mixin.py:190} INFO - [2026-08-11T08:25:36.413+0000] {dag.py:4180} INFO - Setting next_dagrun for wap_full_load_cfpb_pipeline to 2026-01-01 00:00:00+00:00, run_after=2026-01-01 00:00:00+00:00
[2026-08-11T08:25:36.467+0000] {processor.py:208} INFO - Processing /opt/airflow/dags/wap_full_load_cfpb_pipeline.py took 1.087 seconds
[2026-08-11T08:26:06.794+0000] {processor.py:186} INFO - Started process (PID=1515) to work on /opt/airflow/dags/wap_full_load_cfpb_pipeline.py
[2026-08-11T08:26:06.796+0000] {processor.py:914} INFO - Processing file /opt/airflow/dags/wap_full_load_cfpb_pipeline.py for tasks to queue
[2026-08-11T08:26:06.799+0000] {logging_mixin.py:190} INFO - [2026-08-11T08:26:06.798+0000] {dagbag.py:588} INFO - Filling up the DagBag from /opt/airflow/dags/wap_full_load_cfpb_pipeline.py
[2026-08-11T08:26:07.248+0000] {processor.py:925} INFO - DAG(s) 'wap_full_load_cfpb_pipeline' retrieved from /opt/airflow/dags/wap_full_load_cfpb_pipeline.py
[2026-08-11T08:26:07.286+0000] {logging_mixin.py:190} INFO - [2026-08-11T08:26:07.286+0000] {dag.py:3239} INFO - Sync 1 DAGs
[2026-08-11T08:26:07.322+0000] {logging_mixin.py:190} INFO - [2026-08-11T08:26:07.322+0000] {dag.py:4180} INFO - Setting next_dagrun for wap_full_load_cfpb_pipeline to 2026-01-01 00:00:00+00:00, run_after=2026-01-01 00:00:00+00:00
[2026-08-11T08:26:07.371+0000] {processor.py:208} INFO - Processing /opt/airflow/dags/wap_full_load_cfpb_pipeline.py took 0.586 seconds
[2026-08-11T08:26:37.737+0000] {processor.py:186} INFO - Started process (PID=1646) to work on /opt/airflow/dags/wap_full_load_cfpb_pipeline.py
[2026-08-11T08:26:37.739+0000] {processor.py:914} INFO - Processing file /opt/airflow/dags/wap_full_load_cfpb_pipeline.py for tasks to queue
[2026-08-11T08:26:37.747+0000] {logging_mixin.py:190} INFO - [2026-08-11T08:26:37.747+0000] {dagbag.py:588} INFO - Filling up the DagBag from /opt/airflow/dags/wap_full_load_cfpb_pipeline.py
[2026-08-11T08:26:38.799+0000] {processor.py:925} INFO - DAG(s) 'wap_full_load_cfpb_pipeline' retrieved from /opt/airflow/dags/wap_full_load_cfpb_pipeline.py
[2026-08-11T08:26:38.871+0000] {logging_mixin.py:190} INFO - [2026-08-11T08:26:38.870+0000] {dag.py:3239} INFO - Sync 1 DAGs
[2026-08-11T08:26:38.945+0000] {logging_mixin.py:190} INFO - [2026-08-11T08:26:38.945+0000] {dag.py:4180} INFO - Setting next_dagrun for wap_full_load_cfpb_pipeline to 2026-01-01 00:00:00+00:00, run_after=2026-01-01 00:00:00+00:00
[2026-08-11T08:26:38.991+0000] {processor.py:208} INFO - Processing /opt/airflow/dags/wap_full_load_cfpb_pipeline.py took 1.278 seconds
[2026-08-11T08:27:09.250+0000] {processor.py:186} INFO - Started process (PID=1774) to work on /opt/airflow/dags/wap_full_load_cfpb_pipeline.py
[2026-08-11T08:27:09.253+0000] {processor.py:914} INFO - Processing file /opt/airflow/dags/wap_full_load_cfpb_pipeline.py for tasks to queue
[2026-08-11T08:27:09.258+0000] {logging_mixin.py:190} INFO - [2026-08-11T08:27:09.258+0000] {dagbag.py:588} INFO - Filling up the DagBag from /opt/airflow/dags/wap_full_load_cfpb_pipeline.py
[2026-08-11T08:27:09.877+0000] {processor.py:925} INFO - DAG(s) 'wap_full_load_cfpb_pipeline' retrieved from /opt/airflow/dags/wap_full_load_cfpb_pipeline.py
[2026-08-11T08:27:09.920+0000] {logging_mixin.py:190} INFO - [2026-08-11T08:27:09.919+0000] {dag.py:3239} INFO - Sync 1 DAGs
[2026-08-11T08:27:10.154+0000] {logging_mixin.py:190} INFO - [2026-08-11T08:27:10.154+0000] {dag.py:4180} INFO - Setting next_dagrun for wap_full_load_cfpb_pipeline to 2026-01-01 00:00:00+00:00, run_after=2026-01-01 00:00:00+00:00
[2026-08-11T08:27:10.194+0000] {processor.py:208} INFO - Processing /opt/airflow/dags/wap_full_load_cfpb_pipeline.py took 0.965 seconds
[2026-08-11T08:27:40.363+0000] {processor.py:186} INFO - Started process (PID=1904) to work on /opt/airflow/dags/wap_full_load_cfpb_pipeline.py
[2026-08-11T08:27:40.365+0000] {processor.py:914} INFO - Processing file /opt/airflow/dags/wap_full_load_cfpb_pipeline.py for tasks to queue
[2026-08-11T08:27:40.367+0000] {logging_mixin.py:190} INFO - [2026-08-11T08:27:40.367+0000] {dagbag.py:588} INFO - Filling up the DagBag from /opt/airflow/dags/wap_full_load_cfpb_pipeline.py
[2026-08-11T08:27:40.798+0000] {processor.py:925} INFO - DAG(s) 'wap_full_load_cfpb_pipeline' retrieved from /opt/airflow/dags/wap_full_load_cfpb_pipeline.py
[2026-08-11T08:27:40.835+0000] {logging_mixin.py:190} INFO - [2026-08-11T08:27:40.835+0000] {dag.py:3239} INFO - Sync 1 DAGs
[2026-08-11T08:27:40.864+0000] {logging_mixin.py:190} INFO - [2026-08-11T08:27:40.864+0000] {dag.py:4180} INFO - Setting next_dagrun for wap_full_load_cfpb_pipeline to 2026-01-01 00:00:00+00:00, run_after=2026-01-01 00:00:00+00:00
[2026-08-11T08:27:41.051+0000] {processor.py:208} INFO - Processing /opt/airflow/dags/wap_full_load_cfpb_pipeline.py took 0.695 seconds
[2026-08-11T08:28:11.578+0000] {processor.py:186} INFO - Started process (PID=2032) to work on /opt/airflow/dags/wap_full_load_cfpb_pipeline.py
[2026-08-11T08:28:11.580+0000] {processor.py:914} INFO - Processing file /opt/airflow/dags/wap_full_load_cfpb_pipeline.py for tasks to queue
[2026-08-11T08:28:11.585+0000] {logging_mixin.py:190} INFO - [2026-08-11T08:28:11.585+0000] {dagbag.py:588} INFO - Filling up the DagBag from /opt/airflow/dags/wap_full_load_cfpb_pipeline.py
[2026-08-11T08:28:12.175+0000] {processor.py:925} INFO - DAG(s) 'wap_full_load_cfpb_pipeline' retrieved from /opt/airflow/dags/wap_full_load_cfpb_pipeline.py
[2026-08-11T08:28:12.228+0000] {logging_mixin.py:190} INFO - [2026-08-11T08:28:12.227+0000] {dag.py:3239} INFO - Sync 1 DAGs
[2026-08-11T08:28:12.277+0000] {logging_mixin.py:190} INFO - [2026-08-11T08:28:12.277+0000] {dag.py:4180} INFO - Setting next_dagrun for wap_full_load_cfpb_pipeline to 2026-01-01 00:00:00+00:00, run_after=2026-01-01 00:00:00+00:00
[2026-08-11T08:28:12.328+0000] {processor.py:208} INFO - Processing /opt/airflow/dags/wap_full_load_cfpb_pipeline.py took 0.760 seconds
[2026-08-11T09:01:17.472+0000] {processor.py:186} INFO - Started process (PID=224) to work on /opt/airflow/dags/wap_full_load_cfpb_pipeline.py
[2026-08-11T09:01:17.475+0000] {processor.py:914} INFO - Processing file /opt/airflow/dags/wap_full_load_cfpb_pipeline.py for tasks to queue
[2026-08-11T09:01:17.491+0000] {logging_mixin.py:190} INFO - [2026-08-11T09:01:17.490+0000] {dagbag.py:588} INFO - Filling up the DagBag from /opt/airflow/dags/wap_full_load_cfpb_pipeline.py
[2026-08-11T09:01:19.373+0000] {processor.py:925} INFO - DAG(s) 'wap_full_load_cfpb_pipeline' retrieved from /opt/airflow/dags/wap_full_load_cfpb_pipeline.py
[2026-08-11T09:01:19.619+0000] {logging_mixin.py:190} INFO - [2026-08-11T09:01:19.618+0000] {dag.py:3239} INFO - Sync 1 DAGs
[2026-08-11T09:01:19.805+0000] {logging_mixin.py:190} INFO - [2026-08-11T09:01:19.804+0000] {dag.py:4180} INFO - Setting next_dagrun for wap_full_load_cfpb_pipeline to 2026-01-01 00:00:00+00:00, run_after=2026-01-01 00:00:00+00:00
[2026-08-11T09:01:19.910+0000] {processor.py:208} INFO - Processing /opt/airflow/dags/wap_full_load_cfpb_pipeline.py took 2.451 seconds
[2026-08-11T09:01:50.170+0000] {processor.py:186} INFO - Started process (PID=357) to work on /opt/airflow/dags/wap_full_load_cfpb_pipeline.py
[2026-08-11T09:01:50.173+0000] {processor.py:914} INFO - Processing file /opt/airflow/dags/wap_full_load_cfpb_pipeline.py for tasks to queue
[2026-08-11T09:01:50.181+0000] {logging_mixin.py:190} INFO - [2026-08-11T09:01:50.180+0000] {dagbag.py:588} INFO - Filling up the DagBag from /opt/airflow/dags/wap_full_load_cfpb_pipeline.py
[2026-08-11T09:01:51.398+0000] {processor.py:925} INFO - DAG(s) 'wap_full_load_cfpb_pipeline' retrieved from /opt/airflow/dags/wap_full_load_cfpb_pipeline.py
[2026-08-11T09:01:51.463+0000] {logging_mixin.py:190} INFO - [2026-08-11T09:01:51.463+0000] {dag.py:3239} INFO - Sync 1 DAGs
[2026-08-11T09:01:51.502+0000] {logging_mixin.py:190} INFO - [2026-08-11T09:01:51.502+0000] {dag.py:4180} INFO - Setting next_dagrun for wap_full_load_cfpb_pipeline to 2026-01-01 00:00:00+00:00, run_after=2026-01-01 00:00:00+00:00
[2026-08-11T09:01:51.542+0000] {processor.py:208} INFO - Processing /opt/airflow/dags/wap_full_load_cfpb_pipeline.py took 1.395 seconds
[2026-08-11T09:02:21.963+0000] {processor.py:186} INFO - Started process (PID=485) to work on /opt/airflow/dags/wap_full_load_cfpb_pipeline.py
[2026-08-11T09:02:22.004+0000] {processor.py:914} INFO - Processing file /opt/airflow/dags/wap_full_load_cfpb_pipeline.py for tasks to queue
[2026-08-11T09:02:22.024+0000] {logging_mixin.py:190} INFO - [2026-08-11T09:02:22.023+0000] {dagbag.py:588} INFO - Filling up the DagBag from /opt/airflow/dags/wap_full_load_cfpb_pipeline.py
[2026-08-11T09:02:23.309+0000] {processor.py:925} INFO - DAG(s) 'wap_full_load_cfpb_pipeline' retrieved from /opt/airflow/dags/wap_full_load_cfpb_pipeline.py
[2026-08-11T09:02:23.420+0000] {logging_mixin.py:190} INFO - [2026-08-11T09:02:23.420+0000] {dag.py:3239} INFO - Sync 1 DAGs
[2026-08-11T09:02:23.480+0000] {logging_mixin.py:190} INFO - [2026-08-11T09:02:23.479+0000] {dag.py:4180} INFO - Setting next_dagrun for wap_full_load_cfpb_pipeline to 2026-01-01 00:00:00+00:00, run_after=2026-01-01 00:00:00+00:00
[2026-08-11T09:02:23.550+0000] {processor.py:208} INFO - Processing /opt/airflow/dags/wap_full_load_cfpb_pipeline.py took 1.608 seconds
[2026-08-11T09:02:53.968+0000] {processor.py:186} INFO - Started process (PID=615) to work on /opt/airflow/dags/wap_full_load_cfpb_pipeline.py
[2026-08-11T09:02:53.972+0000] {processor.py:914} INFO - Processing file /opt/airflow/dags/wap_full_load_cfpb_pipeline.py for tasks to queue
[2026-08-11T09:02:53.980+0000] {logging_mixin.py:190} INFO - [2026-08-11T09:02:53.979+0000] {dagbag.py:588} INFO - Filling up the DagBag from /opt/airflow/dags/wap_full_load_cfpb_pipeline.py
[2026-08-11T09:02:55.197+0000] {processor.py:925} INFO - DAG(s) 'wap_full_load_cfpb_pipeline' retrieved from /opt/airflow/dags/wap_full_load_cfpb_pipeline.py
[2026-08-11T09:02:55.273+0000] {logging_mixin.py:190} INFO - [2026-08-11T09:02:55.271+0000] {dag.py:3239} INFO - Sync 1 DAGs
[2026-08-11T09:02:55.341+0000] {logging_mixin.py:190} INFO - [2026-08-11T09:02:55.341+0000] {dag.py:4180} INFO - Setting next_dagrun for wap_full_load_cfpb_pipeline to 2026-01-01 00:00:00+00:00, run_after=2026-01-01 00:00:00+00:00
[2026-08-11T09:02:55.401+0000] {processor.py:208} INFO - Processing /opt/airflow/dags/wap_full_load_cfpb_pipeline.py took 1.458 seconds
[2026-08-11T09:03:26.188+0000] {processor.py:186} INFO - Started process (PID=744) to work on /opt/airflow/dags/wap_full_load_cfpb_pipeline.py
[2026-08-11T09:03:26.190+0000] {processor.py:914} INFO - Processing file /opt/airflow/dags/wap_full_load_cfpb_pipeline.py for tasks to queue
[2026-08-11T09:03:26.194+0000] {logging_mixin.py:190} INFO - [2026-08-11T09:03:26.194+0000] {dagbag.py:588} INFO - Filling up the DagBag from /opt/airflow/dags/wap_full_load_cfpb_pipeline.py
[2026-08-11T09:03:27.084+0000] {processor.py:925} INFO - DAG(s) 'wap_full_load_cfpb_pipeline' retrieved from /opt/airflow/dags/wap_full_load_cfpb_pipeline.py
[2026-08-11T09:03:27.147+0000] {logging_mixin.py:190} INFO - [2026-08-11T09:03:27.147+0000] {dag.py:3239} INFO - Sync 1 DAGs
[2026-08-11T09:03:27.196+0000] {logging_mixin.py:190} INFO - [2026-08-11T09:03:27.196+0000] {dag.py:4180} INFO - Setting next_dagrun for wap_full_load_cfpb_pipeline to 2026-01-01 00:00:00+00:00, run_after=2026-01-01 00:00:00+00:00
[2026-08-11T09:03:27.240+0000] {processor.py:208} INFO - Processing /opt/airflow/dags/wap_full_load_cfpb_pipeline.py took 1.061 seconds
[2026-08-11T09:03:57.408+0000] {processor.py:186} INFO - Started process (PID=871) to work on /opt/airflow/dags/wap_full_load_cfpb_pipeline.py
[2026-08-11T09:03:57.410+0000] {processor.py:914} INFO - Processing file /opt/airflow/dags/wap_full_load_cfpb_pipeline.py for tasks to queue
[2026-08-11T09:03:57.413+0000] {logging_mixin.py:190} INFO - [2026-08-11T09:03:57.413+0000] {dagbag.py:588} INFO - Filling up the DagBag from /opt/airflow/dags/wap_full_load_cfpb_pipeline.py
[2026-08-11T09:03:57.970+0000] {processor.py:925} INFO - DAG(s) 'wap_full_load_cfpb_pipeline' retrieved from /opt/airflow/dags/wap_full_load_cfpb_pipeline.py
[2026-08-11T09:03:58.014+0000] {logging_mixin.py:190} INFO - [2026-08-11T09:03:58.013+0000] {dag.py:3239} INFO - Sync 1 DAGs
[2026-08-11T09:03:58.054+0000] {logging_mixin.py:190} INFO - [2026-08-11T09:03:58.054+0000] {dag.py:4180} INFO - Setting next_dagrun for wap_full_load_cfpb_pipeline to 2026-01-01 00:00:00+00:00, run_after=2026-01-01 00:00:00+00:00
[2026-08-11T09:03:58.096+0000] {processor.py:208} INFO - Processing /opt/airflow/dags/wap_full_load_cfpb_pipeline.py took 0.695 seconds
[2026-08-11T09:09:02.685+0000] {processor.py:186} INFO - Started process (PID=225) to work on /opt/airflow/dags/wap_full_load_cfpb_pipeline.py
[2026-08-11T09:09:02.688+0000] {processor.py:914} INFO - Processing file /opt/airflow/dags/wap_full_load_cfpb_pipeline.py for tasks to queue
[2026-08-11T09:09:02.696+0000] {logging_mixin.py:190} INFO - [2026-08-11T09:09:02.695+0000] {dagbag.py:588} INFO - Filling up the DagBag from /opt/airflow/dags/wap_full_load_cfpb_pipeline.py
[2026-08-11T09:09:03.773+0000] {processor.py:925} INFO - DAG(s) 'wap_full_load_cfpb_pipeline' retrieved from /opt/airflow/dags/wap_full_load_cfpb_pipeline.py
[2026-08-11T09:09:03.966+0000] {logging_mixin.py:190} INFO - [2026-08-11T09:09:03.964+0000] {override.py:1900} INFO - Created Permission View: can edit on DAG:wap_full_load_cfpb_pipeline
[2026-08-11T09:09:03.994+0000] {logging_mixin.py:190} INFO - [2026-08-11T09:09:03.994+0000] {override.py:1900} INFO - Created Permission View: can delete on DAG:wap_full_load_cfpb_pipeline
[2026-08-11T09:09:04.015+0000] {logging_mixin.py:190} INFO - [2026-08-11T09:09:04.014+0000] {override.py:1900} INFO - Created Permission View: can read on DAG:wap_full_load_cfpb_pipeline
[2026-08-11T09:09:04.034+0000] {logging_mixin.py:190} INFO - [2026-08-11T09:09:04.033+0000] {override.py:1900} INFO - Created Permission View: menu access on DAG Run:wap_full_load_cfpb_pipeline
[2026-08-11T09:09:04.051+0000] {logging_mixin.py:190} INFO - [2026-08-11T09:09:04.051+0000] {override.py:1900} INFO - Created Permission View: can delete on DAG Run:wap_full_load_cfpb_pipeline
[2026-08-11T09:09:04.072+0000] {logging_mixin.py:190} INFO - [2026-08-11T09:09:04.071+0000] {override.py:1900} INFO - Created Permission View: can create on DAG Run:wap_full_load_cfpb_pipeline
[2026-08-11T09:09:04.096+0000] {logging_mixin.py:190} INFO - [2026-08-11T09:09:04.095+0000] {override.py:1900} INFO - Created Permission View: can read on DAG Run:wap_full_load_cfpb_pipeline
[2026-08-11T09:09:04.099+0000] {logging_mixin.py:190} INFO - [2026-08-11T09:09:04.099+0000] {dag.py:3239} INFO - Sync 1 DAGs
[2026-08-11T09:09:04.143+0000] {logging_mixin.py:190} INFO - [2026-08-11T09:09:04.142+0000] {dag.py:3262} INFO - Creating ORM DAG for wap_full_load_cfpb_pipeline
[2026-08-11T09:09:04.170+0000] {logging_mixin.py:190} INFO - [2026-08-11T09:09:04.169+0000] {dag.py:4180} INFO - Setting next_dagrun for wap_full_load_cfpb_pipeline to 2026-01-01 00:00:00+00:00, run_after=2026-01-01 00:00:00+00:00
[2026-08-11T09:09:04.232+0000] {processor.py:208} INFO - Processing /opt/airflow/dags/wap_full_load_cfpb_pipeline.py took 1.565 seconds
[2026-08-11T09:09:35.663+0000] {processor.py:186} INFO - Started process (PID=359) to work on /opt/airflow/dags/wap_full_load_cfpb_pipeline.py
[2026-08-11T09:09:35.666+0000] {processor.py:914} INFO - Processing file /opt/airflow/dags/wap_full_load_cfpb_pipeline.py for tasks to queue
[2026-08-11T09:09:35.673+0000] {logging_mixin.py:190} INFO - [2026-08-11T09:09:35.672+0000] {dagbag.py:588} INFO - Filling up the DagBag from /opt/airflow/dags/wap_full_load_cfpb_pipeline.py
[2026-08-11T09:09:36.454+0000] {processor.py:925} INFO - DAG(s) 'wap_full_load_cfpb_pipeline' retrieved from /opt/airflow/dags/wap_full_load_cfpb_pipeline.py
[2026-08-11T09:09:36.506+0000] {logging_mixin.py:190} INFO - [2026-08-11T09:09:36.506+0000] {dag.py:3239} INFO - Sync 1 DAGs
[2026-08-11T09:09:36.547+0000] {logging_mixin.py:190} INFO - [2026-08-11T09:09:36.547+0000] {dag.py:4180} INFO - Setting next_dagrun for wap_full_load_cfpb_pipeline to 2026-01-01 00:00:00+00:00, run_after=2026-01-01 00:00:00+00:00
[2026-08-11T09:09:36.605+0000] {processor.py:208} INFO - Processing /opt/airflow/dags/wap_full_load_cfpb_pipeline.py took 0.955 seconds
[2026-08-11T09:10:06.928+0000] {processor.py:186} INFO - Started process (PID=486) to work on /opt/airflow/dags/wap_full_load_cfpb_pipeline.py
[2026-08-11T09:10:06.931+0000] {processor.py:914} INFO - Processing file /opt/airflow/dags/wap_full_load_cfpb_pipeline.py for tasks to queue
[2026-08-11T09:10:06.935+0000] {logging_mixin.py:190} INFO - [2026-08-11T09:10:06.935+0000] {dagbag.py:588} INFO - Filling up the DagBag from /opt/airflow/dags/wap_full_load_cfpb_pipeline.py
[2026-08-11T09:10:07.546+0000] {processor.py:925} INFO - DAG(s) 'wap_full_load_cfpb_pipeline' retrieved from /opt/airflow/dags/wap_full_load_cfpb_pipeline.py
[2026-08-11T09:10:07.599+0000] {logging_mixin.py:190} INFO - [2026-08-11T09:10:07.599+0000] {dag.py:3239} INFO - Sync 1 DAGs
[2026-08-11T09:10:07.639+0000] {logging_mixin.py:190} INFO - [2026-08-11T09:10:07.638+0000] {dag.py:4180} INFO - Setting next_dagrun for wap_full_load_cfpb_pipeline to 2026-01-01 00:00:00+00:00, run_after=2026-01-01 00:00:00+00:00
[2026-08-11T09:10:07.691+0000] {processor.py:208} INFO - Processing /opt/airflow/dags/wap_full_load_cfpb_pipeline.py took 0.770 seconds
[2026-08-11T09:10:38.069+0000] {processor.py:186} INFO - Started process (PID=616) to work on /opt/airflow/dags/wap_full_load_cfpb_pipeline.py
[2026-08-11T09:10:38.070+0000] {processor.py:914} INFO - Processing file /opt/airflow/dags/wap_full_load_cfpb_pipeline.py for tasks to queue
[2026-08-11T09:10:38.073+0000] {logging_mixin.py:190} INFO - [2026-08-11T09:10:38.073+0000] {dagbag.py:588} INFO - Filling up the DagBag from /opt/airflow/dags/wap_full_load_cfpb_pipeline.py
[2026-08-11T09:10:38.721+0000] {processor.py:925} INFO - DAG(s) 'wap_full_load_cfpb_pipeline' retrieved from /opt/airflow/dags/wap_full_load_cfpb_pipeline.py
[2026-08-11T09:10:38.775+0000] {logging_mixin.py:190} INFO - [2026-08-11T09:10:38.775+0000] {dag.py:3239} INFO - Sync 1 DAGs
[2026-08-11T09:10:38.819+0000] {logging_mixin.py:190} INFO - [2026-08-11T09:10:38.819+0000] {dag.py:4180} INFO - Setting next_dagrun for wap_full_load_cfpb_pipeline to 2026-01-01 00:00:00+00:00, run_after=2026-01-01 00:00:00+00:00
[2026-08-11T09:10:38.856+0000] {processor.py:208} INFO - Processing /opt/airflow/dags/wap_full_load_cfpb_pipeline.py took 0.795 seconds
[2026-08-11T09:11:09.217+0000] {processor.py:186} INFO - Started process (PID=745) to work on /opt/airflow/dags/wap_full_load_cfpb_pipeline.py
[2026-08-11T09:11:09.217+0000] {processor.py:914} INFO - Processing file /opt/airflow/dags/wap_full_load_cfpb_pipeline.py for tasks to queue
[2026-08-11T09:11:09.221+0000] {logging_mixin.py:190} INFO - [2026-08-11T09:11:09.220+0000] {dagbag.py:588} INFO - Filling up the DagBag from /opt/airflow/dags/wap_full_load_cfpb_pipeline.py
[2026-08-11T09:11:09.664+0000] {processor.py:925} INFO - DAG(s) 'wap_full_load_cfpb_pipeline' retrieved from /opt/airflow/dags/wap_full_load_cfpb_pipeline.py
[2026-08-11T09:11:09.709+0000] {logging_mixin.py:190} INFO - [2026-08-11T09:11:09.709+0000] {dag.py:3239} INFO - Sync 1 DAGs
[2026-08-11T09:11:09.738+0000] {logging_mixin.py:190} INFO - [2026-08-11T09:11:09.737+0000] {dag.py:4180} INFO - Setting next_dagrun for wap_full_load_cfpb_pipeline to 2026-01-01 00:00:00+00:00, run_after=2026-01-01 00:00:00+00:00
[2026-08-11T09:11:09.770+0000] {processor.py:208} INFO - Processing /opt/airflow/dags/wap_full_load_cfpb_pipeline.py took 0.560 seconds
[2026-08-11T09:11:40.023+0000] {processor.py:186} INFO - Started process (PID=884) to work on /opt/airflow/dags/wap_full_load_cfpb_pipeline.py
[2026-08-11T09:11:40.026+0000] {processor.py:914} INFO - Processing file /opt/airflow/dags/wap_full_load_cfpb_pipeline.py for tasks to queue
[2026-08-11T09:11:40.030+0000] {logging_mixin.py:190} INFO - [2026-08-11T09:11:40.029+0000] {dagbag.py:588} INFO - Filling up the DagBag from /opt/airflow/dags/wap_full_load_cfpb_pipeline.py
[2026-08-11T09:11:40.760+0000] {processor.py:925} INFO - DAG(s) 'wap_full_load_cfpb_pipeline' retrieved from /opt/airflow/dags/wap_full_load_cfpb_pipeline.py
[2026-08-11T09:11:40.822+0000] {logging_mixin.py:190} INFO - [2026-08-11T09:11:40.821+0000] {dag.py:3239} INFO - Sync 1 DAGs
[2026-08-11T09:11:40.865+0000] {logging_mixin.py:190} INFO - [2026-08-11T09:11:40.865+0000] {dag.py:4180} INFO - Setting next_dagrun for wap_full_load_cfpb_pipeline to 2026-01-01 00:00:00+00:00, run_after=2026-01-01 00:00:00+00:00
[2026-08-11T09:11:40.905+0000] {processor.py:208} INFO - Processing /opt/airflow/dags/wap_full_load_cfpb_pipeline.py took 0.894 seconds
[2026-08-11T09:12:11.469+0000] {processor.py:186} INFO - Started process (PID=1015) to work on /opt/airflow/dags/wap_full_load_cfpb_pipeline.py
[2026-08-11T09:12:11.471+0000] {processor.py:914} INFO - Processing file /opt/airflow/dags/wap_full_load_cfpb_pipeline.py for tasks to queue
[2026-08-11T09:12:11.475+0000] {logging_mixin.py:190} INFO - [2026-08-11T09:12:11.475+0000] {dagbag.py:588} INFO - Filling up the DagBag from /opt/airflow/dags/wap_full_load_cfpb_pipeline.py
[2026-08-11T09:12:11.968+0000] {processor.py:925} INFO - DAG(s) 'wap_full_load_cfpb_pipeline' retrieved from /opt/airflow/dags/wap_full_load_cfpb_pipeline.py
[2026-08-11T09:12:12.017+0000] {logging_mixin.py:190} INFO - [2026-08-11T09:12:12.016+0000] {dag.py:3239} INFO - Sync 1 DAGs
[2026-08-11T09:12:12.065+0000] {logging_mixin.py:190} INFO - [2026-08-11T09:12:12.065+0000] {dag.py:4180} INFO - Setting next_dagrun for wap_full_load_cfpb_pipeline to 2026-01-01 00:00:00+00:00, run_after=2026-01-01 00:00:00+00:00
[2026-08-11T09:12:12.099+0000] {processor.py:208} INFO - Processing /opt/airflow/dags/wap_full_load_cfpb_pipeline.py took 0.640 seconds
[2026-08-11T09:12:42.613+0000] {processor.py:186} INFO - Started process (PID=1143) to work on /opt/airflow/dags/wap_full_load_cfpb_pipeline.py
[2026-08-11T09:12:42.615+0000] {processor.py:914} INFO - Processing file /opt/airflow/dags/wap_full_load_cfpb_pipeline.py for tasks to queue
[2026-08-11T09:12:42.620+0000] {logging_mixin.py:190} INFO - [2026-08-11T09:12:42.619+0000] {dagbag.py:588} INFO - Filling up the DagBag from /opt/airflow/dags/wap_full_load_cfpb_pipeline.py
[2026-08-11T09:12:43.191+0000] {processor.py:925} INFO - DAG(s) 'wap_full_load_cfpb_pipeline' retrieved from /opt/airflow/dags/wap_full_load_cfpb_pipeline.py
[2026-08-11T09:12:43.256+0000] {logging_mixin.py:190} INFO - [2026-08-11T09:12:43.255+0000] {dag.py:3239} INFO - Sync 1 DAGs
[2026-08-11T09:12:43.318+0000] {logging_mixin.py:190} INFO - [2026-08-11T09:12:43.318+0000] {dag.py:4180} INFO - Setting next_dagrun for wap_full_load_cfpb_pipeline to 2026-01-01 00:00:00+00:00, run_after=2026-01-01 00:00:00+00:00
[2026-08-11T09:12:43.368+0000] {processor.py:208} INFO - Processing /opt/airflow/dags/wap_full_load_cfpb_pipeline.py took 0.763 seconds
[2026-08-11T09:13:14.969+0000] {processor.py:186} INFO - Started process (PID=1273) to work on /opt/airflow/dags/wap_full_load_cfpb_pipeline.py
[2026-08-11T09:13:14.973+0000] {processor.py:914} INFO - Processing file /opt/airflow/dags/wap_full_load_cfpb_pipeline.py for tasks to queue
[2026-08-11T09:13:14.980+0000] {logging_mixin.py:190} INFO - [2026-08-11T09:13:14.978+0000] {dagbag.py:588} INFO - Filling up the DagBag from /opt/airflow/dags/wap_full_load_cfpb_pipeline.py
[2026-08-11T09:13:15.891+0000] {processor.py:925} INFO - DAG(s) 'wap_full_load_cfpb_pipeline' retrieved from /opt/airflow/dags/wap_full_load_cfpb_pipeline.py
[2026-08-11T09:13:15.953+0000] {logging_mixin.py:190} INFO - [2026-08-11T09:13:15.953+0000] {dag.py:3239} INFO - Sync 1 DAGs
[2026-08-11T09:13:16.333+0000] {logging_mixin.py:190} INFO - [2026-08-11T09:13:16.332+0000] {dag.py:4180} INFO - Setting next_dagrun for wap_full_load_cfpb_pipeline to 2026-01-01 00:00:00+00:00, run_after=2026-01-01 00:00:00+00:00
[2026-08-11T09:13:16.404+0000] {processor.py:208} INFO - Processing /opt/airflow/dags/wap_full_load_cfpb_pipeline.py took 1.456 seconds
[2026-08-11T09:13:47.194+0000] {processor.py:186} INFO - Started process (PID=1401) to work on /opt/airflow/dags/wap_full_load_cfpb_pipeline.py
[2026-08-11T09:13:47.196+0000] {processor.py:914} INFO - Processing file /opt/airflow/dags/wap_full_load_cfpb_pipeline.py for tasks to queue
[2026-08-11T09:13:47.199+0000] {logging_mixin.py:190} INFO - [2026-08-11T09:13:47.199+0000] {dagbag.py:588} INFO - Filling up the DagBag from /opt/airflow/dags/wap_full_load_cfpb_pipeline.py
[2026-08-11T09:13:47.674+0000] {processor.py:925} INFO - DAG(s) 'wap_full_load_cfpb_pipeline' retrieved from /opt/airflow/dags/wap_full_load_cfpb_pipeline.py
[2026-08-11T09:13:47.717+0000] {logging_mixin.py:190} INFO - [2026-08-11T09:13:47.717+0000] {dag.py:3239} INFO - Sync 1 DAGs
[2026-08-11T09:13:47.753+0000] {logging_mixin.py:190} INFO - [2026-08-11T09:13:47.752+0000] {dag.py:4180} INFO - Setting next_dagrun for wap_full_load_cfpb_pipeline to 2026-01-01 00:00:00+00:00, run_after=2026-01-01 00:00:00+00:00
[2026-08-11T09:13:47.785+0000] {processor.py:208} INFO - Processing /opt/airflow/dags/wap_full_load_cfpb_pipeline.py took 0.599 seconds
[2026-08-11T09:14:18.703+0000] {processor.py:186} INFO - Started process (PID=1528) to work on /opt/airflow/dags/wap_full_load_cfpb_pipeline.py
[2026-08-11T09:14:18.705+0000] {processor.py:914} INFO - Processing file /opt/airflow/dags/wap_full_load_cfpb_pipeline.py for tasks to queue
[2026-08-11T09:14:18.710+0000] {logging_mixin.py:190} INFO - [2026-08-11T09:14:18.709+0000] {dagbag.py:588} INFO - Filling up the DagBag from /opt/airflow/dags/wap_full_load_cfpb_pipeline.py
[2026-08-11T09:14:19.255+0000] {processor.py:925} INFO - DAG(s) 'wap_full_load_cfpb_pipeline' retrieved from /opt/airflow/dags/wap_full_load_cfpb_pipeline.py
[2026-08-11T09:14:19.514+0000] {logging_mixin.py:190} INFO - [2026-08-11T09:14:19.514+0000] {dag.py:3239} INFO - Sync 1 DAGs
[2026-08-11T09:14:19.545+0000] {logging_mixin.py:190} INFO - [2026-08-11T09:14:19.545+0000] {dag.py:4180} INFO - Setting next_dagrun for wap_full_load_cfpb_pipeline to 2026-01-01 00:00:00+00:00, run_after=2026-01-01 00:00:00+00:00
[2026-08-11T09:14:19.576+0000] {processor.py:208} INFO - Processing /opt/airflow/dags/wap_full_load_cfpb_pipeline.py took 0.882 seconds
[2026-08-11T09:14:50.687+0000] {processor.py:186} INFO - Started process (PID=1688) to work on /opt/airflow/dags/wap_full_load_cfpb_pipeline.py
[2026-08-11T09:14:50.689+0000] {processor.py:914} INFO - Processing file /opt/airflow/dags/wap_full_load_cfpb_pipeline.py for tasks to queue
[2026-08-11T09:14:50.699+0000] {logging_mixin.py:190} INFO - [2026-08-11T09:14:50.698+0000] {dagbag.py:588} INFO - Filling up the DagBag from /opt/airflow/dags/wap_full_load_cfpb_pipeline.py
[2026-08-11T09:14:51.542+0000] {processor.py:925} INFO - DAG(s) 'wap_full_load_cfpb_pipeline' retrieved from /opt/airflow/dags/wap_full_load_cfpb_pipeline.py
[2026-08-11T09:14:51.617+0000] {logging_mixin.py:190} INFO - [2026-08-11T09:14:51.616+0000] {dag.py:3239} INFO - Sync 1 DAGs
[2026-08-11T09:14:52.046+0000] {logging_mixin.py:190} INFO - [2026-08-11T09:14:52.046+0000] {dag.py:4180} INFO - Setting next_dagrun for wap_full_load_cfpb_pipeline to 2026-01-01 00:00:00+00:00, run_after=2026-01-01 00:00:00+00:00
[2026-08-11T09:14:52.098+0000] {processor.py:208} INFO - Processing /opt/airflow/dags/wap_full_load_cfpb_pipeline.py took 1.431 seconds
[2026-08-11T09:15:22.901+0000] {processor.py:186} INFO - Started process (PID=1816) to work on /opt/airflow/dags/wap_full_load_cfpb_pipeline.py
[2026-08-11T09:15:22.903+0000] {processor.py:914} INFO - Processing file /opt/airflow/dags/wap_full_load_cfpb_pipeline.py for tasks to queue
[2026-08-11T09:15:22.908+0000] {logging_mixin.py:190} INFO - [2026-08-11T09:15:22.908+0000] {dagbag.py:588} INFO - Filling up the DagBag from /opt/airflow/dags/wap_full_load_cfpb_pipeline.py
[2026-08-11T09:15:24.081+0000] {processor.py:925} INFO - DAG(s) 'wap_full_load_cfpb_pipeline' retrieved from /opt/airflow/dags/wap_full_load_cfpb_pipeline.py
[2026-08-11T09:15:24.150+0000] {logging_mixin.py:190} INFO - [2026-08-11T09:15:24.149+0000] {dag.py:3239} INFO - Sync 1 DAGs
[2026-08-11T09:15:24.215+0000] {logging_mixin.py:190} INFO - [2026-08-11T09:15:24.215+0000] {dag.py:4180} INFO - Setting next_dagrun for wap_full_load_cfpb_pipeline to 2026-01-01 00:00:00+00:00, run_after=2026-01-01 00:00:00+00:00
[2026-08-11T09:15:24.282+0000] {processor.py:208} INFO - Processing /opt/airflow/dags/wap_full_load_cfpb_pipeline.py took 1.398 seconds
[2026-08-11T09:15:54.750+0000] {processor.py:186} INFO - Started process (PID=1946) to work on /opt/airflow/dags/wap_full_load_cfpb_pipeline.py
[2026-08-11T09:15:54.753+0000] {processor.py:914} INFO - Processing file /opt/airflow/dags/wap_full_load_cfpb_pipeline.py for tasks to queue
[2026-08-11T09:15:54.760+0000] {logging_mixin.py:190} INFO - [2026-08-11T09:15:54.759+0000] {dagbag.py:588} INFO - Filling up the DagBag from /opt/airflow/dags/wap_full_load_cfpb_pipeline.py
[2026-08-11T09:15:56.090+0000] {processor.py:925} INFO - DAG(s) 'wap_full_load_cfpb_pipeline' retrieved from /opt/airflow/dags/wap_full_load_cfpb_pipeline.py
[2026-08-11T09:15:56.163+0000] {logging_mixin.py:190} INFO - [2026-08-11T09:15:56.163+0000] {dag.py:3239} INFO - Sync 1 DAGs
[2026-08-11T09:15:56.256+0000] {logging_mixin.py:190} INFO - [2026-08-11T09:15:56.255+0000] {dag.py:4180} INFO - Setting next_dagrun for wap_full_load_cfpb_pipeline to 2026-01-01 00:00:00+00:00, run_after=2026-01-01 00:00:00+00:00
[2026-08-11T09:15:56.304+0000] {processor.py:208} INFO - Processing /opt/airflow/dags/wap_full_load_cfpb_pipeline.py took 1.569 seconds
[2026-08-11T09:16:26.526+0000] {processor.py:186} INFO - Started process (PID=2074) to work on /opt/airflow/dags/wap_full_load_cfpb_pipeline.py
[2026-08-11T09:16:26.529+0000] {processor.py:914} INFO - Processing file /opt/airflow/dags/wap_full_load_cfpb_pipeline.py for tasks to queue
[2026-08-11T09:16:26.540+0000] {logging_mixin.py:190} INFO - [2026-08-11T09:16:26.540+0000] {dagbag.py:588} INFO - Filling up the DagBag from /opt/airflow/dags/wap_full_load_cfpb_pipeline.py
[2026-08-11T09:16:27.459+0000] {processor.py:925} INFO - DAG(s) 'wap_full_load_cfpb_pipeline' retrieved from /opt/airflow/dags/wap_full_load_cfpb_pipeline.py
[2026-08-11T09:16:27.523+0000] {logging_mixin.py:190} INFO - [2026-08-11T09:16:27.523+0000] {dag.py:3239} INFO - Sync 1 DAGs
[2026-08-11T09:16:27.600+0000] {logging_mixin.py:190} INFO - [2026-08-11T09:16:27.600+0000] {dag.py:4180} INFO - Setting next_dagrun for wap_full_load_cfpb_pipeline to 2026-01-01 00:00:00+00:00, run_after=2026-01-01 00:00:00+00:00
[2026-08-11T09:16:27.647+0000] {processor.py:208} INFO - Processing /opt/airflow/dags/wap_full_load_cfpb_pipeline.py took 1.135 seconds
[2026-08-11T09:16:57.947+0000] {processor.py:186} INFO - Started process (PID=2201) to work on /opt/airflow/dags/wap_full_load_cfpb_pipeline.py
[2026-08-11T09:16:57.949+0000] {processor.py:914} INFO - Processing file /opt/airflow/dags/wap_full_load_cfpb_pipeline.py for tasks to queue
[2026-08-11T09:16:57.959+0000] {logging_mixin.py:190} INFO - [2026-08-11T09:16:57.958+0000] {dagbag.py:588} INFO - Filling up the DagBag from /opt/airflow/dags/wap_full_load_cfpb_pipeline.py
[2026-08-11T09:16:58.923+0000] {processor.py:925} INFO - DAG(s) 'wap_full_load_cfpb_pipeline' retrieved from /opt/airflow/dags/wap_full_load_cfpb_pipeline.py
[2026-08-11T09:16:58.983+0000] {logging_mixin.py:190} INFO - [2026-08-11T09:16:58.982+0000] {dag.py:3239} INFO - Sync 1 DAGs
[2026-08-11T09:16:59.037+0000] {logging_mixin.py:190} INFO - [2026-08-11T09:16:59.036+0000] {dag.py:4180} INFO - Setting next_dagrun for wap_full_load_cfpb_pipeline to 2026-01-01 00:00:00+00:00, run_after=2026-01-01 00:00:00+00:00
[2026-08-11T09:16:59.085+0000] {processor.py:208} INFO - Processing /opt/airflow/dags/wap_full_load_cfpb_pipeline.py took 1.148 seconds
[2026-08-11T09:17:29.949+0000] {processor.py:186} INFO - Started process (PID=2342) to work on /opt/airflow/dags/wap_full_load_cfpb_pipeline.py
[2026-08-11T09:17:29.951+0000] {processor.py:914} INFO - Processing file /opt/airflow/dags/wap_full_load_cfpb_pipeline.py for tasks to queue
[2026-08-11T09:17:29.959+0000] {logging_mixin.py:190} INFO - [2026-08-11T09:17:29.958+0000] {dagbag.py:588} INFO - Filling up the DagBag from /opt/airflow/dags/wap_full_load_cfpb_pipeline.py
[2026-08-11T09:17:31.584+0000] {processor.py:925} INFO - DAG(s) 'wap_full_load_cfpb_pipeline' retrieved from /opt/airflow/dags/wap_full_load_cfpb_pipeline.py
[2026-08-11T09:17:31.692+0000] {logging_mixin.py:190} INFO - [2026-08-11T09:17:31.691+0000] {dag.py:3239} INFO - Sync 1 DAGs
[2026-08-11T09:17:31.762+0000] {logging_mixin.py:190} INFO - [2026-08-11T09:17:31.761+0000] {dag.py:4180} INFO - Setting next_dagrun for wap_full_load_cfpb_pipeline to 2026-01-01 00:00:00+00:00, run_after=2026-01-01 00:00:00+00:00
[2026-08-11T09:17:31.819+0000] {processor.py:208} INFO - Processing /opt/airflow/dags/wap_full_load_cfpb_pipeline.py took 1.889 seconds
[2026-08-11T09:18:02.247+0000] {processor.py:186} INFO - Started process (PID=2580) to work on /opt/airflow/dags/wap_full_load_cfpb_pipeline.py
[2026-08-11T09:18:02.250+0000] {processor.py:914} INFO - Processing file /opt/airflow/dags/wap_full_load_cfpb_pipeline.py for tasks to queue
[2026-08-11T09:18:02.255+0000] {logging_mixin.py:190} INFO - [2026-08-11T09:18:02.255+0000] {dagbag.py:588} INFO - Filling up the DagBag from /opt/airflow/dags/wap_full_load_cfpb_pipeline.py
[2026-08-11T09:18:03.175+0000] {processor.py:925} INFO - DAG(s) 'wap_full_load_cfpb_pipeline' retrieved from /opt/airflow/dags/wap_full_load_cfpb_pipeline.py
[2026-08-11T09:18:03.231+0000] {logging_mixin.py:190} INFO - [2026-08-11T09:18:03.230+0000] {dag.py:3239} INFO - Sync 1 DAGs
[2026-08-11T09:18:03.294+0000] {logging_mixin.py:190} INFO - [2026-08-11T09:18:03.294+0000] {dag.py:4180} INFO - Setting next_dagrun for wap_full_load_cfpb_pipeline to 2026-01-01 00:00:00+00:00, run_after=2026-01-01 00:00:00+00:00
[2026-08-11T09:18:03.343+0000] {processor.py:208} INFO - Processing /opt/airflow/dags/wap_full_load_cfpb_pipeline.py took 1.107 seconds
[2026-08-11T09:18:33.721+0000] {processor.py:186} INFO - Started process (PID=2746) to work on /opt/airflow/dags/wap_full_load_cfpb_pipeline.py
[2026-08-11T09:18:33.722+0000] {processor.py:914} INFO - Processing file /opt/airflow/dags/wap_full_load_cfpb_pipeline.py for tasks to queue
[2026-08-11T09:18:33.725+0000] {logging_mixin.py:190} INFO - [2026-08-11T09:18:33.725+0000] {dagbag.py:588} INFO - Filling up the DagBag from /opt/airflow/dags/wap_full_load_cfpb_pipeline.py
[2026-08-11T09:18:34.395+0000] {processor.py:925} INFO - DAG(s) 'wap_full_load_cfpb_pipeline' retrieved from /opt/airflow/dags/wap_full_load_cfpb_pipeline.py
[2026-08-11T09:18:34.428+0000] {logging_mixin.py:190} INFO - [2026-08-11T09:18:34.428+0000] {dag.py:3239} INFO - Sync 1 DAGs
[2026-08-11T09:18:34.461+0000] {logging_mixin.py:190} INFO - [2026-08-11T09:18:34.460+0000] {dag.py:4180} INFO - Setting next_dagrun for wap_full_load_cfpb_pipeline to 2026-01-01 00:00:00+00:00, run_after=2026-01-01 00:00:00+00:00
[2026-08-11T09:18:34.497+0000] {processor.py:208} INFO - Processing /opt/airflow/dags/wap_full_load_cfpb_pipeline.py took 0.784 seconds
[2026-08-11T09:19:04.790+0000] {processor.py:186} INFO - Started process (PID=2874) to work on /opt/airflow/dags/wap_full_load_cfpb_pipeline.py
[2026-08-11T09:19:04.794+0000] {processor.py:914} INFO - Processing file /opt/airflow/dags/wap_full_load_cfpb_pipeline.py for tasks to queue
[2026-08-11T09:19:04.803+0000] {logging_mixin.py:190} INFO - [2026-08-11T09:19:04.802+0000] {dagbag.py:588} INFO - Filling up the DagBag from /opt/airflow/dags/wap_full_load_cfpb_pipeline.py
[2026-08-11T09:19:05.857+0000] {processor.py:925} INFO - DAG(s) 'wap_full_load_cfpb_pipeline' retrieved from /opt/airflow/dags/wap_full_load_cfpb_pipeline.py
[2026-08-11T09:19:05.893+0000] {logging_mixin.py:190} INFO - [2026-08-11T09:19:05.893+0000] {dag.py:3239} INFO - Sync 1 DAGs
[2026-08-11T09:19:05.924+0000] {logging_mixin.py:190} INFO - [2026-08-11T09:19:05.923+0000] {dag.py:4180} INFO - Setting next_dagrun for wap_full_load_cfpb_pipeline to 2026-01-01 00:00:00+00:00, run_after=2026-01-01 00:00:00+00:00
[2026-08-11T09:19:05.951+0000] {processor.py:208} INFO - Processing /opt/airflow/dags/wap_full_load_cfpb_pipeline.py took 1.199 seconds
[2026-08-11T09:19:36.734+0000] {processor.py:186} INFO - Started process (PID=3001) to work on /opt/airflow/dags/wap_full_load_cfpb_pipeline.py
[2026-08-11T09:19:36.737+0000] {processor.py:914} INFO - Processing file /opt/airflow/dags/wap_full_load_cfpb_pipeline.py for tasks to queue
[2026-08-11T09:19:36.741+0000] {logging_mixin.py:190} INFO - [2026-08-11T09:19:36.740+0000] {dagbag.py:588} INFO - Filling up the DagBag from /opt/airflow/dags/wap_full_load_cfpb_pipeline.py
[2026-08-11T09:19:37.369+0000] {processor.py:925} INFO - DAG(s) 'wap_full_load_cfpb_pipeline' retrieved from /opt/airflow/dags/wap_full_load_cfpb_pipeline.py
[2026-08-11T09:19:37.399+0000] {logging_mixin.py:190} INFO - [2026-08-11T09:19:37.399+0000] {dag.py:3239} INFO - Sync 1 DAGs
[2026-08-11T09:19:37.424+0000] {logging_mixin.py:190} INFO - [2026-08-11T09:19:37.424+0000] {dag.py:4180} INFO - Setting next_dagrun for wap_full_load_cfpb_pipeline to 2026-01-01 00:00:00+00:00, run_after=2026-01-01 00:00:00+00:00
[2026-08-11T09:19:37.444+0000] {processor.py:208} INFO - Processing /opt/airflow/dags/wap_full_load_cfpb_pipeline.py took 0.723 seconds
[2026-08-11T09:20:07.898+0000] {processor.py:186} INFO - Started process (PID=3131) to work on /opt/airflow/dags/wap_full_load_cfpb_pipeline.py
[2026-08-11T09:20:07.899+0000] {processor.py:914} INFO - Processing file /opt/airflow/dags/wap_full_load_cfpb_pipeline.py for tasks to queue
[2026-08-11T09:20:07.903+0000] {logging_mixin.py:190} INFO - [2026-08-11T09:20:07.902+0000] {dagbag.py:588} INFO - Filling up the DagBag from /opt/airflow/dags/wap_full_load_cfpb_pipeline.py
[2026-08-11T09:20:08.495+0000] {processor.py:925} INFO - DAG(s) 'wap_full_load_cfpb_pipeline' retrieved from /opt/airflow/dags/wap_full_load_cfpb_pipeline.py
[2026-08-11T09:20:08.536+0000] {logging_mixin.py:190} INFO - [2026-08-11T09:20:08.536+0000] {dag.py:3239} INFO - Sync 1 DAGs
[2026-08-11T09:20:08.584+0000] {logging_mixin.py:190} INFO - [2026-08-11T09:20:08.583+0000] {dag.py:4180} INFO - Setting next_dagrun for wap_full_load_cfpb_pipeline to 2026-01-01 00:00:00+00:00, run_after=2026-01-01 00:00:00+00:00
[2026-08-11T09:20:08.626+0000] {processor.py:208} INFO - Processing /opt/airflow/dags/wap_full_load_cfpb_pipeline.py took 0.735 seconds
[2026-08-11T09:20:39.119+0000] {processor.py:186} INFO - Started process (PID=3260) to work on /opt/airflow/dags/wap_full_load_cfpb_pipeline.py
[2026-08-11T09:20:39.121+0000] {processor.py:914} INFO - Processing file /opt/airflow/dags/wap_full_load_cfpb_pipeline.py for tasks to queue
[2026-08-11T09:20:39.125+0000] {logging_mixin.py:190} INFO - [2026-08-11T09:20:39.124+0000] {dagbag.py:588} INFO - Filling up the DagBag from /opt/airflow/dags/wap_full_load_cfpb_pipeline.py
[2026-08-11T09:20:39.774+0000] {processor.py:925} INFO - DAG(s) 'wap_full_load_cfpb_pipeline' retrieved from /opt/airflow/dags/wap_full_load_cfpb_pipeline.py
[2026-08-11T09:20:39.808+0000] {logging_mixin.py:190} INFO - [2026-08-11T09:20:39.808+0000] {dag.py:3239} INFO - Sync 1 DAGs
[2026-08-11T09:20:39.838+0000] {logging_mixin.py:190} INFO - [2026-08-11T09:20:39.838+0000] {dag.py:4180} INFO - Setting next_dagrun for wap_full_load_cfpb_pipeline to 2026-01-01 00:00:00+00:00, run_after=2026-01-01 00:00:00+00:00
[2026-08-11T09:20:39.867+0000] {processor.py:208} INFO - Processing /opt/airflow/dags/wap_full_load_cfpb_pipeline.py took 0.771 seconds
[2026-08-11T09:23:48.243+0000] {processor.py:186} INFO - Started process (PID=223) to work on /opt/airflow/dags/wap_full_load_cfpb_pipeline.py
[2026-08-11T09:23:48.246+0000] {processor.py:914} INFO - Processing file /opt/airflow/dags/wap_full_load_cfpb_pipeline.py for tasks to queue
[2026-08-11T09:23:48.254+0000] {logging_mixin.py:190} INFO - [2026-08-11T09:23:48.254+0000] {dagbag.py:588} INFO - Filling up the DagBag from /opt/airflow/dags/wap_full_load_cfpb_pipeline.py
[2026-08-11T09:23:49.353+0000] {processor.py:925} INFO - DAG(s) 'wap_full_load_cfpb_pipeline' retrieved from /opt/airflow/dags/wap_full_load_cfpb_pipeline.py
[2026-08-11T09:23:49.448+0000] {logging_mixin.py:190} INFO - [2026-08-11T09:23:49.447+0000] {dag.py:3239} INFO - Sync 1 DAGs
[2026-08-11T09:23:49.543+0000] {logging_mixin.py:190} INFO - [2026-08-11T09:23:49.542+0000] {dag.py:4180} INFO - Setting next_dagrun for wap_full_load_cfpb_pipeline to 2026-01-01 00:00:00+00:00, run_after=2026-01-01 00:00:00+00:00
[2026-08-11T09:23:49.602+0000] {processor.py:208} INFO - Processing /opt/airflow/dags/wap_full_load_cfpb_pipeline.py took 1.378 seconds
[2026-08-11T09:24:20.138+0000] {processor.py:186} INFO - Started process (PID=356) to work on /opt/airflow/dags/wap_full_load_cfpb_pipeline.py
[2026-08-11T09:24:20.140+0000] {processor.py:914} INFO - Processing file /opt/airflow/dags/wap_full_load_cfpb_pipeline.py for tasks to queue
[2026-08-11T09:24:20.145+0000] {logging_mixin.py:190} INFO - [2026-08-11T09:24:20.144+0000] {dagbag.py:588} INFO - Filling up the DagBag from /opt/airflow/dags/wap_full_load_cfpb_pipeline.py
[2026-08-11T09:24:20.952+0000] {processor.py:925} INFO - DAG(s) 'wap_full_load_cfpb_pipeline' retrieved from /opt/airflow/dags/wap_full_load_cfpb_pipeline.py
[2026-08-11T09:24:21.019+0000] {logging_mixin.py:190} INFO - [2026-08-11T09:24:21.018+0000] {dag.py:3239} INFO - Sync 1 DAGs
[2026-08-11T09:24:21.081+0000] {logging_mixin.py:190} INFO - [2026-08-11T09:24:21.081+0000] {dag.py:4180} INFO - Setting next_dagrun for wap_full_load_cfpb_pipeline to 2026-01-01 00:00:00+00:00, run_after=2026-01-01 00:00:00+00:00
[2026-08-11T09:24:21.136+0000] {processor.py:208} INFO - Processing /opt/airflow/dags/wap_full_load_cfpb_pipeline.py took 1.012 seconds
[2026-08-11T09:24:51.357+0000] {processor.py:186} INFO - Started process (PID=483) to work on /opt/airflow/dags/wap_full_load_cfpb_pipeline.py
[2026-08-11T09:24:51.358+0000] {processor.py:914} INFO - Processing file /opt/airflow/dags/wap_full_load_cfpb_pipeline.py for tasks to queue
[2026-08-11T09:24:51.360+0000] {logging_mixin.py:190} INFO - [2026-08-11T09:24:51.360+0000] {dagbag.py:588} INFO - Filling up the DagBag from /opt/airflow/dags/wap_full_load_cfpb_pipeline.py
[2026-08-11T09:24:51.924+0000] {processor.py:925} INFO - DAG(s) 'wap_full_load_cfpb_pipeline' retrieved from /opt/airflow/dags/wap_full_load_cfpb_pipeline.py
[2026-08-11T09:24:51.972+0000] {logging_mixin.py:190} INFO - [2026-08-11T09:24:51.971+0000] {dag.py:3239} INFO - Sync 1 DAGs
[2026-08-11T09:24:52.009+0000] {logging_mixin.py:190} INFO - [2026-08-11T09:24:52.008+0000] {dag.py:4180} INFO - Setting next_dagrun for wap_full_load_cfpb_pipeline to 2026-01-01 00:00:00+00:00, run_after=2026-01-01 00:00:00+00:00
[2026-08-11T09:24:52.049+0000] {processor.py:208} INFO - Processing /opt/airflow/dags/wap_full_load_cfpb_pipeline.py took 0.700 seconds
[2026-08-11T09:25:22.385+0000] {processor.py:186} INFO - Started process (PID=613) to work on /opt/airflow/dags/wap_full_load_cfpb_pipeline.py
[2026-08-11T09:25:22.386+0000] {processor.py:914} INFO - Processing file /opt/airflow/dags/wap_full_load_cfpb_pipeline.py for tasks to queue
[2026-08-11T09:25:22.388+0000] {logging_mixin.py:190} INFO - [2026-08-11T09:25:22.388+0000] {dagbag.py:588} INFO - Filling up the DagBag from /opt/airflow/dags/wap_full_load_cfpb_pipeline.py
[2026-08-11T09:25:22.780+0000] {processor.py:925} INFO - DAG(s) 'wap_full_load_cfpb_pipeline' retrieved from /opt/airflow/dags/wap_full_load_cfpb_pipeline.py
[2026-08-11T09:25:22.817+0000] {logging_mixin.py:190} INFO - [2026-08-11T09:25:22.817+0000] {dag.py:3239} INFO - Sync 1 DAGs
[2026-08-11T09:25:22.858+0000] {logging_mixin.py:190} INFO - [2026-08-11T09:25:22.858+0000] {dag.py:4180} INFO - Setting next_dagrun for wap_full_load_cfpb_pipeline to 2026-01-01 00:00:00+00:00, run_after=2026-01-01 00:00:00+00:00
[2026-08-11T09:25:22.892+0000] {processor.py:208} INFO - Processing /opt/airflow/dags/wap_full_load_cfpb_pipeline.py took 0.513 seconds
[2026-08-11T09:25:53.113+0000] {processor.py:186} INFO - Started process (PID=742) to work on /opt/airflow/dags/wap_full_load_cfpb_pipeline.py
[2026-08-11T09:25:53.114+0000] {processor.py:914} INFO - Processing file /opt/airflow/dags/wap_full_load_cfpb_pipeline.py for tasks to queue
[2026-08-11T09:25:53.116+0000] {logging_mixin.py:190} INFO - [2026-08-11T09:25:53.116+0000] {dagbag.py:588} INFO - Filling up the DagBag from /opt/airflow/dags/wap_full_load_cfpb_pipeline.py
[2026-08-11T09:25:53.540+0000] {processor.py:925} INFO - DAG(s) 'wap_full_load_cfpb_pipeline' retrieved from /opt/airflow/dags/wap_full_load_cfpb_pipeline.py
[2026-08-11T09:25:53.570+0000] {logging_mixin.py:190} INFO - [2026-08-11T09:25:53.570+0000] {dag.py:3239} INFO - Sync 1 DAGs
[2026-08-11T09:25:53.594+0000] {logging_mixin.py:190} INFO - [2026-08-11T09:25:53.594+0000] {dag.py:4180} INFO - Setting next_dagrun for wap_full_load_cfpb_pipeline to 2026-01-01 00:00:00+00:00, run_after=2026-01-01 00:00:00+00:00
[2026-08-11T09:25:53.614+0000] {processor.py:208} INFO - Processing /opt/airflow/dags/wap_full_load_cfpb_pipeline.py took 0.507 seconds
[2026-08-11T09:26:24.366+0000] {processor.py:186} INFO - Started process (PID=871) to work on /opt/airflow/dags/wap_full_load_cfpb_pipeline.py
[2026-08-11T09:26:24.370+0000] {processor.py:914} INFO - Processing file /opt/airflow/dags/wap_full_load_cfpb_pipeline.py for tasks to queue
[2026-08-11T09:26:24.377+0000] {logging_mixin.py:190} INFO - [2026-08-11T09:26:24.376+0000] {dagbag.py:588} INFO - Filling up the DagBag from /opt/airflow/dags/wap_full_load_cfpb_pipeline.py
[2026-08-11T09:26:24.784+0000] {processor.py:925} INFO - DAG(s) 'wap_full_load_cfpb_pipeline' retrieved from /opt/airflow/dags/wap_full_load_cfpb_pipeline.py
[2026-08-11T09:26:24.822+0000] {logging_mixin.py:190} INFO - [2026-08-11T09:26:24.822+0000] {dag.py:3239} INFO - Sync 1 DAGs
[2026-08-11T09:26:24.860+0000] {logging_mixin.py:190} INFO - [2026-08-11T09:26:24.859+0000] {dag.py:4180} INFO - Setting next_dagrun for wap_full_load_cfpb_pipeline to 2026-01-01 00:00:00+00:00, run_after=2026-01-01 00:00:00+00:00
[2026-08-11T09:26:24.903+0000] {processor.py:208} INFO - Processing /opt/airflow/dags/wap_full_load_cfpb_pipeline.py took 0.552 seconds
[2026-08-11T09:26:55.149+0000] {processor.py:186} INFO - Started process (PID=1003) to work on /opt/airflow/dags/wap_full_load_cfpb_pipeline.py
[2026-08-11T09:26:55.150+0000] {processor.py:914} INFO - Processing file /opt/airflow/dags/wap_full_load_cfpb_pipeline.py for tasks to queue
[2026-08-11T09:26:55.153+0000] {logging_mixin.py:190} INFO - [2026-08-11T09:26:55.152+0000] {dagbag.py:588} INFO - Filling up the DagBag from /opt/airflow/dags/wap_full_load_cfpb_pipeline.py
[2026-08-11T09:26:55.471+0000] {processor.py:925} INFO - DAG(s) 'wap_full_load_cfpb_pipeline' retrieved from /opt/airflow/dags/wap_full_load_cfpb_pipeline.py
[2026-08-11T09:26:55.495+0000] {logging_mixin.py:190} INFO - [2026-08-11T09:26:55.494+0000] {dag.py:3239} INFO - Sync 1 DAGs
[2026-08-11T09:26:55.539+0000] {logging_mixin.py:190} INFO - [2026-08-11T09:26:55.539+0000] {dag.py:4180} INFO - Setting next_dagrun for wap_full_load_cfpb_pipeline to 2026-01-01 00:00:00+00:00, run_after=2026-01-01 00:00:00+00:00
[2026-08-11T09:26:55.590+0000] {processor.py:208} INFO - Processing /opt/airflow/dags/wap_full_load_cfpb_pipeline.py took 0.449 seconds
[2026-08-11T09:27:26.352+0000] {processor.py:186} INFO - Started process (PID=1142) to work on /opt/airflow/dags/wap_full_load_cfpb_pipeline.py
[2026-08-11T09:27:26.355+0000] {processor.py:914} INFO - Processing file /opt/airflow/dags/wap_full_load_cfpb_pipeline.py for tasks to queue
[2026-08-11T09:27:26.360+0000] {logging_mixin.py:190} INFO - [2026-08-11T09:27:26.360+0000] {dagbag.py:588} INFO - Filling up the DagBag from /opt/airflow/dags/wap_full_load_cfpb_pipeline.py
[2026-08-11T09:27:27.543+0000] {processor.py:925} INFO - DAG(s) 'wap_full_load_cfpb_pipeline' retrieved from /opt/airflow/dags/wap_full_load_cfpb_pipeline.py
[2026-08-11T09:27:27.628+0000] {logging_mixin.py:190} INFO - [2026-08-11T09:27:27.627+0000] {dag.py:3239} INFO - Sync 1 DAGs
[2026-08-11T09:27:27.699+0000] {logging_mixin.py:190} INFO - [2026-08-11T09:27:27.699+0000] {dag.py:4180} INFO - Setting next_dagrun for wap_full_load_cfpb_pipeline to 2026-01-01 00:00:00+00:00, run_after=2026-01-01 00:00:00+00:00
[2026-08-11T09:27:27.758+0000] {processor.py:208} INFO - Processing /opt/airflow/dags/wap_full_load_cfpb_pipeline.py took 1.418 seconds
[2026-08-11T09:27:58.269+0000] {processor.py:186} INFO - Started process (PID=1278) to work on /opt/airflow/dags/wap_full_load_cfpb_pipeline.py
[2026-08-11T09:27:58.273+0000] {processor.py:914} INFO - Processing file /opt/airflow/dags/wap_full_load_cfpb_pipeline.py for tasks to queue
[2026-08-11T09:27:58.285+0000] {logging_mixin.py:190} INFO - [2026-08-11T09:27:58.283+0000] {dagbag.py:588} INFO - Filling up the DagBag from /opt/airflow/dags/wap_full_load_cfpb_pipeline.py
[2026-08-11T09:27:59.457+0000] {processor.py:925} INFO - DAG(s) 'wap_full_load_cfpb_pipeline' retrieved from /opt/airflow/dags/wap_full_load_cfpb_pipeline.py
[2026-08-11T09:27:59.568+0000] {logging_mixin.py:190} INFO - [2026-08-11T09:27:59.567+0000] {dag.py:3239} INFO - Sync 1 DAGs
[2026-08-11T09:28:00.448+0000] {logging_mixin.py:190} INFO - [2026-08-11T09:28:00.447+0000] {dag.py:4180} INFO - Setting next_dagrun for wap_full_load_cfpb_pipeline to 2026-01-01 00:00:00+00:00, run_after=2026-01-01 00:00:00+00:00
[2026-08-11T09:28:00.570+0000] {processor.py:208} INFO - Processing /opt/airflow/dags/wap_full_load_cfpb_pipeline.py took 2.328 seconds
[2026-08-11T09:28:33.893+0000] {processor.py:186} INFO - Started process (PID=1425) to work on /opt/airflow/dags/wap_full_load_cfpb_pipeline.py
[2026-08-11T09:28:33.896+0000] {processor.py:914} INFO - Processing file /opt/airflow/dags/wap_full_load_cfpb_pipeline.py for tasks to queue
[2026-08-11T09:28:33.904+0000] {logging_mixin.py:190} INFO - [2026-08-11T09:28:33.903+0000] {dagbag.py:588} INFO - Filling up the DagBag from /opt/airflow/dags/wap_full_load_cfpb_pipeline.py
[2026-08-11T09:28:34.991+0000] {processor.py:925} INFO - DAG(s) 'wap_full_load_cfpb_pipeline' retrieved from /opt/airflow/dags/wap_full_load_cfpb_pipeline.py
[2026-08-11T09:28:35.061+0000] {logging_mixin.py:190} INFO - [2026-08-11T09:28:35.061+0000] {dag.py:3239} INFO - Sync 1 DAGs
[2026-08-11T09:28:35.115+0000] {logging_mixin.py:190} INFO - [2026-08-11T09:28:35.114+0000] {dag.py:4180} INFO - Setting next_dagrun for wap_full_load_cfpb_pipeline to 2026-01-01 00:00:00+00:00, run_after=2026-01-01 00:00:00+00:00
[2026-08-11T09:28:35.168+0000] {processor.py:208} INFO - Processing /opt/airflow/dags/wap_full_load_cfpb_pipeline.py took 1.292 seconds
[2026-08-11T09:29:05.850+0000] {processor.py:186} INFO - Started process (PID=1554) to work on /opt/airflow/dags/wap_full_load_cfpb_pipeline.py
[2026-08-11T09:29:05.851+0000] {processor.py:914} INFO - Processing file /opt/airflow/dags/wap_full_load_cfpb_pipeline.py for tasks to queue
[2026-08-11T09:29:05.855+0000] {logging_mixin.py:190} INFO - [2026-08-11T09:29:05.854+0000] {dagbag.py:588} INFO - Filling up the DagBag from /opt/airflow/dags/wap_full_load_cfpb_pipeline.py
[2026-08-11T09:29:06.241+0000] {processor.py:925} INFO - DAG(s) 'wap_full_load_cfpb_pipeline' retrieved from /opt/airflow/dags/wap_full_load_cfpb_pipeline.py
[2026-08-11T09:29:06.284+0000] {logging_mixin.py:190} INFO - [2026-08-11T09:29:06.284+0000] {dag.py:3239} INFO - Sync 1 DAGs
[2026-08-11T09:29:06.523+0000] {logging_mixin.py:190} INFO - [2026-08-11T09:29:06.522+0000] {dag.py:4180} INFO - Setting next_dagrun for wap_full_load_cfpb_pipeline to 2026-01-01 00:00:00+00:00, run_after=2026-01-01 00:00:00+00:00
[2026-08-11T09:29:06.562+0000] {processor.py:208} INFO - Processing /opt/airflow/dags/wap_full_load_cfpb_pipeline.py took 0.722 seconds
[2026-08-11T09:29:37.454+0000] {processor.py:186} INFO - Started process (PID=1684) to work on /opt/airflow/dags/wap_full_load_cfpb_pipeline.py
[2026-08-11T09:29:37.455+0000] {processor.py:914} INFO - Processing file /opt/airflow/dags/wap_full_load_cfpb_pipeline.py for tasks to queue
[2026-08-11T09:29:37.458+0000] {logging_mixin.py:190} INFO - [2026-08-11T09:29:37.457+0000] {dagbag.py:588} INFO - Filling up the DagBag from /opt/airflow/dags/wap_full_load_cfpb_pipeline.py
[2026-08-11T09:29:38.206+0000] {processor.py:925} INFO - DAG(s) 'wap_full_load_cfpb_pipeline' retrieved from /opt/airflow/dags/wap_full_load_cfpb_pipeline.py
[2026-08-11T09:29:38.247+0000] {logging_mixin.py:190} INFO - [2026-08-11T09:29:38.247+0000] {dag.py:3239} INFO - Sync 1 DAGs
[2026-08-11T09:29:38.287+0000] {logging_mixin.py:190} INFO - [2026-08-11T09:29:38.286+0000] {dag.py:4180} INFO - Setting next_dagrun for wap_full_load_cfpb_pipeline to 2026-01-01 00:00:00+00:00, run_after=2026-01-01 00:00:00+00:00
[2026-08-11T09:29:38.316+0000] {processor.py:208} INFO - Processing /opt/airflow/dags/wap_full_load_cfpb_pipeline.py took 0.870 seconds
[2026-08-11T09:30:08.919+0000] {processor.py:186} INFO - Started process (PID=1813) to work on /opt/airflow/dags/wap_full_load_cfpb_pipeline.py
[2026-08-11T09:30:08.921+0000] {processor.py:914} INFO - Processing file /opt/airflow/dags/wap_full_load_cfpb_pipeline.py for tasks to queue
[2026-08-11T09:30:08.923+0000] {logging_mixin.py:190} INFO - [2026-08-11T09:30:08.923+0000] {dagbag.py:588} INFO - Filling up the DagBag from /opt/airflow/dags/wap_full_load_cfpb_pipeline.py
[2026-08-11T09:30:09.418+0000] {processor.py:925} INFO - DAG(s) 'wap_full_load_cfpb_pipeline' retrieved from /opt/airflow/dags/wap_full_load_cfpb_pipeline.py
[2026-08-11T09:30:09.453+0000] {logging_mixin.py:190} INFO - [2026-08-11T09:30:09.452+0000] {dag.py:3239} INFO - Sync 1 DAGs
[2026-08-11T09:30:09.476+0000] {logging_mixin.py:190} INFO - [2026-08-11T09:30:09.476+0000] {dag.py:4180} INFO - Setting next_dagrun for wap_full_load_cfpb_pipeline to 2026-01-01 00:00:00+00:00, run_after=2026-01-01 00:00:00+00:00
[2026-08-11T09:30:09.497+0000] {processor.py:208} INFO - Processing /opt/airflow/dags/wap_full_load_cfpb_pipeline.py took 0.586 seconds
[2026-08-11T09:30:39.947+0000] {processor.py:186} INFO - Started process (PID=1945) to work on /opt/airflow/dags/wap_full_load_cfpb_pipeline.py
[2026-08-11T09:30:39.949+0000] {processor.py:914} INFO - Processing file /opt/airflow/dags/wap_full_load_cfpb_pipeline.py for tasks to queue
[2026-08-11T09:30:39.952+0000] {logging_mixin.py:190} INFO - [2026-08-11T09:30:39.952+0000] {dagbag.py:588} INFO - Filling up the DagBag from /opt/airflow/dags/wap_full_load_cfpb_pipeline.py
[2026-08-11T09:30:40.508+0000] {processor.py:925} INFO - DAG(s) 'wap_full_load_cfpb_pipeline' retrieved from /opt/airflow/dags/wap_full_load_cfpb_pipeline.py
[2026-08-11T09:30:40.579+0000] {logging_mixin.py:190} INFO - [2026-08-11T09:30:40.578+0000] {dag.py:3239} INFO - Sync 1 DAGs
[2026-08-11T09:30:40.635+0000] {logging_mixin.py:190} INFO - [2026-08-11T09:30:40.635+0000] {dag.py:4180} INFO - Setting next_dagrun for wap_full_load_cfpb_pipeline to 2026-01-01 00:00:00+00:00, run_after=2026-01-01 00:00:00+00:00
[2026-08-11T09:30:40.697+0000] {processor.py:208} INFO - Processing /opt/airflow/dags/wap_full_load_cfpb_pipeline.py took 0.762 seconds
[2026-08-11T09:31:11.231+0000] {processor.py:186} INFO - Started process (PID=2076) to work on /opt/airflow/dags/wap_full_load_cfpb_pipeline.py
[2026-08-11T09:31:11.232+0000] {processor.py:914} INFO - Processing file /opt/airflow/dags/wap_full_load_cfpb_pipeline.py for tasks to queue
[2026-08-11T09:31:11.235+0000] {logging_mixin.py:190} INFO - [2026-08-11T09:31:11.235+0000] {dagbag.py:588} INFO - Filling up the DagBag from /opt/airflow/dags/wap_full_load_cfpb_pipeline.py
[2026-08-11T09:31:11.880+0000] {processor.py:925} INFO - DAG(s) 'wap_full_load_cfpb_pipeline' retrieved from /opt/airflow/dags/wap_full_load_cfpb_pipeline.py
[2026-08-11T09:31:11.928+0000] {logging_mixin.py:190} INFO - [2026-08-11T09:31:11.927+0000] {dag.py:3239} INFO - Sync 1 DAGs
[2026-08-11T09:31:11.974+0000] {logging_mixin.py:190} INFO - [2026-08-11T09:31:11.974+0000] {dag.py:4180} INFO - Setting next_dagrun for wap_full_load_cfpb_pipeline to 2026-01-01 00:00:00+00:00, run_after=2026-01-01 00:00:00+00:00
[2026-08-11T09:31:12.013+0000] {processor.py:208} INFO - Processing /opt/airflow/dags/wap_full_load_cfpb_pipeline.py took 0.789 seconds
