[2026-07-18T01:28:38.887+0000] {local_task_job_runner.py:123} INFO - ::group::Pre task execution logs
[2026-07-18T01:28:38.907+0000] {taskinstance.py:2612} INFO - Dependencies all met for dep_context=non-requeueable deps ti=<TaskInstance: consumer_complaints_ingestion_wap.write_to_wap_branch scheduled__2026-07-17T00:00:00+00:00 [queued]>
[2026-07-18T01:28:38.916+0000] {taskinstance.py:2612} INFO - Dependencies all met for dep_context=requeueable deps ti=<TaskInstance: consumer_complaints_ingestion_wap.write_to_wap_branch scheduled__2026-07-17T00:00:00+00:00 [queued]>
[2026-07-18T01:28:38.919+0000] {taskinstance.py:2865} INFO - Starting attempt 1 of 1
[2026-07-18T01:28:38.930+0000] {taskinstance.py:2888} INFO - Executing <Task(_PythonDecoratedOperator): write_to_wap_branch> on 2026-07-17 00:00:00+00:00
[2026-07-18T01:28:38.937+0000] {standard_task_runner.py:72} INFO - Started process 1034 to run task
[2026-07-18T01:28:38.940+0000] {standard_task_runner.py:104} INFO - Running: ['airflow', 'tasks', 'run', 'consumer_complaints_ingestion_wap', 'write_to_wap_branch', 'scheduled__2026-07-17T00:00:00+00:00', '--job-id', '8', '--raw', '--subdir', 'DAGS_FOLDER/wap_consumer_complaints_pipeline.py', '--cfg-path', '/tmp/tmptj3k3o6r']
[2026-07-18T01:28:38.942+0000] {standard_task_runner.py:105} INFO - Job 8: Subtask write_to_wap_branch
[2026-07-18T01:28:39.020+0000] {task_command.py:467} INFO - Running <TaskInstance: consumer_complaints_ingestion_wap.write_to_wap_branch scheduled__2026-07-17T00:00:00+00:00 [running]> on host ac6ebf98646b
[2026-07-18T01:28:39.128+0000] {taskinstance.py:3131} INFO - Exporting env vars: AIRFLOW_CTX_DAG_OWNER='airflow' AIRFLOW_CTX_DAG_ID='consumer_complaints_ingestion_wap' AIRFLOW_CTX_TASK_ID='write_to_wap_branch' AIRFLOW_CTX_EXECUTION_DATE='2026-07-17T00:00:00+00:00' AIRFLOW_CTX_TRY_NUMBER='1' AIRFLOW_CTX_DAG_RUN_ID='scheduled__2026-07-17T00:00:00+00:00'
[2026-07-18T01:28:39.131+0000] {taskinstance.py:731} INFO - ::endgroup::
[2026-07-18T01:28:39.135+0000] {crypto.py:82} WARNING - empty cryptography key - values will not be stored encrypted.
[2026-07-18T01:28:39.138+0000] {base.py:84} INFO - Retrieving connection 'minio_default'
[2026-07-18T01:28:39.140+0000] {base.py:84} INFO - Retrieving connection 'nessie_api_default'
[2026-07-18T01:28:39.248+0000] {duckdb_to_bronze.py:53} INFO - Đã khởi tạo DuckDB Connection và cấu hình S3 Secret thành công.
[2026-07-18T01:28:39.274+0000] {__init__.py:331} INFO - Loaded FileIO: pyiceberg.io.fsspec.FsspecFileIO
[2026-07-18T01:28:39.927+0000] {duckdb_to_bronze.py:101} INFO - Hoàn tất (Batch): 68 dòng vào bronze.raw_consumer_complaints.
[2026-07-18T01:28:39.929+0000] {duckdb_to_bronze.py:171} INFO - Đã đóng kết nối DuckDB an toàn.
[2026-07-18T01:28:39.931+0000] {python.py:240} INFO - Done. Returned value was: {'wap_branch': 'etl_inc_2026-07-17_scheduled__2026_07_17T00_00_00', 'total_inserted_rows': 68, 'total_extracted_rows': 68, 'run_id': 'scheduled__2026-07-17T00:00:00+00:00'}
[2026-07-18T01:28:39.968+0000] {taskinstance.py:340} INFO - ::group::Post task execution logs
[2026-07-18T01:28:39.970+0000] {taskinstance.py:352} INFO - Marking task as SUCCESS. dag_id=consumer_complaints_ingestion_wap, task_id=write_to_wap_branch, run_id=scheduled__2026-07-17T00:00:00+00:00, execution_date=20260717T000000, start_date=20260718T012838, end_date=20260718T012839
[2026-07-18T01:28:40.000+0000] {local_task_job_runner.py:266} INFO - Task exited with return code 0
[2026-07-18T01:28:40.025+0000] {taskinstance.py:3900} INFO - 1 downstream tasks scheduled from follow-on schedule check
[2026-07-18T01:28:40.028+0000] {local_task_job_runner.py:245} INFO - ::endgroup::
[2026-07-18T01:39:31.502+0000] {local_task_job_runner.py:123} INFO - ::group::Pre task execution logs
[2026-07-18T01:39:31.521+0000] {taskinstance.py:2612} INFO - Dependencies all met for dep_context=non-requeueable deps ti=<TaskInstance: consumer_complaints_ingestion_wap.write_to_wap_branch scheduled__2026-07-17T00:00:00+00:00 [queued]>
[2026-07-18T01:39:31.531+0000] {taskinstance.py:2612} INFO - Dependencies all met for dep_context=requeueable deps ti=<TaskInstance: consumer_complaints_ingestion_wap.write_to_wap_branch scheduled__2026-07-17T00:00:00+00:00 [queued]>
[2026-07-18T01:39:31.533+0000] {taskinstance.py:2865} INFO - Starting attempt 1 of 1
[2026-07-18T01:39:31.547+0000] {taskinstance.py:2888} INFO - Executing <Task(_PythonDecoratedOperator): write_to_wap_branch> on 2026-07-17 00:00:00+00:00
[2026-07-18T01:39:31.552+0000] {standard_task_runner.py:72} INFO - Started process 507 to run task
[2026-07-18T01:39:31.556+0000] {standard_task_runner.py:104} INFO - Running: ['airflow', 'tasks', 'run', 'consumer_complaints_ingestion_wap', 'write_to_wap_branch', 'scheduled__2026-07-17T00:00:00+00:00', '--job-id', '8', '--raw', '--subdir', 'DAGS_FOLDER/wap_consumer_complaints_pipeline.py', '--cfg-path', '/tmp/tmpalxjrrsm']
[2026-07-18T01:39:31.559+0000] {standard_task_runner.py:105} INFO - Job 8: Subtask write_to_wap_branch
[2026-07-18T01:39:31.647+0000] {task_command.py:467} INFO - Running <TaskInstance: consumer_complaints_ingestion_wap.write_to_wap_branch scheduled__2026-07-17T00:00:00+00:00 [running]> on host 93246aa1c53f
[2026-07-18T01:39:31.756+0000] {taskinstance.py:3131} INFO - Exporting env vars: AIRFLOW_CTX_DAG_OWNER='airflow' AIRFLOW_CTX_DAG_ID='consumer_complaints_ingestion_wap' AIRFLOW_CTX_TASK_ID='write_to_wap_branch' AIRFLOW_CTX_EXECUTION_DATE='2026-07-17T00:00:00+00:00' AIRFLOW_CTX_TRY_NUMBER='1' AIRFLOW_CTX_DAG_RUN_ID='scheduled__2026-07-17T00:00:00+00:00'
[2026-07-18T01:39:31.759+0000] {taskinstance.py:731} INFO - ::endgroup::
[2026-07-18T01:39:31.764+0000] {crypto.py:82} WARNING - empty cryptography key - values will not be stored encrypted.
[2026-07-18T01:39:31.766+0000] {base.py:84} INFO - Retrieving connection 'minio_default'
[2026-07-18T01:39:31.768+0000] {base.py:84} INFO - Retrieving connection 'nessie_api_default'
[2026-07-18T01:39:31.873+0000] {duckdb_to_bronze.py:53} INFO - Đã khởi tạo DuckDB Connection và cấu hình S3 Secret thành công.
[2026-07-18T01:39:31.892+0000] {__init__.py:331} INFO - Loaded FileIO: pyiceberg.io.fsspec.FsspecFileIO
[2026-07-18T01:39:32.546+0000] {duckdb_to_bronze.py:101} INFO - Hoàn tất (Batch): 68 dòng vào bronze.raw_consumer_complaints.
[2026-07-18T01:39:32.548+0000] {duckdb_to_bronze.py:171} INFO - Đã đóng kết nối DuckDB an toàn.
[2026-07-18T01:39:32.550+0000] {python.py:240} INFO - Done. Returned value was: {'wap_branch': 'etl_20260717_scheduled202607', 'total_inserted_rows': 68, 'total_extracted_rows': 68, 'run_id': 'scheduled__2026-07-17T00:00:00+00:00'}
[2026-07-18T01:39:32.590+0000] {taskinstance.py:340} INFO - ::group::Post task execution logs
[2026-07-18T01:39:32.592+0000] {taskinstance.py:352} INFO - Marking task as SUCCESS. dag_id=consumer_complaints_ingestion_wap, task_id=write_to_wap_branch, run_id=scheduled__2026-07-17T00:00:00+00:00, execution_date=20260717T000000, start_date=20260718T013931, end_date=20260718T013932
[2026-07-18T01:39:32.619+0000] {local_task_job_runner.py:266} INFO - Task exited with return code 0
[2026-07-18T01:39:32.651+0000] {taskinstance.py:3900} INFO - 1 downstream tasks scheduled from follow-on schedule check
[2026-07-18T01:39:32.655+0000] {local_task_job_runner.py:245} INFO - ::endgroup::
[2026-07-18T01:50:39.697+0000] {local_task_job_runner.py:123} INFO - ::group::Pre task execution logs
[2026-07-18T01:50:39.716+0000] {taskinstance.py:2612} INFO - Dependencies all met for dep_context=non-requeueable deps ti=<TaskInstance: consumer_complaints_ingestion_wap.write_to_wap_branch scheduled__2026-07-17T00:00:00+00:00 [queued]>
[2026-07-18T01:50:39.728+0000] {taskinstance.py:2612} INFO - Dependencies all met for dep_context=requeueable deps ti=<TaskInstance: consumer_complaints_ingestion_wap.write_to_wap_branch scheduled__2026-07-17T00:00:00+00:00 [queued]>
[2026-07-18T01:50:39.730+0000] {taskinstance.py:2865} INFO - Starting attempt 1 of 1
[2026-07-18T01:50:39.745+0000] {taskinstance.py:2888} INFO - Executing <Task(_PythonDecoratedOperator): write_to_wap_branch> on 2026-07-17 00:00:00+00:00
[2026-07-18T01:50:39.751+0000] {standard_task_runner.py:72} INFO - Started process 423 to run task
[2026-07-18T01:50:39.754+0000] {standard_task_runner.py:104} INFO - Running: ['airflow', 'tasks', 'run', 'consumer_complaints_ingestion_wap', 'write_to_wap_branch', 'scheduled__2026-07-17T00:00:00+00:00', '--job-id', '8', '--raw', '--subdir', 'DAGS_FOLDER/wap_consumer_complaints_pipeline.py', '--cfg-path', '/tmp/tmphk_nppal']
[2026-07-18T01:50:39.757+0000] {standard_task_runner.py:105} INFO - Job 8: Subtask write_to_wap_branch
[2026-07-18T01:50:39.877+0000] {task_command.py:467} INFO - Running <TaskInstance: consumer_complaints_ingestion_wap.write_to_wap_branch scheduled__2026-07-17T00:00:00+00:00 [running]> on host a48e29a78335
[2026-07-18T01:50:39.995+0000] {taskinstance.py:3131} INFO - Exporting env vars: AIRFLOW_CTX_DAG_OWNER='airflow' AIRFLOW_CTX_DAG_ID='consumer_complaints_ingestion_wap' AIRFLOW_CTX_TASK_ID='write_to_wap_branch' AIRFLOW_CTX_EXECUTION_DATE='2026-07-17T00:00:00+00:00' AIRFLOW_CTX_TRY_NUMBER='1' AIRFLOW_CTX_DAG_RUN_ID='scheduled__2026-07-17T00:00:00+00:00'
[2026-07-18T01:50:39.998+0000] {taskinstance.py:731} INFO - ::endgroup::
[2026-07-18T01:50:40.002+0000] {crypto.py:82} WARNING - empty cryptography key - values will not be stored encrypted.
[2026-07-18T01:50:40.004+0000] {base.py:84} INFO - Retrieving connection 'minio_default'
[2026-07-18T01:50:40.006+0000] {base.py:84} INFO - Retrieving connection 'nessie_api_default'
[2026-07-18T01:50:40.119+0000] {duckdb_to_bronze.py:53} INFO - Đã khởi tạo DuckDB Connection và cấu hình S3 Secret thành công.
[2026-07-18T01:50:40.144+0000] {__init__.py:331} INFO - Loaded FileIO: pyiceberg.io.fsspec.FsspecFileIO
[2026-07-18T01:50:40.826+0000] {duckdb_to_bronze.py:101} INFO - Hoàn tất (Batch): 68 dòng vào bronze.raw_consumer_complaints.
[2026-07-18T01:50:40.830+0000] {duckdb_to_bronze.py:171} INFO - Đã đóng kết nối DuckDB an toàn.
[2026-07-18T01:50:40.831+0000] {python.py:240} INFO - Done. Returned value was: {'wap_branch': 'etl_20260717_scheduled202607', 'total_inserted_rows': 68, 'total_extracted_rows': 68, 'run_id': 'scheduled__2026-07-17T00:00:00+00:00'}
[2026-07-18T01:50:40.867+0000] {taskinstance.py:340} INFO - ::group::Post task execution logs
[2026-07-18T01:50:40.868+0000] {taskinstance.py:352} INFO - Marking task as SUCCESS. dag_id=consumer_complaints_ingestion_wap, task_id=write_to_wap_branch, run_id=scheduled__2026-07-17T00:00:00+00:00, execution_date=20260717T000000, start_date=20260718T015039, end_date=20260718T015040
[2026-07-18T01:50:40.894+0000] {local_task_job_runner.py:266} INFO - Task exited with return code 0
[2026-07-18T01:50:40.923+0000] {taskinstance.py:3900} INFO - 1 downstream tasks scheduled from follow-on schedule check
[2026-07-18T01:50:40.927+0000] {local_task_job_runner.py:245} INFO - ::endgroup::
[2026-07-18T02:22:20.596+0000] {local_task_job_runner.py:123} INFO - ::group::Pre task execution logs
[2026-07-18T02:22:20.618+0000] {taskinstance.py:2612} INFO - Dependencies all met for dep_context=non-requeueable deps ti=<TaskInstance: consumer_complaints_ingestion_wap.write_to_wap_branch scheduled__2026-07-17T00:00:00+00:00 [queued]>
[2026-07-18T02:22:20.629+0000] {taskinstance.py:2612} INFO - Dependencies all met for dep_context=requeueable deps ti=<TaskInstance: consumer_complaints_ingestion_wap.write_to_wap_branch scheduled__2026-07-17T00:00:00+00:00 [queued]>
[2026-07-18T02:22:20.631+0000] {taskinstance.py:2865} INFO - Starting attempt 1 of 1
[2026-07-18T02:22:20.644+0000] {taskinstance.py:2888} INFO - Executing <Task(_PythonDecoratedOperator): write_to_wap_branch> on 2026-07-17 00:00:00+00:00
[2026-07-18T02:22:20.650+0000] {standard_task_runner.py:72} INFO - Started process 496 to run task
[2026-07-18T02:22:20.653+0000] {standard_task_runner.py:104} INFO - Running: ['airflow', 'tasks', 'run', 'consumer_complaints_ingestion_wap', 'write_to_wap_branch', 'scheduled__2026-07-17T00:00:00+00:00', '--job-id', '8', '--raw', '--subdir', 'DAGS_FOLDER/wap_consumer_complaints_pipeline.py', '--cfg-path', '/tmp/tmp9hicssn8']
[2026-07-18T02:22:20.655+0000] {standard_task_runner.py:105} INFO - Job 8: Subtask write_to_wap_branch
[2026-07-18T02:22:20.738+0000] {task_command.py:467} INFO - Running <TaskInstance: consumer_complaints_ingestion_wap.write_to_wap_branch scheduled__2026-07-17T00:00:00+00:00 [running]> on host 407f07aaae66
[2026-07-18T02:22:20.846+0000] {taskinstance.py:3131} INFO - Exporting env vars: AIRFLOW_CTX_DAG_OWNER='airflow' AIRFLOW_CTX_DAG_ID='consumer_complaints_ingestion_wap' AIRFLOW_CTX_TASK_ID='write_to_wap_branch' AIRFLOW_CTX_EXECUTION_DATE='2026-07-17T00:00:00+00:00' AIRFLOW_CTX_TRY_NUMBER='1' AIRFLOW_CTX_DAG_RUN_ID='scheduled__2026-07-17T00:00:00+00:00'
[2026-07-18T02:22:20.849+0000] {taskinstance.py:731} INFO - ::endgroup::
[2026-07-18T02:22:20.851+0000] {crypto.py:82} WARNING - empty cryptography key - values will not be stored encrypted.
[2026-07-18T02:22:20.853+0000] {base.py:84} INFO - Retrieving connection 'minio_default'
[2026-07-18T02:22:20.854+0000] {base.py:84} INFO - Retrieving connection 'nessie_api_default'
[2026-07-18T02:22:22.424+0000] {taskinstance.py:3310} ERROR - Task failed with exception
Traceback (most recent call last):
  File "/home/airflow/.local/lib/python3.10/site-packages/airflow/models/taskinstance.py", line 767, in _execute_task
    result = _execute_callable(context=context, **execute_callable_kwargs)
  File "/home/airflow/.local/lib/python3.10/site-packages/airflow/models/taskinstance.py", line 733, in _execute_callable
    return ExecutionCallableRunner(
  File "/home/airflow/.local/lib/python3.10/site-packages/airflow/utils/operator_helpers.py", line 252, in run
    return self.func(*args, **kwargs)
  File "/home/airflow/.local/lib/python3.10/site-packages/airflow/models/baseoperator.py", line 406, in wrapper
    return func(self, *args, **kwargs)
  File "/home/airflow/.local/lib/python3.10/site-packages/airflow/decorators/base.py", line 266, in execute
    return_value = super().execute(context)
  File "/home/airflow/.local/lib/python3.10/site-packages/airflow/models/baseoperator.py", line 406, in wrapper
    return func(self, *args, **kwargs)
  File "/home/airflow/.local/lib/python3.10/site-packages/airflow/operators/python.py", line 238, in execute
    return_value = self.execute_callable()
  File "/home/airflow/.local/lib/python3.10/site-packages/airflow/operators/python.py", line 256, in execute_callable
    return runner.run(*self.op_args, **self.op_kwargs)
  File "/home/airflow/.local/lib/python3.10/site-packages/airflow/utils/operator_helpers.py", line 252, in run
    return self.func(*args, **kwargs)
  File "/opt/airflow/dags/wap_consumer_complaints_pipeline.py", line 148, in write_to_wap_branch
    with DuckDBIcebergLoader(
  File "/opt/airflow/dags/utils/duckdb_to_bronze.py", line 65, in __init__
    self.con.execute(f"""
duckdb.duckdb.InvalidInputException: Invalid Input Error: Secret type 'iceberg' not found
[2026-07-18T02:22:22.450+0000] {taskinstance.py:1225} INFO - Marking task as FAILED. dag_id=consumer_complaints_ingestion_wap, task_id=write_to_wap_branch, run_id=scheduled__2026-07-17T00:00:00+00:00, execution_date=20260717T000000, start_date=20260718T022220, end_date=20260718T022222
[2026-07-18T02:22:22.465+0000] {taskinstance.py:340} INFO - ::group::Post task execution logs
[2026-07-18T02:22:22.467+0000] {standard_task_runner.py:124} ERROR - Failed to execute job 8 for task write_to_wap_branch (Invalid Input Error: Secret type 'iceberg' not found; 496)
Traceback (most recent call last):
  File "/home/airflow/.local/lib/python3.10/site-packages/airflow/task/task_runner/standard_task_runner.py", line 117, in _start_by_fork
    ret = args.func(args, dag=self.dag)
  File "/home/airflow/.local/lib/python3.10/site-packages/airflow/cli/cli_config.py", line 49, in command
    return func(*args, **kwargs)
  File "/home/airflow/.local/lib/python3.10/site-packages/airflow/utils/cli.py", line 115, in wrapper
    return f(*args, **kwargs)
  File "/home/airflow/.local/lib/python3.10/site-packages/airflow/cli/commands/task_command.py", line 483, in task_run
    task_return_code = _run_task_by_selected_method(args, _dag, ti)
  File "/home/airflow/.local/lib/python3.10/site-packages/airflow/cli/commands/task_command.py", line 256, in _run_task_by_selected_method
    return _run_raw_task(args, ti)
  File "/home/airflow/.local/lib/python3.10/site-packages/airflow/cli/commands/task_command.py", line 341, in _run_raw_task
    return ti._run_raw_task(
  File "/home/airflow/.local/lib/python3.10/site-packages/airflow/utils/session.py", line 97, in wrapper
    return func(*args, session=session, **kwargs)
  File "/home/airflow/.local/lib/python3.10/site-packages/airflow/models/taskinstance.py", line 3004, in _run_raw_task
    return _run_raw_task(
  File "/home/airflow/.local/lib/python3.10/site-packages/airflow/models/taskinstance.py", line 273, in _run_raw_task
    TaskInstance._execute_task_with_callbacks(
  File "/home/airflow/.local/lib/python3.10/site-packages/airflow/models/taskinstance.py", line 3158, in _execute_task_with_callbacks
    result = self._execute_task(context, task_orig)
  File "/home/airflow/.local/lib/python3.10/site-packages/airflow/models/taskinstance.py", line 3182, in _execute_task
    return _execute_task(self, context, task_orig)
  File "/home/airflow/.local/lib/python3.10/site-packages/airflow/models/taskinstance.py", line 767, in _execute_task
    result = _execute_callable(context=context, **execute_callable_kwargs)
  File "/home/airflow/.local/lib/python3.10/site-packages/airflow/models/taskinstance.py", line 733, in _execute_callable
    return ExecutionCallableRunner(
  File "/home/airflow/.local/lib/python3.10/site-packages/airflow/utils/operator_helpers.py", line 252, in run
    return self.func(*args, **kwargs)
  File "/home/airflow/.local/lib/python3.10/site-packages/airflow/models/baseoperator.py", line 406, in wrapper
    return func(self, *args, **kwargs)
  File "/home/airflow/.local/lib/python3.10/site-packages/airflow/decorators/base.py", line 266, in execute
    return_value = super().execute(context)
  File "/home/airflow/.local/lib/python3.10/site-packages/airflow/models/baseoperator.py", line 406, in wrapper
    return func(self, *args, **kwargs)
  File "/home/airflow/.local/lib/python3.10/site-packages/airflow/operators/python.py", line 238, in execute
    return_value = self.execute_callable()
  File "/home/airflow/.local/lib/python3.10/site-packages/airflow/operators/python.py", line 256, in execute_callable
    return runner.run(*self.op_args, **self.op_kwargs)
  File "/home/airflow/.local/lib/python3.10/site-packages/airflow/utils/operator_helpers.py", line 252, in run
    return self.func(*args, **kwargs)
  File "/opt/airflow/dags/wap_consumer_complaints_pipeline.py", line 148, in write_to_wap_branch
    with DuckDBIcebergLoader(
  File "/opt/airflow/dags/utils/duckdb_to_bronze.py", line 65, in __init__
    self.con.execute(f"""
duckdb.duckdb.InvalidInputException: Invalid Input Error: Secret type 'iceberg' not found
[2026-07-18T02:22:22.517+0000] {local_task_job_runner.py:266} INFO - Task exited with return code 1
[2026-07-18T02:22:22.545+0000] {taskinstance.py:3900} INFO - 0 downstream tasks scheduled from follow-on schedule check
[2026-07-18T02:22:22.553+0000] {local_task_job_runner.py:245} INFO - ::endgroup::
[2026-07-18T02:31:46.363+0000] {local_task_job_runner.py:123} INFO - ::group::Pre task execution logs
[2026-07-18T02:31:46.384+0000] {taskinstance.py:2612} INFO - Dependencies all met for dep_context=non-requeueable deps ti=<TaskInstance: consumer_complaints_ingestion_wap.write_to_wap_branch scheduled__2026-07-17T00:00:00+00:00 [queued]>
[2026-07-18T02:31:46.395+0000] {taskinstance.py:2612} INFO - Dependencies all met for dep_context=requeueable deps ti=<TaskInstance: consumer_complaints_ingestion_wap.write_to_wap_branch scheduled__2026-07-17T00:00:00+00:00 [queued]>
[2026-07-18T02:31:46.397+0000] {taskinstance.py:2865} INFO - Starting attempt 1 of 1
[2026-07-18T02:31:46.408+0000] {taskinstance.py:2888} INFO - Executing <Task(_PythonDecoratedOperator): write_to_wap_branch> on 2026-07-17 00:00:00+00:00
[2026-07-18T02:31:46.415+0000] {standard_task_runner.py:72} INFO - Started process 595 to run task
[2026-07-18T02:31:46.418+0000] {standard_task_runner.py:104} INFO - Running: ['airflow', 'tasks', 'run', 'consumer_complaints_ingestion_wap', 'write_to_wap_branch', 'scheduled__2026-07-17T00:00:00+00:00', '--job-id', '8', '--raw', '--subdir', 'DAGS_FOLDER/wap_consumer_complaints_pipeline.py', '--cfg-path', '/tmp/tmpsfapfizp']
[2026-07-18T02:31:46.421+0000] {standard_task_runner.py:105} INFO - Job 8: Subtask write_to_wap_branch
[2026-07-18T02:31:46.498+0000] {task_command.py:467} INFO - Running <TaskInstance: consumer_complaints_ingestion_wap.write_to_wap_branch scheduled__2026-07-17T00:00:00+00:00 [running]> on host e28a35e52d18
[2026-07-18T02:31:46.613+0000] {taskinstance.py:3131} INFO - Exporting env vars: AIRFLOW_CTX_DAG_OWNER='airflow' AIRFLOW_CTX_DAG_ID='consumer_complaints_ingestion_wap' AIRFLOW_CTX_TASK_ID='write_to_wap_branch' AIRFLOW_CTX_EXECUTION_DATE='2026-07-17T00:00:00+00:00' AIRFLOW_CTX_TRY_NUMBER='1' AIRFLOW_CTX_DAG_RUN_ID='scheduled__2026-07-17T00:00:00+00:00'
[2026-07-18T02:31:46.616+0000] {taskinstance.py:731} INFO - ::endgroup::
[2026-07-18T02:31:46.619+0000] {crypto.py:82} WARNING - empty cryptography key - values will not be stored encrypted.
[2026-07-18T02:31:46.623+0000] {base.py:84} INFO - Retrieving connection 'minio_default'
[2026-07-18T02:31:46.625+0000] {base.py:84} INFO - Retrieving connection 'nessie_api_default'
[2026-07-18T02:31:47.931+0000] {duckdb_to_bronze.py:62} INFO - Đã khởi tạo DuckDB và PyIceberg Catalog trên nhánh 'etl_20260717_scheduled202607'.
[2026-07-18T02:31:47.966+0000] {__init__.py:331} INFO - Loaded FileIO: pyiceberg.io.fsspec.FsspecFileIO
[2026-07-18T02:31:48.643+0000] {duckdb_to_bronze.py:110} INFO - Hoàn tất (Batch): 68 dòng vào bronze.raw_consumer_complaints.
[2026-07-18T02:31:48.647+0000] {duckdb_to_bronze.py:177} INFO - Đã đóng kết nối DuckDB an toàn.
[2026-07-18T02:31:48.649+0000] {python.py:240} INFO - Done. Returned value was: {'wap_branch': 'etl_20260717_scheduled202607', 'total_inserted_rows': 68, 'total_extracted_rows': 68, 'run_id': 'scheduled__2026-07-17T00:00:00+00:00'}
[2026-07-18T02:31:48.692+0000] {taskinstance.py:340} INFO - ::group::Post task execution logs
[2026-07-18T02:31:48.694+0000] {taskinstance.py:352} INFO - Marking task as SUCCESS. dag_id=consumer_complaints_ingestion_wap, task_id=write_to_wap_branch, run_id=scheduled__2026-07-17T00:00:00+00:00, execution_date=20260717T000000, start_date=20260718T023146, end_date=20260718T023148
[2026-07-18T02:31:48.726+0000] {local_task_job_runner.py:266} INFO - Task exited with return code 0
[2026-07-18T02:31:48.760+0000] {taskinstance.py:3900} INFO - 1 downstream tasks scheduled from follow-on schedule check
[2026-07-18T02:31:48.764+0000] {local_task_job_runner.py:245} INFO - ::endgroup::
