[2026-07-07T04:33:54.051+0000] {processor.py:161} INFO - Started process (PID=183) to work on /opt/airflow/dags/consumer_complaints_elt_v2.py
[2026-07-07T04:33:54.053+0000] {processor.py:830} INFO - Processing file /opt/airflow/dags/consumer_complaints_elt_v2.py for tasks to queue
[2026-07-07T04:33:54.055+0000] {logging_mixin.py:188} INFO - [2026-07-07T04:33:54.055+0000] {dagbag.py:540} INFO - Filling up the DagBag from /opt/airflow/dags/consumer_complaints_elt_v2.py
[2026-07-07T04:33:56.535+0000] {processor.py:840} INFO - DAG(s) 'consumer_complaints_full_load' retrieved from /opt/airflow/dags/consumer_complaints_elt_v2.py
[2026-07-07T04:33:56.729+0000] {logging_mixin.py:188} INFO - [2026-07-07T04:33:56.728+0000] {override.py:1769} INFO - Created Permission View: can read on DAG:consumer_complaints_full_load
[2026-07-07T04:33:56.758+0000] {logging_mixin.py:188} INFO - [2026-07-07T04:33:56.758+0000] {override.py:1769} INFO - Created Permission View: can edit on DAG:consumer_complaints_full_load
[2026-07-07T04:33:56.785+0000] {logging_mixin.py:188} INFO - [2026-07-07T04:33:56.785+0000] {override.py:1769} INFO - Created Permission View: can delete on DAG:consumer_complaints_full_load
[2026-07-07T04:33:56.788+0000] {logging_mixin.py:188} INFO - [2026-07-07T04:33:56.788+0000] {dag.py:3047} INFO - Sync 1 DAGs
[2026-07-07T04:33:56.817+0000] {logging_mixin.py:188} INFO - [2026-07-07T04:33:56.816+0000] {dag.py:3069} INFO - Creating ORM DAG for consumer_complaints_full_load
[2026-07-07T04:33:56.847+0000] {logging_mixin.py:188} INFO - [2026-07-07T04:33:56.846+0000] {dag.py:3834} INFO - Setting next_dagrun for consumer_complaints_full_load to 2026-06-01 00:00:00+00:00, run_after=2026-07-01 00:00:00+00:00
[2026-07-07T04:33:56.904+0000] {processor.py:183} INFO - Processing /opt/airflow/dags/consumer_complaints_elt_v2.py took 2.860 seconds
[2026-07-07T04:34:27.679+0000] {processor.py:161} INFO - Started process (PID=230) to work on /opt/airflow/dags/consumer_complaints_elt_v2.py
[2026-07-07T04:34:27.681+0000] {processor.py:830} INFO - Processing file /opt/airflow/dags/consumer_complaints_elt_v2.py for tasks to queue
[2026-07-07T04:34:27.683+0000] {logging_mixin.py:188} INFO - [2026-07-07T04:34:27.683+0000] {dagbag.py:540} INFO - Filling up the DagBag from /opt/airflow/dags/consumer_complaints_elt_v2.py
[2026-07-07T04:34:27.995+0000] {processor.py:840} INFO - DAG(s) 'consumer_complaints_full_load' retrieved from /opt/airflow/dags/consumer_complaints_elt_v2.py
[2026-07-07T04:34:28.027+0000] {logging_mixin.py:188} INFO - [2026-07-07T04:34:28.027+0000] {dag.py:3047} INFO - Sync 1 DAGs
[2026-07-07T04:34:28.054+0000] {logging_mixin.py:188} INFO - [2026-07-07T04:34:28.053+0000] {dag.py:3834} INFO - Setting next_dagrun for consumer_complaints_full_load to 2026-06-01 00:00:00+00:00, run_after=2026-07-01 00:00:00+00:00
[2026-07-07T04:34:28.082+0000] {processor.py:183} INFO - Processing /opt/airflow/dags/consumer_complaints_elt_v2.py took 0.408 seconds
[2026-07-07T04:34:58.239+0000] {processor.py:161} INFO - Started process (PID=255) to work on /opt/airflow/dags/consumer_complaints_elt_v2.py
[2026-07-07T04:34:58.240+0000] {processor.py:830} INFO - Processing file /opt/airflow/dags/consumer_complaints_elt_v2.py for tasks to queue
[2026-07-07T04:34:58.241+0000] {logging_mixin.py:188} INFO - [2026-07-07T04:34:58.241+0000] {dagbag.py:540} INFO - Filling up the DagBag from /opt/airflow/dags/consumer_complaints_elt_v2.py
[2026-07-07T04:34:58.503+0000] {processor.py:840} INFO - DAG(s) 'consumer_complaints_full_load' retrieved from /opt/airflow/dags/consumer_complaints_elt_v2.py
[2026-07-07T04:34:58.527+0000] {logging_mixin.py:188} INFO - [2026-07-07T04:34:58.526+0000] {dag.py:3047} INFO - Sync 1 DAGs
[2026-07-07T04:34:58.550+0000] {logging_mixin.py:188} INFO - [2026-07-07T04:34:58.549+0000] {dag.py:3834} INFO - Setting next_dagrun for consumer_complaints_full_load to 2026-06-01 00:00:00+00:00, run_after=2026-07-01 00:00:00+00:00
[2026-07-07T04:34:58.571+0000] {processor.py:183} INFO - Processing /opt/airflow/dags/consumer_complaints_elt_v2.py took 0.335 seconds
[2026-07-07T04:35:29.472+0000] {processor.py:161} INFO - Started process (PID=292) to work on /opt/airflow/dags/consumer_complaints_elt_v2.py
[2026-07-07T04:35:29.472+0000] {processor.py:830} INFO - Processing file /opt/airflow/dags/consumer_complaints_elt_v2.py for tasks to queue
[2026-07-07T04:35:29.473+0000] {logging_mixin.py:188} INFO - [2026-07-07T04:35:29.473+0000] {dagbag.py:540} INFO - Filling up the DagBag from /opt/airflow/dags/consumer_complaints_elt_v2.py
[2026-07-07T04:35:29.728+0000] {processor.py:840} INFO - DAG(s) 'consumer_complaints_full_load' retrieved from /opt/airflow/dags/consumer_complaints_elt_v2.py
[2026-07-07T04:35:29.755+0000] {logging_mixin.py:188} INFO - [2026-07-07T04:35:29.755+0000] {dag.py:3047} INFO - Sync 1 DAGs
[2026-07-07T04:35:29.778+0000] {logging_mixin.py:188} INFO - [2026-07-07T04:35:29.778+0000] {dag.py:3834} INFO - Setting next_dagrun for consumer_complaints_full_load to 2026-06-01 00:00:00+00:00, run_after=2026-07-01 00:00:00+00:00
[2026-07-07T04:35:29.798+0000] {processor.py:183} INFO - Processing /opt/airflow/dags/consumer_complaints_elt_v2.py took 0.329 seconds
[2026-07-07T04:36:00.039+0000] {processor.py:161} INFO - Started process (PID=325) to work on /opt/airflow/dags/consumer_complaints_elt_v2.py
[2026-07-07T04:36:00.040+0000] {processor.py:830} INFO - Processing file /opt/airflow/dags/consumer_complaints_elt_v2.py for tasks to queue
[2026-07-07T04:36:00.041+0000] {logging_mixin.py:188} INFO - [2026-07-07T04:36:00.041+0000] {dagbag.py:540} INFO - Filling up the DagBag from /opt/airflow/dags/consumer_complaints_elt_v2.py
[2026-07-07T04:36:00.291+0000] {processor.py:840} INFO - DAG(s) 'consumer_complaints_full_load' retrieved from /opt/airflow/dags/consumer_complaints_elt_v2.py
[2026-07-07T04:36:00.317+0000] {logging_mixin.py:188} INFO - [2026-07-07T04:36:00.316+0000] {dag.py:3047} INFO - Sync 1 DAGs
[2026-07-07T04:36:00.340+0000] {logging_mixin.py:188} INFO - [2026-07-07T04:36:00.339+0000] {dag.py:3834} INFO - Setting next_dagrun for consumer_complaints_full_load to 2026-06-01 00:00:00+00:00, run_after=2026-07-01 00:00:00+00:00
[2026-07-07T04:36:00.361+0000] {processor.py:183} INFO - Processing /opt/airflow/dags/consumer_complaints_elt_v2.py took 0.325 seconds
[2026-07-07T04:36:30.789+0000] {processor.py:161} INFO - Started process (PID=359) to work on /opt/airflow/dags/consumer_complaints_elt_v2.py
[2026-07-07T04:36:30.790+0000] {processor.py:830} INFO - Processing file /opt/airflow/dags/consumer_complaints_elt_v2.py for tasks to queue
[2026-07-07T04:36:30.791+0000] {logging_mixin.py:188} INFO - [2026-07-07T04:36:30.791+0000] {dagbag.py:540} INFO - Filling up the DagBag from /opt/airflow/dags/consumer_complaints_elt_v2.py
[2026-07-07T04:36:31.014+0000] {processor.py:840} INFO - DAG(s) 'consumer_complaints_full_load' retrieved from /opt/airflow/dags/consumer_complaints_elt_v2.py
[2026-07-07T04:36:31.035+0000] {logging_mixin.py:188} INFO - [2026-07-07T04:36:31.034+0000] {dag.py:3047} INFO - Sync 1 DAGs
[2026-07-07T04:36:31.055+0000] {logging_mixin.py:188} INFO - [2026-07-07T04:36:31.055+0000] {dag.py:3834} INFO - Setting next_dagrun for consumer_complaints_full_load to 2026-06-01 00:00:00+00:00, run_after=2026-07-01 00:00:00+00:00
[2026-07-07T04:36:31.072+0000] {processor.py:183} INFO - Processing /opt/airflow/dags/consumer_complaints_elt_v2.py took 0.286 seconds
[2026-07-07T04:37:01.378+0000] {processor.py:161} INFO - Started process (PID=389) to work on /opt/airflow/dags/consumer_complaints_elt_v2.py
[2026-07-07T04:37:01.379+0000] {processor.py:830} INFO - Processing file /opt/airflow/dags/consumer_complaints_elt_v2.py for tasks to queue
[2026-07-07T04:37:01.380+0000] {logging_mixin.py:188} INFO - [2026-07-07T04:37:01.380+0000] {dagbag.py:540} INFO - Filling up the DagBag from /opt/airflow/dags/consumer_complaints_elt_v2.py
[2026-07-07T04:37:01.633+0000] {processor.py:840} INFO - DAG(s) 'consumer_complaints_full_load' retrieved from /opt/airflow/dags/consumer_complaints_elt_v2.py
[2026-07-07T04:37:01.657+0000] {logging_mixin.py:188} INFO - [2026-07-07T04:37:01.657+0000] {dag.py:3047} INFO - Sync 1 DAGs
[2026-07-07T04:37:01.678+0000] {logging_mixin.py:188} INFO - [2026-07-07T04:37:01.678+0000] {dag.py:3834} INFO - Setting next_dagrun for consumer_complaints_full_load to 2026-06-01 00:00:00+00:00, run_after=2026-07-01 00:00:00+00:00
[2026-07-07T04:37:01.698+0000] {processor.py:183} INFO - Processing /opt/airflow/dags/consumer_complaints_elt_v2.py took 0.323 seconds
[2026-07-07T04:37:31.814+0000] {processor.py:161} INFO - Started process (PID=427) to work on /opt/airflow/dags/consumer_complaints_elt_v2.py
[2026-07-07T04:37:31.815+0000] {processor.py:830} INFO - Processing file /opt/airflow/dags/consumer_complaints_elt_v2.py for tasks to queue
[2026-07-07T04:37:31.816+0000] {logging_mixin.py:188} INFO - [2026-07-07T04:37:31.816+0000] {dagbag.py:540} INFO - Filling up the DagBag from /opt/airflow/dags/consumer_complaints_elt_v2.py
[2026-07-07T04:37:32.043+0000] {processor.py:840} INFO - DAG(s) 'consumer_complaints_full_load' retrieved from /opt/airflow/dags/consumer_complaints_elt_v2.py
[2026-07-07T04:37:32.066+0000] {logging_mixin.py:188} INFO - [2026-07-07T04:37:32.065+0000] {dag.py:3047} INFO - Sync 1 DAGs
[2026-07-07T04:37:32.088+0000] {logging_mixin.py:188} INFO - [2026-07-07T04:37:32.088+0000] {dag.py:3834} INFO - Setting next_dagrun for consumer_complaints_full_load to 2026-06-01 00:00:00+00:00, run_after=2026-07-01 00:00:00+00:00
[2026-07-07T04:37:32.113+0000] {processor.py:183} INFO - Processing /opt/airflow/dags/consumer_complaints_elt_v2.py took 0.302 seconds
[2026-07-07T04:38:02.306+0000] {processor.py:161} INFO - Started process (PID=458) to work on /opt/airflow/dags/consumer_complaints_elt_v2.py
[2026-07-07T04:38:02.308+0000] {processor.py:830} INFO - Processing file /opt/airflow/dags/consumer_complaints_elt_v2.py for tasks to queue
[2026-07-07T04:38:02.309+0000] {logging_mixin.py:188} INFO - [2026-07-07T04:38:02.309+0000] {dagbag.py:540} INFO - Filling up the DagBag from /opt/airflow/dags/consumer_complaints_elt_v2.py
[2026-07-07T04:38:02.663+0000] {processor.py:840} INFO - DAG(s) 'consumer_complaints_full_load' retrieved from /opt/airflow/dags/consumer_complaints_elt_v2.py
[2026-07-07T04:38:02.696+0000] {logging_mixin.py:188} INFO - [2026-07-07T04:38:02.695+0000] {dag.py:3047} INFO - Sync 1 DAGs
[2026-07-07T04:38:02.722+0000] {logging_mixin.py:188} INFO - [2026-07-07T04:38:02.721+0000] {dag.py:3834} INFO - Setting next_dagrun for consumer_complaints_full_load to 2026-06-01 00:00:00+00:00, run_after=2026-07-01 00:00:00+00:00
[2026-07-07T04:38:02.743+0000] {processor.py:183} INFO - Processing /opt/airflow/dags/consumer_complaints_elt_v2.py took 0.441 seconds
[2026-07-07T04:38:33.434+0000] {processor.py:161} INFO - Started process (PID=490) to work on /opt/airflow/dags/consumer_complaints_elt_v2.py
[2026-07-07T04:38:33.435+0000] {processor.py:830} INFO - Processing file /opt/airflow/dags/consumer_complaints_elt_v2.py for tasks to queue
[2026-07-07T04:38:33.436+0000] {logging_mixin.py:188} INFO - [2026-07-07T04:38:33.436+0000] {dagbag.py:540} INFO - Filling up the DagBag from /opt/airflow/dags/consumer_complaints_elt_v2.py
[2026-07-07T04:38:33.706+0000] {processor.py:840} INFO - DAG(s) 'consumer_complaints_full_load' retrieved from /opt/airflow/dags/consumer_complaints_elt_v2.py
[2026-07-07T04:38:33.735+0000] {logging_mixin.py:188} INFO - [2026-07-07T04:38:33.734+0000] {dag.py:3047} INFO - Sync 1 DAGs
[2026-07-07T04:38:33.760+0000] {logging_mixin.py:188} INFO - [2026-07-07T04:38:33.760+0000] {dag.py:3834} INFO - Setting next_dagrun for consumer_complaints_full_load to 2026-06-01 00:00:00+00:00, run_after=2026-07-01 00:00:00+00:00
[2026-07-07T04:38:33.786+0000] {processor.py:183} INFO - Processing /opt/airflow/dags/consumer_complaints_elt_v2.py took 0.355 seconds
[2026-07-07T04:39:03.956+0000] {processor.py:161} INFO - Started process (PID=542) to work on /opt/airflow/dags/consumer_complaints_elt_v2.py
[2026-07-07T04:39:03.957+0000] {processor.py:830} INFO - Processing file /opt/airflow/dags/consumer_complaints_elt_v2.py for tasks to queue
[2026-07-07T04:39:03.958+0000] {logging_mixin.py:188} INFO - [2026-07-07T04:39:03.958+0000] {dagbag.py:540} INFO - Filling up the DagBag from /opt/airflow/dags/consumer_complaints_elt_v2.py
[2026-07-07T04:39:04.242+0000] {processor.py:840} INFO - DAG(s) 'consumer_complaints_full_load' retrieved from /opt/airflow/dags/consumer_complaints_elt_v2.py
[2026-07-07T04:39:04.284+0000] {logging_mixin.py:188} INFO - [2026-07-07T04:39:04.283+0000] {dag.py:3047} INFO - Sync 1 DAGs
[2026-07-07T04:39:04.314+0000] {logging_mixin.py:188} INFO - [2026-07-07T04:39:04.314+0000] {dag.py:3834} INFO - Setting next_dagrun for consumer_complaints_full_load to 2026-06-01 00:00:00+00:00, run_after=2026-07-01 00:00:00+00:00
[2026-07-07T04:39:04.346+0000] {processor.py:183} INFO - Processing /opt/airflow/dags/consumer_complaints_elt_v2.py took 0.392 seconds
[2026-07-07T04:39:35.361+0000] {processor.py:161} INFO - Started process (PID=576) to work on /opt/airflow/dags/consumer_complaints_elt_v2.py
[2026-07-07T04:39:35.362+0000] {processor.py:830} INFO - Processing file /opt/airflow/dags/consumer_complaints_elt_v2.py for tasks to queue
[2026-07-07T04:39:35.363+0000] {logging_mixin.py:188} INFO - [2026-07-07T04:39:35.363+0000] {dagbag.py:540} INFO - Filling up the DagBag from /opt/airflow/dags/consumer_complaints_elt_v2.py
[2026-07-07T04:39:35.606+0000] {processor.py:840} INFO - DAG(s) 'consumer_complaints_full_load' retrieved from /opt/airflow/dags/consumer_complaints_elt_v2.py
[2026-07-07T04:39:35.630+0000] {logging_mixin.py:188} INFO - [2026-07-07T04:39:35.630+0000] {dag.py:3047} INFO - Sync 1 DAGs
[2026-07-07T04:39:35.653+0000] {logging_mixin.py:188} INFO - [2026-07-07T04:39:35.652+0000] {dag.py:3834} INFO - Setting next_dagrun for consumer_complaints_full_load to 2026-06-01 00:00:00+00:00, run_after=2026-07-01 00:00:00+00:00
[2026-07-07T04:39:35.671+0000] {processor.py:183} INFO - Processing /opt/airflow/dags/consumer_complaints_elt_v2.py took 0.313 seconds
[2026-07-07T04:40:05.973+0000] {processor.py:161} INFO - Started process (PID=606) to work on /opt/airflow/dags/consumer_complaints_elt_v2.py
[2026-07-07T04:40:05.975+0000] {processor.py:830} INFO - Processing file /opt/airflow/dags/consumer_complaints_elt_v2.py for tasks to queue
[2026-07-07T04:40:05.976+0000] {logging_mixin.py:188} INFO - [2026-07-07T04:40:05.975+0000] {dagbag.py:540} INFO - Filling up the DagBag from /opt/airflow/dags/consumer_complaints_elt_v2.py
[2026-07-07T04:40:06.243+0000] {processor.py:840} INFO - DAG(s) 'consumer_complaints_full_load' retrieved from /opt/airflow/dags/consumer_complaints_elt_v2.py
[2026-07-07T04:40:06.267+0000] {logging_mixin.py:188} INFO - [2026-07-07T04:40:06.266+0000] {dag.py:3047} INFO - Sync 1 DAGs
[2026-07-07T04:40:06.292+0000] {logging_mixin.py:188} INFO - [2026-07-07T04:40:06.291+0000] {dag.py:3834} INFO - Setting next_dagrun for consumer_complaints_full_load to 2026-06-01 00:00:00+00:00, run_after=2026-07-01 00:00:00+00:00
[2026-07-07T04:40:06.315+0000] {processor.py:183} INFO - Processing /opt/airflow/dags/consumer_complaints_elt_v2.py took 0.345 seconds
[2026-07-07T04:40:36.819+0000] {processor.py:161} INFO - Started process (PID=636) to work on /opt/airflow/dags/consumer_complaints_elt_v2.py
[2026-07-07T04:40:36.820+0000] {processor.py:830} INFO - Processing file /opt/airflow/dags/consumer_complaints_elt_v2.py for tasks to queue
[2026-07-07T04:40:36.821+0000] {logging_mixin.py:188} INFO - [2026-07-07T04:40:36.820+0000] {dagbag.py:540} INFO - Filling up the DagBag from /opt/airflow/dags/consumer_complaints_elt_v2.py
[2026-07-07T04:40:37.075+0000] {processor.py:840} INFO - DAG(s) 'consumer_complaints_full_load' retrieved from /opt/airflow/dags/consumer_complaints_elt_v2.py
[2026-07-07T04:40:37.101+0000] {logging_mixin.py:188} INFO - [2026-07-07T04:40:37.101+0000] {dag.py:3047} INFO - Sync 1 DAGs
[2026-07-07T04:40:37.124+0000] {logging_mixin.py:188} INFO - [2026-07-07T04:40:37.124+0000] {dag.py:3834} INFO - Setting next_dagrun for consumer_complaints_full_load to 2026-06-01 00:00:00+00:00, run_after=2026-07-01 00:00:00+00:00
[2026-07-07T04:40:37.148+0000] {processor.py:183} INFO - Processing /opt/airflow/dags/consumer_complaints_elt_v2.py took 0.332 seconds
[2026-07-07T04:41:08.054+0000] {processor.py:161} INFO - Started process (PID=669) to work on /opt/airflow/dags/consumer_complaints_elt_v2.py
[2026-07-07T04:41:08.055+0000] {processor.py:830} INFO - Processing file /opt/airflow/dags/consumer_complaints_elt_v2.py for tasks to queue
[2026-07-07T04:41:08.056+0000] {logging_mixin.py:188} INFO - [2026-07-07T04:41:08.056+0000] {dagbag.py:540} INFO - Filling up the DagBag from /opt/airflow/dags/consumer_complaints_elt_v2.py
[2026-07-07T04:41:08.314+0000] {processor.py:840} INFO - DAG(s) 'consumer_complaints_full_load' retrieved from /opt/airflow/dags/consumer_complaints_elt_v2.py
[2026-07-07T04:41:08.344+0000] {logging_mixin.py:188} INFO - [2026-07-07T04:41:08.343+0000] {dag.py:3047} INFO - Sync 1 DAGs
[2026-07-07T04:41:08.366+0000] {logging_mixin.py:188} INFO - [2026-07-07T04:41:08.365+0000] {dag.py:3834} INFO - Setting next_dagrun for consumer_complaints_full_load to 2026-06-01 00:00:00+00:00, run_after=2026-07-01 00:00:00+00:00
[2026-07-07T04:41:08.389+0000] {processor.py:183} INFO - Processing /opt/airflow/dags/consumer_complaints_elt_v2.py took 0.338 seconds
[2026-07-07T04:41:39.229+0000] {processor.py:161} INFO - Started process (PID=702) to work on /opt/airflow/dags/consumer_complaints_elt_v2.py
[2026-07-07T04:41:39.230+0000] {processor.py:830} INFO - Processing file /opt/airflow/dags/consumer_complaints_elt_v2.py for tasks to queue
[2026-07-07T04:41:39.231+0000] {logging_mixin.py:188} INFO - [2026-07-07T04:41:39.230+0000] {dagbag.py:540} INFO - Filling up the DagBag from /opt/airflow/dags/consumer_complaints_elt_v2.py
[2026-07-07T04:41:39.474+0000] {processor.py:840} INFO - DAG(s) 'consumer_complaints_full_load' retrieved from /opt/airflow/dags/consumer_complaints_elt_v2.py
[2026-07-07T04:41:39.499+0000] {logging_mixin.py:188} INFO - [2026-07-07T04:41:39.499+0000] {dag.py:3047} INFO - Sync 1 DAGs
[2026-07-07T04:41:39.523+0000] {logging_mixin.py:188} INFO - [2026-07-07T04:41:39.522+0000] {dag.py:3834} INFO - Setting next_dagrun for consumer_complaints_full_load to 2026-06-01 00:00:00+00:00, run_after=2026-07-01 00:00:00+00:00
[2026-07-07T04:41:39.543+0000] {processor.py:183} INFO - Processing /opt/airflow/dags/consumer_complaints_elt_v2.py took 0.317 seconds
[2026-07-07T04:42:09.645+0000] {processor.py:161} INFO - Started process (PID=735) to work on /opt/airflow/dags/consumer_complaints_elt_v2.py
[2026-07-07T04:42:09.646+0000] {processor.py:830} INFO - Processing file /opt/airflow/dags/consumer_complaints_elt_v2.py for tasks to queue
[2026-07-07T04:42:09.648+0000] {logging_mixin.py:188} INFO - [2026-07-07T04:42:09.647+0000] {dagbag.py:540} INFO - Filling up the DagBag from /opt/airflow/dags/consumer_complaints_elt_v2.py
[2026-07-07T04:42:09.895+0000] {processor.py:840} INFO - DAG(s) 'consumer_complaints_full_load' retrieved from /opt/airflow/dags/consumer_complaints_elt_v2.py
[2026-07-07T04:42:09.921+0000] {logging_mixin.py:188} INFO - [2026-07-07T04:42:09.921+0000] {dag.py:3047} INFO - Sync 1 DAGs
[2026-07-07T04:42:09.942+0000] {logging_mixin.py:188} INFO - [2026-07-07T04:42:09.942+0000] {dag.py:3834} INFO - Setting next_dagrun for consumer_complaints_full_load to 2026-06-01 00:00:00+00:00, run_after=2026-07-01 00:00:00+00:00
[2026-07-07T04:42:09.960+0000] {processor.py:183} INFO - Processing /opt/airflow/dags/consumer_complaints_elt_v2.py took 0.318 seconds
[2026-07-07T04:42:40.839+0000] {processor.py:161} INFO - Started process (PID=768) to work on /opt/airflow/dags/consumer_complaints_elt_v2.py
[2026-07-07T04:42:40.840+0000] {processor.py:830} INFO - Processing file /opt/airflow/dags/consumer_complaints_elt_v2.py for tasks to queue
[2026-07-07T04:42:40.841+0000] {logging_mixin.py:188} INFO - [2026-07-07T04:42:40.841+0000] {dagbag.py:540} INFO - Filling up the DagBag from /opt/airflow/dags/consumer_complaints_elt_v2.py
[2026-07-07T04:42:41.099+0000] {processor.py:840} INFO - DAG(s) 'consumer_complaints_full_load' retrieved from /opt/airflow/dags/consumer_complaints_elt_v2.py
[2026-07-07T04:42:41.124+0000] {logging_mixin.py:188} INFO - [2026-07-07T04:42:41.123+0000] {dag.py:3047} INFO - Sync 1 DAGs
[2026-07-07T04:42:41.147+0000] {logging_mixin.py:188} INFO - [2026-07-07T04:42:41.147+0000] {dag.py:3834} INFO - Setting next_dagrun for consumer_complaints_full_load to 2026-06-01 00:00:00+00:00, run_after=2026-07-01 00:00:00+00:00
[2026-07-07T04:42:41.168+0000] {processor.py:183} INFO - Processing /opt/airflow/dags/consumer_complaints_elt_v2.py took 0.332 seconds
[2026-07-07T04:43:11.688+0000] {processor.py:161} INFO - Started process (PID=801) to work on /opt/airflow/dags/consumer_complaints_elt_v2.py
[2026-07-07T04:43:11.689+0000] {processor.py:830} INFO - Processing file /opt/airflow/dags/consumer_complaints_elt_v2.py for tasks to queue
[2026-07-07T04:43:11.690+0000] {logging_mixin.py:188} INFO - [2026-07-07T04:43:11.690+0000] {dagbag.py:540} INFO - Filling up the DagBag from /opt/airflow/dags/consumer_complaints_elt_v2.py
[2026-07-07T04:43:11.944+0000] {processor.py:840} INFO - DAG(s) 'consumer_complaints_full_load' retrieved from /opt/airflow/dags/consumer_complaints_elt_v2.py
[2026-07-07T04:43:11.970+0000] {logging_mixin.py:188} INFO - [2026-07-07T04:43:11.969+0000] {dag.py:3047} INFO - Sync 1 DAGs
[2026-07-07T04:43:11.991+0000] {logging_mixin.py:188} INFO - [2026-07-07T04:43:11.991+0000] {dag.py:3834} INFO - Setting next_dagrun for consumer_complaints_full_load to 2026-06-01 00:00:00+00:00, run_after=2026-07-01 00:00:00+00:00
[2026-07-07T04:43:12.011+0000] {processor.py:183} INFO - Processing /opt/airflow/dags/consumer_complaints_elt_v2.py took 0.326 seconds
[2026-07-07T04:43:42.990+0000] {processor.py:161} INFO - Started process (PID=835) to work on /opt/airflow/dags/consumer_complaints_elt_v2.py
[2026-07-07T04:43:42.991+0000] {processor.py:830} INFO - Processing file /opt/airflow/dags/consumer_complaints_elt_v2.py for tasks to queue
[2026-07-07T04:43:42.992+0000] {logging_mixin.py:188} INFO - [2026-07-07T04:43:42.992+0000] {dagbag.py:540} INFO - Filling up the DagBag from /opt/airflow/dags/consumer_complaints_elt_v2.py
[2026-07-07T04:43:43.277+0000] {processor.py:840} INFO - DAG(s) 'consumer_complaints_full_load' retrieved from /opt/airflow/dags/consumer_complaints_elt_v2.py
[2026-07-07T04:43:43.304+0000] {logging_mixin.py:188} INFO - [2026-07-07T04:43:43.303+0000] {dag.py:3047} INFO - Sync 1 DAGs
[2026-07-07T04:43:43.326+0000] {logging_mixin.py:188} INFO - [2026-07-07T04:43:43.326+0000] {dag.py:3834} INFO - Setting next_dagrun for consumer_complaints_full_load to 2026-06-01 00:00:00+00:00, run_after=2026-07-01 00:00:00+00:00
[2026-07-07T04:43:43.346+0000] {processor.py:183} INFO - Processing /opt/airflow/dags/consumer_complaints_elt_v2.py took 0.360 seconds
[2026-07-07T04:44:13.523+0000] {processor.py:161} INFO - Started process (PID=862) to work on /opt/airflow/dags/consumer_complaints_elt_v2.py
[2026-07-07T04:44:13.524+0000] {processor.py:830} INFO - Processing file /opt/airflow/dags/consumer_complaints_elt_v2.py for tasks to queue
[2026-07-07T04:44:13.525+0000] {logging_mixin.py:188} INFO - [2026-07-07T04:44:13.524+0000] {dagbag.py:540} INFO - Filling up the DagBag from /opt/airflow/dags/consumer_complaints_elt_v2.py
[2026-07-07T04:44:13.779+0000] {processor.py:840} INFO - DAG(s) 'consumer_complaints_full_load' retrieved from /opt/airflow/dags/consumer_complaints_elt_v2.py
[2026-07-07T04:44:13.803+0000] {logging_mixin.py:188} INFO - [2026-07-07T04:44:13.803+0000] {dag.py:3047} INFO - Sync 1 DAGs
[2026-07-07T04:44:13.826+0000] {logging_mixin.py:188} INFO - [2026-07-07T04:44:13.825+0000] {dag.py:3834} INFO - Setting next_dagrun for consumer_complaints_full_load to 2026-06-01 00:00:00+00:00, run_after=2026-07-01 00:00:00+00:00
[2026-07-07T04:44:13.848+0000] {processor.py:183} INFO - Processing /opt/airflow/dags/consumer_complaints_elt_v2.py took 0.328 seconds
[2026-07-07T04:44:44.696+0000] {processor.py:161} INFO - Started process (PID=895) to work on /opt/airflow/dags/consumer_complaints_elt_v2.py
[2026-07-07T04:44:44.697+0000] {processor.py:830} INFO - Processing file /opt/airflow/dags/consumer_complaints_elt_v2.py for tasks to queue
[2026-07-07T04:44:44.698+0000] {logging_mixin.py:188} INFO - [2026-07-07T04:44:44.698+0000] {dagbag.py:540} INFO - Filling up the DagBag from /opt/airflow/dags/consumer_complaints_elt_v2.py
[2026-07-07T04:44:44.973+0000] {processor.py:840} INFO - DAG(s) 'consumer_complaints_full_load' retrieved from /opt/airflow/dags/consumer_complaints_elt_v2.py
[2026-07-07T04:44:45.001+0000] {logging_mixin.py:188} INFO - [2026-07-07T04:44:45.000+0000] {dag.py:3047} INFO - Sync 1 DAGs
[2026-07-07T04:44:45.026+0000] {logging_mixin.py:188} INFO - [2026-07-07T04:44:45.026+0000] {dag.py:3834} INFO - Setting next_dagrun for consumer_complaints_full_load to 2026-06-01 00:00:00+00:00, run_after=2026-07-01 00:00:00+00:00
[2026-07-07T04:44:45.052+0000] {processor.py:183} INFO - Processing /opt/airflow/dags/consumer_complaints_elt_v2.py took 0.360 seconds
[2026-07-07T04:45:15.889+0000] {processor.py:161} INFO - Started process (PID=928) to work on /opt/airflow/dags/consumer_complaints_elt_v2.py
[2026-07-07T04:45:15.890+0000] {processor.py:830} INFO - Processing file /opt/airflow/dags/consumer_complaints_elt_v2.py for tasks to queue
[2026-07-07T04:45:15.891+0000] {logging_mixin.py:188} INFO - [2026-07-07T04:45:15.891+0000] {dagbag.py:540} INFO - Filling up the DagBag from /opt/airflow/dags/consumer_complaints_elt_v2.py
[2026-07-07T04:45:16.156+0000] {processor.py:840} INFO - DAG(s) 'consumer_complaints_full_load' retrieved from /opt/airflow/dags/consumer_complaints_elt_v2.py
[2026-07-07T04:45:16.183+0000] {logging_mixin.py:188} INFO - [2026-07-07T04:45:16.183+0000] {dag.py:3047} INFO - Sync 1 DAGs
[2026-07-07T04:45:16.210+0000] {logging_mixin.py:188} INFO - [2026-07-07T04:45:16.210+0000] {dag.py:3834} INFO - Setting next_dagrun for consumer_complaints_full_load to 2026-06-01 00:00:00+00:00, run_after=2026-07-01 00:00:00+00:00
[2026-07-07T04:45:16.234+0000] {processor.py:183} INFO - Processing /opt/airflow/dags/consumer_complaints_elt_v2.py took 0.348 seconds
[2026-07-07T04:45:47.080+0000] {processor.py:161} INFO - Started process (PID=961) to work on /opt/airflow/dags/consumer_complaints_elt_v2.py
[2026-07-07T04:45:47.081+0000] {processor.py:830} INFO - Processing file /opt/airflow/dags/consumer_complaints_elt_v2.py for tasks to queue
[2026-07-07T04:45:47.082+0000] {logging_mixin.py:188} INFO - [2026-07-07T04:45:47.081+0000] {dagbag.py:540} INFO - Filling up the DagBag from /opt/airflow/dags/consumer_complaints_elt_v2.py
[2026-07-07T04:45:47.364+0000] {processor.py:840} INFO - DAG(s) 'consumer_complaints_full_load' retrieved from /opt/airflow/dags/consumer_complaints_elt_v2.py
[2026-07-07T04:45:47.393+0000] {logging_mixin.py:188} INFO - [2026-07-07T04:45:47.393+0000] {dag.py:3047} INFO - Sync 1 DAGs
[2026-07-07T04:45:47.423+0000] {logging_mixin.py:188} INFO - [2026-07-07T04:45:47.423+0000] {dag.py:3834} INFO - Setting next_dagrun for consumer_complaints_full_load to 2026-06-01 00:00:00+00:00, run_after=2026-07-01 00:00:00+00:00
[2026-07-07T04:45:47.447+0000] {processor.py:183} INFO - Processing /opt/airflow/dags/consumer_complaints_elt_v2.py took 0.370 seconds
[2026-07-07T04:46:17.613+0000] {processor.py:161} INFO - Started process (PID=994) to work on /opt/airflow/dags/consumer_complaints_elt_v2.py
[2026-07-07T04:46:17.615+0000] {processor.py:830} INFO - Processing file /opt/airflow/dags/consumer_complaints_elt_v2.py for tasks to queue
[2026-07-07T04:46:17.616+0000] {logging_mixin.py:188} INFO - [2026-07-07T04:46:17.616+0000] {dagbag.py:540} INFO - Filling up the DagBag from /opt/airflow/dags/consumer_complaints_elt_v2.py
[2026-07-07T04:46:17.876+0000] {processor.py:840} INFO - DAG(s) 'consumer_complaints_full_load' retrieved from /opt/airflow/dags/consumer_complaints_elt_v2.py
[2026-07-07T04:46:17.905+0000] {logging_mixin.py:188} INFO - [2026-07-07T04:46:17.904+0000] {dag.py:3047} INFO - Sync 1 DAGs
[2026-07-07T04:46:17.930+0000] {logging_mixin.py:188} INFO - [2026-07-07T04:46:17.930+0000] {dag.py:3834} INFO - Setting next_dagrun for consumer_complaints_full_load to 2026-06-01 00:00:00+00:00, run_after=2026-07-01 00:00:00+00:00
[2026-07-07T04:46:17.954+0000] {processor.py:183} INFO - Processing /opt/airflow/dags/consumer_complaints_elt_v2.py took 0.345 seconds
[2026-07-07T04:46:48.480+0000] {processor.py:161} INFO - Started process (PID=1027) to work on /opt/airflow/dags/consumer_complaints_elt_v2.py
[2026-07-07T04:46:48.481+0000] {processor.py:830} INFO - Processing file /opt/airflow/dags/consumer_complaints_elt_v2.py for tasks to queue
[2026-07-07T04:46:48.482+0000] {logging_mixin.py:188} INFO - [2026-07-07T04:46:48.482+0000] {dagbag.py:540} INFO - Filling up the DagBag from /opt/airflow/dags/consumer_complaints_elt_v2.py
[2026-07-07T04:46:48.732+0000] {processor.py:840} INFO - DAG(s) 'consumer_complaints_full_load' retrieved from /opt/airflow/dags/consumer_complaints_elt_v2.py
[2026-07-07T04:46:48.758+0000] {logging_mixin.py:188} INFO - [2026-07-07T04:46:48.758+0000] {dag.py:3047} INFO - Sync 1 DAGs
[2026-07-07T04:46:48.782+0000] {logging_mixin.py:188} INFO - [2026-07-07T04:46:48.781+0000] {dag.py:3834} INFO - Setting next_dagrun for consumer_complaints_full_load to 2026-06-01 00:00:00+00:00, run_after=2026-07-01 00:00:00+00:00
[2026-07-07T04:46:48.803+0000] {processor.py:183} INFO - Processing /opt/airflow/dags/consumer_complaints_elt_v2.py took 0.326 seconds
[2026-07-07T04:47:19.775+0000] {processor.py:161} INFO - Started process (PID=1061) to work on /opt/airflow/dags/consumer_complaints_elt_v2.py
[2026-07-07T04:47:19.776+0000] {processor.py:830} INFO - Processing file /opt/airflow/dags/consumer_complaints_elt_v2.py for tasks to queue
[2026-07-07T04:47:19.777+0000] {logging_mixin.py:188} INFO - [2026-07-07T04:47:19.777+0000] {dagbag.py:540} INFO - Filling up the DagBag from /opt/airflow/dags/consumer_complaints_elt_v2.py
[2026-07-07T04:47:20.011+0000] {processor.py:840} INFO - DAG(s) 'consumer_complaints_full_load' retrieved from /opt/airflow/dags/consumer_complaints_elt_v2.py
[2026-07-07T04:47:20.033+0000] {logging_mixin.py:188} INFO - [2026-07-07T04:47:20.032+0000] {dag.py:3047} INFO - Sync 1 DAGs
[2026-07-07T04:47:20.053+0000] {logging_mixin.py:188} INFO - [2026-07-07T04:47:20.053+0000] {dag.py:3834} INFO - Setting next_dagrun for consumer_complaints_full_load to 2026-06-01 00:00:00+00:00, run_after=2026-07-01 00:00:00+00:00
[2026-07-07T04:47:20.073+0000] {processor.py:183} INFO - Processing /opt/airflow/dags/consumer_complaints_elt_v2.py took 0.300 seconds
[2026-07-07T04:47:50.625+0000] {processor.py:161} INFO - Started process (PID=1088) to work on /opt/airflow/dags/consumer_complaints_elt_v2.py
[2026-07-07T04:47:50.626+0000] {processor.py:830} INFO - Processing file /opt/airflow/dags/consumer_complaints_elt_v2.py for tasks to queue
[2026-07-07T04:47:50.626+0000] {logging_mixin.py:188} INFO - [2026-07-07T04:47:50.626+0000] {dagbag.py:540} INFO - Filling up the DagBag from /opt/airflow/dags/consumer_complaints_elt_v2.py
[2026-07-07T04:47:50.876+0000] {processor.py:840} INFO - DAG(s) 'consumer_complaints_full_load' retrieved from /opt/airflow/dags/consumer_complaints_elt_v2.py
[2026-07-07T04:47:50.901+0000] {logging_mixin.py:188} INFO - [2026-07-07T04:47:50.901+0000] {dag.py:3047} INFO - Sync 1 DAGs
[2026-07-07T04:47:50.924+0000] {logging_mixin.py:188} INFO - [2026-07-07T04:47:50.924+0000] {dag.py:3834} INFO - Setting next_dagrun for consumer_complaints_full_load to 2026-06-01 00:00:00+00:00, run_after=2026-07-01 00:00:00+00:00
[2026-07-07T04:47:50.947+0000] {processor.py:183} INFO - Processing /opt/airflow/dags/consumer_complaints_elt_v2.py took 0.325 seconds
[2026-07-07T04:48:21.857+0000] {processor.py:161} INFO - Started process (PID=1121) to work on /opt/airflow/dags/consumer_complaints_elt_v2.py
[2026-07-07T04:48:21.859+0000] {processor.py:830} INFO - Processing file /opt/airflow/dags/consumer_complaints_elt_v2.py for tasks to queue
[2026-07-07T04:48:21.860+0000] {logging_mixin.py:188} INFO - [2026-07-07T04:48:21.860+0000] {dagbag.py:540} INFO - Filling up the DagBag from /opt/airflow/dags/consumer_complaints_elt_v2.py
[2026-07-07T04:48:22.109+0000] {processor.py:840} INFO - DAG(s) 'consumer_complaints_full_load' retrieved from /opt/airflow/dags/consumer_complaints_elt_v2.py
[2026-07-07T04:48:22.142+0000] {logging_mixin.py:188} INFO - [2026-07-07T04:48:22.142+0000] {dag.py:3047} INFO - Sync 1 DAGs
[2026-07-07T04:48:22.167+0000] {logging_mixin.py:188} INFO - [2026-07-07T04:48:22.167+0000] {dag.py:3834} INFO - Setting next_dagrun for consumer_complaints_full_load to 2026-06-01 00:00:00+00:00, run_after=2026-07-01 00:00:00+00:00
[2026-07-07T04:48:22.188+0000] {processor.py:183} INFO - Processing /opt/airflow/dags/consumer_complaints_elt_v2.py took 0.334 seconds
[2026-07-07T04:48:52.280+0000] {processor.py:161} INFO - Started process (PID=1154) to work on /opt/airflow/dags/consumer_complaints_elt_v2.py
[2026-07-07T04:48:52.281+0000] {processor.py:830} INFO - Processing file /opt/airflow/dags/consumer_complaints_elt_v2.py for tasks to queue
[2026-07-07T04:48:52.282+0000] {logging_mixin.py:188} INFO - [2026-07-07T04:48:52.282+0000] {dagbag.py:540} INFO - Filling up the DagBag from /opt/airflow/dags/consumer_complaints_elt_v2.py
[2026-07-07T04:48:52.531+0000] {processor.py:840} INFO - DAG(s) 'consumer_complaints_full_load' retrieved from /opt/airflow/dags/consumer_complaints_elt_v2.py
[2026-07-07T04:48:52.559+0000] {logging_mixin.py:188} INFO - [2026-07-07T04:48:52.558+0000] {dag.py:3047} INFO - Sync 1 DAGs
[2026-07-07T04:48:52.581+0000] {logging_mixin.py:188} INFO - [2026-07-07T04:48:52.580+0000] {dag.py:3834} INFO - Setting next_dagrun for consumer_complaints_full_load to 2026-06-01 00:00:00+00:00, run_after=2026-07-01 00:00:00+00:00
[2026-07-07T04:48:52.603+0000] {processor.py:183} INFO - Processing /opt/airflow/dags/consumer_complaints_elt_v2.py took 0.326 seconds
[2026-07-07T04:49:22.745+0000] {processor.py:161} INFO - Started process (PID=1187) to work on /opt/airflow/dags/consumer_complaints_elt_v2.py
[2026-07-07T04:49:22.746+0000] {processor.py:830} INFO - Processing file /opt/airflow/dags/consumer_complaints_elt_v2.py for tasks to queue
[2026-07-07T04:49:22.747+0000] {logging_mixin.py:188} INFO - [2026-07-07T04:49:22.747+0000] {dagbag.py:540} INFO - Filling up the DagBag from /opt/airflow/dags/consumer_complaints_elt_v2.py
[2026-07-07T04:49:22.996+0000] {processor.py:840} INFO - DAG(s) 'consumer_complaints_full_load' retrieved from /opt/airflow/dags/consumer_complaints_elt_v2.py
[2026-07-07T04:49:23.024+0000] {logging_mixin.py:188} INFO - [2026-07-07T04:49:23.024+0000] {dag.py:3047} INFO - Sync 1 DAGs
[2026-07-07T04:49:23.047+0000] {logging_mixin.py:188} INFO - [2026-07-07T04:49:23.046+0000] {dag.py:3834} INFO - Setting next_dagrun for consumer_complaints_full_load to 2026-06-01 00:00:00+00:00, run_after=2026-07-01 00:00:00+00:00
[2026-07-07T04:49:23.069+0000] {processor.py:183} INFO - Processing /opt/airflow/dags/consumer_complaints_elt_v2.py took 0.327 seconds
[2026-07-07T04:49:53.595+0000] {processor.py:161} INFO - Started process (PID=1220) to work on /opt/airflow/dags/consumer_complaints_elt_v2.py
[2026-07-07T04:49:53.596+0000] {processor.py:830} INFO - Processing file /opt/airflow/dags/consumer_complaints_elt_v2.py for tasks to queue
[2026-07-07T04:49:53.597+0000] {logging_mixin.py:188} INFO - [2026-07-07T04:49:53.597+0000] {dagbag.py:540} INFO - Filling up the DagBag from /opt/airflow/dags/consumer_complaints_elt_v2.py
[2026-07-07T04:49:53.854+0000] {processor.py:840} INFO - DAG(s) 'consumer_complaints_full_load' retrieved from /opt/airflow/dags/consumer_complaints_elt_v2.py
[2026-07-07T04:49:53.881+0000] {logging_mixin.py:188} INFO - [2026-07-07T04:49:53.881+0000] {dag.py:3047} INFO - Sync 1 DAGs
[2026-07-07T04:49:53.904+0000] {logging_mixin.py:188} INFO - [2026-07-07T04:49:53.904+0000] {dag.py:3834} INFO - Setting next_dagrun for consumer_complaints_full_load to 2026-06-01 00:00:00+00:00, run_after=2026-07-01 00:00:00+00:00
[2026-07-07T04:49:53.927+0000] {processor.py:183} INFO - Processing /opt/airflow/dags/consumer_complaints_elt_v2.py took 0.335 seconds
[2026-07-07T04:50:24.889+0000] {processor.py:161} INFO - Started process (PID=1253) to work on /opt/airflow/dags/consumer_complaints_elt_v2.py
[2026-07-07T04:50:24.890+0000] {processor.py:830} INFO - Processing file /opt/airflow/dags/consumer_complaints_elt_v2.py for tasks to queue
[2026-07-07T04:50:24.891+0000] {logging_mixin.py:188} INFO - [2026-07-07T04:50:24.891+0000] {dagbag.py:540} INFO - Filling up the DagBag from /opt/airflow/dags/consumer_complaints_elt_v2.py
[2026-07-07T04:50:25.142+0000] {processor.py:840} INFO - DAG(s) 'consumer_complaints_full_load' retrieved from /opt/airflow/dags/consumer_complaints_elt_v2.py
[2026-07-07T04:50:25.170+0000] {logging_mixin.py:188} INFO - [2026-07-07T04:50:25.169+0000] {dag.py:3047} INFO - Sync 1 DAGs
[2026-07-07T04:50:25.193+0000] {logging_mixin.py:188} INFO - [2026-07-07T04:50:25.193+0000] {dag.py:3834} INFO - Setting next_dagrun for consumer_complaints_full_load to 2026-06-01 00:00:00+00:00, run_after=2026-07-01 00:00:00+00:00
[2026-07-07T04:50:25.227+0000] {processor.py:183} INFO - Processing /opt/airflow/dags/consumer_complaints_elt_v2.py took 0.340 seconds
[2026-07-07T04:50:55.288+0000] {processor.py:161} INFO - Started process (PID=1292) to work on /opt/airflow/dags/consumer_complaints_elt_v2.py
[2026-07-07T04:50:55.290+0000] {processor.py:830} INFO - Processing file /opt/airflow/dags/consumer_complaints_elt_v2.py for tasks to queue
[2026-07-07T04:50:55.291+0000] {logging_mixin.py:188} INFO - [2026-07-07T04:50:55.291+0000] {dagbag.py:540} INFO - Filling up the DagBag from /opt/airflow/dags/consumer_complaints_elt_v2.py
[2026-07-07T04:50:55.594+0000] {processor.py:840} INFO - DAG(s) 'consumer_complaints_full_load' retrieved from /opt/airflow/dags/consumer_complaints_elt_v2.py
[2026-07-07T04:50:55.621+0000] {logging_mixin.py:188} INFO - [2026-07-07T04:50:55.621+0000] {dag.py:3047} INFO - Sync 1 DAGs
[2026-07-07T04:50:55.645+0000] {logging_mixin.py:188} INFO - [2026-07-07T04:50:55.645+0000] {dag.py:3834} INFO - Setting next_dagrun for consumer_complaints_full_load to 2026-06-01 00:00:00+00:00, run_after=2026-07-01 00:00:00+00:00
[2026-07-07T04:50:55.666+0000] {processor.py:183} INFO - Processing /opt/airflow/dags/consumer_complaints_elt_v2.py took 0.382 seconds
[2026-07-07T04:52:24.128+0000] {processor.py:161} INFO - Started process (PID=183) to work on /opt/airflow/dags/consumer_complaints_elt_v2.py
[2026-07-07T04:52:24.130+0000] {processor.py:830} INFO - Processing file /opt/airflow/dags/consumer_complaints_elt_v2.py for tasks to queue
[2026-07-07T04:52:24.131+0000] {logging_mixin.py:188} INFO - [2026-07-07T04:52:24.131+0000] {dagbag.py:540} INFO - Filling up the DagBag from /opt/airflow/dags/consumer_complaints_elt_v2.py
[2026-07-07T04:52:25.658+0000] {processor.py:840} INFO - DAG(s) 'consumer_complaints_full_load' retrieved from /opt/airflow/dags/consumer_complaints_elt_v2.py
[2026-07-07T04:52:25.810+0000] {logging_mixin.py:188} INFO - [2026-07-07T04:52:25.809+0000] {override.py:1769} INFO - Created Permission View: can delete on DAG:consumer_complaints_full_load
[2026-07-07T04:52:25.830+0000] {logging_mixin.py:188} INFO - [2026-07-07T04:52:25.829+0000] {override.py:1769} INFO - Created Permission View: can edit on DAG:consumer_complaints_full_load
[2026-07-07T04:52:25.842+0000] {logging_mixin.py:188} INFO - [2026-07-07T04:52:25.842+0000] {override.py:1769} INFO - Created Permission View: can read on DAG:consumer_complaints_full_load
[2026-07-07T04:52:25.843+0000] {logging_mixin.py:188} INFO - [2026-07-07T04:52:25.843+0000] {dag.py:3047} INFO - Sync 1 DAGs
[2026-07-07T04:52:25.862+0000] {logging_mixin.py:188} INFO - [2026-07-07T04:52:25.861+0000] {dag.py:3069} INFO - Creating ORM DAG for consumer_complaints_full_load
[2026-07-07T04:52:25.881+0000] {logging_mixin.py:188} INFO - [2026-07-07T04:52:25.880+0000] {dag.py:3834} INFO - Setting next_dagrun for consumer_complaints_full_load to 2026-06-01 00:00:00+00:00, run_after=2026-07-01 00:00:00+00:00
[2026-07-07T04:52:25.922+0000] {processor.py:183} INFO - Processing /opt/airflow/dags/consumer_complaints_elt_v2.py took 1.797 seconds
[2026-07-07T04:52:56.985+0000] {processor.py:161} INFO - Started process (PID=230) to work on /opt/airflow/dags/consumer_complaints_elt_v2.py
[2026-07-07T04:52:56.986+0000] {processor.py:830} INFO - Processing file /opt/airflow/dags/consumer_complaints_elt_v2.py for tasks to queue
[2026-07-07T04:52:56.988+0000] {logging_mixin.py:188} INFO - [2026-07-07T04:52:56.988+0000] {dagbag.py:540} INFO - Filling up the DagBag from /opt/airflow/dags/consumer_complaints_elt_v2.py
[2026-07-07T04:52:57.239+0000] {processor.py:840} INFO - DAG(s) 'consumer_complaints_full_load' retrieved from /opt/airflow/dags/consumer_complaints_elt_v2.py
[2026-07-07T04:52:57.265+0000] {logging_mixin.py:188} INFO - [2026-07-07T04:52:57.264+0000] {dag.py:3047} INFO - Sync 1 DAGs
[2026-07-07T04:52:57.288+0000] {logging_mixin.py:188} INFO - [2026-07-07T04:52:57.287+0000] {dag.py:3834} INFO - Setting next_dagrun for consumer_complaints_full_load to 2026-06-01 00:00:00+00:00, run_after=2026-07-01 00:00:00+00:00
[2026-07-07T04:52:57.308+0000] {processor.py:183} INFO - Processing /opt/airflow/dags/consumer_complaints_elt_v2.py took 0.325 seconds
[2026-07-07T04:53:27.680+0000] {processor.py:161} INFO - Started process (PID=260) to work on /opt/airflow/dags/consumer_complaints_elt_v2.py
[2026-07-07T04:53:27.681+0000] {processor.py:830} INFO - Processing file /opt/airflow/dags/consumer_complaints_elt_v2.py for tasks to queue
[2026-07-07T04:53:27.682+0000] {logging_mixin.py:188} INFO - [2026-07-07T04:53:27.681+0000] {dagbag.py:540} INFO - Filling up the DagBag from /opt/airflow/dags/consumer_complaints_elt_v2.py
[2026-07-07T04:53:27.913+0000] {processor.py:840} INFO - DAG(s) 'consumer_complaints_full_load' retrieved from /opt/airflow/dags/consumer_complaints_elt_v2.py
[2026-07-07T04:53:27.936+0000] {logging_mixin.py:188} INFO - [2026-07-07T04:53:27.935+0000] {dag.py:3047} INFO - Sync 1 DAGs
[2026-07-07T04:53:27.954+0000] {logging_mixin.py:188} INFO - [2026-07-07T04:53:27.953+0000] {dag.py:3834} INFO - Setting next_dagrun for consumer_complaints_full_load to 2026-06-01 00:00:00+00:00, run_after=2026-07-01 00:00:00+00:00
[2026-07-07T04:53:27.974+0000] {processor.py:183} INFO - Processing /opt/airflow/dags/consumer_complaints_elt_v2.py took 0.297 seconds
[2026-07-07T04:53:58.102+0000] {processor.py:161} INFO - Started process (PID=297) to work on /opt/airflow/dags/consumer_complaints_elt_v2.py
[2026-07-07T04:53:58.103+0000] {processor.py:830} INFO - Processing file /opt/airflow/dags/consumer_complaints_elt_v2.py for tasks to queue
[2026-07-07T04:53:58.104+0000] {logging_mixin.py:188} INFO - [2026-07-07T04:53:58.104+0000] {dagbag.py:540} INFO - Filling up the DagBag from /opt/airflow/dags/consumer_complaints_elt_v2.py
[2026-07-07T04:53:58.340+0000] {processor.py:840} INFO - DAG(s) 'consumer_complaints_full_load' retrieved from /opt/airflow/dags/consumer_complaints_elt_v2.py
[2026-07-07T04:53:58.364+0000] {logging_mixin.py:188} INFO - [2026-07-07T04:53:58.363+0000] {dag.py:3047} INFO - Sync 1 DAGs
[2026-07-07T04:53:58.383+0000] {logging_mixin.py:188} INFO - [2026-07-07T04:53:58.383+0000] {dag.py:3834} INFO - Setting next_dagrun for consumer_complaints_full_load to 2026-06-01 00:00:00+00:00, run_after=2026-07-01 00:00:00+00:00
[2026-07-07T04:53:58.405+0000] {processor.py:183} INFO - Processing /opt/airflow/dags/consumer_complaints_elt_v2.py took 0.306 seconds
[2026-07-07T04:54:28.735+0000] {processor.py:161} INFO - Started process (PID=343) to work on /opt/airflow/dags/consumer_complaints_elt_v2.py
[2026-07-07T04:54:28.736+0000] {processor.py:830} INFO - Processing file /opt/airflow/dags/consumer_complaints_elt_v2.py for tasks to queue
[2026-07-07T04:54:28.737+0000] {logging_mixin.py:188} INFO - [2026-07-07T04:54:28.737+0000] {dagbag.py:540} INFO - Filling up the DagBag from /opt/airflow/dags/consumer_complaints_elt_v2.py
[2026-07-07T04:54:29.010+0000] {processor.py:840} INFO - DAG(s) 'consumer_complaints_full_load' retrieved from /opt/airflow/dags/consumer_complaints_elt_v2.py
[2026-07-07T04:54:29.041+0000] {logging_mixin.py:188} INFO - [2026-07-07T04:54:29.041+0000] {dag.py:3047} INFO - Sync 1 DAGs
[2026-07-07T04:54:29.068+0000] {logging_mixin.py:188} INFO - [2026-07-07T04:54:29.068+0000] {dag.py:3834} INFO - Setting next_dagrun for consumer_complaints_full_load to 2026-06-01 00:00:00+00:00, run_after=2026-07-01 00:00:00+00:00
[2026-07-07T04:54:29.097+0000] {processor.py:183} INFO - Processing /opt/airflow/dags/consumer_complaints_elt_v2.py took 0.365 seconds
[2026-07-07T04:54:59.822+0000] {processor.py:161} INFO - Started process (PID=421) to work on /opt/airflow/dags/consumer_complaints_elt_v2.py
[2026-07-07T04:54:59.824+0000] {processor.py:830} INFO - Processing file /opt/airflow/dags/consumer_complaints_elt_v2.py for tasks to queue
[2026-07-07T04:54:59.825+0000] {logging_mixin.py:188} INFO - [2026-07-07T04:54:59.824+0000] {dagbag.py:540} INFO - Filling up the DagBag from /opt/airflow/dags/consumer_complaints_elt_v2.py
[2026-07-07T04:55:00.203+0000] {processor.py:840} INFO - DAG(s) 'consumer_complaints_full_load' retrieved from /opt/airflow/dags/consumer_complaints_elt_v2.py
[2026-07-07T04:55:00.240+0000] {logging_mixin.py:188} INFO - [2026-07-07T04:55:00.240+0000] {dag.py:3047} INFO - Sync 1 DAGs
[2026-07-07T04:55:00.269+0000] {logging_mixin.py:188} INFO - [2026-07-07T04:55:00.269+0000] {dag.py:3834} INFO - Setting next_dagrun for consumer_complaints_full_load to 2026-06-01 00:00:00+00:00, run_after=2026-07-01 00:00:00+00:00
[2026-07-07T04:55:00.296+0000] {processor.py:183} INFO - Processing /opt/airflow/dags/consumer_complaints_elt_v2.py took 0.478 seconds
[2026-07-07T04:55:30.461+0000] {processor.py:161} INFO - Started process (PID=457) to work on /opt/airflow/dags/consumer_complaints_elt_v2.py
[2026-07-07T04:55:30.462+0000] {processor.py:830} INFO - Processing file /opt/airflow/dags/consumer_complaints_elt_v2.py for tasks to queue
[2026-07-07T04:55:30.463+0000] {logging_mixin.py:188} INFO - [2026-07-07T04:55:30.463+0000] {dagbag.py:540} INFO - Filling up the DagBag from /opt/airflow/dags/consumer_complaints_elt_v2.py
[2026-07-07T04:55:30.711+0000] {processor.py:840} INFO - DAG(s) 'consumer_complaints_full_load' retrieved from /opt/airflow/dags/consumer_complaints_elt_v2.py
[2026-07-07T04:55:30.740+0000] {logging_mixin.py:188} INFO - [2026-07-07T04:55:30.739+0000] {dag.py:3047} INFO - Sync 1 DAGs
[2026-07-07T04:55:30.763+0000] {logging_mixin.py:188} INFO - [2026-07-07T04:55:30.763+0000] {dag.py:3834} INFO - Setting next_dagrun for consumer_complaints_full_load to 2026-06-01 00:00:00+00:00, run_after=2026-07-01 00:00:00+00:00
[2026-07-07T04:55:30.785+0000] {processor.py:183} INFO - Processing /opt/airflow/dags/consumer_complaints_elt_v2.py took 0.326 seconds
[2026-07-07T04:56:01.241+0000] {processor.py:161} INFO - Started process (PID=491) to work on /opt/airflow/dags/consumer_complaints_elt_v2.py
[2026-07-07T04:56:01.242+0000] {processor.py:830} INFO - Processing file /opt/airflow/dags/consumer_complaints_elt_v2.py for tasks to queue
[2026-07-07T04:56:01.244+0000] {logging_mixin.py:188} INFO - [2026-07-07T04:56:01.243+0000] {dagbag.py:540} INFO - Filling up the DagBag from /opt/airflow/dags/consumer_complaints_elt_v2.py
[2026-07-07T04:56:01.482+0000] {processor.py:840} INFO - DAG(s) 'consumer_complaints_full_load' retrieved from /opt/airflow/dags/consumer_complaints_elt_v2.py
[2026-07-07T04:56:01.503+0000] {logging_mixin.py:188} INFO - [2026-07-07T04:56:01.503+0000] {dag.py:3047} INFO - Sync 1 DAGs
[2026-07-07T04:56:01.525+0000] {logging_mixin.py:188} INFO - [2026-07-07T04:56:01.525+0000] {dag.py:3834} INFO - Setting next_dagrun for consumer_complaints_full_load to 2026-06-01 00:00:00+00:00, run_after=2026-07-01 00:00:00+00:00
[2026-07-07T04:56:01.543+0000] {processor.py:183} INFO - Processing /opt/airflow/dags/consumer_complaints_elt_v2.py took 0.305 seconds
[2026-07-07T04:56:31.660+0000] {processor.py:161} INFO - Started process (PID=518) to work on /opt/airflow/dags/consumer_complaints_elt_v2.py
[2026-07-07T04:56:31.661+0000] {processor.py:830} INFO - Processing file /opt/airflow/dags/consumer_complaints_elt_v2.py for tasks to queue
[2026-07-07T04:56:31.662+0000] {logging_mixin.py:188} INFO - [2026-07-07T04:56:31.662+0000] {dagbag.py:540} INFO - Filling up the DagBag from /opt/airflow/dags/consumer_complaints_elt_v2.py
[2026-07-07T04:56:31.935+0000] {processor.py:840} INFO - DAG(s) 'consumer_complaints_full_load' retrieved from /opt/airflow/dags/consumer_complaints_elt_v2.py
[2026-07-07T04:56:31.965+0000] {logging_mixin.py:188} INFO - [2026-07-07T04:56:31.965+0000] {dag.py:3047} INFO - Sync 1 DAGs
[2026-07-07T04:56:31.994+0000] {logging_mixin.py:188} INFO - [2026-07-07T04:56:31.994+0000] {dag.py:3834} INFO - Setting next_dagrun for consumer_complaints_full_load to 2026-06-01 00:00:00+00:00, run_after=2026-07-01 00:00:00+00:00
[2026-07-07T04:56:32.022+0000] {processor.py:183} INFO - Processing /opt/airflow/dags/consumer_complaints_elt_v2.py took 0.365 seconds
[2026-07-07T04:57:02.745+0000] {processor.py:161} INFO - Started process (PID=551) to work on /opt/airflow/dags/consumer_complaints_elt_v2.py
[2026-07-07T04:57:02.746+0000] {processor.py:830} INFO - Processing file /opt/airflow/dags/consumer_complaints_elt_v2.py for tasks to queue
[2026-07-07T04:57:02.747+0000] {logging_mixin.py:188} INFO - [2026-07-07T04:57:02.746+0000] {dagbag.py:540} INFO - Filling up the DagBag from /opt/airflow/dags/consumer_complaints_elt_v2.py
[2026-07-07T04:57:03.026+0000] {processor.py:840} INFO - DAG(s) 'consumer_complaints_full_load' retrieved from /opt/airflow/dags/consumer_complaints_elt_v2.py
[2026-07-07T04:57:03.057+0000] {logging_mixin.py:188} INFO - [2026-07-07T04:57:03.056+0000] {dag.py:3047} INFO - Sync 1 DAGs
[2026-07-07T04:57:03.081+0000] {logging_mixin.py:188} INFO - [2026-07-07T04:57:03.080+0000] {dag.py:3834} INFO - Setting next_dagrun for consumer_complaints_full_load to 2026-06-01 00:00:00+00:00, run_after=2026-07-01 00:00:00+00:00
[2026-07-07T04:57:03.108+0000] {processor.py:183} INFO - Processing /opt/airflow/dags/consumer_complaints_elt_v2.py took 0.366 seconds
[2026-07-07T04:57:33.290+0000] {processor.py:161} INFO - Started process (PID=584) to work on /opt/airflow/dags/consumer_complaints_elt_v2.py
[2026-07-07T04:57:33.291+0000] {processor.py:830} INFO - Processing file /opt/airflow/dags/consumer_complaints_elt_v2.py for tasks to queue
[2026-07-07T04:57:33.293+0000] {logging_mixin.py:188} INFO - [2026-07-07T04:57:33.292+0000] {dagbag.py:540} INFO - Filling up the DagBag from /opt/airflow/dags/consumer_complaints_elt_v2.py
[2026-07-07T04:57:33.656+0000] {processor.py:840} INFO - DAG(s) 'consumer_complaints_full_load' retrieved from /opt/airflow/dags/consumer_complaints_elt_v2.py
[2026-07-07T04:57:33.693+0000] {logging_mixin.py:188} INFO - [2026-07-07T04:57:33.692+0000] {dag.py:3047} INFO - Sync 1 DAGs
[2026-07-07T04:57:33.728+0000] {logging_mixin.py:188} INFO - [2026-07-07T04:57:33.728+0000] {dag.py:3834} INFO - Setting next_dagrun for consumer_complaints_full_load to 2026-06-01 00:00:00+00:00, run_after=2026-07-01 00:00:00+00:00
[2026-07-07T04:57:33.758+0000] {processor.py:183} INFO - Processing /opt/airflow/dags/consumer_complaints_elt_v2.py took 0.472 seconds
[2026-07-07T04:58:04.558+0000] {processor.py:161} INFO - Started process (PID=617) to work on /opt/airflow/dags/consumer_complaints_elt_v2.py
[2026-07-07T04:58:04.559+0000] {processor.py:830} INFO - Processing file /opt/airflow/dags/consumer_complaints_elt_v2.py for tasks to queue
[2026-07-07T04:58:04.560+0000] {logging_mixin.py:188} INFO - [2026-07-07T04:58:04.560+0000] {dagbag.py:540} INFO - Filling up the DagBag from /opt/airflow/dags/consumer_complaints_elt_v2.py
[2026-07-07T04:58:04.806+0000] {processor.py:840} INFO - DAG(s) 'consumer_complaints_full_load' retrieved from /opt/airflow/dags/consumer_complaints_elt_v2.py
[2026-07-07T04:58:04.833+0000] {logging_mixin.py:188} INFO - [2026-07-07T04:58:04.832+0000] {dag.py:3047} INFO - Sync 1 DAGs
[2026-07-07T04:58:04.856+0000] {logging_mixin.py:188} INFO - [2026-07-07T04:58:04.856+0000] {dag.py:3834} INFO - Setting next_dagrun for consumer_complaints_full_load to 2026-06-01 00:00:00+00:00, run_after=2026-07-01 00:00:00+00:00
[2026-07-07T04:58:04.879+0000] {processor.py:183} INFO - Processing /opt/airflow/dags/consumer_complaints_elt_v2.py took 0.324 seconds
[2026-07-07T04:58:35.090+0000] {processor.py:161} INFO - Started process (PID=650) to work on /opt/airflow/dags/consumer_complaints_elt_v2.py
[2026-07-07T04:58:35.091+0000] {processor.py:830} INFO - Processing file /opt/airflow/dags/consumer_complaints_elt_v2.py for tasks to queue
[2026-07-07T04:58:35.092+0000] {logging_mixin.py:188} INFO - [2026-07-07T04:58:35.091+0000] {dagbag.py:540} INFO - Filling up the DagBag from /opt/airflow/dags/consumer_complaints_elt_v2.py
[2026-07-07T04:58:35.342+0000] {processor.py:840} INFO - DAG(s) 'consumer_complaints_full_load' retrieved from /opt/airflow/dags/consumer_complaints_elt_v2.py
[2026-07-07T04:58:35.370+0000] {logging_mixin.py:188} INFO - [2026-07-07T04:58:35.369+0000] {dag.py:3047} INFO - Sync 1 DAGs
[2026-07-07T04:58:35.396+0000] {logging_mixin.py:188} INFO - [2026-07-07T04:58:35.395+0000] {dag.py:3834} INFO - Setting next_dagrun for consumer_complaints_full_load to 2026-06-01 00:00:00+00:00, run_after=2026-07-01 00:00:00+00:00
[2026-07-07T04:58:35.419+0000] {processor.py:183} INFO - Processing /opt/airflow/dags/consumer_complaints_elt_v2.py took 0.332 seconds
[2026-07-07T04:59:05.817+0000] {processor.py:161} INFO - Started process (PID=683) to work on /opt/airflow/dags/consumer_complaints_elt_v2.py
[2026-07-07T04:59:05.818+0000] {processor.py:830} INFO - Processing file /opt/airflow/dags/consumer_complaints_elt_v2.py for tasks to queue
[2026-07-07T04:59:05.819+0000] {logging_mixin.py:188} INFO - [2026-07-07T04:59:05.819+0000] {dagbag.py:540} INFO - Filling up the DagBag from /opt/airflow/dags/consumer_complaints_elt_v2.py
[2026-07-07T04:59:06.083+0000] {processor.py:840} INFO - DAG(s) 'consumer_complaints_full_load' retrieved from /opt/airflow/dags/consumer_complaints_elt_v2.py
[2026-07-07T04:59:06.113+0000] {logging_mixin.py:188} INFO - [2026-07-07T04:59:06.112+0000] {dag.py:3047} INFO - Sync 1 DAGs
[2026-07-07T04:59:06.141+0000] {logging_mixin.py:188} INFO - [2026-07-07T04:59:06.141+0000] {dag.py:3834} INFO - Setting next_dagrun for consumer_complaints_full_load to 2026-06-01 00:00:00+00:00, run_after=2026-07-01 00:00:00+00:00
[2026-07-07T04:59:06.164+0000] {processor.py:183} INFO - Processing /opt/airflow/dags/consumer_complaints_elt_v2.py took 0.350 seconds
[2026-07-07T04:59:36.690+0000] {processor.py:161} INFO - Started process (PID=717) to work on /opt/airflow/dags/consumer_complaints_elt_v2.py
[2026-07-07T04:59:36.691+0000] {processor.py:830} INFO - Processing file /opt/airflow/dags/consumer_complaints_elt_v2.py for tasks to queue
[2026-07-07T04:59:36.692+0000] {logging_mixin.py:188} INFO - [2026-07-07T04:59:36.692+0000] {dagbag.py:540} INFO - Filling up the DagBag from /opt/airflow/dags/consumer_complaints_elt_v2.py
[2026-07-07T04:59:36.979+0000] {processor.py:840} INFO - DAG(s) 'consumer_complaints_full_load' retrieved from /opt/airflow/dags/consumer_complaints_elt_v2.py
[2026-07-07T04:59:37.002+0000] {logging_mixin.py:188} INFO - [2026-07-07T04:59:37.002+0000] {dag.py:3047} INFO - Sync 1 DAGs
[2026-07-07T04:59:37.022+0000] {logging_mixin.py:188} INFO - [2026-07-07T04:59:37.022+0000] {dag.py:3834} INFO - Setting next_dagrun for consumer_complaints_full_load to 2026-06-01 00:00:00+00:00, run_after=2026-07-01 00:00:00+00:00
[2026-07-07T04:59:37.042+0000] {processor.py:183} INFO - Processing /opt/airflow/dags/consumer_complaints_elt_v2.py took 0.355 seconds
[2026-07-07T05:00:07.391+0000] {processor.py:161} INFO - Started process (PID=745) to work on /opt/airflow/dags/consumer_complaints_elt_v2.py
[2026-07-07T05:00:07.393+0000] {processor.py:830} INFO - Processing file /opt/airflow/dags/consumer_complaints_elt_v2.py for tasks to queue
[2026-07-07T05:00:07.395+0000] {logging_mixin.py:188} INFO - [2026-07-07T05:00:07.394+0000] {dagbag.py:540} INFO - Filling up the DagBag from /opt/airflow/dags/consumer_complaints_elt_v2.py
[2026-07-07T05:00:07.792+0000] {processor.py:840} INFO - DAG(s) 'consumer_complaints_full_load' retrieved from /opt/airflow/dags/consumer_complaints_elt_v2.py
[2026-07-07T05:00:07.833+0000] {logging_mixin.py:188} INFO - [2026-07-07T05:00:07.832+0000] {dag.py:3047} INFO - Sync 1 DAGs
[2026-07-07T05:00:07.871+0000] {logging_mixin.py:188} INFO - [2026-07-07T05:00:07.870+0000] {dag.py:3834} INFO - Setting next_dagrun for consumer_complaints_full_load to 2026-06-01 00:00:00+00:00, run_after=2026-07-01 00:00:00+00:00
[2026-07-07T05:00:07.908+0000] {processor.py:183} INFO - Processing /opt/airflow/dags/consumer_complaints_elt_v2.py took 0.522 seconds
[2026-07-07T05:00:38.191+0000] {processor.py:161} INFO - Started process (PID=780) to work on /opt/airflow/dags/consumer_complaints_elt_v2.py
[2026-07-07T05:00:38.192+0000] {processor.py:830} INFO - Processing file /opt/airflow/dags/consumer_complaints_elt_v2.py for tasks to queue
[2026-07-07T05:00:38.193+0000] {logging_mixin.py:188} INFO - [2026-07-07T05:00:38.193+0000] {dagbag.py:540} INFO - Filling up the DagBag from /opt/airflow/dags/consumer_complaints_elt_v2.py
[2026-07-07T05:00:38.483+0000] {processor.py:840} INFO - DAG(s) 'consumer_complaints_full_load' retrieved from /opt/airflow/dags/consumer_complaints_elt_v2.py
[2026-07-07T05:00:38.509+0000] {logging_mixin.py:188} INFO - [2026-07-07T05:00:38.509+0000] {dag.py:3047} INFO - Sync 1 DAGs
[2026-07-07T05:00:38.532+0000] {logging_mixin.py:188} INFO - [2026-07-07T05:00:38.532+0000] {dag.py:3834} INFO - Setting next_dagrun for consumer_complaints_full_load to 2026-06-01 00:00:00+00:00, run_after=2026-07-01 00:00:00+00:00
[2026-07-07T05:00:38.553+0000] {processor.py:183} INFO - Processing /opt/airflow/dags/consumer_complaints_elt_v2.py took 0.366 seconds
[2026-07-07T05:01:08.701+0000] {processor.py:161} INFO - Started process (PID=813) to work on /opt/airflow/dags/consumer_complaints_elt_v2.py
[2026-07-07T05:01:08.702+0000] {processor.py:830} INFO - Processing file /opt/airflow/dags/consumer_complaints_elt_v2.py for tasks to queue
[2026-07-07T05:01:08.703+0000] {logging_mixin.py:188} INFO - [2026-07-07T05:01:08.703+0000] {dagbag.py:540} INFO - Filling up the DagBag from /opt/airflow/dags/consumer_complaints_elt_v2.py
[2026-07-07T05:01:08.968+0000] {processor.py:840} INFO - DAG(s) 'consumer_complaints_full_load' retrieved from /opt/airflow/dags/consumer_complaints_elt_v2.py
[2026-07-07T05:01:08.992+0000] {logging_mixin.py:188} INFO - [2026-07-07T05:01:08.992+0000] {dag.py:3047} INFO - Sync 1 DAGs
[2026-07-07T05:01:09.018+0000] {logging_mixin.py:188} INFO - [2026-07-07T05:01:09.018+0000] {dag.py:3834} INFO - Setting next_dagrun for consumer_complaints_full_load to 2026-06-01 00:00:00+00:00, run_after=2026-07-01 00:00:00+00:00
[2026-07-07T05:01:09.038+0000] {processor.py:183} INFO - Processing /opt/airflow/dags/consumer_complaints_elt_v2.py took 0.340 seconds
[2026-07-07T05:01:39.139+0000] {processor.py:161} INFO - Started process (PID=846) to work on /opt/airflow/dags/consumer_complaints_elt_v2.py
[2026-07-07T05:01:39.140+0000] {processor.py:830} INFO - Processing file /opt/airflow/dags/consumer_complaints_elt_v2.py for tasks to queue
[2026-07-07T05:01:39.142+0000] {logging_mixin.py:188} INFO - [2026-07-07T05:01:39.142+0000] {dagbag.py:540} INFO - Filling up the DagBag from /opt/airflow/dags/consumer_complaints_elt_v2.py
[2026-07-07T05:01:39.435+0000] {processor.py:840} INFO - DAG(s) 'consumer_complaints_full_load' retrieved from /opt/airflow/dags/consumer_complaints_elt_v2.py
[2026-07-07T05:01:39.465+0000] {logging_mixin.py:188} INFO - [2026-07-07T05:01:39.465+0000] {dag.py:3047} INFO - Sync 1 DAGs
[2026-07-07T05:01:39.489+0000] {logging_mixin.py:188} INFO - [2026-07-07T05:01:39.489+0000] {dag.py:3834} INFO - Setting next_dagrun for consumer_complaints_full_load to 2026-06-01 00:00:00+00:00, run_after=2026-07-01 00:00:00+00:00
[2026-07-07T05:01:39.510+0000] {processor.py:183} INFO - Processing /opt/airflow/dags/consumer_complaints_elt_v2.py took 0.373 seconds
[2026-07-07T05:02:10.010+0000] {processor.py:161} INFO - Started process (PID=876) to work on /opt/airflow/dags/consumer_complaints_elt_v2.py
[2026-07-07T05:02:10.011+0000] {processor.py:830} INFO - Processing file /opt/airflow/dags/consumer_complaints_elt_v2.py for tasks to queue
[2026-07-07T05:02:10.013+0000] {logging_mixin.py:188} INFO - [2026-07-07T05:02:10.012+0000] {dagbag.py:540} INFO - Filling up the DagBag from /opt/airflow/dags/consumer_complaints_elt_v2.py
[2026-07-07T05:02:10.427+0000] {processor.py:840} INFO - DAG(s) 'consumer_complaints_full_load' retrieved from /opt/airflow/dags/consumer_complaints_elt_v2.py
[2026-07-07T05:02:10.469+0000] {logging_mixin.py:188} INFO - [2026-07-07T05:02:10.469+0000] {dag.py:3047} INFO - Sync 1 DAGs
[2026-07-07T05:02:10.511+0000] {logging_mixin.py:188} INFO - [2026-07-07T05:02:10.511+0000] {dag.py:3834} INFO - Setting next_dagrun for consumer_complaints_full_load to 2026-06-01 00:00:00+00:00, run_after=2026-07-01 00:00:00+00:00
[2026-07-07T05:02:10.552+0000] {processor.py:183} INFO - Processing /opt/airflow/dags/consumer_complaints_elt_v2.py took 0.546 seconds
