[2026-07-15T01:29:27.820+0000] {local_task_job_runner.py:123} INFO - ::group::Pre task execution logs
[2026-07-15T01:29:27.839+0000] {taskinstance.py:2612} INFO - Dependencies all met for dep_context=non-requeueable deps ti=<TaskInstance: dbt_silver_gold_incremental.transform_silver.stg__consumer_complaints.run manual__2026-07-14T05:00:00.818467+00:00 [queued]>
[2026-07-15T01:29:27.848+0000] {taskinstance.py:2612} INFO - Dependencies all met for dep_context=requeueable deps ti=<TaskInstance: dbt_silver_gold_incremental.transform_silver.stg__consumer_complaints.run manual__2026-07-14T05:00:00.818467+00:00 [queued]>
[2026-07-15T01:29:27.851+0000] {taskinstance.py:2865} INFO - Starting attempt 2 of 3
[2026-07-15T01:29:27.865+0000] {taskinstance.py:2888} INFO - Executing <Task(DbtRunLocalOperator): transform_silver.stg__consumer_complaints.run> on 2026-07-14 05:00:00.818467+00:00
[2026-07-15T01:29:27.870+0000] {standard_task_runner.py:72} INFO - Started process 841 to run task
[2026-07-15T01:29:27.874+0000] {standard_task_runner.py:104} INFO - Running: ['airflow', 'tasks', 'run', 'dbt_silver_gold_incremental', 'transform_silver.stg__consumer_complaints.run', 'manual__2026-07-14T05:00:00.818467+00:00', '--job-id', '37', '--raw', '--subdir', 'DAGS_FOLDER/dbt_silver_gold.py', '--cfg-path', '/tmp/tmpr5e03aqu']
[2026-07-15T01:29:27.878+0000] {standard_task_runner.py:105} INFO - Job 37: Subtask transform_silver.stg__consumer_complaints.run
[2026-07-15T01:29:27.959+0000] {task_command.py:467} INFO - Running <TaskInstance: dbt_silver_gold_incremental.transform_silver.stg__consumer_complaints.run manual__2026-07-14T05:00:00.818467+00:00 [running]> on host fcdd99123196
[2026-07-15T01:29:28.047+0000] {taskinstance.py:3131} INFO - Exporting env vars: AIRFLOW_CTX_DAG_OWNER='data_engineer' AIRFLOW_CTX_DAG_ID='dbt_silver_gold_incremental' AIRFLOW_CTX_TASK_ID='transform_silver.stg__consumer_complaints.run' AIRFLOW_CTX_EXECUTION_DATE='2026-07-14T05:00:00.818467+00:00' AIRFLOW_CTX_TRY_NUMBER='2' AIRFLOW_CTX_DAG_RUN_ID='manual__2026-07-14T05:00:00.818467+00:00'
[2026-07-15T01:29:28.049+0000] {taskinstance.py:731} INFO - ::endgroup::
[2026-07-15T01:29:29.116+0000] {local.py:294} INFO - dbtRunner is available. Using dbtRunner for invoking dbt.
[2026-07-15T01:29:29.119+0000] {local.py:518} INFO - Cloning project to writable temp directory /tmp/tmpi_x_v6_d from /opt/airflow/dbt_transform
[2026-07-15T01:29:29.130+0000] {local.py:538} INFO - Partial parse is enabled and the latest partial parse file is None
[2026-07-15T01:29:29.132+0000] {config.py:395} INFO - Using user-supplied profiles.yml at /opt/airflow/dbt_transform/profiles.yml
[2026-07-15T01:29:29.145+0000] {runner.py:95} INFO - Trying to run dbtRunner with:
 ['deps', '--project-dir', '/tmp/tmpi_x_v6_d', '--profiles-dir', '/opt/airflow/dbt_transform', '--profile', 'lakehouse_dbt', '--target', 'dev', '--no-static-parser']
 in /tmp/tmpi_x_v6_d
[2026-07-15T01:29:29.225+0000] {logging_mixin.py:190} INFO - 01:29:29  Running with dbt=1.8.8
[2026-07-15T01:29:29.342+0000] {converter.py:314} INFO - ::group::Cosmos DAG parsing logs
[2026-07-15T01:29:29.347+0000] {graph.py:869} INFO - Trying to parse the dbt project using dbt ls cache cosmos_cache__dbt_silver_gold_incremental__transform_silver...
[2026-07-15T01:29:32.178+0000] {cache.py:383} INFO - Cosmos performance: time to calculate cache identifier cosmos_cache__dbt_silver_gold_incremental__transform_silver for current version: 2.822653100000025
[2026-07-15T01:29:32.179+0000] {graph.py:886} INFO - Cosmos performance [fcdd99123196|841]: The cache size for cosmos_cache__dbt_silver_gold_incremental__transform_silver is 5952
[2026-07-15T01:29:32.180+0000] {graph.py:898} INFO - Cosmos performance: Cache hit for cosmos_cache__dbt_silver_gold_incremental__transform_silver - 9112c4b9529290218ca383e8bffbd337,5e34606eb5f2b3dea81a8e19fa3ba138
[2026-07-15T01:29:32.181+0000] {graph.py:799} INFO - Total nodes: 7
[2026-07-15T01:29:32.182+0000] {graph.py:800} INFO - Total filtered nodes: 7
[2026-07-15T01:29:32.182+0000] {converter.py:361} INFO - Cosmos performance (dbt_silver_gold_incremental__transform_silver) - [fcdd99123196|841]: It took 2.84s to parse the dbt project for DAG using dbt_ls_cache
[2026-07-15T01:29:32.193+0000] {converter.py:413} INFO - Cosmos performance (dbt_silver_gold_incremental__transform_silver) - [fcdd99123196|841]: It took 0.0105s to build the Airflow DAG.
[2026-07-15T01:29:32.194+0000] {converter.py:420} INFO - ::endgroup::Cosmos DAG parsing logs
[2026-07-15T01:29:32.195+0000] {converter.py:314} INFO - ::group::Cosmos DAG parsing logs
[2026-07-15T01:29:32.199+0000] {graph.py:869} INFO - Trying to parse the dbt project using dbt ls cache cosmos_cache__dbt_silver_gold_incremental__transform_gold...
[2026-07-15T01:29:34.757+0000] {cache.py:383} INFO - Cosmos performance: time to calculate cache identifier cosmos_cache__dbt_silver_gold_incremental__transform_gold for current version: 2.547037339000326
[2026-07-15T01:29:34.759+0000] {graph.py:886} INFO - Cosmos performance [fcdd99123196|841]: The cache size for cosmos_cache__dbt_silver_gold_incremental__transform_gold is 35620
[2026-07-15T01:29:34.765+0000] {graph.py:898} INFO - Cosmos performance: Cache hit for cosmos_cache__dbt_silver_gold_incremental__transform_gold - 9112c4b9529290218ca383e8bffbd337,304321e940a9403dceb380589bd0566f
[2026-07-15T01:29:34.768+0000] {graph.py:799} INFO - Total nodes: 39
[2026-07-15T01:29:34.769+0000] {graph.py:800} INFO - Total filtered nodes: 39
[2026-07-15T01:29:34.771+0000] {converter.py:361} INFO - Cosmos performance (dbt_silver_gold_incremental__transform_gold) - [fcdd99123196|841]: It took 2.57s to parse the dbt project for DAG using dbt_ls_cache
[2026-07-15T01:29:34.822+0000] {converter.py:413} INFO - Cosmos performance (dbt_silver_gold_incremental__transform_gold) - [fcdd99123196|841]: It took 0.0516s to build the Airflow DAG.
[2026-07-15T01:29:34.824+0000] {converter.py:420} INFO - ::endgroup::Cosmos DAG parsing logs
[2026-07-15T01:29:34.825+0000] {converter.py:314} INFO - ::group::Cosmos DAG parsing logs
[2026-07-15T01:29:34.829+0000] {graph.py:869} INFO - Trying to parse the dbt project using dbt ls cache cosmos_cache__dbt_silver_gold_full_load__transform_silver...
[2026-07-15T01:29:37.203+0000] {cache.py:383} INFO - Cosmos performance: time to calculate cache identifier cosmos_cache__dbt_silver_gold_full_load__transform_silver for current version: 2.3632653360000404
[2026-07-15T01:29:37.204+0000] {graph.py:886} INFO - Cosmos performance [fcdd99123196|841]: The cache size for cosmos_cache__dbt_silver_gold_full_load__transform_silver is 5952
[2026-07-15T01:29:37.205+0000] {graph.py:898} INFO - Cosmos performance: Cache hit for cosmos_cache__dbt_silver_gold_full_load__transform_silver - 9112c4b9529290218ca383e8bffbd337,5e34606eb5f2b3dea81a8e19fa3ba138
[2026-07-15T01:29:37.206+0000] {graph.py:799} INFO - Total nodes: 7
[2026-07-15T01:29:37.208+0000] {graph.py:800} INFO - Total filtered nodes: 7
[2026-07-15T01:29:37.209+0000] {converter.py:361} INFO - Cosmos performance (dbt_silver_gold_full_load__transform_silver) - [fcdd99123196|841]: It took 2.38s to parse the dbt project for DAG using dbt_ls_cache
[2026-07-15T01:29:37.218+0000] {converter.py:413} INFO - Cosmos performance (dbt_silver_gold_full_load__transform_silver) - [fcdd99123196|841]: It took 0.00944s to build the Airflow DAG.
[2026-07-15T01:29:37.220+0000] {converter.py:420} INFO - ::endgroup::Cosmos DAG parsing logs
[2026-07-15T01:29:37.221+0000] {converter.py:314} INFO - ::group::Cosmos DAG parsing logs
[2026-07-15T01:29:37.224+0000] {graph.py:869} INFO - Trying to parse the dbt project using dbt ls cache cosmos_cache__dbt_silver_gold_full_load__transform_gold...
[2026-07-15T01:29:39.598+0000] {cache.py:383} INFO - Cosmos performance: time to calculate cache identifier cosmos_cache__dbt_silver_gold_full_load__transform_gold for current version: 2.365024507999806
[2026-07-15T01:29:39.599+0000] {graph.py:886} INFO - Cosmos performance [fcdd99123196|841]: The cache size for cosmos_cache__dbt_silver_gold_full_load__transform_gold is 35628
[2026-07-15T01:29:39.601+0000] {graph.py:898} INFO - Cosmos performance: Cache hit for cosmos_cache__dbt_silver_gold_full_load__transform_gold - 9112c4b9529290218ca383e8bffbd337,304321e940a9403dceb380589bd0566f
[2026-07-15T01:29:39.602+0000] {graph.py:799} INFO - Total nodes: 39
[2026-07-15T01:29:39.603+0000] {graph.py:800} INFO - Total filtered nodes: 39
[2026-07-15T01:29:39.604+0000] {converter.py:361} INFO - Cosmos performance (dbt_silver_gold_full_load__transform_gold) - [fcdd99123196|841]: It took 2.38s to parse the dbt project for DAG using dbt_ls_cache
[2026-07-15T01:29:39.640+0000] {converter.py:413} INFO - Cosmos performance (dbt_silver_gold_full_load__transform_gold) - [fcdd99123196|841]: It took 0.0358s to build the Airflow DAG.
[2026-07-15T01:29:39.641+0000] {converter.py:420} INFO - ::endgroup::Cosmos DAG parsing logs
[2026-07-15T01:29:40.259+0000] {logging_mixin.py:190} INFO - 01:29:40  Installing dbt-labs/dbt_utils
[2026-07-15T01:29:40.856+0000] {logging_mixin.py:190} INFO - 01:29:40  Installed from version 1.3.0
[2026-07-15T01:29:40.859+0000] {logging_mixin.py:190} INFO - 01:29:40  Updated version available: 1.4.1
[2026-07-15T01:29:40.864+0000] {logging_mixin.py:190} INFO - 01:29:40  Installing metaplane/dbt_expectations
[2026-07-15T01:29:41.729+0000] {logging_mixin.py:190} INFO - 01:29:41  Installed from version 0.10.8
[2026-07-15T01:29:41.731+0000] {logging_mixin.py:190} INFO - 01:29:41  Updated version available: 0.10.10
[2026-07-15T01:29:41.733+0000] {logging_mixin.py:190} INFO - 01:29:41  Installing godatadriven/dbt_date
[2026-07-15T01:29:42.285+0000] {logging_mixin.py:190} INFO - 01:29:42  Installed from version 0.15.0
[2026-07-15T01:29:42.287+0000] {logging_mixin.py:190} INFO - 01:29:42  Up to date!
[2026-07-15T01:29:42.290+0000] {logging_mixin.py:190} INFO - 01:29:42
[2026-07-15T01:29:42.292+0000] {logging_mixin.py:190} INFO - 01:29:42  Updates available for packages: ['dbt-labs/dbt_utils', 'metaplane/dbt_expectations']                 
Update your versions in packages.yml, then run dbt deps
[2026-07-15T01:29:43.466+0000] {runner.py:95} INFO - Trying to run dbtRunner with:
 ['run', '--select', 'fqn:consumer_complaints_transformation.staging.stg__consumer_complaints', '--project-dir', '/tmp/tmpi_x_v6_d', '--profiles-dir', '/opt/airflow/dbt_transform', '--profile', 'lakehouse_dbt', '--target', 'dev', '--no-static-parser']
 in /tmp/tmpi_x_v6_d
[2026-07-15T01:29:43.497+0000] {logging_mixin.py:190} INFO - 01:29:43  Running with dbt=1.8.8
[2026-07-15T01:29:43.527+0000] {auth.py:343} INFO - keyring module not found. OAuth2 token will not be stored in keyring.
[2026-07-15T01:29:43.533+0000] {auth.py:343} INFO - keyring module not found. OAuth2 token will not be stored in keyring.
[2026-07-15T01:29:43.645+0000] {logging_mixin.py:190} INFO - 01:29:43  Registered adapter: trino=1.8.5
[2026-07-15T01:29:43.821+0000] {logging_mixin.py:190} INFO - 01:29:43  Unable to do partial parsing because saved manifest not found. Starting full parse.
[2026-07-15T01:29:45.529+0000] {logging_mixin.py:190} INFO - 01:29:45  [WARNING]: Deprecated functionality
The `tests` config has been renamed to `data_tests`. Please see
https://docs.getdbt.com/docs/build/data-tests#new-data_tests-syntax for more
information.
[2026-07-15T01:29:46.274+0000] {logging_mixin.py:190} INFO - 01:29:46  Found 8 models, 40 data tests, 1 source, 9 metrics, 838 macros, 5 semantic models
[2026-07-15T01:29:46.280+0000] {logging_mixin.py:190} INFO - 01:29:46
[2026-07-15T01:29:46.307+0000] {logging_mixin.py:190} INFO - 01:29:46  [WARNING]: SSL certificate validation is disabled by default. It is legacy behavior which will be changed in future releases. It is strongly advised to enable `require_certificate_validation` flag or explicitly set `cert` configuration to `True` for security reasons. You may receive an error after that if your SSL setup is incorrect.
You may opt into the new behavior sooner by setting `flags.require_certificate_validation` to `True` in `dbt_project.yml`.
Visit https://docs.getdbt.com/reference/global-configs/behavior-changes for more information.
[2026-07-15T01:29:47.352+0000] {logging_mixin.py:190} INFO - 01:29:47  Concurrency: 4 threads (target='dev')
[2026-07-15T01:29:47.355+0000] {logging_mixin.py:190} INFO - 01:29:47
[2026-07-15T01:29:47.363+0000] {logging_mixin.py:190} INFO - 01:29:47  1 of 1 START sql incremental model silver.stg__consumer_complaints ............. [RUN]
[2026-07-15T01:29:47.747+0000] {logging_mixin.py:190} INFO - 01:29:47  1 of 1 ERROR creating sql incremental model silver.stg__consumer_complaints .... [ERROR in 0.38s]
[2026-07-15T01:29:47.754+0000] {logging_mixin.py:190} INFO - 01:29:47
[2026-07-15T01:29:47.756+0000] {logging_mixin.py:190} INFO - 01:29:47  Finished running 1 incremental model in 0 hours 0 minutes and 1.47 seconds (1.47s).
[2026-07-15T01:29:47.825+0000] {logging_mixin.py:190} INFO - 01:29:47
[2026-07-15T01:29:47.828+0000] {logging_mixin.py:190} INFO - 01:29:47  Completed with 1 error and 0 warnings:
[2026-07-15T01:29:47.831+0000] {logging_mixin.py:190} INFO - 01:29:47
[2026-07-15T01:29:47.834+0000] {logging_mixin.py:190} INFO - 01:29:47    Database Error in model stg__consumer_complaints (models/staging/stg__consumer_complaints.sql)
  TrinoUserError(type=USER_ERROR, name=NOT_SUPPORTED, message="createView is not supported for Iceberg Nessie catalogs", query_id=20260715_012947_00009_sdqb4)
[2026-07-15T01:29:47.836+0000] {logging_mixin.py:190} INFO - 01:29:47
[2026-07-15T01:29:47.839+0000] {logging_mixin.py:190} INFO - 01:29:47  Done. PASS=0 WARN=0 ERROR=1 SKIP=0 TOTAL=1
[2026-07-15T01:29:49.074+0000] {local.py:196} WARNING - Artifact schema version: https://schemas.getdbt.com/dbt/manifest/v12.json is above dbt-ol supported version 7. This might cause errors.
[2026-07-15T01:29:49.083+0000] {local.py:594} INFO - Inlets: []
[2026-07-15T01:29:49.084+0000] {local.py:595} INFO - Outlets: []
[2026-07-15T01:29:49.086+0000] {local.py:886} INFO - Assigning inlets/outlets with DatasetAlias in Airflow 2
[2026-07-15T01:29:49.122+0000] {taskinstance.py:3310} ERROR - Task failed with exception
Traceback (most recent call last):
  File "/home/airflow/.local/lib/python3.10/site-packages/airflow/models/taskinstance.py", line 767, in _execute_task
    result = _execute_callable(context=context, **execute_callable_kwargs)
  File "/home/airflow/.local/lib/python3.10/site-packages/airflow/models/taskinstance.py", line 733, in _execute_callable
    return ExecutionCallableRunner(
  File "/home/airflow/.local/lib/python3.10/site-packages/airflow/utils/operator_helpers.py", line 252, in run
    return self.func(*args, **kwargs)
  File "/home/airflow/.local/lib/python3.10/site-packages/cosmos/operators/base.py", line 346, in execute
    self.build_and_run_cmd(context=context, cmd_flags=self.add_cmd_flags(), **kwargs)
  File "/home/airflow/.local/lib/python3.10/site-packages/cosmos/operators/local.py", line 968, in build_and_run_cmd
    result = self.run_command(
  File "/home/airflow/.local/lib/python3.10/site-packages/cosmos/operators/local.py", line 743, in run_command
    self.handle_exception(result)
  File "/home/airflow/.local/lib/python3.10/site-packages/cosmos/operators/local.py", line 308, in handle_exception_dbt_runner
    return dbt_runner.handle_exception_if_needed(result)
  File "/home/airflow/.local/lib/python3.10/site-packages/cosmos/dbt/runner.py", line 156, in handle_exception_if_needed
    raise CosmosDbtRunError(f"dbt invocation completed with errors: {error_message}")
cosmos.exceptions.CosmosDbtRunError: dbt invocation completed with errors: stg__consumer_complaints: Database Error in model stg__consumer_complaints (models/staging/stg__consumer_complaints.sql)
  TrinoUserError(type=USER_ERROR, name=NOT_SUPPORTED, message="createView is not supported for Iceberg Nessie catalogs", query_id=20260715_012947_00009_sdqb4)
[2026-07-15T01:29:50.049+0000] {_client.py:1026} INFO - HTTP Request: GET https://astronomer.gateway.scarf.sh/astronomer-cosmos/v3/task_instance?cosmos_version=1.15.0&airflow_version=2.10.2&python_version=3.10.15&platform_system=Linux&platform_machine=x86_64&status=failed&operator_name=DbtRunLocalOperator&is_cosmos_operator_subclass=False&invocation_mode=dbt_runner&execution_mode=local&profile_strategy=yaml_file&profile_mapping_class=None&database=trino&is_mapped_task=False&dbt_command=run&install_deps=True&has_callback=False&duration=21.296525 "HTTP/1.1 200 OK"
[2026-07-15T01:29:50.051+0000] {taskinstance.py:1225} INFO - Marking task as UP_FOR_RETRY. dag_id=dbt_silver_gold_incremental, task_id=transform_silver.stg__consumer_complaints.run, run_id=manual__2026-07-14T05:00:00.818467+00:00, execution_date=20260714T050000, start_date=20260715T012927, end_date=20260715T012949
[2026-07-15T01:29:50.068+0000] {taskinstance.py:340} INFO - ::group::Post task execution logs
[2026-07-15T01:29:50.070+0000] {standard_task_runner.py:124} ERROR - Failed to execute job 37 for task transform_silver.stg__consumer_complaints.run (dbt invocation completed with errors: stg__consumer_complaints: Database Error in model stg__consumer_complaints (models/staging/stg__consumer_complaints.sql)
  TrinoUserError(type=USER_ERROR, name=NOT_SUPPORTED, message="createView is not supported for Iceberg Nessie catalogs", query_id=20260715_012947_00009_sdqb4); 841)
Traceback (most recent call last):
  File "/home/airflow/.local/lib/python3.10/site-packages/airflow/task/task_runner/standard_task_runner.py", line 117, in _start_by_fork
    ret = args.func(args, dag=self.dag)
  File "/home/airflow/.local/lib/python3.10/site-packages/airflow/cli/cli_config.py", line 49, in command
    return func(*args, **kwargs)
  File "/home/airflow/.local/lib/python3.10/site-packages/airflow/utils/cli.py", line 115, in wrapper
    return f(*args, **kwargs)
  File "/home/airflow/.local/lib/python3.10/site-packages/airflow/cli/commands/task_command.py", line 483, in task_run
    task_return_code = _run_task_by_selected_method(args, _dag, ti)
  File "/home/airflow/.local/lib/python3.10/site-packages/airflow/cli/commands/task_command.py", line 256, in _run_task_by_selected_method
    return _run_raw_task(args, ti)
  File "/home/airflow/.local/lib/python3.10/site-packages/airflow/cli/commands/task_command.py", line 341, in _run_raw_task
    return ti._run_raw_task(
  File "/home/airflow/.local/lib/python3.10/site-packages/airflow/utils/session.py", line 97, in wrapper
    return func(*args, session=session, **kwargs)
  File "/home/airflow/.local/lib/python3.10/site-packages/airflow/models/taskinstance.py", line 3004, in _run_raw_task
    return _run_raw_task(
  File "/home/airflow/.local/lib/python3.10/site-packages/airflow/models/taskinstance.py", line 273, in _run_raw_task
    TaskInstance._execute_task_with_callbacks(
  File "/home/airflow/.local/lib/python3.10/site-packages/airflow/models/taskinstance.py", line 3158, in _execute_task_with_callbacks
    result = self._execute_task(context, task_orig)
  File "/home/airflow/.local/lib/python3.10/site-packages/airflow/models/taskinstance.py", line 3182, in _execute_task
    return _execute_task(self, context, task_orig)
  File "/home/airflow/.local/lib/python3.10/site-packages/airflow/models/taskinstance.py", line 767, in _execute_task
    result = _execute_callable(context=context, **execute_callable_kwargs)
  File "/home/airflow/.local/lib/python3.10/site-packages/airflow/models/taskinstance.py", line 733, in _execute_callable
    return ExecutionCallableRunner(
  File "/home/airflow/.local/lib/python3.10/site-packages/airflow/utils/operator_helpers.py", line 252, in run
    return self.func(*args, **kwargs)
  File "/home/airflow/.local/lib/python3.10/site-packages/cosmos/operators/base.py", line 346, in execute
    self.build_and_run_cmd(context=context, cmd_flags=self.add_cmd_flags(), **kwargs)
  File "/home/airflow/.local/lib/python3.10/site-packages/cosmos/operators/local.py", line 968, in build_and_run_cmd
    result = self.run_command(
  File "/home/airflow/.local/lib/python3.10/site-packages/cosmos/operators/local.py", line 743, in run_command
    self.handle_exception(result)
  File "/home/airflow/.local/lib/python3.10/site-packages/cosmos/operators/local.py", line 308, in handle_exception_dbt_runner
    return dbt_runner.handle_exception_if_needed(result)
  File "/home/airflow/.local/lib/python3.10/site-packages/cosmos/dbt/runner.py", line 156, in handle_exception_if_needed
    raise CosmosDbtRunError(f"dbt invocation completed with errors: {error_message}")
cosmos.exceptions.CosmosDbtRunError: dbt invocation completed with errors: stg__consumer_complaints: Database Error in model stg__consumer_complaints (models/staging/stg__consumer_complaints.sql)
  TrinoUserError(type=USER_ERROR, name=NOT_SUPPORTED, message="createView is not supported for Iceberg Nessie catalogs", query_id=20260715_012947_00009_sdqb4)
[2026-07-15T01:29:50.083+0000] {local_task_job_runner.py:266} INFO - Task exited with return code 1
[2026-07-15T01:29:50.111+0000] {taskinstance.py:3900} INFO - 0 downstream tasks scheduled from follow-on schedule check
[2026-07-15T01:29:50.116+0000] {local_task_job_runner.py:245} INFO - ::endgroup::
