[2026-07-14T05:00:10.792+0000] {local_task_job_runner.py:123} INFO - ::group::Pre task execution logs
[2026-07-14T05:00:10.811+0000] {taskinstance.py:2612} INFO - Dependencies all met for dep_context=non-requeueable deps ti=<TaskInstance: dbt_silver_gold_incremental.transform_silver.stg__consumer_complaints.run manual__2026-07-14T05:00:00.818467+00:00 [queued]>
[2026-07-14T05:00:10.818+0000] {taskinstance.py:2612} INFO - Dependencies all met for dep_context=requeueable deps ti=<TaskInstance: dbt_silver_gold_incremental.transform_silver.stg__consumer_complaints.run manual__2026-07-14T05:00:00.818467+00:00 [queued]>
[2026-07-14T05:00:10.821+0000] {taskinstance.py:2865} INFO - Starting attempt 1 of 2
[2026-07-14T05:00:10.832+0000] {taskinstance.py:2888} INFO - Executing <Task(DbtRunLocalOperator): transform_silver.stg__consumer_complaints.run> on 2026-07-14 05:00:00.818467+00:00
[2026-07-14T05:00:10.839+0000] {standard_task_runner.py:72} INFO - Started process 1490 to run task
[2026-07-14T05:00:10.843+0000] {standard_task_runner.py:104} INFO - Running: ['airflow', 'tasks', 'run', 'dbt_silver_gold_incremental', 'transform_silver.stg__consumer_complaints.run', 'manual__2026-07-14T05:00:00.818467+00:00', '--job-id', '11', '--raw', '--subdir', 'DAGS_FOLDER/dbt_silver_gold.py', '--cfg-path', '/tmp/tmpxnqge55t']
[2026-07-14T05:00:10.846+0000] {standard_task_runner.py:105} INFO - Job 11: Subtask transform_silver.stg__consumer_complaints.run
[2026-07-14T05:00:10.922+0000] {task_command.py:467} INFO - Running <TaskInstance: dbt_silver_gold_incremental.transform_silver.stg__consumer_complaints.run manual__2026-07-14T05:00:00.818467+00:00 [running]> on host b9944f21a9b7
[2026-07-14T05:00:11.004+0000] {taskinstance.py:3131} INFO - Exporting env vars: AIRFLOW_CTX_DAG_OWNER='data_engineer' AIRFLOW_CTX_DAG_ID='dbt_silver_gold_incremental' AIRFLOW_CTX_TASK_ID='transform_silver.stg__consumer_complaints.run' AIRFLOW_CTX_EXECUTION_DATE='2026-07-14T05:00:00.818467+00:00' AIRFLOW_CTX_TRY_NUMBER='1' AIRFLOW_CTX_DAG_RUN_ID='manual__2026-07-14T05:00:00.818467+00:00'
[2026-07-14T05:00:11.007+0000] {taskinstance.py:731} INFO - ::endgroup::
[2026-07-14T05:00:11.926+0000] {local.py:294} INFO - dbtRunner is available. Using dbtRunner for invoking dbt.
[2026-07-14T05:00:11.929+0000] {local.py:518} INFO - Cloning project to writable temp directory /tmp/tmp7i9wk9rg from /opt/airflow/dbt_transform
[2026-07-14T05:00:11.941+0000] {local.py:538} INFO - Partial parse is enabled and the latest partial parse file is None
[2026-07-14T05:00:11.943+0000] {config.py:395} INFO - Using user-supplied profiles.yml at /opt/airflow/dbt_transform/profiles.yml
[2026-07-14T05:00:11.955+0000] {runner.py:95} INFO - Trying to run dbtRunner with:
 ['deps', '--project-dir', '/tmp/tmp7i9wk9rg', '--profiles-dir', '/opt/airflow/dbt_transform', '--profile', 'lakehouse_dbt', '--target', 'dev', '--no-static-parser']
 in /tmp/tmp7i9wk9rg
[2026-07-14T05:00:12.024+0000] {logging_mixin.py:190} INFO - 05:00:12  Running with dbt=1.8.8
[2026-07-14T05:00:12.127+0000] {converter.py:314} INFO - ::group::Cosmos DAG parsing logs
[2026-07-14T05:00:12.130+0000] {graph.py:869} INFO - Trying to parse the dbt project using dbt ls cache cosmos_cache__dbt_silver_gold_incremental__transform_silver...
[2026-07-14T05:00:14.019+0000] {cache.py:383} INFO - Cosmos performance: time to calculate cache identifier cosmos_cache__dbt_silver_gold_incremental__transform_silver for current version: 1.8789205350003613
[2026-07-14T05:00:14.020+0000] {graph.py:886} INFO - Cosmos performance [b9944f21a9b7|1490]: The cache size for cosmos_cache__dbt_silver_gold_incremental__transform_silver is 5952
[2026-07-14T05:00:14.021+0000] {graph.py:898} INFO - Cosmos performance: Cache hit for cosmos_cache__dbt_silver_gold_incremental__transform_silver - 02ab851da9e5185d53b57d02face4d44,5e34606eb5f2b3dea81a8e19fa3ba138
[2026-07-14T05:00:14.022+0000] {graph.py:799} INFO - Total nodes: 7
[2026-07-14T05:00:14.024+0000] {graph.py:800} INFO - Total filtered nodes: 7
[2026-07-14T05:00:14.025+0000] {converter.py:361} INFO - Cosmos performance (dbt_silver_gold_incremental__transform_silver) - [b9944f21a9b7|1490]: It took 1.89s to parse the dbt project for DAG using dbt_ls_cache
[2026-07-14T05:00:14.031+0000] {converter.py:413} INFO - Cosmos performance (dbt_silver_gold_incremental__transform_silver) - [b9944f21a9b7|1490]: It took 0.00627s to build the Airflow DAG.
[2026-07-14T05:00:14.033+0000] {converter.py:420} INFO - ::endgroup::Cosmos DAG parsing logs
[2026-07-14T05:00:14.034+0000] {converter.py:314} INFO - ::group::Cosmos DAG parsing logs
[2026-07-14T05:00:14.037+0000] {graph.py:869} INFO - Trying to parse the dbt project using dbt ls cache cosmos_cache__dbt_silver_gold_incremental__transform_gold...
[2026-07-14T05:00:16.144+0000] {cache.py:383} INFO - Cosmos performance: time to calculate cache identifier cosmos_cache__dbt_silver_gold_incremental__transform_gold for current version: 2.097992566001267
[2026-07-14T05:00:16.145+0000] {graph.py:886} INFO - Cosmos performance [b9944f21a9b7|1490]: The cache size for cosmos_cache__dbt_silver_gold_incremental__transform_gold is 35628
[2026-07-14T05:00:16.148+0000] {graph.py:898} INFO - Cosmos performance: Cache hit for cosmos_cache__dbt_silver_gold_incremental__transform_gold - 02ab851da9e5185d53b57d02face4d44,304321e940a9403dceb380589bd0566f
[2026-07-14T05:00:16.149+0000] {graph.py:799} INFO - Total nodes: 39
[2026-07-14T05:00:16.151+0000] {graph.py:800} INFO - Total filtered nodes: 39
[2026-07-14T05:00:16.152+0000] {converter.py:361} INFO - Cosmos performance (dbt_silver_gold_incremental__transform_gold) - [b9944f21a9b7|1490]: It took 2.11s to parse the dbt project for DAG using dbt_ls_cache
[2026-07-14T05:00:16.181+0000] {converter.py:413} INFO - Cosmos performance (dbt_silver_gold_incremental__transform_gold) - [b9944f21a9b7|1490]: It took 0.0291s to build the Airflow DAG.
[2026-07-14T05:00:16.182+0000] {converter.py:420} INFO - ::endgroup::Cosmos DAG parsing logs
[2026-07-14T05:00:16.184+0000] {converter.py:314} INFO - ::group::Cosmos DAG parsing logs
[2026-07-14T05:00:16.187+0000] {graph.py:869} INFO - Trying to parse the dbt project using dbt ls cache cosmos_cache__dbt_silver_gold_full_load__transform_silver...
[2026-07-14T05:00:18.329+0000] {cache.py:383} INFO - Cosmos performance: time to calculate cache identifier cosmos_cache__dbt_silver_gold_full_load__transform_silver for current version: 2.1328839210000297
[2026-07-14T05:00:18.330+0000] {graph.py:886} INFO - Cosmos performance [b9944f21a9b7|1490]: The cache size for cosmos_cache__dbt_silver_gold_full_load__transform_silver is 5952
[2026-07-14T05:00:18.331+0000] {graph.py:898} INFO - Cosmos performance: Cache hit for cosmos_cache__dbt_silver_gold_full_load__transform_silver - 02ab851da9e5185d53b57d02face4d44,5e34606eb5f2b3dea81a8e19fa3ba138
[2026-07-14T05:00:18.332+0000] {graph.py:799} INFO - Total nodes: 7
[2026-07-14T05:00:18.333+0000] {graph.py:800} INFO - Total filtered nodes: 7
[2026-07-14T05:00:18.334+0000] {converter.py:361} INFO - Cosmos performance (dbt_silver_gold_full_load__transform_silver) - [b9944f21a9b7|1490]: It took 2.15s to parse the dbt project for DAG using dbt_ls_cache
[2026-07-14T05:00:18.342+0000] {converter.py:413} INFO - Cosmos performance (dbt_silver_gold_full_load__transform_silver) - [b9944f21a9b7|1490]: It took 0.00803s to build the Airflow DAG.
[2026-07-14T05:00:18.343+0000] {converter.py:420} INFO - ::endgroup::Cosmos DAG parsing logs
[2026-07-14T05:00:18.344+0000] {converter.py:314} INFO - ::group::Cosmos DAG parsing logs
[2026-07-14T05:00:18.347+0000] {graph.py:869} INFO - Trying to parse the dbt project using dbt ls cache cosmos_cache__dbt_silver_gold_full_load__transform_gold...
[2026-07-14T05:00:20.571+0000] {cache.py:383} INFO - Cosmos performance: time to calculate cache identifier cosmos_cache__dbt_silver_gold_full_load__transform_gold for current version: 2.215475768000033
[2026-07-14T05:00:20.572+0000] {graph.py:886} INFO - Cosmos performance [b9944f21a9b7|1490]: The cache size for cosmos_cache__dbt_silver_gold_full_load__transform_gold is 35628
[2026-07-14T05:00:20.574+0000] {graph.py:898} INFO - Cosmos performance: Cache hit for cosmos_cache__dbt_silver_gold_full_load__transform_gold - 02ab851da9e5185d53b57d02face4d44,304321e940a9403dceb380589bd0566f
[2026-07-14T05:00:20.576+0000] {graph.py:799} INFO - Total nodes: 39
[2026-07-14T05:00:20.577+0000] {graph.py:800} INFO - Total filtered nodes: 39
[2026-07-14T05:00:20.577+0000] {converter.py:361} INFO - Cosmos performance (dbt_silver_gold_full_load__transform_gold) - [b9944f21a9b7|1490]: It took 2.23s to parse the dbt project for DAG using dbt_ls_cache
[2026-07-14T05:00:20.610+0000] {converter.py:413} INFO - Cosmos performance (dbt_silver_gold_full_load__transform_gold) - [b9944f21a9b7|1490]: It took 0.0323s to build the Airflow DAG.
[2026-07-14T05:00:20.611+0000] {converter.py:420} INFO - ::endgroup::Cosmos DAG parsing logs
[2026-07-14T05:00:21.563+0000] {logging_mixin.py:190} INFO - 05:00:21  Installing dbt-labs/dbt_utils
[2026-07-14T05:00:22.192+0000] {logging_mixin.py:190} INFO - 05:00:22  Installed from version 1.3.0
[2026-07-14T05:00:22.193+0000] {logging_mixin.py:190} INFO - 05:00:22  Updated version available: 1.4.1
[2026-07-14T05:00:22.195+0000] {logging_mixin.py:190} INFO - 05:00:22  Installing metaplane/dbt_expectations
[2026-07-14T05:00:23.119+0000] {logging_mixin.py:190} INFO - 05:00:23  Installed from version 0.10.8
[2026-07-14T05:00:23.121+0000] {logging_mixin.py:190} INFO - 05:00:23  Updated version available: 0.10.10
[2026-07-14T05:00:23.123+0000] {logging_mixin.py:190} INFO - 05:00:23  Installing godatadriven/dbt_date
[2026-07-14T05:00:23.681+0000] {logging_mixin.py:190} INFO - 05:00:23  Installed from version 0.15.0
[2026-07-14T05:00:23.683+0000] {logging_mixin.py:190} INFO - 05:00:23  Up to date!
[2026-07-14T05:00:23.685+0000] {logging_mixin.py:190} INFO - 05:00:23
[2026-07-14T05:00:23.687+0000] {logging_mixin.py:190} INFO - 05:00:23  Updates available for packages: ['dbt-labs/dbt_utils', 'metaplane/dbt_expectations']                 
Update your versions in packages.yml, then run dbt deps
[2026-07-14T05:00:25.684+0000] {runner.py:95} INFO - Trying to run dbtRunner with:
 ['run', '--select', 'fqn:consumer_complaints_transformation.staging.stg__consumer_complaints', '--project-dir', '/tmp/tmp7i9wk9rg', '--profiles-dir', '/opt/airflow/dbt_transform', '--profile', 'lakehouse_dbt', '--target', 'dev', '--no-static-parser']
 in /tmp/tmp7i9wk9rg
[2026-07-14T05:00:25.713+0000] {logging_mixin.py:190} INFO - 05:00:25  Running with dbt=1.8.8
[2026-07-14T05:00:25.744+0000] {auth.py:343} INFO - keyring module not found. OAuth2 token will not be stored in keyring.
[2026-07-14T05:00:25.748+0000] {auth.py:343} INFO - keyring module not found. OAuth2 token will not be stored in keyring.
[2026-07-14T05:00:25.851+0000] {logging_mixin.py:190} INFO - 05:00:25  Registered adapter: trino=1.8.5
[2026-07-14T05:00:26.028+0000] {logging_mixin.py:190} INFO - 05:00:26  Unable to do partial parsing because saved manifest not found. Starting full parse.
[2026-07-14T05:00:27.574+0000] {logging_mixin.py:190} INFO - 05:00:27  [WARNING]: Deprecated functionality
The `tests` config has been renamed to `data_tests`. Please see
https://docs.getdbt.com/docs/build/data-tests#new-data_tests-syntax for more
information.
[2026-07-14T05:00:28.280+0000] {logging_mixin.py:190} INFO - 05:00:28  Found 8 models, 40 data tests, 1 source, 9 metrics, 838 macros, 5 semantic models
[2026-07-14T05:00:28.283+0000] {logging_mixin.py:190} INFO - 05:00:28
[2026-07-14T05:00:28.308+0000] {logging_mixin.py:190} INFO - 05:00:28  [WARNING]: SSL certificate validation is disabled by default. It is legacy behavior which will be changed in future releases. It is strongly advised to enable `require_certificate_validation` flag or explicitly set `cert` configuration to `True` for security reasons. You may receive an error after that if your SSL setup is incorrect.
You may opt into the new behavior sooner by setting `flags.require_certificate_validation` to `True` in `dbt_project.yml`.
Visit https://docs.getdbt.com/reference/global-configs/behavior-changes for more information.
[2026-07-14T05:00:28.966+0000] {logging_mixin.py:190} INFO - 05:00:28  Concurrency: 4 threads (target='dev')
[2026-07-14T05:00:28.968+0000] {logging_mixin.py:190} INFO - 05:00:28
[2026-07-14T05:00:28.976+0000] {logging_mixin.py:190} INFO - 05:00:28  1 of 1 START sql incremental model silver.stg__consumer_complaints ............. [RUN]
[2026-07-14T05:00:31.356+0000] {logging_mixin.py:190} INFO - 05:00:31  1 of 1 OK created sql incremental model silver.stg__consumer_complaints ........ [CREATE TABLE (7 rows) in 2.38s]
[2026-07-14T05:00:31.361+0000] {logging_mixin.py:190} INFO - 05:00:31
[2026-07-14T05:00:31.363+0000] {logging_mixin.py:190} INFO - 05:00:31  Finished running 1 incremental model in 0 hours 0 minutes and 3.08 seconds (3.08s).
[2026-07-14T05:00:31.412+0000] {logging_mixin.py:190} INFO - 05:00:31
[2026-07-14T05:00:31.414+0000] {logging_mixin.py:190} INFO - 05:00:31  Completed successfully
[2026-07-14T05:00:31.416+0000] {logging_mixin.py:190} INFO - 05:00:31
[2026-07-14T05:00:31.418+0000] {logging_mixin.py:190} INFO - 05:00:31  Done. PASS=1 WARN=0 ERROR=0 SKIP=0 TOTAL=1
[2026-07-14T05:00:32.625+0000] {local.py:196} WARNING - Artifact schema version: https://schemas.getdbt.com/dbt/manifest/v12.json is above dbt-ol supported version 7. This might cause errors.
[2026-07-14T05:00:32.633+0000] {local.py:594} INFO - Inlets: []
[2026-07-14T05:00:32.634+0000] {local.py:595} INFO - Outlets: []
[2026-07-14T05:00:32.636+0000] {local.py:886} INFO - Assigning inlets/outlets with DatasetAlias in Airflow 2
[2026-07-14T05:00:32.688+0000] {taskinstance.py:340} INFO - ::group::Post task execution logs
[2026-07-14T05:00:32.690+0000] {taskinstance.py:352} INFO - Marking task as SUCCESS. dag_id=dbt_silver_gold_incremental, task_id=transform_silver.stg__consumer_complaints.run, run_id=manual__2026-07-14T05:00:00.818467+00:00, execution_date=20260714T050000, start_date=20260714T050010, end_date=20260714T050032
[2026-07-14T05:00:33.512+0000] {_client.py:1026} INFO - HTTP Request: GET https://astronomer.gateway.scarf.sh/astronomer-cosmos/v3/task_instance?cosmos_version=1.15.0&airflow_version=2.10.2&python_version=3.10.15&platform_system=Linux&platform_machine=x86_64&status=success&operator_name=DbtRunLocalOperator&is_cosmos_operator_subclass=False&invocation_mode=dbt_runner&execution_mode=local&profile_strategy=yaml_file&profile_mapping_class=None&database=trino&is_mapped_task=False&dbt_command=run&install_deps=True&has_callback=False&duration=21.87773 "HTTP/1.1 200 OK"
[2026-07-14T05:00:33.534+0000] {local_task_job_runner.py:266} INFO - Task exited with return code 0
[2026-07-14T05:00:33.564+0000] {taskinstance.py:3900} INFO - 0 downstream tasks scheduled from follow-on schedule check
[2026-07-14T05:00:33.566+0000] {local_task_job_runner.py:245} INFO - ::endgroup::
