[2026-08-05T04:22:05.588+0000] {local_task_job_runner.py:123} INFO - ::group::Pre task execution logs
[2026-08-05T04:22:05.612+0000] {taskinstance.py:2612} INFO - Dependencies all met for dep_context=non-requeueable deps ti=<TaskInstance: logistics_orders_full_load.extract_and_upload_city_full manual__2026-08-05T04:22:01.040981+00:00 map_index=0 [queued]>
[2026-08-05T04:22:05.623+0000] {taskinstance.py:2612} INFO - Dependencies all met for dep_context=requeueable deps ti=<TaskInstance: logistics_orders_full_load.extract_and_upload_city_full manual__2026-08-05T04:22:01.040981+00:00 map_index=0 [queued]>
[2026-08-05T04:22:05.625+0000] {taskinstance.py:2865} INFO - Starting attempt 1 of 1
[2026-08-05T04:22:05.636+0000] {taskinstance.py:2888} INFO - Executing <Mapped(_PythonDecoratedOperator): extract_and_upload_city_full> on 2026-08-05 04:22:01.040981+00:00
[2026-08-05T04:22:05.643+0000] {standard_task_runner.py:72} INFO - Started process 473 to run task
[2026-08-05T04:22:05.646+0000] {standard_task_runner.py:104} INFO - Running: ['airflow', 'tasks', 'run', 'logistics_orders_full_load', 'extract_and_upload_city_full', 'manual__2026-08-05T04:22:01.040981+00:00', '--job-id', '7', '--raw', '--subdir', 'DAGS_FOLDER/logistics_full_load.py', '--cfg-path', '/tmp/tmpqbznzods', '--map-index', '0']
[2026-08-05T04:22:05.649+0000] {standard_task_runner.py:105} INFO - Job 7: Subtask extract_and_upload_city_full
[2026-08-05T04:22:05.731+0000] {task_command.py:467} INFO - Running <TaskInstance: logistics_orders_full_load.extract_and_upload_city_full manual__2026-08-05T04:22:01.040981+00:00 map_index=0 [running]> on host cc5b3f281162
[2026-08-05T04:22:05.838+0000] {taskinstance.py:3131} INFO - Exporting env vars: AIRFLOW_CTX_DAG_OWNER='airflow' AIRFLOW_CTX_DAG_ID='logistics_orders_full_load' AIRFLOW_CTX_TASK_ID='extract_and_upload_city_full' AIRFLOW_CTX_EXECUTION_DATE='2026-08-05T04:22:01.040981+00:00' AIRFLOW_CTX_TRY_NUMBER='1' AIRFLOW_CTX_DAG_RUN_ID='manual__2026-08-05T04:22:01.040981+00:00'
[2026-08-05T04:22:05.841+0000] {taskinstance.py:731} INFO - ::endgroup::
[2026-08-05T04:22:05.849+0000] {orders_api_client.py:92} INFO - Khởi tạo luồng kéo dữ liệu Batch cho city_id: SGN
[2026-08-05T04:22:13.614+0000] {orders_api_client.py:97} INFO - ✅ HOÀN TẤT: Đã lấy 10000 bản ghi từ Batch API.
[2026-08-05T04:22:14.413+0000] {minio_loader.py:139} INFO - 📤 Đang upload full_2026-08-05_sgn_orders.json lên s3://lakehouse/landing/logistics_orders/run_date=2026-08-05/full_2026-08-05_sgn_orders.json
[2026-08-05T04:22:14.416+0000] {crypto.py:82} WARNING - empty cryptography key - values will not be stored encrypted.
[2026-08-05T04:22:14.418+0000] {base.py:84} INFO - Retrieving connection 'minio_default'
[2026-08-05T04:22:14.420+0000] {connection_wrapper.py:388} INFO - AWS Connection (conn_id='minio_default', conn_type='aws') credentials retrieved from login and ***.
[2026-08-05T04:22:15.113+0000] {python.py:240} INFO - Done. Returned value was: 10000
[2026-08-05T04:22:15.145+0000] {taskinstance.py:340} INFO - ::group::Post task execution logs
[2026-08-05T04:22:15.147+0000] {taskinstance.py:352} INFO - Marking task as SUCCESS. dag_id=logistics_orders_full_load, task_id=extract_and_upload_city_full, run_id=manual__2026-08-05T04:22:01.040981+00:00, map_index=0, execution_date=20260805T042201, start_date=20260805T042205, end_date=20260805T042215
[2026-08-05T04:22:15.200+0000] {local_task_job_runner.py:266} INFO - Task exited with return code 0
[2026-08-05T04:22:15.213+0000] {local_task_job_runner.py:245} INFO - ::endgroup::
