[2026-07-22T04:31:50.714+0000] {local_task_job_runner.py:123} INFO - ::group::Pre task execution logs
[2026-07-22T04:31:50.740+0000] {taskinstance.py:2612} INFO - Dependencies all met for dep_context=non-requeueable deps ti=<TaskInstance: lakehouse_full_compaction_pipeline.execute_optimize scheduled__2026-07-12T01:00:00+00:00 map_index=0 [queued]>
[2026-07-22T04:31:50.754+0000] {taskinstance.py:2612} INFO - Dependencies all met for dep_context=requeueable deps ti=<TaskInstance: lakehouse_full_compaction_pipeline.execute_optimize scheduled__2026-07-12T01:00:00+00:00 map_index=0 [queued]>
[2026-07-22T04:31:50.756+0000] {taskinstance.py:2865} INFO - Starting attempt 2 of 5
[2026-07-22T04:31:50.772+0000] {taskinstance.py:2888} INFO - Executing <Mapped(_PythonDecoratedOperator): execute_optimize> on 2026-07-12 01:00:00+00:00
[2026-07-22T04:31:50.780+0000] {standard_task_runner.py:72} INFO - Started process 4751 to run task
[2026-07-22T04:31:50.784+0000] {standard_task_runner.py:104} INFO - Running: ['airflow', 'tasks', 'run', 'lakehouse_full_compaction_pipeline', 'execute_optimize', 'scheduled__2026-07-12T01:00:00+00:00', '--job-id', '53', '--raw', '--subdir', 'DAGS_FOLDER/lakehouse_incremental_compaction_dag.py', '--cfg-path', '/tmp/tmp0xzosi16', '--map-index', '0']
[2026-07-22T04:31:50.785+0000] {standard_task_runner.py:105} INFO - Job 53: Subtask execute_optimize
[2026-07-22T04:31:50.873+0000] {task_command.py:467} INFO - Running <TaskInstance: lakehouse_full_compaction_pipeline.execute_optimize scheduled__2026-07-12T01:00:00+00:00 map_index=0 [running]> on host 46567f661dca
[2026-07-22T04:31:51.159+0000] {taskinstance.py:3131} INFO - Exporting env vars: AIRFLOW_CTX_DAG_OWNER='airflow' AIRFLOW_CTX_DAG_ID='lakehouse_full_compaction_pipeline' AIRFLOW_CTX_TASK_ID='execute_optimize' AIRFLOW_CTX_EXECUTION_DATE='2026-07-12T01:00:00+00:00' AIRFLOW_CTX_TRY_NUMBER='2' AIRFLOW_CTX_DAG_RUN_ID='scheduled__2026-07-12T01:00:00+00:00'
[2026-07-22T04:31:51.163+0000] {taskinstance.py:731} INFO - ::endgroup::
[2026-07-22T04:31:51.166+0000] {lakehouse_incremental_compaction_dag.py:121} INFO - Đang thực thi: ALTER TABLE lakehouse.bronze.raw_consumer_complaints EXECUTE optimize WHERE _ingest_time >= current_date - interval '2' day
[2026-07-22T04:31:51.169+0000] {base.py:84} INFO - Retrieving connection 'trino_default'
[2026-07-22T04:31:51.171+0000] {base.py:84} INFO - Retrieving connection 'trino_default'
[2026-07-22T04:31:51.175+0000] {sql.py:509} INFO - Running statement: ALTER TABLE lakehouse.bronze.raw_consumer_complaints EXECUTE optimize WHERE _ingest_time >= current_date - interval '2' day, parameters: None
[2026-07-22T04:31:51.863+0000] {python.py:240} INFO - Done. Returned value was: {'table': 'lakehouse.bronze.raw_consumer_complaints', 'layer': 'bronze', 'strategy': 'incremental_date', 'partition_col': '_ingest_time', 'lookback_days': 2, 'retention_days': '7d'}
[2026-07-22T04:31:51.991+0000] {taskinstance.py:340} INFO - ::group::Post task execution logs
[2026-07-22T04:31:51.994+0000] {taskinstance.py:352} INFO - Marking task as SUCCESS. dag_id=lakehouse_full_compaction_pipeline, task_id=execute_optimize, run_id=scheduled__2026-07-12T01:00:00+00:00, map_index=0, execution_date=20260712T010000, start_date=20260722T043150, end_date=20260722T043151
[2026-07-22T04:31:52.060+0000] {local_task_job_runner.py:266} INFO - Task exited with return code 0
[2026-07-22T04:31:52.184+0000] {taskinstance.py:3900} INFO - 0 downstream tasks scheduled from follow-on schedule check
[2026-07-22T04:31:52.189+0000] {local_task_job_runner.py:245} INFO - ::endgroup::
[2026-07-23T02:22:08.477+0000] {local_task_job_runner.py:123} INFO - ::group::Pre task execution logs
[2026-07-23T02:22:08.502+0000] {taskinstance.py:2612} INFO - Dependencies all met for dep_context=non-requeueable deps ti=<TaskInstance: lakehouse_full_compaction_pipeline.execute_optimize scheduled__2026-07-12T01:00:00+00:00 map_index=0 [queued]>
[2026-07-23T02:22:08.517+0000] {taskinstance.py:2612} INFO - Dependencies all met for dep_context=requeueable deps ti=<TaskInstance: lakehouse_full_compaction_pipeline.execute_optimize scheduled__2026-07-12T01:00:00+00:00 map_index=0 [queued]>
[2026-07-23T02:22:08.519+0000] {taskinstance.py:2865} INFO - Starting attempt 2 of 4
[2026-07-23T02:22:08.535+0000] {taskinstance.py:2888} INFO - Executing <Mapped(_PythonDecoratedOperator): execute_optimize> on 2026-07-12 01:00:00+00:00
[2026-07-23T02:22:08.540+0000] {standard_task_runner.py:72} INFO - Started process 4738 to run task
[2026-07-23T02:22:08.545+0000] {standard_task_runner.py:104} INFO - Running: ['airflow', 'tasks', 'run', 'lakehouse_full_compaction_pipeline', 'execute_optimize', 'scheduled__2026-07-12T01:00:00+00:00', '--job-id', '37', '--raw', '--subdir', 'DAGS_FOLDER/lakehouse_incremental_compaction_dag.py', '--cfg-path', '/tmp/tmpuwfp3pqj', '--map-index', '0']
[2026-07-23T02:22:08.547+0000] {standard_task_runner.py:105} INFO - Job 37: Subtask execute_optimize
[2026-07-23T02:22:08.650+0000] {task_command.py:467} INFO - Running <TaskInstance: lakehouse_full_compaction_pipeline.execute_optimize scheduled__2026-07-12T01:00:00+00:00 map_index=0 [running]> on host d0280eba3cdf
[2026-07-23T02:22:08.933+0000] {taskinstance.py:3131} INFO - Exporting env vars: AIRFLOW_CTX_DAG_OWNER='airflow' AIRFLOW_CTX_DAG_ID='lakehouse_full_compaction_pipeline' AIRFLOW_CTX_TASK_ID='execute_optimize' AIRFLOW_CTX_EXECUTION_DATE='2026-07-12T01:00:00+00:00' AIRFLOW_CTX_TRY_NUMBER='2' AIRFLOW_CTX_DAG_RUN_ID='scheduled__2026-07-12T01:00:00+00:00'
[2026-07-23T02:22:08.935+0000] {taskinstance.py:731} INFO - ::endgroup::
[2026-07-23T02:22:08.937+0000] {lakehouse_incremental_compaction_dag.py:123} INFO - Đang thực thi: ALTER TABLE lakehouse.bronze.raw_consumer_complaints EXECUTE optimize WHERE _ingest_time >= TIMESTAMP '2026-07-16 02:22:08 UTC'
[2026-07-23T02:22:08.939+0000] {base.py:84} INFO - Retrieving connection 'trino_default'
[2026-07-23T02:22:08.940+0000] {base.py:84} INFO - Retrieving connection 'trino_default'
[2026-07-23T02:22:08.943+0000] {sql.py:509} INFO - Running statement: ALTER TABLE lakehouse.bronze.raw_consumer_complaints EXECUTE optimize WHERE _ingest_time >= TIMESTAMP '2026-07-16 02:22:08 UTC', parameters: None
[2026-07-23T02:22:09.108+0000] {taskinstance.py:3310} ERROR - Task failed with exception
Traceback (most recent call last):
  File "/home/airflow/.local/lib/python3.10/site-packages/airflow/models/taskinstance.py", line 767, in _execute_task
    result = _execute_callable(context=context, **execute_callable_kwargs)
  File "/home/airflow/.local/lib/python3.10/site-packages/airflow/models/taskinstance.py", line 733, in _execute_callable
    return ExecutionCallableRunner(
  File "/home/airflow/.local/lib/python3.10/site-packages/airflow/utils/operator_helpers.py", line 252, in run
    return self.func(*args, **kwargs)
  File "/home/airflow/.local/lib/python3.10/site-packages/airflow/models/baseoperator.py", line 406, in wrapper
    return func(self, *args, **kwargs)
  File "/home/airflow/.local/lib/python3.10/site-packages/airflow/decorators/base.py", line 266, in execute
    return_value = super().execute(context)
  File "/home/airflow/.local/lib/python3.10/site-packages/airflow/models/baseoperator.py", line 406, in wrapper
    return func(self, *args, **kwargs)
  File "/home/airflow/.local/lib/python3.10/site-packages/airflow/operators/python.py", line 238, in execute
    return_value = self.execute_callable()
  File "/home/airflow/.local/lib/python3.10/site-packages/airflow/operators/python.py", line 256, in execute_callable
    return runner.run(*self.op_args, **self.op_kwargs)
  File "/home/airflow/.local/lib/python3.10/site-packages/airflow/utils/operator_helpers.py", line 252, in run
    return self.func(*args, **kwargs)
  File "/opt/airflow/dags/lakehouse_incremental_compaction_dag.py", line 124, in execute_optimize
    trino_hook.run(sql)
  File "/home/airflow/.local/lib/python3.10/site-packages/airflow/providers/common/sql/hooks/sql.py", line 456, in run
    self._run_command(cur, sql_statement, parameters)
  File "/home/airflow/.local/lib/python3.10/site-packages/airflow/providers/common/sql/hooks/sql.py", line 514, in _run_command
    cur.execute(sql_statement)
  File "/home/airflow/.local/lib/python3.10/site-packages/trino/dbapi.py", line 589, in execute
    self._iterator = iter(self._query.execute())
  File "/home/airflow/.local/lib/python3.10/site-packages/trino/client.py", line 819, in execute
    self._result.rows += self.fetch()
  File "/home/airflow/.local/lib/python3.10/site-packages/trino/client.py", line 839, in fetch
    status = self._request.process(response)
  File "/home/airflow/.local/lib/python3.10/site-packages/trino/client.py", line 611, in process
    raise self._process_error(response["error"], response.get("id"))
trino.exceptions.TrinoQueryError: TrinoQueryError(type=INTERNAL_ERROR, name=GENERIC_INTERNAL_ERROR, message="Unexpected FilterNode found in plan; probably connector was not able to handle provided WHERE expression", query_id=20260723_021359_00107_z5mxm)
[2026-07-23T02:22:09.142+0000] {taskinstance.py:1225} INFO - Marking task as UP_FOR_RETRY. dag_id=lakehouse_full_compaction_pipeline, task_id=execute_optimize, run_id=scheduled__2026-07-12T01:00:00+00:00, map_index=0, execution_date=20260712T010000, start_date=20260723T022208, end_date=20260723T022209
[2026-07-23T02:22:09.170+0000] {taskinstance.py:340} INFO - ::group::Post task execution logs
[2026-07-23T02:22:09.172+0000] {standard_task_runner.py:124} ERROR - Failed to execute job 37 for task execute_optimize (TrinoQueryError(type=INTERNAL_ERROR, name=GENERIC_INTERNAL_ERROR, message="Unexpected FilterNode found in plan; probably connector was not able to handle provided WHERE expression", query_id=20260723_021359_00107_z5mxm); 4738)
Traceback (most recent call last):
  File "/home/airflow/.local/lib/python3.10/site-packages/airflow/task/task_runner/standard_task_runner.py", line 117, in _start_by_fork
    ret = args.func(args, dag=self.dag)
  File "/home/airflow/.local/lib/python3.10/site-packages/airflow/cli/cli_config.py", line 49, in command
    return func(*args, **kwargs)
  File "/home/airflow/.local/lib/python3.10/site-packages/airflow/utils/cli.py", line 115, in wrapper
    return f(*args, **kwargs)
  File "/home/airflow/.local/lib/python3.10/site-packages/airflow/cli/commands/task_command.py", line 483, in task_run
    task_return_code = _run_task_by_selected_method(args, _dag, ti)
  File "/home/airflow/.local/lib/python3.10/site-packages/airflow/cli/commands/task_command.py", line 256, in _run_task_by_selected_method
    return _run_raw_task(args, ti)
  File "/home/airflow/.local/lib/python3.10/site-packages/airflow/cli/commands/task_command.py", line 341, in _run_raw_task
    return ti._run_raw_task(
  File "/home/airflow/.local/lib/python3.10/site-packages/airflow/utils/session.py", line 97, in wrapper
    return func(*args, session=session, **kwargs)
  File "/home/airflow/.local/lib/python3.10/site-packages/airflow/models/taskinstance.py", line 3004, in _run_raw_task
    return _run_raw_task(
  File "/home/airflow/.local/lib/python3.10/site-packages/airflow/models/taskinstance.py", line 273, in _run_raw_task
    TaskInstance._execute_task_with_callbacks(
  File "/home/airflow/.local/lib/python3.10/site-packages/airflow/models/taskinstance.py", line 3158, in _execute_task_with_callbacks
    result = self._execute_task(context, task_orig)
  File "/home/airflow/.local/lib/python3.10/site-packages/airflow/models/taskinstance.py", line 3182, in _execute_task
    return _execute_task(self, context, task_orig)
  File "/home/airflow/.local/lib/python3.10/site-packages/airflow/models/taskinstance.py", line 767, in _execute_task
    result = _execute_callable(context=context, **execute_callable_kwargs)
  File "/home/airflow/.local/lib/python3.10/site-packages/airflow/models/taskinstance.py", line 733, in _execute_callable
    return ExecutionCallableRunner(
  File "/home/airflow/.local/lib/python3.10/site-packages/airflow/utils/operator_helpers.py", line 252, in run
    return self.func(*args, **kwargs)
  File "/home/airflow/.local/lib/python3.10/site-packages/airflow/models/baseoperator.py", line 406, in wrapper
    return func(self, *args, **kwargs)
  File "/home/airflow/.local/lib/python3.10/site-packages/airflow/decorators/base.py", line 266, in execute
    return_value = super().execute(context)
  File "/home/airflow/.local/lib/python3.10/site-packages/airflow/models/baseoperator.py", line 406, in wrapper
    return func(self, *args, **kwargs)
  File "/home/airflow/.local/lib/python3.10/site-packages/airflow/operators/python.py", line 238, in execute
    return_value = self.execute_callable()
  File "/home/airflow/.local/lib/python3.10/site-packages/airflow/operators/python.py", line 256, in execute_callable
    return runner.run(*self.op_args, **self.op_kwargs)
  File "/home/airflow/.local/lib/python3.10/site-packages/airflow/utils/operator_helpers.py", line 252, in run
    return self.func(*args, **kwargs)
  File "/opt/airflow/dags/lakehouse_incremental_compaction_dag.py", line 124, in execute_optimize
    trino_hook.run(sql)
  File "/home/airflow/.local/lib/python3.10/site-packages/airflow/providers/common/sql/hooks/sql.py", line 456, in run
    self._run_command(cur, sql_statement, parameters)
  File "/home/airflow/.local/lib/python3.10/site-packages/airflow/providers/common/sql/hooks/sql.py", line 514, in _run_command
    cur.execute(sql_statement)
  File "/home/airflow/.local/lib/python3.10/site-packages/trino/dbapi.py", line 589, in execute
    self._iterator = iter(self._query.execute())
  File "/home/airflow/.local/lib/python3.10/site-packages/trino/client.py", line 819, in execute
    self._result.rows += self.fetch()
  File "/home/airflow/.local/lib/python3.10/site-packages/trino/client.py", line 839, in fetch
    status = self._request.process(response)
  File "/home/airflow/.local/lib/python3.10/site-packages/trino/client.py", line 611, in process
    raise self._process_error(response["error"], response.get("id"))
trino.exceptions.TrinoQueryError: TrinoQueryError(type=INTERNAL_ERROR, name=GENERIC_INTERNAL_ERROR, message="Unexpected FilterNode found in plan; probably connector was not able to handle provided WHERE expression", query_id=20260723_021359_00107_z5mxm)
[2026-07-23T02:22:09.202+0000] {local_task_job_runner.py:266} INFO - Task exited with return code 1
[2026-07-23T02:22:09.222+0000] {taskinstance.py:3900} INFO - 0 downstream tasks scheduled from follow-on schedule check
[2026-07-23T02:22:09.225+0000] {local_task_job_runner.py:245} INFO - ::endgroup::
