[2026-07-23T02:47:57.963+0000] {local_task_job_runner.py:123} INFO - ::group::Pre task execution logs
[2026-07-23T02:47:57.990+0000] {taskinstance.py:2612} INFO - Dependencies all met for dep_context=non-requeueable deps ti=<TaskInstance: lakehouse_full_compaction_pipeline.execute_optimize scheduled__2026-07-12T01:00:00+00:00 map_index=0 [queued]>
[2026-07-23T02:47:58.003+0000] {taskinstance.py:2612} INFO - Dependencies all met for dep_context=requeueable deps ti=<TaskInstance: lakehouse_full_compaction_pipeline.execute_optimize scheduled__2026-07-12T01:00:00+00:00 map_index=0 [queued]>
[2026-07-23T02:47:58.005+0000] {taskinstance.py:2865} INFO - Starting attempt 6 of 9
[2026-07-23T02:47:58.018+0000] {taskinstance.py:2888} INFO - Executing <Mapped(_PythonDecoratedOperator): execute_optimize> on 2026-07-12 01:00:00+00:00
[2026-07-23T02:47:58.025+0000] {standard_task_runner.py:72} INFO - Started process 974 to run task
[2026-07-23T02:47:58.029+0000] {standard_task_runner.py:104} INFO - Running: ['airflow', 'tasks', 'run', 'lakehouse_full_compaction_pipeline', 'execute_optimize', 'scheduled__2026-07-12T01:00:00+00:00', '--job-id', '58', '--raw', '--subdir', 'DAGS_FOLDER/lakehouse_incremental_compaction_dag.py', '--cfg-path', '/tmp/tmpwa6moj5p', '--map-index', '0']
[2026-07-23T02:47:58.033+0000] {standard_task_runner.py:105} INFO - Job 58: Subtask execute_optimize
[2026-07-23T02:47:58.122+0000] {task_command.py:467} INFO - Running <TaskInstance: lakehouse_full_compaction_pipeline.execute_optimize scheduled__2026-07-12T01:00:00+00:00 map_index=0 [running]> on host 83fc7925a92f
[2026-07-23T02:47:58.387+0000] {taskinstance.py:3131} INFO - Exporting env vars: AIRFLOW_CTX_DAG_OWNER='airflow' AIRFLOW_CTX_DAG_ID='lakehouse_full_compaction_pipeline' AIRFLOW_CTX_TASK_ID='execute_optimize' AIRFLOW_CTX_EXECUTION_DATE='2026-07-12T01:00:00+00:00' AIRFLOW_CTX_TRY_NUMBER='6' AIRFLOW_CTX_DAG_RUN_ID='scheduled__2026-07-12T01:00:00+00:00'
[2026-07-23T02:47:58.389+0000] {taskinstance.py:731} INFO - ::endgroup::
[2026-07-23T02:47:58.392+0000] {lakehouse_incremental_compaction_dag.py:126} INFO - ==================================================
[2026-07-23T02:47:58.393+0000] {lakehouse_incremental_compaction_dag.py:127} INFO - 🚀 BẮT ĐẦU OPTIMIZE: lakehouse.bronze.raw_consumer_complaints
[2026-07-23T02:47:58.394+0000] {lakehouse_incremental_compaction_dag.py:128} INFO - ⚙️ Chiến lược: incremental_date
[2026-07-23T02:47:58.395+0000] {lakehouse_incremental_compaction_dag.py:129} INFO - 📝 DDL: ALTER TABLE lakehouse.bronze.raw_consumer_complaints EXECUTE optimize WHERE _ingest_time >= TIMESTAMP '2026-07-16 00:00:00 UTC'
[2026-07-23T02:47:58.396+0000] {lakehouse_incremental_compaction_dag.py:130} INFO - ==================================================
[2026-07-23T02:47:58.397+0000] {base.py:84} INFO - Retrieving connection 'trino_default'
[2026-07-23T02:47:58.399+0000] {base.py:84} INFO - Retrieving connection 'trino_default'
[2026-07-23T02:47:58.403+0000] {sql.py:509} INFO - Running statement: ALTER TABLE lakehouse.bronze.raw_consumer_complaints EXECUTE optimize WHERE _ingest_time >= TIMESTAMP '2026-07-16 00:00:00 UTC', parameters: None
[2026-07-23T02:48:01.912+0000] {lakehouse_incremental_compaction_dag.py:139} INFO - ✅ Hoàn thành truy vấn trong 3.51 giây.
[2026-07-23T02:48:01.914+0000] {lakehouse_incremental_compaction_dag.py:151} INFO - ℹ️ KẾT QUẢ: Không có dữ liệu trả về hoặc không có file nào được tác động.
[2026-07-23T02:48:01.915+0000] {lakehouse_incremental_compaction_dag.py:159} INFO - 🏁 Đã bảo trì xong metadata cho lakehouse.bronze.raw_consumer_complaints.
[2026-07-23T02:48:01.917+0000] {python.py:240} INFO - Done. Returned value was: {'table': 'lakehouse.bronze.raw_consumer_complaints', 'layer': 'bronze', 'strategy': 'incremental_date', 'partition_col': '_ingest_time', 'lookback_days': 7, 'retention_days': '7d'}
[2026-07-23T02:48:01.984+0000] {taskinstance.py:340} INFO - ::group::Post task execution logs
[2026-07-23T02:48:01.986+0000] {taskinstance.py:352} INFO - Marking task as SUCCESS. dag_id=lakehouse_full_compaction_pipeline, task_id=execute_optimize, run_id=scheduled__2026-07-12T01:00:00+00:00, map_index=0, execution_date=20260712T010000, start_date=20260723T024757, end_date=20260723T024801
[2026-07-23T02:48:02.026+0000] {local_task_job_runner.py:266} INFO - Task exited with return code 0
[2026-07-23T02:48:02.052+0000] {taskinstance.py:3900} INFO - 0 downstream tasks scheduled from follow-on schedule check
[2026-07-23T02:48:02.057+0000] {local_task_job_runner.py:245} INFO - ::endgroup::
