[2026-07-01T03:07:00.375+0000] {taskinstance.py:1979} INFO - Dependencies all met for dep_context=non-requeueable deps ti=<TaskInstance: dbt_silver_transform.dim_issues.run manual__2026-07-01T03:06:08.441779+00:00 [queued]>
[2026-07-01T03:07:00.388+0000] {taskinstance.py:1979} INFO - Dependencies all met for dep_context=requeueable deps ti=<TaskInstance: dbt_silver_transform.dim_issues.run manual__2026-07-01T03:06:08.441779+00:00 [queued]>
[2026-07-01T03:07:00.388+0000] {taskinstance.py:2193} INFO - Starting attempt 1 of 1
[2026-07-01T03:07:00.404+0000] {taskinstance.py:2214} INFO - Executing <Task(DbtRunLocalOperator): dim_issues.run> on 2026-07-01 03:06:08.441779+00:00
[2026-07-01T03:07:00.414+0000] {standard_task_runner.py:60} INFO - Started process 928 to run task
[2026-07-01T03:07:00.421+0000] {standard_task_runner.py:87} INFO - Running: ['airflow', 'tasks', 'run', 'dbt_silver_transform', 'dim_issues.run', 'manual__2026-07-01T03:06:08.441779+00:00', '--job-id', '13', '--raw', '--subdir', 'DAGS_FOLDER/dbt_silver_dag.py', '--cfg-path', '/tmp/tmpdkt_ymm_']
[2026-07-01T03:07:00.427+0000] {standard_task_runner.py:88} INFO - Job 13: Subtask dim_issues.run
[2026-07-01T03:07:00.541+0000] {task_command.py:423} INFO - Running <TaskInstance: dbt_silver_transform.dim_issues.run manual__2026-07-01T03:06:08.441779+00:00 [running]> on host d0f85a50725b
[2026-07-01T03:07:01.261+0000] {taskinstance.py:2510} INFO - Exporting env vars: AIRFLOW_CTX_DAG_OWNER='airflow' AIRFLOW_CTX_DAG_ID='dbt_silver_transform' AIRFLOW_CTX_TASK_ID='dim_issues.run' AIRFLOW_CTX_EXECUTION_DATE='2026-07-01T03:06:08.441779+00:00' AIRFLOW_CTX_TRY_NUMBER='1' AIRFLOW_CTX_DAG_RUN_ID='manual__2026-07-01T03:06:08.441779+00:00'
[2026-07-01T03:07:02.861+0000] {local.py:244} INFO - dbtRunner is available. Using dbtRunner for invoking dbt.
[2026-07-01T03:07:02.863+0000] {local.py:464} INFO - Cloning project to writable temp directory /tmp/tmpb11klg5z from /opt/airflow/dbt_transform
[2026-07-01T03:07:02.877+0000] {local.py:484} INFO - Partial parse is enabled and the latest partial parse file is /tmp/cosmos/dbt_silver_transform/target/partial_parse.msgpack
[2026-07-01T03:07:02.926+0000] {config.py:360} INFO - Using user-supplied profiles.yml at /opt/airflow/dbt_transform/profiles.yml
[2026-07-01T03:07:02.941+0000] {runner.py:60} INFO - Trying to run dbtRunner with:
 ['deps', '--project-dir', '/tmp/tmpb11klg5z', '--profiles-dir', '/opt/airflow/dbt_transform', '--profile', 'lakehouse_dbt', '--target', 'dev', '--no-static-parser']
 in /tmp/tmpb11klg5z
[2026-07-01T03:07:03.059+0000] {logging_mixin.py:188} INFO - 03:07:03  Running with dbt=1.8.7
[2026-07-01T03:07:03.217+0000] {graph.py:611} INFO - Trying to parse the dbt project using dbt ls cache cosmos_cache__dbt_silver_transform...
[2026-07-01T03:07:05.128+0000] {cache.py:320} INFO - Cosmos performance: time to calculate cache identifier cosmos_cache__dbt_silver_transform for current version: 1.8925778020002326
[2026-07-01T03:07:05.128+0000] {graph.py:628} INFO - Cosmos performance [d0f85a50725b|928]: The cache size for cosmos_cache__dbt_silver_transform is 28858
[2026-07-01T03:07:05.130+0000] {graph.py:636} INFO - Cosmos performance: Cache hit for cosmos_cache__dbt_silver_transform - 2f9e5d9673ea80ac326b267b22fd4057,d41d8cd98f00b204e9800998ecf8427e
[2026-07-01T03:07:05.131+0000] {graph.py:561} INFO - Total nodes: 34
[2026-07-01T03:07:05.131+0000] {graph.py:562} INFO - Total filtered nodes: 34
[2026-07-01T03:07:05.132+0000] {converter.py:291} INFO - Cosmos performance (dbt_silver_transform) -  [d0f85a50725b|928]: It took 1.91s to parse the dbt project for DAG using LoadMode.DBT_LS_CACHE
[2026-07-01T03:07:05.167+0000] {converter.py:336} INFO - Cosmos performance (dbt_silver_transform) - [d0f85a50725b|928]: It took 0.0352s to build the Airflow DAG.
[2026-07-01T03:07:05.944+0000] {logging_mixin.py:188} INFO - 03:07:05  Installing dbt-labs/dbt_utils
[2026-07-01T03:07:06.512+0000] {logging_mixin.py:188} INFO - 03:07:06  Installed from version 1.3.0
[2026-07-01T03:07:06.514+0000] {logging_mixin.py:188} INFO - 03:07:06  Updated version available: 1.4.1
[2026-07-01T03:07:06.516+0000] {logging_mixin.py:188} INFO - 03:07:06  Installing metaplane/dbt_expectations
[2026-07-01T03:07:07.750+0000] {logging_mixin.py:188} INFO - 03:07:07  Installed from version 0.10.8
[2026-07-01T03:07:07.751+0000] {logging_mixin.py:188} INFO - 03:07:07  Updated version available: 0.10.10
[2026-07-01T03:07:07.753+0000] {logging_mixin.py:188} INFO - 03:07:07  Installing godatadriven/dbt_date
[2026-07-01T03:07:08.307+0000] {logging_mixin.py:188} INFO - 03:07:08  Installed from version 0.15.0
[2026-07-01T03:07:08.308+0000] {logging_mixin.py:188} INFO - 03:07:08  Up to date!
[2026-07-01T03:07:08.310+0000] {logging_mixin.py:188} INFO - 03:07:08
[2026-07-01T03:07:08.311+0000] {logging_mixin.py:188} INFO - 03:07:08  Updates available for packages: ['dbt-labs/dbt_utils', 'metaplane/dbt_expectations']                 
Update your versions in packages.yml, then run dbt deps
[2026-07-01T03:07:09.343+0000] {runner.py:60} INFO - Trying to run dbtRunner with:
 ['run', '--models', 'dim_issues', '--project-dir', '/tmp/tmpb11klg5z', '--profiles-dir', '/opt/airflow/dbt_transform', '--profile', 'lakehouse_dbt', '--target', 'dev', '--no-static-parser']
 in /tmp/tmpb11klg5z
[2026-07-01T03:07:09.367+0000] {logging_mixin.py:188} INFO - 03:07:09  Running with dbt=1.8.7
[2026-07-01T03:07:09.410+0000] {auth.py:343} INFO - keyring module not found. OAuth2 token will not be stored in keyring.
[2026-07-01T03:07:09.413+0000] {auth.py:343} INFO - keyring module not found. OAuth2 token will not be stored in keyring.
[2026-07-01T03:07:09.547+0000] {logging_mixin.py:188} INFO - 03:07:09  Registered adapter: trino=1.8.5
[2026-07-01T03:07:11.122+0000] {logging_mixin.py:188} INFO - 03:07:11  Found 7 models, 26 data tests, 1 source, 838 macros
[2026-07-01T03:07:11.126+0000] {logging_mixin.py:188} INFO - 03:07:11
[2026-07-01T03:07:11.194+0000] {logging_mixin.py:188} INFO - 03:07:11  [WARNING]: SSL certificate validation is disabled by default. It is legacy behavior which will be changed in future releases. It is strongly advised to enable `require_certificate_validation` flag or explicitly set `cert` configuration to `True` for security reasons. You may receive an error after that if your SSL setup is incorrect.
You may opt into the new behavior sooner by setting `flags.require_certificate_validation` to `True` in `dbt_project.yml`.
Visit https://docs.getdbt.com/reference/global-configs/behavior-changes for more information.
[2026-07-01T03:07:43.699+0000] {logging_mixin.py:188} INFO - 03:07:43
[2026-07-01T03:07:43.700+0000] {logging_mixin.py:188} INFO - 03:07:43  Finished running  in 0 hours 0 minutes and 32.57 seconds (32.57s).
[2026-07-01T03:07:43.702+0000] {logging_mixin.py:188} INFO - 03:07:43  Encountered an error:
Database Error
  TrinoQueryError(type=INTERNAL_ERROR, name=GENERIC_INTERNAL_ERROR, message="Bad Request (HTTP/400): New value to update existing key 'gold' has no content ID", query_id=20260701_030711_00031_p4g2d)
[2026-07-01T03:07:49.500+0000] {local.py:138} WARNING - Artifact schema version: https://schemas.getdbt.com/dbt/manifest/v12.json is above dbt-ol supported version 7. This might cause errors.
[2026-07-01T03:07:49.502+0000] {local.py:538} INFO - Inlets: []
[2026-07-01T03:07:49.503+0000] {local.py:539} INFO - Outlets: []
[2026-07-01T03:07:49.503+0000] {local.py:761} INFO - Assigning inlets/outlets without DatasetAlias
[2026-07-01T03:07:49.504+0000] {dag.py:3047} INFO - Sync 1 DAGs
[2026-07-01T03:07:49.533+0000] {dag.py:3834} INFO - Setting next_dagrun for dbt_silver_transform to 2026-06-30 00:00:00+00:00, run_after=2026-07-01 00:00:00+00:00
[2026-07-01T03:07:49.573+0000] {taskinstance.py:2728} ERROR - Task failed with exception
Traceback (most recent call last):
  File "/home/airflow/.local/lib/python3.8/site-packages/airflow/models/taskinstance.py", line 444, in _execute_task
    result = _execute_callable(context=context, **execute_callable_kwargs)
  File "/home/airflow/.local/lib/python3.8/site-packages/airflow/models/taskinstance.py", line 414, in _execute_callable
    return execute_callable(context=context, **execute_callable_kwargs)
  File "/home/airflow/.local/lib/python3.8/site-packages/cosmos/operators/base.py", line 310, in execute
    self.build_and_run_cmd(context=context, cmd_flags=self.add_cmd_flags())
  File "/home/airflow/.local/lib/python3.8/site-packages/cosmos/operators/local.py", line 842, in build_and_run_cmd
    result = self.run_command(
  File "/home/airflow/.local/lib/python3.8/site-packages/cosmos/operators/local.py", line 639, in run_command
    self.handle_exception(result)
  File "/home/airflow/.local/lib/python3.8/site-packages/cosmos/operators/local.py", line 258, in handle_exception_dbt_runner
    return dbt_runner.handle_exception_if_needed(result)
  File "/home/airflow/.local/lib/python3.8/site-packages/cosmos/dbt/runner.py", line 109, in handle_exception_if_needed
    raise CosmosDbtRunError(f"dbt invocation did not complete with unhandled error: {result.exception}")
cosmos.exceptions.CosmosDbtRunError: dbt invocation did not complete with unhandled error: Database Error
  TrinoQueryError(type=INTERNAL_ERROR, name=GENERIC_INTERNAL_ERROR, message="Bad Request (HTTP/400): New value to update existing key 'gold' has no content ID", query_id=20260701_030711_00031_p4g2d)
[2026-07-01T03:07:49.584+0000] {taskinstance.py:1149} INFO - Marking task as FAILED. dag_id=dbt_silver_transform, task_id=dim_issues.run, execution_date=20260701T030608, start_date=20260701T030700, end_date=20260701T030749
[2026-07-01T03:07:49.597+0000] {standard_task_runner.py:107} ERROR - Failed to execute job 13 for task dim_issues.run (dbt invocation did not complete with unhandled error: Database Error
  TrinoQueryError(type=INTERNAL_ERROR, name=GENERIC_INTERNAL_ERROR, message="Bad Request (HTTP/400): New value to update existing key 'gold' has no content ID", query_id=20260701_030711_00031_p4g2d); 928)
[2026-07-01T03:07:49.621+0000] {local_task_job_runner.py:234} INFO - Task exited with return code 1
[2026-07-01T03:07:49.654+0000] {taskinstance.py:3309} INFO - 0 downstream tasks scheduled from follow-on schedule check
