[2026-07-22T01:45:33.613+0000] {local_task_job_runner.py:123} INFO - ::group::Pre task execution logs
[2026-07-22T01:45:33.645+0000] {taskinstance.py:2612} INFO - Dependencies all met for dep_context=non-requeueable deps ti=<TaskInstance: dbt_silver_gold_incremental.transform_silver.stg__consumer_complaints.run manual__2026-07-22T01:18:56.480959+00:00 [queued]>
[2026-07-22T01:45:33.661+0000] {taskinstance.py:2612} INFO - Dependencies all met for dep_context=requeueable deps ti=<TaskInstance: dbt_silver_gold_incremental.transform_silver.stg__consumer_complaints.run manual__2026-07-22T01:18:56.480959+00:00 [queued]>
[2026-07-22T01:45:33.663+0000] {taskinstance.py:2865} INFO - Starting attempt 3 of 4
[2026-07-22T01:45:33.681+0000] {taskinstance.py:2888} INFO - Executing <Task(DbtRunLocalOperator): transform_silver.stg__consumer_complaints.run> on 2026-07-22 01:18:56.480959+00:00
[2026-07-22T01:45:33.686+0000] {standard_task_runner.py:72} INFO - Started process 891 to run task
[2026-07-22T01:45:33.693+0000] {standard_task_runner.py:104} INFO - Running: ['airflow', 'tasks', 'run', 'dbt_silver_gold_incremental', 'transform_silver.stg__consumer_complaints.run', 'manual__2026-07-22T01:18:56.480959+00:00', '--job-id', '62', '--raw', '--subdir', 'DAGS_FOLDER/dbt_silver_gold.py', '--cfg-path', '/tmp/tmpoz4bkzmb']
[2026-07-22T01:45:33.698+0000] {standard_task_runner.py:105} INFO - Job 62: Subtask transform_silver.stg__consumer_complaints.run
[2026-07-22T01:45:33.802+0000] {task_command.py:467} INFO - Running <TaskInstance: dbt_silver_gold_incremental.transform_silver.stg__consumer_complaints.run manual__2026-07-22T01:18:56.480959+00:00 [running]> on host dbd63abba702
[2026-07-22T01:45:33.904+0000] {taskinstance.py:3131} INFO - Exporting env vars: AIRFLOW_CTX_DAG_OWNER='data_engineer' AIRFLOW_CTX_DAG_ID='dbt_silver_gold_incremental' AIRFLOW_CTX_TASK_ID='transform_silver.stg__consumer_complaints.run' AIRFLOW_CTX_EXECUTION_DATE='2026-07-22T01:18:56.480959+00:00' AIRFLOW_CTX_TRY_NUMBER='3' AIRFLOW_CTX_DAG_RUN_ID='manual__2026-07-22T01:18:56.480959+00:00'
[2026-07-22T01:45:33.907+0000] {taskinstance.py:731} INFO - ::endgroup::
[2026-07-22T01:45:35.109+0000] {local.py:294} INFO - dbtRunner is available. Using dbtRunner for invoking dbt.
[2026-07-22T01:45:35.111+0000] {local.py:518} INFO - Cloning project to writable temp directory /tmp/tmpfav5nkov from /opt/airflow/dbt_transform
[2026-07-22T01:45:35.120+0000] {local.py:538} INFO - Partial parse is enabled and the latest partial parse file is /tmp/cosmos/dbt_silver_gold_incremental__transform_silver/target/partial_parse.msgpack
[2026-07-22T01:45:35.132+0000] {config.py:395} INFO - Using user-supplied profiles.yml at /opt/airflow/dbt_transform/profiles.yml
[2026-07-22T01:45:35.144+0000] {runner.py:95} INFO - Trying to run dbtRunner with:
 ['deps', '--project-dir', '/tmp/tmpfav5nkov', '--profiles-dir', '/opt/airflow/dbt_transform', '--profile', 'lakehouse_dbt', '--target', 'dev', '--no-static-parser']
 in /tmp/tmpfav5nkov
[2026-07-22T01:45:35.216+0000] {logging_mixin.py:190} INFO - 01:45:35  Running with dbt=1.8.8
[2026-07-22T01:45:35.334+0000] {converter.py:314} INFO - ::group::Cosmos DAG parsing logs
[2026-07-22T01:45:35.340+0000] {graph.py:869} INFO - Trying to parse the dbt project using dbt ls cache cosmos_cache__dbt_silver_gold_incremental__transform_silver...
[2026-07-22T01:45:38.793+0000] {cache.py:383} INFO - Cosmos performance: time to calculate cache identifier cosmos_cache__dbt_silver_gold_incremental__transform_silver for current version: 3.4424850209998112
[2026-07-22T01:45:38.794+0000] {graph.py:886} INFO - Cosmos performance [dbd63abba702|891]: The cache size for cosmos_cache__dbt_silver_gold_incremental__transform_silver is 5952
[2026-07-22T01:45:38.796+0000] {graph.py:898} INFO - Cosmos performance: Cache hit for cosmos_cache__dbt_silver_gold_incremental__transform_silver - 93fe86a1db8b3ecb7fd501463be0f888,5e34606eb5f2b3dea81a8e19fa3ba138
[2026-07-22T01:45:38.797+0000] {graph.py:799} INFO - Total nodes: 7
[2026-07-22T01:45:38.798+0000] {graph.py:800} INFO - Total filtered nodes: 7
[2026-07-22T01:45:38.799+0000] {converter.py:361} INFO - Cosmos performance (dbt_silver_gold_incremental__transform_silver) - [dbd63abba702|891]: It took 3.46s to parse the dbt project for DAG using dbt_ls_cache
[2026-07-22T01:45:38.810+0000] {converter.py:413} INFO - Cosmos performance (dbt_silver_gold_incremental__transform_silver) - [dbd63abba702|891]: It took 0.0109s to build the Airflow DAG.
[2026-07-22T01:45:38.811+0000] {converter.py:420} INFO - ::endgroup::Cosmos DAG parsing logs
[2026-07-22T01:45:38.812+0000] {converter.py:314} INFO - ::group::Cosmos DAG parsing logs
[2026-07-22T01:45:38.815+0000] {graph.py:869} INFO - Trying to parse the dbt project using dbt ls cache cosmos_cache__dbt_silver_gold_incremental__transform_gold...
[2026-07-22T01:45:41.423+0000] {cache.py:383} INFO - Cosmos performance: time to calculate cache identifier cosmos_cache__dbt_silver_gold_incremental__transform_gold for current version: 2.597326898999654
[2026-07-22T01:45:41.424+0000] {graph.py:886} INFO - Cosmos performance [dbd63abba702|891]: The cache size for cosmos_cache__dbt_silver_gold_incremental__transform_gold is 35822
[2026-07-22T01:45:41.426+0000] {graph.py:898} INFO - Cosmos performance: Cache hit for cosmos_cache__dbt_silver_gold_incremental__transform_gold - 93fe86a1db8b3ecb7fd501463be0f888,304321e940a9403dceb380589bd0566f
[2026-07-22T01:45:41.427+0000] {graph.py:799} INFO - Total nodes: 39
[2026-07-22T01:45:41.428+0000] {graph.py:800} INFO - Total filtered nodes: 39
[2026-07-22T01:45:41.429+0000] {converter.py:361} INFO - Cosmos performance (dbt_silver_gold_incremental__transform_gold) - [dbd63abba702|891]: It took 2.61s to parse the dbt project for DAG using dbt_ls_cache
[2026-07-22T01:45:41.469+0000] {converter.py:413} INFO - Cosmos performance (dbt_silver_gold_incremental__transform_gold) - [dbd63abba702|891]: It took 0.0395s to build the Airflow DAG.
[2026-07-22T01:45:41.470+0000] {converter.py:420} INFO - ::endgroup::Cosmos DAG parsing logs
[2026-07-22T01:45:41.471+0000] {converter.py:314} INFO - ::group::Cosmos DAG parsing logs
[2026-07-22T01:45:41.475+0000] {graph.py:869} INFO - Trying to parse the dbt project using dbt ls cache cosmos_cache__dbt_silver_gold_full_load__transform_silver...
[2026-07-22T01:45:44.144+0000] {cache.py:383} INFO - Cosmos performance: time to calculate cache identifier cosmos_cache__dbt_silver_gold_full_load__transform_silver for current version: 2.659639373999653
[2026-07-22T01:45:44.146+0000] {graph.py:886} INFO - Cosmos performance [dbd63abba702|891]: The cache size for cosmos_cache__dbt_silver_gold_full_load__transform_silver is 5952
[2026-07-22T01:45:44.147+0000] {graph.py:898} INFO - Cosmos performance: Cache hit for cosmos_cache__dbt_silver_gold_full_load__transform_silver - 93fe86a1db8b3ecb7fd501463be0f888,5e34606eb5f2b3dea81a8e19fa3ba138
[2026-07-22T01:45:44.148+0000] {graph.py:799} INFO - Total nodes: 7
[2026-07-22T01:45:44.150+0000] {graph.py:800} INFO - Total filtered nodes: 7
[2026-07-22T01:45:44.151+0000] {converter.py:361} INFO - Cosmos performance (dbt_silver_gold_full_load__transform_silver) - [dbd63abba702|891]: It took 2.68s to parse the dbt project for DAG using dbt_ls_cache
[2026-07-22T01:45:44.168+0000] {converter.py:413} INFO - Cosmos performance (dbt_silver_gold_full_load__transform_silver) - [dbd63abba702|891]: It took 0.0166s to build the Airflow DAG.
[2026-07-22T01:45:44.170+0000] {converter.py:420} INFO - ::endgroup::Cosmos DAG parsing logs
[2026-07-22T01:45:44.171+0000] {converter.py:314} INFO - ::group::Cosmos DAG parsing logs
[2026-07-22T01:45:44.175+0000] {graph.py:869} INFO - Trying to parse the dbt project using dbt ls cache cosmos_cache__dbt_silver_gold_full_load__transform_gold...
[2026-07-22T01:45:46.709+0000] {cache.py:383} INFO - Cosmos performance: time to calculate cache identifier cosmos_cache__dbt_silver_gold_full_load__transform_gold for current version: 2.52259166299973
[2026-07-22T01:45:46.711+0000] {graph.py:886} INFO - Cosmos performance [dbd63abba702|891]: The cache size for cosmos_cache__dbt_silver_gold_full_load__transform_gold is 35822
[2026-07-22T01:45:46.713+0000] {graph.py:898} INFO - Cosmos performance: Cache hit for cosmos_cache__dbt_silver_gold_full_load__transform_gold - 93fe86a1db8b3ecb7fd501463be0f888,304321e940a9403dceb380589bd0566f
[2026-07-22T01:45:46.713+0000] {graph.py:799} INFO - Total nodes: 39
[2026-07-22T01:45:46.715+0000] {graph.py:800} INFO - Total filtered nodes: 39
[2026-07-22T01:45:46.716+0000] {converter.py:361} INFO - Cosmos performance (dbt_silver_gold_full_load__transform_gold) - [dbd63abba702|891]: It took 2.54s to parse the dbt project for DAG using dbt_ls_cache
[2026-07-22T01:45:46.753+0000] {converter.py:413} INFO - Cosmos performance (dbt_silver_gold_full_load__transform_gold) - [dbd63abba702|891]: It took 0.0379s to build the Airflow DAG.
[2026-07-22T01:45:46.755+0000] {converter.py:420} INFO - ::endgroup::Cosmos DAG parsing logs
[2026-07-22T01:45:47.682+0000] {logging_mixin.py:190} INFO - 01:45:47  Installing dbt-labs/dbt_utils
[2026-07-22T01:45:48.304+0000] {logging_mixin.py:190} INFO - 01:45:48  Installed from version 1.3.0
[2026-07-22T01:45:48.306+0000] {logging_mixin.py:190} INFO - 01:45:48  Updated version available: 1.4.1
[2026-07-22T01:45:48.308+0000] {logging_mixin.py:190} INFO - 01:45:48  Installing metaplane/dbt_expectations
[2026-07-22T01:45:49.178+0000] {logging_mixin.py:190} INFO - 01:45:49  Installed from version 0.10.8
[2026-07-22T01:45:49.180+0000] {logging_mixin.py:190} INFO - 01:45:49  Updated version available: 0.10.10
[2026-07-22T01:45:49.181+0000] {logging_mixin.py:190} INFO - 01:45:49  Installing godatadriven/dbt_date
[2026-07-22T01:45:49.727+0000] {logging_mixin.py:190} INFO - 01:45:49  Installed from version 0.15.0
[2026-07-22T01:45:49.729+0000] {logging_mixin.py:190} INFO - 01:45:49  Up to date!
[2026-07-22T01:45:49.732+0000] {logging_mixin.py:190} INFO - 01:45:49
[2026-07-22T01:45:49.734+0000] {logging_mixin.py:190} INFO - 01:45:49  Updates available for packages: ['dbt-labs/dbt_utils', 'metaplane/dbt_expectations']                 
Update your versions in packages.yml, then run dbt deps
[2026-07-22T01:45:50.961+0000] {runner.py:95} INFO - Trying to run dbtRunner with:
 ['run', '--select', 'fqn:consumer_complaints_transformation.staging.stg__consumer_complaints', '--project-dir', '/tmp/tmpfav5nkov', '--profiles-dir', '/opt/airflow/dbt_transform', '--profile', 'lakehouse_dbt', '--target', 'dev', '--no-static-parser']
 in /tmp/tmpfav5nkov
[2026-07-22T01:45:50.985+0000] {logging_mixin.py:190} INFO - 01:45:50  Running with dbt=1.8.8
[2026-07-22T01:45:51.021+0000] {auth.py:343} INFO - keyring module not found. OAuth2 token will not be stored in keyring.
[2026-07-22T01:45:51.025+0000] {auth.py:343} INFO - keyring module not found. OAuth2 token will not be stored in keyring.
[2026-07-22T01:45:51.146+0000] {logging_mixin.py:190} INFO - 01:45:51  Registered adapter: trino=1.8.5
[2026-07-22T01:45:51.536+0000] {logging_mixin.py:190} INFO - 01:45:51  Unable to do partial parsing because config vars, config profile, or config target have changed
[2026-07-22T01:45:53.510+0000] {logging_mixin.py:190} INFO - 01:45:53  [WARNING]: Deprecated functionality
The `tests` config has been renamed to `data_tests`. Please see
https://docs.getdbt.com/docs/build/data-tests#new-data_tests-syntax for more
information.
[2026-07-22T01:45:54.408+0000] {logging_mixin.py:190} INFO - 01:45:54  Found 8 models, 40 data tests, 1 source, 9 metrics, 839 macros, 5 semantic models
[2026-07-22T01:45:54.412+0000] {logging_mixin.py:190} INFO - 01:45:54
[2026-07-22T01:45:54.442+0000] {logging_mixin.py:190} INFO - 01:45:54  [WARNING]: SSL certificate validation is disabled by default. It is legacy behavior which will be changed in future releases. It is strongly advised to enable `require_certificate_validation` flag or explicitly set `cert` configuration to `True` for security reasons. You may receive an error after that if your SSL setup is incorrect.
You may opt into the new behavior sooner by setting `flags.require_certificate_validation` to `True` in `dbt_project.yml`.
Visit https://docs.getdbt.com/reference/global-configs/behavior-changes for more information.
[2026-07-22T01:45:56.712+0000] {logging_mixin.py:190} INFO - 01:45:56  Concurrency: 1 threads (target='dev')
[2026-07-22T01:45:56.714+0000] {logging_mixin.py:190} INFO - 01:45:56
[2026-07-22T01:45:56.718+0000] {logging_mixin.py:190} INFO - 01:45:56  1 of 1 START sql incremental model silver.stg__consumer_complaints ............. [RUN]
[2026-07-22T01:45:58.977+0000] {local_task_job_runner.py:346} WARNING - State of this instance has been externally set to queued. Terminating instance.
[2026-07-22T01:45:58.983+0000] {local_task_job_runner.py:245} INFO - ::endgroup::
[2026-07-22T01:45:58.985+0000] {process_utils.py:132} INFO - Sending 15 to group 891. PIDs of all processes in the group: [986, 891]
[2026-07-22T01:45:58.988+0000] {process_utils.py:87} INFO - Sending the signal 15 to group 891
[2026-07-22T01:45:58.989+0000] {taskinstance.py:3092} ERROR - Received SIGTERM. Terminating subprocesses.
[2026-07-22T01:45:58.999+0000] {logging_mixin.py:190} INFO - 01:45:58
[2026-07-22T01:45:59.002+0000] {logging_mixin.py:190} INFO - 01:45:59  Finished running  in 0 hours 0 minutes and 4.59 seconds (4.59s).
[2026-07-22T01:45:59.006+0000] {logging_mixin.py:190} INFO - 01:45:59  Encountered an error:
Task received SIGTERM signal
[2026-07-22T01:45:59.013+0000] {logging_mixin.py:190} INFO - 01:45:59  Traceback (most recent call last):
  File "/home/airflow/.local/lib/python3.10/site-packages/dbt/cli/requires.py", line 138, in wrapper
    result, success = func(*args, **kwargs)
  File "/home/airflow/.local/lib/python3.10/site-packages/dbt/cli/requires.py", line 101, in wrapper
    return func(*args, **kwargs)
  File "/home/airflow/.local/lib/python3.10/site-packages/dbt/cli/requires.py", line 218, in wrapper
    return func(*args, **kwargs)
  File "/home/airflow/.local/lib/python3.10/site-packages/dbt/cli/requires.py", line 247, in wrapper
    return func(*args, **kwargs)
  File "/home/airflow/.local/lib/python3.10/site-packages/dbt/cli/requires.py", line 294, in wrapper
    return func(*args, **kwargs)
  File "/home/airflow/.local/lib/python3.10/site-packages/dbt/cli/requires.py", line 332, in wrapper
    return func(*args, **kwargs)
  File "/home/airflow/.local/lib/python3.10/site-packages/dbt/cli/main.py", line 569, in run
    results = task.run()
  File "/home/airflow/.local/lib/python3.10/site-packages/dbt/task/runnable.py", line 526, in run
    result = self.execute_with_hooks(selected_uids)
  File "/home/airflow/.local/lib/python3.10/site-packages/dbt/task/runnable.py", line 487, in execute_with_hooks
    res = self.execute_nodes()
  File "/home/airflow/.local/lib/python3.10/site-packages/dbt/task/runnable.py", line 397, in execute_nodes
    self.run_queue(pool)
  File "/home/airflow/.local/lib/python3.10/site-packages/dbt/task/runnable.py", line 315, in run_queue
    self.job_queue.join()
  File "/home/airflow/.local/lib/python3.10/site-packages/dbt/graph/queue.py", line 198, in join
    self.inner.join()
  File "/usr/local/lib/python3.10/queue.py", line 90, in join
    self.all_tasks_done.wait()
  File "/usr/local/lib/python3.10/threading.py", line 320, in wait
    waiter.acquire()
  File "/home/airflow/.local/lib/python3.10/site-packages/airflow/models/taskinstance.py", line 3094, in signal_handler
    raise AirflowTaskTerminated("Task received SIGTERM signal")
airflow.exceptions.AirflowTaskTerminated: Task received SIGTERM signal
[2026-07-22T01:46:00.194+0000] {logging_mixin.py:190} INFO - 01:46:00  1 of 1 ERROR creating sql incremental model silver.stg__consumer_complaints .... [ERROR in 2.53s]
[2026-07-22T01:46:00.230+0000] {local.py:196} WARNING - Artifact schema version: https://schemas.getdbt.com/dbt/manifest/v12.json is above dbt-ol supported version 7. This might cause errors.
[2026-07-22T01:46:00.232+0000] {local.py:594} INFO - Inlets: []
[2026-07-22T01:46:00.234+0000] {local.py:595} INFO - Outlets: []
[2026-07-22T01:46:00.235+0000] {local.py:886} INFO - Assigning inlets/outlets with DatasetAlias in Airflow 2
[2026-07-22T01:46:00.264+0000] {taskinstance.py:3310} ERROR - Task failed with exception
Traceback (most recent call last):
  File "/home/airflow/.local/lib/python3.10/site-packages/airflow/models/taskinstance.py", line 767, in _execute_task
    result = _execute_callable(context=context, **execute_callable_kwargs)
  File "/home/airflow/.local/lib/python3.10/site-packages/airflow/models/taskinstance.py", line 733, in _execute_callable
    return ExecutionCallableRunner(
  File "/home/airflow/.local/lib/python3.10/site-packages/airflow/utils/operator_helpers.py", line 252, in run
    return self.func(*args, **kwargs)
  File "/home/airflow/.local/lib/python3.10/site-packages/cosmos/operators/base.py", line 346, in execute
    self.build_and_run_cmd(context=context, cmd_flags=self.add_cmd_flags(), **kwargs)
  File "/home/airflow/.local/lib/python3.10/site-packages/cosmos/operators/local.py", line 968, in build_and_run_cmd
    result = self.run_command(
  File "/home/airflow/.local/lib/python3.10/site-packages/cosmos/operators/local.py", line 743, in run_command
    self.handle_exception(result)
  File "/home/airflow/.local/lib/python3.10/site-packages/cosmos/operators/local.py", line 308, in handle_exception_dbt_runner
    return dbt_runner.handle_exception_if_needed(result)
  File "/home/airflow/.local/lib/python3.10/site-packages/cosmos/dbt/runner.py", line 152, in handle_exception_if_needed
    raise CosmosDbtRunError(f"dbt invocation did not complete with unhandled error: {result.exception}")
cosmos.exceptions.CosmosDbtRunError: dbt invocation did not complete with unhandled error: Task received SIGTERM signal
[2026-07-22T01:46:01.118+0000] {_client.py:1026} INFO - HTTP Request: GET https://astronomer.gateway.scarf.sh/astronomer-cosmos/v3/task_instance?cosmos_version=1.15.0&airflow_version=2.10.2&python_version=3.10.15&platform_system=Linux&platform_machine=x86_64&status=failed&operator_name=DbtRunLocalOperator&is_cosmos_operator_subclass=False&invocation_mode=dbt_runner&execution_mode=local&profile_strategy=yaml_file&profile_mapping_class=None&database=trino&is_mapped_task=False&dbt_command=run&install_deps=True&has_callback=False&duration=26.629405 "HTTP/1.1 200 OK"
[2026-07-22T01:46:01.120+0000] {taskinstance.py:1225} INFO - Marking task as UP_FOR_RETRY. dag_id=dbt_silver_gold_incremental, task_id=transform_silver.stg__consumer_complaints.run, run_id=manual__2026-07-22T01:18:56.480959+00:00, execution_date=20260722T011856, start_date=20260722T014533, end_date=20260722T014600
[2026-07-22T01:46:01.139+0000] {taskinstance.py:340} INFO - ::group::Post task execution logs
[2026-07-22T01:46:01.140+0000] {standard_task_runner.py:124} ERROR - Failed to execute job 62 for task transform_silver.stg__consumer_complaints.run (dbt invocation did not complete with unhandled error: Task received SIGTERM signal; 891)
Traceback (most recent call last):
  File "/home/airflow/.local/lib/python3.10/site-packages/airflow/task/task_runner/standard_task_runner.py", line 117, in _start_by_fork
    ret = args.func(args, dag=self.dag)
  File "/home/airflow/.local/lib/python3.10/site-packages/airflow/cli/cli_config.py", line 49, in command
    return func(*args, **kwargs)
  File "/home/airflow/.local/lib/python3.10/site-packages/airflow/utils/cli.py", line 115, in wrapper
    return f(*args, **kwargs)
  File "/home/airflow/.local/lib/python3.10/site-packages/airflow/cli/commands/task_command.py", line 483, in task_run
    task_return_code = _run_task_by_selected_method(args, _dag, ti)
  File "/home/airflow/.local/lib/python3.10/site-packages/airflow/cli/commands/task_command.py", line 256, in _run_task_by_selected_method
    return _run_raw_task(args, ti)
  File "/home/airflow/.local/lib/python3.10/site-packages/airflow/cli/commands/task_command.py", line 341, in _run_raw_task
    return ti._run_raw_task(
  File "/home/airflow/.local/lib/python3.10/site-packages/airflow/utils/session.py", line 97, in wrapper
    return func(*args, session=session, **kwargs)
  File "/home/airflow/.local/lib/python3.10/site-packages/airflow/models/taskinstance.py", line 3004, in _run_raw_task
    return _run_raw_task(
  File "/home/airflow/.local/lib/python3.10/site-packages/airflow/models/taskinstance.py", line 273, in _run_raw_task
    TaskInstance._execute_task_with_callbacks(
  File "/home/airflow/.local/lib/python3.10/site-packages/airflow/models/taskinstance.py", line 3158, in _execute_task_with_callbacks
    result = self._execute_task(context, task_orig)
  File "/home/airflow/.local/lib/python3.10/site-packages/airflow/models/taskinstance.py", line 3182, in _execute_task
    return _execute_task(self, context, task_orig)
  File "/home/airflow/.local/lib/python3.10/site-packages/airflow/models/taskinstance.py", line 767, in _execute_task
    result = _execute_callable(context=context, **execute_callable_kwargs)
  File "/home/airflow/.local/lib/python3.10/site-packages/airflow/models/taskinstance.py", line 733, in _execute_callable
    return ExecutionCallableRunner(
  File "/home/airflow/.local/lib/python3.10/site-packages/airflow/utils/operator_helpers.py", line 252, in run
    return self.func(*args, **kwargs)
  File "/home/airflow/.local/lib/python3.10/site-packages/cosmos/operators/base.py", line 346, in execute
    self.build_and_run_cmd(context=context, cmd_flags=self.add_cmd_flags(), **kwargs)
  File "/home/airflow/.local/lib/python3.10/site-packages/cosmos/operators/local.py", line 968, in build_and_run_cmd
    result = self.run_command(
  File "/home/airflow/.local/lib/python3.10/site-packages/cosmos/operators/local.py", line 743, in run_command
    self.handle_exception(result)
  File "/home/airflow/.local/lib/python3.10/site-packages/cosmos/operators/local.py", line 308, in handle_exception_dbt_runner
    return dbt_runner.handle_exception_if_needed(result)
  File "/home/airflow/.local/lib/python3.10/site-packages/cosmos/dbt/runner.py", line 152, in handle_exception_if_needed
    raise CosmosDbtRunError(f"dbt invocation did not complete with unhandled error: {result.exception}")
cosmos.exceptions.CosmosDbtRunError: dbt invocation did not complete with unhandled error: Task received SIGTERM signal
[2026-07-22T01:46:01.153+0000] {process_utils.py:80} INFO - Process psutil.Process(pid=891, status='terminated', exitcode=1, started='01:45:32') (891) terminated with exit code 1
[2026-07-22T01:46:01.169+0000] {process_utils.py:80} INFO - Process psutil.Process(pid=986, status='terminated', started='01:45:50') (986) terminated with exit code None
