[2026-07-23T02:01:38.594+0000] {local_task_job_runner.py:123} INFO - ::group::Pre task execution logs
[2026-07-23T02:01:38.613+0000] {taskinstance.py:2612} INFO - Dependencies all met for dep_context=non-requeueable deps ti=<TaskInstance: wap_incremental_cfpb_pipeline.audit_on_branch scheduled__2026-07-22T00:00:00+00:00 [queued]>
[2026-07-23T02:01:38.623+0000] {taskinstance.py:2612} INFO - Dependencies all met for dep_context=requeueable deps ti=<TaskInstance: wap_incremental_cfpb_pipeline.audit_on_branch scheduled__2026-07-22T00:00:00+00:00 [queued]>
[2026-07-23T02:01:38.625+0000] {taskinstance.py:2865} INFO - Starting attempt 1 of 1
[2026-07-23T02:01:38.637+0000] {taskinstance.py:2888} INFO - Executing <Task(_PythonDecoratedOperator): audit_on_branch> on 2026-07-22 00:00:00+00:00
[2026-07-23T02:01:38.642+0000] {standard_task_runner.py:72} INFO - Started process 1636 to run task
[2026-07-23T02:01:38.645+0000] {standard_task_runner.py:104} INFO - Running: ['airflow', 'tasks', 'run', 'wap_incremental_cfpb_pipeline', 'audit_on_branch', 'scheduled__2026-07-22T00:00:00+00:00', '--job-id', '10', '--raw', '--subdir', 'DAGS_FOLDER/wap_incremental_cfpb_pipeline.py', '--cfg-path', '/tmp/tmp9f_xilxz']
[2026-07-23T02:01:38.647+0000] {standard_task_runner.py:105} INFO - Job 10: Subtask audit_on_branch
[2026-07-23T02:01:38.718+0000] {task_command.py:467} INFO - Running <TaskInstance: wap_incremental_cfpb_pipeline.audit_on_branch scheduled__2026-07-22T00:00:00+00:00 [running]> on host d0280eba3cdf
[2026-07-23T02:01:38.807+0000] {taskinstance.py:3131} INFO - Exporting env vars: AIRFLOW_CTX_DAG_OWNER='airflow' AIRFLOW_CTX_DAG_ID='wap_incremental_cfpb_pipeline' AIRFLOW_CTX_TASK_ID='audit_on_branch' AIRFLOW_CTX_EXECUTION_DATE='2026-07-22T00:00:00+00:00' AIRFLOW_CTX_TRY_NUMBER='1' AIRFLOW_CTX_DAG_RUN_ID='scheduled__2026-07-22T00:00:00+00:00'
[2026-07-23T02:01:38.809+0000] {taskinstance.py:731} INFO - ::endgroup::
[2026-07-23T02:01:38.813+0000] {crypto.py:82} WARNING - empty cryptography key - values will not be stored encrypted.
[2026-07-23T02:01:38.815+0000] {base.py:84} INFO - Retrieving connection 'minio_default'
[2026-07-23T02:01:38.816+0000] {base.py:84} INFO - Retrieving connection 'nessie_api_default'
[2026-07-23T02:01:38.909+0000] {duckdb_to_bronze.py:63} INFO - Đã khởi tạo DuckDB và PyIceberg Catalog trên nhánh 'etl_20260722_scheduled202607'.
[2026-07-23T02:01:38.928+0000] {__init__.py:331} INFO - Loaded FileIO: pyiceberg.io.fsspec.FsspecFileIO
[2026-07-23T02:01:38.930+0000] {wap_incremental_cfpb_pipeline.py:207} INFO - 🔍 Đang Audit qua DuckDB Native (iceberg_scan)...
[2026-07-23T02:01:38.931+0000] {duckdb_to_bronze.py:205} INFO - Đang thực thi Audit Query qua DuckDB: 
                SELECT 
                    COUNT(*) as total_rows,
                    COUNT(_rescued_data) as drifted_rows
                FROM iceberg_scan('s3://lakehouse/bronze/raw_consumer_complaints_f2b38d8a-619f-40c5-b9ea-6aa6271b57d1/metadata/00000-7d6a6411-8dd6-4d8e-b71f-83b1b8f200c2.metadata.json')
                WHERE _run_id = 'scheduled__2026-07-22T00:00:00+00:00'
            
[2026-07-23T02:01:38.952+0000] {duckdb_to_bronze.py:211} INFO - Đã đóng kết nối DuckDB an toàn.
[2026-07-23T02:01:38.953+0000] {wap_incremental_cfpb_pipeline.py:219} INFO - ✅ AUDIT PASS: Đối soát thành công (31 rows). Sẵn sàng Publish.
[2026-07-23T02:01:38.954+0000] {python.py:240} INFO - Done. Returned value was: {'wap_branch': 'etl_20260722_scheduled202607', 'total_inserted_rows': 31, 'total_extracted_rows': 31, 'run_id': 'scheduled__2026-07-22T00:00:00+00:00', 'audit_passed': True}
[2026-07-23T02:01:38.989+0000] {taskinstance.py:340} INFO - ::group::Post task execution logs
[2026-07-23T02:01:38.991+0000] {taskinstance.py:352} INFO - Marking task as SUCCESS. dag_id=wap_incremental_cfpb_pipeline, task_id=audit_on_branch, run_id=scheduled__2026-07-22T00:00:00+00:00, execution_date=20260722T000000, start_date=20260723T020138, end_date=20260723T020138
[2026-07-23T02:01:39.023+0000] {local_task_job_runner.py:266} INFO - Task exited with return code 0
[2026-07-23T02:01:39.051+0000] {taskinstance.py:3900} INFO - 1 downstream tasks scheduled from follow-on schedule check
[2026-07-23T02:01:39.054+0000] {local_task_job_runner.py:245} INFO - ::endgroup::
[2026-07-23T03:03:15.896+0000] {local_task_job_runner.py:123} INFO - ::group::Pre task execution logs
[2026-07-23T03:03:15.916+0000] {taskinstance.py:2612} INFO - Dependencies all met for dep_context=non-requeueable deps ti=<TaskInstance: wap_incremental_cfpb_pipeline.audit_on_branch scheduled__2026-07-22T00:00:00+00:00 [queued]>
[2026-07-23T03:03:15.927+0000] {taskinstance.py:2612} INFO - Dependencies all met for dep_context=requeueable deps ti=<TaskInstance: wap_incremental_cfpb_pipeline.audit_on_branch scheduled__2026-07-22T00:00:00+00:00 [queued]>
[2026-07-23T03:03:15.929+0000] {taskinstance.py:2865} INFO - Starting attempt 1 of 1
[2026-07-23T03:03:15.944+0000] {taskinstance.py:2888} INFO - Executing <Task(_PythonDecoratedOperator): audit_on_branch> on 2026-07-22 00:00:00+00:00
[2026-07-23T03:03:15.950+0000] {standard_task_runner.py:72} INFO - Started process 941 to run task
[2026-07-23T03:03:15.953+0000] {standard_task_runner.py:104} INFO - Running: ['airflow', 'tasks', 'run', 'wap_incremental_cfpb_pipeline', 'audit_on_branch', 'scheduled__2026-07-22T00:00:00+00:00', '--job-id', '10', '--raw', '--subdir', 'DAGS_FOLDER/wap_incremental_cfpb_pipeline.py', '--cfg-path', '/tmp/tmpoub_bjp4']
[2026-07-23T03:03:15.956+0000] {standard_task_runner.py:105} INFO - Job 10: Subtask audit_on_branch
[2026-07-23T03:03:16.042+0000] {task_command.py:467} INFO - Running <TaskInstance: wap_incremental_cfpb_pipeline.audit_on_branch scheduled__2026-07-22T00:00:00+00:00 [running]> on host b3f56365d5f7
[2026-07-23T03:03:16.135+0000] {taskinstance.py:3131} INFO - Exporting env vars: AIRFLOW_CTX_DAG_OWNER='airflow' AIRFLOW_CTX_DAG_ID='wap_incremental_cfpb_pipeline' AIRFLOW_CTX_TASK_ID='audit_on_branch' AIRFLOW_CTX_EXECUTION_DATE='2026-07-22T00:00:00+00:00' AIRFLOW_CTX_TRY_NUMBER='1' AIRFLOW_CTX_DAG_RUN_ID='scheduled__2026-07-22T00:00:00+00:00'
[2026-07-23T03:03:16.138+0000] {taskinstance.py:731} INFO - ::endgroup::
[2026-07-23T03:03:16.142+0000] {crypto.py:82} WARNING - empty cryptography key - values will not be stored encrypted.
[2026-07-23T03:03:16.145+0000] {base.py:84} INFO - Retrieving connection 'minio_default'
[2026-07-23T03:03:16.147+0000] {base.py:84} INFO - Retrieving connection 'nessie_api_default'
[2026-07-23T03:03:16.252+0000] {duckdb_to_bronze.py:63} INFO - Đã khởi tạo DuckDB và PyIceberg Catalog trên nhánh 'etl_20260722_scheduled202607'.
[2026-07-23T03:03:16.276+0000] {__init__.py:331} INFO - Loaded FileIO: pyiceberg.io.fsspec.FsspecFileIO
[2026-07-23T03:03:16.278+0000] {wap_incremental_cfpb_pipeline.py:207} INFO - 🔍 Đang Audit qua DuckDB Native (iceberg_scan)...
[2026-07-23T03:03:16.279+0000] {duckdb_to_bronze.py:205} INFO - Đang thực thi Audit Query qua DuckDB: 
                SELECT 
                    COUNT(*) as total_rows,
                    COUNT(_rescued_data) as drifted_rows
                FROM iceberg_scan('s3://lakehouse/bronze/raw_consumer_complaints_194d47fb-e9c4-487e-80ea-c53ee177bce6/metadata/00000-fd075c93-a880-48cf-af5e-f6b3adc3d616.metadata.json')
                WHERE _run_id = 'scheduled__2026-07-22T00:00:00+00:00'
            
[2026-07-23T03:03:16.303+0000] {duckdb_to_bronze.py:211} INFO - Đã đóng kết nối DuckDB an toàn.
[2026-07-23T03:03:16.304+0000] {wap_incremental_cfpb_pipeline.py:219} INFO - ✅ AUDIT PASS: Đối soát thành công (31 rows). Sẵn sàng Publish.
[2026-07-23T03:03:16.306+0000] {python.py:240} INFO - Done. Returned value was: {'wap_branch': 'etl_20260722_scheduled202607', 'total_inserted_rows': 31, 'total_extracted_rows': 31, 'run_id': 'scheduled__2026-07-22T00:00:00+00:00', 'audit_passed': True}
[2026-07-23T03:03:16.348+0000] {taskinstance.py:340} INFO - ::group::Post task execution logs
[2026-07-23T03:03:16.350+0000] {taskinstance.py:352} INFO - Marking task as SUCCESS. dag_id=wap_incremental_cfpb_pipeline, task_id=audit_on_branch, run_id=scheduled__2026-07-22T00:00:00+00:00, execution_date=20260722T000000, start_date=20260723T030315, end_date=20260723T030316
[2026-07-23T03:03:16.370+0000] {local_task_job_runner.py:266} INFO - Task exited with return code 0
[2026-07-23T03:03:16.398+0000] {taskinstance.py:3900} INFO - 1 downstream tasks scheduled from follow-on schedule check
[2026-07-23T03:03:16.401+0000] {local_task_job_runner.py:245} INFO - ::endgroup::
[2026-07-23T03:45:20.719+0000] {local_task_job_runner.py:123} INFO - ::group::Pre task execution logs
[2026-07-23T03:45:20.737+0000] {taskinstance.py:2612} INFO - Dependencies all met for dep_context=non-requeueable deps ti=<TaskInstance: wap_incremental_cfpb_pipeline.audit_on_branch scheduled__2026-07-22T00:00:00+00:00 [queued]>
[2026-07-23T03:45:20.745+0000] {taskinstance.py:2612} INFO - Dependencies all met for dep_context=requeueable deps ti=<TaskInstance: wap_incremental_cfpb_pipeline.audit_on_branch scheduled__2026-07-22T00:00:00+00:00 [queued]>
[2026-07-23T03:45:20.747+0000] {taskinstance.py:2865} INFO - Starting attempt 1 of 1
[2026-07-23T03:45:20.758+0000] {taskinstance.py:2888} INFO - Executing <Task(_PythonDecoratedOperator): audit_on_branch> on 2026-07-22 00:00:00+00:00
[2026-07-23T03:45:20.763+0000] {standard_task_runner.py:72} INFO - Started process 957 to run task
[2026-07-23T03:45:20.767+0000] {standard_task_runner.py:104} INFO - Running: ['airflow', 'tasks', 'run', 'wap_incremental_cfpb_pipeline', 'audit_on_branch', 'scheduled__2026-07-22T00:00:00+00:00', '--job-id', '10', '--raw', '--subdir', 'DAGS_FOLDER/wap_incremental_cfpb_pipeline.py', '--cfg-path', '/tmp/tmphwvium3c']
[2026-07-23T03:45:20.768+0000] {standard_task_runner.py:105} INFO - Job 10: Subtask audit_on_branch
[2026-07-23T03:45:20.845+0000] {task_command.py:467} INFO - Running <TaskInstance: wap_incremental_cfpb_pipeline.audit_on_branch scheduled__2026-07-22T00:00:00+00:00 [running]> on host 260824ef083b
[2026-07-23T03:45:20.935+0000] {taskinstance.py:3131} INFO - Exporting env vars: AIRFLOW_CTX_DAG_OWNER='airflow' AIRFLOW_CTX_DAG_ID='wap_incremental_cfpb_pipeline' AIRFLOW_CTX_TASK_ID='audit_on_branch' AIRFLOW_CTX_EXECUTION_DATE='2026-07-22T00:00:00+00:00' AIRFLOW_CTX_TRY_NUMBER='1' AIRFLOW_CTX_DAG_RUN_ID='scheduled__2026-07-22T00:00:00+00:00'
[2026-07-23T03:45:20.938+0000] {taskinstance.py:731} INFO - ::endgroup::
[2026-07-23T03:45:20.942+0000] {crypto.py:82} WARNING - empty cryptography key - values will not be stored encrypted.
[2026-07-23T03:45:20.945+0000] {base.py:84} INFO - Retrieving connection 'minio_default'
[2026-07-23T03:45:20.947+0000] {base.py:84} INFO - Retrieving connection 'nessie_api_default'
[2026-07-23T03:45:21.046+0000] {duckdb_to_bronze.py:63} INFO - Đã khởi tạo DuckDB và PyIceberg Catalog trên nhánh 'etl_20260722_scheduled202607'.
[2026-07-23T03:45:21.069+0000] {__init__.py:331} INFO - Loaded FileIO: pyiceberg.io.fsspec.FsspecFileIO
[2026-07-23T03:45:21.071+0000] {wap_incremental_cfpb_pipeline.py:207} INFO - 🔍 Đang Audit qua DuckDB Native (iceberg_scan)...
[2026-07-23T03:45:21.072+0000] {duckdb_to_bronze.py:205} INFO - Đang thực thi Audit Query qua DuckDB: 
                SELECT 
                    COUNT(*) as total_rows,
                    COUNT(_rescued_data) as drifted_rows
                FROM iceberg_scan('s3://lakehouse/bronze/raw_consumer_complaints_d28a99d1-69f4-44f0-ab92-68003187c759/metadata/00000-644210cf-b050-4bac-921c-abb8f36e4aa9.metadata.json')
                WHERE _run_id = 'scheduled__2026-07-22T00:00:00+00:00'
            
[2026-07-23T03:45:21.095+0000] {duckdb_to_bronze.py:211} INFO - Đã đóng kết nối DuckDB an toàn.
[2026-07-23T03:45:21.097+0000] {wap_incremental_cfpb_pipeline.py:219} INFO - ✅ AUDIT PASS: Đối soát thành công (31 rows). Sẵn sàng Publish.
[2026-07-23T03:45:21.099+0000] {python.py:240} INFO - Done. Returned value was: {'wap_branch': 'etl_20260722_scheduled202607', 'total_inserted_rows': 31, 'total_extracted_rows': 31, 'run_id': 'scheduled__2026-07-22T00:00:00+00:00', 'audit_passed': True}
[2026-07-23T03:45:21.139+0000] {taskinstance.py:340} INFO - ::group::Post task execution logs
[2026-07-23T03:45:21.141+0000] {taskinstance.py:352} INFO - Marking task as SUCCESS. dag_id=wap_incremental_cfpb_pipeline, task_id=audit_on_branch, run_id=scheduled__2026-07-22T00:00:00+00:00, execution_date=20260722T000000, start_date=20260723T034520, end_date=20260723T034521
[2026-07-23T03:45:21.183+0000] {local_task_job_runner.py:266} INFO - Task exited with return code 0
[2026-07-23T03:45:21.213+0000] {taskinstance.py:3900} INFO - 0 downstream tasks scheduled from follow-on schedule check
[2026-07-23T03:45:21.216+0000] {local_task_job_runner.py:245} INFO - ::endgroup::
