[2026-08-14T14:15:47.147+0000] {local_task_job_runner.py:123} INFO - ::group::Pre task execution logs
[2026-08-14T14:15:47.188+0000] {taskinstance.py:2612} INFO - Dependencies all met for dep_context=non-requeueable deps ti=<TaskInstance: dbt_gold_full_load.transform_gold.fact_order_stops.run manual__2026-08-14T14:15:40.543876+00:00 [queued]>
[2026-08-14T14:15:47.211+0000] {taskinstance.py:2612} INFO - Dependencies all met for dep_context=requeueable deps ti=<TaskInstance: dbt_gold_full_load.transform_gold.fact_order_stops.run manual__2026-08-14T14:15:40.543876+00:00 [queued]>
[2026-08-14T14:15:47.214+0000] {taskinstance.py:2865} INFO - Starting attempt 1 of 2
[2026-08-14T14:15:47.236+0000] {taskinstance.py:2888} INFO - Executing <Task(DbtRunLocalOperator): transform_gold.fact_order_stops.run> on 2026-08-14 14:15:40.543876+00:00
[2026-08-14T14:15:47.242+0000] {standard_task_runner.py:72} INFO - Started process 734 to run task
[2026-08-14T14:15:47.246+0000] {standard_task_runner.py:104} INFO - Running: ['airflow', 'tasks', 'run', 'dbt_gold_full_load', 'transform_gold.fact_order_stops.run', 'manual__2026-08-14T14:15:40.543876+00:00', '--job-id', '202', '--raw', '--subdir', 'DAGS_FOLDER/dbt_gold.py', '--cfg-path', '/tmp/tmp9abh9t0c']
[2026-08-14T14:15:47.255+0000] {standard_task_runner.py:105} INFO - Job 202: Subtask transform_gold.fact_order_stops.run
[2026-08-14T14:15:47.410+0000] {task_command.py:467} INFO - Running <TaskInstance: dbt_gold_full_load.transform_gold.fact_order_stops.run manual__2026-08-14T14:15:40.543876+00:00 [running]> on host 240eeb7f2bab
[2026-08-14T14:15:47.592+0000] {taskinstance.py:3131} INFO - Exporting env vars: AIRFLOW_CTX_DAG_OWNER='data_engineer' AIRFLOW_CTX_DAG_ID='dbt_gold_full_load' AIRFLOW_CTX_TASK_ID='transform_gold.fact_order_stops.run' AIRFLOW_CTX_EXECUTION_DATE='2026-08-14T14:15:40.543876+00:00' AIRFLOW_CTX_TRY_NUMBER='1' AIRFLOW_CTX_DAG_RUN_ID='manual__2026-08-14T14:15:40.543876+00:00'
[2026-08-14T14:15:47.599+0000] {taskinstance.py:731} INFO - ::endgroup::
[2026-08-14T14:15:51.401+0000] {local.py:294} INFO - dbtRunner is available. Using dbtRunner for invoking dbt.
[2026-08-14T14:15:51.412+0000] {local.py:518} INFO - Cloning project to writable temp directory /tmp/tmp0kf2aa6i from /opt/airflow/dbt_transform
[2026-08-14T14:15:51.430+0000] {local.py:538} INFO - Partial parse is enabled and the latest partial parse file is /tmp/cosmos/dbt_gold_full_load__transform_gold/target/partial_parse.msgpack
[2026-08-14T14:15:51.469+0000] {config.py:395} INFO - Using user-supplied profiles.yml at /opt/airflow/dbt_transform/profiles.yml
[2026-08-14T14:15:51.485+0000] {runner.py:95} INFO - Trying to run dbtRunner with:
 ['deps', '--project-dir', '/tmp/tmp0kf2aa6i', '--profiles-dir', '/opt/airflow/dbt_transform', '--profile', 'lakehouse_dbt', '--target', 'dev', '--no-static-parser']
 in /tmp/tmp0kf2aa6i
[2026-08-14T14:15:51.731+0000] {logging_mixin.py:190} INFO - 14:15:51  Running with dbt=1.8.8
[2026-08-14T14:15:52.193+0000] {converter.py:314} INFO - ::group::Cosmos DAG parsing logs
[2026-08-14T14:15:52.202+0000] {graph.py:869} INFO - Trying to parse the dbt project using dbt ls cache cosmos_cache__dbt_gold_incremental__transform_gold...
[2026-08-14T14:15:55.253+0000] {cache.py:383} INFO - Cosmos performance: time to calculate cache identifier cosmos_cache__dbt_gold_incremental__transform_gold for current version: 3.025364712999817
[2026-08-14T14:15:55.256+0000] {graph.py:886} INFO - Cosmos performance [240eeb7f2bab|734]: The cache size for cosmos_cache__dbt_gold_incremental__transform_gold is 27667
[2026-08-14T14:15:55.260+0000] {graph.py:898} INFO - Cosmos performance: Cache hit for cosmos_cache__dbt_gold_incremental__transform_gold - 350ae0d0d0c2a20a07fa8b81946e3a66,304321e940a9403dceb380589bd0566f
[2026-08-14T14:15:55.261+0000] {graph.py:799} INFO - Total nodes: 32
[2026-08-14T14:15:55.263+0000] {graph.py:800} INFO - Total filtered nodes: 32
[2026-08-14T14:15:55.264+0000] {converter.py:361} INFO - Cosmos performance (dbt_gold_incremental__transform_gold) - [240eeb7f2bab|734]: It took 3.06s to parse the dbt project for DAG using dbt_ls_cache
[2026-08-14T14:15:55.311+0000] {converter.py:413} INFO - Cosmos performance (dbt_gold_incremental__transform_gold) - [240eeb7f2bab|734]: It took 0.0466s to build the Airflow DAG.
[2026-08-14T14:15:55.312+0000] {converter.py:420} INFO - ::endgroup::Cosmos DAG parsing logs
[2026-08-14T14:15:55.314+0000] {converter.py:314} INFO - ::group::Cosmos DAG parsing logs
[2026-08-14T14:15:55.325+0000] {graph.py:869} INFO - Trying to parse the dbt project using dbt ls cache cosmos_cache__dbt_gold_full_load__transform_gold...
[2026-08-14T14:15:58.263+0000] {cache.py:383} INFO - Cosmos performance: time to calculate cache identifier cosmos_cache__dbt_gold_full_load__transform_gold for current version: 2.9266356709999855
[2026-08-14T14:15:58.265+0000] {graph.py:886} INFO - Cosmos performance [240eeb7f2bab|734]: The cache size for cosmos_cache__dbt_gold_full_load__transform_gold is 27667
[2026-08-14T14:15:58.267+0000] {graph.py:898} INFO - Cosmos performance: Cache hit for cosmos_cache__dbt_gold_full_load__transform_gold - 350ae0d0d0c2a20a07fa8b81946e3a66,304321e940a9403dceb380589bd0566f
[2026-08-14T14:15:58.269+0000] {graph.py:799} INFO - Total nodes: 32
[2026-08-14T14:15:58.270+0000] {graph.py:800} INFO - Total filtered nodes: 32
[2026-08-14T14:15:58.272+0000] {converter.py:361} INFO - Cosmos performance (dbt_gold_full_load__transform_gold) - [240eeb7f2bab|734]: It took 2.95s to parse the dbt project for DAG using dbt_ls_cache
[2026-08-14T14:15:58.311+0000] {converter.py:413} INFO - Cosmos performance (dbt_gold_full_load__transform_gold) - [240eeb7f2bab|734]: It took 0.0392s to build the Airflow DAG.
[2026-08-14T14:15:58.314+0000] {converter.py:420} INFO - ::endgroup::Cosmos DAG parsing logs
[2026-08-14T14:15:58.324+0000] {converter.py:314} INFO - ::group::Cosmos DAG parsing logs
[2026-08-14T14:15:58.329+0000] {graph.py:869} INFO - Trying to parse the dbt project using dbt ls cache cosmos_cache__dbt_silver_gold_incremental__transform_silver...
[2026-08-14T14:16:02.362+0000] {cache.py:383} INFO - Cosmos performance: time to calculate cache identifier cosmos_cache__dbt_silver_gold_incremental__transform_silver for current version: 4.022088373000315
[2026-08-14T14:16:02.363+0000] {graph.py:886} INFO - Cosmos performance [240eeb7f2bab|734]: The cache size for cosmos_cache__dbt_silver_gold_incremental__transform_silver is 11366
[2026-08-14T14:16:02.365+0000] {graph.py:898} INFO - Cosmos performance: Cache hit for cosmos_cache__dbt_silver_gold_incremental__transform_silver - 350ae0d0d0c2a20a07fa8b81946e3a66,5e34606eb5f2b3dea81a8e19fa3ba138
[2026-08-14T14:16:02.367+0000] {graph.py:799} INFO - Total nodes: 13
[2026-08-14T14:16:02.369+0000] {graph.py:800} INFO - Total filtered nodes: 13
[2026-08-14T14:16:02.370+0000] {converter.py:361} INFO - Cosmos performance (dbt_silver_gold_incremental__transform_silver) - [240eeb7f2bab|734]: It took 4.04s to parse the dbt project for DAG using dbt_ls_cache
[2026-08-14T14:16:02.397+0000] {converter.py:413} INFO - Cosmos performance (dbt_silver_gold_incremental__transform_silver) - [240eeb7f2bab|734]: It took 0.0275s to build the Airflow DAG.
[2026-08-14T14:16:02.399+0000] {converter.py:420} INFO - ::endgroup::Cosmos DAG parsing logs
[2026-08-14T14:16:02.401+0000] {converter.py:314} INFO - ::group::Cosmos DAG parsing logs
[2026-08-14T14:16:02.404+0000] {graph.py:869} INFO - Trying to parse the dbt project using dbt ls cache cosmos_cache__dbt_silver_gold_incremental__transform_gold...
[2026-08-14T14:16:06.360+0000] {cache.py:383} INFO - Cosmos performance: time to calculate cache identifier cosmos_cache__dbt_silver_gold_incremental__transform_gold for current version: 3.9465132569998786
[2026-08-14T14:16:06.362+0000] {graph.py:886} INFO - Cosmos performance [240eeb7f2bab|734]: The cache size for cosmos_cache__dbt_silver_gold_incremental__transform_gold is 27667
[2026-08-14T14:16:06.367+0000] {graph.py:898} INFO - Cosmos performance: Cache hit for cosmos_cache__dbt_silver_gold_incremental__transform_gold - 350ae0d0d0c2a20a07fa8b81946e3a66,304321e940a9403dceb380589bd0566f
[2026-08-14T14:16:06.368+0000] {graph.py:799} INFO - Total nodes: 32
[2026-08-14T14:16:06.370+0000] {graph.py:800} INFO - Total filtered nodes: 32
[2026-08-14T14:16:06.371+0000] {converter.py:361} INFO - Cosmos performance (dbt_silver_gold_incremental__transform_gold) - [240eeb7f2bab|734]: It took 3.97s to parse the dbt project for DAG using dbt_ls_cache
[2026-08-14T14:16:06.438+0000] {converter.py:413} INFO - Cosmos performance (dbt_silver_gold_incremental__transform_gold) - [240eeb7f2bab|734]: It took 0.0666s to build the Airflow DAG.
[2026-08-14T14:16:06.439+0000] {converter.py:420} INFO - ::endgroup::Cosmos DAG parsing logs
[2026-08-14T14:16:06.441+0000] {converter.py:314} INFO - ::group::Cosmos DAG parsing logs
[2026-08-14T14:16:06.446+0000] {graph.py:869} INFO - Trying to parse the dbt project using dbt ls cache cosmos_cache__dbt_silver_gold_full_load__transform_silver...
[2026-08-14T14:16:10.013+0000] {cache.py:383} INFO - Cosmos performance: time to calculate cache identifier cosmos_cache__dbt_silver_gold_full_load__transform_silver for current version: 3.5558779470002264
[2026-08-14T14:16:10.014+0000] {graph.py:886} INFO - Cosmos performance [240eeb7f2bab|734]: The cache size for cosmos_cache__dbt_silver_gold_full_load__transform_silver is 11366
[2026-08-14T14:16:10.016+0000] {graph.py:898} INFO - Cosmos performance: Cache hit for cosmos_cache__dbt_silver_gold_full_load__transform_silver - 350ae0d0d0c2a20a07fa8b81946e3a66,5e34606eb5f2b3dea81a8e19fa3ba138
[2026-08-14T14:16:10.017+0000] {graph.py:799} INFO - Total nodes: 13
[2026-08-14T14:16:10.019+0000] {graph.py:800} INFO - Total filtered nodes: 13
[2026-08-14T14:16:10.020+0000] {converter.py:361} INFO - Cosmos performance (dbt_silver_gold_full_load__transform_silver) - [240eeb7f2bab|734]: It took 3.57s to parse the dbt project for DAG using dbt_ls_cache
[2026-08-14T14:16:10.045+0000] {converter.py:413} INFO - Cosmos performance (dbt_silver_gold_full_load__transform_silver) - [240eeb7f2bab|734]: It took 0.0254s to build the Airflow DAG.
[2026-08-14T14:16:10.047+0000] {converter.py:420} INFO - ::endgroup::Cosmos DAG parsing logs
[2026-08-14T14:16:10.048+0000] {converter.py:314} INFO - ::group::Cosmos DAG parsing logs
[2026-08-14T14:16:10.053+0000] {graph.py:869} INFO - Trying to parse the dbt project using dbt ls cache cosmos_cache__dbt_silver_gold_full_load__transform_gold...
[2026-08-14T14:16:13.701+0000] {cache.py:383} INFO - Cosmos performance: time to calculate cache identifier cosmos_cache__dbt_silver_gold_full_load__transform_gold for current version: 3.6378197079998245
[2026-08-14T14:16:13.703+0000] {graph.py:886} INFO - Cosmos performance [240eeb7f2bab|734]: The cache size for cosmos_cache__dbt_silver_gold_full_load__transform_gold is 27667
[2026-08-14T14:16:13.705+0000] {graph.py:898} INFO - Cosmos performance: Cache hit for cosmos_cache__dbt_silver_gold_full_load__transform_gold - 350ae0d0d0c2a20a07fa8b81946e3a66,304321e940a9403dceb380589bd0566f
[2026-08-14T14:16:13.706+0000] {graph.py:799} INFO - Total nodes: 32
[2026-08-14T14:16:13.708+0000] {graph.py:800} INFO - Total filtered nodes: 32
[2026-08-14T14:16:13.709+0000] {converter.py:361} INFO - Cosmos performance (dbt_silver_gold_full_load__transform_gold) - [240eeb7f2bab|734]: It took 3.66s to parse the dbt project for DAG using dbt_ls_cache
[2026-08-14T14:16:13.758+0000] {converter.py:413} INFO - Cosmos performance (dbt_silver_gold_full_load__transform_gold) - [240eeb7f2bab|734]: It took 0.0487s to build the Airflow DAG.
[2026-08-14T14:16:13.759+0000] {converter.py:420} INFO - ::endgroup::Cosmos DAG parsing logs
[2026-08-14T14:16:14.308+0000] {logging_mixin.py:190} INFO - 14:16:14  Installing dbt-labs/dbt_utils
[2026-08-14T14:16:15.227+0000] {logging_mixin.py:190} INFO - 14:16:15  Installed from version 1.3.0
[2026-08-14T14:16:15.229+0000] {logging_mixin.py:190} INFO - 14:16:15  Updated version available: 1.4.1
[2026-08-14T14:16:15.232+0000] {logging_mixin.py:190} INFO - 14:16:15  Installing metaplane/dbt_expectations
[2026-08-14T14:16:16.172+0000] {logging_mixin.py:190} INFO - 14:16:16  Installed from version 0.10.8
[2026-08-14T14:16:16.174+0000] {logging_mixin.py:190} INFO - 14:16:16  Updated version available: 0.10.10
[2026-08-14T14:16:16.176+0000] {logging_mixin.py:190} INFO - 14:16:16  Installing godatadriven/dbt_date
[2026-08-14T14:16:16.843+0000] {logging_mixin.py:190} INFO - 14:16:16  Installed from version 0.15.0
[2026-08-14T14:16:16.846+0000] {logging_mixin.py:190} INFO - 14:16:16  Up to date!
[2026-08-14T14:16:16.850+0000] {logging_mixin.py:190} INFO - 14:16:16
[2026-08-14T14:16:16.854+0000] {logging_mixin.py:190} INFO - 14:16:16  Updates available for packages: ['dbt-labs/dbt_utils', 'metaplane/dbt_expectations']                 
Update your versions in packages.yml, then run dbt deps
[2026-08-14T14:16:18.262+0000] {runner.py:95} INFO - Trying to run dbtRunner with:
 ['run', '--select', 'fqn:logistics_transformation.marts.fact_order_stops', '--full-refresh', '--project-dir', '/tmp/tmp0kf2aa6i', '--profiles-dir', '/opt/airflow/dbt_transform', '--profile', 'lakehouse_dbt', '--target', 'dev', '--no-static-parser']
 in /tmp/tmp0kf2aa6i
[2026-08-14T14:16:18.296+0000] {logging_mixin.py:190} INFO - 14:16:18  Running with dbt=1.8.8
[2026-08-14T14:16:18.353+0000] {auth.py:343} INFO - keyring module not found. OAuth2 token will not be stored in keyring.
[2026-08-14T14:16:18.362+0000] {auth.py:343} INFO - keyring module not found. OAuth2 token will not be stored in keyring.
[2026-08-14T14:16:18.626+0000] {logging_mixin.py:190} INFO - 14:16:18  Registered adapter: trino=1.8.5
[2026-08-14T14:16:19.518+0000] {logging_mixin.py:190} INFO - 14:16:19  Unable to do partial parsing because config vars, config profile, or config target have changed
[2026-08-14T14:16:19.532+0000] {logging_mixin.py:190} INFO - 14:16:19  Unable to do partial parsing because a project dependency has been added
[2026-08-14T14:16:22.342+0000] {logging_mixin.py:190} INFO - 14:16:22  [WARNING]: Deprecated functionality
The `tests` config has been renamed to `data_tests`. Please see
https://docs.getdbt.com/docs/build/data-tests#new-data_tests-syntax for more
information.
[2026-08-14T14:16:23.159+0000] {logging_mixin.py:190} INFO - 14:16:23  Found 11 models, 36 data tests, 1 source, 839 macros
[2026-08-14T14:16:23.165+0000] {logging_mixin.py:190} INFO - 14:16:23
[2026-08-14T14:16:23.193+0000] {logging_mixin.py:190} INFO - 14:16:23  [WARNING]: SSL certificate validation is disabled by default. It is legacy behavior which will be changed in future releases. It is strongly advised to enable `require_certificate_validation` flag or explicitly set `cert` configuration to `True` for security reasons. You may receive an error after that if your SSL setup is incorrect.
You may opt into the new behavior sooner by setting `flags.require_certificate_validation` to `True` in `dbt_project.yml`.
Visit https://docs.getdbt.com/reference/global-configs/behavior-changes for more information.
[2026-08-14T14:16:23.224+0000] {logging_mixin.py:190} INFO - 14:16:23
[2026-08-14T14:16:23.227+0000] {logging_mixin.py:190} INFO - 14:16:23  Finished running  in 0 hours 0 minutes and 0.06 seconds (0.06s).
[2026-08-14T14:16:23.229+0000] {logging_mixin.py:190} INFO - 14:16:23  Encountered an error:
Database Error
  TrinoUserError(type=USER_ERROR, name=CATALOG_NOT_FOUND, message="Catalog 'iceberg' not found", query_id=20260814_141623_00008_b5asc)
[2026-08-14T14:16:24.331+0000] {local.py:196} WARNING - Artifact schema version: https://schemas.getdbt.com/dbt/manifest/v12.json is above dbt-ol supported version 7. This might cause errors.
[2026-08-14T14:16:24.334+0000] {local.py:594} INFO - Inlets: []
[2026-08-14T14:16:24.335+0000] {local.py:595} INFO - Outlets: []
[2026-08-14T14:16:24.336+0000] {local.py:886} INFO - Assigning inlets/outlets with DatasetAlias in Airflow 2
[2026-08-14T14:16:24.372+0000] {taskinstance.py:3310} ERROR - Task failed with exception
Traceback (most recent call last):
  File "/home/airflow/.local/lib/python3.10/site-packages/airflow/models/taskinstance.py", line 767, in _execute_task
    result = _execute_callable(context=context, **execute_callable_kwargs)
  File "/home/airflow/.local/lib/python3.10/site-packages/airflow/models/taskinstance.py", line 733, in _execute_callable
    return ExecutionCallableRunner(
  File "/home/airflow/.local/lib/python3.10/site-packages/airflow/utils/operator_helpers.py", line 252, in run
    return self.func(*args, **kwargs)
  File "/home/airflow/.local/lib/python3.10/site-packages/cosmos/operators/base.py", line 346, in execute
    self.build_and_run_cmd(context=context, cmd_flags=self.add_cmd_flags(), **kwargs)
  File "/home/airflow/.local/lib/python3.10/site-packages/cosmos/operators/local.py", line 968, in build_and_run_cmd
    result = self.run_command(
  File "/home/airflow/.local/lib/python3.10/site-packages/cosmos/operators/local.py", line 743, in run_command
    self.handle_exception(result)
  File "/home/airflow/.local/lib/python3.10/site-packages/cosmos/operators/local.py", line 308, in handle_exception_dbt_runner
    return dbt_runner.handle_exception_if_needed(result)
  File "/home/airflow/.local/lib/python3.10/site-packages/cosmos/dbt/runner.py", line 152, in handle_exception_if_needed
    raise CosmosDbtRunError(f"dbt invocation did not complete with unhandled error: {result.exception}")
cosmos.exceptions.CosmosDbtRunError: dbt invocation did not complete with unhandled error: Database Error
  TrinoUserError(type=USER_ERROR, name=CATALOG_NOT_FOUND, message="Catalog 'iceberg' not found", query_id=20260814_141623_00008_b5asc)
[2026-08-14T14:16:25.034+0000] {_client.py:1026} INFO - HTTP Request: GET https://astronomer.gateway.scarf.sh/astronomer-cosmos/v3/task_instance?cosmos_version=1.15.0&airflow_version=2.10.2&python_version=3.10.15&platform_system=Linux&platform_machine=x86_64&status=failed&operator_name=DbtRunLocalOperator&is_cosmos_operator_subclass=False&invocation_mode=dbt_runner&execution_mode=local&profile_strategy=yaml_file&profile_mapping_class=None&database=trino&is_mapped_task=False&dbt_command=run&install_deps=True&has_callback=False&duration=37.204685 "HTTP/1.1 200 OK"
[2026-08-14T14:16:25.037+0000] {taskinstance.py:1225} INFO - Marking task as UP_FOR_RETRY. dag_id=dbt_gold_full_load, task_id=transform_gold.fact_order_stops.run, run_id=manual__2026-08-14T14:15:40.543876+00:00, execution_date=20260814T141540, start_date=20260814T141547, end_date=20260814T141624
[2026-08-14T14:16:25.054+0000] {taskinstance.py:340} INFO - ::group::Post task execution logs
[2026-08-14T14:16:25.056+0000] {standard_task_runner.py:124} ERROR - Failed to execute job 202 for task transform_gold.fact_order_stops.run (dbt invocation did not complete with unhandled error: Database Error
  TrinoUserError(type=USER_ERROR, name=CATALOG_NOT_FOUND, message="Catalog 'iceberg' not found", query_id=20260814_141623_00008_b5asc); 734)
Traceback (most recent call last):
  File "/home/airflow/.local/lib/python3.10/site-packages/airflow/task/task_runner/standard_task_runner.py", line 117, in _start_by_fork
    ret = args.func(args, dag=self.dag)
  File "/home/airflow/.local/lib/python3.10/site-packages/airflow/cli/cli_config.py", line 49, in command
    return func(*args, **kwargs)
  File "/home/airflow/.local/lib/python3.10/site-packages/airflow/utils/cli.py", line 115, in wrapper
    return f(*args, **kwargs)
  File "/home/airflow/.local/lib/python3.10/site-packages/airflow/cli/commands/task_command.py", line 483, in task_run
    task_return_code = _run_task_by_selected_method(args, _dag, ti)
  File "/home/airflow/.local/lib/python3.10/site-packages/airflow/cli/commands/task_command.py", line 256, in _run_task_by_selected_method
    return _run_raw_task(args, ti)
  File "/home/airflow/.local/lib/python3.10/site-packages/airflow/cli/commands/task_command.py", line 341, in _run_raw_task
    return ti._run_raw_task(
  File "/home/airflow/.local/lib/python3.10/site-packages/airflow/utils/session.py", line 97, in wrapper
    return func(*args, session=session, **kwargs)
  File "/home/airflow/.local/lib/python3.10/site-packages/airflow/models/taskinstance.py", line 3004, in _run_raw_task
    return _run_raw_task(
  File "/home/airflow/.local/lib/python3.10/site-packages/airflow/models/taskinstance.py", line 273, in _run_raw_task
    TaskInstance._execute_task_with_callbacks(
  File "/home/airflow/.local/lib/python3.10/site-packages/airflow/models/taskinstance.py", line 3158, in _execute_task_with_callbacks
    result = self._execute_task(context, task_orig)
  File "/home/airflow/.local/lib/python3.10/site-packages/airflow/models/taskinstance.py", line 3182, in _execute_task
    return _execute_task(self, context, task_orig)
  File "/home/airflow/.local/lib/python3.10/site-packages/airflow/models/taskinstance.py", line 767, in _execute_task
    result = _execute_callable(context=context, **execute_callable_kwargs)
  File "/home/airflow/.local/lib/python3.10/site-packages/airflow/models/taskinstance.py", line 733, in _execute_callable
    return ExecutionCallableRunner(
  File "/home/airflow/.local/lib/python3.10/site-packages/airflow/utils/operator_helpers.py", line 252, in run
    return self.func(*args, **kwargs)
  File "/home/airflow/.local/lib/python3.10/site-packages/cosmos/operators/base.py", line 346, in execute
    self.build_and_run_cmd(context=context, cmd_flags=self.add_cmd_flags(), **kwargs)
  File "/home/airflow/.local/lib/python3.10/site-packages/cosmos/operators/local.py", line 968, in build_and_run_cmd
    result = self.run_command(
  File "/home/airflow/.local/lib/python3.10/site-packages/cosmos/operators/local.py", line 743, in run_command
    self.handle_exception(result)
  File "/home/airflow/.local/lib/python3.10/site-packages/cosmos/operators/local.py", line 308, in handle_exception_dbt_runner
    return dbt_runner.handle_exception_if_needed(result)
  File "/home/airflow/.local/lib/python3.10/site-packages/cosmos/dbt/runner.py", line 152, in handle_exception_if_needed
    raise CosmosDbtRunError(f"dbt invocation did not complete with unhandled error: {result.exception}")
cosmos.exceptions.CosmosDbtRunError: dbt invocation did not complete with unhandled error: Database Error
  TrinoUserError(type=USER_ERROR, name=CATALOG_NOT_FOUND, message="Catalog 'iceberg' not found", query_id=20260814_141623_00008_b5asc)
[2026-08-14T14:16:25.105+0000] {local_task_job_runner.py:266} INFO - Task exited with return code 1
[2026-08-14T14:16:25.131+0000] {taskinstance.py:3900} INFO - 0 downstream tasks scheduled from follow-on schedule check
[2026-08-14T14:16:25.135+0000] {local_task_job_runner.py:245} INFO - ::endgroup::
