[2026-07-19T04:48:03.418+0000] {local_task_job_runner.py:123} INFO - ::group::Pre task execution logs
[2026-07-19T04:48:03.449+0000] {taskinstance.py:2612} INFO - Dependencies all met for dep_context=non-requeueable deps ti=<TaskInstance: dbt_silver_gold_incremental.transform_gold.dim_issues.run manual__2026-07-19T04:46:39.963985+00:00 [queued]>
[2026-07-19T04:48:03.462+0000] {taskinstance.py:2612} INFO - Dependencies all met for dep_context=requeueable deps ti=<TaskInstance: dbt_silver_gold_incremental.transform_gold.dim_issues.run manual__2026-07-19T04:46:39.963985+00:00 [queued]>
[2026-07-19T04:48:03.463+0000] {taskinstance.py:2865} INFO - Starting attempt 1 of 2
[2026-07-19T04:48:03.488+0000] {taskinstance.py:2888} INFO - Executing <Task(DbtRunLocalOperator): transform_gold.dim_issues.run> on 2026-07-19 04:46:39.963985+00:00
[2026-07-19T04:48:03.496+0000] {standard_task_runner.py:72} INFO - Started process 1676 to run task
[2026-07-19T04:48:03.504+0000] {standard_task_runner.py:104} INFO - Running: ['airflow', 'tasks', 'run', 'dbt_silver_gold_incremental', 'transform_gold.dim_issues.run', 'manual__2026-07-19T04:46:39.963985+00:00', '--job-id', '20', '--raw', '--subdir', 'DAGS_FOLDER/dbt_silver_gold.py', '--cfg-path', '/tmp/tmpxxhbur0f']
[2026-07-19T04:48:03.509+0000] {standard_task_runner.py:105} INFO - Job 20: Subtask transform_gold.dim_issues.run
[2026-07-19T04:48:03.612+0000] {task_command.py:467} INFO - Running <TaskInstance: dbt_silver_gold_incremental.transform_gold.dim_issues.run manual__2026-07-19T04:46:39.963985+00:00 [running]> on host e086fa01d0f5
[2026-07-19T04:48:03.761+0000] {taskinstance.py:3131} INFO - Exporting env vars: AIRFLOW_CTX_DAG_OWNER='data_engineer' AIRFLOW_CTX_DAG_ID='dbt_silver_gold_incremental' AIRFLOW_CTX_TASK_ID='transform_gold.dim_issues.run' AIRFLOW_CTX_EXECUTION_DATE='2026-07-19T04:46:39.963985+00:00' AIRFLOW_CTX_TRY_NUMBER='1' AIRFLOW_CTX_DAG_RUN_ID='manual__2026-07-19T04:46:39.963985+00:00'
[2026-07-19T04:48:03.765+0000] {taskinstance.py:731} INFO - ::endgroup::
[2026-07-19T04:48:05.837+0000] {local.py:294} INFO - dbtRunner is available. Using dbtRunner for invoking dbt.
[2026-07-19T04:48:05.840+0000] {local.py:518} INFO - Cloning project to writable temp directory /tmp/tmp3csc4sl5 from /opt/airflow/dbt_transform
[2026-07-19T04:48:05.859+0000] {local.py:538} INFO - Partial parse is enabled and the latest partial parse file is /tmp/cosmos/dbt_silver_gold_incremental__transform_gold/target/partial_parse.msgpack
[2026-07-19T04:48:05.914+0000] {config.py:395} INFO - Using user-supplied profiles.yml at /opt/airflow/dbt_transform/profiles.yml
[2026-07-19T04:48:05.933+0000] {runner.py:95} INFO - Trying to run dbtRunner with:
 ['deps', '--project-dir', '/tmp/tmp3csc4sl5', '--profiles-dir', '/opt/airflow/dbt_transform', '--profile', 'lakehouse_dbt', '--target', 'dev', '--no-static-parser']
 in /tmp/tmp3csc4sl5
[2026-07-19T04:48:06.072+0000] {logging_mixin.py:190} INFO - 04:48:06  Running with dbt=1.8.8
[2026-07-19T04:48:06.282+0000] {converter.py:314} INFO - ::group::Cosmos DAG parsing logs
[2026-07-19T04:48:06.288+0000] {graph.py:869} INFO - Trying to parse the dbt project using dbt ls cache cosmos_cache__dbt_silver_gold_incremental__transform_silver...
[2026-07-19T04:48:08.859+0000] {cache.py:383} INFO - Cosmos performance: time to calculate cache identifier cosmos_cache__dbt_silver_gold_incremental__transform_silver for current version: 2.5574310829997557
[2026-07-19T04:48:08.861+0000] {graph.py:886} INFO - Cosmos performance [e086fa01d0f5|1676]: The cache size for cosmos_cache__dbt_silver_gold_incremental__transform_silver is 5960
[2026-07-19T04:48:08.862+0000] {graph.py:898} INFO - Cosmos performance: Cache hit for cosmos_cache__dbt_silver_gold_incremental__transform_silver - ccb89f537d6e9098d854bb64f1ff230b,5e34606eb5f2b3dea81a8e19fa3ba138
[2026-07-19T04:48:08.864+0000] {graph.py:799} INFO - Total nodes: 7
[2026-07-19T04:48:08.866+0000] {graph.py:800} INFO - Total filtered nodes: 7
[2026-07-19T04:48:08.867+0000] {converter.py:361} INFO - Cosmos performance (dbt_silver_gold_incremental__transform_silver) - [e086fa01d0f5|1676]: It took 2.58s to parse the dbt project for DAG using dbt_ls_cache
[2026-07-19T04:48:08.878+0000] {converter.py:413} INFO - Cosmos performance (dbt_silver_gold_incremental__transform_silver) - [e086fa01d0f5|1676]: It took 0.0106s to build the Airflow DAG.
[2026-07-19T04:48:08.880+0000] {converter.py:420} INFO - ::endgroup::Cosmos DAG parsing logs
[2026-07-19T04:48:08.881+0000] {converter.py:314} INFO - ::group::Cosmos DAG parsing logs
[2026-07-19T04:48:08.885+0000] {graph.py:869} INFO - Trying to parse the dbt project using dbt ls cache cosmos_cache__dbt_silver_gold_incremental__transform_gold...
[2026-07-19T04:48:11.115+0000] {cache.py:383} INFO - Cosmos performance: time to calculate cache identifier cosmos_cache__dbt_silver_gold_incremental__transform_gold for current version: 2.210540733000016
[2026-07-19T04:48:11.117+0000] {graph.py:886} INFO - Cosmos performance [e086fa01d0f5|1676]: The cache size for cosmos_cache__dbt_silver_gold_incremental__transform_gold is 35986
[2026-07-19T04:48:11.120+0000] {graph.py:898} INFO - Cosmos performance: Cache hit for cosmos_cache__dbt_silver_gold_incremental__transform_gold - ccb89f537d6e9098d854bb64f1ff230b,304321e940a9403dceb380589bd0566f
[2026-07-19T04:48:11.122+0000] {graph.py:799} INFO - Total nodes: 39
[2026-07-19T04:48:11.124+0000] {graph.py:800} INFO - Total filtered nodes: 39
[2026-07-19T04:48:11.125+0000] {converter.py:361} INFO - Cosmos performance (dbt_silver_gold_incremental__transform_gold) - [e086fa01d0f5|1676]: It took 2.24s to parse the dbt project for DAG using dbt_ls_cache
[2026-07-19T04:48:11.167+0000] {converter.py:413} INFO - Cosmos performance (dbt_silver_gold_incremental__transform_gold) - [e086fa01d0f5|1676]: It took 0.0416s to build the Airflow DAG.
[2026-07-19T04:48:11.168+0000] {converter.py:420} INFO - ::endgroup::Cosmos DAG parsing logs
[2026-07-19T04:48:11.171+0000] {converter.py:314} INFO - ::group::Cosmos DAG parsing logs
[2026-07-19T04:48:11.179+0000] {graph.py:869} INFO - Trying to parse the dbt project using dbt ls cache cosmos_cache__dbt_silver_gold_full_load__transform_silver...
[2026-07-19T04:48:13.394+0000] {cache.py:383} INFO - Cosmos performance: time to calculate cache identifier cosmos_cache__dbt_silver_gold_full_load__transform_silver for current version: 2.1919877260006615
[2026-07-19T04:48:13.396+0000] {graph.py:886} INFO - Cosmos performance [e086fa01d0f5|1676]: The cache size for cosmos_cache__dbt_silver_gold_full_load__transform_silver is 5960
[2026-07-19T04:48:13.398+0000] {graph.py:898} INFO - Cosmos performance: Cache hit for cosmos_cache__dbt_silver_gold_full_load__transform_silver - ccb89f537d6e9098d854bb64f1ff230b,5e34606eb5f2b3dea81a8e19fa3ba138
[2026-07-19T04:48:13.399+0000] {graph.py:799} INFO - Total nodes: 7
[2026-07-19T04:48:13.400+0000] {graph.py:800} INFO - Total filtered nodes: 7
[2026-07-19T04:48:13.402+0000] {converter.py:361} INFO - Cosmos performance (dbt_silver_gold_full_load__transform_silver) - [e086fa01d0f5|1676]: It took 2.22s to parse the dbt project for DAG using dbt_ls_cache
[2026-07-19T04:48:13.410+0000] {converter.py:413} INFO - Cosmos performance (dbt_silver_gold_full_load__transform_silver) - [e086fa01d0f5|1676]: It took 0.00847s to build the Airflow DAG.
[2026-07-19T04:48:13.411+0000] {converter.py:420} INFO - ::endgroup::Cosmos DAG parsing logs
[2026-07-19T04:48:13.413+0000] {converter.py:314} INFO - ::group::Cosmos DAG parsing logs
[2026-07-19T04:48:13.417+0000] {graph.py:869} INFO - Trying to parse the dbt project using dbt ls cache cosmos_cache__dbt_silver_gold_full_load__transform_gold...
[2026-07-19T04:48:15.580+0000] {cache.py:383} INFO - Cosmos performance: time to calculate cache identifier cosmos_cache__dbt_silver_gold_full_load__transform_gold for current version: 2.149738538000747
[2026-07-19T04:48:15.581+0000] {graph.py:886} INFO - Cosmos performance [e086fa01d0f5|1676]: The cache size for cosmos_cache__dbt_silver_gold_full_load__transform_gold is 35986
[2026-07-19T04:48:15.585+0000] {graph.py:898} INFO - Cosmos performance: Cache hit for cosmos_cache__dbt_silver_gold_full_load__transform_gold - ccb89f537d6e9098d854bb64f1ff230b,304321e940a9403dceb380589bd0566f
[2026-07-19T04:48:15.586+0000] {graph.py:799} INFO - Total nodes: 39
[2026-07-19T04:48:15.588+0000] {graph.py:800} INFO - Total filtered nodes: 39
[2026-07-19T04:48:15.589+0000] {converter.py:361} INFO - Cosmos performance (dbt_silver_gold_full_load__transform_gold) - [e086fa01d0f5|1676]: It took 2.17s to parse the dbt project for DAG using dbt_ls_cache
[2026-07-19T04:48:15.626+0000] {converter.py:413} INFO - Cosmos performance (dbt_silver_gold_full_load__transform_gold) - [e086fa01d0f5|1676]: It took 0.037s to build the Airflow DAG.
[2026-07-19T04:48:15.628+0000] {converter.py:420} INFO - ::endgroup::Cosmos DAG parsing logs
[2026-07-19T04:48:16.084+0000] {logging_mixin.py:190} INFO - 04:48:16  Installing dbt-labs/dbt_utils
[2026-07-19T04:48:16.609+0000] {logging_mixin.py:190} INFO - 04:48:16  Installed from version 1.3.0
[2026-07-19T04:48:16.612+0000] {logging_mixin.py:190} INFO - 04:48:16  Updated version available: 1.4.1
[2026-07-19T04:48:16.614+0000] {logging_mixin.py:190} INFO - 04:48:16  Installing metaplane/dbt_expectations
[2026-07-19T04:48:16.951+0000] {local_task_job_runner.py:127} ERROR - Received SIGTERM. Terminating subprocesses
[2026-07-19T04:48:17.073+0000] {process_utils.py:132} INFO - Sending 15 to group 1676. PIDs of all processes in the group: [1676]
[2026-07-19T04:48:17.077+0000] {process_utils.py:87} INFO - Sending the signal 15 to group 1676
[2026-07-19T04:48:17.079+0000] {taskinstance.py:3092} ERROR - Received SIGTERM. Terminating subprocesses.
[2026-07-19T04:48:17.090+0000] {logging_mixin.py:190} INFO - 04:48:17  Encountered an error:
Task received SIGTERM signal
[2026-07-19T04:48:17.101+0000] {logging_mixin.py:190} INFO - 04:48:17  Traceback (most recent call last):
  File "/home/airflow/.local/lib/python3.10/site-packages/dbt/cli/requires.py", line 138, in wrapper
    result, success = func(*args, **kwargs)
  File "/home/airflow/.local/lib/python3.10/site-packages/dbt/cli/requires.py", line 101, in wrapper
    return func(*args, **kwargs)
  File "/home/airflow/.local/lib/python3.10/site-packages/dbt/cli/requires.py", line 201, in wrapper
    return func(*args, **kwargs)
  File "/home/airflow/.local/lib/python3.10/site-packages/dbt/cli/requires.py", line 247, in wrapper
    return func(*args, **kwargs)
  File "/home/airflow/.local/lib/python3.10/site-packages/dbt/cli/main.py", line 447, in deps
    results = task.run()
  File "/home/airflow/.local/lib/python3.10/site-packages/dbt/task/deps.py", line 260, in run
    package.install(self.project, renderer)
  File "/home/airflow/.local/lib/python3.10/site-packages/dbt/deps/registry.py", line 66, in install
    self._install(project, renderer)
  File "/home/airflow/.local/lib/python3.10/site-packages/dbt/deps/base.py", line 121, in _install
    connection_exception_retry(download_untar_fn, 5)
  File "/home/airflow/.local/lib/python3.10/site-packages/dbt_common/utils/connection.py", line 21, in connection_exception_retry
    return fn()
  File "/home/airflow/.local/lib/python3.10/site-packages/dbt/deps/base.py", line 132, in download_and_untar
    system.download(download_url, tar_path)
  File "/home/airflow/.local/lib/python3.10/site-packages/dbt_common/clients/system.py", line 592, in download
    response = requests.get(url, timeout=connection_timeout)
  File "/home/airflow/.local/lib/python3.10/site-packages/requests/api.py", line 73, in get
    return request("get", url, params=params, **kwargs)
  File "/home/airflow/.local/lib/python3.10/site-packages/requests/api.py", line 59, in request
    return session.request(method=method, url=url, **kwargs)
  File "/home/airflow/.local/lib/python3.10/site-packages/requests/sessions.py", line 589, in request
    resp = self.send(prep, **send_kwargs)
  File "/home/airflow/.local/lib/python3.10/site-packages/requests/sessions.py", line 703, in send
    r = adapter.send(request, **kwargs)
  File "/home/airflow/.local/lib/python3.10/site-packages/requests/adapters.py", line 667, in send
    resp = conn.urlopen(
  File "/home/airflow/.local/lib/python3.10/site-packages/urllib3/connectionpool.py", line 789, in urlopen
    response = self._make_request(
  File "/home/airflow/.local/lib/python3.10/site-packages/urllib3/connectionpool.py", line 536, in _make_request
    response = conn.getresponse()
  File "/home/airflow/.local/lib/python3.10/site-packages/urllib3/connection.py", line 464, in getresponse
    httplib_response = super().getresponse()
  File "/usr/local/lib/python3.10/http/client.py", line 1375, in getresponse
    response.begin()
  File "/usr/local/lib/python3.10/http/client.py", line 318, in begin
    version, status, reason = self._read_status()
  File "/usr/local/lib/python3.10/http/client.py", line 279, in _read_status
    line = str(self.fp.readline(_MAXLINE + 1), "iso-8859-1")
  File "/usr/local/lib/python3.10/socket.py", line 717, in readinto
    return self._sock.recv_into(b)
  File "/usr/local/lib/python3.10/ssl.py", line 1307, in recv_into
    return self.read(nbytes, buffer)
  File "/usr/local/lib/python3.10/ssl.py", line 1163, in read
    return self._sslobj.read(len, buffer)
  File "/home/airflow/.local/lib/python3.10/site-packages/airflow/models/taskinstance.py", line 3094, in signal_handler
    raise AirflowTaskTerminated("Task received SIGTERM signal")
airflow.exceptions.AirflowTaskTerminated: Task received SIGTERM signal
