[2026-08-10T04:18:43.651+0000] {local_task_job_runner.py:123} INFO - ::group::Pre task execution logs
[2026-08-10T04:18:43.705+0000] {taskinstance.py:2612} INFO - Dependencies all met for dep_context=non-requeueable deps ti=<TaskInstance: dbt_silver_gold_incremental.transform_silver.stg_order_requests.run manual__2026-08-10T04:18:26.584426+00:00 [queued]>
[2026-08-10T04:18:43.725+0000] {taskinstance.py:2612} INFO - Dependencies all met for dep_context=requeueable deps ti=<TaskInstance: dbt_silver_gold_incremental.transform_silver.stg_order_requests.run manual__2026-08-10T04:18:26.584426+00:00 [queued]>
[2026-08-10T04:18:43.728+0000] {taskinstance.py:2865} INFO - Starting attempt 1 of 2
[2026-08-10T04:18:43.758+0000] {taskinstance.py:2888} INFO - Executing <Task(DbtRunLocalOperator): transform_silver.stg_order_requests.run> on 2026-08-10 04:18:26.584426+00:00
[2026-08-10T04:18:43.767+0000] {standard_task_runner.py:72} INFO - Started process 6382 to run task
[2026-08-10T04:18:43.776+0000] {standard_task_runner.py:104} INFO - Running: ['airflow', 'tasks', 'run', 'dbt_silver_gold_incremental', 'transform_silver.stg_order_requests.run', 'manual__2026-08-10T04:18:26.584426+00:00', '--job-id', '15', '--raw', '--subdir', 'DAGS_FOLDER/dbt_silver_gold.py', '--cfg-path', '/tmp/tmpudub29jh']
[2026-08-10T04:18:43.785+0000] {standard_task_runner.py:105} INFO - Job 15: Subtask transform_silver.stg_order_requests.run
[2026-08-10T04:18:43.974+0000] {task_command.py:467} INFO - Running <TaskInstance: dbt_silver_gold_incremental.transform_silver.stg_order_requests.run manual__2026-08-10T04:18:26.584426+00:00 [running]> on host 1d4fe4812eeb
[2026-08-10T04:18:44.201+0000] {taskinstance.py:3131} INFO - Exporting env vars: AIRFLOW_CTX_DAG_OWNER='data_engineer' AIRFLOW_CTX_DAG_ID='dbt_silver_gold_incremental' AIRFLOW_CTX_TASK_ID='transform_silver.stg_order_requests.run' AIRFLOW_CTX_EXECUTION_DATE='2026-08-10T04:18:26.584426+00:00' AIRFLOW_CTX_TRY_NUMBER='1' AIRFLOW_CTX_DAG_RUN_ID='manual__2026-08-10T04:18:26.584426+00:00'
[2026-08-10T04:18:44.206+0000] {taskinstance.py:731} INFO - ::endgroup::
[2026-08-10T04:18:48.207+0000] {local.py:294} INFO - dbtRunner is available. Using dbtRunner for invoking dbt.
[2026-08-10T04:18:48.212+0000] {local.py:518} INFO - Cloning project to writable temp directory /tmp/tmpge5alqta from /opt/airflow/dbt_transform
[2026-08-10T04:18:48.236+0000] {local.py:538} INFO - Partial parse is enabled and the latest partial parse file is /tmp/cosmos/dbt_silver_gold_incremental__transform_silver/target/partial_parse.msgpack
[2026-08-10T04:18:48.318+0000] {config.py:395} INFO - Using user-supplied profiles.yml at /opt/airflow/dbt_transform/profiles.yml
[2026-08-10T04:18:48.345+0000] {runner.py:95} INFO - Trying to run dbtRunner with:
 ['deps', '--project-dir', '/tmp/tmpge5alqta', '--profiles-dir', '/opt/airflow/dbt_transform', '--profile', 'lakehouse_dbt', '--target', 'dev', '--no-static-parser']
 in /tmp/tmpge5alqta
[2026-08-10T04:18:48.556+0000] {logging_mixin.py:190} INFO - 04:18:48  Running with dbt=1.8.8
[2026-08-10T04:18:49.434+0000] {converter.py:314} INFO - ::group::Cosmos DAG parsing logs
[2026-08-10T04:18:49.442+0000] {graph.py:869} INFO - Trying to parse the dbt project using dbt ls cache cosmos_cache__dbt_silver_gold_incremental__transform_silver...
[2026-08-10T04:18:54.555+0000] {cache.py:383} INFO - Cosmos performance: time to calculate cache identifier cosmos_cache__dbt_silver_gold_incremental__transform_silver for current version: 5.049352166000062
[2026-08-10T04:18:54.558+0000] {graph.py:886} INFO - Cosmos performance [1d4fe4812eeb|6382]: The cache size for cosmos_cache__dbt_silver_gold_incremental__transform_silver is 11336
[2026-08-10T04:18:54.562+0000] {graph.py:898} INFO - Cosmos performance: Cache hit for cosmos_cache__dbt_silver_gold_incremental__transform_silver - 260da896f6e2d7af673827e88bfa838b,5e34606eb5f2b3dea81a8e19fa3ba138
[2026-08-10T04:18:54.564+0000] {graph.py:799} INFO - Total nodes: 13
[2026-08-10T04:18:54.566+0000] {graph.py:800} INFO - Total filtered nodes: 13
[2026-08-10T04:18:54.568+0000] {converter.py:361} INFO - Cosmos performance (dbt_silver_gold_incremental__transform_silver) - [1d4fe4812eeb|6382]: It took 5.13s to parse the dbt project for DAG using dbt_ls_cache
[2026-08-10T04:18:54.602+0000] {converter.py:413} INFO - Cosmos performance (dbt_silver_gold_incremental__transform_silver) - [1d4fe4812eeb|6382]: It took 0.0338s to build the Airflow DAG.
[2026-08-10T04:18:54.604+0000] {converter.py:420} INFO - ::endgroup::Cosmos DAG parsing logs
[2026-08-10T04:18:54.607+0000] {converter.py:314} INFO - ::group::Cosmos DAG parsing logs
[2026-08-10T04:18:54.615+0000] {graph.py:869} INFO - Trying to parse the dbt project using dbt ls cache cosmos_cache__dbt_silver_gold_incremental__transform_gold...
[2026-08-10T04:18:58.750+0000] {cache.py:383} INFO - Cosmos performance: time to calculate cache identifier cosmos_cache__dbt_silver_gold_incremental__transform_gold for current version: 4.108984190000001
[2026-08-10T04:18:58.752+0000] {graph.py:886} INFO - Cosmos performance [1d4fe4812eeb|6382]: The cache size for cosmos_cache__dbt_silver_gold_incremental__transform_gold is 14739
[2026-08-10T04:18:58.755+0000] {graph.py:898} INFO - Cosmos performance: Cache hit for cosmos_cache__dbt_silver_gold_incremental__transform_gold - 260da896f6e2d7af673827e88bfa838b,304321e940a9403dceb380589bd0566f
[2026-08-10T04:18:58.757+0000] {graph.py:799} INFO - Total nodes: 16
[2026-08-10T04:18:58.759+0000] {graph.py:800} INFO - Total filtered nodes: 16
[2026-08-10T04:18:58.761+0000] {converter.py:361} INFO - Cosmos performance (dbt_silver_gold_incremental__transform_gold) - [1d4fe4812eeb|6382]: It took 4.15s to parse the dbt project for DAG using dbt_ls_cache
[2026-08-10T04:18:58.797+0000] {converter.py:413} INFO - Cosmos performance (dbt_silver_gold_incremental__transform_gold) - [1d4fe4812eeb|6382]: It took 0.0363s to build the Airflow DAG.
[2026-08-10T04:18:58.799+0000] {converter.py:420} INFO - ::endgroup::Cosmos DAG parsing logs
[2026-08-10T04:18:58.803+0000] {converter.py:314} INFO - ::group::Cosmos DAG parsing logs
[2026-08-10T04:18:58.809+0000] {graph.py:869} INFO - Trying to parse the dbt project using dbt ls cache cosmos_cache__dbt_silver_gold_full_load__transform_silver...
[2026-08-10T04:19:01.971+0000] {cache.py:383} INFO - Cosmos performance: time to calculate cache identifier cosmos_cache__dbt_silver_gold_full_load__transform_silver for current version: 3.1365594190001502
[2026-08-10T04:19:01.975+0000] {graph.py:886} INFO - Cosmos performance [1d4fe4812eeb|6382]: The cache size for cosmos_cache__dbt_silver_gold_full_load__transform_silver is 11336
[2026-08-10T04:19:01.979+0000] {graph.py:898} INFO - Cosmos performance: Cache hit for cosmos_cache__dbt_silver_gold_full_load__transform_silver - 260da896f6e2d7af673827e88bfa838b,5e34606eb5f2b3dea81a8e19fa3ba138
[2026-08-10T04:19:01.985+0000] {graph.py:799} INFO - Total nodes: 13
[2026-08-10T04:19:01.989+0000] {graph.py:800} INFO - Total filtered nodes: 13
[2026-08-10T04:19:01.992+0000] {converter.py:361} INFO - Cosmos performance (dbt_silver_gold_full_load__transform_silver) - [1d4fe4812eeb|6382]: It took 3.18s to parse the dbt project for DAG using dbt_ls_cache
[2026-08-10T04:19:02.043+0000] {converter.py:413} INFO - Cosmos performance (dbt_silver_gold_full_load__transform_silver) - [1d4fe4812eeb|6382]: It took 0.0505s to build the Airflow DAG.
[2026-08-10T04:19:02.049+0000] {converter.py:420} INFO - ::endgroup::Cosmos DAG parsing logs
[2026-08-10T04:19:02.056+0000] {converter.py:314} INFO - ::group::Cosmos DAG parsing logs
[2026-08-10T04:19:02.074+0000] {graph.py:869} INFO - Trying to parse the dbt project using dbt ls cache cosmos_cache__dbt_silver_gold_full_load__transform_gold...
[2026-08-10T04:19:05.531+0000] {cache.py:383} INFO - Cosmos performance: time to calculate cache identifier cosmos_cache__dbt_silver_gold_full_load__transform_gold for current version: 3.3944058909999058
[2026-08-10T04:19:05.533+0000] {graph.py:886} INFO - Cosmos performance [1d4fe4812eeb|6382]: The cache size for cosmos_cache__dbt_silver_gold_full_load__transform_gold is 14739
[2026-08-10T04:19:05.536+0000] {graph.py:898} INFO - Cosmos performance: Cache hit for cosmos_cache__dbt_silver_gold_full_load__transform_gold - 260da896f6e2d7af673827e88bfa838b,304321e940a9403dceb380589bd0566f
[2026-08-10T04:19:05.538+0000] {graph.py:799} INFO - Total nodes: 16
[2026-08-10T04:19:05.540+0000] {graph.py:800} INFO - Total filtered nodes: 16
[2026-08-10T04:19:05.542+0000] {converter.py:361} INFO - Cosmos performance (dbt_silver_gold_full_load__transform_gold) - [1d4fe4812eeb|6382]: It took 3.47s to parse the dbt project for DAG using dbt_ls_cache
[2026-08-10T04:19:05.584+0000] {converter.py:413} INFO - Cosmos performance (dbt_silver_gold_full_load__transform_gold) - [1d4fe4812eeb|6382]: It took 0.0421s to build the Airflow DAG.
[2026-08-10T04:19:05.586+0000] {converter.py:420} INFO - ::endgroup::Cosmos DAG parsing logs
[2026-08-10T04:19:08.328+0000] {logging_mixin.py:190} INFO - 04:19:08  Installing dbt-labs/dbt_utils
[2026-08-10T04:19:08.822+0000] {logging_mixin.py:190} INFO - 04:19:08  Installed from version 1.3.0
[2026-08-10T04:19:08.825+0000] {logging_mixin.py:190} INFO - 04:19:08  Updated version available: 1.4.1
[2026-08-10T04:19:08.830+0000] {logging_mixin.py:190} INFO - 04:19:08  Installing metaplane/dbt_expectations
[2026-08-10T04:19:09.923+0000] {logging_mixin.py:190} INFO - 04:19:09  Installed from version 0.10.8
[2026-08-10T04:19:09.926+0000] {logging_mixin.py:190} INFO - 04:19:09  Updated version available: 0.10.10
[2026-08-10T04:19:09.929+0000] {logging_mixin.py:190} INFO - 04:19:09  Installing godatadriven/dbt_date
[2026-08-10T04:19:10.415+0000] {logging_mixin.py:190} INFO - 04:19:10  Installed from version 0.15.0
[2026-08-10T04:19:10.417+0000] {logging_mixin.py:190} INFO - 04:19:10  Up to date!
[2026-08-10T04:19:10.420+0000] {logging_mixin.py:190} INFO - 04:19:10
[2026-08-10T04:19:10.422+0000] {logging_mixin.py:190} INFO - 04:19:10  Updates available for packages: ['dbt-labs/dbt_utils', 'metaplane/dbt_expectations']                 
Update your versions in packages.yml, then run dbt deps
[2026-08-10T04:19:11.849+0000] {runner.py:95} INFO - Trying to run dbtRunner with:
 ['run', '--select', 'fqn:logistics_transformation.staging.stg_order_requests', '--project-dir', '/tmp/tmpge5alqta', '--profiles-dir', '/opt/airflow/dbt_transform', '--profile', 'lakehouse_dbt', '--target', 'dev', '--no-static-parser']
 in /tmp/tmpge5alqta
[2026-08-10T04:19:11.895+0000] {logging_mixin.py:190} INFO - 04:19:11  Running with dbt=1.8.8
[2026-08-10T04:19:12.006+0000] {auth.py:343} INFO - keyring module not found. OAuth2 token will not be stored in keyring.
[2026-08-10T04:19:12.019+0000] {auth.py:343} INFO - keyring module not found. OAuth2 token will not be stored in keyring.
[2026-08-10T04:19:12.235+0000] {logging_mixin.py:190} INFO - 04:19:12  Registered adapter: trino=1.8.5
[2026-08-10T04:19:13.328+0000] {logging_mixin.py:190} INFO - 04:19:13  Unable to do partial parsing because config vars, config profile, or config target have changed
[2026-08-10T04:19:13.333+0000] {logging_mixin.py:190} INFO - 04:19:13  Unable to do partial parsing because a project dependency has been added
[2026-08-10T04:19:20.538+0000] {logging_mixin.py:190} INFO - 04:19:20  [WARNING]: Deprecated functionality
The `tests` config has been renamed to `data_tests`. Please see
https://docs.getdbt.com/docs/build/data-tests#new-data_tests-syntax for more
information.
[2026-08-10T04:19:22.414+0000] {logging_mixin.py:190} INFO - 04:19:22  Found 11 models, 20 data tests, 1 source, 839 macros
[2026-08-10T04:19:22.421+0000] {logging_mixin.py:190} INFO - 04:19:22
[2026-08-10T04:19:22.515+0000] {logging_mixin.py:190} INFO - 04:19:22  [WARNING]: SSL certificate validation is disabled by default. It is legacy behavior which will be changed in future releases. It is strongly advised to enable `require_certificate_validation` flag or explicitly set `cert` configuration to `True` for security reasons. You may receive an error after that if your SSL setup is incorrect.
You may opt into the new behavior sooner by setting `flags.require_certificate_validation` to `True` in `dbt_project.yml`.
Visit https://docs.getdbt.com/reference/global-configs/behavior-changes for more information.
[2026-08-10T04:19:32.823+0000] {logging_mixin.py:190} INFO - 04:19:32  Concurrency: 1 threads (target='dev')
[2026-08-10T04:19:32.833+0000] {logging_mixin.py:190} INFO - 04:19:32
[2026-08-10T04:19:32.861+0000] {logging_mixin.py:190} INFO - 04:19:32  1 of 1 START sql incremental model silver.stg_order_requests ................... [RUN]
[2026-08-10T04:19:33.304+0000] {logging_mixin.py:190} INFO - 04:19:33  1 of 1 ERROR creating sql incremental model silver.stg_order_requests .......... [ERROR in 0.43s]
[2026-08-10T04:19:33.361+0000] {logging_mixin.py:190} INFO - 04:19:33
[2026-08-10T04:19:33.373+0000] {logging_mixin.py:190} INFO - 04:19:33  Finished running 1 incremental model in 0 hours 0 minutes and 10.94 seconds (10.94s).
[2026-08-10T04:19:33.539+0000] {logging_mixin.py:190} INFO - 04:19:33
[2026-08-10T04:19:33.543+0000] {logging_mixin.py:190} INFO - 04:19:33  Completed with 1 error and 0 warnings:
[2026-08-10T04:19:33.547+0000] {logging_mixin.py:190} INFO - 04:19:33
[2026-08-10T04:19:33.550+0000] {logging_mixin.py:190} INFO - 04:19:33    Database Error in model stg_order_requests (models/staging/stg_order_requests.sql)
  TrinoUserError(type=USER_ERROR, name=SYNTAX_ERROR, message="line 66:28: mismatched input ';'. Expecting: ')', 'AND', 'EXCEPT', 'FETCH', 'GROUP', 'HAVING', 'INTERSECT', 'LIMIT', 'OFFSET', 'OR', 'ORDER', 'UNION', 'WINDOW'", query_id=20260810_041933_00010_ez6ft)
  compiled code at target/run/logistics_transformation/models/staging/stg_order_requests.sql
[2026-08-10T04:19:33.554+0000] {logging_mixin.py:190} INFO - 04:19:33
[2026-08-10T04:19:33.560+0000] {logging_mixin.py:190} INFO - 04:19:33  Done. PASS=0 WARN=0 ERROR=1 SKIP=0 TOTAL=1
[2026-08-10T04:19:35.277+0000] {local.py:196} WARNING - Artifact schema version: https://schemas.getdbt.com/dbt/manifest/v12.json is above dbt-ol supported version 7. This might cause errors.
[2026-08-10T04:19:35.303+0000] {local.py:594} INFO - Inlets: []
[2026-08-10T04:19:35.307+0000] {local.py:595} INFO - Outlets: []
[2026-08-10T04:19:35.311+0000] {local.py:886} INFO - Assigning inlets/outlets with DatasetAlias in Airflow 2
[2026-08-10T04:19:35.474+0000] {taskinstance.py:3310} ERROR - Task failed with exception
Traceback (most recent call last):
  File "/home/airflow/.local/lib/python3.10/site-packages/airflow/models/taskinstance.py", line 767, in _execute_task
    result = _execute_callable(context=context, **execute_callable_kwargs)
  File "/home/airflow/.local/lib/python3.10/site-packages/airflow/models/taskinstance.py", line 733, in _execute_callable
    return ExecutionCallableRunner(
  File "/home/airflow/.local/lib/python3.10/site-packages/airflow/utils/operator_helpers.py", line 252, in run
    return self.func(*args, **kwargs)
  File "/home/airflow/.local/lib/python3.10/site-packages/cosmos/operators/base.py", line 346, in execute
    self.build_and_run_cmd(context=context, cmd_flags=self.add_cmd_flags(), **kwargs)
  File "/home/airflow/.local/lib/python3.10/site-packages/cosmos/operators/local.py", line 968, in build_and_run_cmd
    result = self.run_command(
  File "/home/airflow/.local/lib/python3.10/site-packages/cosmos/operators/local.py", line 743, in run_command
    self.handle_exception(result)
  File "/home/airflow/.local/lib/python3.10/site-packages/cosmos/operators/local.py", line 308, in handle_exception_dbt_runner
    return dbt_runner.handle_exception_if_needed(result)
  File "/home/airflow/.local/lib/python3.10/site-packages/cosmos/dbt/runner.py", line 156, in handle_exception_if_needed
    raise CosmosDbtRunError(f"dbt invocation completed with errors: {error_message}")
cosmos.exceptions.CosmosDbtRunError: dbt invocation completed with errors: stg_order_requests: Database Error in model stg_order_requests (models/staging/stg_order_requests.sql)
  TrinoUserError(type=USER_ERROR, name=SYNTAX_ERROR, message="line 66:28: mismatched input ';'. Expecting: ')', 'AND', 'EXCEPT', 'FETCH', 'GROUP', 'HAVING', 'INTERSECT', 'LIMIT', 'OFFSET', 'OR', 'ORDER', 'UNION', 'WINDOW'", query_id=20260810_041933_00010_ez6ft)
  compiled code at target/run/logistics_transformation/models/staging/stg_order_requests.sql
[2026-08-10T04:19:36.659+0000] {_client.py:1026} INFO - HTTP Request: GET https://astronomer.gateway.scarf.sh/astronomer-cosmos/v3/task_instance?cosmos_version=1.15.0&airflow_version=2.10.2&python_version=3.10.15&platform_system=Linux&platform_machine=x86_64&status=failed&operator_name=DbtRunLocalOperator&is_cosmos_operator_subclass=False&invocation_mode=dbt_runner&execution_mode=local&profile_strategy=yaml_file&profile_mapping_class=None&database=trino&is_mapped_task=False&dbt_command=run&install_deps=True&has_callback=False&duration=51.874295 "HTTP/1.1 200 OK"
[2026-08-10T04:19:36.664+0000] {taskinstance.py:1225} INFO - Marking task as UP_FOR_RETRY. dag_id=dbt_silver_gold_incremental, task_id=transform_silver.stg_order_requests.run, run_id=manual__2026-08-10T04:18:26.584426+00:00, execution_date=20260810T041826, start_date=20260810T041843, end_date=20260810T041935
[2026-08-10T04:19:36.752+0000] {taskinstance.py:340} INFO - ::group::Post task execution logs
[2026-08-10T04:19:36.756+0000] {standard_task_runner.py:124} ERROR - Failed to execute job 15 for task transform_silver.stg_order_requests.run (dbt invocation completed with errors: stg_order_requests: Database Error in model stg_order_requests (models/staging/stg_order_requests.sql)
  TrinoUserError(type=USER_ERROR, name=SYNTAX_ERROR, message="line 66:28: mismatched input ';'. Expecting: ')', 'AND', 'EXCEPT', 'FETCH', 'GROUP', 'HAVING', 'INTERSECT', 'LIMIT', 'OFFSET', 'OR', 'ORDER', 'UNION', 'WINDOW'", query_id=20260810_041933_00010_ez6ft)
  compiled code at target/run/logistics_transformation/models/staging/stg_order_requests.sql; 6382)
Traceback (most recent call last):
  File "/home/airflow/.local/lib/python3.10/site-packages/airflow/task/task_runner/standard_task_runner.py", line 117, in _start_by_fork
    ret = args.func(args, dag=self.dag)
  File "/home/airflow/.local/lib/python3.10/site-packages/airflow/cli/cli_config.py", line 49, in command
    return func(*args, **kwargs)
  File "/home/airflow/.local/lib/python3.10/site-packages/airflow/utils/cli.py", line 115, in wrapper
    return f(*args, **kwargs)
  File "/home/airflow/.local/lib/python3.10/site-packages/airflow/cli/commands/task_command.py", line 483, in task_run
    task_return_code = _run_task_by_selected_method(args, _dag, ti)
  File "/home/airflow/.local/lib/python3.10/site-packages/airflow/cli/commands/task_command.py", line 256, in _run_task_by_selected_method
    return _run_raw_task(args, ti)
  File "/home/airflow/.local/lib/python3.10/site-packages/airflow/cli/commands/task_command.py", line 341, in _run_raw_task
    return ti._run_raw_task(
  File "/home/airflow/.local/lib/python3.10/site-packages/airflow/utils/session.py", line 97, in wrapper
    return func(*args, session=session, **kwargs)
  File "/home/airflow/.local/lib/python3.10/site-packages/airflow/models/taskinstance.py", line 3004, in _run_raw_task
    return _run_raw_task(
  File "/home/airflow/.local/lib/python3.10/site-packages/airflow/models/taskinstance.py", line 273, in _run_raw_task
    TaskInstance._execute_task_with_callbacks(
  File "/home/airflow/.local/lib/python3.10/site-packages/airflow/models/taskinstance.py", line 3158, in _execute_task_with_callbacks
    result = self._execute_task(context, task_orig)
  File "/home/airflow/.local/lib/python3.10/site-packages/airflow/models/taskinstance.py", line 3182, in _execute_task
    return _execute_task(self, context, task_orig)
  File "/home/airflow/.local/lib/python3.10/site-packages/airflow/models/taskinstance.py", line 767, in _execute_task
    result = _execute_callable(context=context, **execute_callable_kwargs)
  File "/home/airflow/.local/lib/python3.10/site-packages/airflow/models/taskinstance.py", line 733, in _execute_callable
    return ExecutionCallableRunner(
  File "/home/airflow/.local/lib/python3.10/site-packages/airflow/utils/operator_helpers.py", line 252, in run
    return self.func(*args, **kwargs)
  File "/home/airflow/.local/lib/python3.10/site-packages/cosmos/operators/base.py", line 346, in execute
    self.build_and_run_cmd(context=context, cmd_flags=self.add_cmd_flags(), **kwargs)
  File "/home/airflow/.local/lib/python3.10/site-packages/cosmos/operators/local.py", line 968, in build_and_run_cmd
    result = self.run_command(
  File "/home/airflow/.local/lib/python3.10/site-packages/cosmos/operators/local.py", line 743, in run_command
    self.handle_exception(result)
  File "/home/airflow/.local/lib/python3.10/site-packages/cosmos/operators/local.py", line 308, in handle_exception_dbt_runner
    return dbt_runner.handle_exception_if_needed(result)
  File "/home/airflow/.local/lib/python3.10/site-packages/cosmos/dbt/runner.py", line 156, in handle_exception_if_needed
    raise CosmosDbtRunError(f"dbt invocation completed with errors: {error_message}")
cosmos.exceptions.CosmosDbtRunError: dbt invocation completed with errors: stg_order_requests: Database Error in model stg_order_requests (models/staging/stg_order_requests.sql)
  TrinoUserError(type=USER_ERROR, name=SYNTAX_ERROR, message="line 66:28: mismatched input ';'. Expecting: ')', 'AND', 'EXCEPT', 'FETCH', 'GROUP', 'HAVING', 'INTERSECT', 'LIMIT', 'OFFSET', 'OR', 'ORDER', 'UNION', 'WINDOW'", query_id=20260810_041933_00010_ez6ft)
  compiled code at target/run/logistics_transformation/models/staging/stg_order_requests.sql
[2026-08-10T04:19:36.803+0000] {local_task_job_runner.py:266} INFO - Task exited with return code 1
[2026-08-10T04:19:36.846+0000] {local_task_job_runner.py:245} INFO - ::endgroup::
