[2026-08-14T15:48:35.453+0000] {local_task_job_runner.py:123} INFO - ::group::Pre task execution logs
[2026-08-14T15:48:35.496+0000] {taskinstance.py:2612} INFO - Dependencies all met for dep_context=non-requeueable deps ti=<TaskInstance: dbt_gold_full_load.transform_gold.dim_date.run manual__2026-08-14T15:47:12.440588+00:00 [queued]>
[2026-08-14T15:48:35.509+0000] {taskinstance.py:2612} INFO - Dependencies all met for dep_context=requeueable deps ti=<TaskInstance: dbt_gold_full_load.transform_gold.dim_date.run manual__2026-08-14T15:47:12.440588+00:00 [queued]>
[2026-08-14T15:48:35.512+0000] {taskinstance.py:2865} INFO - Starting attempt 1 of 2
[2026-08-14T15:48:35.536+0000] {taskinstance.py:2888} INFO - Executing <Task(DbtRunLocalOperator): transform_gold.dim_date.run> on 2026-08-14 15:47:12.440588+00:00
[2026-08-14T15:48:35.549+0000] {standard_task_runner.py:72} INFO - Started process 525 to run task
[2026-08-14T15:48:35.555+0000] {standard_task_runner.py:104} INFO - Running: ['airflow', 'tasks', 'run', 'dbt_gold_full_load', 'transform_gold.dim_date.run', 'manual__2026-08-14T15:47:12.440588+00:00', '--job-id', '243', '--raw', '--subdir', 'DAGS_FOLDER/dbt_gold.py', '--cfg-path', '/tmp/tmp5enu6gxn']
[2026-08-14T15:48:35.558+0000] {standard_task_runner.py:105} INFO - Job 243: Subtask transform_gold.dim_date.run
[2026-08-14T15:48:35.710+0000] {task_command.py:467} INFO - Running <TaskInstance: dbt_gold_full_load.transform_gold.dim_date.run manual__2026-08-14T15:47:12.440588+00:00 [running]> on host 4a852612b921
[2026-08-14T15:48:35.915+0000] {taskinstance.py:3131} INFO - Exporting env vars: AIRFLOW_CTX_DAG_OWNER='data_engineer' AIRFLOW_CTX_DAG_ID='dbt_gold_full_load' AIRFLOW_CTX_TASK_ID='transform_gold.dim_date.run' AIRFLOW_CTX_EXECUTION_DATE='2026-08-14T15:47:12.440588+00:00' AIRFLOW_CTX_TRY_NUMBER='1' AIRFLOW_CTX_DAG_RUN_ID='manual__2026-08-14T15:47:12.440588+00:00'
[2026-08-14T15:48:35.920+0000] {taskinstance.py:731} INFO - ::endgroup::
[2026-08-14T15:48:35.932+0000] {local.py:294} INFO - dbtRunner is available. Using dbtRunner for invoking dbt.
[2026-08-14T15:48:35.939+0000] {local.py:518} INFO - Cloning project to writable temp directory /tmp/tmpvohdmzcz from /opt/airflow/dbt_transform
[2026-08-14T15:48:35.971+0000] {local.py:538} INFO - Partial parse is enabled and the latest partial parse file is /tmp/cosmos/dbt_gold_full_load__transform_gold/target/partial_parse.msgpack
[2026-08-14T15:48:36.005+0000] {config.py:395} INFO - Using user-supplied profiles.yml at /opt/airflow/dbt_transform/profiles.yml
[2026-08-14T15:48:36.048+0000] {runner.py:95} INFO - Trying to run dbtRunner with:
 ['deps', '--project-dir', '/tmp/tmpvohdmzcz', '--profiles-dir', '/opt/airflow/dbt_transform', '--profile', 'lakehouse_dbt', '--target', 'dev', '--no-static-parser']
 in /tmp/tmpvohdmzcz
[2026-08-14T15:48:36.123+0000] {logging_mixin.py:190} INFO - 15:48:36  Running with dbt=1.8.8
[2026-08-14T15:48:36.289+0000] {logging_mixin.py:190} INFO - 15:48:36  Installing dbt-labs/dbt_utils
[2026-08-14T15:48:36.922+0000] {logging_mixin.py:190} INFO - 15:48:36  Installed from version 1.3.0
[2026-08-14T15:48:36.927+0000] {logging_mixin.py:190} INFO - 15:48:36  Updated version available: 1.4.1
[2026-08-14T15:48:36.932+0000] {logging_mixin.py:190} INFO - 15:48:36  Installing metaplane/dbt_expectations
[2026-08-14T15:48:38.286+0000] {logging_mixin.py:190} INFO - 15:48:38  Installed from version 0.10.8
[2026-08-14T15:48:38.293+0000] {logging_mixin.py:190} INFO - 15:48:38  Updated version available: 0.10.10
[2026-08-14T15:48:38.313+0000] {logging_mixin.py:190} INFO - 15:48:38  Installing godatadriven/dbt_date
[2026-08-14T15:48:38.937+0000] {logging_mixin.py:190} INFO - 15:48:38  Installed from version 0.15.0
[2026-08-14T15:48:38.944+0000] {logging_mixin.py:190} INFO - 15:48:38  Up to date!
[2026-08-14T15:48:38.958+0000] {logging_mixin.py:190} INFO - 15:48:38
[2026-08-14T15:48:38.961+0000] {logging_mixin.py:190} INFO - 15:48:38  Updates available for packages: ['dbt-labs/dbt_utils', 'metaplane/dbt_expectations']                 
Update your versions in packages.yml, then run dbt deps
[2026-08-14T15:48:40.266+0000] {runner.py:95} INFO - Trying to run dbtRunner with:
 ['run', '--select', 'fqn:logistics_transformation.marts.dim_date', '--full-refresh', '--project-dir', '/tmp/tmpvohdmzcz', '--profiles-dir', '/opt/airflow/dbt_transform', '--profile', 'lakehouse_dbt', '--target', 'dev', '--no-static-parser']
 in /tmp/tmpvohdmzcz
[2026-08-14T15:48:40.311+0000] {logging_mixin.py:190} INFO - 15:48:40  Running with dbt=1.8.8
[2026-08-14T15:48:40.420+0000] {logging_mixin.py:190} INFO - 15:48:40  Registered adapter: trino=1.8.5
[2026-08-14T15:48:40.517+0000] {logging_mixin.py:190} INFO - 15:48:40  Unable to do partial parsing because config vars, config profile, or config target have changed
[2026-08-14T15:48:46.105+0000] {logging_mixin.py:190} INFO - 15:48:46  Found 11 models, 36 data tests, 1 source, 839 macros
[2026-08-14T15:48:46.123+0000] {logging_mixin.py:190} INFO - 15:48:46
[2026-08-14T15:48:46.274+0000] {logging_mixin.py:190} INFO - 15:48:46  [WARNING]: SSL certificate validation is disabled by default. It is legacy behavior which will be changed in future releases. It is strongly advised to enable `require_certificate_validation` flag or explicitly set `cert` configuration to `True` for security reasons. You may receive an error after that if your SSL setup is incorrect.
You may opt into the new behavior sooner by setting `flags.require_certificate_validation` to `True` in `dbt_project.yml`.
Visit https://docs.getdbt.com/reference/global-configs/behavior-changes for more information.
[2026-08-14T15:48:48.392+0000] {logging_mixin.py:190} INFO - 15:48:48  Concurrency: 1 threads (target='dev')
[2026-08-14T15:48:48.394+0000] {logging_mixin.py:190} INFO - 15:48:48
[2026-08-14T15:48:48.399+0000] {logging_mixin.py:190} INFO - 15:48:48  1 of 1 START sql incremental model gold.dim_date ............................... [RUN]
[2026-08-14T15:48:58.302+0000] {logging_mixin.py:190} INFO - 15:48:58  1 of 1 OK created sql incremental model gold.dim_date .......................... [CREATE TABLE (4_017 rows) in 9.90s]
[2026-08-14T15:48:58.312+0000] {logging_mixin.py:190} INFO - 15:48:58
[2026-08-14T15:48:58.315+0000] {logging_mixin.py:190} INFO - 15:48:58  Finished running 1 incremental model in 0 hours 0 minutes and 12.18 seconds (12.18s).
[2026-08-14T15:48:58.385+0000] {logging_mixin.py:190} INFO - 15:48:58
[2026-08-14T15:48:58.389+0000] {logging_mixin.py:190} INFO - 15:48:58  Completed successfully
[2026-08-14T15:48:58.393+0000] {logging_mixin.py:190} INFO - 15:48:58
[2026-08-14T15:48:58.395+0000] {logging_mixin.py:190} INFO - 15:48:58  Done. PASS=1 WARN=0 ERROR=0 SKIP=0 TOTAL=1
[2026-08-14T15:48:59.636+0000] {local.py:196} WARNING - Artifact schema version: https://schemas.getdbt.com/dbt/manifest/v12.json is above dbt-ol supported version 7. This might cause errors.
[2026-08-14T15:48:59.643+0000] {local.py:594} INFO - Inlets: []
[2026-08-14T15:48:59.645+0000] {local.py:595} INFO - Outlets: []
[2026-08-14T15:48:59.646+0000] {local.py:886} INFO - Assigning inlets/outlets with DatasetAlias in Airflow 2
[2026-08-14T15:48:59.698+0000] {taskinstance.py:340} INFO - ::group::Post task execution logs
[2026-08-14T15:48:59.699+0000] {taskinstance.py:352} INFO - Marking task as SUCCESS. dag_id=dbt_gold_full_load, task_id=transform_gold.dim_date.run, run_id=manual__2026-08-14T15:47:12.440588+00:00, execution_date=20260814T154712, start_date=20260814T154835, end_date=20260814T154859
[2026-08-14T15:49:00.358+0000] {_client.py:1026} INFO - HTTP Request: GET https://astronomer.gateway.scarf.sh/astronomer-cosmos/v3/task_instance?cosmos_version=1.15.0&airflow_version=2.10.2&python_version=3.10.15&platform_system=Linux&platform_machine=x86_64&status=success&operator_name=DbtRunLocalOperator&is_cosmos_operator_subclass=False&invocation_mode=dbt_runner&execution_mode=local&profile_strategy=yaml_file&profile_mapping_class=None&database=trino&is_mapped_task=False&dbt_command=run&install_deps=True&has_callback=False&duration=24.20063 "HTTP/1.1 200 OK"
[2026-08-14T15:49:00.387+0000] {local_task_job_runner.py:266} INFO - Task exited with return code 0
[2026-08-14T15:49:00.415+0000] {taskinstance.py:3900} INFO - 1 downstream tasks scheduled from follow-on schedule check
[2026-08-14T15:49:00.417+0000] {local_task_job_runner.py:245} INFO - ::endgroup::
