[2026-08-05T03:55:35.283+0000] {local_task_job_runner.py:123} INFO - ::group::Pre task execution logs
[2026-08-05T03:55:35.302+0000] {taskinstance.py:2612} INFO - Dependencies all met for dep_context=non-requeueable deps ti=<TaskInstance: logistics_orders_full_load.prepare_and_clean_target manual__2026-08-05T03:55:33.751167+00:00 [queued]>
[2026-08-05T03:55:35.313+0000] {taskinstance.py:2612} INFO - Dependencies all met for dep_context=requeueable deps ti=<TaskInstance: logistics_orders_full_load.prepare_and_clean_target manual__2026-08-05T03:55:33.751167+00:00 [queued]>
[2026-08-05T03:55:35.315+0000] {taskinstance.py:2865} INFO - Starting attempt 1 of 1
[2026-08-05T03:55:35.329+0000] {taskinstance.py:2888} INFO - Executing <Task(_PythonDecoratedOperator): prepare_and_clean_target> on 2026-08-05 03:55:33.751167+00:00
[2026-08-05T03:55:35.335+0000] {standard_task_runner.py:72} INFO - Started process 572 to run task
[2026-08-05T03:55:35.339+0000] {standard_task_runner.py:104} INFO - Running: ['airflow', 'tasks', 'run', 'logistics_orders_full_load', 'prepare_and_clean_target', 'manual__2026-08-05T03:55:33.751167+00:00', '--job-id', '5', '--raw', '--subdir', 'DAGS_FOLDER/logistics_full_load.py', '--cfg-path', '/tmp/tmpe5zk30do']
[2026-08-05T03:55:35.340+0000] {standard_task_runner.py:105} INFO - Job 5: Subtask prepare_and_clean_target
[2026-08-05T03:55:35.418+0000] {task_command.py:467} INFO - Running <TaskInstance: logistics_orders_full_load.prepare_and_clean_target manual__2026-08-05T03:55:33.751167+00:00 [running]> on host c631bb44f292
[2026-08-05T03:55:35.513+0000] {taskinstance.py:3131} INFO - Exporting env vars: AIRFLOW_CTX_DAG_OWNER='airflow' AIRFLOW_CTX_DAG_ID='logistics_orders_full_load' AIRFLOW_CTX_TASK_ID='prepare_and_clean_target' AIRFLOW_CTX_EXECUTION_DATE='2026-08-05T03:55:33.751167+00:00' AIRFLOW_CTX_TRY_NUMBER='1' AIRFLOW_CTX_DAG_RUN_ID='manual__2026-08-05T03:55:33.751167+00:00'
[2026-08-05T03:55:35.516+0000] {taskinstance.py:731} INFO - ::endgroup::
[2026-08-05T03:55:35.521+0000] {crypto.py:82} WARNING - empty cryptography key - values will not be stored encrypted.
[2026-08-05T03:55:35.523+0000] {base.py:84} INFO - Retrieving connection 'minio_default'
[2026-08-05T03:55:35.525+0000] {connection_wrapper.py:388} INFO - AWS Connection (conn_id='minio_default', conn_type='aws') credentials retrieved from login and ***.
[2026-08-05T03:55:35.977+0000] {logistics_full_load.py:63} INFO - ✅ [LANDING] Đã dọn dẹp TOÀN BỘ thư mục Landing cho luồng Full Load.
[2026-08-05T03:55:35.979+0000] {logistics_full_load.py:75} INFO - 🧹 [BRONZE] Đang chạy TRUNCATE cho bảng lakehouse.bronze.raw_orders...
[2026-08-05T03:55:35.981+0000] {base.py:84} INFO - Retrieving connection 'trino_default'
[2026-08-05T03:55:35.983+0000] {base.py:84} INFO - Retrieving connection 'trino_default'
[2026-08-05T03:55:35.986+0000] {sql.py:509} INFO - Running statement: TRUNCATE TABLE lakehouse.bronze.raw_orders, parameters: None
[2026-08-05T03:55:36.273+0000] {logistics_full_load.py:78} INFO - ✅ [BRONZE] Đã TRUNCATE thành công. Bảng đã sạch sẽ, sẵn sàng nạp Full Load.
[2026-08-05T03:55:36.275+0000] {python.py:240} INFO - Done. Returned value was: 2026-08-05
[2026-08-05T03:55:36.302+0000] {taskinstance.py:340} INFO - ::group::Post task execution logs
[2026-08-05T03:55:36.307+0000] {taskinstance.py:352} INFO - Marking task as SUCCESS. dag_id=logistics_orders_full_load, task_id=prepare_and_clean_target, run_id=manual__2026-08-05T03:55:33.751167+00:00, execution_date=20260805T035533, start_date=20260805T035535, end_date=20260805T035536
[2026-08-05T03:55:36.358+0000] {local_task_job_runner.py:266} INFO - Task exited with return code 0
[2026-08-05T03:55:36.394+0000] {taskinstance.py:3900} INFO - 2 downstream tasks scheduled from follow-on schedule check
[2026-08-05T03:55:36.398+0000] {local_task_job_runner.py:245} INFO - ::endgroup::
