[2026-07-19T02:56:26.063+0000] {local_task_job_runner.py:123} INFO - ::group::Pre task execution logs
[2026-07-19T02:56:26.085+0000] {taskinstance.py:2612} INFO - Dependencies all met for dep_context=non-requeueable deps ti=<TaskInstance: wap_cfpb_pipeline.drop_wap_branch scheduled__2026-07-18T00:00:00+00:00 [queued]>
[2026-07-19T02:56:26.094+0000] {taskinstance.py:2612} INFO - Dependencies all met for dep_context=requeueable deps ti=<TaskInstance: wap_cfpb_pipeline.drop_wap_branch scheduled__2026-07-18T00:00:00+00:00 [queued]>
[2026-07-19T02:56:26.095+0000] {taskinstance.py:2865} INFO - Starting attempt 2 of 2
[2026-07-19T02:56:26.106+0000] {taskinstance.py:2888} INFO - Executing <Task(_PythonDecoratedOperator): drop_wap_branch> on 2026-07-18 00:00:00+00:00
[2026-07-19T02:56:26.112+0000] {standard_task_runner.py:72} INFO - Started process 1240 to run task
[2026-07-19T02:56:26.115+0000] {standard_task_runner.py:104} INFO - Running: ['airflow', 'tasks', 'run', 'wap_cfpb_pipeline', 'drop_wap_branch', 'scheduled__2026-07-18T00:00:00+00:00', '--job-id', '20', '--raw', '--subdir', 'DAGS_FOLDER/wap_cfpb_pipeline.py', '--cfg-path', '/tmp/tmpft2elo_1']
[2026-07-19T02:56:26.116+0000] {standard_task_runner.py:105} INFO - Job 20: Subtask drop_wap_branch
[2026-07-19T02:56:26.186+0000] {task_command.py:467} INFO - Running <TaskInstance: wap_cfpb_pipeline.drop_wap_branch scheduled__2026-07-18T00:00:00+00:00 [running]> on host 95e463f0d1a1
[2026-07-19T02:56:26.279+0000] {taskinstance.py:3131} INFO - Exporting env vars: AIRFLOW_CTX_DAG_OWNER='airflow' AIRFLOW_CTX_DAG_ID='wap_cfpb_pipeline' AIRFLOW_CTX_TASK_ID='drop_wap_branch' AIRFLOW_CTX_EXECUTION_DATE='2026-07-18T00:00:00+00:00' AIRFLOW_CTX_TRY_NUMBER='2' AIRFLOW_CTX_DAG_RUN_ID='scheduled__2026-07-18T00:00:00+00:00'
[2026-07-19T02:56:26.281+0000] {taskinstance.py:731} INFO - ::endgroup::
[2026-07-19T02:56:26.285+0000] {base.py:84} INFO - Retrieving connection 'nessie_api_default'
[2026-07-19T02:56:26.314+0000] {nessie_client.py:72} INFO - 🗑️ Đã dọn dẹp nhánh tạm 'etl_20260718_scheduled202607'.
[2026-07-19T02:56:26.316+0000] {wap_cfpb_pipeline.py:259} INFO - 🗑️ CLEANUP: Đã xóa an toàn nhánh tạm etl_20260718_scheduled202607.
[2026-07-19T02:56:26.317+0000] {python.py:240} INFO - Done. Returned value was: None
[2026-07-19T02:56:26.331+0000] {taskinstance.py:340} INFO - ::group::Post task execution logs
[2026-07-19T02:56:26.333+0000] {taskinstance.py:352} INFO - Marking task as SUCCESS. dag_id=wap_cfpb_pipeline, task_id=drop_wap_branch, run_id=scheduled__2026-07-18T00:00:00+00:00, execution_date=20260718T000000, start_date=20260719T025626, end_date=20260719T025626
[2026-07-19T02:56:26.369+0000] {local_task_job_runner.py:266} INFO - Task exited with return code 0
[2026-07-19T02:56:26.389+0000] {taskinstance.py:3900} INFO - 0 downstream tasks scheduled from follow-on schedule check
[2026-07-19T02:56:26.393+0000] {local_task_job_runner.py:245} INFO - ::endgroup::
[2026-07-19T04:37:18.515+0000] {local_task_job_runner.py:123} INFO - ::group::Pre task execution logs
[2026-07-19T04:37:18.535+0000] {taskinstance.py:2612} INFO - Dependencies all met for dep_context=non-requeueable deps ti=<TaskInstance: wap_cfpb_pipeline.drop_wap_branch scheduled__2026-07-18T00:00:00+00:00 [queued]>
[2026-07-19T04:37:18.543+0000] {taskinstance.py:2612} INFO - Dependencies all met for dep_context=requeueable deps ti=<TaskInstance: wap_cfpb_pipeline.drop_wap_branch scheduled__2026-07-18T00:00:00+00:00 [queued]>
[2026-07-19T04:37:18.545+0000] {taskinstance.py:2865} INFO - Starting attempt 2 of 2
[2026-07-19T04:37:18.557+0000] {taskinstance.py:2888} INFO - Executing <Task(_PythonDecoratedOperator): drop_wap_branch> on 2026-07-18 00:00:00+00:00
[2026-07-19T04:37:18.563+0000] {standard_task_runner.py:72} INFO - Started process 2150 to run task
[2026-07-19T04:37:18.569+0000] {standard_task_runner.py:104} INFO - Running: ['airflow', 'tasks', 'run', 'wap_cfpb_pipeline', 'drop_wap_branch', 'scheduled__2026-07-18T00:00:00+00:00', '--job-id', '37', '--raw', '--subdir', 'DAGS_FOLDER/wap_cfpb_pipeline.py', '--cfg-path', '/tmp/tmp6aipw7fe']
[2026-07-19T04:37:18.571+0000] {standard_task_runner.py:105} INFO - Job 37: Subtask drop_wap_branch
[2026-07-19T04:37:18.658+0000] {task_command.py:467} INFO - Running <TaskInstance: wap_cfpb_pipeline.drop_wap_branch scheduled__2026-07-18T00:00:00+00:00 [running]> on host 634783a6dfed
[2026-07-19T04:37:18.754+0000] {taskinstance.py:3131} INFO - Exporting env vars: AIRFLOW_CTX_DAG_OWNER='airflow' AIRFLOW_CTX_DAG_ID='wap_cfpb_pipeline' AIRFLOW_CTX_TASK_ID='drop_wap_branch' AIRFLOW_CTX_EXECUTION_DATE='2026-07-18T00:00:00+00:00' AIRFLOW_CTX_TRY_NUMBER='2' AIRFLOW_CTX_DAG_RUN_ID='scheduled__2026-07-18T00:00:00+00:00'
[2026-07-19T04:37:18.757+0000] {taskinstance.py:731} INFO - ::endgroup::
[2026-07-19T04:37:18.760+0000] {base.py:84} INFO - Retrieving connection 'nessie_api_default'
[2026-07-19T04:37:18.787+0000] {nessie_client.py:72} INFO - 🗑️ Đã dọn dẹp nhánh tạm 'etl_20260718_scheduled202607'.
[2026-07-19T04:37:18.789+0000] {wap_cfpb_pipeline.py:259} INFO - 🗑️ CLEANUP: Đã xóa an toàn nhánh tạm etl_20260718_scheduled202607.
[2026-07-19T04:37:18.790+0000] {python.py:240} INFO - Done. Returned value was: None
[2026-07-19T04:37:18.804+0000] {taskinstance.py:340} INFO - ::group::Post task execution logs
[2026-07-19T04:37:18.806+0000] {taskinstance.py:352} INFO - Marking task as SUCCESS. dag_id=wap_cfpb_pipeline, task_id=drop_wap_branch, run_id=scheduled__2026-07-18T00:00:00+00:00, execution_date=20260718T000000, start_date=20260719T043718, end_date=20260719T043718
[2026-07-19T04:37:18.825+0000] {local_task_job_runner.py:266} INFO - Task exited with return code 0
[2026-07-19T04:37:18.846+0000] {taskinstance.py:3900} INFO - 0 downstream tasks scheduled from follow-on schedule check
[2026-07-19T04:37:18.849+0000] {local_task_job_runner.py:245} INFO - ::endgroup::
