[2026-07-20T04:35:46.992+0000] {local_task_job_runner.py:123} INFO - ::group::Pre task execution logs
[2026-07-20T04:35:47.021+0000] {taskinstance.py:2612} INFO - Dependencies all met for dep_context=non-requeueable deps ti=<TaskInstance: dbt_silver_gold_full_load.transform_gold.fct_complaints.run manual__2026-07-20T04:34:20.399373+00:00 [queued]>
[2026-07-20T04:35:47.039+0000] {taskinstance.py:2612} INFO - Dependencies all met for dep_context=requeueable deps ti=<TaskInstance: dbt_silver_gold_full_load.transform_gold.fct_complaints.run manual__2026-07-20T04:34:20.399373+00:00 [queued]>
[2026-07-20T04:35:47.041+0000] {taskinstance.py:2865} INFO - Starting attempt 1 of 2
[2026-07-20T04:35:47.059+0000] {taskinstance.py:2888} INFO - Executing <Task(DbtRunLocalOperator): transform_gold.fct_complaints.run> on 2026-07-20 04:34:20.399373+00:00
[2026-07-20T04:35:47.068+0000] {standard_task_runner.py:72} INFO - Started process 1395 to run task
[2026-07-20T04:35:47.073+0000] {standard_task_runner.py:104} INFO - Running: ['airflow', 'tasks', 'run', 'dbt_silver_gold_full_load', 'transform_gold.fct_complaints.run', 'manual__2026-07-20T04:34:20.399373+00:00', '--job-id', '19', '--raw', '--subdir', 'DAGS_FOLDER/dbt_silver_gold.py', '--cfg-path', '/tmp/tmpgl3q8pnw']
[2026-07-20T04:35:47.080+0000] {standard_task_runner.py:105} INFO - Job 19: Subtask transform_gold.fct_complaints.run
[2026-07-20T04:35:47.192+0000] {task_command.py:467} INFO - Running <TaskInstance: dbt_silver_gold_full_load.transform_gold.fct_complaints.run manual__2026-07-20T04:34:20.399373+00:00 [running]> on host 8a8ae89cbbd7
[2026-07-20T04:35:47.332+0000] {taskinstance.py:3131} INFO - Exporting env vars: AIRFLOW_CTX_DAG_OWNER='data_engineer' AIRFLOW_CTX_DAG_ID='dbt_silver_gold_full_load' AIRFLOW_CTX_TASK_ID='transform_gold.fct_complaints.run' AIRFLOW_CTX_EXECUTION_DATE='2026-07-20T04:34:20.399373+00:00' AIRFLOW_CTX_TRY_NUMBER='1' AIRFLOW_CTX_DAG_RUN_ID='manual__2026-07-20T04:34:20.399373+00:00'
[2026-07-20T04:35:47.340+0000] {taskinstance.py:731} INFO - ::endgroup::
[2026-07-20T04:35:50.393+0000] {local.py:294} INFO - dbtRunner is available. Using dbtRunner for invoking dbt.
[2026-07-20T04:35:50.395+0000] {local.py:518} INFO - Cloning project to writable temp directory /tmp/tmpdciu9rsi from /opt/airflow/dbt_transform
[2026-07-20T04:35:50.410+0000] {local.py:538} INFO - Partial parse is enabled and the latest partial parse file is /tmp/cosmos/dbt_silver_gold_full_load__transform_gold/target/partial_parse.msgpack
[2026-07-20T04:35:50.439+0000] {config.py:395} INFO - Using user-supplied profiles.yml at /opt/airflow/dbt_transform/profiles.yml
[2026-07-20T04:35:50.452+0000] {runner.py:95} INFO - Trying to run dbtRunner with:
 ['deps', '--project-dir', '/tmp/tmpdciu9rsi', '--profiles-dir', '/opt/airflow/dbt_transform', '--profile', 'lakehouse_dbt', '--target', 'dev', '--no-static-parser']
 in /tmp/tmpdciu9rsi
[2026-07-20T04:35:50.548+0000] {logging_mixin.py:190} INFO - 04:35:50  Running with dbt=1.8.8
[2026-07-20T04:35:50.745+0000] {converter.py:314} INFO - ::group::Cosmos DAG parsing logs
[2026-07-20T04:35:50.749+0000] {graph.py:869} INFO - Trying to parse the dbt project using dbt ls cache cosmos_cache__dbt_silver_gold_incremental__transform_silver...
[2026-07-20T04:35:53.718+0000] {cache.py:383} INFO - Cosmos performance: time to calculate cache identifier cosmos_cache__dbt_silver_gold_incremental__transform_silver for current version: 2.93822856099996
[2026-07-20T04:35:53.719+0000] {graph.py:886} INFO - Cosmos performance [8a8ae89cbbd7|1395]: The cache size for cosmos_cache__dbt_silver_gold_incremental__transform_silver is 5960
[2026-07-20T04:35:53.721+0000] {graph.py:898} INFO - Cosmos performance: Cache hit for cosmos_cache__dbt_silver_gold_incremental__transform_silver - ccb89f537d6e9098d854bb64f1ff230b,5e34606eb5f2b3dea81a8e19fa3ba138
[2026-07-20T04:35:53.723+0000] {graph.py:799} INFO - Total nodes: 7
[2026-07-20T04:35:53.724+0000] {graph.py:800} INFO - Total filtered nodes: 7
[2026-07-20T04:35:53.725+0000] {converter.py:361} INFO - Cosmos performance (dbt_silver_gold_incremental__transform_silver) - [8a8ae89cbbd7|1395]: It took 2.98s to parse the dbt project for DAG using dbt_ls_cache
[2026-07-20T04:35:53.738+0000] {converter.py:413} INFO - Cosmos performance (dbt_silver_gold_incremental__transform_silver) - [8a8ae89cbbd7|1395]: It took 0.0132s to build the Airflow DAG.
[2026-07-20T04:35:53.740+0000] {converter.py:420} INFO - ::endgroup::Cosmos DAG parsing logs
[2026-07-20T04:35:53.742+0000] {converter.py:314} INFO - ::group::Cosmos DAG parsing logs
[2026-07-20T04:35:53.745+0000] {graph.py:869} INFO - Trying to parse the dbt project using dbt ls cache cosmos_cache__dbt_silver_gold_incremental__transform_gold...
[2026-07-20T04:35:56.913+0000] {cache.py:383} INFO - Cosmos performance: time to calculate cache identifier cosmos_cache__dbt_silver_gold_incremental__transform_gold for current version: 3.1558865400002105
[2026-07-20T04:35:56.914+0000] {graph.py:886} INFO - Cosmos performance [8a8ae89cbbd7|1395]: The cache size for cosmos_cache__dbt_silver_gold_incremental__transform_gold is 35986
[2026-07-20T04:35:56.917+0000] {graph.py:898} INFO - Cosmos performance: Cache hit for cosmos_cache__dbt_silver_gold_incremental__transform_gold - ccb89f537d6e9098d854bb64f1ff230b,304321e940a9403dceb380589bd0566f
[2026-07-20T04:35:56.918+0000] {graph.py:799} INFO - Total nodes: 39
[2026-07-20T04:35:56.920+0000] {graph.py:800} INFO - Total filtered nodes: 39
[2026-07-20T04:35:56.921+0000] {converter.py:361} INFO - Cosmos performance (dbt_silver_gold_incremental__transform_gold) - [8a8ae89cbbd7|1395]: It took 3.18s to parse the dbt project for DAG using dbt_ls_cache
[2026-07-20T04:35:56.967+0000] {converter.py:413} INFO - Cosmos performance (dbt_silver_gold_incremental__transform_gold) - [8a8ae89cbbd7|1395]: It took 0.0458s to build the Airflow DAG.
[2026-07-20T04:35:56.969+0000] {converter.py:420} INFO - ::endgroup::Cosmos DAG parsing logs
[2026-07-20T04:35:56.971+0000] {converter.py:314} INFO - ::group::Cosmos DAG parsing logs
[2026-07-20T04:35:56.975+0000] {graph.py:869} INFO - Trying to parse the dbt project using dbt ls cache cosmos_cache__dbt_silver_gold_full_load__transform_silver...
[2026-07-20T04:35:58.914+0000] {cache.py:383} INFO - Cosmos performance: time to calculate cache identifier cosmos_cache__dbt_silver_gold_full_load__transform_silver for current version: 1.9229601130000447
[2026-07-20T04:35:58.916+0000] {graph.py:886} INFO - Cosmos performance [8a8ae89cbbd7|1395]: The cache size for cosmos_cache__dbt_silver_gold_full_load__transform_silver is 5960
[2026-07-20T04:35:58.918+0000] {graph.py:898} INFO - Cosmos performance: Cache hit for cosmos_cache__dbt_silver_gold_full_load__transform_silver - ccb89f537d6e9098d854bb64f1ff230b,5e34606eb5f2b3dea81a8e19fa3ba138
[2026-07-20T04:35:58.920+0000] {graph.py:799} INFO - Total nodes: 7
[2026-07-20T04:35:58.921+0000] {graph.py:800} INFO - Total filtered nodes: 7
[2026-07-20T04:35:58.923+0000] {converter.py:361} INFO - Cosmos performance (dbt_silver_gold_full_load__transform_silver) - [8a8ae89cbbd7|1395]: It took 1.95s to parse the dbt project for DAG using dbt_ls_cache
[2026-07-20T04:35:58.937+0000] {converter.py:413} INFO - Cosmos performance (dbt_silver_gold_full_load__transform_silver) - [8a8ae89cbbd7|1395]: It took 0.0141s to build the Airflow DAG.
[2026-07-20T04:35:58.939+0000] {converter.py:420} INFO - ::endgroup::Cosmos DAG parsing logs
[2026-07-20T04:35:58.940+0000] {converter.py:314} INFO - ::group::Cosmos DAG parsing logs
[2026-07-20T04:35:58.944+0000] {graph.py:869} INFO - Trying to parse the dbt project using dbt ls cache cosmos_cache__dbt_silver_gold_full_load__transform_gold...
[2026-07-20T04:36:00.436+0000] {cache.py:383} INFO - Cosmos performance: time to calculate cache identifier cosmos_cache__dbt_silver_gold_full_load__transform_gold for current version: 1.4790084500000376
[2026-07-20T04:36:00.437+0000] {graph.py:886} INFO - Cosmos performance [8a8ae89cbbd7|1395]: The cache size for cosmos_cache__dbt_silver_gold_full_load__transform_gold is 35986
[2026-07-20T04:36:00.439+0000] {graph.py:898} INFO - Cosmos performance: Cache hit for cosmos_cache__dbt_silver_gold_full_load__transform_gold - ccb89f537d6e9098d854bb64f1ff230b,304321e940a9403dceb380589bd0566f
[2026-07-20T04:36:00.440+0000] {graph.py:799} INFO - Total nodes: 39
[2026-07-20T04:36:00.441+0000] {graph.py:800} INFO - Total filtered nodes: 39
[2026-07-20T04:36:00.442+0000] {converter.py:361} INFO - Cosmos performance (dbt_silver_gold_full_load__transform_gold) - [8a8ae89cbbd7|1395]: It took 1.5s to parse the dbt project for DAG using dbt_ls_cache
[2026-07-20T04:36:00.469+0000] {converter.py:413} INFO - Cosmos performance (dbt_silver_gold_full_load__transform_gold) - [8a8ae89cbbd7|1395]: It took 0.0267s to build the Airflow DAG.
[2026-07-20T04:36:00.470+0000] {converter.py:420} INFO - ::endgroup::Cosmos DAG parsing logs
[2026-07-20T04:36:00.903+0000] {logging_mixin.py:190} INFO - 04:36:00  Installing dbt-labs/dbt_utils
[2026-07-20T04:36:01.421+0000] {logging_mixin.py:190} INFO - 04:36:01  Installed from version 1.3.0
[2026-07-20T04:36:01.424+0000] {logging_mixin.py:190} INFO - 04:36:01  Updated version available: 1.4.1
[2026-07-20T04:36:01.426+0000] {logging_mixin.py:190} INFO - 04:36:01  Installing metaplane/dbt_expectations
[2026-07-20T04:36:02.509+0000] {logging_mixin.py:190} INFO - 04:36:02  Installed from version 0.10.8
[2026-07-20T04:36:02.512+0000] {logging_mixin.py:190} INFO - 04:36:02  Updated version available: 0.10.10
[2026-07-20T04:36:02.514+0000] {logging_mixin.py:190} INFO - 04:36:02  Installing godatadriven/dbt_date
[2026-07-20T04:36:03.067+0000] {logging_mixin.py:190} INFO - 04:36:03  Installed from version 0.15.0
[2026-07-20T04:36:03.069+0000] {logging_mixin.py:190} INFO - 04:36:03  Up to date!
[2026-07-20T04:36:03.072+0000] {logging_mixin.py:190} INFO - 04:36:03
[2026-07-20T04:36:03.074+0000] {logging_mixin.py:190} INFO - 04:36:03  Updates available for packages: ['dbt-labs/dbt_utils', 'metaplane/dbt_expectations']                 
Update your versions in packages.yml, then run dbt deps
[2026-07-20T04:36:04.218+0000] {runner.py:95} INFO - Trying to run dbtRunner with:
 ['run', '--select', 'fqn:consumer_complaints_transformation.marts.fct_complaints', '--full-refresh', '--project-dir', '/tmp/tmpdciu9rsi', '--profiles-dir', '/opt/airflow/dbt_transform', '--profile', 'lakehouse_dbt', '--target', 'dev', '--no-static-parser']
 in /tmp/tmpdciu9rsi
[2026-07-20T04:36:04.249+0000] {logging_mixin.py:190} INFO - 04:36:04  Running with dbt=1.8.8
[2026-07-20T04:36:04.286+0000] {auth.py:343} INFO - keyring module not found. OAuth2 token will not be stored in keyring.
[2026-07-20T04:36:04.295+0000] {auth.py:343} INFO - keyring module not found. OAuth2 token will not be stored in keyring.
[2026-07-20T04:36:04.453+0000] {logging_mixin.py:190} INFO - 04:36:04  Registered adapter: trino=1.8.5
[2026-07-20T04:36:04.962+0000] {logging_mixin.py:190} INFO - 04:36:04  Unable to do partial parsing because config vars, config profile, or config target have changed
[2026-07-20T04:36:08.399+0000] {logging_mixin.py:190} INFO - 04:36:08  [WARNING]: Deprecated functionality
The `tests` config has been renamed to `data_tests`. Please see
https://docs.getdbt.com/docs/build/data-tests#new-data_tests-syntax for more
information.
[2026-07-20T04:36:10.676+0000] {logging_mixin.py:190} INFO - 04:36:10  Found 8 models, 40 data tests, 1 source, 9 metrics, 839 macros, 5 semantic models
[2026-07-20T04:36:10.683+0000] {logging_mixin.py:190} INFO - 04:36:10
[2026-07-20T04:36:10.744+0000] {logging_mixin.py:190} INFO - 04:36:10  [WARNING]: SSL certificate validation is disabled by default. It is legacy behavior which will be changed in future releases. It is strongly advised to enable `require_certificate_validation` flag or explicitly set `cert` configuration to `True` for security reasons. You may receive an error after that if your SSL setup is incorrect.
You may opt into the new behavior sooner by setting `flags.require_certificate_validation` to `True` in `dbt_project.yml`.
Visit https://docs.getdbt.com/reference/global-configs/behavior-changes for more information.
[2026-07-20T04:36:11.413+0000] {logging_mixin.py:190} INFO - 04:36:11  Concurrency: 1 threads (target='dev')
[2026-07-20T04:36:11.428+0000] {logging_mixin.py:190} INFO - 04:36:11
[2026-07-20T04:36:11.443+0000] {logging_mixin.py:190} INFO - 04:36:11  1 of 1 START sql incremental model silver.fct_complaints ....................... [RUN]
[2026-07-20T04:36:14.867+0000] {logging_mixin.py:190} INFO - 04:36:14  1 of 1 OK created sql incremental model silver.fct_complaints .................. [CREATE TABLE (77_183 rows) in 3.42s]
[2026-07-20T04:36:14.873+0000] {logging_mixin.py:190} INFO - 04:36:14
[2026-07-20T04:36:14.875+0000] {logging_mixin.py:190} INFO - 04:36:14  Finished running 1 incremental model in 0 hours 0 minutes and 4.19 seconds (4.19s).
[2026-07-20T04:36:14.947+0000] {logging_mixin.py:190} INFO - 04:36:14
[2026-07-20T04:36:14.950+0000] {logging_mixin.py:190} INFO - 04:36:14  Completed successfully
[2026-07-20T04:36:14.952+0000] {logging_mixin.py:190} INFO - 04:36:14
[2026-07-20T04:36:14.955+0000] {logging_mixin.py:190} INFO - 04:36:14  Done. PASS=1 WARN=0 ERROR=0 SKIP=0 TOTAL=1
[2026-07-20T04:36:16.151+0000] {local.py:196} WARNING - Artifact schema version: https://schemas.getdbt.com/dbt/manifest/v12.json is above dbt-ol supported version 7. This might cause errors.
[2026-07-20T04:36:16.161+0000] {local.py:594} INFO - Inlets: []
[2026-07-20T04:36:16.162+0000] {local.py:595} INFO - Outlets: []
[2026-07-20T04:36:16.164+0000] {local.py:886} INFO - Assigning inlets/outlets with DatasetAlias in Airflow 2
[2026-07-20T04:36:16.240+0000] {taskinstance.py:340} INFO - ::group::Post task execution logs
[2026-07-20T04:36:16.242+0000] {taskinstance.py:352} INFO - Marking task as SUCCESS. dag_id=dbt_silver_gold_full_load, task_id=transform_gold.fct_complaints.run, run_id=manual__2026-07-20T04:34:20.399373+00:00, execution_date=20260720T043420, start_date=20260720T043547, end_date=20260720T043616
[2026-07-20T04:36:17.064+0000] {_client.py:1026} INFO - HTTP Request: GET https://astronomer.gateway.scarf.sh/astronomer-cosmos/v3/task_instance?cosmos_version=1.15.0&airflow_version=2.10.2&python_version=3.10.15&platform_system=Linux&platform_machine=x86_64&status=success&operator_name=DbtRunLocalOperator&is_cosmos_operator_subclass=False&invocation_mode=dbt_runner&execution_mode=local&profile_strategy=yaml_file&profile_mapping_class=None&database=trino&is_mapped_task=False&dbt_command=run&install_deps=True&has_callback=False&duration=29.216617 "HTTP/1.1 200 OK"
[2026-07-20T04:36:17.089+0000] {local_task_job_runner.py:266} INFO - Task exited with return code 0
[2026-07-20T04:36:17.092+0000] {standard_task_runner.py:217} INFO - Process not found (most likely exited), stop collecting metrics
[2026-07-20T04:36:17.130+0000] {taskinstance.py:3900} INFO - 1 downstream tasks scheduled from follow-on schedule check
[2026-07-20T04:36:17.133+0000] {local_task_job_runner.py:245} INFO - ::endgroup::
