[2026-07-19T02:56:19.182+0000] {local_task_job_runner.py:123} INFO - ::group::Pre task execution logs
[2026-07-19T02:56:19.205+0000] {taskinstance.py:2612} INFO - Dependencies all met for dep_context=non-requeueable deps ti=<TaskInstance: wap_cfpb_pipeline.extract_and_upload_company scheduled__2026-07-18T00:00:00+00:00 map_index=0 [queued]>
[2026-07-19T02:56:19.216+0000] {taskinstance.py:2612} INFO - Dependencies all met for dep_context=requeueable deps ti=<TaskInstance: wap_cfpb_pipeline.extract_and_upload_company scheduled__2026-07-18T00:00:00+00:00 map_index=0 [queued]>
[2026-07-19T02:56:19.217+0000] {taskinstance.py:2865} INFO - Starting attempt 2 of 2
[2026-07-19T02:56:19.237+0000] {taskinstance.py:2888} INFO - Executing <Mapped(_PythonDecoratedOperator): extract_and_upload_company> on 2026-07-18 00:00:00+00:00
[2026-07-19T02:56:19.243+0000] {standard_task_runner.py:72} INFO - Started process 911 to run task
[2026-07-19T02:56:19.250+0000] {standard_task_runner.py:104} INFO - Running: ['airflow', 'tasks', 'run', 'wap_cfpb_pipeline', 'extract_and_upload_company', 'scheduled__2026-07-18T00:00:00+00:00', '--job-id', '15', '--raw', '--subdir', 'DAGS_FOLDER/wap_cfpb_pipeline.py', '--cfg-path', '/tmp/tmpyqijgp01', '--map-index', '0']
[2026-07-19T02:56:19.252+0000] {standard_task_runner.py:105} INFO - Job 15: Subtask extract_and_upload_company
[2026-07-19T02:56:19.354+0000] {task_command.py:467} INFO - Running <TaskInstance: wap_cfpb_pipeline.extract_and_upload_company scheduled__2026-07-18T00:00:00+00:00 map_index=0 [running]> on host 95e463f0d1a1
[2026-07-19T02:56:19.472+0000] {taskinstance.py:3131} INFO - Exporting env vars: AIRFLOW_CTX_DAG_OWNER='airflow' AIRFLOW_CTX_DAG_ID='wap_cfpb_pipeline' AIRFLOW_CTX_TASK_ID='extract_and_upload_company' AIRFLOW_CTX_EXECUTION_DATE='2026-07-18T00:00:00+00:00' AIRFLOW_CTX_TRY_NUMBER='2' AIRFLOW_CTX_DAG_RUN_ID='scheduled__2026-07-18T00:00:00+00:00'
[2026-07-19T02:56:19.477+0000] {taskinstance.py:731} INFO - ::endgroup::
[2026-07-19T02:56:19.483+0000] {cfpb_api_client.py:487} INFO - 🛡️ Khởi động lưới lọc Rescued Data cho công ty: JPMORGAN CHASE & CO.
[2026-07-19T02:56:19.484+0000] {cfpb_api_client.py:460} INFO - 🏢 Khởi tạo luồng kéo dữ liệu cho công ty: JPMORGAN CHASE & CO.
[2026-07-19T02:56:19.486+0000] {cfpb_api_client.py:389} INFO - 🚀 BẮT ĐẦU: Kéo luồng dữ liệu từ 2026-07-11 đến 2026-07-18
[2026-07-19T02:56:19.624+0000] {cfpb_api_client.py:438} INFO -   ➜ Đã kéo được 28 / 28 records...
[2026-07-19T02:56:19.626+0000] {cfpb_api_client.py:442} INFO - ✅ HOÀN TẤT: Đã lấy toàn bộ 28 khiếu nại có sẵn.
[2026-07-19T02:56:19.627+0000] {minio_loader.py:203} INFO - 📤 Đang upload inc_2026-07-18_jpmorgan_chase_&_co._complaints.json lên s3://lakehouse/landing/consumer_complaints/run_date=2026-07-18/inc_2026-07-18_jpmorgan_chase_&_co._complaints.json
[2026-07-19T02:56:19.629+0000] {crypto.py:82} WARNING - empty cryptography key - values will not be stored encrypted.
[2026-07-19T02:56:19.631+0000] {base.py:84} INFO - Retrieving connection 'minio_default'
[2026-07-19T02:56:19.633+0000] {connection_wrapper.py:388} INFO - AWS Connection (conn_id='minio_default', conn_type='aws') credentials retrieved from login and ***.
[2026-07-19T02:56:20.081+0000] {python.py:240} INFO - Done. Returned value was: 28
[2026-07-19T02:56:20.112+0000] {taskinstance.py:340} INFO - ::group::Post task execution logs
[2026-07-19T02:56:20.114+0000] {taskinstance.py:352} INFO - Marking task as SUCCESS. dag_id=wap_cfpb_pipeline, task_id=extract_and_upload_company, run_id=scheduled__2026-07-18T00:00:00+00:00, map_index=0, execution_date=20260718T000000, start_date=20260719T025619, end_date=20260719T025620
[2026-07-19T02:56:20.148+0000] {local_task_job_runner.py:266} INFO - Task exited with return code 0
[2026-07-19T02:56:20.162+0000] {local_task_job_runner.py:245} INFO - ::endgroup::
[2026-07-19T04:37:10.024+0000] {local_task_job_runner.py:123} INFO - ::group::Pre task execution logs
[2026-07-19T04:37:10.047+0000] {taskinstance.py:2612} INFO - Dependencies all met for dep_context=non-requeueable deps ti=<TaskInstance: wap_cfpb_pipeline.extract_and_upload_company scheduled__2026-07-18T00:00:00+00:00 map_index=0 [queued]>
[2026-07-19T04:37:10.061+0000] {taskinstance.py:2612} INFO - Dependencies all met for dep_context=requeueable deps ti=<TaskInstance: wap_cfpb_pipeline.extract_and_upload_company scheduled__2026-07-18T00:00:00+00:00 map_index=0 [queued]>
[2026-07-19T04:37:10.063+0000] {taskinstance.py:2865} INFO - Starting attempt 2 of 2
[2026-07-19T04:37:10.078+0000] {taskinstance.py:2888} INFO - Executing <Mapped(_PythonDecoratedOperator): extract_and_upload_company> on 2026-07-18 00:00:00+00:00
[2026-07-19T04:37:10.089+0000] {standard_task_runner.py:72} INFO - Started process 1847 to run task
[2026-07-19T04:37:10.094+0000] {standard_task_runner.py:104} INFO - Running: ['airflow', 'tasks', 'run', 'wap_cfpb_pipeline', 'extract_and_upload_company', 'scheduled__2026-07-18T00:00:00+00:00', '--job-id', '31', '--raw', '--subdir', 'DAGS_FOLDER/wap_cfpb_pipeline.py', '--cfg-path', '/tmp/tmprr_u5ncn', '--map-index', '0']
[2026-07-19T04:37:10.097+0000] {standard_task_runner.py:105} INFO - Job 31: Subtask extract_and_upload_company
[2026-07-19T04:37:10.201+0000] {task_command.py:467} INFO - Running <TaskInstance: wap_cfpb_pipeline.extract_and_upload_company scheduled__2026-07-18T00:00:00+00:00 map_index=0 [running]> on host 634783a6dfed
[2026-07-19T04:37:10.342+0000] {taskinstance.py:3131} INFO - Exporting env vars: AIRFLOW_CTX_DAG_OWNER='airflow' AIRFLOW_CTX_DAG_ID='wap_cfpb_pipeline' AIRFLOW_CTX_TASK_ID='extract_and_upload_company' AIRFLOW_CTX_EXECUTION_DATE='2026-07-18T00:00:00+00:00' AIRFLOW_CTX_TRY_NUMBER='2' AIRFLOW_CTX_DAG_RUN_ID='scheduled__2026-07-18T00:00:00+00:00'
[2026-07-19T04:37:10.345+0000] {taskinstance.py:731} INFO - ::endgroup::
[2026-07-19T04:37:10.356+0000] {cfpb_api_client.py:487} INFO - 🛡️ Khởi động lưới lọc Rescued Data cho công ty: JPMORGAN CHASE & CO.
[2026-07-19T04:37:10.358+0000] {cfpb_api_client.py:460} INFO - 🏢 Khởi tạo luồng kéo dữ liệu cho công ty: JPMORGAN CHASE & CO.
[2026-07-19T04:37:10.359+0000] {cfpb_api_client.py:389} INFO - 🚀 BẮT ĐẦU: Kéo luồng dữ liệu từ 2026-07-11 đến 2026-07-18
[2026-07-19T04:37:10.678+0000] {cfpb_api_client.py:438} INFO -   ➜ Đã kéo được 28 / 28 records...
[2026-07-19T04:37:10.679+0000] {cfpb_api_client.py:442} INFO - ✅ HOÀN TẤT: Đã lấy toàn bộ 28 khiếu nại có sẵn.
[2026-07-19T04:37:10.681+0000] {minio_loader.py:203} INFO - 📤 Đang upload inc_2026-07-18_jpmorgan_chase_&_co._complaints.json lên s3://lakehouse/landing/consumer_complaints/run_date=2026-07-18/inc_2026-07-18_jpmorgan_chase_&_co._complaints.json
[2026-07-19T04:37:10.683+0000] {crypto.py:82} WARNING - empty cryptography key - values will not be stored encrypted.
[2026-07-19T04:37:10.685+0000] {base.py:84} INFO - Retrieving connection 'minio_default'
[2026-07-19T04:37:10.687+0000] {connection_wrapper.py:388} INFO - AWS Connection (conn_id='minio_default', conn_type='aws') credentials retrieved from login and ***.
[2026-07-19T04:37:11.165+0000] {python.py:240} INFO - Done. Returned value was: 28
[2026-07-19T04:37:11.198+0000] {taskinstance.py:340} INFO - ::group::Post task execution logs
[2026-07-19T04:37:11.203+0000] {taskinstance.py:352} INFO - Marking task as SUCCESS. dag_id=wap_cfpb_pipeline, task_id=extract_and_upload_company, run_id=scheduled__2026-07-18T00:00:00+00:00, map_index=0, execution_date=20260718T000000, start_date=20260719T043710, end_date=20260719T043711
[2026-07-19T04:37:11.235+0000] {local_task_job_runner.py:266} INFO - Task exited with return code 0
[2026-07-19T04:37:11.267+0000] {taskinstance.py:3900} INFO - 1 downstream tasks scheduled from follow-on schedule check
[2026-07-19T04:37:11.272+0000] {local_task_job_runner.py:245} INFO - ::endgroup::
