[2026-08-14T10:05:45.113+0000] {local_task_job_runner.py:123} INFO - ::group::Pre task execution logs
[2026-08-14T10:05:45.139+0000] {taskinstance.py:2612} INFO - Dependencies all met for dep_context=non-requeueable deps ti=<TaskInstance: dbt_silver_gold_full_load.transform_silver.stg_order_requests.run manual__2026-08-14T10:05:28.781433+00:00 [queued]>
[2026-08-14T10:05:45.152+0000] {taskinstance.py:2612} INFO - Dependencies all met for dep_context=requeueable deps ti=<TaskInstance: dbt_silver_gold_full_load.transform_silver.stg_order_requests.run manual__2026-08-14T10:05:28.781433+00:00 [queued]>
[2026-08-14T10:05:45.154+0000] {taskinstance.py:2865} INFO - Starting attempt 1 of 2
[2026-08-14T10:05:45.169+0000] {taskinstance.py:2888} INFO - Executing <Task(DbtRunLocalOperator): transform_silver.stg_order_requests.run> on 2026-08-14 10:05:28.781433+00:00
[2026-08-14T10:05:45.175+0000] {standard_task_runner.py:72} INFO - Started process 342 to run task
[2026-08-14T10:05:45.182+0000] {standard_task_runner.py:104} INFO - Running: ['airflow', 'tasks', 'run', 'dbt_silver_gold_full_load', 'transform_silver.stg_order_requests.run', 'manual__2026-08-14T10:05:28.781433+00:00', '--job-id', '175', '--raw', '--subdir', 'DAGS_FOLDER/dbt_silver_gold.py', '--cfg-path', '/tmp/tmpizj_aea5']
[2026-08-14T10:05:45.186+0000] {standard_task_runner.py:105} INFO - Job 175: Subtask transform_silver.stg_order_requests.run
[2026-08-14T10:05:45.286+0000] {task_command.py:467} INFO - Running <TaskInstance: dbt_silver_gold_full_load.transform_silver.stg_order_requests.run manual__2026-08-14T10:05:28.781433+00:00 [running]> on host 1c0331ff86f5
[2026-08-14T10:05:45.381+0000] {taskinstance.py:3131} INFO - Exporting env vars: AIRFLOW_CTX_DAG_OWNER='data_engineer' AIRFLOW_CTX_DAG_ID='dbt_silver_gold_full_load' AIRFLOW_CTX_TASK_ID='transform_silver.stg_order_requests.run' AIRFLOW_CTX_EXECUTION_DATE='2026-08-14T10:05:28.781433+00:00' AIRFLOW_CTX_TRY_NUMBER='1' AIRFLOW_CTX_DAG_RUN_ID='manual__2026-08-14T10:05:28.781433+00:00'
[2026-08-14T10:05:45.390+0000] {taskinstance.py:731} INFO - ::endgroup::
[2026-08-14T10:05:46.621+0000] {local.py:294} INFO - dbtRunner is available. Using dbtRunner for invoking dbt.
[2026-08-14T10:05:46.622+0000] {local.py:518} INFO - Cloning project to writable temp directory /tmp/tmpuxj5iawn from /opt/airflow/dbt_transform
[2026-08-14T10:05:46.635+0000] {local.py:538} INFO - Partial parse is enabled and the latest partial parse file is /opt/airflow/dbt_transform/target/partial_parse.msgpack
[2026-08-14T10:05:46.704+0000] {config.py:395} INFO - Using user-supplied profiles.yml at /opt/airflow/dbt_transform/profiles.yml
[2026-08-14T10:05:46.719+0000] {runner.py:95} INFO - Trying to run dbtRunner with:
 ['deps', '--project-dir', '/tmp/tmpuxj5iawn', '--profiles-dir', '/opt/airflow/dbt_transform', '--profile', 'lakehouse_dbt', '--target', 'dev', '--no-static-parser']
 in /tmp/tmpuxj5iawn
[2026-08-14T10:05:46.790+0000] {logging_mixin.py:190} INFO - 10:05:46  Running with dbt=1.8.8
[2026-08-14T10:05:47.029+0000] {converter.py:314} INFO - ::group::Cosmos DAG parsing logs
[2026-08-14T10:05:47.033+0000] {graph.py:869} INFO - Trying to parse the dbt project using dbt ls cache cosmos_cache__dbt_silver_gold_incremental__transform_silver...
[2026-08-14T10:05:49.705+0000] {cache.py:383} INFO - Cosmos performance: time to calculate cache identifier cosmos_cache__dbt_silver_gold_incremental__transform_silver for current version: 2.6602903079997304
[2026-08-14T10:05:49.706+0000] {graph.py:886} INFO - Cosmos performance [1c0331ff86f5|342]: The cache size for cosmos_cache__dbt_silver_gold_incremental__transform_silver is 11300
[2026-08-14T10:05:49.708+0000] {graph.py:898} INFO - Cosmos performance: Cache hit for cosmos_cache__dbt_silver_gold_incremental__transform_silver - 9a29eb0448755a39911d9c0f2f8b798e,5e34606eb5f2b3dea81a8e19fa3ba138
[2026-08-14T10:05:49.709+0000] {graph.py:799} INFO - Total nodes: 13
[2026-08-14T10:05:49.710+0000] {graph.py:800} INFO - Total filtered nodes: 13
[2026-08-14T10:05:49.712+0000] {converter.py:361} INFO - Cosmos performance (dbt_silver_gold_incremental__transform_silver) - [1c0331ff86f5|342]: It took 2.68s to parse the dbt project for DAG using dbt_ls_cache
[2026-08-14T10:05:49.733+0000] {converter.py:413} INFO - Cosmos performance (dbt_silver_gold_incremental__transform_silver) - [1c0331ff86f5|342]: It took 0.0211s to build the Airflow DAG.
[2026-08-14T10:05:49.734+0000] {converter.py:420} INFO - ::endgroup::Cosmos DAG parsing logs
[2026-08-14T10:05:49.735+0000] {converter.py:314} INFO - ::group::Cosmos DAG parsing logs
[2026-08-14T10:05:49.739+0000] {graph.py:869} INFO - Trying to parse the dbt project using dbt ls cache cosmos_cache__dbt_silver_gold_incremental__transform_gold...
[2026-08-14T10:05:51.683+0000] {cache.py:383} INFO - Cosmos performance: time to calculate cache identifier cosmos_cache__dbt_silver_gold_incremental__transform_gold for current version: 1.9307532630000424
[2026-08-14T10:05:51.685+0000] {graph.py:886} INFO - Cosmos performance [1c0331ff86f5|342]: The cache size for cosmos_cache__dbt_silver_gold_incremental__transform_gold is 14739
[2026-08-14T10:05:51.688+0000] {graph.py:898} INFO - Cosmos performance: Cache hit for cosmos_cache__dbt_silver_gold_incremental__transform_gold - 9a29eb0448755a39911d9c0f2f8b798e,304321e940a9403dceb380589bd0566f
[2026-08-14T10:05:51.690+0000] {graph.py:799} INFO - Total nodes: 16
[2026-08-14T10:05:51.692+0000] {graph.py:800} INFO - Total filtered nodes: 16
[2026-08-14T10:05:51.694+0000] {converter.py:361} INFO - Cosmos performance (dbt_silver_gold_incremental__transform_gold) - [1c0331ff86f5|342]: It took 1.95s to parse the dbt project for DAG using dbt_ls_cache
[2026-08-14T10:05:51.773+0000] {converter.py:413} INFO - Cosmos performance (dbt_silver_gold_incremental__transform_gold) - [1c0331ff86f5|342]: It took 0.0791s to build the Airflow DAG.
[2026-08-14T10:05:51.774+0000] {converter.py:420} INFO - ::endgroup::Cosmos DAG parsing logs
[2026-08-14T10:05:51.777+0000] {converter.py:314} INFO - ::group::Cosmos DAG parsing logs
[2026-08-14T10:05:51.785+0000] {graph.py:869} INFO - Trying to parse the dbt project using dbt ls cache cosmos_cache__dbt_silver_gold_full_load__transform_silver...
[2026-08-14T10:05:53.859+0000] {cache.py:383} INFO - Cosmos performance: time to calculate cache identifier cosmos_cache__dbt_silver_gold_full_load__transform_silver for current version: 2.047017453999615
[2026-08-14T10:05:53.861+0000] {graph.py:886} INFO - Cosmos performance [1c0331ff86f5|342]: The cache size for cosmos_cache__dbt_silver_gold_full_load__transform_silver is 11300
[2026-08-14T10:05:53.863+0000] {graph.py:898} INFO - Cosmos performance: Cache hit for cosmos_cache__dbt_silver_gold_full_load__transform_silver - 9a29eb0448755a39911d9c0f2f8b798e,5e34606eb5f2b3dea81a8e19fa3ba138
[2026-08-14T10:05:53.864+0000] {graph.py:799} INFO - Total nodes: 13
[2026-08-14T10:05:53.866+0000] {graph.py:800} INFO - Total filtered nodes: 13
[2026-08-14T10:05:53.867+0000] {converter.py:361} INFO - Cosmos performance (dbt_silver_gold_full_load__transform_silver) - [1c0331ff86f5|342]: It took 2.08s to parse the dbt project for DAG using dbt_ls_cache
[2026-08-14T10:05:53.889+0000] {converter.py:413} INFO - Cosmos performance (dbt_silver_gold_full_load__transform_silver) - [1c0331ff86f5|342]: It took 0.0213s to build the Airflow DAG.
[2026-08-14T10:05:53.897+0000] {converter.py:420} INFO - ::endgroup::Cosmos DAG parsing logs
[2026-08-14T10:05:53.899+0000] {converter.py:314} INFO - ::group::Cosmos DAG parsing logs
[2026-08-14T10:05:53.911+0000] {graph.py:869} INFO - Trying to parse the dbt project using dbt ls cache cosmos_cache__dbt_silver_gold_full_load__transform_gold...
[2026-08-14T10:05:56.194+0000] {cache.py:383} INFO - Cosmos performance: time to calculate cache identifier cosmos_cache__dbt_silver_gold_full_load__transform_gold for current version: 2.266642821000005
[2026-08-14T10:05:56.200+0000] {graph.py:886} INFO - Cosmos performance [1c0331ff86f5|342]: The cache size for cosmos_cache__dbt_silver_gold_full_load__transform_gold is 14739
[2026-08-14T10:05:56.202+0000] {graph.py:898} INFO - Cosmos performance: Cache hit for cosmos_cache__dbt_silver_gold_full_load__transform_gold - 9a29eb0448755a39911d9c0f2f8b798e,304321e940a9403dceb380589bd0566f
[2026-08-14T10:05:56.204+0000] {graph.py:799} INFO - Total nodes: 16
[2026-08-14T10:05:56.205+0000] {graph.py:800} INFO - Total filtered nodes: 16
[2026-08-14T10:05:56.206+0000] {converter.py:361} INFO - Cosmos performance (dbt_silver_gold_full_load__transform_gold) - [1c0331ff86f5|342]: It took 2.29s to parse the dbt project for DAG using dbt_ls_cache
[2026-08-14T10:05:56.248+0000] {converter.py:413} INFO - Cosmos performance (dbt_silver_gold_full_load__transform_gold) - [1c0331ff86f5|342]: It took 0.0416s to build the Airflow DAG.
[2026-08-14T10:05:56.251+0000] {converter.py:420} INFO - ::endgroup::Cosmos DAG parsing logs
[2026-08-14T10:05:56.760+0000] {logging_mixin.py:190} INFO - 10:05:56  Installing dbt-labs/dbt_utils
[2026-08-14T10:05:57.273+0000] {logging_mixin.py:190} INFO - 10:05:57  Installed from version 1.3.0
[2026-08-14T10:05:57.279+0000] {logging_mixin.py:190} INFO - 10:05:57  Updated version available: 1.4.1
[2026-08-14T10:05:57.281+0000] {logging_mixin.py:190} INFO - 10:05:57  Installing metaplane/dbt_expectations
[2026-08-14T10:05:58.403+0000] {logging_mixin.py:190} INFO - 10:05:58  Installed from version 0.10.8
[2026-08-14T10:05:58.417+0000] {logging_mixin.py:190} INFO - 10:05:58  Updated version available: 0.10.10
[2026-08-14T10:05:58.427+0000] {logging_mixin.py:190} INFO - 10:05:58  Installing godatadriven/dbt_date
[2026-08-14T10:05:58.984+0000] {logging_mixin.py:190} INFO - 10:05:58  Installed from version 0.15.0
[2026-08-14T10:05:58.987+0000] {logging_mixin.py:190} INFO - 10:05:58  Up to date!
[2026-08-14T10:05:58.990+0000] {logging_mixin.py:190} INFO - 10:05:58
[2026-08-14T10:05:58.993+0000] {logging_mixin.py:190} INFO - 10:05:58  Updates available for packages: ['dbt-labs/dbt_utils', 'metaplane/dbt_expectations']                 
Update your versions in packages.yml, then run dbt deps
[2026-08-14T10:06:00.093+0000] {runner.py:95} INFO - Trying to run dbtRunner with:
 ['run', '--select', 'fqn:logistics_transformation.staging.stg_order_requests', '--full-refresh', '--project-dir', '/tmp/tmpuxj5iawn', '--profiles-dir', '/opt/airflow/dbt_transform', '--profile', 'lakehouse_dbt', '--target', 'dev', '--no-static-parser']
 in /tmp/tmpuxj5iawn
[2026-08-14T10:06:00.160+0000] {logging_mixin.py:190} INFO - 10:06:00  Running with dbt=1.8.8
[2026-08-14T10:06:00.224+0000] {auth.py:343} INFO - keyring module not found. OAuth2 token will not be stored in keyring.
[2026-08-14T10:06:00.232+0000] {auth.py:343} INFO - keyring module not found. OAuth2 token will not be stored in keyring.
[2026-08-14T10:06:00.436+0000] {logging_mixin.py:190} INFO - 10:06:00  Registered adapter: trino=1.8.5
[2026-08-14T10:06:01.085+0000] {logging_mixin.py:190} INFO - 10:06:01  Unable to do partial parsing because config vars, config profile, or config target have changed
[2026-08-14T10:06:01.092+0000] {logging_mixin.py:190} INFO - 10:06:01  Unable to do partial parsing because a project dependency has been added
[2026-08-14T10:06:04.098+0000] {logging_mixin.py:190} INFO - 10:06:04  [WARNING]: Deprecated functionality
The `tests` config has been renamed to `data_tests`. Please see
https://docs.getdbt.com/docs/build/data-tests#new-data_tests-syntax for more
information.
[2026-08-14T10:06:04.856+0000] {logging_mixin.py:190} INFO - 10:06:04  Found 11 models, 20 data tests, 1 source, 839 macros
[2026-08-14T10:06:04.861+0000] {logging_mixin.py:190} INFO - 10:06:04
[2026-08-14T10:06:04.888+0000] {logging_mixin.py:190} INFO - 10:06:04  [WARNING]: SSL certificate validation is disabled by default. It is legacy behavior which will be changed in future releases. It is strongly advised to enable `require_certificate_validation` flag or explicitly set `cert` configuration to `True` for security reasons. You may receive an error after that if your SSL setup is incorrect.
You may opt into the new behavior sooner by setting `flags.require_certificate_validation` to `True` in `dbt_project.yml`.
Visit https://docs.getdbt.com/reference/global-configs/behavior-changes for more information.
[2026-08-14T10:06:06.085+0000] {logging_mixin.py:190} INFO - 10:06:06  Concurrency: 1 threads (target='dev')
[2026-08-14T10:06:06.088+0000] {logging_mixin.py:190} INFO - 10:06:06
[2026-08-14T10:06:06.094+0000] {logging_mixin.py:190} INFO - 10:06:06  1 of 1 START sql incremental model silver.stg_order_requests ................... [RUN]
[2026-08-14T10:06:06.232+0000] {logging_mixin.py:190} INFO - 10:06:06  1 of 1 ERROR creating sql incremental model silver.stg_order_requests .......... [ERROR in 0.13s]
[2026-08-14T10:06:06.241+0000] {logging_mixin.py:190} INFO - 10:06:06
[2026-08-14T10:06:06.249+0000] {logging_mixin.py:190} INFO - 10:06:06  Finished running 1 incremental model in 0 hours 0 minutes and 1.38 seconds (1.38s).
[2026-08-14T10:06:06.310+0000] {logging_mixin.py:190} INFO - 10:06:06
[2026-08-14T10:06:06.313+0000] {logging_mixin.py:190} INFO - 10:06:06  Completed with 1 error and 0 warnings:
[2026-08-14T10:06:06.317+0000] {logging_mixin.py:190} INFO - 10:06:06
[2026-08-14T10:06:06.320+0000] {logging_mixin.py:190} INFO - 10:06:06    Database Error in model stg_order_requests (models/staging/stg_order_requests.sql)
  TrinoUserError(type=USER_ERROR, name=SYNTAX_ERROR, message="line 56:5: mismatched input 'COALESCE'. Expecting: ')', ',', 'EXCEPT', 'FETCH', 'FROM', 'GROUP', 'HAVING', 'INTERSECT', 'LIMIT', 'OFFSET', 'ORDER', 'UNION', 'WHERE', 'WINDOW'", query_id=20260814_100606_00015_v57kn)
  compiled code at target/run/logistics_transformation/models/staging/stg_order_requests.sql
[2026-08-14T10:06:06.323+0000] {logging_mixin.py:190} INFO - 10:06:06
[2026-08-14T10:06:06.325+0000] {logging_mixin.py:190} INFO - 10:06:06  Done. PASS=0 WARN=0 ERROR=1 SKIP=0 TOTAL=1
[2026-08-14T10:06:07.654+0000] {local.py:196} WARNING - Artifact schema version: https://schemas.getdbt.com/dbt/manifest/v12.json is above dbt-ol supported version 7. This might cause errors.
[2026-08-14T10:06:07.669+0000] {local.py:594} INFO - Inlets: []
[2026-08-14T10:06:07.671+0000] {local.py:595} INFO - Outlets: []
[2026-08-14T10:06:07.674+0000] {local.py:886} INFO - Assigning inlets/outlets with DatasetAlias in Airflow 2
[2026-08-14T10:06:07.729+0000] {taskinstance.py:3310} ERROR - Task failed with exception
Traceback (most recent call last):
  File "/home/airflow/.local/lib/python3.10/site-packages/airflow/models/taskinstance.py", line 767, in _execute_task
    result = _execute_callable(context=context, **execute_callable_kwargs)
  File "/home/airflow/.local/lib/python3.10/site-packages/airflow/models/taskinstance.py", line 733, in _execute_callable
    return ExecutionCallableRunner(
  File "/home/airflow/.local/lib/python3.10/site-packages/airflow/utils/operator_helpers.py", line 252, in run
    return self.func(*args, **kwargs)
  File "/home/airflow/.local/lib/python3.10/site-packages/cosmos/operators/base.py", line 346, in execute
    self.build_and_run_cmd(context=context, cmd_flags=self.add_cmd_flags(), **kwargs)
  File "/home/airflow/.local/lib/python3.10/site-packages/cosmos/operators/local.py", line 968, in build_and_run_cmd
    result = self.run_command(
  File "/home/airflow/.local/lib/python3.10/site-packages/cosmos/operators/local.py", line 743, in run_command
    self.handle_exception(result)
  File "/home/airflow/.local/lib/python3.10/site-packages/cosmos/operators/local.py", line 308, in handle_exception_dbt_runner
    return dbt_runner.handle_exception_if_needed(result)
  File "/home/airflow/.local/lib/python3.10/site-packages/cosmos/dbt/runner.py", line 156, in handle_exception_if_needed
    raise CosmosDbtRunError(f"dbt invocation completed with errors: {error_message}")
cosmos.exceptions.CosmosDbtRunError: dbt invocation completed with errors: stg_order_requests: Database Error in model stg_order_requests (models/staging/stg_order_requests.sql)
  TrinoUserError(type=USER_ERROR, name=SYNTAX_ERROR, message="line 56:5: mismatched input 'COALESCE'. Expecting: ')', ',', 'EXCEPT', 'FETCH', 'FROM', 'GROUP', 'HAVING', 'INTERSECT', 'LIMIT', 'OFFSET', 'ORDER', 'UNION', 'WHERE', 'WINDOW'", query_id=20260814_100606_00015_v57kn)
  compiled code at target/run/logistics_transformation/models/staging/stg_order_requests.sql
[2026-08-14T10:06:08.568+0000] {_client.py:1026} INFO - HTTP Request: GET https://astronomer.gateway.scarf.sh/astronomer-cosmos/v3/task_instance?cosmos_version=1.15.0&airflow_version=2.10.2&python_version=3.10.15&platform_system=Linux&platform_machine=x86_64&status=failed&operator_name=DbtRunLocalOperator&is_cosmos_operator_subclass=False&invocation_mode=dbt_runner&execution_mode=local&profile_strategy=yaml_file&profile_mapping_class=None&database=trino&is_mapped_task=False&dbt_command=run&install_deps=True&has_callback=False&duration=22.606315 "HTTP/1.1 200 OK"
[2026-08-14T10:06:08.572+0000] {taskinstance.py:1225} INFO - Marking task as UP_FOR_RETRY. dag_id=dbt_silver_gold_full_load, task_id=transform_silver.stg_order_requests.run, run_id=manual__2026-08-14T10:05:28.781433+00:00, execution_date=20260814T100528, start_date=20260814T100545, end_date=20260814T100607
[2026-08-14T10:06:08.612+0000] {taskinstance.py:340} INFO - ::group::Post task execution logs
[2026-08-14T10:06:08.619+0000] {standard_task_runner.py:124} ERROR - Failed to execute job 175 for task transform_silver.stg_order_requests.run (dbt invocation completed with errors: stg_order_requests: Database Error in model stg_order_requests (models/staging/stg_order_requests.sql)
  TrinoUserError(type=USER_ERROR, name=SYNTAX_ERROR, message="line 56:5: mismatched input 'COALESCE'. Expecting: ')', ',', 'EXCEPT', 'FETCH', 'FROM', 'GROUP', 'HAVING', 'INTERSECT', 'LIMIT', 'OFFSET', 'ORDER', 'UNION', 'WHERE', 'WINDOW'", query_id=20260814_100606_00015_v57kn)
  compiled code at target/run/logistics_transformation/models/staging/stg_order_requests.sql; 342)
Traceback (most recent call last):
  File "/home/airflow/.local/lib/python3.10/site-packages/airflow/task/task_runner/standard_task_runner.py", line 117, in _start_by_fork
    ret = args.func(args, dag=self.dag)
  File "/home/airflow/.local/lib/python3.10/site-packages/airflow/cli/cli_config.py", line 49, in command
    return func(*args, **kwargs)
  File "/home/airflow/.local/lib/python3.10/site-packages/airflow/utils/cli.py", line 115, in wrapper
    return f(*args, **kwargs)
  File "/home/airflow/.local/lib/python3.10/site-packages/airflow/cli/commands/task_command.py", line 483, in task_run
    task_return_code = _run_task_by_selected_method(args, _dag, ti)
  File "/home/airflow/.local/lib/python3.10/site-packages/airflow/cli/commands/task_command.py", line 256, in _run_task_by_selected_method
    return _run_raw_task(args, ti)
  File "/home/airflow/.local/lib/python3.10/site-packages/airflow/cli/commands/task_command.py", line 341, in _run_raw_task
    return ti._run_raw_task(
  File "/home/airflow/.local/lib/python3.10/site-packages/airflow/utils/session.py", line 97, in wrapper
    return func(*args, session=session, **kwargs)
  File "/home/airflow/.local/lib/python3.10/site-packages/airflow/models/taskinstance.py", line 3004, in _run_raw_task
    return _run_raw_task(
  File "/home/airflow/.local/lib/python3.10/site-packages/airflow/models/taskinstance.py", line 273, in _run_raw_task
    TaskInstance._execute_task_with_callbacks(
  File "/home/airflow/.local/lib/python3.10/site-packages/airflow/models/taskinstance.py", line 3158, in _execute_task_with_callbacks
    result = self._execute_task(context, task_orig)
  File "/home/airflow/.local/lib/python3.10/site-packages/airflow/models/taskinstance.py", line 3182, in _execute_task
    return _execute_task(self, context, task_orig)
  File "/home/airflow/.local/lib/python3.10/site-packages/airflow/models/taskinstance.py", line 767, in _execute_task
    result = _execute_callable(context=context, **execute_callable_kwargs)
  File "/home/airflow/.local/lib/python3.10/site-packages/airflow/models/taskinstance.py", line 733, in _execute_callable
    return ExecutionCallableRunner(
  File "/home/airflow/.local/lib/python3.10/site-packages/airflow/utils/operator_helpers.py", line 252, in run
    return self.func(*args, **kwargs)
  File "/home/airflow/.local/lib/python3.10/site-packages/cosmos/operators/base.py", line 346, in execute
    self.build_and_run_cmd(context=context, cmd_flags=self.add_cmd_flags(), **kwargs)
  File "/home/airflow/.local/lib/python3.10/site-packages/cosmos/operators/local.py", line 968, in build_and_run_cmd
    result = self.run_command(
  File "/home/airflow/.local/lib/python3.10/site-packages/cosmos/operators/local.py", line 743, in run_command
    self.handle_exception(result)
  File "/home/airflow/.local/lib/python3.10/site-packages/cosmos/operators/local.py", line 308, in handle_exception_dbt_runner
    return dbt_runner.handle_exception_if_needed(result)
  File "/home/airflow/.local/lib/python3.10/site-packages/cosmos/dbt/runner.py", line 156, in handle_exception_if_needed
    raise CosmosDbtRunError(f"dbt invocation completed with errors: {error_message}")
cosmos.exceptions.CosmosDbtRunError: dbt invocation completed with errors: stg_order_requests: Database Error in model stg_order_requests (models/staging/stg_order_requests.sql)
  TrinoUserError(type=USER_ERROR, name=SYNTAX_ERROR, message="line 56:5: mismatched input 'COALESCE'. Expecting: ')', ',', 'EXCEPT', 'FETCH', 'FROM', 'GROUP', 'HAVING', 'INTERSECT', 'LIMIT', 'OFFSET', 'ORDER', 'UNION', 'WHERE', 'WINDOW'", query_id=20260814_100606_00015_v57kn)
  compiled code at target/run/logistics_transformation/models/staging/stg_order_requests.sql
[2026-08-14T10:06:08.651+0000] {local_task_job_runner.py:266} INFO - Task exited with return code 1
[2026-08-14T10:06:08.688+0000] {taskinstance.py:3900} INFO - 0 downstream tasks scheduled from follow-on schedule check
[2026-08-14T10:06:08.692+0000] {local_task_job_runner.py:245} INFO - ::endgroup::
