[2026-06-28T01:02:20.243+0000] {taskinstance.py:1979} INFO - Dependencies all met for dep_context=non-requeueable deps ti=<TaskInstance: consumer_complaints_elt_lakehouse.extract_api_to_local manual__2026-06-27T04:28:47.169585+00:00 [queued]>
[2026-06-28T01:02:20.249+0000] {taskinstance.py:1979} INFO - Dependencies all met for dep_context=requeueable deps ti=<TaskInstance: consumer_complaints_elt_lakehouse.extract_api_to_local manual__2026-06-27T04:28:47.169585+00:00 [queued]>
[2026-06-28T01:02:20.250+0000] {taskinstance.py:2193} INFO - Starting attempt 1 of 2
[2026-06-28T01:02:20.260+0000] {taskinstance.py:2214} INFO - Executing <Task(_PythonDecoratedOperator): extract_api_to_local> on 2026-06-27 04:28:47.169585+00:00
[2026-06-28T01:02:20.265+0000] {standard_task_runner.py:60} INFO - Started process 267 to run task
[2026-06-28T01:02:20.268+0000] {standard_task_runner.py:87} INFO - Running: ['airflow', 'tasks', 'run', 'consumer_complaints_elt_lakehouse', 'extract_api_to_local', 'manual__2026-06-27T04:28:47.169585+00:00', '--job-id', '45', '--raw', '--subdir', 'DAGS_FOLDER/consumer_complaints_elt.py', '--cfg-path', '/tmp/tmprho2cslc']
[2026-06-28T01:02:20.268+0000] {standard_task_runner.py:88} INFO - Job 45: Subtask extract_api_to_local
[2026-06-28T01:02:20.343+0000] {task_command.py:423} INFO - Running <TaskInstance: consumer_complaints_elt_lakehouse.extract_api_to_local manual__2026-06-27T04:28:47.169585+00:00 [running]> on host bcaa462ce9f4
[2026-06-28T01:02:20.417+0000] {taskinstance.py:2510} INFO - Exporting env vars: AIRFLOW_CTX_DAG_OWNER='data_engineering' AIRFLOW_CTX_DAG_ID='consumer_complaints_elt_lakehouse' AIRFLOW_CTX_TASK_ID='extract_api_to_local' AIRFLOW_CTX_EXECUTION_DATE='2026-06-27T04:28:47.169585+00:00' AIRFLOW_CTX_TRY_NUMBER='1' AIRFLOW_CTX_DAG_RUN_ID='manual__2026-06-27T04:28:47.169585+00:00'
[2026-06-28T01:02:20.419+0000] {consumer_complaints_elt.py:92} INFO - V3: test extract api
[2026-06-28T01:02:20.420+0000] {consumer_complaints_elt.py:94} INFO - Bắt đầu kéo data từ API cho 2 công ty
[2026-06-28T01:02:20.421+0000] {consumer_complaints_elt.py:105} INFO - Đang kéo dữ liệu cho: jpmorgan
[2026-06-28T01:02:20.421+0000] {cfpb_api_client.py:312} INFO - Fetching complaints for company: jpmorgan
[2026-06-28T01:02:20.422+0000] {cfpb_api_client.py:132} INFO - Fetching complaints from CFPB API with params: {'size': 10000, 'frm': 0, 'sort': 'created_date_desc', 'format': 'json', 'date_received_min': '2024-01-01', 'date_received_max': '2025-12-31', 'search_term': 'jpmorgan', 'search_field': 'company', 'no_aggs': 'true'}
[2026-06-28T01:02:21.024+0000] {cfpb_api_client.py:141} INFO - Successfully fetched 1159 complaints (direct list format)
[2026-06-28T01:02:21.025+0000] {cfpb_api_client.py:225} INFO - Fetched 1159 complaints. Total so far: 1159
[2026-06-28T01:02:21.026+0000] {cfpb_api_client.py:231} INFO - Fetched all available complaints
[2026-06-28T01:02:21.027+0000] {cfpb_api_client.py:237} INFO - Total complaints fetched: 1159
[2026-06-28T01:02:21.050+0000] {consumer_complaints_elt.py:122} INFO - ✓ Đã lưu 1159 records vào /tmp/consumer_complaints/jpmorgan_complaints.json
[2026-06-28T01:02:21.051+0000] {consumer_complaints_elt.py:105} INFO - Đang kéo dữ liệu cho: bank of america
[2026-06-28T01:02:21.053+0000] {cfpb_api_client.py:312} INFO - Fetching complaints for company: bank of america
[2026-06-28T01:02:21.054+0000] {cfpb_api_client.py:132} INFO - Fetching complaints from CFPB API with params: {'size': 10000, 'frm': 0, 'sort': 'created_date_desc', 'format': 'json', 'date_received_min': '2024-01-01', 'date_received_max': '2025-12-31', 'search_term': 'bank of america', 'search_field': 'company', 'no_aggs': 'true'}
[2026-06-28T01:02:22.537+0000] {cfpb_api_client.py:141} INFO - Successfully fetched 14316 complaints (direct list format)
[2026-06-28T01:02:22.540+0000] {cfpb_api_client.py:225} INFO - Fetched 14316 complaints. Total so far: 14316
[2026-06-28T01:02:22.541+0000] {cfpb_api_client.py:231} INFO - Fetched all available complaints
[2026-06-28T01:02:22.541+0000] {cfpb_api_client.py:237} INFO - Total complaints fetched: 14316
[2026-06-28T01:02:22.789+0000] {consumer_complaints_elt.py:122} INFO - ✓ Đã lưu 14316 records vào /tmp/consumer_complaints/bank_of_america_complaints.json
[2026-06-28T01:02:22.790+0000] {cfpb_api_client.py:328} INFO - CFPB API client session closed
[2026-06-28T01:02:22.798+0000] {python.py:202} INFO - Done. Returned value was: {'jpmorgan': '/tmp/consumer_complaints/jpmorgan_complaints.json', 'bank of america': '/tmp/consumer_complaints/bank_of_america_complaints.json'}
[2026-06-28T01:02:22.852+0000] {taskinstance.py:1149} INFO - Marking task as SUCCESS. dag_id=consumer_complaints_elt_lakehouse, task_id=extract_api_to_local, execution_date=20260627T042847, start_date=20260628T010220, end_date=20260628T010222
[2026-06-28T01:02:22.891+0000] {local_task_job_runner.py:234} INFO - Task exited with return code 0
[2026-06-28T01:02:22.917+0000] {taskinstance.py:3309} INFO - 1 downstream tasks scheduled from follow-on schedule check
