[2026-07-19T01:48:42.044+0000] {local_task_job_runner.py:123} INFO - ::group::Pre task execution logs
[2026-07-19T01:48:42.062+0000] {taskinstance.py:2612} INFO - Dependencies all met for dep_context=non-requeueable deps ti=<TaskInstance: wap_cfpb_pipeline.audit_on_branch scheduled__2026-07-18T00:00:00+00:00 [queued]>
[2026-07-19T01:48:42.071+0000] {taskinstance.py:2612} INFO - Dependencies all met for dep_context=requeueable deps ti=<TaskInstance: wap_cfpb_pipeline.audit_on_branch scheduled__2026-07-18T00:00:00+00:00 [queued]>
[2026-07-19T01:48:42.073+0000] {taskinstance.py:2865} INFO - Starting attempt 1 of 1
[2026-07-19T01:48:42.084+0000] {taskinstance.py:2888} INFO - Executing <Task(_PythonDecoratedOperator): audit_on_branch> on 2026-07-18 00:00:00+00:00
[2026-07-19T01:48:42.091+0000] {standard_task_runner.py:72} INFO - Started process 1399 to run task
[2026-07-19T01:48:42.095+0000] {standard_task_runner.py:104} INFO - Running: ['airflow', 'tasks', 'run', 'wap_cfpb_pipeline', 'audit_on_branch', 'scheduled__2026-07-18T00:00:00+00:00', '--job-id', '9', '--raw', '--subdir', 'DAGS_FOLDER/wap_cfpb_pipeline.py', '--cfg-path', '/tmp/tmphtskwmgk']
[2026-07-19T01:48:42.097+0000] {standard_task_runner.py:105} INFO - Job 9: Subtask audit_on_branch
[2026-07-19T01:48:42.175+0000] {task_command.py:467} INFO - Running <TaskInstance: wap_cfpb_pipeline.audit_on_branch scheduled__2026-07-18T00:00:00+00:00 [running]> on host 96738fd4eac0
[2026-07-19T01:48:42.273+0000] {taskinstance.py:3131} INFO - Exporting env vars: AIRFLOW_CTX_DAG_OWNER='airflow' AIRFLOW_CTX_DAG_ID='wap_cfpb_pipeline' AIRFLOW_CTX_TASK_ID='audit_on_branch' AIRFLOW_CTX_EXECUTION_DATE='2026-07-18T00:00:00+00:00' AIRFLOW_CTX_TRY_NUMBER='1' AIRFLOW_CTX_DAG_RUN_ID='scheduled__2026-07-18T00:00:00+00:00'
[2026-07-19T01:48:42.275+0000] {taskinstance.py:731} INFO - ::endgroup::
[2026-07-19T01:48:42.278+0000] {crypto.py:82} WARNING - empty cryptography key - values will not be stored encrypted.
[2026-07-19T01:48:42.280+0000] {base.py:84} INFO - Retrieving connection 'minio_default'
[2026-07-19T01:48:42.282+0000] {base.py:84} INFO - Retrieving connection 'nessie_api_default'
[2026-07-19T01:48:42.372+0000] {duckdb_to_bronze.py:62} INFO - Đã khởi tạo DuckDB và PyIceberg Catalog trên nhánh 'etl_20260718_scheduled202607'.
[2026-07-19T01:48:42.394+0000] {__init__.py:331} INFO - Loaded FileIO: pyiceberg.io.fsspec.FsspecFileIO
[2026-07-19T01:48:42.396+0000] {wap_cfpb_pipeline.py:207} INFO - 🔍 Đang Audit qua DuckDB Native (iceberg_scan)...
[2026-07-19T01:48:42.398+0000] {duckdb_to_bronze.py:171} INFO - Đang thực thi Audit Query qua DuckDB: 
                SELECT 
                    COUNT(*) as total_rows,
                    COUNT(_rescued_data) as drifted_rows
                FROM iceberg_scan('s3://lakehouse/bronze/raw_consumer_complaints_d94bfd06-f742-407c-b237-25fea97c3c35/metadata/00000-dc90c203-96d0-4762-a9ec-159c081fce7e.metadata.json')
                WHERE _run_id = 'scheduled__2026-07-18T00:00:00+00:00'
            
[2026-07-19T01:48:42.422+0000] {duckdb_to_bronze.py:177} INFO - Đã đóng kết nối DuckDB an toàn.
[2026-07-19T01:48:42.424+0000] {wap_cfpb_pipeline.py:219} INFO - ✅ AUDIT PASS: Đối soát thành công (48 rows). Sẵn sàng Publish.
[2026-07-19T01:48:42.426+0000] {python.py:240} INFO - Done. Returned value was: {'wap_branch': 'etl_20260718_scheduled202607', 'total_inserted_rows': 48, 'total_extracted_rows': 48, 'run_id': 'scheduled__2026-07-18T00:00:00+00:00', 'audit_passed': True}
[2026-07-19T01:48:42.463+0000] {taskinstance.py:340} INFO - ::group::Post task execution logs
[2026-07-19T01:48:42.465+0000] {taskinstance.py:352} INFO - Marking task as SUCCESS. dag_id=wap_cfpb_pipeline, task_id=audit_on_branch, run_id=scheduled__2026-07-18T00:00:00+00:00, execution_date=20260718T000000, start_date=20260719T014842, end_date=20260719T014842
[2026-07-19T01:48:42.511+0000] {local_task_job_runner.py:266} INFO - Task exited with return code 0
[2026-07-19T01:48:42.541+0000] {taskinstance.py:3900} INFO - 1 downstream tasks scheduled from follow-on schedule check
[2026-07-19T01:48:42.546+0000] {local_task_job_runner.py:245} INFO - ::endgroup::
[2026-07-19T02:00:02.521+0000] {local_task_job_runner.py:123} INFO - ::group::Pre task execution logs
[2026-07-19T02:00:02.541+0000] {taskinstance.py:2612} INFO - Dependencies all met for dep_context=non-requeueable deps ti=<TaskInstance: wap_cfpb_pipeline.audit_on_branch scheduled__2026-07-18T00:00:00+00:00 [queued]>
[2026-07-19T02:00:02.551+0000] {taskinstance.py:2612} INFO - Dependencies all met for dep_context=requeueable deps ti=<TaskInstance: wap_cfpb_pipeline.audit_on_branch scheduled__2026-07-18T00:00:00+00:00 [queued]>
[2026-07-19T02:00:02.553+0000] {taskinstance.py:2865} INFO - Starting attempt 1 of 1
[2026-07-19T02:00:02.568+0000] {taskinstance.py:2888} INFO - Executing <Task(_PythonDecoratedOperator): audit_on_branch> on 2026-07-18 00:00:00+00:00
[2026-07-19T02:00:02.573+0000] {standard_task_runner.py:72} INFO - Started process 1062 to run task
[2026-07-19T02:00:02.577+0000] {standard_task_runner.py:104} INFO - Running: ['airflow', 'tasks', 'run', 'wap_cfpb_pipeline', 'audit_on_branch', 'scheduled__2026-07-18T00:00:00+00:00', '--job-id', '9', '--raw', '--subdir', 'DAGS_FOLDER/wap_cfpb_pipeline.py', '--cfg-path', '/tmp/tmpb_z5u9i2']
[2026-07-19T02:00:02.579+0000] {standard_task_runner.py:105} INFO - Job 9: Subtask audit_on_branch
[2026-07-19T02:00:02.662+0000] {task_command.py:467} INFO - Running <TaskInstance: wap_cfpb_pipeline.audit_on_branch scheduled__2026-07-18T00:00:00+00:00 [running]> on host 69b947dac9cb
[2026-07-19T02:00:02.750+0000] {taskinstance.py:3131} INFO - Exporting env vars: AIRFLOW_CTX_DAG_OWNER='airflow' AIRFLOW_CTX_DAG_ID='wap_cfpb_pipeline' AIRFLOW_CTX_TASK_ID='audit_on_branch' AIRFLOW_CTX_EXECUTION_DATE='2026-07-18T00:00:00+00:00' AIRFLOW_CTX_TRY_NUMBER='1' AIRFLOW_CTX_DAG_RUN_ID='scheduled__2026-07-18T00:00:00+00:00'
[2026-07-19T02:00:02.753+0000] {taskinstance.py:731} INFO - ::endgroup::
[2026-07-19T02:00:02.757+0000] {crypto.py:82} WARNING - empty cryptography key - values will not be stored encrypted.
[2026-07-19T02:00:02.759+0000] {base.py:84} INFO - Retrieving connection 'minio_default'
[2026-07-19T02:00:02.761+0000] {base.py:84} INFO - Retrieving connection 'nessie_api_default'
[2026-07-19T02:00:02.853+0000] {duckdb_to_bronze.py:62} INFO - Đã khởi tạo DuckDB và PyIceberg Catalog trên nhánh 'etl_20260718_scheduled202607'.
[2026-07-19T02:00:02.873+0000] {__init__.py:331} INFO - Loaded FileIO: pyiceberg.io.fsspec.FsspecFileIO
[2026-07-19T02:00:02.875+0000] {wap_cfpb_pipeline.py:207} INFO - 🔍 Đang Audit qua DuckDB Native (iceberg_scan)...
[2026-07-19T02:00:02.877+0000] {duckdb_to_bronze.py:171} INFO - Đang thực thi Audit Query qua DuckDB: 
                SELECT 
                    COUNT(*) as total_rows,
                    COUNT(_rescued_data) as drifted_rows
                FROM iceberg_scan('s3://lakehouse/bronze/raw_consumer_complaints_11e1c6db-7974-4ce0-b470-bec0cadea739/metadata/00000-0267ebbf-1c12-4d8e-bdbc-19f0d56e5183.metadata.json')
                WHERE _run_id = 'scheduled__2026-07-18T00:00:00+00:00'
            
[2026-07-19T02:00:02.897+0000] {duckdb_to_bronze.py:177} INFO - Đã đóng kết nối DuckDB an toàn.
[2026-07-19T02:00:02.899+0000] {wap_cfpb_pipeline.py:219} INFO - ✅ AUDIT PASS: Đối soát thành công (48 rows). Sẵn sàng Publish.
[2026-07-19T02:00:02.900+0000] {python.py:240} INFO - Done. Returned value was: {'wap_branch': 'etl_20260718_scheduled202607', 'total_inserted_rows': 48, 'total_extracted_rows': 48, 'run_id': 'scheduled__2026-07-18T00:00:00+00:00', 'audit_passed': True}
[2026-07-19T02:00:02.937+0000] {taskinstance.py:340} INFO - ::group::Post task execution logs
[2026-07-19T02:00:02.939+0000] {taskinstance.py:352} INFO - Marking task as SUCCESS. dag_id=wap_cfpb_pipeline, task_id=audit_on_branch, run_id=scheduled__2026-07-18T00:00:00+00:00, execution_date=20260718T000000, start_date=20260719T020002, end_date=20260719T020002
[2026-07-19T02:00:02.993+0000] {local_task_job_runner.py:266} INFO - Task exited with return code 0
[2026-07-19T02:00:03.021+0000] {taskinstance.py:3900} INFO - 0 downstream tasks scheduled from follow-on schedule check
[2026-07-19T02:00:03.025+0000] {local_task_job_runner.py:245} INFO - ::endgroup::
[2026-07-19T02:21:19.542+0000] {local_task_job_runner.py:123} INFO - ::group::Pre task execution logs
[2026-07-19T02:21:19.560+0000] {taskinstance.py:2612} INFO - Dependencies all met for dep_context=non-requeueable deps ti=<TaskInstance: wap_cfpb_pipeline.audit_on_branch scheduled__2026-07-18T00:00:00+00:00 [queued]>
[2026-07-19T02:21:19.569+0000] {taskinstance.py:2612} INFO - Dependencies all met for dep_context=requeueable deps ti=<TaskInstance: wap_cfpb_pipeline.audit_on_branch scheduled__2026-07-18T00:00:00+00:00 [queued]>
[2026-07-19T02:21:19.571+0000] {taskinstance.py:2865} INFO - Starting attempt 1 of 1
[2026-07-19T02:21:19.582+0000] {taskinstance.py:2888} INFO - Executing <Task(_PythonDecoratedOperator): audit_on_branch> on 2026-07-18 00:00:00+00:00
[2026-07-19T02:21:19.587+0000] {standard_task_runner.py:72} INFO - Started process 972 to run task
[2026-07-19T02:21:19.592+0000] {standard_task_runner.py:104} INFO - Running: ['airflow', 'tasks', 'run', 'wap_cfpb_pipeline', 'audit_on_branch', 'scheduled__2026-07-18T00:00:00+00:00', '--job-id', '10', '--raw', '--subdir', 'DAGS_FOLDER/wap_cfpb_pipeline.py', '--cfg-path', '/tmp/tmp4duvijko']
[2026-07-19T02:21:19.594+0000] {standard_task_runner.py:105} INFO - Job 10: Subtask audit_on_branch
[2026-07-19T02:21:19.675+0000] {task_command.py:467} INFO - Running <TaskInstance: wap_cfpb_pipeline.audit_on_branch scheduled__2026-07-18T00:00:00+00:00 [running]> on host c5d1b1fe0cf1
[2026-07-19T02:21:19.771+0000] {taskinstance.py:3131} INFO - Exporting env vars: AIRFLOW_CTX_DAG_OWNER='airflow' AIRFLOW_CTX_DAG_ID='wap_cfpb_pipeline' AIRFLOW_CTX_TASK_ID='audit_on_branch' AIRFLOW_CTX_EXECUTION_DATE='2026-07-18T00:00:00+00:00' AIRFLOW_CTX_TRY_NUMBER='1' AIRFLOW_CTX_DAG_RUN_ID='scheduled__2026-07-18T00:00:00+00:00'
[2026-07-19T02:21:19.773+0000] {taskinstance.py:731} INFO - ::endgroup::
[2026-07-19T02:21:19.777+0000] {crypto.py:82} WARNING - empty cryptography key - values will not be stored encrypted.
[2026-07-19T02:21:19.778+0000] {base.py:84} INFO - Retrieving connection 'minio_default'
[2026-07-19T02:21:19.780+0000] {base.py:84} INFO - Retrieving connection 'nessie_api_default'
[2026-07-19T02:21:19.885+0000] {duckdb_to_bronze.py:62} INFO - Đã khởi tạo DuckDB và PyIceberg Catalog trên nhánh 'etl_20260718_scheduled202607'.
[2026-07-19T02:21:19.904+0000] {__init__.py:331} INFO - Loaded FileIO: pyiceberg.io.fsspec.FsspecFileIO
[2026-07-19T02:21:19.906+0000] {wap_cfpb_pipeline.py:207} INFO - 🔍 Đang Audit qua DuckDB Native (iceberg_scan)...
[2026-07-19T02:21:19.908+0000] {duckdb_to_bronze.py:171} INFO - Đang thực thi Audit Query qua DuckDB: 
                SELECT 
                    COUNT(*) as total_rows,
                    COUNT(_rescued_data) as drifted_rows
                FROM iceberg_scan('s3://lakehouse/bronze/raw_consumer_complaints_1b5824af-bc4e-415c-bbaa-3b8421b02d9c/metadata/00000-92db90ab-236b-4b84-96e4-3446020e90ed.metadata.json')
                WHERE _run_id = 'scheduled__2026-07-18T00:00:00+00:00'
            
[2026-07-19T02:21:19.930+0000] {duckdb_to_bronze.py:177} INFO - Đã đóng kết nối DuckDB an toàn.
[2026-07-19T02:21:19.932+0000] {wap_cfpb_pipeline.py:219} INFO - ✅ AUDIT PASS: Đối soát thành công (48 rows). Sẵn sàng Publish.
[2026-07-19T02:21:19.933+0000] {python.py:240} INFO - Done. Returned value was: {'wap_branch': 'etl_20260718_scheduled202607', 'total_inserted_rows': 48, 'total_extracted_rows': 48, 'run_id': 'scheduled__2026-07-18T00:00:00+00:00', 'audit_passed': True}
[2026-07-19T02:21:19.973+0000] {taskinstance.py:340} INFO - ::group::Post task execution logs
[2026-07-19T02:21:19.975+0000] {taskinstance.py:352} INFO - Marking task as SUCCESS. dag_id=wap_cfpb_pipeline, task_id=audit_on_branch, run_id=scheduled__2026-07-18T00:00:00+00:00, execution_date=20260718T000000, start_date=20260719T022119, end_date=20260719T022119
[2026-07-19T02:21:20.009+0000] {local_task_job_runner.py:266} INFO - Task exited with return code 0
[2026-07-19T02:21:20.023+0000] {local_task_job_runner.py:245} INFO - ::endgroup::
[2026-07-19T02:30:01.514+0000] {local_task_job_runner.py:123} INFO - ::group::Pre task execution logs
[2026-07-19T02:30:01.532+0000] {taskinstance.py:2612} INFO - Dependencies all met for dep_context=non-requeueable deps ti=<TaskInstance: wap_cfpb_pipeline.audit_on_branch scheduled__2026-07-18T00:00:00+00:00 [queued]>
[2026-07-19T02:30:01.542+0000] {taskinstance.py:2612} INFO - Dependencies all met for dep_context=requeueable deps ti=<TaskInstance: wap_cfpb_pipeline.audit_on_branch scheduled__2026-07-18T00:00:00+00:00 [queued]>
[2026-07-19T02:30:01.544+0000] {taskinstance.py:2865} INFO - Starting attempt 1 of 1
[2026-07-19T02:30:01.558+0000] {taskinstance.py:2888} INFO - Executing <Task(_PythonDecoratedOperator): audit_on_branch> on 2026-07-18 00:00:00+00:00
[2026-07-19T02:30:01.564+0000] {standard_task_runner.py:72} INFO - Started process 799 to run task
[2026-07-19T02:30:01.568+0000] {standard_task_runner.py:104} INFO - Running: ['airflow', 'tasks', 'run', 'wap_cfpb_pipeline', 'audit_on_branch', 'scheduled__2026-07-18T00:00:00+00:00', '--job-id', '10', '--raw', '--subdir', 'DAGS_FOLDER/wap_cfpb_pipeline.py', '--cfg-path', '/tmp/tmp9vsxmd6u']
[2026-07-19T02:30:01.569+0000] {standard_task_runner.py:105} INFO - Job 10: Subtask audit_on_branch
[2026-07-19T02:30:01.643+0000] {task_command.py:467} INFO - Running <TaskInstance: wap_cfpb_pipeline.audit_on_branch scheduled__2026-07-18T00:00:00+00:00 [running]> on host 2407d3fab07b
[2026-07-19T02:30:01.730+0000] {taskinstance.py:3131} INFO - Exporting env vars: AIRFLOW_CTX_DAG_OWNER='airflow' AIRFLOW_CTX_DAG_ID='wap_cfpb_pipeline' AIRFLOW_CTX_TASK_ID='audit_on_branch' AIRFLOW_CTX_EXECUTION_DATE='2026-07-18T00:00:00+00:00' AIRFLOW_CTX_TRY_NUMBER='1' AIRFLOW_CTX_DAG_RUN_ID='scheduled__2026-07-18T00:00:00+00:00'
[2026-07-19T02:30:01.733+0000] {taskinstance.py:731} INFO - ::endgroup::
[2026-07-19T02:30:01.737+0000] {crypto.py:82} WARNING - empty cryptography key - values will not be stored encrypted.
[2026-07-19T02:30:01.739+0000] {base.py:84} INFO - Retrieving connection 'minio_default'
[2026-07-19T02:30:01.741+0000] {base.py:84} INFO - Retrieving connection 'nessie_api_default'
[2026-07-19T02:30:01.832+0000] {duckdb_to_bronze.py:62} INFO - Đã khởi tạo DuckDB và PyIceberg Catalog trên nhánh 'etl_20260718_scheduled202607'.
[2026-07-19T02:30:01.854+0000] {__init__.py:331} INFO - Loaded FileIO: pyiceberg.io.fsspec.FsspecFileIO
[2026-07-19T02:30:01.856+0000] {wap_cfpb_pipeline.py:207} INFO - 🔍 Đang Audit qua DuckDB Native (iceberg_scan)...
[2026-07-19T02:30:01.858+0000] {duckdb_to_bronze.py:171} INFO - Đang thực thi Audit Query qua DuckDB: 
                SELECT 
                    COUNT(*) as total_rows,
                    COUNT(_rescued_data) as drifted_rows
                FROM iceberg_scan('s3://lakehouse/bronze/raw_consumer_complaints_fba6fde4-e5d6-4755-9024-103db0eaee3b/metadata/00000-301712ac-0f0f-4b3e-8197-8d01e2f40fa1.metadata.json')
                WHERE _run_id = 'scheduled__2026-07-18T00:00:00+00:00'
            
[2026-07-19T02:30:01.877+0000] {duckdb_to_bronze.py:177} INFO - Đã đóng kết nối DuckDB an toàn.
[2026-07-19T02:30:01.878+0000] {wap_cfpb_pipeline.py:219} INFO - ✅ AUDIT PASS: Đối soát thành công (48 rows). Sẵn sàng Publish.
[2026-07-19T02:30:01.879+0000] {python.py:240} INFO - Done. Returned value was: {'wap_branch': 'etl_20260718_scheduled202607', 'total_inserted_rows': 48, 'total_extracted_rows': 48, 'run_id': 'scheduled__2026-07-18T00:00:00+00:00', 'audit_passed': True}
[2026-07-19T02:30:01.916+0000] {taskinstance.py:340} INFO - ::group::Post task execution logs
[2026-07-19T02:30:01.918+0000] {taskinstance.py:352} INFO - Marking task as SUCCESS. dag_id=wap_cfpb_pipeline, task_id=audit_on_branch, run_id=scheduled__2026-07-18T00:00:00+00:00, execution_date=20260718T000000, start_date=20260719T023001, end_date=20260719T023001
[2026-07-19T02:30:01.947+0000] {local_task_job_runner.py:266} INFO - Task exited with return code 0
[2026-07-19T02:30:01.975+0000] {taskinstance.py:3900} INFO - 1 downstream tasks scheduled from follow-on schedule check
[2026-07-19T02:30:01.979+0000] {local_task_job_runner.py:245} INFO - ::endgroup::
[2026-07-19T02:55:43.960+0000] {local_task_job_runner.py:123} INFO - ::group::Pre task execution logs
[2026-07-19T02:55:43.979+0000] {taskinstance.py:2612} INFO - Dependencies all met for dep_context=non-requeueable deps ti=<TaskInstance: wap_cfpb_pipeline.audit_on_branch scheduled__2026-07-18T00:00:00+00:00 [queued]>
[2026-07-19T02:55:43.987+0000] {taskinstance.py:2612} INFO - Dependencies all met for dep_context=requeueable deps ti=<TaskInstance: wap_cfpb_pipeline.audit_on_branch scheduled__2026-07-18T00:00:00+00:00 [queued]>
[2026-07-19T02:55:43.988+0000] {taskinstance.py:2865} INFO - Starting attempt 1 of 1
[2026-07-19T02:55:44.000+0000] {taskinstance.py:2888} INFO - Executing <Task(_PythonDecoratedOperator): audit_on_branch> on 2026-07-18 00:00:00+00:00
[2026-07-19T02:55:44.006+0000] {standard_task_runner.py:72} INFO - Started process 624 to run task
[2026-07-19T02:55:44.009+0000] {standard_task_runner.py:104} INFO - Running: ['airflow', 'tasks', 'run', 'wap_cfpb_pipeline', 'audit_on_branch', 'scheduled__2026-07-18T00:00:00+00:00', '--job-id', '10', '--raw', '--subdir', 'DAGS_FOLDER/wap_cfpb_pipeline.py', '--cfg-path', '/tmp/tmp4r7502yl']
[2026-07-19T02:55:44.011+0000] {standard_task_runner.py:105} INFO - Job 10: Subtask audit_on_branch
[2026-07-19T02:55:44.100+0000] {task_command.py:467} INFO - Running <TaskInstance: wap_cfpb_pipeline.audit_on_branch scheduled__2026-07-18T00:00:00+00:00 [running]> on host 95e463f0d1a1
[2026-07-19T02:55:44.203+0000] {taskinstance.py:3131} INFO - Exporting env vars: AIRFLOW_CTX_DAG_OWNER='airflow' AIRFLOW_CTX_DAG_ID='wap_cfpb_pipeline' AIRFLOW_CTX_TASK_ID='audit_on_branch' AIRFLOW_CTX_EXECUTION_DATE='2026-07-18T00:00:00+00:00' AIRFLOW_CTX_TRY_NUMBER='1' AIRFLOW_CTX_DAG_RUN_ID='scheduled__2026-07-18T00:00:00+00:00'
[2026-07-19T02:55:44.205+0000] {taskinstance.py:731} INFO - ::endgroup::
[2026-07-19T02:55:44.208+0000] {crypto.py:82} WARNING - empty cryptography key - values will not be stored encrypted.
[2026-07-19T02:55:44.211+0000] {base.py:84} INFO - Retrieving connection 'minio_default'
[2026-07-19T02:55:44.212+0000] {base.py:84} INFO - Retrieving connection 'nessie_api_default'
[2026-07-19T02:55:44.325+0000] {duckdb_to_bronze.py:62} INFO - Đã khởi tạo DuckDB và PyIceberg Catalog trên nhánh 'etl_20260718_scheduled202607'.
[2026-07-19T02:55:44.348+0000] {__init__.py:331} INFO - Loaded FileIO: pyiceberg.io.fsspec.FsspecFileIO
[2026-07-19T02:55:44.349+0000] {wap_cfpb_pipeline.py:207} INFO - 🔍 Đang Audit qua DuckDB Native (iceberg_scan)...
[2026-07-19T02:55:44.351+0000] {duckdb_to_bronze.py:171} INFO - Đang thực thi Audit Query qua DuckDB: 
                SELECT 
                    COUNT(*) as total_rows,
                    COUNT(_rescued_data) as drifted_rows
                FROM iceberg_scan('s3://lakehouse/bronze/raw_consumer_complaints_5a49930f-34f4-4699-9cac-7f957a52a124/metadata/00000-8b9f2bc3-a659-477a-96e4-0b73ac294a80.metadata.json')
                WHERE _run_id = 'scheduled__2026-07-18T00:00:00+00:00'
            
[2026-07-19T02:55:44.379+0000] {duckdb_to_bronze.py:177} INFO - Đã đóng kết nối DuckDB an toàn.
[2026-07-19T02:55:44.381+0000] {wap_cfpb_pipeline.py:219} INFO - ✅ AUDIT PASS: Đối soát thành công (48 rows). Sẵn sàng Publish.
[2026-07-19T02:55:44.382+0000] {python.py:240} INFO - Done. Returned value was: {'wap_branch': 'etl_20260718_scheduled202607', 'total_inserted_rows': 48, 'total_extracted_rows': 48, 'run_id': 'scheduled__2026-07-18T00:00:00+00:00', 'audit_passed': True}
[2026-07-19T02:55:44.422+0000] {taskinstance.py:340} INFO - ::group::Post task execution logs
[2026-07-19T02:55:44.423+0000] {taskinstance.py:352} INFO - Marking task as SUCCESS. dag_id=wap_cfpb_pipeline, task_id=audit_on_branch, run_id=scheduled__2026-07-18T00:00:00+00:00, execution_date=20260718T000000, start_date=20260719T025543, end_date=20260719T025544
[2026-07-19T02:55:44.467+0000] {local_task_job_runner.py:266} INFO - Task exited with return code 0
[2026-07-19T02:55:44.497+0000] {taskinstance.py:3900} INFO - 1 downstream tasks scheduled from follow-on schedule check
[2026-07-19T02:55:44.500+0000] {local_task_job_runner.py:245} INFO - ::endgroup::
[2026-07-19T04:32:21.333+0000] {local_task_job_runner.py:123} INFO - ::group::Pre task execution logs
[2026-07-19T04:32:21.355+0000] {taskinstance.py:2612} INFO - Dependencies all met for dep_context=non-requeueable deps ti=<TaskInstance: wap_cfpb_pipeline.audit_on_branch scheduled__2026-07-18T00:00:00+00:00 [queued]>
[2026-07-19T04:32:21.365+0000] {taskinstance.py:2612} INFO - Dependencies all met for dep_context=requeueable deps ti=<TaskInstance: wap_cfpb_pipeline.audit_on_branch scheduled__2026-07-18T00:00:00+00:00 [queued]>
[2026-07-19T04:32:21.366+0000] {taskinstance.py:2865} INFO - Starting attempt 1 of 1
[2026-07-19T04:32:21.377+0000] {taskinstance.py:2888} INFO - Executing <Task(_PythonDecoratedOperator): audit_on_branch> on 2026-07-18 00:00:00+00:00
[2026-07-19T04:32:21.383+0000] {standard_task_runner.py:72} INFO - Started process 625 to run task
[2026-07-19T04:32:21.388+0000] {standard_task_runner.py:104} INFO - Running: ['airflow', 'tasks', 'run', 'wap_cfpb_pipeline', 'audit_on_branch', 'scheduled__2026-07-18T00:00:00+00:00', '--job-id', '10', '--raw', '--subdir', 'DAGS_FOLDER/wap_cfpb_pipeline.py', '--cfg-path', '/tmp/tmp89gj9r4c']
[2026-07-19T04:32:21.390+0000] {standard_task_runner.py:105} INFO - Job 10: Subtask audit_on_branch
[2026-07-19T04:32:21.475+0000] {task_command.py:467} INFO - Running <TaskInstance: wap_cfpb_pipeline.audit_on_branch scheduled__2026-07-18T00:00:00+00:00 [running]> on host 634783a6dfed
[2026-07-19T04:32:21.575+0000] {taskinstance.py:3131} INFO - Exporting env vars: AIRFLOW_CTX_DAG_OWNER='airflow' AIRFLOW_CTX_DAG_ID='wap_cfpb_pipeline' AIRFLOW_CTX_TASK_ID='audit_on_branch' AIRFLOW_CTX_EXECUTION_DATE='2026-07-18T00:00:00+00:00' AIRFLOW_CTX_TRY_NUMBER='1' AIRFLOW_CTX_DAG_RUN_ID='scheduled__2026-07-18T00:00:00+00:00'
[2026-07-19T04:32:21.578+0000] {taskinstance.py:731} INFO - ::endgroup::
[2026-07-19T04:32:21.581+0000] {crypto.py:82} WARNING - empty cryptography key - values will not be stored encrypted.
[2026-07-19T04:32:21.584+0000] {base.py:84} INFO - Retrieving connection 'minio_default'
[2026-07-19T04:32:21.587+0000] {base.py:84} INFO - Retrieving connection 'nessie_api_default'
[2026-07-19T04:32:21.700+0000] {duckdb_to_bronze.py:63} INFO - Đã khởi tạo DuckDB và PyIceberg Catalog trên nhánh 'etl_20260718_scheduled202607'.
[2026-07-19T04:32:21.742+0000] {__init__.py:331} INFO - Loaded FileIO: pyiceberg.io.fsspec.FsspecFileIO
[2026-07-19T04:32:21.745+0000] {wap_cfpb_pipeline.py:207} INFO - 🔍 Đang Audit qua DuckDB Native (iceberg_scan)...
[2026-07-19T04:32:21.747+0000] {duckdb_to_bronze.py:189} INFO - Đang thực thi Audit Query qua DuckDB: 
                SELECT 
                    COUNT(*) as total_rows,
                    COUNT(_rescued_data) as drifted_rows
                FROM iceberg_scan('s3://lakehouse/bronze/raw_consumer_complaints_e538c906-c892-4c9c-8ca6-efb2f4ed76b8/metadata/00000-77cdd29b-5836-4c41-a11c-52d4516c8ed8.metadata.json')
                WHERE _run_id = 'scheduled__2026-07-18T00:00:00+00:00'
            
[2026-07-19T04:32:21.782+0000] {duckdb_to_bronze.py:195} INFO - Đã đóng kết nối DuckDB an toàn.
[2026-07-19T04:32:21.783+0000] {wap_cfpb_pipeline.py:219} INFO - ✅ AUDIT PASS: Đối soát thành công (48 rows). Sẵn sàng Publish.
[2026-07-19T04:32:21.786+0000] {python.py:240} INFO - Done. Returned value was: {'wap_branch': 'etl_20260718_scheduled202607', 'total_inserted_rows': 48, 'total_extracted_rows': 48, 'run_id': 'scheduled__2026-07-18T00:00:00+00:00', 'audit_passed': True}
[2026-07-19T04:32:21.840+0000] {taskinstance.py:340} INFO - ::group::Post task execution logs
[2026-07-19T04:32:21.842+0000] {taskinstance.py:352} INFO - Marking task as SUCCESS. dag_id=wap_cfpb_pipeline, task_id=audit_on_branch, run_id=scheduled__2026-07-18T00:00:00+00:00, execution_date=20260718T000000, start_date=20260719T043221, end_date=20260719T043221
[2026-07-19T04:32:21.889+0000] {local_task_job_runner.py:266} INFO - Task exited with return code 0
[2026-07-19T04:32:21.916+0000] {taskinstance.py:3900} INFO - 1 downstream tasks scheduled from follow-on schedule check
[2026-07-19T04:32:21.919+0000] {local_task_job_runner.py:245} INFO - ::endgroup::
[2026-07-19T04:46:35.475+0000] {local_task_job_runner.py:123} INFO - ::group::Pre task execution logs
[2026-07-19T04:46:35.499+0000] {taskinstance.py:2612} INFO - Dependencies all met for dep_context=non-requeueable deps ti=<TaskInstance: wap_cfpb_pipeline.audit_on_branch scheduled__2026-07-18T00:00:00+00:00 [queued]>
[2026-07-19T04:46:35.511+0000] {taskinstance.py:2612} INFO - Dependencies all met for dep_context=requeueable deps ti=<TaskInstance: wap_cfpb_pipeline.audit_on_branch scheduled__2026-07-18T00:00:00+00:00 [queued]>
[2026-07-19T04:46:35.512+0000] {taskinstance.py:2865} INFO - Starting attempt 1 of 1
[2026-07-19T04:46:35.522+0000] {taskinstance.py:2888} INFO - Executing <Task(_PythonDecoratedOperator): audit_on_branch> on 2026-07-18 00:00:00+00:00
[2026-07-19T04:46:35.528+0000] {standard_task_runner.py:72} INFO - Started process 1237 to run task
[2026-07-19T04:46:35.531+0000] {standard_task_runner.py:104} INFO - Running: ['airflow', 'tasks', 'run', 'wap_cfpb_pipeline', 'audit_on_branch', 'scheduled__2026-07-18T00:00:00+00:00', '--job-id', '10', '--raw', '--subdir', 'DAGS_FOLDER/wap_cfpb_pipeline.py', '--cfg-path', '/tmp/tmphpoi9w10']
[2026-07-19T04:46:35.532+0000] {standard_task_runner.py:105} INFO - Job 10: Subtask audit_on_branch
[2026-07-19T04:46:35.605+0000] {task_command.py:467} INFO - Running <TaskInstance: wap_cfpb_pipeline.audit_on_branch scheduled__2026-07-18T00:00:00+00:00 [running]> on host e086fa01d0f5
[2026-07-19T04:46:35.692+0000] {taskinstance.py:3131} INFO - Exporting env vars: AIRFLOW_CTX_DAG_OWNER='airflow' AIRFLOW_CTX_DAG_ID='wap_cfpb_pipeline' AIRFLOW_CTX_TASK_ID='audit_on_branch' AIRFLOW_CTX_EXECUTION_DATE='2026-07-18T00:00:00+00:00' AIRFLOW_CTX_TRY_NUMBER='1' AIRFLOW_CTX_DAG_RUN_ID='scheduled__2026-07-18T00:00:00+00:00'
[2026-07-19T04:46:35.694+0000] {taskinstance.py:731} INFO - ::endgroup::
[2026-07-19T04:46:35.698+0000] {crypto.py:82} WARNING - empty cryptography key - values will not be stored encrypted.
[2026-07-19T04:46:35.700+0000] {base.py:84} INFO - Retrieving connection 'minio_default'
[2026-07-19T04:46:35.701+0000] {base.py:84} INFO - Retrieving connection 'nessie_api_default'
[2026-07-19T04:46:35.804+0000] {duckdb_to_bronze.py:63} INFO - Đã khởi tạo DuckDB và PyIceberg Catalog trên nhánh 'etl_20260718_scheduled202607'.
[2026-07-19T04:46:35.831+0000] {__init__.py:331} INFO - Loaded FileIO: pyiceberg.io.fsspec.FsspecFileIO
[2026-07-19T04:46:35.833+0000] {wap_cfpb_pipeline.py:207} INFO - 🔍 Đang Audit qua DuckDB Native (iceberg_scan)...
[2026-07-19T04:46:35.835+0000] {duckdb_to_bronze.py:189} INFO - Đang thực thi Audit Query qua DuckDB: 
                SELECT 
                    COUNT(*) as total_rows,
                    COUNT(_rescued_data) as drifted_rows
                FROM iceberg_scan('s3://lakehouse/bronze/raw_consumer_complaints_c8c8660f-4e15-449f-bfe4-512f561cb4a7/metadata/00000-12db84d5-6306-41a9-80ad-17dfee569a70.metadata.json')
                WHERE _run_id = 'scheduled__2026-07-18T00:00:00+00:00'
            
[2026-07-19T04:46:35.868+0000] {duckdb_to_bronze.py:195} INFO - Đã đóng kết nối DuckDB an toàn.
[2026-07-19T04:46:35.870+0000] {wap_cfpb_pipeline.py:219} INFO - ✅ AUDIT PASS: Đối soát thành công (48 rows). Sẵn sàng Publish.
[2026-07-19T04:46:35.871+0000] {python.py:240} INFO - Done. Returned value was: {'wap_branch': 'etl_20260718_scheduled202607', 'total_inserted_rows': 48, 'total_extracted_rows': 48, 'run_id': 'scheduled__2026-07-18T00:00:00+00:00', 'audit_passed': True}
[2026-07-19T04:46:35.947+0000] {taskinstance.py:340} INFO - ::group::Post task execution logs
[2026-07-19T04:46:35.950+0000] {taskinstance.py:352} INFO - Marking task as SUCCESS. dag_id=wap_cfpb_pipeline, task_id=audit_on_branch, run_id=scheduled__2026-07-18T00:00:00+00:00, execution_date=20260718T000000, start_date=20260719T044635, end_date=20260719T044635
[2026-07-19T04:46:35.994+0000] {local_task_job_runner.py:266} INFO - Task exited with return code 0
[2026-07-19T04:46:36.027+0000] {taskinstance.py:3900} INFO - 1 downstream tasks scheduled from follow-on schedule check
[2026-07-19T04:46:36.029+0000] {local_task_job_runner.py:245} INFO - ::endgroup::
