[2026-07-03T01:25:22.360+0000] {taskinstance.py:1979} INFO - Dependencies all met for dep_context=non-requeueable deps ti=<TaskInstance: dbt_silver_gold.gold_layer.dim_dates.run scheduled__2026-07-02T00:00:00+00:00 [queued]>
[2026-07-03T01:25:22.380+0000] {taskinstance.py:1979} INFO - Dependencies all met for dep_context=requeueable deps ti=<TaskInstance: dbt_silver_gold.gold_layer.dim_dates.run scheduled__2026-07-02T00:00:00+00:00 [queued]>
[2026-07-03T01:25:22.381+0000] {taskinstance.py:2193} INFO - Starting attempt 1 of 1
[2026-07-03T01:25:22.420+0000] {taskinstance.py:2214} INFO - Executing <Task(DbtRunLocalOperator): gold_layer.dim_dates.run> on 2026-07-02 00:00:00+00:00
[2026-07-03T01:25:22.430+0000] {standard_task_runner.py:60} INFO - Started process 486 to run task
[2026-07-03T01:25:22.437+0000] {standard_task_runner.py:87} INFO - Running: ['airflow', 'tasks', 'run', 'dbt_silver_gold', 'gold_layer.dim_dates.run', 'scheduled__2026-07-02T00:00:00+00:00', '--job-id', '10', '--raw', '--subdir', 'DAGS_FOLDER/dbt_silver_gold.py', '--cfg-path', '/tmp/tmpu8p2u471']
[2026-07-03T01:25:22.449+0000] {standard_task_runner.py:88} INFO - Job 10: Subtask gold_layer.dim_dates.run
[2026-07-03T01:25:22.679+0000] {task_command.py:423} INFO - Running <TaskInstance: dbt_silver_gold.gold_layer.dim_dates.run scheduled__2026-07-02T00:00:00+00:00 [running]> on host 96f3a3af0804
[2026-07-03T01:25:23.727+0000] {taskinstance.py:2510} INFO - Exporting env vars: AIRFLOW_CTX_DAG_OWNER='airflow' AIRFLOW_CTX_DAG_ID='dbt_silver_gold' AIRFLOW_CTX_TASK_ID='gold_layer.dim_dates.run' AIRFLOW_CTX_EXECUTION_DATE='2026-07-02T00:00:00+00:00' AIRFLOW_CTX_TRY_NUMBER='1' AIRFLOW_CTX_DAG_RUN_ID='scheduled__2026-07-02T00:00:00+00:00'
[2026-07-03T01:25:25.199+0000] {local.py:244} INFO - dbtRunner is available. Using dbtRunner for invoking dbt.
[2026-07-03T01:25:25.202+0000] {local.py:464} INFO - Cloning project to writable temp directory /tmp/tmpokqxahtn from /opt/airflow/dbt_transform
[2026-07-03T01:25:25.212+0000] {local.py:484} INFO - Partial parse is enabled and the latest partial parse file is None
[2026-07-03T01:25:25.213+0000] {config.py:360} INFO - Using user-supplied profiles.yml at /opt/airflow/dbt_transform/profiles.yml
[2026-07-03T01:25:25.225+0000] {runner.py:60} INFO - Trying to run dbtRunner with:
 ['deps', '--project-dir', '/tmp/tmpokqxahtn', '--profiles-dir', '/opt/airflow/dbt_transform', '--profile', 'lakehouse_dbt', '--target', 'dev', '--no-static-parser']
 in /tmp/tmpokqxahtn
[2026-07-03T01:25:25.328+0000] {logging_mixin.py:188} INFO - 01:25:25  Running with dbt=1.8.7
[2026-07-03T01:25:25.630+0000] {graph.py:611} INFO - Trying to parse the dbt project using dbt ls cache cosmos_cache__dbt_silver_gold__silver_layer...
[2026-07-03T01:25:27.848+0000] {cache.py:320} INFO - Cosmos performance: time to calculate cache identifier cosmos_cache__dbt_silver_gold__silver_layer for current version: 2.1878012039996975
[2026-07-03T01:25:27.849+0000] {graph.py:628} INFO - Cosmos performance [96f3a3af0804|486]: The cache size for cosmos_cache__dbt_silver_gold__silver_layer is 2980
[2026-07-03T01:25:27.850+0000] {graph.py:636} INFO - Cosmos performance: Cache hit for cosmos_cache__dbt_silver_gold__silver_layer - 629ff14d7e72097ab4df679de948f07d,5e34606eb5f2b3dea81a8e19fa3ba138
[2026-07-03T01:25:27.850+0000] {graph.py:561} INFO - Total nodes: 4
[2026-07-03T01:25:27.851+0000] {graph.py:562} INFO - Total filtered nodes: 4
[2026-07-03T01:25:27.852+0000] {converter.py:291} INFO - Cosmos performance (dbt_silver_gold__silver_layer) -  [96f3a3af0804|486]: It took 2.22s to parse the dbt project for DAG using LoadMode.DBT_LS_CACHE
[2026-07-03T01:25:27.861+0000] {converter.py:336} INFO - Cosmos performance (dbt_silver_gold__silver_layer) - [96f3a3af0804|486]: It took 0.00984s to build the Airflow DAG.
[2026-07-03T01:25:27.865+0000] {graph.py:611} INFO - Trying to parse the dbt project using dbt ls cache cosmos_cache__dbt_silver_gold__gold_layer...
[2026-07-03T01:25:29.871+0000] {cache.py:320} INFO - Cosmos performance: time to calculate cache identifier cosmos_cache__dbt_silver_gold__gold_layer for current version: 1.9941560120000759
[2026-07-03T01:25:29.872+0000] {graph.py:628} INFO - Cosmos performance [96f3a3af0804|486]: The cache size for cosmos_cache__dbt_silver_gold__gold_layer is 28926
[2026-07-03T01:25:29.873+0000] {graph.py:636} INFO - Cosmos performance: Cache hit for cosmos_cache__dbt_silver_gold__gold_layer - 629ff14d7e72097ab4df679de948f07d,c3a79eb2a33bd9f2182805b663a126a1
[2026-07-03T01:25:29.874+0000] {graph.py:561} INFO - Total nodes: 35
[2026-07-03T01:25:29.874+0000] {graph.py:562} INFO - Total filtered nodes: 35
[2026-07-03T01:25:29.875+0000] {converter.py:291} INFO - Cosmos performance (dbt_silver_gold__gold_layer) -  [96f3a3af0804|486]: It took 2.01s to parse the dbt project for DAG using LoadMode.DBT_LS_CACHE
[2026-07-03T01:25:29.877+0000] {graph.py:332} WARNING - Unavailable conversion function for <DbtResourceType.METRIC> (node <metric.consumer_complaints_transformation.avg_response_time_days>). Define a converter function using render_config.node_converters.
[2026-07-03T01:25:29.878+0000] {graph.py:332} WARNING - Unavailable conversion function for <DbtResourceType.METRIC> (node <metric.consumer_complaints_transformation.total_complaints>). Define a converter function using render_config.node_converters.
[2026-07-03T01:25:29.911+0000] {graph.py:332} WARNING - Unavailable conversion function for <DbtResourceType.SEMANTIC_MODEL> (node <semantic_model.consumer_complaints_transformation.complaints>). Define a converter function using render_config.node_converters.
[2026-07-03T01:25:29.912+0000] {converter.py:336} INFO - Cosmos performance (dbt_silver_gold__gold_layer) - [96f3a3af0804|486]: It took 0.0378s to build the Airflow DAG.
[2026-07-03T01:25:30.783+0000] {logging_mixin.py:188} INFO - 01:25:30  Installing dbt-labs/dbt_utils
[2026-07-03T01:25:31.411+0000] {logging_mixin.py:188} INFO - 01:25:31  Installed from version 1.3.0
[2026-07-03T01:25:31.413+0000] {logging_mixin.py:188} INFO - 01:25:31  Updated version available: 1.4.1
[2026-07-03T01:25:31.415+0000] {logging_mixin.py:188} INFO - 01:25:31  Installing metaplane/dbt_expectations
[2026-07-03T01:25:32.798+0000] {logging_mixin.py:188} INFO - 01:25:32  Installed from version 0.10.8
[2026-07-03T01:25:32.802+0000] {logging_mixin.py:188} INFO - 01:25:32  Updated version available: 0.10.10
[2026-07-03T01:25:32.805+0000] {logging_mixin.py:188} INFO - 01:25:32  Installing godatadriven/dbt_date
[2026-07-03T01:25:33.385+0000] {logging_mixin.py:188} INFO - 01:25:33  Installed from version 0.15.0
[2026-07-03T01:25:33.386+0000] {logging_mixin.py:188} INFO - 01:25:33  Up to date!
[2026-07-03T01:25:33.387+0000] {logging_mixin.py:188} INFO - 01:25:33
[2026-07-03T01:25:33.388+0000] {logging_mixin.py:188} INFO - 01:25:33  Updates available for packages: ['dbt-labs/dbt_utils', 'metaplane/dbt_expectations']                 
Update your versions in packages.yml, then run dbt deps
[2026-07-03T01:25:34.384+0000] {runner.py:60} INFO - Trying to run dbtRunner with:
 ['run', '--models', 'dim_dates', '--project-dir', '/tmp/tmpokqxahtn', '--profiles-dir', '/opt/airflow/dbt_transform', '--profile', 'lakehouse_dbt', '--target', 'dev', '--no-static-parser']
 in /tmp/tmpokqxahtn
[2026-07-03T01:25:34.411+0000] {logging_mixin.py:188} INFO - 01:25:34  Running with dbt=1.8.7
[2026-07-03T01:25:34.453+0000] {auth.py:343} INFO - keyring module not found. OAuth2 token will not be stored in keyring.
[2026-07-03T01:25:34.457+0000] {auth.py:343} INFO - keyring module not found. OAuth2 token will not be stored in keyring.
[2026-07-03T01:25:34.630+0000] {logging_mixin.py:188} INFO - 01:25:34  Registered adapter: trino=1.8.5
[2026-07-03T01:25:35.468+0000] {logging_mixin.py:188} INFO - 01:25:35  Unable to do partial parsing because saved manifest not found. Starting full parse.
[2026-07-03T01:25:39.381+0000] {logging_mixin.py:188} INFO - 01:25:39  [WARNING]: Deprecated functionality
The `tests` config has been renamed to `data_tests`. Please see
https://docs.getdbt.com/docs/build/data-tests#new-data_tests-syntax for more
information.
[2026-07-03T01:25:40.733+0000] {logging_mixin.py:188} INFO - 01:25:40  Found 9 models, 26 data tests, 1 source, 2 metrics, 838 macros, 1 semantic model
[2026-07-03T01:25:40.738+0000] {logging_mixin.py:188} INFO - 01:25:40
[2026-07-03T01:25:40.798+0000] {logging_mixin.py:188} INFO - 01:25:40  [WARNING]: SSL certificate validation is disabled by default. It is legacy behavior which will be changed in future releases. It is strongly advised to enable `require_certificate_validation` flag or explicitly set `cert` configuration to `True` for security reasons. You may receive an error after that if your SSL setup is incorrect.
You may opt into the new behavior sooner by setting `flags.require_certificate_validation` to `True` in `dbt_project.yml`.
Visit https://docs.getdbt.com/reference/global-configs/behavior-changes for more information.
[2026-07-03T01:25:42.049+0000] {logging_mixin.py:188} INFO - 01:25:42  Concurrency: 4 threads (target='dev')
[2026-07-03T01:25:42.054+0000] {logging_mixin.py:188} INFO - 01:25:42
[2026-07-03T01:25:42.081+0000] {logging_mixin.py:188} INFO - 01:25:42  1 of 1 START sql table model gold.dim_dates .................................... [RUN]
[2026-07-03T01:25:45.109+0000] {logging_mixin.py:188} INFO - 01:25:45  1 of 1 OK created sql table model gold.dim_dates ............................... [CREATE TABLE (774 rows) in 3.02s]
[2026-07-03T01:25:45.138+0000] {logging_mixin.py:188} INFO - 01:25:45
[2026-07-03T01:25:45.141+0000] {logging_mixin.py:188} INFO - 01:25:45  Finished running 1 table model in 0 hours 0 minutes and 4.40 seconds (4.40s).
[2026-07-03T01:25:45.300+0000] {logging_mixin.py:188} INFO - 01:25:45
[2026-07-03T01:25:45.306+0000] {logging_mixin.py:188} INFO - 01:25:45  Completed successfully
[2026-07-03T01:25:45.309+0000] {logging_mixin.py:188} INFO - 01:25:45
[2026-07-03T01:25:45.312+0000] {logging_mixin.py:188} INFO - 01:25:45  Done. PASS=1 WARN=0 ERROR=0 SKIP=0 TOTAL=1
[2026-07-03T01:25:46.654+0000] {local.py:138} WARNING - Artifact schema version: https://schemas.getdbt.com/dbt/manifest/v12.json is above dbt-ol supported version 7. This might cause errors.
[2026-07-03T01:25:46.655+0000] {local.py:138} WARNING - Artifact schema version: https://schemas.getdbt.com/dbt/run-results/v6.json is above dbt-ol supported version 5. This might cause errors.
[2026-07-03T01:25:46.664+0000] {local.py:538} INFO - Inlets: []
[2026-07-03T01:25:46.665+0000] {local.py:539} INFO - Outlets: []
[2026-07-03T01:25:46.666+0000] {local.py:761} INFO - Assigning inlets/outlets without DatasetAlias
[2026-07-03T01:25:46.667+0000] {dag.py:3047} INFO - Sync 1 DAGs
[2026-07-03T01:25:46.796+0000] {taskinstance.py:1149} INFO - Marking task as SUCCESS. dag_id=dbt_silver_gold, task_id=gold_layer.dim_dates.run, execution_date=20260702T000000, start_date=20260703T012522, end_date=20260703T012546
[2026-07-03T01:25:46.864+0000] {local_task_job_runner.py:234} INFO - Task exited with return code 0
[2026-07-03T01:25:48.690+0000] {taskinstance.py:3309} INFO - 1 downstream tasks scheduled from follow-on schedule check
[2026-07-03T02:41:38.866+0000] {taskinstance.py:1979} INFO - Dependencies all met for dep_context=non-requeueable deps ti=<TaskInstance: dbt_silver_gold.gold_layer.dim_dates.run scheduled__2026-07-02T00:00:00+00:00 [queued]>
[2026-07-03T02:41:38.879+0000] {taskinstance.py:1979} INFO - Dependencies all met for dep_context=requeueable deps ti=<TaskInstance: dbt_silver_gold.gold_layer.dim_dates.run scheduled__2026-07-02T00:00:00+00:00 [queued]>
[2026-07-03T02:41:38.880+0000] {taskinstance.py:2193} INFO - Starting attempt 1 of 1
[2026-07-03T02:41:38.896+0000] {taskinstance.py:2214} INFO - Executing <Task(DbtRunLocalOperator): gold_layer.dim_dates.run> on 2026-07-02 00:00:00+00:00
[2026-07-03T02:41:38.902+0000] {standard_task_runner.py:60} INFO - Started process 426 to run task
[2026-07-03T02:41:38.909+0000] {standard_task_runner.py:87} INFO - Running: ['airflow', 'tasks', 'run', 'dbt_silver_gold', 'gold_layer.dim_dates.run', 'scheduled__2026-07-02T00:00:00+00:00', '--job-id', '10', '--raw', '--subdir', 'DAGS_FOLDER/dbt_silver_gold.py', '--cfg-path', '/tmp/tmpq25j7ae2']
[2026-07-03T02:41:38.912+0000] {standard_task_runner.py:88} INFO - Job 10: Subtask gold_layer.dim_dates.run
[2026-07-03T02:41:39.025+0000] {task_command.py:423} INFO - Running <TaskInstance: dbt_silver_gold.gold_layer.dim_dates.run scheduled__2026-07-02T00:00:00+00:00 [running]> on host 678ac63caf44
[2026-07-03T02:41:39.871+0000] {taskinstance.py:2510} INFO - Exporting env vars: AIRFLOW_CTX_DAG_OWNER='airflow' AIRFLOW_CTX_DAG_ID='dbt_silver_gold' AIRFLOW_CTX_TASK_ID='gold_layer.dim_dates.run' AIRFLOW_CTX_EXECUTION_DATE='2026-07-02T00:00:00+00:00' AIRFLOW_CTX_TRY_NUMBER='1' AIRFLOW_CTX_DAG_RUN_ID='scheduled__2026-07-02T00:00:00+00:00'
[2026-07-03T02:41:41.327+0000] {local.py:244} INFO - dbtRunner is available. Using dbtRunner for invoking dbt.
[2026-07-03T02:41:41.328+0000] {local.py:464} INFO - Cloning project to writable temp directory /tmp/tmpp4fkmri_ from /opt/airflow/dbt_transform
[2026-07-03T02:41:41.340+0000] {local.py:484} INFO - Partial parse is enabled and the latest partial parse file is None
[2026-07-03T02:41:41.341+0000] {config.py:360} INFO - Using user-supplied profiles.yml at /opt/airflow/dbt_transform/profiles.yml
[2026-07-03T02:41:41.353+0000] {runner.py:60} INFO - Trying to run dbtRunner with:
 ['deps', '--project-dir', '/tmp/tmpp4fkmri_', '--profiles-dir', '/opt/airflow/dbt_transform', '--profile', 'lakehouse_dbt', '--target', 'dev', '--no-static-parser']
 in /tmp/tmpp4fkmri_
[2026-07-03T02:41:41.449+0000] {logging_mixin.py:188} INFO - 02:41:41  Running with dbt=1.8.7
[2026-07-03T02:41:41.814+0000] {graph.py:611} INFO - Trying to parse the dbt project using dbt ls cache cosmos_cache__dbt_silver_gold__silver_layer...
[2026-07-03T02:41:43.712+0000] {cache.py:320} INFO - Cosmos performance: time to calculate cache identifier cosmos_cache__dbt_silver_gold__silver_layer for current version: 1.8796356510001715
[2026-07-03T02:41:43.712+0000] {graph.py:628} INFO - Cosmos performance [678ac63caf44|426]: The cache size for cosmos_cache__dbt_silver_gold__silver_layer is 2980
[2026-07-03T02:41:43.713+0000] {graph.py:636} INFO - Cosmos performance: Cache hit for cosmos_cache__dbt_silver_gold__silver_layer - 629ff14d7e72097ab4df679de948f07d,5e34606eb5f2b3dea81a8e19fa3ba138
[2026-07-03T02:41:43.714+0000] {graph.py:561} INFO - Total nodes: 4
[2026-07-03T02:41:43.715+0000] {graph.py:562} INFO - Total filtered nodes: 4
[2026-07-03T02:41:43.715+0000] {converter.py:291} INFO - Cosmos performance (dbt_silver_gold__silver_layer) -  [678ac63caf44|426]: It took 1.9s to parse the dbt project for DAG using LoadMode.DBT_LS_CACHE
[2026-07-03T02:41:43.725+0000] {converter.py:336} INFO - Cosmos performance (dbt_silver_gold__silver_layer) - [678ac63caf44|426]: It took 0.00946s to build the Airflow DAG.
[2026-07-03T02:41:43.728+0000] {graph.py:611} INFO - Trying to parse the dbt project using dbt ls cache cosmos_cache__dbt_silver_gold__gold_layer...
[2026-07-03T02:41:46.406+0000] {cache.py:320} INFO - Cosmos performance: time to calculate cache identifier cosmos_cache__dbt_silver_gold__gold_layer for current version: 2.655415092000112
[2026-07-03T02:41:46.407+0000] {graph.py:628} INFO - Cosmos performance [678ac63caf44|426]: The cache size for cosmos_cache__dbt_silver_gold__gold_layer is 28926
[2026-07-03T02:41:46.409+0000] {graph.py:636} INFO - Cosmos performance: Cache hit for cosmos_cache__dbt_silver_gold__gold_layer - 629ff14d7e72097ab4df679de948f07d,c3a79eb2a33bd9f2182805b663a126a1
[2026-07-03T02:41:46.409+0000] {graph.py:561} INFO - Total nodes: 35
[2026-07-03T02:41:46.410+0000] {graph.py:562} INFO - Total filtered nodes: 35
[2026-07-03T02:41:46.410+0000] {converter.py:291} INFO - Cosmos performance (dbt_silver_gold__gold_layer) -  [678ac63caf44|426]: It took 2.68s to parse the dbt project for DAG using LoadMode.DBT_LS_CACHE
[2026-07-03T02:41:46.415+0000] {graph.py:332} WARNING - Unavailable conversion function for <DbtResourceType.METRIC> (node <metric.consumer_complaints_transformation.avg_response_time_days>). Define a converter function using render_config.node_converters.
[2026-07-03T02:41:46.415+0000] {graph.py:332} WARNING - Unavailable conversion function for <DbtResourceType.METRIC> (node <metric.consumer_complaints_transformation.total_complaints>). Define a converter function using render_config.node_converters.
[2026-07-03T02:41:46.470+0000] {graph.py:332} WARNING - Unavailable conversion function for <DbtResourceType.SEMANTIC_MODEL> (node <semantic_model.consumer_complaints_transformation.complaints>). Define a converter function using render_config.node_converters.
[2026-07-03T02:41:46.472+0000] {converter.py:336} INFO - Cosmos performance (dbt_silver_gold__gold_layer) - [678ac63caf44|426]: It took 0.0617s to build the Airflow DAG.
[2026-07-03T02:41:47.015+0000] {logging_mixin.py:188} INFO - 02:41:47  Installing dbt-labs/dbt_utils
[2026-07-03T02:41:47.568+0000] {logging_mixin.py:188} INFO - 02:41:47  Installed from version 1.3.0
[2026-07-03T02:41:47.569+0000] {logging_mixin.py:188} INFO - 02:41:47  Updated version available: 1.4.1
[2026-07-03T02:41:47.570+0000] {logging_mixin.py:188} INFO - 02:41:47  Installing metaplane/dbt_expectations
[2026-07-03T02:41:54.330+0000] {logging_mixin.py:188} INFO - 02:41:54  Installed from version 0.10.8
[2026-07-03T02:41:54.333+0000] {logging_mixin.py:188} INFO - 02:41:54  Updated version available: 0.10.10
[2026-07-03T02:41:54.335+0000] {logging_mixin.py:188} INFO - 02:41:54  Installing godatadriven/dbt_date
[2026-07-03T02:41:54.931+0000] {logging_mixin.py:188} INFO - 02:41:54  Installed from version 0.15.0
[2026-07-03T02:41:54.932+0000] {logging_mixin.py:188} INFO - 02:41:54  Up to date!
[2026-07-03T02:41:54.934+0000] {logging_mixin.py:188} INFO - 02:41:54
[2026-07-03T02:41:54.936+0000] {logging_mixin.py:188} INFO - 02:41:54  Updates available for packages: ['dbt-labs/dbt_utils', 'metaplane/dbt_expectations']                 
Update your versions in packages.yml, then run dbt deps
[2026-07-03T02:41:56.105+0000] {runner.py:60} INFO - Trying to run dbtRunner with:
 ['run', '--models', 'dim_dates', '--project-dir', '/tmp/tmpp4fkmri_', '--profiles-dir', '/opt/airflow/dbt_transform', '--profile', 'lakehouse_dbt', '--target', 'dev', '--no-static-parser']
 in /tmp/tmpp4fkmri_
[2026-07-03T02:41:56.185+0000] {logging_mixin.py:188} INFO - 02:41:56  Running with dbt=1.8.7
[2026-07-03T02:41:56.307+0000] {auth.py:343} INFO - keyring module not found. OAuth2 token will not be stored in keyring.
[2026-07-03T02:41:56.324+0000] {auth.py:343} INFO - keyring module not found. OAuth2 token will not be stored in keyring.
[2026-07-03T02:41:56.744+0000] {logging_mixin.py:188} INFO - 02:41:56  Registered adapter: trino=1.8.5
[2026-07-03T02:41:57.671+0000] {logging_mixin.py:188} INFO - 02:41:57  Unable to do partial parsing because saved manifest not found. Starting full parse.
[2026-07-03T02:42:02.532+0000] {logging_mixin.py:188} INFO - 02:42:02  [WARNING]: Deprecated functionality
The `tests` config has been renamed to `data_tests`. Please see
https://docs.getdbt.com/docs/build/data-tests#new-data_tests-syntax for more
information.
[2026-07-03T02:42:04.560+0000] {logging_mixin.py:188} INFO - 02:42:04  Found 9 models, 26 data tests, 1 source, 2 metrics, 838 macros, 1 semantic model
[2026-07-03T02:42:04.566+0000] {logging_mixin.py:188} INFO - 02:42:04
[2026-07-03T02:42:04.603+0000] {logging_mixin.py:188} INFO - 02:42:04  [WARNING]: SSL certificate validation is disabled by default. It is legacy behavior which will be changed in future releases. It is strongly advised to enable `require_certificate_validation` flag or explicitly set `cert` configuration to `True` for security reasons. You may receive an error after that if your SSL setup is incorrect.
You may opt into the new behavior sooner by setting `flags.require_certificate_validation` to `True` in `dbt_project.yml`.
Visit https://docs.getdbt.com/reference/global-configs/behavior-changes for more information.
[2026-07-03T02:42:05.039+0000] {logging_mixin.py:188} INFO - 02:42:05  Concurrency: 4 threads (target='dev')
[2026-07-03T02:42:05.041+0000] {logging_mixin.py:188} INFO - 02:42:05
[2026-07-03T02:42:05.049+0000] {logging_mixin.py:188} INFO - 02:42:05  1 of 1 START sql table model gold.dim_dates .................................... [RUN]
[2026-07-03T02:42:06.103+0000] {logging_mixin.py:188} INFO - 02:42:06  1 of 1 OK created sql table model gold.dim_dates ............................... [CREATE TABLE (774 rows) in 1.05s]
[2026-07-03T02:42:06.109+0000] {logging_mixin.py:188} INFO - 02:42:06
[2026-07-03T02:42:06.110+0000] {logging_mixin.py:188} INFO - 02:42:06  Finished running 1 table model in 0 hours 0 minutes and 1.54 seconds (1.54s).
[2026-07-03T02:42:06.160+0000] {logging_mixin.py:188} INFO - 02:42:06
[2026-07-03T02:42:06.161+0000] {logging_mixin.py:188} INFO - 02:42:06  Completed successfully
[2026-07-03T02:42:06.163+0000] {logging_mixin.py:188} INFO - 02:42:06
[2026-07-03T02:42:06.165+0000] {logging_mixin.py:188} INFO - 02:42:06  Done. PASS=1 WARN=0 ERROR=0 SKIP=0 TOTAL=1
[2026-07-03T02:42:07.407+0000] {local.py:138} WARNING - Artifact schema version: https://schemas.getdbt.com/dbt/manifest/v12.json is above dbt-ol supported version 7. This might cause errors.
[2026-07-03T02:42:07.408+0000] {local.py:138} WARNING - Artifact schema version: https://schemas.getdbt.com/dbt/run-results/v6.json is above dbt-ol supported version 5. This might cause errors.
[2026-07-03T02:42:07.418+0000] {local.py:538} INFO - Inlets: []
[2026-07-03T02:42:07.419+0000] {local.py:539} INFO - Outlets: []
[2026-07-03T02:42:07.419+0000] {local.py:761} INFO - Assigning inlets/outlets without DatasetAlias
[2026-07-03T02:42:07.420+0000] {dag.py:3047} INFO - Sync 1 DAGs
[2026-07-03T02:42:07.511+0000] {taskinstance.py:1149} INFO - Marking task as SUCCESS. dag_id=dbt_silver_gold, task_id=gold_layer.dim_dates.run, execution_date=20260702T000000, start_date=20260703T024138, end_date=20260703T024207
[2026-07-03T02:42:07.559+0000] {local_task_job_runner.py:234} INFO - Task exited with return code 0
[2026-07-03T02:42:07.594+0000] {taskinstance.py:3309} INFO - 0 downstream tasks scheduled from follow-on schedule check
[2026-07-03T02:58:34.041+0000] {taskinstance.py:1979} INFO - Dependencies all met for dep_context=non-requeueable deps ti=<TaskInstance: dbt_silver_gold.gold_layer.dim_dates.run scheduled__2026-07-02T00:00:00+00:00 [queued]>
[2026-07-03T02:58:34.066+0000] {taskinstance.py:1979} INFO - Dependencies all met for dep_context=requeueable deps ti=<TaskInstance: dbt_silver_gold.gold_layer.dim_dates.run scheduled__2026-07-02T00:00:00+00:00 [queued]>
[2026-07-03T02:58:34.068+0000] {taskinstance.py:2193} INFO - Starting attempt 1 of 1
[2026-07-03T02:58:34.102+0000] {taskinstance.py:2214} INFO - Executing <Task(DbtRunLocalOperator): gold_layer.dim_dates.run> on 2026-07-02 00:00:00+00:00
[2026-07-03T02:58:34.114+0000] {standard_task_runner.py:60} INFO - Started process 423 to run task
[2026-07-03T02:58:34.120+0000] {standard_task_runner.py:87} INFO - Running: ['airflow', 'tasks', 'run', 'dbt_silver_gold', 'gold_layer.dim_dates.run', 'scheduled__2026-07-02T00:00:00+00:00', '--job-id', '13', '--raw', '--subdir', 'DAGS_FOLDER/dbt_silver_gold.py', '--cfg-path', '/tmp/tmp332lixj7']
[2026-07-03T02:58:34.127+0000] {standard_task_runner.py:88} INFO - Job 13: Subtask gold_layer.dim_dates.run
[2026-07-03T02:58:34.301+0000] {task_command.py:423} INFO - Running <TaskInstance: dbt_silver_gold.gold_layer.dim_dates.run scheduled__2026-07-02T00:00:00+00:00 [running]> on host 758891953f3b
[2026-07-03T02:58:36.381+0000] {taskinstance.py:2510} INFO - Exporting env vars: AIRFLOW_CTX_DAG_OWNER='airflow' AIRFLOW_CTX_DAG_ID='dbt_silver_gold' AIRFLOW_CTX_TASK_ID='gold_layer.dim_dates.run' AIRFLOW_CTX_EXECUTION_DATE='2026-07-02T00:00:00+00:00' AIRFLOW_CTX_TRY_NUMBER='1' AIRFLOW_CTX_DAG_RUN_ID='scheduled__2026-07-02T00:00:00+00:00'
[2026-07-03T02:58:38.670+0000] {local.py:244} INFO - dbtRunner is available. Using dbtRunner for invoking dbt.
[2026-07-03T02:58:38.673+0000] {local.py:464} INFO - Cloning project to writable temp directory /tmp/tmpfots7qjd from /opt/airflow/dbt_transform
[2026-07-03T02:58:38.690+0000] {local.py:484} INFO - Partial parse is enabled and the latest partial parse file is None
[2026-07-03T02:58:38.692+0000] {config.py:360} INFO - Using user-supplied profiles.yml at /opt/airflow/dbt_transform/profiles.yml
[2026-07-03T02:58:38.714+0000] {runner.py:60} INFO - Trying to run dbtRunner with:
 ['deps', '--project-dir', '/tmp/tmpfots7qjd', '--profiles-dir', '/opt/airflow/dbt_transform', '--profile', 'lakehouse_dbt', '--target', 'dev', '--no-static-parser']
 in /tmp/tmpfots7qjd
[2026-07-03T02:58:38.895+0000] {logging_mixin.py:188} INFO - 02:58:38  Running with dbt=1.8.7
[2026-07-03T02:58:39.343+0000] {graph.py:611} INFO - Trying to parse the dbt project using dbt ls cache cosmos_cache__dbt_silver_gold__silver_layer...
[2026-07-03T02:58:42.183+0000] {cache.py:320} INFO - Cosmos performance: time to calculate cache identifier cosmos_cache__dbt_silver_gold__silver_layer for current version: 2.8158101510016422
[2026-07-03T02:58:42.184+0000] {graph.py:628} INFO - Cosmos performance [758891953f3b|423]: The cache size for cosmos_cache__dbt_silver_gold__silver_layer is 2980
[2026-07-03T02:58:42.185+0000] {graph.py:636} INFO - Cosmos performance: Cache hit for cosmos_cache__dbt_silver_gold__silver_layer - 629ff14d7e72097ab4df679de948f07d,5e34606eb5f2b3dea81a8e19fa3ba138
[2026-07-03T02:58:42.186+0000] {graph.py:561} INFO - Total nodes: 4
[2026-07-03T02:58:42.187+0000] {graph.py:562} INFO - Total filtered nodes: 4
[2026-07-03T02:58:42.187+0000] {converter.py:291} INFO - Cosmos performance (dbt_silver_gold__silver_layer) -  [758891953f3b|423]: It took 2.84s to parse the dbt project for DAG using LoadMode.DBT_LS_CACHE
[2026-07-03T02:58:42.198+0000] {converter.py:336} INFO - Cosmos performance (dbt_silver_gold__silver_layer) - [758891953f3b|423]: It took 0.0104s to build the Airflow DAG.
[2026-07-03T02:58:42.201+0000] {graph.py:611} INFO - Trying to parse the dbt project using dbt ls cache cosmos_cache__dbt_silver_gold__gold_layer...
[2026-07-03T02:58:45.105+0000] {cache.py:320} INFO - Cosmos performance: time to calculate cache identifier cosmos_cache__dbt_silver_gold__gold_layer for current version: 2.886634229000265
[2026-07-03T02:58:45.106+0000] {graph.py:628} INFO - Cosmos performance [758891953f3b|423]: The cache size for cosmos_cache__dbt_silver_gold__gold_layer is 28926
[2026-07-03T02:58:45.108+0000] {graph.py:636} INFO - Cosmos performance: Cache hit for cosmos_cache__dbt_silver_gold__gold_layer - 629ff14d7e72097ab4df679de948f07d,c3a79eb2a33bd9f2182805b663a126a1
[2026-07-03T02:58:45.109+0000] {graph.py:561} INFO - Total nodes: 35
[2026-07-03T02:58:45.110+0000] {graph.py:562} INFO - Total filtered nodes: 35
[2026-07-03T02:58:45.110+0000] {converter.py:291} INFO - Cosmos performance (dbt_silver_gold__gold_layer) -  [758891953f3b|423]: It took 2.91s to parse the dbt project for DAG using LoadMode.DBT_LS_CACHE
[2026-07-03T02:58:45.115+0000] {graph.py:332} WARNING - Unavailable conversion function for <DbtResourceType.METRIC> (node <metric.consumer_complaints_transformation.avg_response_time_days>). Define a converter function using render_config.node_converters.
[2026-07-03T02:58:45.116+0000] {graph.py:332} WARNING - Unavailable conversion function for <DbtResourceType.METRIC> (node <metric.consumer_complaints_transformation.total_complaints>). Define a converter function using render_config.node_converters.
[2026-07-03T02:58:45.175+0000] {graph.py:332} WARNING - Unavailable conversion function for <DbtResourceType.SEMANTIC_MODEL> (node <semantic_model.consumer_complaints_transformation.complaints>). Define a converter function using render_config.node_converters.
[2026-07-03T02:58:45.178+0000] {converter.py:336} INFO - Cosmos performance (dbt_silver_gold__gold_layer) - [758891953f3b|423]: It took 0.0678s to build the Airflow DAG.
[2026-07-03T02:58:46.238+0000] {logging_mixin.py:188} INFO - 02:58:46  Installing dbt-labs/dbt_utils
[2026-07-03T02:58:47.079+0000] {logging_mixin.py:188} INFO - 02:58:47  Installed from version 1.3.0
[2026-07-03T02:58:47.081+0000] {logging_mixin.py:188} INFO - 02:58:47  Updated version available: 1.4.1
[2026-07-03T02:58:47.084+0000] {logging_mixin.py:188} INFO - 02:58:47  Installing metaplane/dbt_expectations
[2026-07-03T02:58:49.326+0000] {logging_mixin.py:188} INFO - 02:58:49  Installed from version 0.10.8
[2026-07-03T02:58:49.327+0000] {logging_mixin.py:188} INFO - 02:58:49  Updated version available: 0.10.10
[2026-07-03T02:58:49.329+0000] {logging_mixin.py:188} INFO - 02:58:49  Installing godatadriven/dbt_date
[2026-07-03T02:58:50.487+0000] {logging_mixin.py:188} INFO - 02:58:50  Installed from version 0.15.0
[2026-07-03T02:58:50.490+0000] {logging_mixin.py:188} INFO - 02:58:50  Up to date!
[2026-07-03T02:58:50.496+0000] {logging_mixin.py:188} INFO - 02:58:50
[2026-07-03T02:58:50.498+0000] {logging_mixin.py:188} INFO - 02:58:50  Updates available for packages: ['dbt-labs/dbt_utils', 'metaplane/dbt_expectations']                 
Update your versions in packages.yml, then run dbt deps
[2026-07-03T02:58:51.607+0000] {runner.py:60} INFO - Trying to run dbtRunner with:
 ['run', '--models', 'dim_dates', '--project-dir', '/tmp/tmpfots7qjd', '--profiles-dir', '/opt/airflow/dbt_transform', '--profile', 'lakehouse_dbt', '--target', 'dev', '--no-static-parser']
 in /tmp/tmpfots7qjd
[2026-07-03T02:58:51.663+0000] {logging_mixin.py:188} INFO - 02:58:51  Running with dbt=1.8.7
[2026-07-03T02:58:51.774+0000] {auth.py:343} INFO - keyring module not found. OAuth2 token will not be stored in keyring.
[2026-07-03T02:58:51.783+0000] {auth.py:343} INFO - keyring module not found. OAuth2 token will not be stored in keyring.
[2026-07-03T02:58:52.106+0000] {logging_mixin.py:188} INFO - 02:58:52  Registered adapter: trino=1.8.5
[2026-07-03T02:58:52.668+0000] {logging_mixin.py:188} INFO - 02:58:52  Unable to do partial parsing because saved manifest not found. Starting full parse.
[2026-07-03T02:58:57.502+0000] {logging_mixin.py:188} INFO - 02:58:57  [WARNING]: Deprecated functionality
The `tests` config has been renamed to `data_tests`. Please see
https://docs.getdbt.com/docs/build/data-tests#new-data_tests-syntax for more
information.
[2026-07-03T02:58:59.144+0000] {logging_mixin.py:188} INFO - 02:58:59  Found 9 models, 26 data tests, 1 source, 2 metrics, 838 macros, 1 semantic model
[2026-07-03T02:58:59.151+0000] {logging_mixin.py:188} INFO - 02:58:59
[2026-07-03T02:58:59.226+0000] {logging_mixin.py:188} INFO - 02:58:59  [WARNING]: SSL certificate validation is disabled by default. It is legacy behavior which will be changed in future releases. It is strongly advised to enable `require_certificate_validation` flag or explicitly set `cert` configuration to `True` for security reasons. You may receive an error after that if your SSL setup is incorrect.
You may opt into the new behavior sooner by setting `flags.require_certificate_validation` to `True` in `dbt_project.yml`.
Visit https://docs.getdbt.com/reference/global-configs/behavior-changes for more information.
[2026-07-03T02:59:01.116+0000] {logging_mixin.py:188} INFO - 02:59:01  Concurrency: 4 threads (target='dev')
[2026-07-03T02:59:01.120+0000] {logging_mixin.py:188} INFO - 02:59:01
[2026-07-03T02:59:01.145+0000] {logging_mixin.py:188} INFO - 02:59:01  1 of 1 START sql table model gold.dim_dates .................................... [RUN]
[2026-07-03T02:59:06.819+0000] {logging_mixin.py:188} INFO - 02:59:06  1 of 1 OK created sql table model gold.dim_dates ............................... [CREATE TABLE (774 rows) in 5.67s]
[2026-07-03T02:59:06.837+0000] {logging_mixin.py:188} INFO - 02:59:06
[2026-07-03T02:59:06.842+0000] {logging_mixin.py:188} INFO - 02:59:06  Finished running 1 table model in 0 hours 0 minutes and 7.68 seconds (7.68s).
[2026-07-03T02:59:07.019+0000] {logging_mixin.py:188} INFO - 02:59:07
[2026-07-03T02:59:07.029+0000] {logging_mixin.py:188} INFO - 02:59:07  Completed successfully
[2026-07-03T02:59:07.032+0000] {logging_mixin.py:188} INFO - 02:59:07
[2026-07-03T02:59:07.035+0000] {logging_mixin.py:188} INFO - 02:59:07  Done. PASS=1 WARN=0 ERROR=0 SKIP=0 TOTAL=1
[2026-07-03T02:59:08.932+0000] {local.py:138} WARNING - Artifact schema version: https://schemas.getdbt.com/dbt/manifest/v12.json is above dbt-ol supported version 7. This might cause errors.
[2026-07-03T02:59:08.937+0000] {local.py:138} WARNING - Artifact schema version: https://schemas.getdbt.com/dbt/run-results/v6.json is above dbt-ol supported version 5. This might cause errors.
[2026-07-03T02:59:08.966+0000] {local.py:538} INFO - Inlets: []
[2026-07-03T02:59:08.967+0000] {local.py:539} INFO - Outlets: []
[2026-07-03T02:59:08.968+0000] {local.py:761} INFO - Assigning inlets/outlets without DatasetAlias
[2026-07-03T02:59:08.977+0000] {dag.py:3047} INFO - Sync 1 DAGs
[2026-07-03T02:59:09.211+0000] {taskinstance.py:1149} INFO - Marking task as SUCCESS. dag_id=dbt_silver_gold, task_id=gold_layer.dim_dates.run, execution_date=20260702T000000, start_date=20260703T025834, end_date=20260703T025909
[2026-07-03T02:59:09.334+0000] {local_task_job_runner.py:234} INFO - Task exited with return code 0
[2026-07-03T02:59:10.345+0000] {taskinstance.py:3309} INFO - 1 downstream tasks scheduled from follow-on schedule check
[2026-07-03T03:09:03.203+0000] {taskinstance.py:1979} INFO - Dependencies all met for dep_context=non-requeueable deps ti=<TaskInstance: dbt_silver_gold.gold_layer.dim_dates.run scheduled__2026-07-02T00:00:00+00:00 [queued]>
[2026-07-03T03:09:03.218+0000] {taskinstance.py:1979} INFO - Dependencies all met for dep_context=requeueable deps ti=<TaskInstance: dbt_silver_gold.gold_layer.dim_dates.run scheduled__2026-07-02T00:00:00+00:00 [queued]>
[2026-07-03T03:09:03.219+0000] {taskinstance.py:2193} INFO - Starting attempt 1 of 1
[2026-07-03T03:09:03.246+0000] {taskinstance.py:2214} INFO - Executing <Task(DbtRunLocalOperator): gold_layer.dim_dates.run> on 2026-07-02 00:00:00+00:00
[2026-07-03T03:09:03.260+0000] {standard_task_runner.py:60} INFO - Started process 382 to run task
[2026-07-03T03:09:03.276+0000] {standard_task_runner.py:87} INFO - Running: ['airflow', 'tasks', 'run', 'dbt_silver_gold', 'gold_layer.dim_dates.run', 'scheduled__2026-07-02T00:00:00+00:00', '--job-id', '16', '--raw', '--subdir', 'DAGS_FOLDER/dbt_silver_gold.py', '--cfg-path', '/tmp/tmp8mbjqidl']
[2026-07-03T03:09:03.286+0000] {standard_task_runner.py:88} INFO - Job 16: Subtask gold_layer.dim_dates.run
[2026-07-03T03:09:03.525+0000] {task_command.py:423} INFO - Running <TaskInstance: dbt_silver_gold.gold_layer.dim_dates.run scheduled__2026-07-02T00:00:00+00:00 [running]> on host 3de8d8c1acbd
[2026-07-03T03:09:04.554+0000] {taskinstance.py:2510} INFO - Exporting env vars: AIRFLOW_CTX_DAG_OWNER='airflow' AIRFLOW_CTX_DAG_ID='dbt_silver_gold' AIRFLOW_CTX_TASK_ID='gold_layer.dim_dates.run' AIRFLOW_CTX_EXECUTION_DATE='2026-07-02T00:00:00+00:00' AIRFLOW_CTX_TRY_NUMBER='1' AIRFLOW_CTX_DAG_RUN_ID='scheduled__2026-07-02T00:00:00+00:00'
[2026-07-03T03:09:06.212+0000] {local.py:244} INFO - dbtRunner is available. Using dbtRunner for invoking dbt.
[2026-07-03T03:09:06.216+0000] {local.py:464} INFO - Cloning project to writable temp directory /tmp/tmpm6fybfpz from /opt/airflow/dbt_transform
[2026-07-03T03:09:06.226+0000] {local.py:484} INFO - Partial parse is enabled and the latest partial parse file is None
[2026-07-03T03:09:06.227+0000] {config.py:360} INFO - Using user-supplied profiles.yml at /opt/airflow/dbt_transform/profiles.yml
[2026-07-03T03:09:06.240+0000] {runner.py:60} INFO - Trying to run dbtRunner with:
 ['deps', '--project-dir', '/tmp/tmpm6fybfpz', '--profiles-dir', '/opt/airflow/dbt_transform', '--profile', 'lakehouse_dbt', '--target', 'dev', '--no-static-parser']
 in /tmp/tmpm6fybfpz
[2026-07-03T03:09:06.342+0000] {logging_mixin.py:188} INFO - 03:09:06  Running with dbt=1.8.7
[2026-07-03T03:09:06.607+0000] {graph.py:611} INFO - Trying to parse the dbt project using dbt ls cache cosmos_cache__dbt_silver_gold__silver_layer...
[2026-07-03T03:09:08.915+0000] {cache.py:320} INFO - Cosmos performance: time to calculate cache identifier cosmos_cache__dbt_silver_gold__silver_layer for current version: 2.2788419720000093
[2026-07-03T03:09:08.916+0000] {graph.py:628} INFO - Cosmos performance [3de8d8c1acbd|382]: The cache size for cosmos_cache__dbt_silver_gold__silver_layer is 2980
[2026-07-03T03:09:08.917+0000] {graph.py:636} INFO - Cosmos performance: Cache hit for cosmos_cache__dbt_silver_gold__silver_layer - 629ff14d7e72097ab4df679de948f07d,5e34606eb5f2b3dea81a8e19fa3ba138
[2026-07-03T03:09:08.917+0000] {graph.py:561} INFO - Total nodes: 4
[2026-07-03T03:09:08.918+0000] {graph.py:562} INFO - Total filtered nodes: 4
[2026-07-03T03:09:08.919+0000] {converter.py:291} INFO - Cosmos performance (dbt_silver_gold__silver_layer) -  [3de8d8c1acbd|382]: It took 2.31s to parse the dbt project for DAG using LoadMode.DBT_LS_CACHE
[2026-07-03T03:09:08.928+0000] {converter.py:336} INFO - Cosmos performance (dbt_silver_gold__silver_layer) - [3de8d8c1acbd|382]: It took 0.00953s to build the Airflow DAG.
[2026-07-03T03:09:08.932+0000] {graph.py:611} INFO - Trying to parse the dbt project using dbt ls cache cosmos_cache__dbt_silver_gold__gold_layer...
[2026-07-03T03:09:11.320+0000] {cache.py:320} INFO - Cosmos performance: time to calculate cache identifier cosmos_cache__dbt_silver_gold__gold_layer for current version: 2.3733871530002943
[2026-07-03T03:09:11.321+0000] {graph.py:628} INFO - Cosmos performance [3de8d8c1acbd|382]: The cache size for cosmos_cache__dbt_silver_gold__gold_layer is 28926
[2026-07-03T03:09:11.322+0000] {graph.py:636} INFO - Cosmos performance: Cache hit for cosmos_cache__dbt_silver_gold__gold_layer - 629ff14d7e72097ab4df679de948f07d,c3a79eb2a33bd9f2182805b663a126a1
[2026-07-03T03:09:11.323+0000] {graph.py:561} INFO - Total nodes: 35
[2026-07-03T03:09:11.324+0000] {graph.py:562} INFO - Total filtered nodes: 35
[2026-07-03T03:09:11.324+0000] {converter.py:291} INFO - Cosmos performance (dbt_silver_gold__gold_layer) -  [3de8d8c1acbd|382]: It took 2.39s to parse the dbt project for DAG using LoadMode.DBT_LS_CACHE
[2026-07-03T03:09:11.328+0000] {graph.py:332} WARNING - Unavailable conversion function for <DbtResourceType.METRIC> (node <metric.consumer_complaints_transformation.avg_response_time_days>). Define a converter function using render_config.node_converters.
[2026-07-03T03:09:11.329+0000] {graph.py:332} WARNING - Unavailable conversion function for <DbtResourceType.METRIC> (node <metric.consumer_complaints_transformation.total_complaints>). Define a converter function using render_config.node_converters.
[2026-07-03T03:09:11.370+0000] {graph.py:332} WARNING - Unavailable conversion function for <DbtResourceType.SEMANTIC_MODEL> (node <semantic_model.consumer_complaints_transformation.complaints>). Define a converter function using render_config.node_converters.
[2026-07-03T03:09:11.371+0000] {converter.py:336} INFO - Cosmos performance (dbt_silver_gold__gold_layer) - [3de8d8c1acbd|382]: It took 0.047s to build the Airflow DAG.
[2026-07-03T03:09:12.816+0000] {logging_mixin.py:188} INFO - 03:09:12  Installing dbt-labs/dbt_utils
[2026-07-03T03:09:13.359+0000] {logging_mixin.py:188} INFO - 03:09:13  Installed from version 1.3.0
[2026-07-03T03:09:13.361+0000] {logging_mixin.py:188} INFO - 03:09:13  Updated version available: 1.4.1
[2026-07-03T03:09:13.362+0000] {logging_mixin.py:188} INFO - 03:09:13  Installing metaplane/dbt_expectations
[2026-07-03T03:09:17.695+0000] {logging_mixin.py:188} INFO - 03:09:17  Installed from version 0.10.8
[2026-07-03T03:09:17.697+0000] {logging_mixin.py:188} INFO - 03:09:17  Updated version available: 0.10.10
[2026-07-03T03:09:17.701+0000] {logging_mixin.py:188} INFO - 03:09:17  Installing godatadriven/dbt_date
[2026-07-03T03:09:18.400+0000] {logging_mixin.py:188} INFO - 03:09:18  Installed from version 0.15.0
[2026-07-03T03:09:18.402+0000] {logging_mixin.py:188} INFO - 03:09:18  Up to date!
[2026-07-03T03:09:18.404+0000] {logging_mixin.py:188} INFO - 03:09:18
[2026-07-03T03:09:18.406+0000] {logging_mixin.py:188} INFO - 03:09:18  Updates available for packages: ['dbt-labs/dbt_utils', 'metaplane/dbt_expectations']                 
Update your versions in packages.yml, then run dbt deps
[2026-07-03T03:09:19.428+0000] {runner.py:60} INFO - Trying to run dbtRunner with:
 ['run', '--models', 'dim_dates', '--project-dir', '/tmp/tmpm6fybfpz', '--profiles-dir', '/opt/airflow/dbt_transform', '--profile', 'lakehouse_dbt', '--target', 'dev', '--no-static-parser']
 in /tmp/tmpm6fybfpz
[2026-07-03T03:09:19.457+0000] {logging_mixin.py:188} INFO - 03:09:19  Running with dbt=1.8.7
[2026-07-03T03:09:19.504+0000] {auth.py:343} INFO - keyring module not found. OAuth2 token will not be stored in keyring.
[2026-07-03T03:09:19.508+0000] {auth.py:343} INFO - keyring module not found. OAuth2 token will not be stored in keyring.
[2026-07-03T03:09:19.698+0000] {logging_mixin.py:188} INFO - 03:09:19  Registered adapter: trino=1.8.5
[2026-07-03T03:09:20.313+0000] {logging_mixin.py:188} INFO - 03:09:20  Unable to do partial parsing because saved manifest not found. Starting full parse.
[2026-07-03T03:09:25.786+0000] {logging_mixin.py:188} INFO - 03:09:25  [WARNING]: Deprecated functionality
The `tests` config has been renamed to `data_tests`. Please see
https://docs.getdbt.com/docs/build/data-tests#new-data_tests-syntax for more
information.
[2026-07-03T03:09:27.188+0000] {logging_mixin.py:188} INFO - 03:09:27  Found 9 models, 26 data tests, 1 source, 2 metrics, 838 macros, 1 semantic model
[2026-07-03T03:09:27.191+0000] {logging_mixin.py:188} INFO - 03:09:27
[2026-07-03T03:09:27.221+0000] {logging_mixin.py:188} INFO - 03:09:27  [WARNING]: SSL certificate validation is disabled by default. It is legacy behavior which will be changed in future releases. It is strongly advised to enable `require_certificate_validation` flag or explicitly set `cert` configuration to `True` for security reasons. You may receive an error after that if your SSL setup is incorrect.
You may opt into the new behavior sooner by setting `flags.require_certificate_validation` to `True` in `dbt_project.yml`.
Visit https://docs.getdbt.com/reference/global-configs/behavior-changes for more information.
[2026-07-03T03:09:27.633+0000] {logging_mixin.py:188} INFO - 03:09:27  Concurrency: 4 threads (target='dev')
[2026-07-03T03:09:27.635+0000] {logging_mixin.py:188} INFO - 03:09:27
[2026-07-03T03:09:27.643+0000] {logging_mixin.py:188} INFO - 03:09:27  1 of 1 START sql table model gold.dim_dates .................................... [RUN]
[2026-07-03T03:09:29.110+0000] {logging_mixin.py:188} INFO - 03:09:29  1 of 1 OK created sql table model gold.dim_dates ............................... [CREATE TABLE (774 rows) in 1.46s]
[2026-07-03T03:09:29.126+0000] {logging_mixin.py:188} INFO - 03:09:29
[2026-07-03T03:09:29.128+0000] {logging_mixin.py:188} INFO - 03:09:29  Finished running 1 table model in 0 hours 0 minutes and 1.93 seconds (1.93s).
[2026-07-03T03:09:29.221+0000] {logging_mixin.py:188} INFO - 03:09:29
[2026-07-03T03:09:29.225+0000] {logging_mixin.py:188} INFO - 03:09:29  Completed successfully
[2026-07-03T03:09:29.226+0000] {logging_mixin.py:188} INFO - 03:09:29
[2026-07-03T03:09:29.228+0000] {logging_mixin.py:188} INFO - 03:09:29  Done. PASS=1 WARN=0 ERROR=0 SKIP=0 TOTAL=1
[2026-07-03T03:09:30.472+0000] {local.py:138} WARNING - Artifact schema version: https://schemas.getdbt.com/dbt/manifest/v12.json is above dbt-ol supported version 7. This might cause errors.
[2026-07-03T03:09:30.473+0000] {local.py:138} WARNING - Artifact schema version: https://schemas.getdbt.com/dbt/run-results/v6.json is above dbt-ol supported version 5. This might cause errors.
[2026-07-03T03:09:30.480+0000] {local.py:538} INFO - Inlets: []
[2026-07-03T03:09:30.481+0000] {local.py:539} INFO - Outlets: []
[2026-07-03T03:09:30.481+0000] {local.py:761} INFO - Assigning inlets/outlets without DatasetAlias
[2026-07-03T03:09:30.482+0000] {dag.py:3047} INFO - Sync 1 DAGs
[2026-07-03T03:09:30.558+0000] {taskinstance.py:1149} INFO - Marking task as SUCCESS. dag_id=dbt_silver_gold, task_id=gold_layer.dim_dates.run, execution_date=20260702T000000, start_date=20260703T030903, end_date=20260703T030930
[2026-07-03T03:09:30.616+0000] {local_task_job_runner.py:234} INFO - Task exited with return code 0
[2026-07-03T03:09:30.653+0000] {taskinstance.py:3309} INFO - 1 downstream tasks scheduled from follow-on schedule check
[2026-07-03T04:52:25.071+0000] {taskinstance.py:1979} INFO - Dependencies all met for dep_context=non-requeueable deps ti=<TaskInstance: dbt_silver_gold.gold_layer.dim_dates.run scheduled__2026-07-02T00:00:00+00:00 [queued]>
[2026-07-03T04:52:25.083+0000] {taskinstance.py:1979} INFO - Dependencies all met for dep_context=requeueable deps ti=<TaskInstance: dbt_silver_gold.gold_layer.dim_dates.run scheduled__2026-07-02T00:00:00+00:00 [queued]>
[2026-07-03T04:52:25.083+0000] {taskinstance.py:2193} INFO - Starting attempt 1 of 1
[2026-07-03T04:52:25.113+0000] {taskinstance.py:2214} INFO - Executing <Task(DbtRunLocalOperator): gold_layer.dim_dates.run> on 2026-07-02 00:00:00+00:00
[2026-07-03T04:52:25.122+0000] {standard_task_runner.py:60} INFO - Started process 375 to run task
[2026-07-03T04:52:25.126+0000] {standard_task_runner.py:87} INFO - Running: ['airflow', 'tasks', 'run', 'dbt_silver_gold', 'gold_layer.dim_dates.run', 'scheduled__2026-07-02T00:00:00+00:00', '--job-id', '15', '--raw', '--subdir', 'DAGS_FOLDER/dbt_silver_gold.py', '--cfg-path', '/tmp/tmpx7rj3_g_']
[2026-07-03T04:52:25.131+0000] {standard_task_runner.py:88} INFO - Job 15: Subtask gold_layer.dim_dates.run
[2026-07-03T04:52:25.247+0000] {task_command.py:423} INFO - Running <TaskInstance: dbt_silver_gold.gold_layer.dim_dates.run scheduled__2026-07-02T00:00:00+00:00 [running]> on host 32e485f9402e
[2026-07-03T04:52:25.849+0000] {taskinstance.py:2510} INFO - Exporting env vars: AIRFLOW_CTX_DAG_OWNER='airflow' AIRFLOW_CTX_DAG_ID='dbt_silver_gold' AIRFLOW_CTX_TASK_ID='gold_layer.dim_dates.run' AIRFLOW_CTX_EXECUTION_DATE='2026-07-02T00:00:00+00:00' AIRFLOW_CTX_TRY_NUMBER='1' AIRFLOW_CTX_DAG_RUN_ID='scheduled__2026-07-02T00:00:00+00:00'
[2026-07-03T04:52:27.308+0000] {local.py:244} INFO - dbtRunner is available. Using dbtRunner for invoking dbt.
[2026-07-03T04:52:27.312+0000] {local.py:464} INFO - Cloning project to writable temp directory /tmp/tmpfyhwd01s from /opt/airflow/dbt_transform
[2026-07-03T04:52:27.322+0000] {local.py:484} INFO - Partial parse is enabled and the latest partial parse file is None
[2026-07-03T04:52:27.324+0000] {config.py:360} INFO - Using user-supplied profiles.yml at /opt/airflow/dbt_transform/profiles.yml
[2026-07-03T04:52:27.336+0000] {runner.py:60} INFO - Trying to run dbtRunner with:
 ['deps', '--project-dir', '/tmp/tmpfyhwd01s', '--profiles-dir', '/opt/airflow/dbt_transform', '--profile', 'lakehouse_dbt', '--target', 'dev', '--no-static-parser']
 in /tmp/tmpfyhwd01s
[2026-07-03T04:52:27.436+0000] {logging_mixin.py:188} INFO - 04:52:27  Running with dbt=1.8.7
[2026-07-03T04:52:27.651+0000] {graph.py:611} INFO - Trying to parse the dbt project using dbt ls cache cosmos_cache__dbt_silver_gold__silver_layer...
[2026-07-03T04:52:29.978+0000] {cache.py:320} INFO - Cosmos performance: time to calculate cache identifier cosmos_cache__dbt_silver_gold__silver_layer for current version: 2.312762084000042
[2026-07-03T04:52:29.979+0000] {graph.py:628} INFO - Cosmos performance [32e485f9402e|375]: The cache size for cosmos_cache__dbt_silver_gold__silver_layer is 2980
[2026-07-03T04:52:29.981+0000] {graph.py:636} INFO - Cosmos performance: Cache hit for cosmos_cache__dbt_silver_gold__silver_layer - fd37f5ac3d84f9f8ee14ecb47d73bc93,5e34606eb5f2b3dea81a8e19fa3ba138
[2026-07-03T04:52:29.981+0000] {graph.py:561} INFO - Total nodes: 4
[2026-07-03T04:52:29.982+0000] {graph.py:562} INFO - Total filtered nodes: 4
[2026-07-03T04:52:29.983+0000] {converter.py:291} INFO - Cosmos performance (dbt_silver_gold__silver_layer) -  [32e485f9402e|375]: It took 2.33s to parse the dbt project for DAG using LoadMode.DBT_LS_CACHE
[2026-07-03T04:52:29.995+0000] {converter.py:336} INFO - Cosmos performance (dbt_silver_gold__silver_layer) - [32e485f9402e|375]: It took 0.0116s to build the Airflow DAG.
[2026-07-03T04:52:29.999+0000] {graph.py:611} INFO - Trying to parse the dbt project using dbt ls cache cosmos_cache__dbt_silver_gold__gold_layer...
[2026-07-03T04:52:32.279+0000] {cache.py:320} INFO - Cosmos performance: time to calculate cache identifier cosmos_cache__dbt_silver_gold__gold_layer for current version: 2.253229666999914
[2026-07-03T04:52:32.280+0000] {graph.py:628} INFO - Cosmos performance [32e485f9402e|375]: The cache size for cosmos_cache__dbt_silver_gold__gold_layer is 28926
[2026-07-03T04:52:32.281+0000] {graph.py:636} INFO - Cosmos performance: Cache hit for cosmos_cache__dbt_silver_gold__gold_layer - fd37f5ac3d84f9f8ee14ecb47d73bc93,c3a79eb2a33bd9f2182805b663a126a1
[2026-07-03T04:52:32.282+0000] {graph.py:561} INFO - Total nodes: 35
[2026-07-03T04:52:32.282+0000] {graph.py:562} INFO - Total filtered nodes: 35
[2026-07-03T04:52:32.283+0000] {converter.py:291} INFO - Cosmos performance (dbt_silver_gold__gold_layer) -  [32e485f9402e|375]: It took 2.28s to parse the dbt project for DAG using LoadMode.DBT_LS_CACHE
[2026-07-03T04:52:32.287+0000] {graph.py:332} WARNING - Unavailable conversion function for <DbtResourceType.METRIC> (node <metric.consumer_complaints_transformation.avg_response_time_days>). Define a converter function using render_config.node_converters.
[2026-07-03T04:52:32.287+0000] {graph.py:332} WARNING - Unavailable conversion function for <DbtResourceType.METRIC> (node <metric.consumer_complaints_transformation.total_complaints>). Define a converter function using render_config.node_converters.
[2026-07-03T04:52:32.330+0000] {graph.py:332} WARNING - Unavailable conversion function for <DbtResourceType.SEMANTIC_MODEL> (node <semantic_model.consumer_complaints_transformation.complaints>). Define a converter function using render_config.node_converters.
[2026-07-03T04:52:32.331+0000] {converter.py:336} INFO - Cosmos performance (dbt_silver_gold__gold_layer) - [32e485f9402e|375]: It took 0.048s to build the Airflow DAG.
[2026-07-03T04:52:33.481+0000] {logging_mixin.py:188} INFO - 04:52:33  Installing dbt-labs/dbt_utils
[2026-07-03T04:52:34.131+0000] {logging_mixin.py:188} INFO - 04:52:34  Installed from version 1.3.0
[2026-07-03T04:52:34.135+0000] {logging_mixin.py:188} INFO - 04:52:34  Updated version available: 1.4.1
[2026-07-03T04:52:34.139+0000] {logging_mixin.py:188} INFO - 04:52:34  Installing metaplane/dbt_expectations
[2026-07-03T04:52:38.500+0000] {logging_mixin.py:188} INFO - 04:52:38  Installed from version 0.10.8
[2026-07-03T04:52:38.502+0000] {logging_mixin.py:188} INFO - 04:52:38  Updated version available: 0.10.10
[2026-07-03T04:52:38.504+0000] {logging_mixin.py:188} INFO - 04:52:38  Installing godatadriven/dbt_date
[2026-07-03T04:52:39.172+0000] {logging_mixin.py:188} INFO - 04:52:39  Installed from version 0.15.0
[2026-07-03T04:52:39.173+0000] {logging_mixin.py:188} INFO - 04:52:39  Up to date!
[2026-07-03T04:52:39.175+0000] {logging_mixin.py:188} INFO - 04:52:39
[2026-07-03T04:52:39.176+0000] {logging_mixin.py:188} INFO - 04:52:39  Updates available for packages: ['dbt-labs/dbt_utils', 'metaplane/dbt_expectations']                 
Update your versions in packages.yml, then run dbt deps
[2026-07-03T04:52:40.226+0000] {runner.py:60} INFO - Trying to run dbtRunner with:
 ['run', '--models', 'dim_dates', '--project-dir', '/tmp/tmpfyhwd01s', '--profiles-dir', '/opt/airflow/dbt_transform', '--profile', 'lakehouse_dbt', '--target', 'dev', '--no-static-parser']
 in /tmp/tmpfyhwd01s
[2026-07-03T04:52:40.252+0000] {logging_mixin.py:188} INFO - 04:52:40  Running with dbt=1.8.7
[2026-07-03T04:52:40.293+0000] {auth.py:343} INFO - keyring module not found. OAuth2 token will not be stored in keyring.
[2026-07-03T04:52:40.297+0000] {auth.py:343} INFO - keyring module not found. OAuth2 token will not be stored in keyring.
[2026-07-03T04:52:40.530+0000] {logging_mixin.py:188} INFO - 04:52:40  Registered adapter: trino=1.8.5
[2026-07-03T04:52:41.116+0000] {logging_mixin.py:188} INFO - 04:52:41  Unable to do partial parsing because saved manifest not found. Starting full parse.
[2026-07-03T04:52:46.547+0000] {logging_mixin.py:188} INFO - 04:52:46  [WARNING]: Deprecated functionality
The `tests` config has been renamed to `data_tests`. Please see
https://docs.getdbt.com/docs/build/data-tests#new-data_tests-syntax for more
information.
[2026-07-03T04:52:48.756+0000] {logging_mixin.py:188} INFO - 04:52:48  Found 9 models, 26 data tests, 1 source, 2 metrics, 838 macros, 1 semantic model
[2026-07-03T04:52:48.764+0000] {logging_mixin.py:188} INFO - 04:52:48
[2026-07-03T04:52:48.855+0000] {logging_mixin.py:188} INFO - 04:52:48  [WARNING]: SSL certificate validation is disabled by default. It is legacy behavior which will be changed in future releases. It is strongly advised to enable `require_certificate_validation` flag or explicitly set `cert` configuration to `True` for security reasons. You may receive an error after that if your SSL setup is incorrect.
You may opt into the new behavior sooner by setting `flags.require_certificate_validation` to `True` in `dbt_project.yml`.
Visit https://docs.getdbt.com/reference/global-configs/behavior-changes for more information.
[2026-07-03T04:52:49.573+0000] {logging_mixin.py:188} INFO - 04:52:49  Concurrency: 4 threads (target='dev')
[2026-07-03T04:52:49.578+0000] {logging_mixin.py:188} INFO - 04:52:49
[2026-07-03T04:52:49.594+0000] {logging_mixin.py:188} INFO - 04:52:49  1 of 1 START sql table model gold.dim_dates .................................... [RUN]
[2026-07-03T04:52:52.078+0000] {logging_mixin.py:188} INFO - 04:52:52  1 of 1 OK created sql table model gold.dim_dates ............................... [CREATE TABLE (774 rows) in 2.47s]
[2026-07-03T04:52:52.100+0000] {logging_mixin.py:188} INFO - 04:52:52
[2026-07-03T04:52:52.102+0000] {logging_mixin.py:188} INFO - 04:52:52  Finished running 1 table model in 0 hours 0 minutes and 3.33 seconds (3.33s).
[2026-07-03T04:52:52.254+0000] {logging_mixin.py:188} INFO - 04:52:52
[2026-07-03T04:52:52.257+0000] {logging_mixin.py:188} INFO - 04:52:52  Completed successfully
[2026-07-03T04:52:52.259+0000] {logging_mixin.py:188} INFO - 04:52:52
[2026-07-03T04:52:52.264+0000] {logging_mixin.py:188} INFO - 04:52:52  Done. PASS=1 WARN=0 ERROR=0 SKIP=0 TOTAL=1
[2026-07-03T04:52:53.659+0000] {local.py:138} WARNING - Artifact schema version: https://schemas.getdbt.com/dbt/manifest/v12.json is above dbt-ol supported version 7. This might cause errors.
[2026-07-03T04:52:53.660+0000] {local.py:138} WARNING - Artifact schema version: https://schemas.getdbt.com/dbt/run-results/v6.json is above dbt-ol supported version 5. This might cause errors.
[2026-07-03T04:52:53.669+0000] {local.py:538} INFO - Inlets: []
[2026-07-03T04:52:53.670+0000] {local.py:539} INFO - Outlets: []
[2026-07-03T04:52:53.671+0000] {local.py:761} INFO - Assigning inlets/outlets without DatasetAlias
[2026-07-03T04:52:53.672+0000] {dag.py:3047} INFO - Sync 1 DAGs
[2026-07-03T04:52:53.820+0000] {taskinstance.py:1149} INFO - Marking task as SUCCESS. dag_id=dbt_silver_gold, task_id=gold_layer.dim_dates.run, execution_date=20260702T000000, start_date=20260703T045225, end_date=20260703T045253
[2026-07-03T04:52:53.912+0000] {local_task_job_runner.py:234} INFO - Task exited with return code 0
[2026-07-03T04:52:53.975+0000] {taskinstance.py:3309} INFO - 1 downstream tasks scheduled from follow-on schedule check
[2026-07-03T05:37:20.626+0000] {taskinstance.py:1979} INFO - Dependencies all met for dep_context=non-requeueable deps ti=<TaskInstance: dbt_silver_gold.gold_layer.dim_dates.run scheduled__2026-07-02T00:00:00+00:00 [queued]>
[2026-07-03T05:37:20.641+0000] {taskinstance.py:1979} INFO - Dependencies all met for dep_context=requeueable deps ti=<TaskInstance: dbt_silver_gold.gold_layer.dim_dates.run scheduled__2026-07-02T00:00:00+00:00 [queued]>
[2026-07-03T05:37:20.641+0000] {taskinstance.py:2193} INFO - Starting attempt 1 of 1
[2026-07-03T05:37:20.661+0000] {taskinstance.py:2214} INFO - Executing <Task(DbtRunLocalOperator): gold_layer.dim_dates.run> on 2026-07-02 00:00:00+00:00
[2026-07-03T05:37:20.669+0000] {standard_task_runner.py:60} INFO - Started process 423 to run task
[2026-07-03T05:37:20.679+0000] {standard_task_runner.py:87} INFO - Running: ['airflow', 'tasks', 'run', 'dbt_silver_gold', 'gold_layer.dim_dates.run', 'scheduled__2026-07-02T00:00:00+00:00', '--job-id', '14', '--raw', '--subdir', 'DAGS_FOLDER/dbt_silver_gold.py', '--cfg-path', '/tmp/tmpqrl946cd']
[2026-07-03T05:37:20.683+0000] {standard_task_runner.py:88} INFO - Job 14: Subtask gold_layer.dim_dates.run
[2026-07-03T05:37:20.802+0000] {task_command.py:423} INFO - Running <TaskInstance: dbt_silver_gold.gold_layer.dim_dates.run scheduled__2026-07-02T00:00:00+00:00 [running]> on host c25968ac38fb
[2026-07-03T05:37:21.630+0000] {taskinstance.py:2510} INFO - Exporting env vars: AIRFLOW_CTX_DAG_OWNER='airflow' AIRFLOW_CTX_DAG_ID='dbt_silver_gold' AIRFLOW_CTX_TASK_ID='gold_layer.dim_dates.run' AIRFLOW_CTX_EXECUTION_DATE='2026-07-02T00:00:00+00:00' AIRFLOW_CTX_TRY_NUMBER='1' AIRFLOW_CTX_DAG_RUN_ID='scheduled__2026-07-02T00:00:00+00:00'
[2026-07-03T05:37:24.186+0000] {local.py:244} INFO - dbtRunner is available. Using dbtRunner for invoking dbt.
[2026-07-03T05:37:24.188+0000] {local.py:464} INFO - Cloning project to writable temp directory /tmp/tmp3u2os9jf from /opt/airflow/dbt_transform
[2026-07-03T05:37:24.202+0000] {local.py:484} INFO - Partial parse is enabled and the latest partial parse file is None
[2026-07-03T05:37:24.204+0000] {config.py:360} INFO - Using user-supplied profiles.yml at /opt/airflow/dbt_transform/profiles.yml
[2026-07-03T05:37:24.216+0000] {runner.py:60} INFO - Trying to run dbtRunner with:
 ['deps', '--project-dir', '/tmp/tmp3u2os9jf', '--profiles-dir', '/opt/airflow/dbt_transform', '--profile', 'lakehouse_dbt', '--target', 'dev', '--no-static-parser']
 in /tmp/tmp3u2os9jf
[2026-07-03T05:37:24.377+0000] {logging_mixin.py:188} INFO - 05:37:24  Running with dbt=1.8.7
[2026-07-03T05:37:24.789+0000] {graph.py:611} INFO - Trying to parse the dbt project using dbt ls cache cosmos_cache__dbt_silver_gold__silver_layer...
[2026-07-03T05:37:26.756+0000] {cache.py:320} INFO - Cosmos performance: time to calculate cache identifier cosmos_cache__dbt_silver_gold__silver_layer for current version: 1.9489874259998032
[2026-07-03T05:37:26.757+0000] {graph.py:628} INFO - Cosmos performance [c25968ac38fb|423]: The cache size for cosmos_cache__dbt_silver_gold__silver_layer is 2980
[2026-07-03T05:37:26.758+0000] {graph.py:636} INFO - Cosmos performance: Cache hit for cosmos_cache__dbt_silver_gold__silver_layer - fd37f5ac3d84f9f8ee14ecb47d73bc93,5e34606eb5f2b3dea81a8e19fa3ba138
[2026-07-03T05:37:26.758+0000] {graph.py:561} INFO - Total nodes: 4
[2026-07-03T05:37:26.758+0000] {graph.py:562} INFO - Total filtered nodes: 4
[2026-07-03T05:37:26.759+0000] {converter.py:291} INFO - Cosmos performance (dbt_silver_gold__silver_layer) -  [c25968ac38fb|423]: It took 1.97s to parse the dbt project for DAG using LoadMode.DBT_LS_CACHE
[2026-07-03T05:37:26.766+0000] {converter.py:336} INFO - Cosmos performance (dbt_silver_gold__silver_layer) - [c25968ac38fb|423]: It took 0.00722s to build the Airflow DAG.
[2026-07-03T05:37:26.768+0000] {graph.py:611} INFO - Trying to parse the dbt project using dbt ls cache cosmos_cache__dbt_silver_gold__gold_layer...
[2026-07-03T05:37:28.520+0000] {cache.py:320} INFO - Cosmos performance: time to calculate cache identifier cosmos_cache__dbt_silver_gold__gold_layer for current version: 1.736050699000316
[2026-07-03T05:37:28.521+0000] {graph.py:628} INFO - Cosmos performance [c25968ac38fb|423]: The cache size for cosmos_cache__dbt_silver_gold__gold_layer is 28926
[2026-07-03T05:37:28.522+0000] {graph.py:636} INFO - Cosmos performance: Cache hit for cosmos_cache__dbt_silver_gold__gold_layer - fd37f5ac3d84f9f8ee14ecb47d73bc93,c3a79eb2a33bd9f2182805b663a126a1
[2026-07-03T05:37:28.523+0000] {graph.py:561} INFO - Total nodes: 35
[2026-07-03T05:37:28.523+0000] {graph.py:562} INFO - Total filtered nodes: 35
[2026-07-03T05:37:28.524+0000] {converter.py:291} INFO - Cosmos performance (dbt_silver_gold__gold_layer) -  [c25968ac38fb|423]: It took 1.76s to parse the dbt project for DAG using LoadMode.DBT_LS_CACHE
[2026-07-03T05:37:28.527+0000] {graph.py:332} WARNING - Unavailable conversion function for <DbtResourceType.METRIC> (node <metric.consumer_complaints_transformation.avg_response_time_days>). Define a converter function using render_config.node_converters.
[2026-07-03T05:37:28.528+0000] {graph.py:332} WARNING - Unavailable conversion function for <DbtResourceType.METRIC> (node <metric.consumer_complaints_transformation.total_complaints>). Define a converter function using render_config.node_converters.
[2026-07-03T05:37:28.557+0000] {graph.py:332} WARNING - Unavailable conversion function for <DbtResourceType.SEMANTIC_MODEL> (node <semantic_model.consumer_complaints_transformation.complaints>). Define a converter function using render_config.node_converters.
[2026-07-03T05:37:28.558+0000] {converter.py:336} INFO - Cosmos performance (dbt_silver_gold__gold_layer) - [c25968ac38fb|423]: It took 0.0342s to build the Airflow DAG.
[2026-07-03T05:37:29.170+0000] {logging_mixin.py:188} INFO - 05:37:29  Installing dbt-labs/dbt_utils
[2026-07-03T05:37:29.964+0000] {logging_mixin.py:188} INFO - 05:37:29  Installed from version 1.3.0
[2026-07-03T05:37:29.966+0000] {logging_mixin.py:188} INFO - 05:37:29  Updated version available: 1.4.1
[2026-07-03T05:37:29.968+0000] {logging_mixin.py:188} INFO - 05:37:29  Installing metaplane/dbt_expectations
[2026-07-03T05:37:32.322+0000] {logging_mixin.py:188} INFO - 05:37:32  Installed from version 0.10.8
[2026-07-03T05:37:32.323+0000] {logging_mixin.py:188} INFO - 05:37:32  Updated version available: 0.10.10
[2026-07-03T05:37:32.324+0000] {logging_mixin.py:188} INFO - 05:37:32  Installing godatadriven/dbt_date
[2026-07-03T05:37:33.532+0000] {logging_mixin.py:188} INFO - 05:37:33  Installed from version 0.15.0
[2026-07-03T05:37:33.533+0000] {logging_mixin.py:188} INFO - 05:37:33  Up to date!
[2026-07-03T05:37:33.536+0000] {logging_mixin.py:188} INFO - 05:37:33
[2026-07-03T05:37:33.537+0000] {logging_mixin.py:188} INFO - 05:37:33  Updates available for packages: ['dbt-labs/dbt_utils', 'metaplane/dbt_expectations']                 
Update your versions in packages.yml, then run dbt deps
[2026-07-03T05:37:34.544+0000] {runner.py:60} INFO - Trying to run dbtRunner with:
 ['run', '--models', 'dim_dates', '--project-dir', '/tmp/tmp3u2os9jf', '--profiles-dir', '/opt/airflow/dbt_transform', '--profile', 'lakehouse_dbt', '--target', 'dev', '--no-static-parser']
 in /tmp/tmp3u2os9jf
[2026-07-03T05:37:34.585+0000] {logging_mixin.py:188} INFO - 05:37:34  Running with dbt=1.8.7
[2026-07-03T05:37:34.640+0000] {auth.py:343} INFO - keyring module not found. OAuth2 token will not be stored in keyring.
[2026-07-03T05:37:34.646+0000] {auth.py:343} INFO - keyring module not found. OAuth2 token will not be stored in keyring.
[2026-07-03T05:37:34.836+0000] {logging_mixin.py:188} INFO - 05:37:34  Registered adapter: trino=1.8.5
[2026-07-03T05:37:35.363+0000] {logging_mixin.py:188} INFO - 05:37:35  Unable to do partial parsing because saved manifest not found. Starting full parse.
[2026-07-03T05:37:41.218+0000] {logging_mixin.py:188} INFO - 05:37:41  [WARNING]: Deprecated functionality
The `tests` config has been renamed to `data_tests`. Please see
https://docs.getdbt.com/docs/build/data-tests#new-data_tests-syntax for more
information.
[2026-07-03T05:37:43.422+0000] {logging_mixin.py:188} INFO - 05:37:43  Found 9 models, 26 data tests, 1 source, 2 metrics, 838 macros, 1 semantic model
[2026-07-03T05:37:43.428+0000] {logging_mixin.py:188} INFO - 05:37:43
[2026-07-03T05:37:43.501+0000] {logging_mixin.py:188} INFO - 05:37:43  [WARNING]: SSL certificate validation is disabled by default. It is legacy behavior which will be changed in future releases. It is strongly advised to enable `require_certificate_validation` flag or explicitly set `cert` configuration to `True` for security reasons. You may receive an error after that if your SSL setup is incorrect.
You may opt into the new behavior sooner by setting `flags.require_certificate_validation` to `True` in `dbt_project.yml`.
Visit https://docs.getdbt.com/reference/global-configs/behavior-changes for more information.
[2026-07-03T05:37:44.353+0000] {logging_mixin.py:188} INFO - 05:37:44  Concurrency: 4 threads (target='dev')
[2026-07-03T05:37:44.354+0000] {logging_mixin.py:188} INFO - 05:37:44
[2026-07-03T05:37:44.363+0000] {logging_mixin.py:188} INFO - 05:37:44  1 of 1 START sql table model gold.dim_dates .................................... [RUN]
[2026-07-03T05:37:45.875+0000] {logging_mixin.py:188} INFO - 05:37:45  1 of 1 OK created sql table model gold.dim_dates ............................... [CREATE TABLE (774 rows) in 1.50s]
[2026-07-03T05:37:45.881+0000] {logging_mixin.py:188} INFO - 05:37:45
[2026-07-03T05:37:45.882+0000] {logging_mixin.py:188} INFO - 05:37:45  Finished running 1 table model in 0 hours 0 minutes and 2.45 seconds (2.45s).
[2026-07-03T05:37:45.927+0000] {logging_mixin.py:188} INFO - 05:37:45
[2026-07-03T05:37:45.928+0000] {logging_mixin.py:188} INFO - 05:37:45  Completed successfully
[2026-07-03T05:37:45.929+0000] {logging_mixin.py:188} INFO - 05:37:45
[2026-07-03T05:37:45.930+0000] {logging_mixin.py:188} INFO - 05:37:45  Done. PASS=1 WARN=0 ERROR=0 SKIP=0 TOTAL=1
[2026-07-03T05:37:47.415+0000] {local.py:138} WARNING - Artifact schema version: https://schemas.getdbt.com/dbt/manifest/v12.json is above dbt-ol supported version 7. This might cause errors.
[2026-07-03T05:37:47.421+0000] {local.py:138} WARNING - Artifact schema version: https://schemas.getdbt.com/dbt/run-results/v6.json is above dbt-ol supported version 5. This might cause errors.
[2026-07-03T05:37:47.454+0000] {local.py:538} INFO - Inlets: []
[2026-07-03T05:37:47.459+0000] {local.py:539} INFO - Outlets: []
[2026-07-03T05:37:47.461+0000] {local.py:761} INFO - Assigning inlets/outlets without DatasetAlias
[2026-07-03T05:37:47.463+0000] {dag.py:3047} INFO - Sync 1 DAGs
[2026-07-03T05:37:47.699+0000] {taskinstance.py:1149} INFO - Marking task as SUCCESS. dag_id=dbt_silver_gold, task_id=gold_layer.dim_dates.run, execution_date=20260702T000000, start_date=20260703T053720, end_date=20260703T053747
[2026-07-03T05:37:47.796+0000] {local_task_job_runner.py:234} INFO - Task exited with return code 0
[2026-07-03T05:37:48.253+0000] {taskinstance.py:3309} INFO - 1 downstream tasks scheduled from follow-on schedule check
[2026-07-03T05:56:42.866+0000] {taskinstance.py:1979} INFO - Dependencies all met for dep_context=non-requeueable deps ti=<TaskInstance: dbt_silver_gold.gold_layer.dim_dates.run scheduled__2026-07-02T00:00:00+00:00 [queued]>
[2026-07-03T05:56:42.879+0000] {taskinstance.py:1979} INFO - Dependencies all met for dep_context=requeueable deps ti=<TaskInstance: dbt_silver_gold.gold_layer.dim_dates.run scheduled__2026-07-02T00:00:00+00:00 [queued]>
[2026-07-03T05:56:42.880+0000] {taskinstance.py:2193} INFO - Starting attempt 1 of 1
[2026-07-03T05:56:42.947+0000] {taskinstance.py:2214} INFO - Executing <Task(DbtRunLocalOperator): gold_layer.dim_dates.run> on 2026-07-02 00:00:00+00:00
[2026-07-03T05:56:42.957+0000] {standard_task_runner.py:60} INFO - Started process 352 to run task
[2026-07-03T05:56:42.969+0000] {standard_task_runner.py:87} INFO - Running: ['airflow', 'tasks', 'run', 'dbt_silver_gold', 'gold_layer.dim_dates.run', 'scheduled__2026-07-02T00:00:00+00:00', '--job-id', '10', '--raw', '--subdir', 'DAGS_FOLDER/dbt_silver_gold.py', '--cfg-path', '/tmp/tmp5oli9ohw']
[2026-07-03T05:56:42.975+0000] {standard_task_runner.py:88} INFO - Job 10: Subtask gold_layer.dim_dates.run
[2026-07-03T05:56:43.107+0000] {task_command.py:423} INFO - Running <TaskInstance: dbt_silver_gold.gold_layer.dim_dates.run scheduled__2026-07-02T00:00:00+00:00 [running]> on host 3e94fe8d6562
[2026-07-03T05:56:43.983+0000] {taskinstance.py:2510} INFO - Exporting env vars: AIRFLOW_CTX_DAG_OWNER='airflow' AIRFLOW_CTX_DAG_ID='dbt_silver_gold' AIRFLOW_CTX_TASK_ID='gold_layer.dim_dates.run' AIRFLOW_CTX_EXECUTION_DATE='2026-07-02T00:00:00+00:00' AIRFLOW_CTX_TRY_NUMBER='1' AIRFLOW_CTX_DAG_RUN_ID='scheduled__2026-07-02T00:00:00+00:00'
[2026-07-03T05:56:45.253+0000] {local.py:244} INFO - dbtRunner is available. Using dbtRunner for invoking dbt.
[2026-07-03T05:56:45.254+0000] {local.py:464} INFO - Cloning project to writable temp directory /tmp/tmpjtts4enw from /opt/airflow/dbt_transform
[2026-07-03T05:56:45.265+0000] {local.py:484} INFO - Partial parse is enabled and the latest partial parse file is None
[2026-07-03T05:56:45.266+0000] {config.py:360} INFO - Using user-supplied profiles.yml at /opt/airflow/dbt_transform/profiles.yml
[2026-07-03T05:56:45.277+0000] {runner.py:60} INFO - Trying to run dbtRunner with:
 ['deps', '--project-dir', '/tmp/tmpjtts4enw', '--profiles-dir', '/opt/airflow/dbt_transform', '--profile', 'lakehouse_dbt', '--target', 'dev', '--no-static-parser']
 in /tmp/tmpjtts4enw
[2026-07-03T05:56:45.386+0000] {logging_mixin.py:188} INFO - 05:56:45  Running with dbt=1.8.7
[2026-07-03T05:56:45.889+0000] {graph.py:611} INFO - Trying to parse the dbt project using dbt ls cache cosmos_cache__dbt_silver_gold__silver_layer...
[2026-07-03T05:56:48.010+0000] {cache.py:320} INFO - Cosmos performance: time to calculate cache identifier cosmos_cache__dbt_silver_gold__silver_layer for current version: 2.076781771000242
[2026-07-03T05:56:48.013+0000] {graph.py:628} INFO - Cosmos performance [3e94fe8d6562|352]: The cache size for cosmos_cache__dbt_silver_gold__silver_layer is 2980
[2026-07-03T05:56:48.014+0000] {graph.py:636} INFO - Cosmos performance: Cache hit for cosmos_cache__dbt_silver_gold__silver_layer - fd37f5ac3d84f9f8ee14ecb47d73bc93,5e34606eb5f2b3dea81a8e19fa3ba138
[2026-07-03T05:56:48.015+0000] {graph.py:561} INFO - Total nodes: 4
[2026-07-03T05:56:48.016+0000] {graph.py:562} INFO - Total filtered nodes: 4
[2026-07-03T05:56:48.017+0000] {converter.py:291} INFO - Cosmos performance (dbt_silver_gold__silver_layer) -  [3e94fe8d6562|352]: It took 2.13s to parse the dbt project for DAG using LoadMode.DBT_LS_CACHE
[2026-07-03T05:56:48.032+0000] {converter.py:336} INFO - Cosmos performance (dbt_silver_gold__silver_layer) - [3e94fe8d6562|352]: It took 0.0153s to build the Airflow DAG.
[2026-07-03T05:56:48.038+0000] {graph.py:611} INFO - Trying to parse the dbt project using dbt ls cache cosmos_cache__dbt_silver_gold__gold_layer...
[2026-07-03T05:56:51.248+0000] {cache.py:320} INFO - Cosmos performance: time to calculate cache identifier cosmos_cache__dbt_silver_gold__gold_layer for current version: 3.198759262999374
[2026-07-03T05:56:51.248+0000] {graph.py:628} INFO - Cosmos performance [3e94fe8d6562|352]: The cache size for cosmos_cache__dbt_silver_gold__gold_layer is 28926
[2026-07-03T05:56:51.250+0000] {graph.py:636} INFO - Cosmos performance: Cache hit for cosmos_cache__dbt_silver_gold__gold_layer - fd37f5ac3d84f9f8ee14ecb47d73bc93,c3a79eb2a33bd9f2182805b663a126a1
[2026-07-03T05:56:51.250+0000] {graph.py:561} INFO - Total nodes: 35
[2026-07-03T05:56:51.251+0000] {graph.py:562} INFO - Total filtered nodes: 35
[2026-07-03T05:56:51.252+0000] {converter.py:291} INFO - Cosmos performance (dbt_silver_gold__gold_layer) -  [3e94fe8d6562|352]: It took 3.22s to parse the dbt project for DAG using LoadMode.DBT_LS_CACHE
[2026-07-03T05:56:51.257+0000] {graph.py:332} WARNING - Unavailable conversion function for <DbtResourceType.METRIC> (node <metric.consumer_complaints_transformation.avg_response_time_days>). Define a converter function using render_config.node_converters.
[2026-07-03T05:56:51.257+0000] {graph.py:332} WARNING - Unavailable conversion function for <DbtResourceType.METRIC> (node <metric.consumer_complaints_transformation.total_complaints>). Define a converter function using render_config.node_converters.
[2026-07-03T05:56:51.313+0000] {graph.py:332} WARNING - Unavailable conversion function for <DbtResourceType.SEMANTIC_MODEL> (node <semantic_model.consumer_complaints_transformation.complaints>). Define a converter function using render_config.node_converters.
[2026-07-03T05:56:51.314+0000] {converter.py:336} INFO - Cosmos performance (dbt_silver_gold__gold_layer) - [3e94fe8d6562|352]: It took 0.0624s to build the Airflow DAG.
[2026-07-03T05:56:51.937+0000] {logging_mixin.py:188} INFO - 05:56:51  Installing dbt-labs/dbt_utils
[2026-07-03T05:56:52.482+0000] {logging_mixin.py:188} INFO - 05:56:52  Installed from version 1.3.0
[2026-07-03T05:56:52.484+0000] {logging_mixin.py:188} INFO - 05:56:52  Updated version available: 1.4.1
[2026-07-03T05:56:52.486+0000] {logging_mixin.py:188} INFO - 05:56:52  Installing metaplane/dbt_expectations
[2026-07-03T05:56:54.888+0000] {logging_mixin.py:188} INFO - 05:56:54  Installed from version 0.10.8
[2026-07-03T05:56:54.890+0000] {logging_mixin.py:188} INFO - 05:56:54  Updated version available: 0.10.10
[2026-07-03T05:56:54.893+0000] {logging_mixin.py:188} INFO - 05:56:54  Installing godatadriven/dbt_date
[2026-07-03T05:56:55.532+0000] {logging_mixin.py:188} INFO - 05:56:55  Installed from version 0.15.0
[2026-07-03T05:56:55.533+0000] {logging_mixin.py:188} INFO - 05:56:55  Up to date!
[2026-07-03T05:56:55.534+0000] {logging_mixin.py:188} INFO - 05:56:55
[2026-07-03T05:56:55.535+0000] {logging_mixin.py:188} INFO - 05:56:55  Updates available for packages: ['dbt-labs/dbt_utils', 'metaplane/dbt_expectations']                 
Update your versions in packages.yml, then run dbt deps
[2026-07-03T05:56:56.664+0000] {runner.py:60} INFO - Trying to run dbtRunner with:
 ['run', '--models', 'dim_dates', '--project-dir', '/tmp/tmpjtts4enw', '--profiles-dir', '/opt/airflow/dbt_transform', '--profile', 'lakehouse_dbt', '--target', 'dev', '--no-static-parser']
 in /tmp/tmpjtts4enw
[2026-07-03T05:56:56.697+0000] {logging_mixin.py:188} INFO - 05:56:56  Running with dbt=1.8.7
[2026-07-03T05:56:56.762+0000] {auth.py:343} INFO - keyring module not found. OAuth2 token will not be stored in keyring.
[2026-07-03T05:56:56.767+0000] {auth.py:343} INFO - keyring module not found. OAuth2 token will not be stored in keyring.
[2026-07-03T05:56:57.000+0000] {logging_mixin.py:188} INFO - 05:56:56  Registered adapter: trino=1.8.5
[2026-07-03T05:56:57.491+0000] {logging_mixin.py:188} INFO - 05:56:57  Unable to do partial parsing because saved manifest not found. Starting full parse.
[2026-07-03T05:57:01.343+0000] {logging_mixin.py:188} INFO - 05:57:01  [WARNING]: Deprecated functionality
The `tests` config has been renamed to `data_tests`. Please see
https://docs.getdbt.com/docs/build/data-tests#new-data_tests-syntax for more
information.
[2026-07-03T05:57:02.809+0000] {logging_mixin.py:188} INFO - 05:57:02  Found 9 models, 26 data tests, 1 source, 2 metrics, 838 macros, 1 semantic model
[2026-07-03T05:57:02.815+0000] {logging_mixin.py:188} INFO - 05:57:02
[2026-07-03T05:57:02.919+0000] {logging_mixin.py:188} INFO - 05:57:02  [WARNING]: SSL certificate validation is disabled by default. It is legacy behavior which will be changed in future releases. It is strongly advised to enable `require_certificate_validation` flag or explicitly set `cert` configuration to `True` for security reasons. You may receive an error after that if your SSL setup is incorrect.
You may opt into the new behavior sooner by setting `flags.require_certificate_validation` to `True` in `dbt_project.yml`.
Visit https://docs.getdbt.com/reference/global-configs/behavior-changes for more information.
[2026-07-03T05:57:04.236+0000] {logging_mixin.py:188} INFO - 05:57:04  Concurrency: 4 threads (target='dev')
[2026-07-03T05:57:04.241+0000] {logging_mixin.py:188} INFO - 05:57:04
[2026-07-03T05:57:04.269+0000] {logging_mixin.py:188} INFO - 05:57:04  1 of 1 START sql table model gold.dim_dates .................................... [RUN]
[2026-07-03T05:57:08.383+0000] {logging_mixin.py:188} INFO - 05:57:08  1 of 1 OK created sql table model gold.dim_dates ............................... [CREATE TABLE (774 rows) in 4.10s]
[2026-07-03T05:57:08.430+0000] {logging_mixin.py:188} INFO - 05:57:08
[2026-07-03T05:57:08.439+0000] {logging_mixin.py:188} INFO - 05:57:08  Finished running 1 table model in 0 hours 0 minutes and 5.60 seconds (5.60s).
[2026-07-03T05:57:08.558+0000] {logging_mixin.py:188} INFO - 05:57:08
[2026-07-03T05:57:08.561+0000] {logging_mixin.py:188} INFO - 05:57:08  Completed successfully
[2026-07-03T05:57:08.563+0000] {logging_mixin.py:188} INFO - 05:57:08
[2026-07-03T05:57:08.566+0000] {logging_mixin.py:188} INFO - 05:57:08  Done. PASS=1 WARN=0 ERROR=0 SKIP=0 TOTAL=1
[2026-07-03T05:57:10.378+0000] {local.py:138} WARNING - Artifact schema version: https://schemas.getdbt.com/dbt/manifest/v12.json is above dbt-ol supported version 7. This might cause errors.
[2026-07-03T05:57:10.383+0000] {local.py:138} WARNING - Artifact schema version: https://schemas.getdbt.com/dbt/run-results/v6.json is above dbt-ol supported version 5. This might cause errors.
[2026-07-03T05:57:10.401+0000] {local.py:538} INFO - Inlets: []
[2026-07-03T05:57:10.403+0000] {local.py:539} INFO - Outlets: []
[2026-07-03T05:57:10.404+0000] {local.py:761} INFO - Assigning inlets/outlets without DatasetAlias
[2026-07-03T05:57:10.405+0000] {dag.py:3047} INFO - Sync 1 DAGs
[2026-07-03T05:57:10.619+0000] {taskinstance.py:1149} INFO - Marking task as SUCCESS. dag_id=dbt_silver_gold, task_id=gold_layer.dim_dates.run, execution_date=20260702T000000, start_date=20260703T055642, end_date=20260703T055710
[2026-07-03T05:57:10.713+0000] {local_task_job_runner.py:234} INFO - Task exited with return code 0
[2026-07-03T05:57:11.627+0000] {taskinstance.py:3309} INFO - 1 downstream tasks scheduled from follow-on schedule check
[2026-07-03T06:26:36.906+0000] {taskinstance.py:1979} INFO - Dependencies all met for dep_context=non-requeueable deps ti=<TaskInstance: dbt_silver_gold.gold_layer.dim_dates.run scheduled__2026-07-02T00:00:00+00:00 [queued]>
[2026-07-03T06:26:36.927+0000] {taskinstance.py:1979} INFO - Dependencies all met for dep_context=requeueable deps ti=<TaskInstance: dbt_silver_gold.gold_layer.dim_dates.run scheduled__2026-07-02T00:00:00+00:00 [queued]>
[2026-07-03T06:26:36.930+0000] {taskinstance.py:2193} INFO - Starting attempt 1 of 1
[2026-07-03T06:26:36.952+0000] {taskinstance.py:2214} INFO - Executing <Task(DbtRunLocalOperator): gold_layer.dim_dates.run> on 2026-07-02 00:00:00+00:00
[2026-07-03T06:26:36.962+0000] {standard_task_runner.py:60} INFO - Started process 383 to run task
[2026-07-03T06:26:36.967+0000] {standard_task_runner.py:87} INFO - Running: ['airflow', 'tasks', 'run', 'dbt_silver_gold', 'gold_layer.dim_dates.run', 'scheduled__2026-07-02T00:00:00+00:00', '--job-id', '14', '--raw', '--subdir', 'DAGS_FOLDER/dbt_silver_gold.py', '--cfg-path', '/tmp/tmpktp5uv_1']
[2026-07-03T06:26:36.971+0000] {standard_task_runner.py:88} INFO - Job 14: Subtask gold_layer.dim_dates.run
[2026-07-03T06:26:37.107+0000] {task_command.py:423} INFO - Running <TaskInstance: dbt_silver_gold.gold_layer.dim_dates.run scheduled__2026-07-02T00:00:00+00:00 [running]> on host 1b100138765e
[2026-07-03T06:26:37.959+0000] {taskinstance.py:2510} INFO - Exporting env vars: AIRFLOW_CTX_DAG_OWNER='airflow' AIRFLOW_CTX_DAG_ID='dbt_silver_gold' AIRFLOW_CTX_TASK_ID='gold_layer.dim_dates.run' AIRFLOW_CTX_EXECUTION_DATE='2026-07-02T00:00:00+00:00' AIRFLOW_CTX_TRY_NUMBER='1' AIRFLOW_CTX_DAG_RUN_ID='scheduled__2026-07-02T00:00:00+00:00'
[2026-07-03T06:26:40.149+0000] {local.py:244} INFO - dbtRunner is available. Using dbtRunner for invoking dbt.
[2026-07-03T06:26:40.151+0000] {local.py:464} INFO - Cloning project to writable temp directory /tmp/tmpro6k7kjd from /opt/airflow/dbt_transform
[2026-07-03T06:26:40.177+0000] {local.py:484} INFO - Partial parse is enabled and the latest partial parse file is None
[2026-07-03T06:26:40.179+0000] {config.py:360} INFO - Using user-supplied profiles.yml at /opt/airflow/dbt_transform/profiles.yml
[2026-07-03T06:26:40.194+0000] {runner.py:60} INFO - Trying to run dbtRunner with:
 ['deps', '--project-dir', '/tmp/tmpro6k7kjd', '--profiles-dir', '/opt/airflow/dbt_transform', '--profile', 'lakehouse_dbt', '--target', 'dev', '--no-static-parser']
 in /tmp/tmpro6k7kjd
[2026-07-03T06:26:40.318+0000] {logging_mixin.py:188} INFO - 06:26:40  Running with dbt=1.8.7
[2026-07-03T06:26:40.548+0000] {graph.py:611} INFO - Trying to parse the dbt project using dbt ls cache cosmos_cache__dbt_silver_gold__silver_layer...
[2026-07-03T06:26:42.832+0000] {cache.py:320} INFO - Cosmos performance: time to calculate cache identifier cosmos_cache__dbt_silver_gold__silver_layer for current version: 2.265574732999994
[2026-07-03T06:26:42.833+0000] {graph.py:628} INFO - Cosmos performance [1b100138765e|383]: The cache size for cosmos_cache__dbt_silver_gold__silver_layer is 2980
[2026-07-03T06:26:42.834+0000] {graph.py:636} INFO - Cosmos performance: Cache hit for cosmos_cache__dbt_silver_gold__silver_layer - fd37f5ac3d84f9f8ee14ecb47d73bc93,5e34606eb5f2b3dea81a8e19fa3ba138
[2026-07-03T06:26:42.835+0000] {graph.py:561} INFO - Total nodes: 4
[2026-07-03T06:26:42.835+0000] {graph.py:562} INFO - Total filtered nodes: 4
[2026-07-03T06:26:42.836+0000] {converter.py:291} INFO - Cosmos performance (dbt_silver_gold__silver_layer) -  [1b100138765e|383]: It took 2.29s to parse the dbt project for DAG using LoadMode.DBT_LS_CACHE
[2026-07-03T06:26:42.845+0000] {converter.py:336} INFO - Cosmos performance (dbt_silver_gold__silver_layer) - [1b100138765e|383]: It took 0.00967s to build the Airflow DAG.
[2026-07-03T06:26:42.848+0000] {graph.py:611} INFO - Trying to parse the dbt project using dbt ls cache cosmos_cache__dbt_silver_gold__gold_layer...
[2026-07-03T06:26:44.923+0000] {cache.py:320} INFO - Cosmos performance: time to calculate cache identifier cosmos_cache__dbt_silver_gold__gold_layer for current version: 2.061873218999608
[2026-07-03T06:26:44.924+0000] {graph.py:628} INFO - Cosmos performance [1b100138765e|383]: The cache size for cosmos_cache__dbt_silver_gold__gold_layer is 28926
[2026-07-03T06:26:44.926+0000] {graph.py:636} INFO - Cosmos performance: Cache hit for cosmos_cache__dbt_silver_gold__gold_layer - fd37f5ac3d84f9f8ee14ecb47d73bc93,c3a79eb2a33bd9f2182805b663a126a1
[2026-07-03T06:26:44.927+0000] {graph.py:561} INFO - Total nodes: 35
[2026-07-03T06:26:44.928+0000] {graph.py:562} INFO - Total filtered nodes: 35
[2026-07-03T06:26:44.929+0000] {converter.py:291} INFO - Cosmos performance (dbt_silver_gold__gold_layer) -  [1b100138765e|383]: It took 2.08s to parse the dbt project for DAG using LoadMode.DBT_LS_CACHE
[2026-07-03T06:26:44.932+0000] {graph.py:332} WARNING - Unavailable conversion function for <DbtResourceType.METRIC> (node <metric.consumer_complaints_transformation.avg_response_time_days>). Define a converter function using render_config.node_converters.
[2026-07-03T06:26:44.933+0000] {graph.py:332} WARNING - Unavailable conversion function for <DbtResourceType.METRIC> (node <metric.consumer_complaints_transformation.total_complaints>). Define a converter function using render_config.node_converters.
[2026-07-03T06:26:44.979+0000] {graph.py:332} WARNING - Unavailable conversion function for <DbtResourceType.SEMANTIC_MODEL> (node <semantic_model.consumer_complaints_transformation.complaints>). Define a converter function using render_config.node_converters.
[2026-07-03T06:26:44.981+0000] {converter.py:336} INFO - Cosmos performance (dbt_silver_gold__gold_layer) - [1b100138765e|383]: It took 0.0523s to build the Airflow DAG.
[2026-07-03T06:26:45.645+0000] {logging_mixin.py:188} INFO - 06:26:45  Installing dbt-labs/dbt_utils
[2026-07-03T06:26:46.296+0000] {logging_mixin.py:188} INFO - 06:26:46  Installed from version 1.3.0
[2026-07-03T06:26:46.297+0000] {logging_mixin.py:188} INFO - 06:26:46  Updated version available: 1.4.1
[2026-07-03T06:26:46.299+0000] {logging_mixin.py:188} INFO - 06:26:46  Installing metaplane/dbt_expectations
[2026-07-03T06:26:47.492+0000] {logging_mixin.py:188} INFO - 06:26:47  Installed from version 0.10.8
[2026-07-03T06:26:47.495+0000] {logging_mixin.py:188} INFO - 06:26:47  Updated version available: 0.10.10
[2026-07-03T06:26:47.498+0000] {logging_mixin.py:188} INFO - 06:26:47  Installing godatadriven/dbt_date
[2026-07-03T06:26:48.132+0000] {logging_mixin.py:188} INFO - 06:26:48  Installed from version 0.15.0
[2026-07-03T06:26:48.134+0000] {logging_mixin.py:188} INFO - 06:26:48  Up to date!
[2026-07-03T06:26:48.134+0000] {logging_mixin.py:188} INFO - 06:26:48
[2026-07-03T06:26:48.135+0000] {logging_mixin.py:188} INFO - 06:26:48  Updates available for packages: ['dbt-labs/dbt_utils', 'metaplane/dbt_expectations']                 
Update your versions in packages.yml, then run dbt deps
[2026-07-03T06:26:49.189+0000] {runner.py:60} INFO - Trying to run dbtRunner with:
 ['run', '--models', 'dim_dates', '--project-dir', '/tmp/tmpro6k7kjd', '--profiles-dir', '/opt/airflow/dbt_transform', '--profile', 'lakehouse_dbt', '--target', 'dev', '--no-static-parser']
 in /tmp/tmpro6k7kjd
[2026-07-03T06:26:49.211+0000] {logging_mixin.py:188} INFO - 06:26:49  Running with dbt=1.8.7
[2026-07-03T06:26:49.245+0000] {auth.py:343} INFO - keyring module not found. OAuth2 token will not be stored in keyring.
[2026-07-03T06:26:49.248+0000] {auth.py:343} INFO - keyring module not found. OAuth2 token will not be stored in keyring.
[2026-07-03T06:26:49.392+0000] {logging_mixin.py:188} INFO - 06:26:49  Registered adapter: trino=1.8.5
[2026-07-03T06:26:50.250+0000] {logging_mixin.py:188} INFO - 06:26:50  Unable to do partial parsing because saved manifest not found. Starting full parse.
[2026-07-03T06:26:54.050+0000] {logging_mixin.py:188} INFO - 06:26:54  [WARNING]: Deprecated functionality
The `tests` config has been renamed to `data_tests`. Please see
https://docs.getdbt.com/docs/build/data-tests#new-data_tests-syntax for more
information.
[2026-07-03T06:26:55.420+0000] {logging_mixin.py:188} INFO - 06:26:55  Found 9 models, 26 data tests, 1 source, 2 metrics, 838 macros, 1 semantic model
[2026-07-03T06:26:55.424+0000] {logging_mixin.py:188} INFO - 06:26:55
[2026-07-03T06:26:55.488+0000] {logging_mixin.py:188} INFO - 06:26:55  [WARNING]: SSL certificate validation is disabled by default. It is legacy behavior which will be changed in future releases. It is strongly advised to enable `require_certificate_validation` flag or explicitly set `cert` configuration to `True` for security reasons. You may receive an error after that if your SSL setup is incorrect.
You may opt into the new behavior sooner by setting `flags.require_certificate_validation` to `True` in `dbt_project.yml`.
Visit https://docs.getdbt.com/reference/global-configs/behavior-changes for more information.
[2026-07-03T06:26:56.658+0000] {logging_mixin.py:188} INFO - 06:26:56  Concurrency: 4 threads (target='dev')
[2026-07-03T06:26:56.665+0000] {logging_mixin.py:188} INFO - 06:26:56
[2026-07-03T06:26:56.684+0000] {logging_mixin.py:188} INFO - 06:26:56  1 of 1 START sql table model gold.dim_dates .................................... [RUN]
[2026-07-03T06:27:00.472+0000] {logging_mixin.py:188} INFO - 06:27:00  1 of 1 OK created sql table model gold.dim_dates ............................... [CREATE TABLE (774 rows) in 3.77s]
[2026-07-03T06:27:00.502+0000] {logging_mixin.py:188} INFO - 06:27:00
[2026-07-03T06:27:00.505+0000] {logging_mixin.py:188} INFO - 06:27:00  Finished running 1 table model in 0 hours 0 minutes and 5.07 seconds (5.07s).
[2026-07-03T06:27:00.653+0000] {logging_mixin.py:188} INFO - 06:27:00
[2026-07-03T06:27:00.655+0000] {logging_mixin.py:188} INFO - 06:27:00  Completed successfully
[2026-07-03T06:27:00.659+0000] {logging_mixin.py:188} INFO - 06:27:00
[2026-07-03T06:27:00.664+0000] {logging_mixin.py:188} INFO - 06:27:00  Done. PASS=1 WARN=0 ERROR=0 SKIP=0 TOTAL=1
[2026-07-03T06:27:02.213+0000] {local.py:138} WARNING - Artifact schema version: https://schemas.getdbt.com/dbt/manifest/v12.json is above dbt-ol supported version 7. This might cause errors.
[2026-07-03T06:27:02.214+0000] {local.py:138} WARNING - Artifact schema version: https://schemas.getdbt.com/dbt/run-results/v6.json is above dbt-ol supported version 5. This might cause errors.
[2026-07-03T06:27:02.230+0000] {local.py:538} INFO - Inlets: []
[2026-07-03T06:27:02.231+0000] {local.py:539} INFO - Outlets: []
[2026-07-03T06:27:02.233+0000] {local.py:761} INFO - Assigning inlets/outlets without DatasetAlias
[2026-07-03T06:27:02.235+0000] {dag.py:3047} INFO - Sync 1 DAGs
[2026-07-03T06:27:02.452+0000] {taskinstance.py:1149} INFO - Marking task as SUCCESS. dag_id=dbt_silver_gold, task_id=gold_layer.dim_dates.run, execution_date=20260702T000000, start_date=20260703T062636, end_date=20260703T062702
[2026-07-03T06:27:02.553+0000] {local_task_job_runner.py:234} INFO - Task exited with return code 0
[2026-07-03T06:27:03.415+0000] {taskinstance.py:3309} INFO - 1 downstream tasks scheduled from follow-on schedule check
