[2026-07-17T00:56:27.878+0000] {local_task_job_runner.py:123} INFO - ::group::Pre task execution logs
[2026-07-17T00:56:27.900+0000] {taskinstance.py:2612} INFO - Dependencies all met for dep_context=non-requeueable deps ti=<TaskInstance: wap_consumer_complaints_pipeline.extract_and_upload scheduled__2026-07-16T00:00:00+00:00 map_index=1 [queued]>
[2026-07-17T00:56:27.908+0000] {taskinstance.py:2612} INFO - Dependencies all met for dep_context=requeueable deps ti=<TaskInstance: wap_consumer_complaints_pipeline.extract_and_upload scheduled__2026-07-16T00:00:00+00:00 map_index=1 [queued]>
[2026-07-17T00:56:27.910+0000] {taskinstance.py:2865} INFO - Starting attempt 1 of 2
[2026-07-17T00:56:27.921+0000] {taskinstance.py:2888} INFO - Executing <Mapped(_PythonDecoratedOperator): extract_and_upload> on 2026-07-16 00:00:00+00:00
[2026-07-17T00:56:27.927+0000] {standard_task_runner.py:72} INFO - Started process 682 to run task
[2026-07-17T00:56:27.931+0000] {standard_task_runner.py:104} INFO - Running: ['airflow', 'tasks', 'run', 'wap_consumer_complaints_pipeline', 'extract_and_upload', 'scheduled__2026-07-16T00:00:00+00:00', '--job-id', '7', '--raw', '--subdir', 'DAGS_FOLDER/wap_consumer_complaints_pipeline.py', '--cfg-path', '/tmp/tmpljv0ywq8', '--map-index', '1']
[2026-07-17T00:56:27.933+0000] {standard_task_runner.py:105} INFO - Job 7: Subtask extract_and_upload
[2026-07-17T00:56:28.012+0000] {task_command.py:467} INFO - Running <TaskInstance: wap_consumer_complaints_pipeline.extract_and_upload scheduled__2026-07-16T00:00:00+00:00 map_index=1 [running]> on host 5c7fcb628b2a
[2026-07-17T00:56:28.101+0000] {taskinstance.py:3131} INFO - Exporting env vars: AIRFLOW_CTX_DAG_OWNER='data_engineer' AIRFLOW_CTX_DAG_ID='wap_consumer_complaints_pipeline' AIRFLOW_CTX_TASK_ID='extract_and_upload' AIRFLOW_CTX_EXECUTION_DATE='2026-07-16T00:00:00+00:00' AIRFLOW_CTX_TRY_NUMBER='1' AIRFLOW_CTX_DAG_RUN_ID='scheduled__2026-07-16T00:00:00+00:00'
[2026-07-17T00:56:28.103+0000] {taskinstance.py:731} INFO - ::endgroup::
[2026-07-17T00:56:28.110+0000] {cfpb_api_client.py:487} INFO - 🛡️ Khởi động lưới lọc Rescued Data cho công ty: BANK OF AMERICA, NATIONAL ASSOCIATION
[2026-07-17T00:56:28.111+0000] {cfpb_api_client.py:460} INFO - 🏢 Khởi tạo luồng kéo dữ liệu cho công ty: BANK OF AMERICA, NATIONAL ASSOCIATION
[2026-07-17T00:56:28.112+0000] {cfpb_api_client.py:389} INFO - 🚀 BẮT ĐẦU: Kéo luồng dữ liệu từ 2026-07-09 đến 2026-07-16
[2026-07-17T00:58:53.804+0000] {cfpb_api_client.py:438} INFO -   ➜ Đã kéo được 10 / 10 records...
[2026-07-17T00:58:53.806+0000] {cfpb_api_client.py:442} INFO - ✅ HOÀN TẤT: Đã lấy toàn bộ 10 khiếu nại có sẵn.
[2026-07-17T00:58:53.808+0000] {minio_loader.py:203} INFO - 📤 Đang upload inc_2026-07-16_BANK_OF_AMERICA,_NATIONAL_ASSOCIATION.json lên s3://lakehouse/landing/consumer_complaints/run_date=2026-07-16/inc_2026-07-16_BANK_OF_AMERICA,_NATIONAL_ASSOCIATION.json
[2026-07-17T00:58:53.812+0000] {base.py:84} INFO - Retrieving connection 'minio_default'
[2026-07-17T00:58:53.813+0000] {connection_wrapper.py:388} INFO - AWS Connection (conn_id='minio_default', conn_type='aws') credentials retrieved from login and ***.
[2026-07-17T00:58:53.944+0000] {python.py:240} INFO - Done. Returned value was: 10
[2026-07-17T00:58:53.973+0000] {taskinstance.py:340} INFO - ::group::Post task execution logs
[2026-07-17T00:58:53.975+0000] {taskinstance.py:352} INFO - Marking task as SUCCESS. dag_id=wap_consumer_complaints_pipeline, task_id=extract_and_upload, run_id=scheduled__2026-07-16T00:00:00+00:00, map_index=1, execution_date=20260716T000000, start_date=20260717T005627, end_date=20260717T005853
[2026-07-17T00:58:54.006+0000] {local_task_job_runner.py:266} INFO - Task exited with return code 0
[2026-07-17T00:58:54.050+0000] {taskinstance.py:3900} INFO - 0 downstream tasks scheduled from follow-on schedule check
[2026-07-17T00:58:54.052+0000] {local_task_job_runner.py:245} INFO - ::endgroup::
