[2026-07-21T02:34:27.626+0000] {local_task_job_runner.py:123} INFO - ::group::Pre task execution logs
[2026-07-21T02:34:27.659+0000] {taskinstance.py:2612} INFO - Dependencies all met for dep_context=non-requeueable deps ti=<TaskInstance: dbt_silver_gold_incremental.transform_gold.fct_complaints.run manual__2026-07-21T02:33:05.066855+00:00 [queued]>
[2026-07-21T02:34:27.673+0000] {taskinstance.py:2612} INFO - Dependencies all met for dep_context=requeueable deps ti=<TaskInstance: dbt_silver_gold_incremental.transform_gold.fct_complaints.run manual__2026-07-21T02:33:05.066855+00:00 [queued]>
[2026-07-21T02:34:27.675+0000] {taskinstance.py:2865} INFO - Starting attempt 1 of 2
[2026-07-21T02:34:27.699+0000] {taskinstance.py:2888} INFO - Executing <Task(DbtRunLocalOperator): transform_gold.fct_complaints.run> on 2026-07-21 02:33:05.066855+00:00
[2026-07-21T02:34:27.716+0000] {standard_task_runner.py:72} INFO - Started process 1635 to run task
[2026-07-21T02:34:27.723+0000] {standard_task_runner.py:104} INFO - Running: ['airflow', 'tasks', 'run', 'dbt_silver_gold_incremental', 'transform_gold.fct_complaints.run', 'manual__2026-07-21T02:33:05.066855+00:00', '--job-id', '17', '--raw', '--subdir', 'DAGS_FOLDER/dbt_silver_gold.py', '--cfg-path', '/tmp/tmpuq1cgink']
[2026-07-21T02:34:27.727+0000] {standard_task_runner.py:105} INFO - Job 17: Subtask transform_gold.fct_complaints.run
[2026-07-21T02:34:27.849+0000] {task_command.py:467} INFO - Running <TaskInstance: dbt_silver_gold_incremental.transform_gold.fct_complaints.run manual__2026-07-21T02:33:05.066855+00:00 [running]> on host 18b5701cc869
[2026-07-21T02:34:27.979+0000] {taskinstance.py:3131} INFO - Exporting env vars: AIRFLOW_CTX_DAG_OWNER='data_engineer' AIRFLOW_CTX_DAG_ID='dbt_silver_gold_incremental' AIRFLOW_CTX_TASK_ID='transform_gold.fct_complaints.run' AIRFLOW_CTX_EXECUTION_DATE='2026-07-21T02:33:05.066855+00:00' AIRFLOW_CTX_TRY_NUMBER='1' AIRFLOW_CTX_DAG_RUN_ID='manual__2026-07-21T02:33:05.066855+00:00'
[2026-07-21T02:34:27.981+0000] {taskinstance.py:731} INFO - ::endgroup::
[2026-07-21T02:34:29.768+0000] {local.py:294} INFO - dbtRunner is available. Using dbtRunner for invoking dbt.
[2026-07-21T02:34:29.771+0000] {local.py:518} INFO - Cloning project to writable temp directory /tmp/tmpqzf9ywyf from /opt/airflow/dbt_transform
[2026-07-21T02:34:29.784+0000] {local.py:538} INFO - Partial parse is enabled and the latest partial parse file is /tmp/cosmos/dbt_silver_gold_incremental__transform_gold/target/partial_parse.msgpack
[2026-07-21T02:34:29.806+0000] {config.py:395} INFO - Using user-supplied profiles.yml at /opt/airflow/dbt_transform/profiles.yml
[2026-07-21T02:34:29.820+0000] {runner.py:95} INFO - Trying to run dbtRunner with:
 ['deps', '--project-dir', '/tmp/tmpqzf9ywyf', '--profiles-dir', '/opt/airflow/dbt_transform', '--profile', 'lakehouse_dbt', '--target', 'dev', '--no-static-parser']
 in /tmp/tmpqzf9ywyf
[2026-07-21T02:34:29.938+0000] {logging_mixin.py:190} INFO - 02:34:29  Running with dbt=1.8.8
[2026-07-21T02:34:30.103+0000] {converter.py:314} INFO - ::group::Cosmos DAG parsing logs
[2026-07-21T02:34:30.109+0000] {graph.py:869} INFO - Trying to parse the dbt project using dbt ls cache cosmos_cache__dbt_silver_gold_incremental__transform_silver...
[2026-07-21T02:34:32.091+0000] {cache.py:383} INFO - Cosmos performance: time to calculate cache identifier cosmos_cache__dbt_silver_gold_incremental__transform_silver for current version: 1.968390535999788
[2026-07-21T02:34:32.092+0000] {graph.py:886} INFO - Cosmos performance [18b5701cc869|1635]: The cache size for cosmos_cache__dbt_silver_gold_incremental__transform_silver is 5960
[2026-07-21T02:34:32.094+0000] {graph.py:898} INFO - Cosmos performance: Cache hit for cosmos_cache__dbt_silver_gold_incremental__transform_silver - b818229f091e48780fea406b13897451,5e34606eb5f2b3dea81a8e19fa3ba138
[2026-07-21T02:34:32.095+0000] {graph.py:799} INFO - Total nodes: 7
[2026-07-21T02:34:32.097+0000] {graph.py:800} INFO - Total filtered nodes: 7
[2026-07-21T02:34:32.098+0000] {converter.py:361} INFO - Cosmos performance (dbt_silver_gold_incremental__transform_silver) - [18b5701cc869|1635]: It took 1.99s to parse the dbt project for DAG using dbt_ls_cache
[2026-07-21T02:34:32.108+0000] {converter.py:413} INFO - Cosmos performance (dbt_silver_gold_incremental__transform_silver) - [18b5701cc869|1635]: It took 0.0101s to build the Airflow DAG.
[2026-07-21T02:34:32.109+0000] {converter.py:420} INFO - ::endgroup::Cosmos DAG parsing logs
[2026-07-21T02:34:32.111+0000] {converter.py:314} INFO - ::group::Cosmos DAG parsing logs
[2026-07-21T02:34:32.114+0000] {graph.py:869} INFO - Trying to parse the dbt project using dbt ls cache cosmos_cache__dbt_silver_gold_incremental__transform_gold...
[2026-07-21T02:34:34.151+0000] {cache.py:383} INFO - Cosmos performance: time to calculate cache identifier cosmos_cache__dbt_silver_gold_incremental__transform_gold for current version: 2.022420631999921
[2026-07-21T02:34:34.153+0000] {graph.py:886} INFO - Cosmos performance [18b5701cc869|1635]: The cache size for cosmos_cache__dbt_silver_gold_incremental__transform_gold is 35986
[2026-07-21T02:34:34.157+0000] {graph.py:898} INFO - Cosmos performance: Cache hit for cosmos_cache__dbt_silver_gold_incremental__transform_gold - b818229f091e48780fea406b13897451,304321e940a9403dceb380589bd0566f
[2026-07-21T02:34:34.159+0000] {graph.py:799} INFO - Total nodes: 39
[2026-07-21T02:34:34.160+0000] {graph.py:800} INFO - Total filtered nodes: 39
[2026-07-21T02:34:34.162+0000] {converter.py:361} INFO - Cosmos performance (dbt_silver_gold_incremental__transform_gold) - [18b5701cc869|1635]: It took 2.05s to parse the dbt project for DAG using dbt_ls_cache
[2026-07-21T02:34:34.199+0000] {converter.py:413} INFO - Cosmos performance (dbt_silver_gold_incremental__transform_gold) - [18b5701cc869|1635]: It took 0.0371s to build the Airflow DAG.
[2026-07-21T02:34:34.200+0000] {converter.py:420} INFO - ::endgroup::Cosmos DAG parsing logs
[2026-07-21T02:34:34.202+0000] {converter.py:314} INFO - ::group::Cosmos DAG parsing logs
[2026-07-21T02:34:34.207+0000] {graph.py:869} INFO - Trying to parse the dbt project using dbt ls cache cosmos_cache__dbt_silver_gold_full_load__transform_silver...
[2026-07-21T02:34:36.407+0000] {cache.py:383} INFO - Cosmos performance: time to calculate cache identifier cosmos_cache__dbt_silver_gold_full_load__transform_silver for current version: 2.188310596000065
[2026-07-21T02:34:36.409+0000] {graph.py:886} INFO - Cosmos performance [18b5701cc869|1635]: The cache size for cosmos_cache__dbt_silver_gold_full_load__transform_silver is 5960
[2026-07-21T02:34:36.410+0000] {graph.py:898} INFO - Cosmos performance: Cache hit for cosmos_cache__dbt_silver_gold_full_load__transform_silver - b818229f091e48780fea406b13897451,5e34606eb5f2b3dea81a8e19fa3ba138
[2026-07-21T02:34:36.412+0000] {graph.py:799} INFO - Total nodes: 7
[2026-07-21T02:34:36.413+0000] {graph.py:800} INFO - Total filtered nodes: 7
[2026-07-21T02:34:36.414+0000] {converter.py:361} INFO - Cosmos performance (dbt_silver_gold_full_load__transform_silver) - [18b5701cc869|1635]: It took 2.21s to parse the dbt project for DAG using dbt_ls_cache
[2026-07-21T02:34:36.427+0000] {converter.py:413} INFO - Cosmos performance (dbt_silver_gold_full_load__transform_silver) - [18b5701cc869|1635]: It took 0.0131s to build the Airflow DAG.
[2026-07-21T02:34:36.429+0000] {converter.py:420} INFO - ::endgroup::Cosmos DAG parsing logs
[2026-07-21T02:34:36.430+0000] {converter.py:314} INFO - ::group::Cosmos DAG parsing logs
[2026-07-21T02:34:36.434+0000] {graph.py:869} INFO - Trying to parse the dbt project using dbt ls cache cosmos_cache__dbt_silver_gold_full_load__transform_gold...
[2026-07-21T02:34:38.677+0000] {cache.py:383} INFO - Cosmos performance: time to calculate cache identifier cosmos_cache__dbt_silver_gold_full_load__transform_gold for current version: 2.2304121300003317
[2026-07-21T02:34:38.678+0000] {graph.py:886} INFO - Cosmos performance [18b5701cc869|1635]: The cache size for cosmos_cache__dbt_silver_gold_full_load__transform_gold is 35986
[2026-07-21T02:34:38.680+0000] {graph.py:898} INFO - Cosmos performance: Cache hit for cosmos_cache__dbt_silver_gold_full_load__transform_gold - b818229f091e48780fea406b13897451,304321e940a9403dceb380589bd0566f
[2026-07-21T02:34:38.682+0000] {graph.py:799} INFO - Total nodes: 39
[2026-07-21T02:34:38.683+0000] {graph.py:800} INFO - Total filtered nodes: 39
[2026-07-21T02:34:38.685+0000] {converter.py:361} INFO - Cosmos performance (dbt_silver_gold_full_load__transform_gold) - [18b5701cc869|1635]: It took 2.25s to parse the dbt project for DAG using dbt_ls_cache
[2026-07-21T02:34:38.717+0000] {converter.py:413} INFO - Cosmos performance (dbt_silver_gold_full_load__transform_gold) - [18b5701cc869|1635]: It took 0.0319s to build the Airflow DAG.
[2026-07-21T02:34:38.718+0000] {converter.py:420} INFO - ::endgroup::Cosmos DAG parsing logs
[2026-07-21T02:34:39.416+0000] {logging_mixin.py:190} INFO - 02:34:39  Installing dbt-labs/dbt_utils
[2026-07-21T02:34:39.945+0000] {logging_mixin.py:190} INFO - 02:34:39  Installed from version 1.3.0
[2026-07-21T02:34:39.947+0000] {logging_mixin.py:190} INFO - 02:34:39  Updated version available: 1.4.1
[2026-07-21T02:34:39.950+0000] {logging_mixin.py:190} INFO - 02:34:39  Installing metaplane/dbt_expectations
[2026-07-21T02:34:40.974+0000] {logging_mixin.py:190} INFO - 02:34:40  Installed from version 0.10.8
[2026-07-21T02:34:40.976+0000] {logging_mixin.py:190} INFO - 02:34:40  Updated version available: 0.10.10
[2026-07-21T02:34:40.979+0000] {logging_mixin.py:190} INFO - 02:34:40  Installing godatadriven/dbt_date
[2026-07-21T02:34:41.533+0000] {logging_mixin.py:190} INFO - 02:34:41  Installed from version 0.15.0
[2026-07-21T02:34:41.535+0000] {logging_mixin.py:190} INFO - 02:34:41  Up to date!
[2026-07-21T02:34:41.538+0000] {logging_mixin.py:190} INFO - 02:34:41
[2026-07-21T02:34:41.541+0000] {logging_mixin.py:190} INFO - 02:34:41  Updates available for packages: ['dbt-labs/dbt_utils', 'metaplane/dbt_expectations']                 
Update your versions in packages.yml, then run dbt deps
[2026-07-21T02:34:42.816+0000] {runner.py:95} INFO - Trying to run dbtRunner with:
 ['run', '--select', 'fqn:consumer_complaints_transformation.marts.fct_complaints', '--project-dir', '/tmp/tmpqzf9ywyf', '--profiles-dir', '/opt/airflow/dbt_transform', '--profile', 'lakehouse_dbt', '--target', 'dev', '--no-static-parser']
 in /tmp/tmpqzf9ywyf
[2026-07-21T02:34:42.842+0000] {logging_mixin.py:190} INFO - 02:34:42  Running with dbt=1.8.8
[2026-07-21T02:34:42.886+0000] {auth.py:343} INFO - keyring module not found. OAuth2 token will not be stored in keyring.
[2026-07-21T02:34:42.891+0000] {auth.py:343} INFO - keyring module not found. OAuth2 token will not be stored in keyring.
[2026-07-21T02:34:43.045+0000] {logging_mixin.py:190} INFO - 02:34:43  Registered adapter: trino=1.8.5
[2026-07-21T02:34:43.594+0000] {logging_mixin.py:190} INFO - 02:34:43  Unable to do partial parsing because config vars, config profile, or config target have changed
[2026-07-21T02:34:46.505+0000] {logging_mixin.py:190} INFO - 02:34:46  [WARNING]: Deprecated functionality
The `tests` config has been renamed to `data_tests`. Please see
https://docs.getdbt.com/docs/build/data-tests#new-data_tests-syntax for more
information.
[2026-07-21T02:34:47.814+0000] {logging_mixin.py:190} INFO - 02:34:47  Found 8 models, 40 data tests, 1 source, 9 metrics, 839 macros, 5 semantic models
[2026-07-21T02:34:47.825+0000] {logging_mixin.py:190} INFO - 02:34:47
[2026-07-21T02:34:47.876+0000] {logging_mixin.py:190} INFO - 02:34:47  [WARNING]: SSL certificate validation is disabled by default. It is legacy behavior which will be changed in future releases. It is strongly advised to enable `require_certificate_validation` flag or explicitly set `cert` configuration to `True` for security reasons. You may receive an error after that if your SSL setup is incorrect.
You may opt into the new behavior sooner by setting `flags.require_certificate_validation` to `True` in `dbt_project.yml`.
Visit https://docs.getdbt.com/reference/global-configs/behavior-changes for more information.
[2026-07-21T02:34:48.586+0000] {logging_mixin.py:190} INFO - 02:34:48  Concurrency: 1 threads (target='dev')
[2026-07-21T02:34:48.590+0000] {logging_mixin.py:190} INFO - 02:34:48
[2026-07-21T02:34:48.598+0000] {logging_mixin.py:190} INFO - 02:34:48  1 of 1 START sql incremental model silver.fct_complaints ....................... [RUN]
[2026-07-21T02:34:51.053+0000] {logging_mixin.py:190} INFO - 02:34:51  1 of 1 OK created sql incremental model silver.fct_complaints .................. [CREATE TABLE (43 rows) in 2.45s]
[2026-07-21T02:34:51.073+0000] {logging_mixin.py:190} INFO - 02:34:51
[2026-07-21T02:34:51.077+0000] {logging_mixin.py:190} INFO - 02:34:51  Finished running 1 incremental model in 0 hours 0 minutes and 3.25 seconds (3.25s).
[2026-07-21T02:34:51.274+0000] {logging_mixin.py:190} INFO - 02:34:51
[2026-07-21T02:34:51.293+0000] {logging_mixin.py:190} INFO - 02:34:51  Completed successfully
[2026-07-21T02:34:51.302+0000] {logging_mixin.py:190} INFO - 02:34:51
[2026-07-21T02:34:51.326+0000] {logging_mixin.py:190} INFO - 02:34:51  Done. PASS=1 WARN=0 ERROR=0 SKIP=0 TOTAL=1
[2026-07-21T02:34:52.579+0000] {local.py:196} WARNING - Artifact schema version: https://schemas.getdbt.com/dbt/manifest/v12.json is above dbt-ol supported version 7. This might cause errors.
[2026-07-21T02:34:52.596+0000] {local.py:594} INFO - Inlets: []
[2026-07-21T02:34:52.599+0000] {local.py:595} INFO - Outlets: []
[2026-07-21T02:34:52.601+0000] {local.py:886} INFO - Assigning inlets/outlets with DatasetAlias in Airflow 2
[2026-07-21T02:34:52.675+0000] {taskinstance.py:340} INFO - ::group::Post task execution logs
[2026-07-21T02:34:52.677+0000] {taskinstance.py:352} INFO - Marking task as SUCCESS. dag_id=dbt_silver_gold_incremental, task_id=transform_gold.fct_complaints.run, run_id=manual__2026-07-21T02:33:05.066855+00:00, execution_date=20260721T023305, start_date=20260721T023427, end_date=20260721T023452
[2026-07-21T02:34:53.457+0000] {_client.py:1026} INFO - HTTP Request: GET https://astronomer.gateway.scarf.sh/astronomer-cosmos/v3/task_instance?cosmos_version=1.15.0&airflow_version=2.10.2&python_version=3.10.15&platform_system=Linux&platform_machine=x86_64&status=success&operator_name=DbtRunLocalOperator&is_cosmos_operator_subclass=False&invocation_mode=dbt_runner&execution_mode=local&profile_strategy=yaml_file&profile_mapping_class=None&database=trino&is_mapped_task=False&dbt_command=run&install_deps=True&has_callback=False&duration=25.014415 "HTTP/1.1 200 OK"
[2026-07-21T02:34:53.533+0000] {local_task_job_runner.py:266} INFO - Task exited with return code 0
[2026-07-21T02:34:53.571+0000] {taskinstance.py:3900} INFO - 1 downstream tasks scheduled from follow-on schedule check
[2026-07-21T02:34:53.573+0000] {local_task_job_runner.py:245} INFO - ::endgroup::
