[2026-07-22T03:02:10.475+0000] {local_task_job_runner.py:123} INFO - ::group::Pre task execution logs
[2026-07-22T03:02:10.504+0000] {taskinstance.py:2612} INFO - Dependencies all met for dep_context=non-requeueable deps ti=<TaskInstance: lakehouse_full_compaction_pipeline.execute_optimize scheduled__2026-07-12T01:00:00+00:00 map_index=2 [queued]>
[2026-07-22T03:02:10.515+0000] {taskinstance.py:2612} INFO - Dependencies all met for dep_context=requeueable deps ti=<TaskInstance: lakehouse_full_compaction_pipeline.execute_optimize scheduled__2026-07-12T01:00:00+00:00 map_index=2 [queued]>
[2026-07-22T03:02:10.518+0000] {taskinstance.py:2865} INFO - Starting attempt 3 of 4
[2026-07-22T03:02:10.530+0000] {taskinstance.py:2888} INFO - Executing <Mapped(_PythonDecoratedOperator): execute_optimize> on 2026-07-12 01:00:00+00:00
[2026-07-22T03:02:10.536+0000] {standard_task_runner.py:72} INFO - Started process 1328 to run task
[2026-07-22T03:02:10.540+0000] {standard_task_runner.py:104} INFO - Running: ['airflow', 'tasks', 'run', 'lakehouse_full_compaction_pipeline', 'execute_optimize', 'scheduled__2026-07-12T01:00:00+00:00', '--job-id', '110', '--raw', '--subdir', 'DAGS_FOLDER/lakehouse_incremental_compaction_dag.py', '--cfg-path', '/tmp/tmpma7ya2cy', '--map-index', '2']
[2026-07-22T03:02:10.542+0000] {standard_task_runner.py:105} INFO - Job 110: Subtask execute_optimize
[2026-07-22T03:02:10.621+0000] {task_command.py:467} INFO - Running <TaskInstance: lakehouse_full_compaction_pipeline.execute_optimize scheduled__2026-07-12T01:00:00+00:00 map_index=2 [running]> on host a806f8d07e9b
[2026-07-22T03:02:10.860+0000] {taskinstance.py:3131} INFO - Exporting env vars: AIRFLOW_CTX_DAG_OWNER='airflow' AIRFLOW_CTX_DAG_ID='lakehouse_full_compaction_pipeline' AIRFLOW_CTX_TASK_ID='execute_optimize' AIRFLOW_CTX_EXECUTION_DATE='2026-07-12T01:00:00+00:00' AIRFLOW_CTX_TRY_NUMBER='3' AIRFLOW_CTX_DAG_RUN_ID='scheduled__2026-07-12T01:00:00+00:00'
[2026-07-22T03:02:10.862+0000] {taskinstance.py:731} INFO - ::endgroup::
[2026-07-22T03:02:10.865+0000] {lakehouse_incremental_compaction_dag.py:121} INFO - Đang thực thi: ALTER TABLE lakehouse.gold.fct_complaints EXECUTE optimize WHERE silver_updated_at >= current_date - interval '30' day
[2026-07-22T03:02:10.866+0000] {base.py:84} INFO - Retrieving connection 'trino_default'
[2026-07-22T03:02:10.868+0000] {base.py:84} INFO - Retrieving connection 'trino_default'
[2026-07-22T03:02:10.872+0000] {sql.py:509} INFO - Running statement: ALTER TABLE lakehouse.gold.fct_complaints EXECUTE optimize WHERE silver_updated_at >= current_date - interval '30' day, parameters: None
[2026-07-22T03:02:10.921+0000] {taskinstance.py:3310} ERROR - Task failed with exception
Traceback (most recent call last):
  File "/home/airflow/.local/lib/python3.10/site-packages/airflow/models/taskinstance.py", line 767, in _execute_task
    result = _execute_callable(context=context, **execute_callable_kwargs)
  File "/home/airflow/.local/lib/python3.10/site-packages/airflow/models/taskinstance.py", line 733, in _execute_callable
    return ExecutionCallableRunner(
  File "/home/airflow/.local/lib/python3.10/site-packages/airflow/utils/operator_helpers.py", line 252, in run
    return self.func(*args, **kwargs)
  File "/home/airflow/.local/lib/python3.10/site-packages/airflow/models/baseoperator.py", line 406, in wrapper
    return func(self, *args, **kwargs)
  File "/home/airflow/.local/lib/python3.10/site-packages/airflow/decorators/base.py", line 266, in execute
    return_value = super().execute(context)
  File "/home/airflow/.local/lib/python3.10/site-packages/airflow/models/baseoperator.py", line 406, in wrapper
    return func(self, *args, **kwargs)
  File "/home/airflow/.local/lib/python3.10/site-packages/airflow/operators/python.py", line 238, in execute
    return_value = self.execute_callable()
  File "/home/airflow/.local/lib/python3.10/site-packages/airflow/operators/python.py", line 256, in execute_callable
    return runner.run(*self.op_args, **self.op_kwargs)
  File "/home/airflow/.local/lib/python3.10/site-packages/airflow/utils/operator_helpers.py", line 252, in run
    return self.func(*args, **kwargs)
  File "/opt/airflow/dags/lakehouse_incremental_compaction_dag.py", line 122, in execute_optimize
    trino_hook.run(sql)
  File "/home/airflow/.local/lib/python3.10/site-packages/airflow/providers/common/sql/hooks/sql.py", line 456, in run
    self._run_command(cur, sql_statement, parameters)
  File "/home/airflow/.local/lib/python3.10/site-packages/airflow/providers/common/sql/hooks/sql.py", line 514, in _run_command
    cur.execute(sql_statement)
  File "/home/airflow/.local/lib/python3.10/site-packages/trino/dbapi.py", line 589, in execute
    self._iterator = iter(self._query.execute())
  File "/home/airflow/.local/lib/python3.10/site-packages/trino/client.py", line 819, in execute
    self._result.rows += self.fetch()
  File "/home/airflow/.local/lib/python3.10/site-packages/trino/client.py", line 839, in fetch
    status = self._request.process(response)
  File "/home/airflow/.local/lib/python3.10/site-packages/trino/client.py", line 611, in process
    raise self._process_error(response["error"], response.get("id"))
trino.exceptions.TrinoUserError: TrinoUserError(type=USER_ERROR, name=TABLE_NOT_FOUND, message="line 1:7: Table 'lakehouse.gold.fct_complaints' does not exist", query_id=20260722_030210_00009_x5xh5)
[2026-07-22T03:02:10.943+0000] {taskinstance.py:1225} INFO - Marking task as UP_FOR_RETRY. dag_id=lakehouse_full_compaction_pipeline, task_id=execute_optimize, run_id=scheduled__2026-07-12T01:00:00+00:00, map_index=2, execution_date=20260712T010000, start_date=20260722T030210, end_date=20260722T030210
[2026-07-22T03:02:10.958+0000] {taskinstance.py:340} INFO - ::group::Post task execution logs
[2026-07-22T03:02:10.960+0000] {standard_task_runner.py:124} ERROR - Failed to execute job 110 for task execute_optimize (TrinoUserError(type=USER_ERROR, name=TABLE_NOT_FOUND, message="line 1:7: Table 'lakehouse.gold.fct_complaints' does not exist", query_id=20260722_030210_00009_x5xh5); 1328)
Traceback (most recent call last):
  File "/home/airflow/.local/lib/python3.10/site-packages/airflow/task/task_runner/standard_task_runner.py", line 117, in _start_by_fork
    ret = args.func(args, dag=self.dag)
  File "/home/airflow/.local/lib/python3.10/site-packages/airflow/cli/cli_config.py", line 49, in command
    return func(*args, **kwargs)
  File "/home/airflow/.local/lib/python3.10/site-packages/airflow/utils/cli.py", line 115, in wrapper
    return f(*args, **kwargs)
  File "/home/airflow/.local/lib/python3.10/site-packages/airflow/cli/commands/task_command.py", line 483, in task_run
    task_return_code = _run_task_by_selected_method(args, _dag, ti)
  File "/home/airflow/.local/lib/python3.10/site-packages/airflow/cli/commands/task_command.py", line 256, in _run_task_by_selected_method
    return _run_raw_task(args, ti)
  File "/home/airflow/.local/lib/python3.10/site-packages/airflow/cli/commands/task_command.py", line 341, in _run_raw_task
    return ti._run_raw_task(
  File "/home/airflow/.local/lib/python3.10/site-packages/airflow/utils/session.py", line 97, in wrapper
    return func(*args, session=session, **kwargs)
  File "/home/airflow/.local/lib/python3.10/site-packages/airflow/models/taskinstance.py", line 3004, in _run_raw_task
    return _run_raw_task(
  File "/home/airflow/.local/lib/python3.10/site-packages/airflow/models/taskinstance.py", line 273, in _run_raw_task
    TaskInstance._execute_task_with_callbacks(
  File "/home/airflow/.local/lib/python3.10/site-packages/airflow/models/taskinstance.py", line 3158, in _execute_task_with_callbacks
    result = self._execute_task(context, task_orig)
  File "/home/airflow/.local/lib/python3.10/site-packages/airflow/models/taskinstance.py", line 3182, in _execute_task
    return _execute_task(self, context, task_orig)
  File "/home/airflow/.local/lib/python3.10/site-packages/airflow/models/taskinstance.py", line 767, in _execute_task
    result = _execute_callable(context=context, **execute_callable_kwargs)
  File "/home/airflow/.local/lib/python3.10/site-packages/airflow/models/taskinstance.py", line 733, in _execute_callable
    return ExecutionCallableRunner(
  File "/home/airflow/.local/lib/python3.10/site-packages/airflow/utils/operator_helpers.py", line 252, in run
    return self.func(*args, **kwargs)
  File "/home/airflow/.local/lib/python3.10/site-packages/airflow/models/baseoperator.py", line 406, in wrapper
    return func(self, *args, **kwargs)
  File "/home/airflow/.local/lib/python3.10/site-packages/airflow/decorators/base.py", line 266, in execute
    return_value = super().execute(context)
  File "/home/airflow/.local/lib/python3.10/site-packages/airflow/models/baseoperator.py", line 406, in wrapper
    return func(self, *args, **kwargs)
  File "/home/airflow/.local/lib/python3.10/site-packages/airflow/operators/python.py", line 238, in execute
    return_value = self.execute_callable()
  File "/home/airflow/.local/lib/python3.10/site-packages/airflow/operators/python.py", line 256, in execute_callable
    return runner.run(*self.op_args, **self.op_kwargs)
  File "/home/airflow/.local/lib/python3.10/site-packages/airflow/utils/operator_helpers.py", line 252, in run
    return self.func(*args, **kwargs)
  File "/opt/airflow/dags/lakehouse_incremental_compaction_dag.py", line 122, in execute_optimize
    trino_hook.run(sql)
  File "/home/airflow/.local/lib/python3.10/site-packages/airflow/providers/common/sql/hooks/sql.py", line 456, in run
    self._run_command(cur, sql_statement, parameters)
  File "/home/airflow/.local/lib/python3.10/site-packages/airflow/providers/common/sql/hooks/sql.py", line 514, in _run_command
    cur.execute(sql_statement)
  File "/home/airflow/.local/lib/python3.10/site-packages/trino/dbapi.py", line 589, in execute
    self._iterator = iter(self._query.execute())
  File "/home/airflow/.local/lib/python3.10/site-packages/trino/client.py", line 819, in execute
    self._result.rows += self.fetch()
  File "/home/airflow/.local/lib/python3.10/site-packages/trino/client.py", line 839, in fetch
    status = self._request.process(response)
  File "/home/airflow/.local/lib/python3.10/site-packages/trino/client.py", line 611, in process
    raise self._process_error(response["error"], response.get("id"))
trino.exceptions.TrinoUserError: TrinoUserError(type=USER_ERROR, name=TABLE_NOT_FOUND, message="line 1:7: Table 'lakehouse.gold.fct_complaints' does not exist", query_id=20260722_030210_00009_x5xh5)
[2026-07-22T03:02:10.996+0000] {local_task_job_runner.py:266} INFO - Task exited with return code 1
[2026-07-22T03:02:11.041+0000] {taskinstance.py:3900} INFO - 0 downstream tasks scheduled from follow-on schedule check
[2026-07-22T03:02:11.044+0000] {local_task_job_runner.py:245} INFO - ::endgroup::
[2026-07-23T02:27:11.553+0000] {local_task_job_runner.py:123} INFO - ::group::Pre task execution logs
[2026-07-23T02:27:11.574+0000] {taskinstance.py:2612} INFO - Dependencies all met for dep_context=non-requeueable deps ti=<TaskInstance: lakehouse_full_compaction_pipeline.execute_optimize scheduled__2026-07-12T01:00:00+00:00 map_index=2 [queued]>
[2026-07-23T02:27:11.585+0000] {taskinstance.py:2612} INFO - Dependencies all met for dep_context=requeueable deps ti=<TaskInstance: lakehouse_full_compaction_pipeline.execute_optimize scheduled__2026-07-12T01:00:00+00:00 map_index=2 [queued]>
[2026-07-23T02:27:11.587+0000] {taskinstance.py:2865} INFO - Starting attempt 3 of 4
[2026-07-23T02:27:11.599+0000] {taskinstance.py:2888} INFO - Executing <Mapped(_PythonDecoratedOperator): execute_optimize> on 2026-07-12 01:00:00+00:00
[2026-07-23T02:27:11.605+0000] {standard_task_runner.py:72} INFO - Started process 5899 to run task
[2026-07-23T02:27:11.608+0000] {standard_task_runner.py:104} INFO - Running: ['airflow', 'tasks', 'run', 'lakehouse_full_compaction_pipeline', 'execute_optimize', 'scheduled__2026-07-12T01:00:00+00:00', '--job-id', '42', '--raw', '--subdir', 'DAGS_FOLDER/lakehouse_incremental_compaction_dag.py', '--cfg-path', '/tmp/tmptbdog338', '--map-index', '2']
[2026-07-23T02:27:11.610+0000] {standard_task_runner.py:105} INFO - Job 42: Subtask execute_optimize
[2026-07-23T02:27:11.698+0000] {task_command.py:467} INFO - Running <TaskInstance: lakehouse_full_compaction_pipeline.execute_optimize scheduled__2026-07-12T01:00:00+00:00 map_index=2 [running]> on host d0280eba3cdf
[2026-07-23T02:27:11.896+0000] {taskinstance.py:3131} INFO - Exporting env vars: AIRFLOW_CTX_DAG_OWNER='airflow' AIRFLOW_CTX_DAG_ID='lakehouse_full_compaction_pipeline' AIRFLOW_CTX_TASK_ID='execute_optimize' AIRFLOW_CTX_EXECUTION_DATE='2026-07-12T01:00:00+00:00' AIRFLOW_CTX_TRY_NUMBER='3' AIRFLOW_CTX_DAG_RUN_ID='scheduled__2026-07-12T01:00:00+00:00'
[2026-07-23T02:27:11.898+0000] {taskinstance.py:731} INFO - ::endgroup::
[2026-07-23T02:27:11.901+0000] {lakehouse_incremental_compaction_dag.py:123} INFO - Đang thực thi: ALTER TABLE lakehouse.gold.fct_complaints EXECUTE optimize WHERE silver_updated_at >= TIMESTAMP '2026-06-23 02:27:11 UTC'
[2026-07-23T02:27:11.903+0000] {base.py:84} INFO - Retrieving connection 'trino_default'
[2026-07-23T02:27:11.905+0000] {base.py:84} INFO - Retrieving connection 'trino_default'
[2026-07-23T02:27:11.908+0000] {sql.py:509} INFO - Running statement: ALTER TABLE lakehouse.gold.fct_complaints EXECUTE optimize WHERE silver_updated_at >= TIMESTAMP '2026-06-23 02:27:11 UTC', parameters: None
[2026-07-23T02:27:11.985+0000] {taskinstance.py:3310} ERROR - Task failed with exception
Traceback (most recent call last):
  File "/home/airflow/.local/lib/python3.10/site-packages/airflow/models/taskinstance.py", line 767, in _execute_task
    result = _execute_callable(context=context, **execute_callable_kwargs)
  File "/home/airflow/.local/lib/python3.10/site-packages/airflow/models/taskinstance.py", line 733, in _execute_callable
    return ExecutionCallableRunner(
  File "/home/airflow/.local/lib/python3.10/site-packages/airflow/utils/operator_helpers.py", line 252, in run
    return self.func(*args, **kwargs)
  File "/home/airflow/.local/lib/python3.10/site-packages/airflow/models/baseoperator.py", line 406, in wrapper
    return func(self, *args, **kwargs)
  File "/home/airflow/.local/lib/python3.10/site-packages/airflow/decorators/base.py", line 266, in execute
    return_value = super().execute(context)
  File "/home/airflow/.local/lib/python3.10/site-packages/airflow/models/baseoperator.py", line 406, in wrapper
    return func(self, *args, **kwargs)
  File "/home/airflow/.local/lib/python3.10/site-packages/airflow/operators/python.py", line 238, in execute
    return_value = self.execute_callable()
  File "/home/airflow/.local/lib/python3.10/site-packages/airflow/operators/python.py", line 256, in execute_callable
    return runner.run(*self.op_args, **self.op_kwargs)
  File "/home/airflow/.local/lib/python3.10/site-packages/airflow/utils/operator_helpers.py", line 252, in run
    return self.func(*args, **kwargs)
  File "/opt/airflow/dags/lakehouse_incremental_compaction_dag.py", line 124, in execute_optimize
    trino_hook.run(sql)
  File "/home/airflow/.local/lib/python3.10/site-packages/airflow/providers/common/sql/hooks/sql.py", line 456, in run
    self._run_command(cur, sql_statement, parameters)
  File "/home/airflow/.local/lib/python3.10/site-packages/airflow/providers/common/sql/hooks/sql.py", line 514, in _run_command
    cur.execute(sql_statement)
  File "/home/airflow/.local/lib/python3.10/site-packages/trino/dbapi.py", line 589, in execute
    self._iterator = iter(self._query.execute())
  File "/home/airflow/.local/lib/python3.10/site-packages/trino/client.py", line 819, in execute
    self._result.rows += self.fetch()
  File "/home/airflow/.local/lib/python3.10/site-packages/trino/client.py", line 839, in fetch
    status = self._request.process(response)
  File "/home/airflow/.local/lib/python3.10/site-packages/trino/client.py", line 611, in process
    raise self._process_error(response["error"], response.get("id"))
trino.exceptions.TrinoQueryError: TrinoQueryError(type=INTERNAL_ERROR, name=GENERIC_INTERNAL_ERROR, message="Unexpected FilterNode found in plan; probably connector was not able to handle provided WHERE expression", query_id=20260723_021902_00112_z5mxm)
[2026-07-23T02:27:12.007+0000] {taskinstance.py:1225} INFO - Marking task as UP_FOR_RETRY. dag_id=lakehouse_full_compaction_pipeline, task_id=execute_optimize, run_id=scheduled__2026-07-12T01:00:00+00:00, map_index=2, execution_date=20260712T010000, start_date=20260723T022711, end_date=20260723T022712
[2026-07-23T02:27:12.020+0000] {taskinstance.py:340} INFO - ::group::Post task execution logs
[2026-07-23T02:27:12.022+0000] {standard_task_runner.py:124} ERROR - Failed to execute job 42 for task execute_optimize (TrinoQueryError(type=INTERNAL_ERROR, name=GENERIC_INTERNAL_ERROR, message="Unexpected FilterNode found in plan; probably connector was not able to handle provided WHERE expression", query_id=20260723_021902_00112_z5mxm); 5899)
Traceback (most recent call last):
  File "/home/airflow/.local/lib/python3.10/site-packages/airflow/task/task_runner/standard_task_runner.py", line 117, in _start_by_fork
    ret = args.func(args, dag=self.dag)
  File "/home/airflow/.local/lib/python3.10/site-packages/airflow/cli/cli_config.py", line 49, in command
    return func(*args, **kwargs)
  File "/home/airflow/.local/lib/python3.10/site-packages/airflow/utils/cli.py", line 115, in wrapper
    return f(*args, **kwargs)
  File "/home/airflow/.local/lib/python3.10/site-packages/airflow/cli/commands/task_command.py", line 483, in task_run
    task_return_code = _run_task_by_selected_method(args, _dag, ti)
  File "/home/airflow/.local/lib/python3.10/site-packages/airflow/cli/commands/task_command.py", line 256, in _run_task_by_selected_method
    return _run_raw_task(args, ti)
  File "/home/airflow/.local/lib/python3.10/site-packages/airflow/cli/commands/task_command.py", line 341, in _run_raw_task
    return ti._run_raw_task(
  File "/home/airflow/.local/lib/python3.10/site-packages/airflow/utils/session.py", line 97, in wrapper
    return func(*args, session=session, **kwargs)
  File "/home/airflow/.local/lib/python3.10/site-packages/airflow/models/taskinstance.py", line 3004, in _run_raw_task
    return _run_raw_task(
  File "/home/airflow/.local/lib/python3.10/site-packages/airflow/models/taskinstance.py", line 273, in _run_raw_task
    TaskInstance._execute_task_with_callbacks(
  File "/home/airflow/.local/lib/python3.10/site-packages/airflow/models/taskinstance.py", line 3158, in _execute_task_with_callbacks
    result = self._execute_task(context, task_orig)
  File "/home/airflow/.local/lib/python3.10/site-packages/airflow/models/taskinstance.py", line 3182, in _execute_task
    return _execute_task(self, context, task_orig)
  File "/home/airflow/.local/lib/python3.10/site-packages/airflow/models/taskinstance.py", line 767, in _execute_task
    result = _execute_callable(context=context, **execute_callable_kwargs)
  File "/home/airflow/.local/lib/python3.10/site-packages/airflow/models/taskinstance.py", line 733, in _execute_callable
    return ExecutionCallableRunner(
  File "/home/airflow/.local/lib/python3.10/site-packages/airflow/utils/operator_helpers.py", line 252, in run
    return self.func(*args, **kwargs)
  File "/home/airflow/.local/lib/python3.10/site-packages/airflow/models/baseoperator.py", line 406, in wrapper
    return func(self, *args, **kwargs)
  File "/home/airflow/.local/lib/python3.10/site-packages/airflow/decorators/base.py", line 266, in execute
    return_value = super().execute(context)
  File "/home/airflow/.local/lib/python3.10/site-packages/airflow/models/baseoperator.py", line 406, in wrapper
    return func(self, *args, **kwargs)
  File "/home/airflow/.local/lib/python3.10/site-packages/airflow/operators/python.py", line 238, in execute
    return_value = self.execute_callable()
  File "/home/airflow/.local/lib/python3.10/site-packages/airflow/operators/python.py", line 256, in execute_callable
    return runner.run(*self.op_args, **self.op_kwargs)
  File "/home/airflow/.local/lib/python3.10/site-packages/airflow/utils/operator_helpers.py", line 252, in run
    return self.func(*args, **kwargs)
  File "/opt/airflow/dags/lakehouse_incremental_compaction_dag.py", line 124, in execute_optimize
    trino_hook.run(sql)
  File "/home/airflow/.local/lib/python3.10/site-packages/airflow/providers/common/sql/hooks/sql.py", line 456, in run
    self._run_command(cur, sql_statement, parameters)
  File "/home/airflow/.local/lib/python3.10/site-packages/airflow/providers/common/sql/hooks/sql.py", line 514, in _run_command
    cur.execute(sql_statement)
  File "/home/airflow/.local/lib/python3.10/site-packages/trino/dbapi.py", line 589, in execute
    self._iterator = iter(self._query.execute())
  File "/home/airflow/.local/lib/python3.10/site-packages/trino/client.py", line 819, in execute
    self._result.rows += self.fetch()
  File "/home/airflow/.local/lib/python3.10/site-packages/trino/client.py", line 839, in fetch
    status = self._request.process(response)
  File "/home/airflow/.local/lib/python3.10/site-packages/trino/client.py", line 611, in process
    raise self._process_error(response["error"], response.get("id"))
trino.exceptions.TrinoQueryError: TrinoQueryError(type=INTERNAL_ERROR, name=GENERIC_INTERNAL_ERROR, message="Unexpected FilterNode found in plan; probably connector was not able to handle provided WHERE expression", query_id=20260723_021902_00112_z5mxm)
[2026-07-23T02:27:12.065+0000] {local_task_job_runner.py:266} INFO - Task exited with return code 1
[2026-07-23T02:27:12.084+0000] {taskinstance.py:3900} INFO - 0 downstream tasks scheduled from follow-on schedule check
[2026-07-23T02:27:12.087+0000] {local_task_job_runner.py:245} INFO - ::endgroup::
