[2026-07-23T02:48:02.834+0000] {local_task_job_runner.py:123} INFO - ::group::Pre task execution logs
[2026-07-23T02:48:02.861+0000] {taskinstance.py:2612} INFO - Dependencies all met for dep_context=non-requeueable deps ti=<TaskInstance: lakehouse_full_compaction_pipeline.execute_optimize scheduled__2026-07-12T01:00:00+00:00 map_index=2 [queued]>
[2026-07-23T02:48:02.875+0000] {taskinstance.py:2612} INFO - Dependencies all met for dep_context=requeueable deps ti=<TaskInstance: lakehouse_full_compaction_pipeline.execute_optimize scheduled__2026-07-12T01:00:00+00:00 map_index=2 [queued]>
[2026-07-23T02:48:02.877+0000] {taskinstance.py:2865} INFO - Starting attempt 6 of 9
[2026-07-23T02:48:02.890+0000] {taskinstance.py:2888} INFO - Executing <Mapped(_PythonDecoratedOperator): execute_optimize> on 2026-07-12 01:00:00+00:00
[2026-07-23T02:48:02.896+0000] {standard_task_runner.py:72} INFO - Started process 980 to run task
[2026-07-23T02:48:02.899+0000] {standard_task_runner.py:104} INFO - Running: ['airflow', 'tasks', 'run', 'lakehouse_full_compaction_pipeline', 'execute_optimize', 'scheduled__2026-07-12T01:00:00+00:00', '--job-id', '59', '--raw', '--subdir', 'DAGS_FOLDER/lakehouse_incremental_compaction_dag.py', '--cfg-path', '/tmp/tmp333hskuq', '--map-index', '2']
[2026-07-23T02:48:02.901+0000] {standard_task_runner.py:105} INFO - Job 59: Subtask execute_optimize
[2026-07-23T02:48:02.994+0000] {task_command.py:467} INFO - Running <TaskInstance: lakehouse_full_compaction_pipeline.execute_optimize scheduled__2026-07-12T01:00:00+00:00 map_index=2 [running]> on host 83fc7925a92f
[2026-07-23T02:48:03.236+0000] {taskinstance.py:3131} INFO - Exporting env vars: AIRFLOW_CTX_DAG_OWNER='airflow' AIRFLOW_CTX_DAG_ID='lakehouse_full_compaction_pipeline' AIRFLOW_CTX_TASK_ID='execute_optimize' AIRFLOW_CTX_EXECUTION_DATE='2026-07-12T01:00:00+00:00' AIRFLOW_CTX_TRY_NUMBER='6' AIRFLOW_CTX_DAG_RUN_ID='scheduled__2026-07-12T01:00:00+00:00'
[2026-07-23T02:48:03.239+0000] {taskinstance.py:731} INFO - ::endgroup::
[2026-07-23T02:48:03.242+0000] {lakehouse_incremental_compaction_dag.py:126} INFO - ==================================================
[2026-07-23T02:48:03.245+0000] {lakehouse_incremental_compaction_dag.py:127} INFO - 🚀 BẮT ĐẦU OPTIMIZE: lakehouse.gold.fct_complaints
[2026-07-23T02:48:03.247+0000] {lakehouse_incremental_compaction_dag.py:128} INFO - ⚙️ Chiến lược: incremental_date
[2026-07-23T02:48:03.249+0000] {lakehouse_incremental_compaction_dag.py:129} INFO - 📝 DDL: ALTER TABLE lakehouse.gold.fct_complaints EXECUTE optimize WHERE silver_updated_at >= TIMESTAMP '2026-06-23 00:00:00 UTC'
[2026-07-23T02:48:03.251+0000] {lakehouse_incremental_compaction_dag.py:130} INFO - ==================================================
[2026-07-23T02:48:03.253+0000] {base.py:84} INFO - Retrieving connection 'trino_default'
[2026-07-23T02:48:03.255+0000] {base.py:84} INFO - Retrieving connection 'trino_default'
[2026-07-23T02:48:03.260+0000] {sql.py:509} INFO - Running statement: ALTER TABLE lakehouse.gold.fct_complaints EXECUTE optimize WHERE silver_updated_at >= TIMESTAMP '2026-06-23 00:00:00 UTC', parameters: None
[2026-07-23T02:48:03.550+0000] {lakehouse_incremental_compaction_dag.py:139} INFO - ✅ Hoàn thành truy vấn trong 0.30 giây.
[2026-07-23T02:48:03.553+0000] {lakehouse_incremental_compaction_dag.py:151} INFO - ℹ️ KẾT QUẢ: Không có dữ liệu trả về hoặc không có file nào được tác động.
[2026-07-23T02:48:03.555+0000] {lakehouse_incremental_compaction_dag.py:159} INFO - 🏁 Đã bảo trì xong metadata cho lakehouse.gold.fct_complaints.
[2026-07-23T02:48:03.557+0000] {python.py:240} INFO - Done. Returned value was: {'table': 'lakehouse.gold.fct_complaints', 'layer': 'gold', 'strategy': 'incremental_date', 'partition_col': 'silver_updated_at', 'lookback_days': 30, 'retention_days': '30d'}
[2026-07-23T02:48:03.660+0000] {taskinstance.py:340} INFO - ::group::Post task execution logs
[2026-07-23T02:48:03.663+0000] {taskinstance.py:352} INFO - Marking task as SUCCESS. dag_id=lakehouse_full_compaction_pipeline, task_id=execute_optimize, run_id=scheduled__2026-07-12T01:00:00+00:00, map_index=2, execution_date=20260712T010000, start_date=20260723T024802, end_date=20260723T024803
[2026-07-23T02:48:03.718+0000] {local_task_job_runner.py:266} INFO - Task exited with return code 0
[2026-07-23T02:48:03.747+0000] {taskinstance.py:3900} INFO - 0 downstream tasks scheduled from follow-on schedule check
[2026-07-23T02:48:03.750+0000] {local_task_job_runner.py:245} INFO - ::endgroup::
