[2026-07-17T00:56:28.779+0000] {local_task_job_runner.py:123} INFO - ::group::Pre task execution logs
[2026-07-17T00:56:28.801+0000] {taskinstance.py:2612} INFO - Dependencies all met for dep_context=non-requeueable deps ti=<TaskInstance: wap_consumer_complaints_pipeline.extract_and_upload scheduled__2026-07-16T00:00:00+00:00 map_index=0 [queued]>
[2026-07-17T00:56:28.810+0000] {taskinstance.py:2612} INFO - Dependencies all met for dep_context=requeueable deps ti=<TaskInstance: wap_consumer_complaints_pipeline.extract_and_upload scheduled__2026-07-16T00:00:00+00:00 map_index=0 [queued]>
[2026-07-17T00:56:28.812+0000] {taskinstance.py:2865} INFO - Starting attempt 1 of 2
[2026-07-17T00:56:28.824+0000] {taskinstance.py:2888} INFO - Executing <Mapped(_PythonDecoratedOperator): extract_and_upload> on 2026-07-16 00:00:00+00:00
[2026-07-17T00:56:28.830+0000] {standard_task_runner.py:72} INFO - Started process 684 to run task
[2026-07-17T00:56:28.834+0000] {standard_task_runner.py:104} INFO - Running: ['airflow', 'tasks', 'run', 'wap_consumer_complaints_pipeline', 'extract_and_upload', 'scheduled__2026-07-16T00:00:00+00:00', '--job-id', '8', '--raw', '--subdir', 'DAGS_FOLDER/wap_consumer_complaints_pipeline.py', '--cfg-path', '/tmp/tmpw6wjfg7c', '--map-index', '0']
[2026-07-17T00:56:28.836+0000] {standard_task_runner.py:105} INFO - Job 8: Subtask extract_and_upload
[2026-07-17T00:56:28.914+0000] {task_command.py:467} INFO - Running <TaskInstance: wap_consumer_complaints_pipeline.extract_and_upload scheduled__2026-07-16T00:00:00+00:00 map_index=0 [running]> on host 5c7fcb628b2a
[2026-07-17T00:56:29.008+0000] {taskinstance.py:3131} INFO - Exporting env vars: AIRFLOW_CTX_DAG_OWNER='data_engineer' AIRFLOW_CTX_DAG_ID='wap_consumer_complaints_pipeline' AIRFLOW_CTX_TASK_ID='extract_and_upload' AIRFLOW_CTX_EXECUTION_DATE='2026-07-16T00:00:00+00:00' AIRFLOW_CTX_TRY_NUMBER='1' AIRFLOW_CTX_DAG_RUN_ID='scheduled__2026-07-16T00:00:00+00:00'
[2026-07-17T00:56:29.010+0000] {taskinstance.py:731} INFO - ::endgroup::
[2026-07-17T00:56:29.017+0000] {cfpb_api_client.py:487} INFO - 🛡️ Khởi động lưới lọc Rescued Data cho công ty: JPMORGAN CHASE & CO.
[2026-07-17T00:56:29.018+0000] {cfpb_api_client.py:460} INFO - 🏢 Khởi tạo luồng kéo dữ liệu cho công ty: JPMORGAN CHASE & CO.
[2026-07-17T00:56:29.020+0000] {cfpb_api_client.py:389} INFO - 🚀 BẮT ĐẦU: Kéo luồng dữ liệu từ 2026-07-09 đến 2026-07-16
[2026-07-17T00:59:01.000+0000] {cfpb_api_client.py:207} ERROR - Lỗi kết nối mạng/HTTP khi gọi API: Expecting value: line 1 column 1 (char 0)
[2026-07-17T00:59:01.004+0000] {taskinstance.py:3310} ERROR - Task failed with exception
Traceback (most recent call last):
  File "/home/airflow/.local/lib/python3.10/site-packages/requests/models.py", line 974, in json
    return complexjson.loads(self.text, **kwargs)
  File "/usr/local/lib/python3.10/json/__init__.py", line 346, in loads
    return _default_decoder.decode(s)
  File "/usr/local/lib/python3.10/json/decoder.py", line 337, in decode
    obj, end = self.raw_decode(s, idx=_w(s, 0).end())
  File "/usr/local/lib/python3.10/json/decoder.py", line 355, in raw_decode
    raise JSONDecodeError("Expecting value", s, err.value) from None
json.decoder.JSONDecodeError: Expecting value: line 1 column 1 (char 0)

During handling of the above exception, another exception occurred:

Traceback (most recent call last):
  File "/home/airflow/.local/lib/python3.10/site-packages/airflow/models/taskinstance.py", line 767, in _execute_task
    result = _execute_callable(context=context, **execute_callable_kwargs)
  File "/home/airflow/.local/lib/python3.10/site-packages/airflow/models/taskinstance.py", line 733, in _execute_callable
    return ExecutionCallableRunner(
  File "/home/airflow/.local/lib/python3.10/site-packages/airflow/utils/operator_helpers.py", line 252, in run
    return self.func(*args, **kwargs)
  File "/home/airflow/.local/lib/python3.10/site-packages/airflow/models/baseoperator.py", line 406, in wrapper
    return func(self, *args, **kwargs)
  File "/home/airflow/.local/lib/python3.10/site-packages/airflow/decorators/base.py", line 266, in execute
    return_value = super().execute(context)
  File "/home/airflow/.local/lib/python3.10/site-packages/airflow/models/baseoperator.py", line 406, in wrapper
    return func(self, *args, **kwargs)
  File "/home/airflow/.local/lib/python3.10/site-packages/airflow/operators/python.py", line 238, in execute
    return_value = self.execute_callable()
  File "/home/airflow/.local/lib/python3.10/site-packages/airflow/operators/python.py", line 256, in execute_callable
    return runner.run(*self.op_args, **self.op_kwargs)
  File "/home/airflow/.local/lib/python3.10/site-packages/airflow/utils/operator_helpers.py", line 252, in run
    return self.func(*args, **kwargs)
  File "/opt/airflow/dags/wap_consumer_complaints_pipeline.py", line 166, in extract_and_upload
    for chunk in stream:
  File "/opt/airflow/dags/utils/cfpb_api_client.py", line 500, in get_complaints_incremental_stream
    for chunk in stream:
  File "/opt/airflow/dags/utils/cfpb_api_client.py", line 398, in get_complaints_stream
    response = self.get_complaints(
  File "/opt/airflow/dags/utils/cfpb_api_client.py", line 203, in get_complaints
    return response.json() # Trả về JSON thô (Dict hoặc List tùy API)
  File "/home/airflow/.local/lib/python3.10/site-packages/requests/models.py", line 978, in json
    raise RequestsJSONDecodeError(e.msg, e.doc, e.pos)
requests.exceptions.JSONDecodeError: Expecting value: line 1 column 1 (char 0)
[2026-07-17T00:59:01.032+0000] {taskinstance.py:1225} INFO - Marking task as UP_FOR_RETRY. dag_id=wap_consumer_complaints_pipeline, task_id=extract_and_upload, run_id=scheduled__2026-07-16T00:00:00+00:00, map_index=0, execution_date=20260716T000000, start_date=20260717T005628, end_date=20260717T005901
[2026-07-17T00:59:01.053+0000] {taskinstance.py:340} INFO - ::group::Post task execution logs
[2026-07-17T00:59:01.054+0000] {standard_task_runner.py:124} ERROR - Failed to execute job 8 for task extract_and_upload (Expecting value: line 1 column 1 (char 0); 684)
Traceback (most recent call last):
  File "/home/airflow/.local/lib/python3.10/site-packages/requests/models.py", line 974, in json
    return complexjson.loads(self.text, **kwargs)
  File "/usr/local/lib/python3.10/json/__init__.py", line 346, in loads
    return _default_decoder.decode(s)
  File "/usr/local/lib/python3.10/json/decoder.py", line 337, in decode
    obj, end = self.raw_decode(s, idx=_w(s, 0).end())
  File "/usr/local/lib/python3.10/json/decoder.py", line 355, in raw_decode
    raise JSONDecodeError("Expecting value", s, err.value) from None
json.decoder.JSONDecodeError: Expecting value: line 1 column 1 (char 0)

During handling of the above exception, another exception occurred:

Traceback (most recent call last):
  File "/home/airflow/.local/lib/python3.10/site-packages/airflow/task/task_runner/standard_task_runner.py", line 117, in _start_by_fork
    ret = args.func(args, dag=self.dag)
  File "/home/airflow/.local/lib/python3.10/site-packages/airflow/cli/cli_config.py", line 49, in command
    return func(*args, **kwargs)
  File "/home/airflow/.local/lib/python3.10/site-packages/airflow/utils/cli.py", line 115, in wrapper
    return f(*args, **kwargs)
  File "/home/airflow/.local/lib/python3.10/site-packages/airflow/cli/commands/task_command.py", line 483, in task_run
    task_return_code = _run_task_by_selected_method(args, _dag, ti)
  File "/home/airflow/.local/lib/python3.10/site-packages/airflow/cli/commands/task_command.py", line 256, in _run_task_by_selected_method
    return _run_raw_task(args, ti)
  File "/home/airflow/.local/lib/python3.10/site-packages/airflow/cli/commands/task_command.py", line 341, in _run_raw_task
    return ti._run_raw_task(
  File "/home/airflow/.local/lib/python3.10/site-packages/airflow/utils/session.py", line 97, in wrapper
    return func(*args, session=session, **kwargs)
  File "/home/airflow/.local/lib/python3.10/site-packages/airflow/models/taskinstance.py", line 3004, in _run_raw_task
    return _run_raw_task(
  File "/home/airflow/.local/lib/python3.10/site-packages/airflow/models/taskinstance.py", line 273, in _run_raw_task
    TaskInstance._execute_task_with_callbacks(
  File "/home/airflow/.local/lib/python3.10/site-packages/airflow/models/taskinstance.py", line 3158, in _execute_task_with_callbacks
    result = self._execute_task(context, task_orig)
  File "/home/airflow/.local/lib/python3.10/site-packages/airflow/models/taskinstance.py", line 3182, in _execute_task
    return _execute_task(self, context, task_orig)
  File "/home/airflow/.local/lib/python3.10/site-packages/airflow/models/taskinstance.py", line 767, in _execute_task
    result = _execute_callable(context=context, **execute_callable_kwargs)
  File "/home/airflow/.local/lib/python3.10/site-packages/airflow/models/taskinstance.py", line 733, in _execute_callable
    return ExecutionCallableRunner(
  File "/home/airflow/.local/lib/python3.10/site-packages/airflow/utils/operator_helpers.py", line 252, in run
    return self.func(*args, **kwargs)
  File "/home/airflow/.local/lib/python3.10/site-packages/airflow/models/baseoperator.py", line 406, in wrapper
    return func(self, *args, **kwargs)
  File "/home/airflow/.local/lib/python3.10/site-packages/airflow/decorators/base.py", line 266, in execute
    return_value = super().execute(context)
  File "/home/airflow/.local/lib/python3.10/site-packages/airflow/models/baseoperator.py", line 406, in wrapper
    return func(self, *args, **kwargs)
  File "/home/airflow/.local/lib/python3.10/site-packages/airflow/operators/python.py", line 238, in execute
    return_value = self.execute_callable()
  File "/home/airflow/.local/lib/python3.10/site-packages/airflow/operators/python.py", line 256, in execute_callable
    return runner.run(*self.op_args, **self.op_kwargs)
  File "/home/airflow/.local/lib/python3.10/site-packages/airflow/utils/operator_helpers.py", line 252, in run
    return self.func(*args, **kwargs)
  File "/opt/airflow/dags/wap_consumer_complaints_pipeline.py", line 166, in extract_and_upload
    for chunk in stream:
  File "/opt/airflow/dags/utils/cfpb_api_client.py", line 500, in get_complaints_incremental_stream
    for chunk in stream:
  File "/opt/airflow/dags/utils/cfpb_api_client.py", line 398, in get_complaints_stream
    response = self.get_complaints(
  File "/opt/airflow/dags/utils/cfpb_api_client.py", line 203, in get_complaints
    return response.json() # Trả về JSON thô (Dict hoặc List tùy API)
  File "/home/airflow/.local/lib/python3.10/site-packages/requests/models.py", line 978, in json
    raise RequestsJSONDecodeError(e.msg, e.doc, e.pos)
requests.exceptions.JSONDecodeError: Expecting value: line 1 column 1 (char 0)
[2026-07-17T00:59:01.102+0000] {local_task_job_runner.py:266} INFO - Task exited with return code 1
[2026-07-17T00:59:01.151+0000] {taskinstance.py:3900} INFO - 0 downstream tasks scheduled from follow-on schedule check
[2026-07-17T00:59:01.153+0000] {local_task_job_runner.py:245} INFO - ::endgroup::
