[2026-07-01T03:48:40.518+0000] {taskinstance.py:1979} INFO - Dependencies all met for dep_context=non-requeueable deps ti=<TaskInstance: setup_lakehouse_infrastructure.deploy_schemas_and_tables manual__2026-07-01T03:48:37.518832+00:00 [queued]>
[2026-07-01T03:48:40.527+0000] {taskinstance.py:1979} INFO - Dependencies all met for dep_context=requeueable deps ti=<TaskInstance: setup_lakehouse_infrastructure.deploy_schemas_and_tables manual__2026-07-01T03:48:37.518832+00:00 [queued]>
[2026-07-01T03:48:40.528+0000] {taskinstance.py:2193} INFO - Starting attempt 1 of 1
[2026-07-01T03:48:40.540+0000] {taskinstance.py:2214} INFO - Executing <Task(_PythonDecoratedOperator): deploy_schemas_and_tables> on 2026-07-01 03:48:37.518832+00:00
[2026-07-01T03:48:40.545+0000] {standard_task_runner.py:60} INFO - Started process 802 to run task
[2026-07-01T03:48:40.548+0000] {standard_task_runner.py:87} INFO - Running: ['airflow', 'tasks', 'run', 'setup_lakehouse_infrastructure', 'deploy_schemas_and_tables', 'manual__2026-07-01T03:48:37.518832+00:00', '--job-id', '11', '--raw', '--subdir', 'DAGS_FOLDER/setup_infrastructure_dag.py', '--cfg-path', '/tmp/tmpcem3ohai']
[2026-07-01T03:48:40.550+0000] {standard_task_runner.py:88} INFO - Job 11: Subtask deploy_schemas_and_tables
[2026-07-01T03:48:40.780+0000] {task_command.py:423} INFO - Running <TaskInstance: setup_lakehouse_infrastructure.deploy_schemas_and_tables manual__2026-07-01T03:48:37.518832+00:00 [running]> on host 73947e4091dc
[2026-07-01T03:48:40.866+0000] {taskinstance.py:2510} INFO - Exporting env vars: AIRFLOW_CTX_DAG_OWNER='airflow' AIRFLOW_CTX_DAG_ID='setup_lakehouse_infrastructure' AIRFLOW_CTX_TASK_ID='deploy_schemas_and_tables' AIRFLOW_CTX_EXECUTION_DATE='2026-07-01T03:48:37.518832+00:00' AIRFLOW_CTX_TRY_NUMBER='1' AIRFLOW_CTX_DAG_RUN_ID='manual__2026-07-01T03:48:37.518832+00:00'
[2026-07-01T03:48:40.875+0000] {taskinstance.py:2728} ERROR - Task failed with exception
Traceback (most recent call last):
  File "/home/airflow/.local/lib/python3.8/site-packages/airflow/models/taskinstance.py", line 444, in _execute_task
    result = _execute_callable(context=context, **execute_callable_kwargs)
  File "/home/airflow/.local/lib/python3.8/site-packages/airflow/models/taskinstance.py", line 414, in _execute_callable
    return execute_callable(context=context, **execute_callable_kwargs)
  File "/home/airflow/.local/lib/python3.8/site-packages/airflow/decorators/base.py", line 241, in execute
    return_value = super().execute(context)
  File "/home/airflow/.local/lib/python3.8/site-packages/airflow/operators/python.py", line 200, in execute
    return_value = self.execute_callable()
  File "/home/airflow/.local/lib/python3.8/site-packages/airflow/operators/python.py", line 217, in execute_callable
    return self.python_callable(*self.op_args, **self.op_kwargs)
  File "/opt/airflow/dags/setup_infrastructure_dag.py", line 64, in deploy_schemas_and_tables
    trino_hook = TrinoHook(trino_conn_id=TRINO_CONN_ID)
NameError: name 'TRINO_CONN_ID' is not defined
[2026-07-01T03:48:40.893+0000] {taskinstance.py:1149} INFO - Marking task as FAILED. dag_id=setup_lakehouse_infrastructure, task_id=deploy_schemas_and_tables, execution_date=20260701T034837, start_date=20260701T034840, end_date=20260701T034840
[2026-07-01T03:48:40.907+0000] {standard_task_runner.py:107} ERROR - Failed to execute job 11 for task deploy_schemas_and_tables (name 'TRINO_CONN_ID' is not defined; 802)
[2026-07-01T03:48:40.923+0000] {local_task_job_runner.py:234} INFO - Task exited with return code 1
[2026-07-01T03:48:41.108+0000] {taskinstance.py:3309} INFO - 0 downstream tasks scheduled from follow-on schedule check
