[2026-07-01T00:34:01.914+0000] {taskinstance.py:1979} INFO - Dependencies all met for dep_context=non-requeueable deps ti=<TaskInstance: dbt_silver_transform.dim_locations.run scheduled__2026-06-30T00:00:00+00:00 [queued]>
[2026-07-01T00:34:01.926+0000] {taskinstance.py:1979} INFO - Dependencies all met for dep_context=requeueable deps ti=<TaskInstance: dbt_silver_transform.dim_locations.run scheduled__2026-06-30T00:00:00+00:00 [queued]>
[2026-07-01T00:34:01.927+0000] {taskinstance.py:2193} INFO - Starting attempt 1 of 1
[2026-07-01T00:34:01.956+0000] {taskinstance.py:2214} INFO - Executing <Task(DbtRunLocalOperator): dim_locations.run> on 2026-06-30 00:00:00+00:00
[2026-07-01T00:34:01.963+0000] {standard_task_runner.py:60} INFO - Started process 693 to run task
[2026-07-01T00:34:01.968+0000] {standard_task_runner.py:87} INFO - Running: ['airflow', 'tasks', 'run', 'dbt_silver_transform', 'dim_locations.run', 'scheduled__2026-06-30T00:00:00+00:00', '--job-id', '23', '--raw', '--subdir', 'DAGS_FOLDER/dbt_silver_dag.py', '--cfg-path', '/tmp/tmpto15wkrd']
[2026-07-01T00:34:01.972+0000] {standard_task_runner.py:88} INFO - Job 23: Subtask dim_locations.run
[2026-07-01T00:34:02.084+0000] {task_command.py:423} INFO - Running <TaskInstance: dbt_silver_transform.dim_locations.run scheduled__2026-06-30T00:00:00+00:00 [running]> on host d9a47ef9fc12
[2026-07-01T00:34:02.734+0000] {taskinstance.py:2510} INFO - Exporting env vars: AIRFLOW_CTX_DAG_OWNER='airflow' AIRFLOW_CTX_DAG_ID='dbt_silver_transform' AIRFLOW_CTX_TASK_ID='dim_locations.run' AIRFLOW_CTX_EXECUTION_DATE='2026-06-30T00:00:00+00:00' AIRFLOW_CTX_TRY_NUMBER='1' AIRFLOW_CTX_DAG_RUN_ID='scheduled__2026-06-30T00:00:00+00:00'
[2026-07-01T00:34:04.169+0000] {local.py:244} INFO - dbtRunner is available. Using dbtRunner for invoking dbt.
[2026-07-01T00:34:04.170+0000] {local.py:464} INFO - Cloning project to writable temp directory /tmp/tmphrpm5ogg from /opt/airflow/dbt_transform
[2026-07-01T00:34:04.187+0000] {local.py:484} INFO - Partial parse is enabled and the latest partial parse file is /tmp/cosmos/dbt_silver_transform/target/partial_parse.msgpack
[2026-07-01T00:34:04.241+0000] {config.py:360} INFO - Using user-supplied profiles.yml at /opt/airflow/dbt_transform/profiles.yml
[2026-07-01T00:34:04.254+0000] {runner.py:60} INFO - Trying to run dbtRunner with:
 ['deps', '--project-dir', '/tmp/tmphrpm5ogg', '--profiles-dir', '/opt/airflow/dbt_transform', '--profile', 'lakehouse_dbt', '--target', 'dev', '--no-static-parser']
 in /tmp/tmphrpm5ogg
[2026-07-01T00:34:04.354+0000] {logging_mixin.py:188} INFO - 00:34:04  Running with dbt=1.8.7
[2026-07-01T00:34:04.514+0000] {graph.py:611} INFO - Trying to parse the dbt project using dbt ls cache cosmos_cache__dbt_silver_transform...
[2026-07-01T00:34:06.380+0000] {cache.py:320} INFO - Cosmos performance: time to calculate cache identifier cosmos_cache__dbt_silver_transform for current version: 1.852556828000047
[2026-07-01T00:34:06.381+0000] {graph.py:628} INFO - Cosmos performance [d9a47ef9fc12|693]: The cache size for cosmos_cache__dbt_silver_transform is 28858
[2026-07-01T00:34:06.383+0000] {graph.py:636} INFO - Cosmos performance: Cache hit for cosmos_cache__dbt_silver_transform - 49ccca7a68abd93bef1222a126ec7d4b,d41d8cd98f00b204e9800998ecf8427e
[2026-07-01T00:34:06.384+0000] {graph.py:561} INFO - Total nodes: 34
[2026-07-01T00:34:06.384+0000] {graph.py:562} INFO - Total filtered nodes: 34
[2026-07-01T00:34:06.385+0000] {converter.py:291} INFO - Cosmos performance (dbt_silver_transform) -  [d9a47ef9fc12|693]: It took 1.87s to parse the dbt project for DAG using LoadMode.DBT_LS_CACHE
[2026-07-01T00:34:06.430+0000] {converter.py:336} INFO - Cosmos performance (dbt_silver_transform) - [d9a47ef9fc12|693]: It took 0.0452s to build the Airflow DAG.
[2026-07-01T00:34:07.069+0000] {logging_mixin.py:188} INFO - 00:34:07  Installing dbt-labs/dbt_utils
[2026-07-01T00:34:07.621+0000] {logging_mixin.py:188} INFO - 00:34:07  Installed from version 1.3.0
[2026-07-01T00:34:07.622+0000] {logging_mixin.py:188} INFO - 00:34:07  Updated version available: 1.4.1
[2026-07-01T00:34:07.624+0000] {logging_mixin.py:188} INFO - 00:34:07  Installing metaplane/dbt_expectations
[2026-07-01T00:34:09.493+0000] {logging_mixin.py:188} INFO - 00:34:09  Installed from version 0.10.8
[2026-07-01T00:34:09.494+0000] {logging_mixin.py:188} INFO - 00:34:09  Updated version available: 0.10.10
[2026-07-01T00:34:09.495+0000] {logging_mixin.py:188} INFO - 00:34:09  Installing godatadriven/dbt_date
[2026-07-01T00:34:10.010+0000] {logging_mixin.py:188} INFO - 00:34:10  Installed from version 0.15.0
[2026-07-01T00:34:10.011+0000] {logging_mixin.py:188} INFO - 00:34:10  Up to date!
[2026-07-01T00:34:10.012+0000] {logging_mixin.py:188} INFO - 00:34:10
[2026-07-01T00:34:10.013+0000] {logging_mixin.py:188} INFO - 00:34:10  Updates available for packages: ['dbt-labs/dbt_utils', 'metaplane/dbt_expectations']                 
Update your versions in packages.yml, then run dbt deps
[2026-07-01T00:34:11.495+0000] {runner.py:60} INFO - Trying to run dbtRunner with:
 ['run', '--models', 'dim_locations', '--project-dir', '/tmp/tmphrpm5ogg', '--profiles-dir', '/opt/airflow/dbt_transform', '--profile', 'lakehouse_dbt', '--target', 'dev', '--no-static-parser']
 in /tmp/tmphrpm5ogg
[2026-07-01T00:34:11.530+0000] {logging_mixin.py:188} INFO - 00:34:11  Running with dbt=1.8.7
[2026-07-01T00:34:11.586+0000] {auth.py:343} INFO - keyring module not found. OAuth2 token will not be stored in keyring.
[2026-07-01T00:34:11.592+0000] {auth.py:343} INFO - keyring module not found. OAuth2 token will not be stored in keyring.
[2026-07-01T00:34:11.836+0000] {logging_mixin.py:188} INFO - 00:34:11  Registered adapter: trino=1.8.5
[2026-07-01T00:34:13.834+0000] {logging_mixin.py:188} INFO - 00:34:13  Found 7 models, 26 data tests, 1 source, 838 macros
[2026-07-01T00:34:13.839+0000] {logging_mixin.py:188} INFO - 00:34:13
[2026-07-01T00:34:13.972+0000] {logging_mixin.py:188} INFO - 00:34:13  [WARNING]: SSL certificate validation is disabled by default. It is legacy behavior which will be changed in future releases. It is strongly advised to enable `require_certificate_validation` flag or explicitly set `cert` configuration to `True` for security reasons. You may receive an error after that if your SSL setup is incorrect.
You may opt into the new behavior sooner by setting `flags.require_certificate_validation` to `True` in `dbt_project.yml`.
Visit https://docs.getdbt.com/reference/global-configs/behavior-changes for more information.
[2026-07-01T00:34:14.435+0000] {logging_mixin.py:188} INFO - 00:34:14  Concurrency: 4 threads (target='dev')
[2026-07-01T00:34:14.436+0000] {logging_mixin.py:188} INFO - 00:34:14
[2026-07-01T00:34:14.442+0000] {logging_mixin.py:188} INFO - 00:34:14  1 of 1 START sql table model gold.dim_locations ................................ [RUN]
[2026-07-01T00:34:15.266+0000] {logging_mixin.py:188} INFO - 00:34:15  1 of 1 OK created sql table model gold.dim_locations ........................... [CREATE TABLE (4_588 rows) in 0.82s]
[2026-07-01T00:34:15.272+0000] {logging_mixin.py:188} INFO - 00:34:15
[2026-07-01T00:34:15.273+0000] {logging_mixin.py:188} INFO - 00:34:15  Finished running 1 table model in 0 hours 0 minutes and 1.43 seconds (1.43s).
[2026-07-01T00:34:15.314+0000] {logging_mixin.py:188} INFO - 00:34:15
[2026-07-01T00:34:15.315+0000] {logging_mixin.py:188} INFO - 00:34:15  Completed successfully
[2026-07-01T00:34:15.316+0000] {logging_mixin.py:188} INFO - 00:34:15
[2026-07-01T00:34:15.318+0000] {logging_mixin.py:188} INFO - 00:34:15  Done. PASS=1 WARN=0 ERROR=0 SKIP=0 TOTAL=1
[2026-07-01T00:34:16.344+0000] {local.py:138} WARNING - Artifact schema version: https://schemas.getdbt.com/dbt/manifest/v12.json is above dbt-ol supported version 7. This might cause errors.
[2026-07-01T00:34:16.345+0000] {local.py:138} WARNING - Artifact schema version: https://schemas.getdbt.com/dbt/run-results/v6.json is above dbt-ol supported version 5. This might cause errors.
[2026-07-01T00:34:16.351+0000] {local.py:538} INFO - Inlets: []
[2026-07-01T00:34:16.351+0000] {local.py:539} INFO - Outlets: []
[2026-07-01T00:34:16.352+0000] {local.py:761} INFO - Assigning inlets/outlets without DatasetAlias
[2026-07-01T00:34:16.352+0000] {dag.py:3047} INFO - Sync 1 DAGs
[2026-07-01T00:34:16.385+0000] {dag.py:3834} INFO - Setting next_dagrun for dbt_silver_transform to 2026-07-01 00:00:00+00:00, run_after=2026-07-02 00:00:00+00:00
[2026-07-01T00:34:16.441+0000] {taskinstance.py:1149} INFO - Marking task as SUCCESS. dag_id=dbt_silver_transform, task_id=dim_locations.run, execution_date=20260630T000000, start_date=20260701T003401, end_date=20260701T003416
[2026-07-01T00:34:16.484+0000] {local_task_job_runner.py:234} INFO - Task exited with return code 0
[2026-07-01T00:34:16.511+0000] {taskinstance.py:3309} INFO - 1 downstream tasks scheduled from follow-on schedule check
[2026-07-01T03:08:24.353+0000] {taskinstance.py:1979} INFO - Dependencies all met for dep_context=non-requeueable deps ti=<TaskInstance: dbt_silver_transform.dim_locations.run scheduled__2026-06-30T00:00:00+00:00 [queued]>
[2026-07-01T03:08:24.366+0000] {taskinstance.py:1979} INFO - Dependencies all met for dep_context=requeueable deps ti=<TaskInstance: dbt_silver_transform.dim_locations.run scheduled__2026-06-30T00:00:00+00:00 [queued]>
[2026-07-01T03:08:24.367+0000] {taskinstance.py:2193} INFO - Starting attempt 1 of 1
[2026-07-01T03:08:24.391+0000] {taskinstance.py:2214} INFO - Executing <Task(DbtRunLocalOperator): dim_locations.run> on 2026-06-30 00:00:00+00:00
[2026-07-01T03:08:24.399+0000] {standard_task_runner.py:60} INFO - Started process 1098 to run task
[2026-07-01T03:08:24.403+0000] {standard_task_runner.py:87} INFO - Running: ['airflow', 'tasks', 'run', 'dbt_silver_transform', 'dim_locations.run', 'scheduled__2026-06-30T00:00:00+00:00', '--job-id', '29', '--raw', '--subdir', 'DAGS_FOLDER/dbt_silver_dag.py', '--cfg-path', '/tmp/tmpsjfdgzr5']
[2026-07-01T03:08:24.408+0000] {standard_task_runner.py:88} INFO - Job 29: Subtask dim_locations.run
[2026-07-01T03:08:24.527+0000] {task_command.py:423} INFO - Running <TaskInstance: dbt_silver_transform.dim_locations.run scheduled__2026-06-30T00:00:00+00:00 [running]> on host d0f85a50725b
[2026-07-01T03:08:25.188+0000] {taskinstance.py:2510} INFO - Exporting env vars: AIRFLOW_CTX_DAG_OWNER='airflow' AIRFLOW_CTX_DAG_ID='dbt_silver_transform' AIRFLOW_CTX_TASK_ID='dim_locations.run' AIRFLOW_CTX_EXECUTION_DATE='2026-06-30T00:00:00+00:00' AIRFLOW_CTX_TRY_NUMBER='1' AIRFLOW_CTX_DAG_RUN_ID='scheduled__2026-06-30T00:00:00+00:00'
[2026-07-01T03:08:26.600+0000] {local.py:244} INFO - dbtRunner is available. Using dbtRunner for invoking dbt.
[2026-07-01T03:08:26.602+0000] {local.py:464} INFO - Cloning project to writable temp directory /tmp/tmp0jwihtdp from /opt/airflow/dbt_transform
[2026-07-01T03:08:26.614+0000] {local.py:484} INFO - Partial parse is enabled and the latest partial parse file is /tmp/cosmos/dbt_silver_transform/target/partial_parse.msgpack
[2026-07-01T03:08:26.663+0000] {config.py:360} INFO - Using user-supplied profiles.yml at /opt/airflow/dbt_transform/profiles.yml
[2026-07-01T03:08:26.675+0000] {runner.py:60} INFO - Trying to run dbtRunner with:
 ['deps', '--project-dir', '/tmp/tmp0jwihtdp', '--profiles-dir', '/opt/airflow/dbt_transform', '--profile', 'lakehouse_dbt', '--target', 'dev', '--no-static-parser']
 in /tmp/tmp0jwihtdp
[2026-07-01T03:08:26.781+0000] {logging_mixin.py:188} INFO - 03:08:26  Running with dbt=1.8.7
[2026-07-01T03:08:26.973+0000] {graph.py:611} INFO - Trying to parse the dbt project using dbt ls cache cosmos_cache__dbt_silver_transform...
[2026-07-01T03:08:28.880+0000] {cache.py:320} INFO - Cosmos performance: time to calculate cache identifier cosmos_cache__dbt_silver_transform for current version: 1.876804934001484
[2026-07-01T03:08:28.880+0000] {graph.py:628} INFO - Cosmos performance [d0f85a50725b|1098]: The cache size for cosmos_cache__dbt_silver_transform is 28858
[2026-07-01T03:08:28.882+0000] {graph.py:636} INFO - Cosmos performance: Cache hit for cosmos_cache__dbt_silver_transform - 2f9e5d9673ea80ac326b267b22fd4057,d41d8cd98f00b204e9800998ecf8427e
[2026-07-01T03:08:28.883+0000] {graph.py:561} INFO - Total nodes: 34
[2026-07-01T03:08:28.883+0000] {graph.py:562} INFO - Total filtered nodes: 34
[2026-07-01T03:08:28.884+0000] {converter.py:291} INFO - Cosmos performance (dbt_silver_transform) -  [d0f85a50725b|1098]: It took 1.91s to parse the dbt project for DAG using LoadMode.DBT_LS_CACHE
[2026-07-01T03:08:28.922+0000] {converter.py:336} INFO - Cosmos performance (dbt_silver_transform) - [d0f85a50725b|1098]: It took 0.0388s to build the Airflow DAG.
[2026-07-01T03:08:29.552+0000] {logging_mixin.py:188} INFO - 03:08:29  Installing dbt-labs/dbt_utils
[2026-07-01T03:08:30.152+0000] {logging_mixin.py:188} INFO - 03:08:30  Installed from version 1.3.0
[2026-07-01T03:08:30.154+0000] {logging_mixin.py:188} INFO - 03:08:30  Updated version available: 1.4.1
[2026-07-01T03:08:30.156+0000] {logging_mixin.py:188} INFO - 03:08:30  Installing metaplane/dbt_expectations
[2026-07-01T03:08:31.477+0000] {logging_mixin.py:188} INFO - 03:08:31  Installed from version 0.10.8
[2026-07-01T03:08:31.478+0000] {logging_mixin.py:188} INFO - 03:08:31  Updated version available: 0.10.10
[2026-07-01T03:08:31.480+0000] {logging_mixin.py:188} INFO - 03:08:31  Installing godatadriven/dbt_date
[2026-07-01T03:08:32.005+0000] {logging_mixin.py:188} INFO - 03:08:32  Installed from version 0.15.0
[2026-07-01T03:08:32.006+0000] {logging_mixin.py:188} INFO - 03:08:32  Up to date!
[2026-07-01T03:08:32.007+0000] {logging_mixin.py:188} INFO - 03:08:32
[2026-07-01T03:08:32.008+0000] {logging_mixin.py:188} INFO - 03:08:32  Updates available for packages: ['dbt-labs/dbt_utils', 'metaplane/dbt_expectations']                 
Update your versions in packages.yml, then run dbt deps
[2026-07-01T03:08:33.010+0000] {runner.py:60} INFO - Trying to run dbtRunner with:
 ['run', '--models', 'dim_locations', '--project-dir', '/tmp/tmp0jwihtdp', '--profiles-dir', '/opt/airflow/dbt_transform', '--profile', 'lakehouse_dbt', '--target', 'dev', '--no-static-parser']
 in /tmp/tmp0jwihtdp
[2026-07-01T03:08:33.069+0000] {logging_mixin.py:188} INFO - 03:08:33  Running with dbt=1.8.7
[2026-07-01T03:08:33.129+0000] {auth.py:343} INFO - keyring module not found. OAuth2 token will not be stored in keyring.
[2026-07-01T03:08:33.133+0000] {auth.py:343} INFO - keyring module not found. OAuth2 token will not be stored in keyring.
[2026-07-01T03:08:33.304+0000] {logging_mixin.py:188} INFO - 03:08:33  Registered adapter: trino=1.8.5
[2026-07-01T03:08:34.770+0000] {logging_mixin.py:188} INFO - 03:08:34  Found 7 models, 26 data tests, 1 source, 838 macros
[2026-07-01T03:08:34.774+0000] {logging_mixin.py:188} INFO - 03:08:34
[2026-07-01T03:08:34.826+0000] {logging_mixin.py:188} INFO - 03:08:34  [WARNING]: SSL certificate validation is disabled by default. It is legacy behavior which will be changed in future releases. It is strongly advised to enable `require_certificate_validation` flag or explicitly set `cert` configuration to `True` for security reasons. You may receive an error after that if your SSL setup is incorrect.
You may opt into the new behavior sooner by setting `flags.require_certificate_validation` to `True` in `dbt_project.yml`.
Visit https://docs.getdbt.com/reference/global-configs/behavior-changes for more information.
[2026-07-01T03:08:35.689+0000] {logging_mixin.py:188} INFO - 03:08:35  Concurrency: 4 threads (target='dev')
[2026-07-01T03:08:35.691+0000] {logging_mixin.py:188} INFO - 03:08:35
[2026-07-01T03:08:35.701+0000] {logging_mixin.py:188} INFO - 03:08:35  1 of 1 START sql table model gold.dim_locations ................................ [RUN]
[2026-07-01T03:08:38.130+0000] {logging_mixin.py:188} INFO - 03:08:38  1 of 1 OK created sql table model gold.dim_locations ........................... [CREATE TABLE (10_504 rows) in 2.42s]
[2026-07-01T03:08:38.138+0000] {logging_mixin.py:188} INFO - 03:08:38
[2026-07-01T03:08:38.140+0000] {logging_mixin.py:188} INFO - 03:08:38  Finished running 1 table model in 0 hours 0 minutes and 3.36 seconds (3.36s).
[2026-07-01T03:08:38.249+0000] {logging_mixin.py:188} INFO - 03:08:38
[2026-07-01T03:08:38.252+0000] {logging_mixin.py:188} INFO - 03:08:38  Completed successfully
[2026-07-01T03:08:38.254+0000] {logging_mixin.py:188} INFO - 03:08:38
[2026-07-01T03:08:38.256+0000] {logging_mixin.py:188} INFO - 03:08:38  Done. PASS=1 WARN=0 ERROR=0 SKIP=0 TOTAL=1
[2026-07-01T03:08:39.344+0000] {local.py:138} WARNING - Artifact schema version: https://schemas.getdbt.com/dbt/manifest/v12.json is above dbt-ol supported version 7. This might cause errors.
[2026-07-01T03:08:39.346+0000] {local.py:138} WARNING - Artifact schema version: https://schemas.getdbt.com/dbt/run-results/v6.json is above dbt-ol supported version 5. This might cause errors.
[2026-07-01T03:08:39.371+0000] {local.py:538} INFO - Inlets: []
[2026-07-01T03:08:39.376+0000] {local.py:539} INFO - Outlets: []
[2026-07-01T03:08:39.379+0000] {local.py:761} INFO - Assigning inlets/outlets without DatasetAlias
[2026-07-01T03:08:39.382+0000] {dag.py:3047} INFO - Sync 1 DAGs
[2026-07-01T03:08:39.439+0000] {dag.py:3834} INFO - Setting next_dagrun for dbt_silver_transform to 2026-07-01 00:00:00+00:00, run_after=2026-07-02 00:00:00+00:00
[2026-07-01T03:08:39.595+0000] {taskinstance.py:1149} INFO - Marking task as SUCCESS. dag_id=dbt_silver_transform, task_id=dim_locations.run, execution_date=20260630T000000, start_date=20260701T030824, end_date=20260701T030839
[2026-07-01T03:08:39.669+0000] {local_task_job_runner.py:234} INFO - Task exited with return code 0
[2026-07-01T03:08:39.742+0000] {taskinstance.py:3309} INFO - 1 downstream tasks scheduled from follow-on schedule check
