[2026-07-22T04:20:22.116+0000] {local_task_job_runner.py:123} INFO - ::group::Pre task execution logs
[2026-07-22T04:20:22.142+0000] {taskinstance.py:2612} INFO - Dependencies all met for dep_context=non-requeueable deps ti=<TaskInstance: dbt_silver_gold_incremental.transform_gold.dim_dates.run manual__2026-07-22T04:18:58.712602+00:00 [queued]>
[2026-07-22T04:20:22.158+0000] {taskinstance.py:2612} INFO - Dependencies all met for dep_context=requeueable deps ti=<TaskInstance: dbt_silver_gold_incremental.transform_gold.dim_dates.run manual__2026-07-22T04:18:58.712602+00:00 [queued]>
[2026-07-22T04:20:22.161+0000] {taskinstance.py:2865} INFO - Starting attempt 1 of 2
[2026-07-22T04:20:22.178+0000] {taskinstance.py:2888} INFO - Executing <Task(DbtRunLocalOperator): transform_gold.dim_dates.run> on 2026-07-22 04:18:58.712602+00:00
[2026-07-22T04:20:22.186+0000] {standard_task_runner.py:72} INFO - Started process 2018 to run task
[2026-07-22T04:20:22.192+0000] {standard_task_runner.py:104} INFO - Running: ['airflow', 'tasks', 'run', 'dbt_silver_gold_incremental', 'transform_gold.dim_dates.run', 'manual__2026-07-22T04:18:58.712602+00:00', '--job-id', '17', '--raw', '--subdir', 'DAGS_FOLDER/dbt_silver_gold.py', '--cfg-path', '/tmp/tmp0gp5i77w']
[2026-07-22T04:20:22.201+0000] {standard_task_runner.py:105} INFO - Job 17: Subtask transform_gold.dim_dates.run
[2026-07-22T04:20:22.316+0000] {task_command.py:467} INFO - Running <TaskInstance: dbt_silver_gold_incremental.transform_gold.dim_dates.run manual__2026-07-22T04:18:58.712602+00:00 [running]> on host 46567f661dca
[2026-07-22T04:20:22.445+0000] {taskinstance.py:3131} INFO - Exporting env vars: AIRFLOW_CTX_DAG_OWNER='data_engineer' AIRFLOW_CTX_DAG_ID='dbt_silver_gold_incremental' AIRFLOW_CTX_TASK_ID='transform_gold.dim_dates.run' AIRFLOW_CTX_EXECUTION_DATE='2026-07-22T04:18:58.712602+00:00' AIRFLOW_CTX_TRY_NUMBER='1' AIRFLOW_CTX_DAG_RUN_ID='manual__2026-07-22T04:18:58.712602+00:00'
[2026-07-22T04:20:22.448+0000] {taskinstance.py:731} INFO - ::endgroup::
[2026-07-22T04:20:24.154+0000] {local.py:294} INFO - dbtRunner is available. Using dbtRunner for invoking dbt.
[2026-07-22T04:20:24.156+0000] {local.py:518} INFO - Cloning project to writable temp directory /tmp/tmppzxqstt5 from /opt/airflow/dbt_transform
[2026-07-22T04:20:24.172+0000] {local.py:538} INFO - Partial parse is enabled and the latest partial parse file is /tmp/cosmos/dbt_silver_gold_incremental__transform_gold/target/partial_parse.msgpack
[2026-07-22T04:20:24.197+0000] {config.py:395} INFO - Using user-supplied profiles.yml at /opt/airflow/dbt_transform/profiles.yml
[2026-07-22T04:20:24.212+0000] {runner.py:95} INFO - Trying to run dbtRunner with:
 ['deps', '--project-dir', '/tmp/tmppzxqstt5', '--profiles-dir', '/opt/airflow/dbt_transform', '--profile', 'lakehouse_dbt', '--target', 'dev', '--no-static-parser']
 in /tmp/tmppzxqstt5
[2026-07-22T04:20:24.308+0000] {logging_mixin.py:190} INFO - 04:20:24  Running with dbt=1.8.8
[2026-07-22T04:20:24.461+0000] {converter.py:314} INFO - ::group::Cosmos DAG parsing logs
[2026-07-22T04:20:24.466+0000] {graph.py:869} INFO - Trying to parse the dbt project using dbt ls cache cosmos_cache__dbt_silver_gold_incremental__transform_silver...
[2026-07-22T04:20:28.490+0000] {cache.py:383} INFO - Cosmos performance: time to calculate cache identifier cosmos_cache__dbt_silver_gold_incremental__transform_silver for current version: 4.012288060999708
[2026-07-22T04:20:28.492+0000] {graph.py:886} INFO - Cosmos performance [46567f661dca|2018]: The cache size for cosmos_cache__dbt_silver_gold_incremental__transform_silver is 6043
[2026-07-22T04:20:28.494+0000] {graph.py:898} INFO - Cosmos performance: Cache hit for cosmos_cache__dbt_silver_gold_incremental__transform_silver - c63b3a06e444715bb84e33ac1427edac,5e34606eb5f2b3dea81a8e19fa3ba138
[2026-07-22T04:20:28.496+0000] {graph.py:799} INFO - Total nodes: 7
[2026-07-22T04:20:28.499+0000] {graph.py:800} INFO - Total filtered nodes: 7
[2026-07-22T04:20:28.501+0000] {converter.py:361} INFO - Cosmos performance (dbt_silver_gold_incremental__transform_silver) - [46567f661dca|2018]: It took 4.03s to parse the dbt project for DAG using dbt_ls_cache
[2026-07-22T04:20:28.519+0000] {converter.py:413} INFO - Cosmos performance (dbt_silver_gold_incremental__transform_silver) - [46567f661dca|2018]: It took 0.0178s to build the Airflow DAG.
[2026-07-22T04:20:28.520+0000] {converter.py:420} INFO - ::endgroup::Cosmos DAG parsing logs
[2026-07-22T04:20:28.523+0000] {converter.py:314} INFO - ::group::Cosmos DAG parsing logs
[2026-07-22T04:20:28.528+0000] {graph.py:869} INFO - Trying to parse the dbt project using dbt ls cache cosmos_cache__dbt_silver_gold_incremental__transform_gold...
[2026-07-22T04:20:31.790+0000] {cache.py:383} INFO - Cosmos performance: time to calculate cache identifier cosmos_cache__dbt_silver_gold_incremental__transform_gold for current version: 3.250596748001044
[2026-07-22T04:20:31.792+0000] {graph.py:886} INFO - Cosmos performance [46567f661dca|2018]: The cache size for cosmos_cache__dbt_silver_gold_incremental__transform_gold is 35912
[2026-07-22T04:20:31.805+0000] {graph.py:898} INFO - Cosmos performance: Cache hit for cosmos_cache__dbt_silver_gold_incremental__transform_gold - c63b3a06e444715bb84e33ac1427edac,304321e940a9403dceb380589bd0566f
[2026-07-22T04:20:31.808+0000] {graph.py:799} INFO - Total nodes: 39
[2026-07-22T04:20:31.810+0000] {graph.py:800} INFO - Total filtered nodes: 39
[2026-07-22T04:20:31.812+0000] {converter.py:361} INFO - Cosmos performance (dbt_silver_gold_incremental__transform_gold) - [46567f661dca|2018]: It took 3.28s to parse the dbt project for DAG using dbt_ls_cache
[2026-07-22T04:20:31.866+0000] {converter.py:413} INFO - Cosmos performance (dbt_silver_gold_incremental__transform_gold) - [46567f661dca|2018]: It took 0.0545s to build the Airflow DAG.
[2026-07-22T04:20:31.868+0000] {converter.py:420} INFO - ::endgroup::Cosmos DAG parsing logs
[2026-07-22T04:20:31.871+0000] {converter.py:314} INFO - ::group::Cosmos DAG parsing logs
[2026-07-22T04:20:31.875+0000] {graph.py:869} INFO - Trying to parse the dbt project using dbt ls cache cosmos_cache__dbt_silver_gold_full_load__transform_silver...
[2026-07-22T04:20:34.212+0000] {cache.py:383} INFO - Cosmos performance: time to calculate cache identifier cosmos_cache__dbt_silver_gold_full_load__transform_silver for current version: 2.3231345690001035
[2026-07-22T04:20:34.213+0000] {graph.py:886} INFO - Cosmos performance [46567f661dca|2018]: The cache size for cosmos_cache__dbt_silver_gold_full_load__transform_silver is 6043
[2026-07-22T04:20:34.216+0000] {graph.py:898} INFO - Cosmos performance: Cache hit for cosmos_cache__dbt_silver_gold_full_load__transform_silver - c63b3a06e444715bb84e33ac1427edac,5e34606eb5f2b3dea81a8e19fa3ba138
[2026-07-22T04:20:34.218+0000] {graph.py:799} INFO - Total nodes: 7
[2026-07-22T04:20:34.221+0000] {graph.py:800} INFO - Total filtered nodes: 7
[2026-07-22T04:20:34.222+0000] {converter.py:361} INFO - Cosmos performance (dbt_silver_gold_full_load__transform_silver) - [46567f661dca|2018]: It took 2.35s to parse the dbt project for DAG using dbt_ls_cache
[2026-07-22T04:20:34.239+0000] {converter.py:413} INFO - Cosmos performance (dbt_silver_gold_full_load__transform_silver) - [46567f661dca|2018]: It took 0.0164s to build the Airflow DAG.
[2026-07-22T04:20:34.241+0000] {converter.py:420} INFO - ::endgroup::Cosmos DAG parsing logs
[2026-07-22T04:20:34.242+0000] {converter.py:314} INFO - ::group::Cosmos DAG parsing logs
[2026-07-22T04:20:34.247+0000] {graph.py:869} INFO - Trying to parse the dbt project using dbt ls cache cosmos_cache__dbt_silver_gold_full_load__transform_gold...
[2026-07-22T04:20:36.465+0000] {cache.py:383} INFO - Cosmos performance: time to calculate cache identifier cosmos_cache__dbt_silver_gold_full_load__transform_gold for current version: 2.196799514000304
[2026-07-22T04:20:36.467+0000] {graph.py:886} INFO - Cosmos performance [46567f661dca|2018]: The cache size for cosmos_cache__dbt_silver_gold_full_load__transform_gold is 35912
[2026-07-22T04:20:36.469+0000] {graph.py:898} INFO - Cosmos performance: Cache hit for cosmos_cache__dbt_silver_gold_full_load__transform_gold - c63b3a06e444715bb84e33ac1427edac,304321e940a9403dceb380589bd0566f
[2026-07-22T04:20:36.471+0000] {graph.py:799} INFO - Total nodes: 39
[2026-07-22T04:20:36.472+0000] {graph.py:800} INFO - Total filtered nodes: 39
[2026-07-22T04:20:36.473+0000] {converter.py:361} INFO - Cosmos performance (dbt_silver_gold_full_load__transform_gold) - [46567f661dca|2018]: It took 2.23s to parse the dbt project for DAG using dbt_ls_cache
[2026-07-22T04:20:36.513+0000] {converter.py:413} INFO - Cosmos performance (dbt_silver_gold_full_load__transform_gold) - [46567f661dca|2018]: It took 0.0396s to build the Airflow DAG.
[2026-07-22T04:20:36.515+0000] {converter.py:420} INFO - ::endgroup::Cosmos DAG parsing logs
[2026-07-22T04:20:36.923+0000] {logging_mixin.py:190} INFO - 04:20:36  Installing dbt-labs/dbt_utils
[2026-07-22T04:20:37.535+0000] {logging_mixin.py:190} INFO - 04:20:37  Installed from version 1.3.0
[2026-07-22T04:20:37.537+0000] {logging_mixin.py:190} INFO - 04:20:37  Updated version available: 1.4.1
[2026-07-22T04:20:37.539+0000] {logging_mixin.py:190} INFO - 04:20:37  Installing metaplane/dbt_expectations
[2026-07-22T04:20:38.622+0000] {logging_mixin.py:190} INFO - 04:20:38  Installed from version 0.10.8
[2026-07-22T04:20:38.625+0000] {logging_mixin.py:190} INFO - 04:20:38  Updated version available: 0.10.10
[2026-07-22T04:20:38.627+0000] {logging_mixin.py:190} INFO - 04:20:38  Installing godatadriven/dbt_date
[2026-07-22T04:20:39.163+0000] {logging_mixin.py:190} INFO - 04:20:39  Installed from version 0.15.0
[2026-07-22T04:20:39.166+0000] {logging_mixin.py:190} INFO - 04:20:39  Up to date!
[2026-07-22T04:20:39.169+0000] {logging_mixin.py:190} INFO - 04:20:39
[2026-07-22T04:20:39.171+0000] {logging_mixin.py:190} INFO - 04:20:39  Updates available for packages: ['dbt-labs/dbt_utils', 'metaplane/dbt_expectations']                 
Update your versions in packages.yml, then run dbt deps
[2026-07-22T04:20:40.346+0000] {runner.py:95} INFO - Trying to run dbtRunner with:
 ['run', '--select', 'fqn:consumer_complaints_transformation.marts.dim_dates', '--project-dir', '/tmp/tmppzxqstt5', '--profiles-dir', '/opt/airflow/dbt_transform', '--profile', 'lakehouse_dbt', '--target', 'dev', '--no-static-parser']
 in /tmp/tmppzxqstt5
[2026-07-22T04:20:40.374+0000] {logging_mixin.py:190} INFO - 04:20:40  Running with dbt=1.8.8
[2026-07-22T04:20:40.417+0000] {auth.py:343} INFO - keyring module not found. OAuth2 token will not be stored in keyring.
[2026-07-22T04:20:40.427+0000] {auth.py:343} INFO - keyring module not found. OAuth2 token will not be stored in keyring.
[2026-07-22T04:20:40.633+0000] {logging_mixin.py:190} INFO - 04:20:40  Registered adapter: trino=1.8.5
[2026-07-22T04:20:41.251+0000] {logging_mixin.py:190} INFO - 04:20:41  Unable to do partial parsing because config vars, config profile, or config target have changed
[2026-07-22T04:20:44.394+0000] {logging_mixin.py:190} INFO - 04:20:44  [WARNING]: Deprecated functionality
The `tests` config has been renamed to `data_tests`. Please see
https://docs.getdbt.com/docs/build/data-tests#new-data_tests-syntax for more
information.
[2026-07-22T04:20:46.157+0000] {logging_mixin.py:190} INFO - 04:20:46  Found 8 models, 40 data tests, 1 source, 9 metrics, 839 macros, 5 semantic models
[2026-07-22T04:20:46.168+0000] {logging_mixin.py:190} INFO - 04:20:46
[2026-07-22T04:20:46.244+0000] {logging_mixin.py:190} INFO - 04:20:46  [WARNING]: SSL certificate validation is disabled by default. It is legacy behavior which will be changed in future releases. It is strongly advised to enable `require_certificate_validation` flag or explicitly set `cert` configuration to `True` for security reasons. You may receive an error after that if your SSL setup is incorrect.
You may opt into the new behavior sooner by setting `flags.require_certificate_validation` to `True` in `dbt_project.yml`.
Visit https://docs.getdbt.com/reference/global-configs/behavior-changes for more information.
[2026-07-22T04:20:48.286+0000] {logging_mixin.py:190} INFO - 04:20:48  Concurrency: 1 threads (target='dev')
[2026-07-22T04:20:48.291+0000] {logging_mixin.py:190} INFO - 04:20:48
[2026-07-22T04:20:48.317+0000] {logging_mixin.py:190} INFO - 04:20:48  1 of 1 START sql table model gold.dim_dates .................................... [RUN]
[2026-07-22T04:20:50.919+0000] {logging_mixin.py:190} INFO - 04:20:50  1 of 1 OK created sql table model gold.dim_dates ............................... [CREATE TABLE (5 rows) in 2.59s]
[2026-07-22T04:20:50.930+0000] {logging_mixin.py:190} INFO - 04:20:50
[2026-07-22T04:20:50.935+0000] {logging_mixin.py:190} INFO - 04:20:50  Finished running 1 table model in 0 hours 0 minutes and 4.76 seconds (4.76s).
[2026-07-22T04:20:51.101+0000] {logging_mixin.py:190} INFO - 04:20:51
[2026-07-22T04:20:51.105+0000] {logging_mixin.py:190} INFO - 04:20:51  Completed successfully
[2026-07-22T04:20:51.113+0000] {logging_mixin.py:190} INFO - 04:20:51
[2026-07-22T04:20:51.116+0000] {logging_mixin.py:190} INFO - 04:20:51  Done. PASS=1 WARN=0 ERROR=0 SKIP=0 TOTAL=1
[2026-07-22T04:20:52.294+0000] {local.py:196} WARNING - Artifact schema version: https://schemas.getdbt.com/dbt/manifest/v12.json is above dbt-ol supported version 7. This might cause errors.
[2026-07-22T04:20:52.303+0000] {local.py:594} INFO - Inlets: []
[2026-07-22T04:20:52.305+0000] {local.py:595} INFO - Outlets: []
[2026-07-22T04:20:52.306+0000] {local.py:886} INFO - Assigning inlets/outlets with DatasetAlias in Airflow 2
[2026-07-22T04:20:52.370+0000] {taskinstance.py:340} INFO - ::group::Post task execution logs
[2026-07-22T04:20:52.372+0000] {taskinstance.py:352} INFO - Marking task as SUCCESS. dag_id=dbt_silver_gold_incremental, task_id=transform_gold.dim_dates.run, run_id=manual__2026-07-22T04:18:58.712602+00:00, execution_date=20260722T041858, start_date=20260722T042022, end_date=20260722T042052
[2026-07-22T04:20:53.104+0000] {_client.py:1026} INFO - HTTP Request: GET https://astronomer.gateway.scarf.sh/astronomer-cosmos/v3/task_instance?cosmos_version=1.15.0&airflow_version=2.10.2&python_version=3.10.15&platform_system=Linux&platform_machine=x86_64&status=success&operator_name=DbtRunLocalOperator&is_cosmos_operator_subclass=False&invocation_mode=dbt_runner&execution_mode=local&profile_strategy=yaml_file&profile_mapping_class=None&database=trino&is_mapped_task=False&dbt_command=run&install_deps=True&has_callback=False&duration=30.22527 "HTTP/1.1 200 OK"
[2026-07-22T04:20:53.158+0000] {local_task_job_runner.py:266} INFO - Task exited with return code 0
[2026-07-22T04:20:53.186+0000] {taskinstance.py:3900} INFO - 1 downstream tasks scheduled from follow-on schedule check
[2026-07-22T04:20:53.189+0000] {local_task_job_runner.py:245} INFO - ::endgroup::
