[2026-07-14T05:01:12.494+0000] {local_task_job_runner.py:123} INFO - ::group::Pre task execution logs
[2026-07-14T05:01:12.521+0000] {taskinstance.py:2612} INFO - Dependencies all met for dep_context=non-requeueable deps ti=<TaskInstance: dbt_silver_gold_incremental.transform_gold.dim_issues.run manual__2026-07-14T05:00:00.818467+00:00 [queued]>
[2026-07-14T05:01:12.536+0000] {taskinstance.py:2612} INFO - Dependencies all met for dep_context=requeueable deps ti=<TaskInstance: dbt_silver_gold_incremental.transform_gold.dim_issues.run manual__2026-07-14T05:00:00.818467+00:00 [queued]>
[2026-07-14T05:01:12.537+0000] {taskinstance.py:2865} INFO - Starting attempt 1 of 2
[2026-07-14T05:01:12.555+0000] {taskinstance.py:2888} INFO - Executing <Task(DbtRunLocalOperator): transform_gold.dim_issues.run> on 2026-07-14 05:00:00.818467+00:00
[2026-07-14T05:01:12.564+0000] {standard_task_runner.py:72} INFO - Started process 1673 to run task
[2026-07-14T05:01:12.568+0000] {standard_task_runner.py:104} INFO - Running: ['airflow', 'tasks', 'run', 'dbt_silver_gold_incremental', 'transform_gold.dim_issues.run', 'manual__2026-07-14T05:00:00.818467+00:00', '--job-id', '13', '--raw', '--subdir', 'DAGS_FOLDER/dbt_silver_gold.py', '--cfg-path', '/tmp/tmp5ayt9oe6']
[2026-07-14T05:01:12.571+0000] {standard_task_runner.py:105} INFO - Job 13: Subtask transform_gold.dim_issues.run
[2026-07-14T05:01:12.668+0000] {task_command.py:467} INFO - Running <TaskInstance: dbt_silver_gold_incremental.transform_gold.dim_issues.run manual__2026-07-14T05:00:00.818467+00:00 [running]> on host b9944f21a9b7
[2026-07-14T05:01:12.788+0000] {taskinstance.py:3131} INFO - Exporting env vars: AIRFLOW_CTX_DAG_OWNER='data_engineer' AIRFLOW_CTX_DAG_ID='dbt_silver_gold_incremental' AIRFLOW_CTX_TASK_ID='transform_gold.dim_issues.run' AIRFLOW_CTX_EXECUTION_DATE='2026-07-14T05:00:00.818467+00:00' AIRFLOW_CTX_TRY_NUMBER='1' AIRFLOW_CTX_DAG_RUN_ID='manual__2026-07-14T05:00:00.818467+00:00'
[2026-07-14T05:01:12.791+0000] {taskinstance.py:731} INFO - ::endgroup::
[2026-07-14T05:01:14.343+0000] {local.py:294} INFO - dbtRunner is available. Using dbtRunner for invoking dbt.
[2026-07-14T05:01:14.345+0000] {local.py:518} INFO - Cloning project to writable temp directory /tmp/tmpw5m8k547 from /opt/airflow/dbt_transform
[2026-07-14T05:01:14.353+0000] {local.py:538} INFO - Partial parse is enabled and the latest partial parse file is None
[2026-07-14T05:01:14.355+0000] {config.py:395} INFO - Using user-supplied profiles.yml at /opt/airflow/dbt_transform/profiles.yml
[2026-07-14T05:01:14.370+0000] {runner.py:95} INFO - Trying to run dbtRunner with:
 ['deps', '--project-dir', '/tmp/tmpw5m8k547', '--profiles-dir', '/opt/airflow/dbt_transform', '--profile', 'lakehouse_dbt', '--target', 'dev', '--no-static-parser']
 in /tmp/tmpw5m8k547
[2026-07-14T05:01:14.454+0000] {logging_mixin.py:190} INFO - 05:01:14  Running with dbt=1.8.8
[2026-07-14T05:01:14.609+0000] {converter.py:314} INFO - ::group::Cosmos DAG parsing logs
[2026-07-14T05:01:14.613+0000] {graph.py:869} INFO - Trying to parse the dbt project using dbt ls cache cosmos_cache__dbt_silver_gold_incremental__transform_silver...
[2026-07-14T05:01:16.453+0000] {cache.py:383} INFO - Cosmos performance: time to calculate cache identifier cosmos_cache__dbt_silver_gold_incremental__transform_silver for current version: 1.8263795799994114
[2026-07-14T05:01:16.455+0000] {graph.py:886} INFO - Cosmos performance [b9944f21a9b7|1673]: The cache size for cosmos_cache__dbt_silver_gold_incremental__transform_silver is 5952
[2026-07-14T05:01:16.457+0000] {graph.py:898} INFO - Cosmos performance: Cache hit for cosmos_cache__dbt_silver_gold_incremental__transform_silver - 02ab851da9e5185d53b57d02face4d44,5e34606eb5f2b3dea81a8e19fa3ba138
[2026-07-14T05:01:16.459+0000] {graph.py:799} INFO - Total nodes: 7
[2026-07-14T05:01:16.460+0000] {graph.py:800} INFO - Total filtered nodes: 7
[2026-07-14T05:01:16.461+0000] {converter.py:361} INFO - Cosmos performance (dbt_silver_gold_incremental__transform_silver) - [b9944f21a9b7|1673]: It took 1.85s to parse the dbt project for DAG using dbt_ls_cache
[2026-07-14T05:01:16.470+0000] {converter.py:413} INFO - Cosmos performance (dbt_silver_gold_incremental__transform_silver) - [b9944f21a9b7|1673]: It took 0.00923s to build the Airflow DAG.
[2026-07-14T05:01:16.472+0000] {converter.py:420} INFO - ::endgroup::Cosmos DAG parsing logs
[2026-07-14T05:01:16.473+0000] {converter.py:314} INFO - ::group::Cosmos DAG parsing logs
[2026-07-14T05:01:16.476+0000] {graph.py:869} INFO - Trying to parse the dbt project using dbt ls cache cosmos_cache__dbt_silver_gold_incremental__transform_gold...
[2026-07-14T05:01:18.424+0000] {cache.py:383} INFO - Cosmos performance: time to calculate cache identifier cosmos_cache__dbt_silver_gold_incremental__transform_gold for current version: 1.9361538090015529
[2026-07-14T05:01:18.426+0000] {graph.py:886} INFO - Cosmos performance [b9944f21a9b7|1673]: The cache size for cosmos_cache__dbt_silver_gold_incremental__transform_gold is 35628
[2026-07-14T05:01:18.430+0000] {graph.py:898} INFO - Cosmos performance: Cache hit for cosmos_cache__dbt_silver_gold_incremental__transform_gold - 02ab851da9e5185d53b57d02face4d44,304321e940a9403dceb380589bd0566f
[2026-07-14T05:01:18.431+0000] {graph.py:799} INFO - Total nodes: 39
[2026-07-14T05:01:18.432+0000] {graph.py:800} INFO - Total filtered nodes: 39
[2026-07-14T05:01:18.433+0000] {converter.py:361} INFO - Cosmos performance (dbt_silver_gold_incremental__transform_gold) - [b9944f21a9b7|1673]: It took 1.96s to parse the dbt project for DAG using dbt_ls_cache
[2026-07-14T05:01:18.478+0000] {converter.py:413} INFO - Cosmos performance (dbt_silver_gold_incremental__transform_gold) - [b9944f21a9b7|1673]: It took 0.0444s to build the Airflow DAG.
[2026-07-14T05:01:18.479+0000] {converter.py:420} INFO - ::endgroup::Cosmos DAG parsing logs
[2026-07-14T05:01:18.482+0000] {converter.py:314} INFO - ::group::Cosmos DAG parsing logs
[2026-07-14T05:01:18.485+0000] {graph.py:869} INFO - Trying to parse the dbt project using dbt ls cache cosmos_cache__dbt_silver_gold_full_load__transform_silver...
[2026-07-14T05:01:21.131+0000] {cache.py:383} INFO - Cosmos performance: time to calculate cache identifier cosmos_cache__dbt_silver_gold_full_load__transform_silver for current version: 2.617723516999831
[2026-07-14T05:01:21.132+0000] {graph.py:886} INFO - Cosmos performance [b9944f21a9b7|1673]: The cache size for cosmos_cache__dbt_silver_gold_full_load__transform_silver is 5952
[2026-07-14T05:01:21.134+0000] {graph.py:898} INFO - Cosmos performance: Cache hit for cosmos_cache__dbt_silver_gold_full_load__transform_silver - 02ab851da9e5185d53b57d02face4d44,5e34606eb5f2b3dea81a8e19fa3ba138
[2026-07-14T05:01:21.135+0000] {graph.py:799} INFO - Total nodes: 7
[2026-07-14T05:01:21.136+0000] {graph.py:800} INFO - Total filtered nodes: 7
[2026-07-14T05:01:21.138+0000] {converter.py:361} INFO - Cosmos performance (dbt_silver_gold_full_load__transform_silver) - [b9944f21a9b7|1673]: It took 2.65s to parse the dbt project for DAG using dbt_ls_cache
[2026-07-14T05:01:21.151+0000] {converter.py:413} INFO - Cosmos performance (dbt_silver_gold_full_load__transform_silver) - [b9944f21a9b7|1673]: It took 0.0129s to build the Airflow DAG.
[2026-07-14T05:01:21.152+0000] {converter.py:420} INFO - ::endgroup::Cosmos DAG parsing logs
[2026-07-14T05:01:21.153+0000] {converter.py:314} INFO - ::group::Cosmos DAG parsing logs
[2026-07-14T05:01:21.157+0000] {graph.py:869} INFO - Trying to parse the dbt project using dbt ls cache cosmos_cache__dbt_silver_gold_full_load__transform_gold...
[2026-07-14T05:01:23.567+0000] {cache.py:383} INFO - Cosmos performance: time to calculate cache identifier cosmos_cache__dbt_silver_gold_full_load__transform_gold for current version: 2.400951053001336
[2026-07-14T05:01:23.569+0000] {graph.py:886} INFO - Cosmos performance [b9944f21a9b7|1673]: The cache size for cosmos_cache__dbt_silver_gold_full_load__transform_gold is 35628
[2026-07-14T05:01:23.571+0000] {graph.py:898} INFO - Cosmos performance: Cache hit for cosmos_cache__dbt_silver_gold_full_load__transform_gold - 02ab851da9e5185d53b57d02face4d44,304321e940a9403dceb380589bd0566f
[2026-07-14T05:01:23.573+0000] {graph.py:799} INFO - Total nodes: 39
[2026-07-14T05:01:23.574+0000] {graph.py:800} INFO - Total filtered nodes: 39
[2026-07-14T05:01:23.575+0000] {converter.py:361} INFO - Cosmos performance (dbt_silver_gold_full_load__transform_gold) - [b9944f21a9b7|1673]: It took 2.42s to parse the dbt project for DAG using dbt_ls_cache
[2026-07-14T05:01:23.619+0000] {converter.py:413} INFO - Cosmos performance (dbt_silver_gold_full_load__transform_gold) - [b9944f21a9b7|1673]: It took 0.0436s to build the Airflow DAG.
[2026-07-14T05:01:23.620+0000] {converter.py:420} INFO - ::endgroup::Cosmos DAG parsing logs
[2026-07-14T05:01:24.405+0000] {logging_mixin.py:190} INFO - 05:01:24  Installing dbt-labs/dbt_utils
[2026-07-14T05:01:25.582+0000] {logging_mixin.py:190} INFO - 05:01:25  Installed from version 1.3.0
[2026-07-14T05:01:25.584+0000] {logging_mixin.py:190} INFO - 05:01:25  Updated version available: 1.4.1
[2026-07-14T05:01:25.586+0000] {logging_mixin.py:190} INFO - 05:01:25  Installing metaplane/dbt_expectations
[2026-07-14T05:01:26.541+0000] {logging_mixin.py:190} INFO - 05:01:26  Installed from version 0.10.8
[2026-07-14T05:01:26.543+0000] {logging_mixin.py:190} INFO - 05:01:26  Updated version available: 0.10.10
[2026-07-14T05:01:26.545+0000] {logging_mixin.py:190} INFO - 05:01:26  Installing godatadriven/dbt_date
[2026-07-14T05:01:27.094+0000] {logging_mixin.py:190} INFO - 05:01:27  Installed from version 0.15.0
[2026-07-14T05:01:27.097+0000] {logging_mixin.py:190} INFO - 05:01:27  Up to date!
[2026-07-14T05:01:27.099+0000] {logging_mixin.py:190} INFO - 05:01:27
[2026-07-14T05:01:27.101+0000] {logging_mixin.py:190} INFO - 05:01:27  Updates available for packages: ['dbt-labs/dbt_utils', 'metaplane/dbt_expectations']                 
Update your versions in packages.yml, then run dbt deps
[2026-07-14T05:01:28.219+0000] {runner.py:95} INFO - Trying to run dbtRunner with:
 ['run', '--select', 'fqn:consumer_complaints_transformation.marts.dim_issues', '--project-dir', '/tmp/tmpw5m8k547', '--profiles-dir', '/opt/airflow/dbt_transform', '--profile', 'lakehouse_dbt', '--target', 'dev', '--no-static-parser']
 in /tmp/tmpw5m8k547
[2026-07-14T05:01:28.249+0000] {logging_mixin.py:190} INFO - 05:01:28  Running with dbt=1.8.8
[2026-07-14T05:01:28.298+0000] {auth.py:343} INFO - keyring module not found. OAuth2 token will not be stored in keyring.
[2026-07-14T05:01:28.303+0000] {auth.py:343} INFO - keyring module not found. OAuth2 token will not be stored in keyring.
[2026-07-14T05:01:28.493+0000] {logging_mixin.py:190} INFO - 05:01:28  Registered adapter: trino=1.8.5
[2026-07-14T05:01:28.849+0000] {logging_mixin.py:190} INFO - 05:01:28  Unable to do partial parsing because saved manifest not found. Starting full parse.
[2026-07-14T05:01:33.255+0000] {logging_mixin.py:190} INFO - 05:01:33  [WARNING]: Deprecated functionality
The `tests` config has been renamed to `data_tests`. Please see
https://docs.getdbt.com/docs/build/data-tests#new-data_tests-syntax for more
information.
[2026-07-14T05:01:35.025+0000] {logging_mixin.py:190} INFO - 05:01:35  Found 8 models, 40 data tests, 1 source, 9 metrics, 838 macros, 5 semantic models
[2026-07-14T05:01:35.030+0000] {logging_mixin.py:190} INFO - 05:01:35
[2026-07-14T05:01:35.061+0000] {logging_mixin.py:190} INFO - 05:01:35  [WARNING]: SSL certificate validation is disabled by default. It is legacy behavior which will be changed in future releases. It is strongly advised to enable `require_certificate_validation` flag or explicitly set `cert` configuration to `True` for security reasons. You may receive an error after that if your SSL setup is incorrect.
You may opt into the new behavior sooner by setting `flags.require_certificate_validation` to `True` in `dbt_project.yml`.
Visit https://docs.getdbt.com/reference/global-configs/behavior-changes for more information.
[2026-07-14T05:01:35.436+0000] {logging_mixin.py:190} INFO - 05:01:35  Concurrency: 4 threads (target='dev')
[2026-07-14T05:01:35.439+0000] {logging_mixin.py:190} INFO - 05:01:35
[2026-07-14T05:01:35.449+0000] {logging_mixin.py:190} INFO - 05:01:35  1 of 1 START sql incremental model gold.dim_issues ............................. [RUN]
[2026-07-14T05:01:36.435+0000] {logging_mixin.py:190} INFO - 05:01:36  1 of 1 OK created sql incremental model gold.dim_issues ........................ [CREATE TABLE (8 rows) in 0.98s]
[2026-07-14T05:01:36.445+0000] {logging_mixin.py:190} INFO - 05:01:36
[2026-07-14T05:01:36.448+0000] {logging_mixin.py:190} INFO - 05:01:36  Finished running 1 incremental model in 0 hours 0 minutes and 1.41 seconds (1.41s).
[2026-07-14T05:01:36.542+0000] {logging_mixin.py:190} INFO - 05:01:36
[2026-07-14T05:01:36.545+0000] {logging_mixin.py:190} INFO - 05:01:36  Completed successfully
[2026-07-14T05:01:36.547+0000] {logging_mixin.py:190} INFO - 05:01:36
[2026-07-14T05:01:36.550+0000] {logging_mixin.py:190} INFO - 05:01:36  Done. PASS=1 WARN=0 ERROR=0 SKIP=0 TOTAL=1
[2026-07-14T05:01:37.797+0000] {local.py:196} WARNING - Artifact schema version: https://schemas.getdbt.com/dbt/manifest/v12.json is above dbt-ol supported version 7. This might cause errors.
[2026-07-14T05:01:37.808+0000] {local.py:594} INFO - Inlets: []
[2026-07-14T05:01:37.811+0000] {local.py:595} INFO - Outlets: []
[2026-07-14T05:01:37.814+0000] {local.py:886} INFO - Assigning inlets/outlets with DatasetAlias in Airflow 2
[2026-07-14T05:01:37.948+0000] {taskinstance.py:340} INFO - ::group::Post task execution logs
[2026-07-14T05:01:37.957+0000] {taskinstance.py:352} INFO - Marking task as SUCCESS. dag_id=dbt_silver_gold_incremental, task_id=transform_gold.dim_issues.run, run_id=manual__2026-07-14T05:00:00.818467+00:00, execution_date=20260714T050000, start_date=20260714T050112, end_date=20260714T050137
[2026-07-14T05:01:38.766+0000] {_client.py:1026} INFO - HTTP Request: GET https://astronomer.gateway.scarf.sh/astronomer-cosmos/v3/task_instance?cosmos_version=1.15.0&airflow_version=2.10.2&python_version=3.10.15&platform_system=Linux&platform_machine=x86_64&status=success&operator_name=DbtRunLocalOperator&is_cosmos_operator_subclass=False&invocation_mode=dbt_runner&execution_mode=local&profile_strategy=yaml_file&profile_mapping_class=None&database=trino&is_mapped_task=False&dbt_command=run&install_deps=True&has_callback=False&duration=25.432793 "HTTP/1.1 200 OK"
[2026-07-14T05:01:38.795+0000] {local_task_job_runner.py:266} INFO - Task exited with return code 0
[2026-07-14T05:01:38.829+0000] {taskinstance.py:3900} INFO - 1 downstream tasks scheduled from follow-on schedule check
[2026-07-14T05:01:38.832+0000] {local_task_job_runner.py:245} INFO - ::endgroup::
