[2026-08-14T15:00:21.708+0000] {local_task_job_runner.py:123} INFO - ::group::Pre task execution logs
[2026-08-14T15:00:21.756+0000] {taskinstance.py:2612} INFO - Dependencies all met for dep_context=non-requeueable deps ti=<TaskInstance: dbt_gold_full_load.transform_gold.fact_orders.run manual__2026-08-14T15:00:12.236553+00:00 [queued]>
[2026-08-14T15:00:21.769+0000] {taskinstance.py:2612} INFO - Dependencies all met for dep_context=requeueable deps ti=<TaskInstance: dbt_gold_full_load.transform_gold.fact_orders.run manual__2026-08-14T15:00:12.236553+00:00 [queued]>
[2026-08-14T15:00:21.775+0000] {taskinstance.py:2865} INFO - Starting attempt 1 of 2
[2026-08-14T15:00:21.803+0000] {taskinstance.py:2888} INFO - Executing <Task(DbtRunLocalOperator): transform_gold.fact_orders.run> on 2026-08-14 15:00:12.236553+00:00
[2026-08-14T15:00:21.822+0000] {standard_task_runner.py:72} INFO - Started process 1110 to run task
[2026-08-14T15:00:21.835+0000] {standard_task_runner.py:104} INFO - Running: ['airflow', 'tasks', 'run', 'dbt_gold_full_load', 'transform_gold.fact_orders.run', 'manual__2026-08-14T15:00:12.236553+00:00', '--job-id', '223', '--raw', '--subdir', 'DAGS_FOLDER/dbt_gold.py', '--cfg-path', '/tmp/tmph0cfeq9e']
[2026-08-14T15:00:21.843+0000] {standard_task_runner.py:105} INFO - Job 223: Subtask transform_gold.fact_orders.run
[2026-08-14T15:00:21.994+0000] {task_command.py:467} INFO - Running <TaskInstance: dbt_gold_full_load.transform_gold.fact_orders.run manual__2026-08-14T15:00:12.236553+00:00 [running]> on host 748b80a5696f
[2026-08-14T15:00:22.136+0000] {taskinstance.py:3131} INFO - Exporting env vars: AIRFLOW_CTX_DAG_OWNER='bi-team' AIRFLOW_CTX_DAG_ID='dbt_gold_full_load' AIRFLOW_CTX_TASK_ID='transform_gold.fact_orders.run' AIRFLOW_CTX_EXECUTION_DATE='2026-08-14T15:00:12.236553+00:00' AIRFLOW_CTX_TRY_NUMBER='1' AIRFLOW_CTX_DAG_RUN_ID='manual__2026-08-14T15:00:12.236553+00:00'
[2026-08-14T15:00:22.143+0000] {taskinstance.py:731} INFO - ::endgroup::
[2026-08-14T15:00:23.824+0000] {local.py:294} INFO - dbtRunner is available. Using dbtRunner for invoking dbt.
[2026-08-14T15:00:23.827+0000] {local.py:518} INFO - Cloning project to writable temp directory /tmp/tmp6yemj77h from /opt/airflow/dbt_transform
[2026-08-14T15:00:23.846+0000] {local.py:538} INFO - Partial parse is enabled and the latest partial parse file is /tmp/cosmos/dbt_gold_full_load__transform_gold/target/partial_parse.msgpack
[2026-08-14T15:00:23.861+0000] {config.py:395} INFO - Using user-supplied profiles.yml at /opt/airflow/dbt_transform/profiles.yml
[2026-08-14T15:00:23.877+0000] {runner.py:95} INFO - Trying to run dbtRunner with:
 ['deps', '--project-dir', '/tmp/tmp6yemj77h', '--profiles-dir', '/opt/airflow/dbt_transform', '--profile', 'lakehouse_dbt', '--target', 'dev', '--no-static-parser']
 in /tmp/tmp6yemj77h
[2026-08-14T15:00:24.032+0000] {logging_mixin.py:190} INFO - 15:00:24  Running with dbt=1.8.8
[2026-08-14T15:00:24.345+0000] {converter.py:314} INFO - ::group::Cosmos DAG parsing logs
[2026-08-14T15:00:24.351+0000] {graph.py:869} INFO - Trying to parse the dbt project using dbt ls cache cosmos_cache__dbt_gold_incremental__transform_gold...
[2026-08-14T15:00:27.571+0000] {cache.py:383} INFO - Cosmos performance: time to calculate cache identifier cosmos_cache__dbt_gold_incremental__transform_gold for current version: 3.2059481160003998
[2026-08-14T15:00:27.573+0000] {graph.py:886} INFO - Cosmos performance [748b80a5696f|1110]: The cache size for cosmos_cache__dbt_gold_incremental__transform_gold is 27520
[2026-08-14T15:00:27.577+0000] {graph.py:898} INFO - Cosmos performance: Cache hit for cosmos_cache__dbt_gold_incremental__transform_gold - 12dc5a13bec5ac1466b69e4edf9d9b5f,304321e940a9403dceb380589bd0566f
[2026-08-14T15:00:27.579+0000] {graph.py:799} INFO - Total nodes: 32
[2026-08-14T15:00:27.580+0000] {graph.py:800} INFO - Total filtered nodes: 32
[2026-08-14T15:00:27.582+0000] {converter.py:361} INFO - Cosmos performance (dbt_gold_incremental__transform_gold) - [748b80a5696f|1110]: It took 3.23s to parse the dbt project for DAG using dbt_ls_cache
[2026-08-14T15:00:27.622+0000] {converter.py:413} INFO - Cosmos performance (dbt_gold_incremental__transform_gold) - [748b80a5696f|1110]: It took 0.0408s to build the Airflow DAG.
[2026-08-14T15:00:27.624+0000] {converter.py:420} INFO - ::endgroup::Cosmos DAG parsing logs
[2026-08-14T15:00:27.627+0000] {converter.py:314} INFO - ::group::Cosmos DAG parsing logs
[2026-08-14T15:00:27.632+0000] {graph.py:869} INFO - Trying to parse the dbt project using dbt ls cache cosmos_cache__dbt_gold_full_load__transform_gold...
[2026-08-14T15:00:31.528+0000] {cache.py:383} INFO - Cosmos performance: time to calculate cache identifier cosmos_cache__dbt_gold_full_load__transform_gold for current version: 3.8828596869998364
[2026-08-14T15:00:31.530+0000] {graph.py:886} INFO - Cosmos performance [748b80a5696f|1110]: The cache size for cosmos_cache__dbt_gold_full_load__transform_gold is 27520
[2026-08-14T15:00:31.532+0000] {graph.py:898} INFO - Cosmos performance: Cache hit for cosmos_cache__dbt_gold_full_load__transform_gold - 12dc5a13bec5ac1466b69e4edf9d9b5f,304321e940a9403dceb380589bd0566f
[2026-08-14T15:00:31.533+0000] {graph.py:799} INFO - Total nodes: 32
[2026-08-14T15:00:31.535+0000] {graph.py:800} INFO - Total filtered nodes: 32
[2026-08-14T15:00:31.536+0000] {converter.py:361} INFO - Cosmos performance (dbt_gold_full_load__transform_gold) - [748b80a5696f|1110]: It took 3.9s to parse the dbt project for DAG using dbt_ls_cache
[2026-08-14T15:00:31.599+0000] {converter.py:413} INFO - Cosmos performance (dbt_gold_full_load__transform_gold) - [748b80a5696f|1110]: It took 0.0623s to build the Airflow DAG.
[2026-08-14T15:00:31.600+0000] {converter.py:420} INFO - ::endgroup::Cosmos DAG parsing logs
[2026-08-14T15:00:31.612+0000] {converter.py:314} INFO - ::group::Cosmos DAG parsing logs
[2026-08-14T15:00:31.615+0000] {graph.py:869} INFO - Trying to parse the dbt project using dbt ls cache cosmos_cache__dbt_silver_gold_incremental__transform_silver...
[2026-08-14T15:00:35.444+0000] {cache.py:383} INFO - Cosmos performance: time to calculate cache identifier cosmos_cache__dbt_silver_gold_incremental__transform_silver for current version: 3.8179822520005473
[2026-08-14T15:00:35.446+0000] {graph.py:886} INFO - Cosmos performance [748b80a5696f|1110]: The cache size for cosmos_cache__dbt_silver_gold_incremental__transform_silver is 11366
[2026-08-14T15:00:35.447+0000] {graph.py:898} INFO - Cosmos performance: Cache hit for cosmos_cache__dbt_silver_gold_incremental__transform_silver - 12dc5a13bec5ac1466b69e4edf9d9b5f,5e34606eb5f2b3dea81a8e19fa3ba138
[2026-08-14T15:00:35.448+0000] {graph.py:799} INFO - Total nodes: 13
[2026-08-14T15:00:35.449+0000] {graph.py:800} INFO - Total filtered nodes: 13
[2026-08-14T15:00:35.451+0000] {converter.py:361} INFO - Cosmos performance (dbt_silver_gold_incremental__transform_silver) - [748b80a5696f|1110]: It took 3.84s to parse the dbt project for DAG using dbt_ls_cache
[2026-08-14T15:00:35.475+0000] {converter.py:413} INFO - Cosmos performance (dbt_silver_gold_incremental__transform_silver) - [748b80a5696f|1110]: It took 0.024s to build the Airflow DAG.
[2026-08-14T15:00:35.476+0000] {converter.py:420} INFO - ::endgroup::Cosmos DAG parsing logs
[2026-08-14T15:00:35.479+0000] {converter.py:314} INFO - ::group::Cosmos DAG parsing logs
[2026-08-14T15:00:35.482+0000] {graph.py:869} INFO - Trying to parse the dbt project using dbt ls cache cosmos_cache__dbt_silver_gold_incremental__transform_gold...
[2026-08-14T15:00:38.269+0000] {cache.py:383} INFO - Cosmos performance: time to calculate cache identifier cosmos_cache__dbt_silver_gold_incremental__transform_gold for current version: 2.775126511000053
[2026-08-14T15:00:38.271+0000] {graph.py:886} INFO - Cosmos performance [748b80a5696f|1110]: The cache size for cosmos_cache__dbt_silver_gold_incremental__transform_gold is 27520
[2026-08-14T15:00:38.273+0000] {graph.py:898} INFO - Cosmos performance: Cache hit for cosmos_cache__dbt_silver_gold_incremental__transform_gold - 12dc5a13bec5ac1466b69e4edf9d9b5f,304321e940a9403dceb380589bd0566f
[2026-08-14T15:00:38.275+0000] {graph.py:799} INFO - Total nodes: 32
[2026-08-14T15:00:38.277+0000] {graph.py:800} INFO - Total filtered nodes: 32
[2026-08-14T15:00:38.281+0000] {converter.py:361} INFO - Cosmos performance (dbt_silver_gold_incremental__transform_gold) - [748b80a5696f|1110]: It took 2.8s to parse the dbt project for DAG using dbt_ls_cache
[2026-08-14T15:00:38.332+0000] {converter.py:413} INFO - Cosmos performance (dbt_silver_gold_incremental__transform_gold) - [748b80a5696f|1110]: It took 0.0516s to build the Airflow DAG.
[2026-08-14T15:00:38.334+0000] {converter.py:420} INFO - ::endgroup::Cosmos DAG parsing logs
[2026-08-14T15:00:38.337+0000] {converter.py:314} INFO - ::group::Cosmos DAG parsing logs
[2026-08-14T15:00:38.343+0000] {graph.py:869} INFO - Trying to parse the dbt project using dbt ls cache cosmos_cache__dbt_silver_gold_full_load__transform_silver...
[2026-08-14T15:00:40.915+0000] {cache.py:383} INFO - Cosmos performance: time to calculate cache identifier cosmos_cache__dbt_silver_gold_full_load__transform_silver for current version: 2.558103327000026
[2026-08-14T15:00:40.916+0000] {graph.py:886} INFO - Cosmos performance [748b80a5696f|1110]: The cache size for cosmos_cache__dbt_silver_gold_full_load__transform_silver is 11366
[2026-08-14T15:00:40.917+0000] {graph.py:898} INFO - Cosmos performance: Cache hit for cosmos_cache__dbt_silver_gold_full_load__transform_silver - 12dc5a13bec5ac1466b69e4edf9d9b5f,5e34606eb5f2b3dea81a8e19fa3ba138
[2026-08-14T15:00:40.919+0000] {graph.py:799} INFO - Total nodes: 13
[2026-08-14T15:00:40.920+0000] {graph.py:800} INFO - Total filtered nodes: 13
[2026-08-14T15:00:40.921+0000] {converter.py:361} INFO - Cosmos performance (dbt_silver_gold_full_load__transform_silver) - [748b80a5696f|1110]: It took 2.58s to parse the dbt project for DAG using dbt_ls_cache
[2026-08-14T15:00:40.942+0000] {converter.py:413} INFO - Cosmos performance (dbt_silver_gold_full_load__transform_silver) - [748b80a5696f|1110]: It took 0.0206s to build the Airflow DAG.
[2026-08-14T15:00:40.943+0000] {converter.py:420} INFO - ::endgroup::Cosmos DAG parsing logs
[2026-08-14T15:00:40.945+0000] {converter.py:314} INFO - ::group::Cosmos DAG parsing logs
[2026-08-14T15:00:40.949+0000] {graph.py:869} INFO - Trying to parse the dbt project using dbt ls cache cosmos_cache__dbt_silver_gold_full_load__transform_gold...
[2026-08-14T15:00:43.014+0000] {cache.py:383} INFO - Cosmos performance: time to calculate cache identifier cosmos_cache__dbt_silver_gold_full_load__transform_gold for current version: 2.0524934590002886
[2026-08-14T15:00:43.015+0000] {graph.py:886} INFO - Cosmos performance [748b80a5696f|1110]: The cache size for cosmos_cache__dbt_silver_gold_full_load__transform_gold is 27520
[2026-08-14T15:00:43.017+0000] {graph.py:898} INFO - Cosmos performance: Cache hit for cosmos_cache__dbt_silver_gold_full_load__transform_gold - 12dc5a13bec5ac1466b69e4edf9d9b5f,304321e940a9403dceb380589bd0566f
[2026-08-14T15:00:43.018+0000] {graph.py:799} INFO - Total nodes: 32
[2026-08-14T15:00:43.019+0000] {graph.py:800} INFO - Total filtered nodes: 32
[2026-08-14T15:00:43.020+0000] {converter.py:361} INFO - Cosmos performance (dbt_silver_gold_full_load__transform_gold) - [748b80a5696f|1110]: It took 2.07s to parse the dbt project for DAG using dbt_ls_cache
[2026-08-14T15:00:43.056+0000] {converter.py:413} INFO - Cosmos performance (dbt_silver_gold_full_load__transform_gold) - [748b80a5696f|1110]: It took 0.0362s to build the Airflow DAG.
[2026-08-14T15:00:43.057+0000] {converter.py:420} INFO - ::endgroup::Cosmos DAG parsing logs
[2026-08-14T15:00:43.298+0000] {logging_mixin.py:190} INFO - 15:00:43  Installing dbt-labs/dbt_utils
[2026-08-14T15:00:43.818+0000] {logging_mixin.py:190} INFO - 15:00:43  Installed from version 1.3.0
[2026-08-14T15:00:43.823+0000] {logging_mixin.py:190} INFO - 15:00:43  Updated version available: 1.4.1
[2026-08-14T15:00:43.828+0000] {logging_mixin.py:190} INFO - 15:00:43  Installing metaplane/dbt_expectations
[2026-08-14T15:00:44.852+0000] {logging_mixin.py:190} INFO - 15:00:44  Installed from version 0.10.8
[2026-08-14T15:00:44.854+0000] {logging_mixin.py:190} INFO - 15:00:44  Updated version available: 0.10.10
[2026-08-14T15:00:44.861+0000] {logging_mixin.py:190} INFO - 15:00:44  Installing godatadriven/dbt_date
[2026-08-14T15:00:45.318+0000] {logging_mixin.py:190} INFO - 15:00:45  Installed from version 0.15.0
[2026-08-14T15:00:45.320+0000] {logging_mixin.py:190} INFO - 15:00:45  Up to date!
[2026-08-14T15:00:45.323+0000] {logging_mixin.py:190} INFO - 15:00:45
[2026-08-14T15:00:45.325+0000] {logging_mixin.py:190} INFO - 15:00:45  Updates available for packages: ['dbt-labs/dbt_utils', 'metaplane/dbt_expectations']                 
Update your versions in packages.yml, then run dbt deps
[2026-08-14T15:00:50.697+0000] {runner.py:95} INFO - Trying to run dbtRunner with:
 ['run', '--select', 'fqn:logistics_transformation.marts.fact_orders', '--full-refresh', '--project-dir', '/tmp/tmp6yemj77h', '--profiles-dir', '/opt/airflow/dbt_transform', '--profile', 'lakehouse_dbt', '--target', 'dev', '--no-static-parser']
 in /tmp/tmp6yemj77h
[2026-08-14T15:00:50.728+0000] {logging_mixin.py:190} INFO - 15:00:50  Running with dbt=1.8.8
[2026-08-14T15:00:50.755+0000] {auth.py:343} INFO - keyring module not found. OAuth2 token will not be stored in keyring.
[2026-08-14T15:00:50.759+0000] {auth.py:343} INFO - keyring module not found. OAuth2 token will not be stored in keyring.
[2026-08-14T15:00:50.884+0000] {logging_mixin.py:190} INFO - 15:00:50  Registered adapter: trino=1.8.5
[2026-08-14T15:00:51.587+0000] {logging_mixin.py:190} INFO - 15:00:51  Found 11 models, 36 data tests, 1 source, 839 macros
[2026-08-14T15:00:51.592+0000] {logging_mixin.py:190} INFO - 15:00:51
[2026-08-14T15:00:51.619+0000] {logging_mixin.py:190} INFO - 15:00:51  [WARNING]: SSL certificate validation is disabled by default. It is legacy behavior which will be changed in future releases. It is strongly advised to enable `require_certificate_validation` flag or explicitly set `cert` configuration to `True` for security reasons. You may receive an error after that if your SSL setup is incorrect.
You may opt into the new behavior sooner by setting `flags.require_certificate_validation` to `True` in `dbt_project.yml`.
Visit https://docs.getdbt.com/reference/global-configs/behavior-changes for more information.
[2026-08-14T15:00:51.635+0000] {logging_mixin.py:190} INFO - 15:00:51
[2026-08-14T15:00:51.638+0000] {logging_mixin.py:190} INFO - 15:00:51  Finished running  in 0 hours 0 minutes and 0.04 seconds (0.04s).
[2026-08-14T15:00:51.640+0000] {logging_mixin.py:190} INFO - 15:00:51  Encountered an error:
Database Error
  TrinoUserError(type=USER_ERROR, name=CATALOG_NOT_FOUND, message="Catalog 'iceberg' not found", query_id=20260814_150051_00015_mgeqp)
[2026-08-14T15:00:57.072+0000] {local.py:196} WARNING - Artifact schema version: https://schemas.getdbt.com/dbt/manifest/v12.json is above dbt-ol supported version 7. This might cause errors.
[2026-08-14T15:00:57.074+0000] {local.py:594} INFO - Inlets: []
[2026-08-14T15:00:57.075+0000] {local.py:595} INFO - Outlets: []
[2026-08-14T15:00:57.076+0000] {local.py:886} INFO - Assigning inlets/outlets with DatasetAlias in Airflow 2
[2026-08-14T15:00:57.101+0000] {taskinstance.py:3310} ERROR - Task failed with exception
Traceback (most recent call last):
  File "/home/airflow/.local/lib/python3.10/site-packages/airflow/models/taskinstance.py", line 767, in _execute_task
    result = _execute_callable(context=context, **execute_callable_kwargs)
  File "/home/airflow/.local/lib/python3.10/site-packages/airflow/models/taskinstance.py", line 733, in _execute_callable
    return ExecutionCallableRunner(
  File "/home/airflow/.local/lib/python3.10/site-packages/airflow/utils/operator_helpers.py", line 252, in run
    return self.func(*args, **kwargs)
  File "/home/airflow/.local/lib/python3.10/site-packages/cosmos/operators/base.py", line 346, in execute
    self.build_and_run_cmd(context=context, cmd_flags=self.add_cmd_flags(), **kwargs)
  File "/home/airflow/.local/lib/python3.10/site-packages/cosmos/operators/local.py", line 968, in build_and_run_cmd
    result = self.run_command(
  File "/home/airflow/.local/lib/python3.10/site-packages/cosmos/operators/local.py", line 743, in run_command
    self.handle_exception(result)
  File "/home/airflow/.local/lib/python3.10/site-packages/cosmos/operators/local.py", line 308, in handle_exception_dbt_runner
    return dbt_runner.handle_exception_if_needed(result)
  File "/home/airflow/.local/lib/python3.10/site-packages/cosmos/dbt/runner.py", line 152, in handle_exception_if_needed
    raise CosmosDbtRunError(f"dbt invocation did not complete with unhandled error: {result.exception}")
cosmos.exceptions.CosmosDbtRunError: dbt invocation did not complete with unhandled error: Database Error
  TrinoUserError(type=USER_ERROR, name=CATALOG_NOT_FOUND, message="Catalog 'iceberg' not found", query_id=20260814_150051_00015_mgeqp)
[2026-08-14T15:00:57.725+0000] {_client.py:1026} INFO - HTTP Request: GET https://astronomer.gateway.scarf.sh/astronomer-cosmos/v3/task_instance?cosmos_version=1.15.0&airflow_version=2.10.2&python_version=3.10.15&platform_system=Linux&platform_machine=x86_64&status=failed&operator_name=DbtRunLocalOperator&is_cosmos_operator_subclass=False&invocation_mode=dbt_runner&execution_mode=local&profile_strategy=yaml_file&profile_mapping_class=None&database=trino&is_mapped_task=False&dbt_command=run&install_deps=True&has_callback=False&duration=35.358026 "HTTP/1.1 200 OK"
[2026-08-14T15:00:57.727+0000] {taskinstance.py:1225} INFO - Marking task as UP_FOR_RETRY. dag_id=dbt_gold_full_load, task_id=transform_gold.fact_orders.run, run_id=manual__2026-08-14T15:00:12.236553+00:00, execution_date=20260814T150012, start_date=20260814T150021, end_date=20260814T150057
[2026-08-14T15:00:57.743+0000] {taskinstance.py:340} INFO - ::group::Post task execution logs
[2026-08-14T15:00:57.745+0000] {standard_task_runner.py:124} ERROR - Failed to execute job 223 for task transform_gold.fact_orders.run (dbt invocation did not complete with unhandled error: Database Error
  TrinoUserError(type=USER_ERROR, name=CATALOG_NOT_FOUND, message="Catalog 'iceberg' not found", query_id=20260814_150051_00015_mgeqp); 1110)
Traceback (most recent call last):
  File "/home/airflow/.local/lib/python3.10/site-packages/airflow/task/task_runner/standard_task_runner.py", line 117, in _start_by_fork
    ret = args.func(args, dag=self.dag)
  File "/home/airflow/.local/lib/python3.10/site-packages/airflow/cli/cli_config.py", line 49, in command
    return func(*args, **kwargs)
  File "/home/airflow/.local/lib/python3.10/site-packages/airflow/utils/cli.py", line 115, in wrapper
    return f(*args, **kwargs)
  File "/home/airflow/.local/lib/python3.10/site-packages/airflow/cli/commands/task_command.py", line 483, in task_run
    task_return_code = _run_task_by_selected_method(args, _dag, ti)
  File "/home/airflow/.local/lib/python3.10/site-packages/airflow/cli/commands/task_command.py", line 256, in _run_task_by_selected_method
    return _run_raw_task(args, ti)
  File "/home/airflow/.local/lib/python3.10/site-packages/airflow/cli/commands/task_command.py", line 341, in _run_raw_task
    return ti._run_raw_task(
  File "/home/airflow/.local/lib/python3.10/site-packages/airflow/utils/session.py", line 97, in wrapper
    return func(*args, session=session, **kwargs)
  File "/home/airflow/.local/lib/python3.10/site-packages/airflow/models/taskinstance.py", line 3004, in _run_raw_task
    return _run_raw_task(
  File "/home/airflow/.local/lib/python3.10/site-packages/airflow/models/taskinstance.py", line 273, in _run_raw_task
    TaskInstance._execute_task_with_callbacks(
  File "/home/airflow/.local/lib/python3.10/site-packages/airflow/models/taskinstance.py", line 3158, in _execute_task_with_callbacks
    result = self._execute_task(context, task_orig)
  File "/home/airflow/.local/lib/python3.10/site-packages/airflow/models/taskinstance.py", line 3182, in _execute_task
    return _execute_task(self, context, task_orig)
  File "/home/airflow/.local/lib/python3.10/site-packages/airflow/models/taskinstance.py", line 767, in _execute_task
    result = _execute_callable(context=context, **execute_callable_kwargs)
  File "/home/airflow/.local/lib/python3.10/site-packages/airflow/models/taskinstance.py", line 733, in _execute_callable
    return ExecutionCallableRunner(
  File "/home/airflow/.local/lib/python3.10/site-packages/airflow/utils/operator_helpers.py", line 252, in run
    return self.func(*args, **kwargs)
  File "/home/airflow/.local/lib/python3.10/site-packages/cosmos/operators/base.py", line 346, in execute
    self.build_and_run_cmd(context=context, cmd_flags=self.add_cmd_flags(), **kwargs)
  File "/home/airflow/.local/lib/python3.10/site-packages/cosmos/operators/local.py", line 968, in build_and_run_cmd
    result = self.run_command(
  File "/home/airflow/.local/lib/python3.10/site-packages/cosmos/operators/local.py", line 743, in run_command
    self.handle_exception(result)
  File "/home/airflow/.local/lib/python3.10/site-packages/cosmos/operators/local.py", line 308, in handle_exception_dbt_runner
    return dbt_runner.handle_exception_if_needed(result)
  File "/home/airflow/.local/lib/python3.10/site-packages/cosmos/dbt/runner.py", line 152, in handle_exception_if_needed
    raise CosmosDbtRunError(f"dbt invocation did not complete with unhandled error: {result.exception}")
cosmos.exceptions.CosmosDbtRunError: dbt invocation did not complete with unhandled error: Database Error
  TrinoUserError(type=USER_ERROR, name=CATALOG_NOT_FOUND, message="Catalog 'iceberg' not found", query_id=20260814_150051_00015_mgeqp)
[2026-08-14T15:00:57.780+0000] {local_task_job_runner.py:266} INFO - Task exited with return code 1
[2026-08-14T15:00:57.807+0000] {taskinstance.py:3900} INFO - 0 downstream tasks scheduled from follow-on schedule check
[2026-08-14T15:00:57.810+0000] {local_task_job_runner.py:245} INFO - ::endgroup::
