[2026-07-23T02:01:41.361+0000] {local_task_job_runner.py:123} INFO - ::group::Pre task execution logs
[2026-07-23T02:01:41.381+0000] {taskinstance.py:2612} INFO - Dependencies all met for dep_context=non-requeueable deps ti=<TaskInstance: wap_incremental_cfpb_pipeline.drop_wap_branch scheduled__2026-07-22T00:00:00+00:00 [queued]>
[2026-07-23T02:01:41.390+0000] {taskinstance.py:2612} INFO - Dependencies all met for dep_context=requeueable deps ti=<TaskInstance: wap_incremental_cfpb_pipeline.drop_wap_branch scheduled__2026-07-22T00:00:00+00:00 [queued]>
[2026-07-23T02:01:41.391+0000] {taskinstance.py:2865} INFO - Starting attempt 1 of 1
[2026-07-23T02:01:41.403+0000] {taskinstance.py:2888} INFO - Executing <Task(_PythonDecoratedOperator): drop_wap_branch> on 2026-07-22 00:00:00+00:00
[2026-07-23T02:01:41.408+0000] {standard_task_runner.py:72} INFO - Started process 1797 to run task
[2026-07-23T02:01:41.412+0000] {standard_task_runner.py:104} INFO - Running: ['airflow', 'tasks', 'run', 'wap_incremental_cfpb_pipeline', 'drop_wap_branch', 'scheduled__2026-07-22T00:00:00+00:00', '--job-id', '12', '--raw', '--subdir', 'DAGS_FOLDER/wap_incremental_cfpb_pipeline.py', '--cfg-path', '/tmp/tmp1s9nbxj3']
[2026-07-23T02:01:41.414+0000] {standard_task_runner.py:105} INFO - Job 12: Subtask drop_wap_branch
[2026-07-23T02:01:41.498+0000] {task_command.py:467} INFO - Running <TaskInstance: wap_incremental_cfpb_pipeline.drop_wap_branch scheduled__2026-07-22T00:00:00+00:00 [running]> on host d0280eba3cdf
[2026-07-23T02:01:41.615+0000] {taskinstance.py:3131} INFO - Exporting env vars: AIRFLOW_CTX_DAG_OWNER='airflow' AIRFLOW_CTX_DAG_ID='wap_incremental_cfpb_pipeline' AIRFLOW_CTX_TASK_ID='drop_wap_branch' AIRFLOW_CTX_EXECUTION_DATE='2026-07-22T00:00:00+00:00' AIRFLOW_CTX_TRY_NUMBER='1' AIRFLOW_CTX_DAG_RUN_ID='scheduled__2026-07-22T00:00:00+00:00'
[2026-07-23T02:01:41.617+0000] {taskinstance.py:731} INFO - ::endgroup::
[2026-07-23T02:01:41.622+0000] {base.py:84} INFO - Retrieving connection 'nessie_api_default'
[2026-07-23T02:01:41.670+0000] {nessie_client.py:72} INFO - 🗑️ Đã dọn dẹp nhánh tạm 'etl_20260722_scheduled202607'.
[2026-07-23T02:01:41.671+0000] {wap_incremental_cfpb_pipeline.py:259} INFO - 🗑️ CLEANUP: Đã xóa an toàn nhánh tạm etl_20260722_scheduled202607.
[2026-07-23T02:01:41.676+0000] {python.py:240} INFO - Done. Returned value was: None
[2026-07-23T02:01:41.693+0000] {taskinstance.py:340} INFO - ::group::Post task execution logs
[2026-07-23T02:01:41.694+0000] {taskinstance.py:352} INFO - Marking task as SUCCESS. dag_id=wap_incremental_cfpb_pipeline, task_id=drop_wap_branch, run_id=scheduled__2026-07-22T00:00:00+00:00, execution_date=20260722T000000, start_date=20260723T020141, end_date=20260723T020141
[2026-07-23T02:01:41.747+0000] {local_task_job_runner.py:266} INFO - Task exited with return code 0
[2026-07-23T02:01:41.768+0000] {taskinstance.py:3900} INFO - 0 downstream tasks scheduled from follow-on schedule check
[2026-07-23T02:01:41.771+0000] {local_task_job_runner.py:245} INFO - ::endgroup::
[2026-07-23T03:03:19.923+0000] {local_task_job_runner.py:123} INFO - ::group::Pre task execution logs
[2026-07-23T03:03:19.943+0000] {taskinstance.py:2612} INFO - Dependencies all met for dep_context=non-requeueable deps ti=<TaskInstance: wap_incremental_cfpb_pipeline.drop_wap_branch scheduled__2026-07-22T00:00:00+00:00 [queued]>
[2026-07-23T03:03:19.953+0000] {taskinstance.py:2612} INFO - Dependencies all met for dep_context=requeueable deps ti=<TaskInstance: wap_incremental_cfpb_pipeline.drop_wap_branch scheduled__2026-07-22T00:00:00+00:00 [queued]>
[2026-07-23T03:03:19.955+0000] {taskinstance.py:2865} INFO - Starting attempt 1 of 1
[2026-07-23T03:03:19.969+0000] {taskinstance.py:2888} INFO - Executing <Task(_PythonDecoratedOperator): drop_wap_branch> on 2026-07-22 00:00:00+00:00
[2026-07-23T03:03:19.974+0000] {standard_task_runner.py:72} INFO - Started process 1088 to run task
[2026-07-23T03:03:19.978+0000] {standard_task_runner.py:104} INFO - Running: ['airflow', 'tasks', 'run', 'wap_incremental_cfpb_pipeline', 'drop_wap_branch', 'scheduled__2026-07-22T00:00:00+00:00', '--job-id', '12', '--raw', '--subdir', 'DAGS_FOLDER/wap_incremental_cfpb_pipeline.py', '--cfg-path', '/tmp/tmphgv2wfi4']
[2026-07-23T03:03:19.980+0000] {standard_task_runner.py:105} INFO - Job 12: Subtask drop_wap_branch
[2026-07-23T03:03:20.063+0000] {task_command.py:467} INFO - Running <TaskInstance: wap_incremental_cfpb_pipeline.drop_wap_branch scheduled__2026-07-22T00:00:00+00:00 [running]> on host b3f56365d5f7
[2026-07-23T03:03:20.165+0000] {taskinstance.py:3131} INFO - Exporting env vars: AIRFLOW_CTX_DAG_OWNER='airflow' AIRFLOW_CTX_DAG_ID='wap_incremental_cfpb_pipeline' AIRFLOW_CTX_TASK_ID='drop_wap_branch' AIRFLOW_CTX_EXECUTION_DATE='2026-07-22T00:00:00+00:00' AIRFLOW_CTX_TRY_NUMBER='1' AIRFLOW_CTX_DAG_RUN_ID='scheduled__2026-07-22T00:00:00+00:00'
[2026-07-23T03:03:20.168+0000] {taskinstance.py:731} INFO - ::endgroup::
[2026-07-23T03:03:20.174+0000] {base.py:84} INFO - Retrieving connection 'nessie_api_default'
[2026-07-23T03:03:20.218+0000] {nessie_client.py:72} INFO - 🗑️ Đã dọn dẹp nhánh tạm 'etl_20260722_scheduled202607'.
[2026-07-23T03:03:20.219+0000] {wap_incremental_cfpb_pipeline.py:259} INFO - 🗑️ CLEANUP: Đã xóa an toàn nhánh tạm etl_20260722_scheduled202607.
[2026-07-23T03:03:20.221+0000] {python.py:240} INFO - Done. Returned value was: None
[2026-07-23T03:03:20.236+0000] {taskinstance.py:340} INFO - ::group::Post task execution logs
[2026-07-23T03:03:20.237+0000] {taskinstance.py:352} INFO - Marking task as SUCCESS. dag_id=wap_incremental_cfpb_pipeline, task_id=drop_wap_branch, run_id=scheduled__2026-07-22T00:00:00+00:00, execution_date=20260722T000000, start_date=20260723T030319, end_date=20260723T030320
[2026-07-23T03:03:20.271+0000] {local_task_job_runner.py:266} INFO - Task exited with return code 0
[2026-07-23T03:03:20.297+0000] {taskinstance.py:3900} INFO - 0 downstream tasks scheduled from follow-on schedule check
[2026-07-23T03:03:20.300+0000] {local_task_job_runner.py:245} INFO - ::endgroup::
[2026-07-23T03:45:22.875+0000] {local_task_job_runner.py:123} INFO - ::group::Pre task execution logs
[2026-07-23T03:45:22.899+0000] {taskinstance.py:2612} INFO - Dependencies all met for dep_context=non-requeueable deps ti=<TaskInstance: wap_incremental_cfpb_pipeline.drop_wap_branch scheduled__2026-07-22T00:00:00+00:00 [queued]>
[2026-07-23T03:45:22.911+0000] {taskinstance.py:2612} INFO - Dependencies all met for dep_context=requeueable deps ti=<TaskInstance: wap_incremental_cfpb_pipeline.drop_wap_branch scheduled__2026-07-22T00:00:00+00:00 [queued]>
[2026-07-23T03:45:22.913+0000] {taskinstance.py:2865} INFO - Starting attempt 1 of 1
[2026-07-23T03:45:22.928+0000] {taskinstance.py:2888} INFO - Executing <Task(_PythonDecoratedOperator): drop_wap_branch> on 2026-07-22 00:00:00+00:00
[2026-07-23T03:45:22.934+0000] {standard_task_runner.py:72} INFO - Started process 1095 to run task
[2026-07-23T03:45:22.941+0000] {standard_task_runner.py:104} INFO - Running: ['airflow', 'tasks', 'run', 'wap_incremental_cfpb_pipeline', 'drop_wap_branch', 'scheduled__2026-07-22T00:00:00+00:00', '--job-id', '12', '--raw', '--subdir', 'DAGS_FOLDER/wap_incremental_cfpb_pipeline.py', '--cfg-path', '/tmp/tmp1umm7m2n']
[2026-07-23T03:45:22.946+0000] {standard_task_runner.py:105} INFO - Job 12: Subtask drop_wap_branch
[2026-07-23T03:45:23.032+0000] {task_command.py:467} INFO - Running <TaskInstance: wap_incremental_cfpb_pipeline.drop_wap_branch scheduled__2026-07-22T00:00:00+00:00 [running]> on host 260824ef083b
[2026-07-23T03:45:23.126+0000] {taskinstance.py:3131} INFO - Exporting env vars: AIRFLOW_CTX_DAG_OWNER='airflow' AIRFLOW_CTX_DAG_ID='wap_incremental_cfpb_pipeline' AIRFLOW_CTX_TASK_ID='drop_wap_branch' AIRFLOW_CTX_EXECUTION_DATE='2026-07-22T00:00:00+00:00' AIRFLOW_CTX_TRY_NUMBER='1' AIRFLOW_CTX_DAG_RUN_ID='scheduled__2026-07-22T00:00:00+00:00'
[2026-07-23T03:45:23.130+0000] {taskinstance.py:731} INFO - ::endgroup::
[2026-07-23T03:45:23.135+0000] {base.py:84} INFO - Retrieving connection 'nessie_api_default'
[2026-07-23T03:45:23.173+0000] {nessie_client.py:72} INFO - 🗑️ Đã dọn dẹp nhánh tạm 'etl_20260722_scheduled202607'.
[2026-07-23T03:45:23.175+0000] {wap_incremental_cfpb_pipeline.py:259} INFO - 🗑️ CLEANUP: Đã xóa an toàn nhánh tạm etl_20260722_scheduled202607.
[2026-07-23T03:45:23.177+0000] {python.py:240} INFO - Done. Returned value was: None
[2026-07-23T03:45:23.193+0000] {taskinstance.py:340} INFO - ::group::Post task execution logs
[2026-07-23T03:45:23.196+0000] {taskinstance.py:352} INFO - Marking task as SUCCESS. dag_id=wap_incremental_cfpb_pipeline, task_id=drop_wap_branch, run_id=scheduled__2026-07-22T00:00:00+00:00, execution_date=20260722T000000, start_date=20260723T034522, end_date=20260723T034523
[2026-07-23T03:45:23.237+0000] {local_task_job_runner.py:266} INFO - Task exited with return code 0
[2026-07-23T03:45:23.256+0000] {taskinstance.py:3900} INFO - 0 downstream tasks scheduled from follow-on schedule check
[2026-07-23T03:45:23.261+0000] {local_task_job_runner.py:245} INFO - ::endgroup::
