[2026-07-26T12:40:19.852+0000] {local_task_job_runner.py:123} INFO - ::group::Pre task execution logs
[2026-07-26T12:40:19.889+0000] {taskinstance.py:2612} INFO - Dependencies all met for dep_context=non-requeueable deps ti=<TaskInstance: dbt_silver_gold_incremental.transform_gold.dim_products.run manual__2026-07-26T12:39:02.989686+00:00 [queued]>
[2026-07-26T12:40:19.905+0000] {taskinstance.py:2612} INFO - Dependencies all met for dep_context=requeueable deps ti=<TaskInstance: dbt_silver_gold_incremental.transform_gold.dim_products.run manual__2026-07-26T12:39:02.989686+00:00 [queued]>
[2026-07-26T12:40:19.907+0000] {taskinstance.py:2865} INFO - Starting attempt 1 of 2
[2026-07-26T12:40:19.949+0000] {taskinstance.py:2888} INFO - Executing <Task(DbtRunLocalOperator): transform_gold.dim_products.run> on 2026-07-26 12:39:02.989686+00:00
[2026-07-26T12:40:19.960+0000] {standard_task_runner.py:72} INFO - Started process 1179 to run task
[2026-07-26T12:40:19.970+0000] {standard_task_runner.py:104} INFO - Running: ['airflow', 'tasks', 'run', 'dbt_silver_gold_incremental', 'transform_gold.dim_products.run', 'manual__2026-07-26T12:39:02.989686+00:00', '--job-id', '17', '--raw', '--subdir', 'DAGS_FOLDER/dbt_silver_gold.py', '--cfg-path', '/tmp/tmp2qjjcuww']
[2026-07-26T12:40:19.975+0000] {standard_task_runner.py:105} INFO - Job 17: Subtask transform_gold.dim_products.run
[2026-07-26T12:40:20.096+0000] {task_command.py:467} INFO - Running <TaskInstance: dbt_silver_gold_incremental.transform_gold.dim_products.run manual__2026-07-26T12:39:02.989686+00:00 [running]> on host a0b459f8cde6
[2026-07-26T12:40:20.243+0000] {taskinstance.py:3131} INFO - Exporting env vars: AIRFLOW_CTX_DAG_OWNER='data_engineer' AIRFLOW_CTX_DAG_ID='dbt_silver_gold_incremental' AIRFLOW_CTX_TASK_ID='transform_gold.dim_products.run' AIRFLOW_CTX_EXECUTION_DATE='2026-07-26T12:39:02.989686+00:00' AIRFLOW_CTX_TRY_NUMBER='1' AIRFLOW_CTX_DAG_RUN_ID='manual__2026-07-26T12:39:02.989686+00:00'
[2026-07-26T12:40:20.245+0000] {taskinstance.py:731} INFO - ::endgroup::
[2026-07-26T12:40:22.240+0000] {local.py:294} INFO - dbtRunner is available. Using dbtRunner for invoking dbt.
[2026-07-26T12:40:22.242+0000] {local.py:518} INFO - Cloning project to writable temp directory /tmp/tmp44xv7m_h from /opt/airflow/dbt_transform
[2026-07-26T12:40:22.254+0000] {local.py:538} INFO - Partial parse is enabled and the latest partial parse file is /tmp/cosmos/dbt_silver_gold_incremental__transform_gold/target/partial_parse.msgpack
[2026-07-26T12:40:22.277+0000] {config.py:395} INFO - Using user-supplied profiles.yml at /opt/airflow/dbt_transform/profiles.yml
[2026-07-26T12:40:22.291+0000] {runner.py:95} INFO - Trying to run dbtRunner with:
 ['deps', '--project-dir', '/tmp/tmp44xv7m_h', '--profiles-dir', '/opt/airflow/dbt_transform', '--profile', 'lakehouse_dbt', '--target', 'dev', '--no-static-parser']
 in /tmp/tmp44xv7m_h
[2026-07-26T12:40:22.387+0000] {logging_mixin.py:190} INFO - 12:40:22  Running with dbt=1.8.8
[2026-07-26T12:40:22.750+0000] {converter.py:314} INFO - ::group::Cosmos DAG parsing logs
[2026-07-26T12:40:22.753+0000] {graph.py:869} INFO - Trying to parse the dbt project using dbt ls cache cosmos_cache__dbt_silver_gold_incremental__transform_silver...
[2026-07-26T12:40:25.157+0000] {cache.py:383} INFO - Cosmos performance: time to calculate cache identifier cosmos_cache__dbt_silver_gold_incremental__transform_silver for current version: 2.382015764000016
[2026-07-26T12:40:25.159+0000] {graph.py:886} INFO - Cosmos performance [a0b459f8cde6|1179]: The cache size for cosmos_cache__dbt_silver_gold_incremental__transform_silver is 6096
[2026-07-26T12:40:25.160+0000] {graph.py:898} INFO - Cosmos performance: Cache hit for cosmos_cache__dbt_silver_gold_incremental__transform_silver - b77642bd56914c9e2d6bfa2744b61b7c,5e34606eb5f2b3dea81a8e19fa3ba138
[2026-07-26T12:40:25.162+0000] {graph.py:799} INFO - Total nodes: 7
[2026-07-26T12:40:25.163+0000] {graph.py:800} INFO - Total filtered nodes: 7
[2026-07-26T12:40:25.164+0000] {converter.py:361} INFO - Cosmos performance (dbt_silver_gold_incremental__transform_silver) - [a0b459f8cde6|1179]: It took 2.41s to parse the dbt project for DAG using dbt_ls_cache
[2026-07-26T12:40:25.175+0000] {converter.py:413} INFO - Cosmos performance (dbt_silver_gold_incremental__transform_silver) - [a0b459f8cde6|1179]: It took 0.0103s to build the Airflow DAG.
[2026-07-26T12:40:25.176+0000] {converter.py:420} INFO - ::endgroup::Cosmos DAG parsing logs
[2026-07-26T12:40:25.178+0000] {converter.py:314} INFO - ::group::Cosmos DAG parsing logs
[2026-07-26T12:40:25.182+0000] {graph.py:869} INFO - Trying to parse the dbt project using dbt ls cache cosmos_cache__dbt_silver_gold_incremental__transform_gold...
[2026-07-26T12:40:27.572+0000] {cache.py:383} INFO - Cosmos performance: time to calculate cache identifier cosmos_cache__dbt_silver_gold_incremental__transform_gold for current version: 2.3784845979998863
[2026-07-26T12:40:27.573+0000] {graph.py:886} INFO - Cosmos performance [a0b459f8cde6|1179]: The cache size for cosmos_cache__dbt_silver_gold_incremental__transform_gold is 35980
[2026-07-26T12:40:27.575+0000] {graph.py:898} INFO - Cosmos performance: Cache hit for cosmos_cache__dbt_silver_gold_incremental__transform_gold - b77642bd56914c9e2d6bfa2744b61b7c,304321e940a9403dceb380589bd0566f
[2026-07-26T12:40:27.577+0000] {graph.py:799} INFO - Total nodes: 39
[2026-07-26T12:40:27.578+0000] {graph.py:800} INFO - Total filtered nodes: 39
[2026-07-26T12:40:27.580+0000] {converter.py:361} INFO - Cosmos performance (dbt_silver_gold_incremental__transform_gold) - [a0b459f8cde6|1179]: It took 2.4s to parse the dbt project for DAG using dbt_ls_cache
[2026-07-26T12:40:27.610+0000] {converter.py:413} INFO - Cosmos performance (dbt_silver_gold_incremental__transform_gold) - [a0b459f8cde6|1179]: It took 0.0305s to build the Airflow DAG.
[2026-07-26T12:40:27.611+0000] {converter.py:420} INFO - ::endgroup::Cosmos DAG parsing logs
[2026-07-26T12:40:27.613+0000] {converter.py:314} INFO - ::group::Cosmos DAG parsing logs
[2026-07-26T12:40:27.618+0000] {graph.py:869} INFO - Trying to parse the dbt project using dbt ls cache cosmos_cache__dbt_silver_gold_full_load__transform_silver...
[2026-07-26T12:40:30.084+0000] {cache.py:383} INFO - Cosmos performance: time to calculate cache identifier cosmos_cache__dbt_silver_gold_full_load__transform_silver for current version: 2.4520397379999395
[2026-07-26T12:40:30.086+0000] {graph.py:886} INFO - Cosmos performance [a0b459f8cde6|1179]: The cache size for cosmos_cache__dbt_silver_gold_full_load__transform_silver is 6096
[2026-07-26T12:40:30.088+0000] {graph.py:898} INFO - Cosmos performance: Cache hit for cosmos_cache__dbt_silver_gold_full_load__transform_silver - b77642bd56914c9e2d6bfa2744b61b7c,5e34606eb5f2b3dea81a8e19fa3ba138
[2026-07-26T12:40:30.094+0000] {graph.py:799} INFO - Total nodes: 7
[2026-07-26T12:40:30.096+0000] {graph.py:800} INFO - Total filtered nodes: 7
[2026-07-26T12:40:30.097+0000] {converter.py:361} INFO - Cosmos performance (dbt_silver_gold_full_load__transform_silver) - [a0b459f8cde6|1179]: It took 2.48s to parse the dbt project for DAG using dbt_ls_cache
[2026-07-26T12:40:30.109+0000] {converter.py:413} INFO - Cosmos performance (dbt_silver_gold_full_load__transform_silver) - [a0b459f8cde6|1179]: It took 0.0112s to build the Airflow DAG.
[2026-07-26T12:40:30.111+0000] {converter.py:420} INFO - ::endgroup::Cosmos DAG parsing logs
[2026-07-26T12:40:30.113+0000] {converter.py:314} INFO - ::group::Cosmos DAG parsing logs
[2026-07-26T12:40:30.117+0000] {graph.py:869} INFO - Trying to parse the dbt project using dbt ls cache cosmos_cache__dbt_silver_gold_full_load__transform_gold...
[2026-07-26T12:40:32.561+0000] {cache.py:383} INFO - Cosmos performance: time to calculate cache identifier cosmos_cache__dbt_silver_gold_full_load__transform_gold for current version: 2.4292887470001006
[2026-07-26T12:40:32.563+0000] {graph.py:886} INFO - Cosmos performance [a0b459f8cde6|1179]: The cache size for cosmos_cache__dbt_silver_gold_full_load__transform_gold is 35980
[2026-07-26T12:40:32.565+0000] {graph.py:898} INFO - Cosmos performance: Cache hit for cosmos_cache__dbt_silver_gold_full_load__transform_gold - b77642bd56914c9e2d6bfa2744b61b7c,304321e940a9403dceb380589bd0566f
[2026-07-26T12:40:32.567+0000] {graph.py:799} INFO - Total nodes: 39
[2026-07-26T12:40:32.569+0000] {graph.py:800} INFO - Total filtered nodes: 39
[2026-07-26T12:40:32.570+0000] {converter.py:361} INFO - Cosmos performance (dbt_silver_gold_full_load__transform_gold) - [a0b459f8cde6|1179]: It took 2.45s to parse the dbt project for DAG using dbt_ls_cache
[2026-07-26T12:40:32.599+0000] {converter.py:413} INFO - Cosmos performance (dbt_silver_gold_full_load__transform_gold) - [a0b459f8cde6|1179]: It took 0.0286s to build the Airflow DAG.
[2026-07-26T12:40:32.600+0000] {converter.py:420} INFO - ::endgroup::Cosmos DAG parsing logs
[2026-07-26T12:40:33.094+0000] {logging_mixin.py:190} INFO - 12:40:33  Installing dbt-labs/dbt_utils
[2026-07-26T12:40:33.689+0000] {logging_mixin.py:190} INFO - 12:40:33  Installed from version 1.3.0
[2026-07-26T12:40:33.691+0000] {logging_mixin.py:190} INFO - 12:40:33  Updated version available: 1.4.1
[2026-07-26T12:40:33.693+0000] {logging_mixin.py:190} INFO - 12:40:33  Installing metaplane/dbt_expectations
[2026-07-26T12:40:34.643+0000] {logging_mixin.py:190} INFO - 12:40:34  Installed from version 0.10.8
[2026-07-26T12:40:34.645+0000] {logging_mixin.py:190} INFO - 12:40:34  Updated version available: 0.10.10
[2026-07-26T12:40:34.647+0000] {logging_mixin.py:190} INFO - 12:40:34  Installing godatadriven/dbt_date
[2026-07-26T12:40:35.181+0000] {logging_mixin.py:190} INFO - 12:40:35  Installed from version 0.15.0
[2026-07-26T12:40:35.183+0000] {logging_mixin.py:190} INFO - 12:40:35  Up to date!
[2026-07-26T12:40:35.185+0000] {logging_mixin.py:190} INFO - 12:40:35
[2026-07-26T12:40:35.187+0000] {logging_mixin.py:190} INFO - 12:40:35  Updates available for packages: ['dbt-labs/dbt_utils', 'metaplane/dbt_expectations']                 
Update your versions in packages.yml, then run dbt deps
[2026-07-26T12:40:36.441+0000] {runner.py:95} INFO - Trying to run dbtRunner with:
 ['run', '--select', 'fqn:consumer_complaints_transformation.marts.dim_products', '--project-dir', '/tmp/tmp44xv7m_h', '--profiles-dir', '/opt/airflow/dbt_transform', '--profile', 'lakehouse_dbt', '--target', 'dev', '--no-static-parser']
 in /tmp/tmp44xv7m_h
[2026-07-26T12:40:36.466+0000] {logging_mixin.py:190} INFO - 12:40:36  Running with dbt=1.8.8
[2026-07-26T12:40:36.500+0000] {auth.py:343} INFO - keyring module not found. OAuth2 token will not be stored in keyring.
[2026-07-26T12:40:36.503+0000] {auth.py:343} INFO - keyring module not found. OAuth2 token will not be stored in keyring.
[2026-07-26T12:40:36.621+0000] {logging_mixin.py:190} INFO - 12:40:36  Registered adapter: trino=1.8.5
[2026-07-26T12:40:37.256+0000] {logging_mixin.py:190} INFO - 12:40:37  Unable to do partial parsing because config vars, config profile, or config target have changed
[2026-07-26T12:40:39.982+0000] {logging_mixin.py:190} INFO - 12:40:39  [WARNING]: Deprecated functionality
The `tests` config has been renamed to `data_tests`. Please see
https://docs.getdbt.com/docs/build/data-tests#new-data_tests-syntax for more
information.
[2026-07-26T12:40:41.326+0000] {logging_mixin.py:190} INFO - 12:40:41  Found 8 models, 40 data tests, 1 source, 9 metrics, 839 macros, 5 semantic models
[2026-07-26T12:40:41.331+0000] {logging_mixin.py:190} INFO - 12:40:41
[2026-07-26T12:40:41.383+0000] {logging_mixin.py:190} INFO - 12:40:41  [WARNING]: SSL certificate validation is disabled by default. It is legacy behavior which will be changed in future releases. It is strongly advised to enable `require_certificate_validation` flag or explicitly set `cert` configuration to `True` for security reasons. You may receive an error after that if your SSL setup is incorrect.
You may opt into the new behavior sooner by setting `flags.require_certificate_validation` to `True` in `dbt_project.yml`.
Visit https://docs.getdbt.com/reference/global-configs/behavior-changes for more information.
[2026-07-26T12:40:42.476+0000] {logging_mixin.py:190} INFO - 12:40:42  Concurrency: 1 threads (target='dev')
[2026-07-26T12:40:42.482+0000] {logging_mixin.py:190} INFO - 12:40:42
[2026-07-26T12:40:42.490+0000] {logging_mixin.py:190} INFO - 12:40:42  1 of 1 START sql incremental model gold.dim_products ........................... [RUN]
[2026-07-26T12:40:44.815+0000] {logging_mixin.py:190} INFO - 12:40:44  1 of 1 OK created sql incremental model gold.dim_products ...................... [CREATE TABLE (10 rows) in 2.31s]
[2026-07-26T12:40:44.846+0000] {logging_mixin.py:190} INFO - 12:40:44
[2026-07-26T12:40:44.851+0000] {logging_mixin.py:190} INFO - 12:40:44  Finished running 1 incremental model in 0 hours 0 minutes and 3.51 seconds (3.51s).
[2026-07-26T12:40:44.975+0000] {logging_mixin.py:190} INFO - 12:40:44
[2026-07-26T12:40:44.982+0000] {logging_mixin.py:190} INFO - 12:40:44  Completed successfully
[2026-07-26T12:40:44.988+0000] {logging_mixin.py:190} INFO - 12:40:44
[2026-07-26T12:40:44.995+0000] {logging_mixin.py:190} INFO - 12:40:44  Done. PASS=1 WARN=0 ERROR=0 SKIP=0 TOTAL=1
[2026-07-26T12:40:47.663+0000] {local.py:196} WARNING - Artifact schema version: https://schemas.getdbt.com/dbt/manifest/v12.json is above dbt-ol supported version 7. This might cause errors.
[2026-07-26T12:40:47.670+0000] {local.py:594} INFO - Inlets: []
[2026-07-26T12:40:47.672+0000] {local.py:595} INFO - Outlets: []
[2026-07-26T12:40:47.673+0000] {local.py:886} INFO - Assigning inlets/outlets with DatasetAlias in Airflow 2
[2026-07-26T12:40:47.742+0000] {taskinstance.py:340} INFO - ::group::Post task execution logs
[2026-07-26T12:40:47.744+0000] {taskinstance.py:352} INFO - Marking task as SUCCESS. dag_id=dbt_silver_gold_incremental, task_id=transform_gold.dim_products.run, run_id=manual__2026-07-26T12:39:02.989686+00:00, execution_date=20260726T123902, start_date=20260726T124019, end_date=20260726T124047
[2026-07-26T12:40:48.421+0000] {_client.py:1026} INFO - HTTP Request: GET https://astronomer.gateway.scarf.sh/astronomer-cosmos/v3/task_instance?cosmos_version=1.15.0&airflow_version=2.10.2&python_version=3.10.15&platform_system=Linux&platform_machine=x86_64&status=success&operator_name=DbtRunLocalOperator&is_cosmos_operator_subclass=False&invocation_mode=dbt_runner&execution_mode=local&profile_strategy=yaml_file&profile_mapping_class=None&database=trino&is_mapped_task=False&dbt_command=run&install_deps=True&has_callback=False&duration=27.851872 "HTTP/1.1 200 OK"
[2026-07-26T12:40:48.453+0000] {local_task_job_runner.py:266} INFO - Task exited with return code 0
[2026-07-26T12:40:48.479+0000] {taskinstance.py:3900} INFO - 0 downstream tasks scheduled from follow-on schedule check
[2026-07-26T12:40:48.483+0000] {local_task_job_runner.py:245} INFO - ::endgroup::
