[2026-08-05T06:31:08.701+0000] {local_task_job_runner.py:123} INFO - ::group::Pre task execution logs
[2026-08-05T06:31:08.724+0000] {taskinstance.py:2612} INFO - Dependencies all met for dep_context=non-requeueable deps ti=<TaskInstance: logistics_orders_full_load.prepare_and_clean_target manual__2026-08-05T06:31:06.883902+00:00 [queued]>
[2026-08-05T06:31:08.733+0000] {taskinstance.py:2612} INFO - Dependencies all met for dep_context=requeueable deps ti=<TaskInstance: logistics_orders_full_load.prepare_and_clean_target manual__2026-08-05T06:31:06.883902+00:00 [queued]>
[2026-08-05T06:31:08.736+0000] {taskinstance.py:2865} INFO - Starting attempt 1 of 1
[2026-08-05T06:31:08.749+0000] {taskinstance.py:2888} INFO - Executing <Task(_PythonDecoratedOperator): prepare_and_clean_target> on 2026-08-05 06:31:06.883902+00:00
[2026-08-05T06:31:08.755+0000] {standard_task_runner.py:72} INFO - Started process 1357 to run task
[2026-08-05T06:31:08.761+0000] {standard_task_runner.py:104} INFO - Running: ['airflow', 'tasks', 'run', 'logistics_orders_full_load', 'prepare_and_clean_target', 'manual__2026-08-05T06:31:06.883902+00:00', '--job-id', '5', '--raw', '--subdir', 'DAGS_FOLDER/logistics_full_load.py', '--cfg-path', '/tmp/tmpyct33uod']
[2026-08-05T06:31:08.764+0000] {standard_task_runner.py:105} INFO - Job 5: Subtask prepare_and_clean_target
[2026-08-05T06:31:08.885+0000] {task_command.py:467} INFO - Running <TaskInstance: logistics_orders_full_load.prepare_and_clean_target manual__2026-08-05T06:31:06.883902+00:00 [running]> on host d576d9cb631e
[2026-08-05T06:31:08.977+0000] {taskinstance.py:3131} INFO - Exporting env vars: AIRFLOW_CTX_DAG_OWNER='airflow' AIRFLOW_CTX_DAG_ID='logistics_orders_full_load' AIRFLOW_CTX_TASK_ID='prepare_and_clean_target' AIRFLOW_CTX_EXECUTION_DATE='2026-08-05T06:31:06.883902+00:00' AIRFLOW_CTX_TRY_NUMBER='1' AIRFLOW_CTX_DAG_RUN_ID='manual__2026-08-05T06:31:06.883902+00:00'
[2026-08-05T06:31:08.980+0000] {taskinstance.py:731} INFO - ::endgroup::
[2026-08-05T06:31:08.985+0000] {crypto.py:82} WARNING - empty cryptography key - values will not be stored encrypted.
[2026-08-05T06:31:08.987+0000] {base.py:84} INFO - Retrieving connection 'minio_default'
[2026-08-05T06:31:08.989+0000] {connection_wrapper.py:388} INFO - AWS Connection (conn_id='minio_default', conn_type='aws') credentials retrieved from login and ***.
[2026-08-05T06:31:09.684+0000] {logistics_full_load.py:63} INFO - ✅ [LANDING] Đã dọn dẹp TOÀN BỘ thư mục Landing cho luồng Full Load.
[2026-08-05T06:31:09.686+0000] {logistics_full_load.py:75} INFO - 🧹 [BRONZE] Đang chạy TRUNCATE cho bảng lakehouse.bronze.raw_orders...
[2026-08-05T06:31:09.688+0000] {base.py:84} INFO - Retrieving connection 'trino_default'
[2026-08-05T06:31:09.690+0000] {base.py:84} INFO - Retrieving connection 'trino_default'
[2026-08-05T06:31:09.693+0000] {sql.py:509} INFO - Running statement: TRUNCATE TABLE lakehouse.bronze.raw_orders, parameters: None
[2026-08-05T06:31:10.020+0000] {logistics_full_load.py:78} INFO - ✅ [BRONZE] Đã TRUNCATE thành công. Bảng đã sạch sẽ, sẵn sàng nạp Full Load.
[2026-08-05T06:31:10.024+0000] {python.py:240} INFO - Done. Returned value was: 2026-08-05
[2026-08-05T06:31:10.058+0000] {taskinstance.py:340} INFO - ::group::Post task execution logs
[2026-08-05T06:31:10.060+0000] {taskinstance.py:352} INFO - Marking task as SUCCESS. dag_id=logistics_orders_full_load, task_id=prepare_and_clean_target, run_id=manual__2026-08-05T06:31:06.883902+00:00, execution_date=20260805T063106, start_date=20260805T063108, end_date=20260805T063110
[2026-08-05T06:31:10.101+0000] {local_task_job_runner.py:266} INFO - Task exited with return code 0
[2026-08-05T06:31:10.144+0000] {taskinstance.py:3900} INFO - 2 downstream tasks scheduled from follow-on schedule check
[2026-08-05T06:31:10.148+0000] {local_task_job_runner.py:245} INFO - ::endgroup::
