[2026-08-15T00:40:55.530+0000] {local_task_job_runner.py:123} INFO - ::group::Pre task execution logs
[2026-08-15T00:40:55.567+0000] {taskinstance.py:2612} INFO - Dependencies all met for dep_context=non-requeueable deps ti=<TaskInstance: dbt_gold_full_load.transform_gold.fact_order_requests.run manual__2026-08-15T00:40:45.984547+00:00 [queued]>
[2026-08-15T00:40:55.595+0000] {taskinstance.py:2612} INFO - Dependencies all met for dep_context=requeueable deps ti=<TaskInstance: dbt_gold_full_load.transform_gold.fact_order_requests.run manual__2026-08-15T00:40:45.984547+00:00 [queued]>
[2026-08-15T00:40:55.597+0000] {taskinstance.py:2865} INFO - Starting attempt 1 of 2
[2026-08-15T00:40:55.635+0000] {taskinstance.py:2888} INFO - Executing <Task(DbtRunLocalOperator): transform_gold.fact_order_requests.run> on 2026-08-15 00:40:45.984547+00:00
[2026-08-15T00:40:55.654+0000] {standard_task_runner.py:72} INFO - Started process 1952 to run task
[2026-08-15T00:40:55.662+0000] {standard_task_runner.py:104} INFO - Running: ['airflow', 'tasks', 'run', 'dbt_gold_full_load', 'transform_gold.fact_order_requests.run', 'manual__2026-08-15T00:40:45.984547+00:00', '--job-id', '282', '--raw', '--subdir', 'DAGS_FOLDER/dbt_gold.py', '--cfg-path', '/tmp/tmp_nxo8nrd']
[2026-08-15T00:40:55.670+0000] {standard_task_runner.py:105} INFO - Job 282: Subtask transform_gold.fact_order_requests.run
[2026-08-15T00:40:55.823+0000] {task_command.py:467} INFO - Running <TaskInstance: dbt_gold_full_load.transform_gold.fact_order_requests.run manual__2026-08-15T00:40:45.984547+00:00 [running]> on host ebfc338d4145
[2026-08-15T00:40:56.013+0000] {taskinstance.py:3131} INFO - Exporting env vars: AIRFLOW_CTX_DAG_OWNER='data_engineer' AIRFLOW_CTX_DAG_ID='dbt_gold_full_load' AIRFLOW_CTX_TASK_ID='transform_gold.fact_order_requests.run' AIRFLOW_CTX_EXECUTION_DATE='2026-08-15T00:40:45.984547+00:00' AIRFLOW_CTX_TRY_NUMBER='1' AIRFLOW_CTX_DAG_RUN_ID='manual__2026-08-15T00:40:45.984547+00:00'
[2026-08-15T00:40:56.018+0000] {taskinstance.py:731} INFO - ::endgroup::
[2026-08-15T00:40:58.070+0000] {local.py:294} INFO - dbtRunner is available. Using dbtRunner for invoking dbt.
[2026-08-15T00:40:58.072+0000] {local.py:518} INFO - Cloning project to writable temp directory /tmp/tmp29ifzl1i from /opt/airflow/dbt_transform
[2026-08-15T00:40:58.085+0000] {local.py:538} INFO - Partial parse is enabled and the latest partial parse file is /tmp/cosmos/dbt_gold_full_load__transform_gold/target/partial_parse.msgpack
[2026-08-15T00:40:58.096+0000] {config.py:395} INFO - Using user-supplied profiles.yml at /opt/airflow/dbt_transform/profiles.yml
[2026-08-15T00:40:58.115+0000] {runner.py:95} INFO - Trying to run dbtRunner with:
 ['deps', '--project-dir', '/tmp/tmp29ifzl1i', '--profiles-dir', '/opt/airflow/dbt_transform', '--profile', 'lakehouse_dbt', '--target', 'dev', '--no-static-parser']
 in /tmp/tmp29ifzl1i
[2026-08-15T00:40:58.194+0000] {logging_mixin.py:190} INFO - 00:40:58  Running with dbt=1.8.8
[2026-08-15T00:40:58.467+0000] {converter.py:314} INFO - ::group::Cosmos DAG parsing logs
[2026-08-15T00:40:58.472+0000] {graph.py:869} INFO - Trying to parse the dbt project using dbt ls cache cosmos_cache__dbt_gold_incremental__transform_gold...
[2026-08-15T00:41:01.551+0000] {cache.py:383} INFO - Cosmos performance: time to calculate cache identifier cosmos_cache__dbt_gold_incremental__transform_gold for current version: 3.0664278059999788
[2026-08-15T00:41:01.552+0000] {graph.py:886} INFO - Cosmos performance [ebfc338d4145|1952]: The cache size for cosmos_cache__dbt_gold_incremental__transform_gold is 27795
[2026-08-15T00:41:01.555+0000] {graph.py:898} INFO - Cosmos performance: Cache hit for cosmos_cache__dbt_gold_incremental__transform_gold - ea596bba3d230b64287ca02b39bbf47c,304321e940a9403dceb380589bd0566f
[2026-08-15T00:41:01.556+0000] {graph.py:799} INFO - Total nodes: 34
[2026-08-15T00:41:01.557+0000] {graph.py:800} INFO - Total filtered nodes: 34
[2026-08-15T00:41:01.559+0000] {converter.py:361} INFO - Cosmos performance (dbt_gold_incremental__transform_gold) - [ebfc338d4145|1952]: It took 3.09s to parse the dbt project for DAG using dbt_ls_cache
[2026-08-15T00:41:01.599+0000] {converter.py:413} INFO - Cosmos performance (dbt_gold_incremental__transform_gold) - [ebfc338d4145|1952]: It took 0.0405s to build the Airflow DAG.
[2026-08-15T00:41:01.601+0000] {converter.py:420} INFO - ::endgroup::Cosmos DAG parsing logs
[2026-08-15T00:41:01.602+0000] {converter.py:314} INFO - ::group::Cosmos DAG parsing logs
[2026-08-15T00:41:01.607+0000] {graph.py:869} INFO - Trying to parse the dbt project using dbt ls cache cosmos_cache__dbt_gold_full_load__transform_gold...
[2026-08-15T00:41:04.005+0000] {cache.py:383} INFO - Cosmos performance: time to calculate cache identifier cosmos_cache__dbt_gold_full_load__transform_gold for current version: 2.386339848000034
[2026-08-15T00:41:04.007+0000] {graph.py:886} INFO - Cosmos performance [ebfc338d4145|1952]: The cache size for cosmos_cache__dbt_gold_full_load__transform_gold is 27795
[2026-08-15T00:41:04.009+0000] {graph.py:898} INFO - Cosmos performance: Cache hit for cosmos_cache__dbt_gold_full_load__transform_gold - ea596bba3d230b64287ca02b39bbf47c,304321e940a9403dceb380589bd0566f
[2026-08-15T00:41:04.010+0000] {graph.py:799} INFO - Total nodes: 34
[2026-08-15T00:41:04.011+0000] {graph.py:800} INFO - Total filtered nodes: 34
[2026-08-15T00:41:04.013+0000] {converter.py:361} INFO - Cosmos performance (dbt_gold_full_load__transform_gold) - [ebfc338d4145|1952]: It took 2.41s to parse the dbt project for DAG using dbt_ls_cache
[2026-08-15T00:41:04.041+0000] {converter.py:413} INFO - Cosmos performance (dbt_gold_full_load__transform_gold) - [ebfc338d4145|1952]: It took 0.0285s to build the Airflow DAG.
[2026-08-15T00:41:04.042+0000] {converter.py:420} INFO - ::endgroup::Cosmos DAG parsing logs
[2026-08-15T00:41:04.053+0000] {converter.py:314} INFO - ::group::Cosmos DAG parsing logs
[2026-08-15T00:41:04.056+0000] {graph.py:869} INFO - Trying to parse the dbt project using dbt ls cache cosmos_cache__dbt_silver_gold_incremental__transform_silver...
[2026-08-15T00:41:06.441+0000] {cache.py:383} INFO - Cosmos performance: time to calculate cache identifier cosmos_cache__dbt_silver_gold_incremental__transform_silver for current version: 2.36915288900002
[2026-08-15T00:41:06.443+0000] {graph.py:886} INFO - Cosmos performance [ebfc338d4145|1952]: The cache size for cosmos_cache__dbt_silver_gold_incremental__transform_silver is 11300
[2026-08-15T00:41:06.445+0000] {graph.py:898} INFO - Cosmos performance: Cache hit for cosmos_cache__dbt_silver_gold_incremental__transform_silver - ea596bba3d230b64287ca02b39bbf47c,5e34606eb5f2b3dea81a8e19fa3ba138
[2026-08-15T00:41:06.446+0000] {graph.py:799} INFO - Total nodes: 13
[2026-08-15T00:41:06.447+0000] {graph.py:800} INFO - Total filtered nodes: 13
[2026-08-15T00:41:06.448+0000] {converter.py:361} INFO - Cosmos performance (dbt_silver_gold_incremental__transform_silver) - [ebfc338d4145|1952]: It took 2.39s to parse the dbt project for DAG using dbt_ls_cache
[2026-08-15T00:41:06.466+0000] {converter.py:413} INFO - Cosmos performance (dbt_silver_gold_incremental__transform_silver) - [ebfc338d4145|1952]: It took 0.0178s to build the Airflow DAG.
[2026-08-15T00:41:06.467+0000] {converter.py:420} INFO - ::endgroup::Cosmos DAG parsing logs
[2026-08-15T00:41:06.469+0000] {converter.py:314} INFO - ::group::Cosmos DAG parsing logs
[2026-08-15T00:41:06.473+0000] {graph.py:869} INFO - Trying to parse the dbt project using dbt ls cache cosmos_cache__dbt_silver_gold_incremental__transform_gold...
[2026-08-15T00:41:08.996+0000] {cache.py:383} INFO - Cosmos performance: time to calculate cache identifier cosmos_cache__dbt_silver_gold_incremental__transform_gold for current version: 2.5097926119999556
[2026-08-15T00:41:08.997+0000] {graph.py:886} INFO - Cosmos performance [ebfc338d4145|1952]: The cache size for cosmos_cache__dbt_silver_gold_incremental__transform_gold is 27795
[2026-08-15T00:41:08.999+0000] {graph.py:898} INFO - Cosmos performance: Cache hit for cosmos_cache__dbt_silver_gold_incremental__transform_gold - ea596bba3d230b64287ca02b39bbf47c,304321e940a9403dceb380589bd0566f
[2026-08-15T00:41:09.000+0000] {graph.py:799} INFO - Total nodes: 34
[2026-08-15T00:41:09.002+0000] {graph.py:800} INFO - Total filtered nodes: 34
[2026-08-15T00:41:09.003+0000] {converter.py:361} INFO - Cosmos performance (dbt_silver_gold_incremental__transform_gold) - [ebfc338d4145|1952]: It took 2.53s to parse the dbt project for DAG using dbt_ls_cache
[2026-08-15T00:41:09.040+0000] {converter.py:413} INFO - Cosmos performance (dbt_silver_gold_incremental__transform_gold) - [ebfc338d4145|1952]: It took 0.037s to build the Airflow DAG.
[2026-08-15T00:41:09.042+0000] {converter.py:420} INFO - ::endgroup::Cosmos DAG parsing logs
[2026-08-15T00:41:09.044+0000] {converter.py:314} INFO - ::group::Cosmos DAG parsing logs
[2026-08-15T00:41:09.049+0000] {graph.py:869} INFO - Trying to parse the dbt project using dbt ls cache cosmos_cache__dbt_silver_gold_full_load__transform_silver...
[2026-08-15T00:41:11.650+0000] {cache.py:383} INFO - Cosmos performance: time to calculate cache identifier cosmos_cache__dbt_silver_gold_full_load__transform_silver for current version: 2.588758762999987
[2026-08-15T00:41:11.652+0000] {graph.py:886} INFO - Cosmos performance [ebfc338d4145|1952]: The cache size for cosmos_cache__dbt_silver_gold_full_load__transform_silver is 11300
[2026-08-15T00:41:11.655+0000] {graph.py:898} INFO - Cosmos performance: Cache hit for cosmos_cache__dbt_silver_gold_full_load__transform_silver - ea596bba3d230b64287ca02b39bbf47c,5e34606eb5f2b3dea81a8e19fa3ba138
[2026-08-15T00:41:11.656+0000] {graph.py:799} INFO - Total nodes: 13
[2026-08-15T00:41:11.657+0000] {graph.py:800} INFO - Total filtered nodes: 13
[2026-08-15T00:41:11.659+0000] {converter.py:361} INFO - Cosmos performance (dbt_silver_gold_full_load__transform_silver) - [ebfc338d4145|1952]: It took 2.61s to parse the dbt project for DAG using dbt_ls_cache
[2026-08-15T00:41:11.696+0000] {converter.py:413} INFO - Cosmos performance (dbt_silver_gold_full_load__transform_silver) - [ebfc338d4145|1952]: It took 0.0371s to build the Airflow DAG.
[2026-08-15T00:41:11.698+0000] {converter.py:420} INFO - ::endgroup::Cosmos DAG parsing logs
[2026-08-15T00:41:11.703+0000] {converter.py:314} INFO - ::group::Cosmos DAG parsing logs
[2026-08-15T00:41:11.710+0000] {graph.py:869} INFO - Trying to parse the dbt project using dbt ls cache cosmos_cache__dbt_silver_gold_full_load__transform_gold...
[2026-08-15T00:41:14.235+0000] {cache.py:383} INFO - Cosmos performance: time to calculate cache identifier cosmos_cache__dbt_silver_gold_full_load__transform_gold for current version: 2.511022283999978
[2026-08-15T00:41:14.237+0000] {graph.py:886} INFO - Cosmos performance [ebfc338d4145|1952]: The cache size for cosmos_cache__dbt_silver_gold_full_load__transform_gold is 27795
[2026-08-15T00:41:14.239+0000] {graph.py:898} INFO - Cosmos performance: Cache hit for cosmos_cache__dbt_silver_gold_full_load__transform_gold - ea596bba3d230b64287ca02b39bbf47c,304321e940a9403dceb380589bd0566f
[2026-08-15T00:41:14.241+0000] {graph.py:799} INFO - Total nodes: 34
[2026-08-15T00:41:14.243+0000] {graph.py:800} INFO - Total filtered nodes: 34
[2026-08-15T00:41:14.245+0000] {converter.py:361} INFO - Cosmos performance (dbt_silver_gold_full_load__transform_gold) - [ebfc338d4145|1952]: It took 2.53s to parse the dbt project for DAG using dbt_ls_cache
[2026-08-15T00:41:14.307+0000] {converter.py:413} INFO - Cosmos performance (dbt_silver_gold_full_load__transform_gold) - [ebfc338d4145|1952]: It took 0.0616s to build the Airflow DAG.
[2026-08-15T00:41:14.308+0000] {converter.py:420} INFO - ::endgroup::Cosmos DAG parsing logs
[2026-08-15T00:41:15.278+0000] {logging_mixin.py:190} INFO - 00:41:15  Installing dbt-labs/dbt_utils
[2026-08-15T00:41:15.827+0000] {logging_mixin.py:190} INFO - 00:41:15  Installed from version 1.3.0
[2026-08-15T00:41:15.829+0000] {logging_mixin.py:190} INFO - 00:41:15  Updated version available: 1.4.1
[2026-08-15T00:41:15.831+0000] {logging_mixin.py:190} INFO - 00:41:15  Installing metaplane/dbt_expectations
[2026-08-15T00:41:28.459+0000] {logging_mixin.py:190} INFO - 00:41:28  Installed from version 0.10.8
[2026-08-15T00:41:28.464+0000] {logging_mixin.py:190} INFO - 00:41:28  Updated version available: 0.10.10
[2026-08-15T00:41:28.472+0000] {logging_mixin.py:190} INFO - 00:41:28  Installing godatadriven/dbt_date
[2026-08-15T00:41:29.043+0000] {logging_mixin.py:190} INFO - 00:41:29  Installed from version 0.15.0
[2026-08-15T00:41:29.046+0000] {logging_mixin.py:190} INFO - 00:41:29  Up to date!
[2026-08-15T00:41:29.052+0000] {logging_mixin.py:190} INFO - 00:41:29
[2026-08-15T00:41:29.060+0000] {logging_mixin.py:190} INFO - 00:41:29  Updates available for packages: ['dbt-labs/dbt_utils', 'metaplane/dbt_expectations']                 
Update your versions in packages.yml, then run dbt deps
[2026-08-15T00:41:30.360+0000] {runner.py:95} INFO - Trying to run dbtRunner with:
 ['run', '--select', 'fqn:logistics_transformation.marts.fact_order_requests', '--full-refresh', '--project-dir', '/tmp/tmp29ifzl1i', '--profiles-dir', '/opt/airflow/dbt_transform', '--profile', 'lakehouse_dbt', '--target', 'dev', '--no-static-parser']
 in /tmp/tmp29ifzl1i
[2026-08-15T00:41:30.413+0000] {logging_mixin.py:190} INFO - 00:41:30  Running with dbt=1.8.8
[2026-08-15T00:41:30.525+0000] {auth.py:343} INFO - keyring module not found. OAuth2 token will not be stored in keyring.
[2026-08-15T00:41:30.546+0000] {auth.py:343} INFO - keyring module not found. OAuth2 token will not be stored in keyring.
[2026-08-15T00:41:30.964+0000] {logging_mixin.py:190} INFO - 00:41:30  Registered adapter: trino=1.8.5
[2026-08-15T00:41:33.241+0000] {logging_mixin.py:190} INFO - 00:41:33  Found 11 models, 35 data tests, 4 sources, 839 macros
[2026-08-15T00:41:33.248+0000] {logging_mixin.py:190} INFO - 00:41:33
[2026-08-15T00:41:33.357+0000] {logging_mixin.py:190} INFO - 00:41:33  [WARNING]: SSL certificate validation is disabled by default. It is legacy behavior which will be changed in future releases. It is strongly advised to enable `require_certificate_validation` flag or explicitly set `cert` configuration to `True` for security reasons. You may receive an error after that if your SSL setup is incorrect.
You may opt into the new behavior sooner by setting `flags.require_certificate_validation` to `True` in `dbt_project.yml`.
Visit https://docs.getdbt.com/reference/global-configs/behavior-changes for more information.
[2026-08-15T00:41:36.110+0000] {logging_mixin.py:190} INFO - 00:41:36  Concurrency: 1 threads (target='dev')
[2026-08-15T00:41:36.127+0000] {logging_mixin.py:190} INFO - 00:41:36
[2026-08-15T00:41:36.147+0000] {logging_mixin.py:190} INFO - 00:41:36  1 of 1 START sql incremental model gold.fact_order_requests .................... [RUN]
[2026-08-15T00:42:01.493+0000] {logging_mixin.py:190} INFO - 00:42:01  1 of 1 OK created sql incremental model gold.fact_order_requests ............... [CREATE TABLE (107_835 rows) in 25.32s]
[2026-08-15T00:42:01.530+0000] {logging_mixin.py:190} INFO - 00:42:01
[2026-08-15T00:42:01.545+0000] {logging_mixin.py:190} INFO - 00:42:01  Finished running 1 incremental model in 0 hours 0 minutes and 28.28 seconds (28.28s).
[2026-08-15T00:42:01.687+0000] {logging_mixin.py:190} INFO - 00:42:01
[2026-08-15T00:42:01.691+0000] {logging_mixin.py:190} INFO - 00:42:01  Completed successfully
[2026-08-15T00:42:01.710+0000] {logging_mixin.py:190} INFO - 00:42:01
[2026-08-15T00:42:01.723+0000] {logging_mixin.py:190} INFO - 00:42:01  Done. PASS=1 WARN=0 ERROR=0 SKIP=0 TOTAL=1
[2026-08-15T00:42:03.107+0000] {local.py:196} WARNING - Artifact schema version: https://schemas.getdbt.com/dbt/manifest/v12.json is above dbt-ol supported version 7. This might cause errors.
[2026-08-15T00:42:03.117+0000] {local.py:594} INFO - Inlets: []
[2026-08-15T00:42:03.120+0000] {local.py:595} INFO - Outlets: []
[2026-08-15T00:42:03.122+0000] {local.py:886} INFO - Assigning inlets/outlets with DatasetAlias in Airflow 2
[2026-08-15T00:42:03.276+0000] {taskinstance.py:340} INFO - ::group::Post task execution logs
[2026-08-15T00:42:03.277+0000] {taskinstance.py:352} INFO - Marking task as SUCCESS. dag_id=dbt_gold_full_load, task_id=transform_gold.fact_order_requests.run, run_id=manual__2026-08-15T00:40:45.984547+00:00, execution_date=20260815T004045, start_date=20260815T004055, end_date=20260815T004203
[2026-08-15T00:42:04.097+0000] {_client.py:1026} INFO - HTTP Request: GET https://astronomer.gateway.scarf.sh/astronomer-cosmos/v3/task_instance?cosmos_version=1.15.0&airflow_version=2.10.2&python_version=3.10.15&platform_system=Linux&platform_machine=x86_64&status=success&operator_name=DbtRunLocalOperator&is_cosmos_operator_subclass=False&invocation_mode=dbt_runner&execution_mode=local&profile_strategy=yaml_file&profile_mapping_class=None&database=trino&is_mapped_task=False&dbt_command=run&install_deps=True&has_callback=False&duration=67.703868 "HTTP/1.1 200 OK"
[2026-08-15T00:42:04.178+0000] {local_task_job_runner.py:266} INFO - Task exited with return code 0
[2026-08-15T00:42:04.263+0000] {taskinstance.py:3900} INFO - 0 downstream tasks scheduled from follow-on schedule check
[2026-08-15T00:42:04.268+0000] {local_task_job_runner.py:245} INFO - ::endgroup::
