[2026-07-15T03:06:00.511+0000] {local_task_job_runner.py:123} INFO - ::group::Pre task execution logs
[2026-07-15T03:06:00.532+0000] {taskinstance.py:2612} INFO - Dependencies all met for dep_context=non-requeueable deps ti=<TaskInstance: dbt_silver_gold_incremental.transform_silver.stg__consumer_complaints.run manual__2026-07-15T03:05:54.231585+00:00 [queued]>
[2026-07-15T03:06:00.544+0000] {taskinstance.py:2612} INFO - Dependencies all met for dep_context=requeueable deps ti=<TaskInstance: dbt_silver_gold_incremental.transform_silver.stg__consumer_complaints.run manual__2026-07-15T03:05:54.231585+00:00 [queued]>
[2026-07-15T03:06:00.551+0000] {taskinstance.py:2865} INFO - Starting attempt 1 of 2
[2026-07-15T03:06:00.567+0000] {taskinstance.py:2888} INFO - Executing <Task(DbtRunLocalOperator): transform_silver.stg__consumer_complaints.run> on 2026-07-15 03:05:54.231585+00:00
[2026-07-15T03:06:00.572+0000] {standard_task_runner.py:72} INFO - Started process 11106 to run task
[2026-07-15T03:06:00.577+0000] {standard_task_runner.py:104} INFO - Running: ['airflow', 'tasks', 'run', 'dbt_silver_gold_incremental', 'transform_silver.stg__consumer_complaints.run', 'manual__2026-07-15T03:05:54.231585+00:00', '--job-id', '56', '--raw', '--subdir', 'DAGS_FOLDER/dbt_silver_gold.py', '--cfg-path', '/tmp/tmpxscsfcay']
[2026-07-15T03:06:00.581+0000] {standard_task_runner.py:105} INFO - Job 56: Subtask transform_silver.stg__consumer_complaints.run
[2026-07-15T03:06:00.662+0000] {task_command.py:467} INFO - Running <TaskInstance: dbt_silver_gold_incremental.transform_silver.stg__consumer_complaints.run manual__2026-07-15T03:05:54.231585+00:00 [running]> on host 46914d9ee5b9
[2026-07-15T03:06:00.745+0000] {taskinstance.py:3131} INFO - Exporting env vars: AIRFLOW_CTX_DAG_OWNER='data_engineer' AIRFLOW_CTX_DAG_ID='dbt_silver_gold_incremental' AIRFLOW_CTX_TASK_ID='transform_silver.stg__consumer_complaints.run' AIRFLOW_CTX_EXECUTION_DATE='2026-07-15T03:05:54.231585+00:00' AIRFLOW_CTX_TRY_NUMBER='1' AIRFLOW_CTX_DAG_RUN_ID='manual__2026-07-15T03:05:54.231585+00:00'
[2026-07-15T03:06:00.748+0000] {taskinstance.py:731} INFO - ::endgroup::
[2026-07-15T03:06:01.766+0000] {local.py:294} INFO - dbtRunner is available. Using dbtRunner for invoking dbt.
[2026-07-15T03:06:01.769+0000] {local.py:518} INFO - Cloning project to writable temp directory /tmp/tmp4uqs_wei from /opt/airflow/dbt_transform
[2026-07-15T03:06:01.778+0000] {local.py:538} INFO - Partial parse is enabled and the latest partial parse file is /tmp/cosmos/dbt_silver_gold_incremental__transform_silver/target/partial_parse.msgpack
[2026-07-15T03:06:01.789+0000] {config.py:395} INFO - Using user-supplied profiles.yml at /opt/airflow/dbt_transform/profiles.yml
[2026-07-15T03:06:01.798+0000] {runner.py:95} INFO - Trying to run dbtRunner with:
 ['deps', '--project-dir', '/tmp/tmp4uqs_wei', '--profiles-dir', '/opt/airflow/dbt_transform', '--profile', 'lakehouse_dbt', '--target', 'dev', '--no-static-parser']
 in /tmp/tmp4uqs_wei
[2026-07-15T03:06:01.862+0000] {logging_mixin.py:190} INFO - 03:06:01  Running with dbt=1.8.8
[2026-07-15T03:06:01.969+0000] {converter.py:314} INFO - ::group::Cosmos DAG parsing logs
[2026-07-15T03:06:01.974+0000] {graph.py:869} INFO - Trying to parse the dbt project using dbt ls cache cosmos_cache__dbt_silver_gold_incremental__transform_silver...
[2026-07-15T03:06:03.213+0000] {cache.py:383} INFO - Cosmos performance: time to calculate cache identifier cosmos_cache__dbt_silver_gold_incremental__transform_silver for current version: 1.226220006999938
[2026-07-15T03:06:03.214+0000] {graph.py:886} INFO - Cosmos performance [46914d9ee5b9|11106]: The cache size for cosmos_cache__dbt_silver_gold_incremental__transform_silver is 5960
[2026-07-15T03:06:03.215+0000] {graph.py:898} INFO - Cosmos performance: Cache hit for cosmos_cache__dbt_silver_gold_incremental__transform_silver - 8dcc078b1dfa9dffbe5c77c325890f8f,5e34606eb5f2b3dea81a8e19fa3ba138
[2026-07-15T03:06:03.216+0000] {graph.py:799} INFO - Total nodes: 7
[2026-07-15T03:06:03.218+0000] {graph.py:800} INFO - Total filtered nodes: 7
[2026-07-15T03:06:03.218+0000] {converter.py:361} INFO - Cosmos performance (dbt_silver_gold_incremental__transform_silver) - [46914d9ee5b9|11106]: It took 1.24s to parse the dbt project for DAG using dbt_ls_cache
[2026-07-15T03:06:03.227+0000] {converter.py:413} INFO - Cosmos performance (dbt_silver_gold_incremental__transform_silver) - [46914d9ee5b9|11106]: It took 0.00885s to build the Airflow DAG.
[2026-07-15T03:06:03.229+0000] {converter.py:420} INFO - ::endgroup::Cosmos DAG parsing logs
[2026-07-15T03:06:03.230+0000] {converter.py:314} INFO - ::group::Cosmos DAG parsing logs
[2026-07-15T03:06:03.232+0000] {graph.py:869} INFO - Trying to parse the dbt project using dbt ls cache cosmos_cache__dbt_silver_gold_incremental__transform_gold...
[2026-07-15T03:06:04.533+0000] {cache.py:383} INFO - Cosmos performance: time to calculate cache identifier cosmos_cache__dbt_silver_gold_incremental__transform_gold for current version: 1.287768765999317
[2026-07-15T03:06:04.534+0000] {graph.py:886} INFO - Cosmos performance [46914d9ee5b9|11106]: The cache size for cosmos_cache__dbt_silver_gold_incremental__transform_gold is 35989
[2026-07-15T03:06:04.537+0000] {graph.py:898} INFO - Cosmos performance: Cache hit for cosmos_cache__dbt_silver_gold_incremental__transform_gold - 8dcc078b1dfa9dffbe5c77c325890f8f,304321e940a9403dceb380589bd0566f
[2026-07-15T03:06:04.538+0000] {graph.py:799} INFO - Total nodes: 39
[2026-07-15T03:06:04.539+0000] {graph.py:800} INFO - Total filtered nodes: 39
[2026-07-15T03:06:04.541+0000] {converter.py:361} INFO - Cosmos performance (dbt_silver_gold_incremental__transform_gold) - [46914d9ee5b9|11106]: It took 1.31s to parse the dbt project for DAG using dbt_ls_cache
[2026-07-15T03:06:04.571+0000] {converter.py:413} INFO - Cosmos performance (dbt_silver_gold_incremental__transform_gold) - [46914d9ee5b9|11106]: It took 0.0309s to build the Airflow DAG.
[2026-07-15T03:06:04.573+0000] {converter.py:420} INFO - ::endgroup::Cosmos DAG parsing logs
[2026-07-15T03:06:04.578+0000] {converter.py:314} INFO - ::group::Cosmos DAG parsing logs
[2026-07-15T03:06:04.582+0000] {graph.py:869} INFO - Trying to parse the dbt project using dbt ls cache cosmos_cache__dbt_silver_gold_full_load__transform_silver...
[2026-07-15T03:06:05.813+0000] {cache.py:383} INFO - Cosmos performance: time to calculate cache identifier cosmos_cache__dbt_silver_gold_full_load__transform_silver for current version: 1.2182678519993715
[2026-07-15T03:06:05.814+0000] {graph.py:886} INFO - Cosmos performance [46914d9ee5b9|11106]: The cache size for cosmos_cache__dbt_silver_gold_full_load__transform_silver is 5960
[2026-07-15T03:06:05.815+0000] {graph.py:898} INFO - Cosmos performance: Cache hit for cosmos_cache__dbt_silver_gold_full_load__transform_silver - 8dcc078b1dfa9dffbe5c77c325890f8f,5e34606eb5f2b3dea81a8e19fa3ba138
[2026-07-15T03:06:05.816+0000] {graph.py:799} INFO - Total nodes: 7
[2026-07-15T03:06:05.817+0000] {graph.py:800} INFO - Total filtered nodes: 7
[2026-07-15T03:06:05.818+0000] {converter.py:361} INFO - Cosmos performance (dbt_silver_gold_full_load__transform_silver) - [46914d9ee5b9|11106]: It took 1.24s to parse the dbt project for DAG using dbt_ls_cache
[2026-07-15T03:06:05.826+0000] {converter.py:413} INFO - Cosmos performance (dbt_silver_gold_full_load__transform_silver) - [46914d9ee5b9|11106]: It took 0.00797s to build the Airflow DAG.
[2026-07-15T03:06:05.827+0000] {converter.py:420} INFO - ::endgroup::Cosmos DAG parsing logs
[2026-07-15T03:06:05.828+0000] {converter.py:314} INFO - ::group::Cosmos DAG parsing logs
[2026-07-15T03:06:05.831+0000] {graph.py:869} INFO - Trying to parse the dbt project using dbt ls cache cosmos_cache__dbt_silver_gold_full_load__transform_gold...
[2026-07-15T03:06:07.059+0000] {cache.py:383} INFO - Cosmos performance: time to calculate cache identifier cosmos_cache__dbt_silver_gold_full_load__transform_gold for current version: 1.2188017010003023
[2026-07-15T03:06:07.060+0000] {graph.py:886} INFO - Cosmos performance [46914d9ee5b9|11106]: The cache size for cosmos_cache__dbt_silver_gold_full_load__transform_gold is 35989
[2026-07-15T03:06:07.062+0000] {graph.py:898} INFO - Cosmos performance: Cache hit for cosmos_cache__dbt_silver_gold_full_load__transform_gold - 8dcc078b1dfa9dffbe5c77c325890f8f,304321e940a9403dceb380589bd0566f
[2026-07-15T03:06:07.063+0000] {graph.py:799} INFO - Total nodes: 39
[2026-07-15T03:06:07.064+0000] {graph.py:800} INFO - Total filtered nodes: 39
[2026-07-15T03:06:07.065+0000] {converter.py:361} INFO - Cosmos performance (dbt_silver_gold_full_load__transform_gold) - [46914d9ee5b9|11106]: It took 1.23s to parse the dbt project for DAG using dbt_ls_cache
[2026-07-15T03:06:07.093+0000] {converter.py:413} INFO - Cosmos performance (dbt_silver_gold_full_load__transform_gold) - [46914d9ee5b9|11106]: It took 0.0273s to build the Airflow DAG.
[2026-07-15T03:06:07.094+0000] {converter.py:420} INFO - ::endgroup::Cosmos DAG parsing logs
[2026-07-15T03:06:07.881+0000] {logging_mixin.py:190} INFO - 03:06:07  Installing dbt-labs/dbt_utils
[2026-07-15T03:06:08.530+0000] {logging_mixin.py:190} INFO - 03:06:08  Installed from version 1.3.0
[2026-07-15T03:06:08.533+0000] {logging_mixin.py:190} INFO - 03:06:08  Updated version available: 1.4.1
[2026-07-15T03:06:08.535+0000] {logging_mixin.py:190} INFO - 03:06:08  Installing metaplane/dbt_expectations
[2026-07-15T03:06:09.469+0000] {logging_mixin.py:190} INFO - 03:06:09  Installed from version 0.10.8
[2026-07-15T03:06:09.472+0000] {logging_mixin.py:190} INFO - 03:06:09  Updated version available: 0.10.10
[2026-07-15T03:06:09.476+0000] {logging_mixin.py:190} INFO - 03:06:09  Installing godatadriven/dbt_date
[2026-07-15T03:06:10.021+0000] {logging_mixin.py:190} INFO - 03:06:10  Installed from version 0.15.0
[2026-07-15T03:06:10.023+0000] {logging_mixin.py:190} INFO - 03:06:10  Up to date!
[2026-07-15T03:06:10.026+0000] {logging_mixin.py:190} INFO - 03:06:10
[2026-07-15T03:06:10.028+0000] {logging_mixin.py:190} INFO - 03:06:10  Updates available for packages: ['dbt-labs/dbt_utils', 'metaplane/dbt_expectations']                 
Update your versions in packages.yml, then run dbt deps
[2026-07-15T03:06:11.454+0000] {runner.py:95} INFO - Trying to run dbtRunner with:
 ['run', '--select', 'fqn:consumer_complaints_transformation.staging.stg__consumer_complaints', '--project-dir', '/tmp/tmp4uqs_wei', '--profiles-dir', '/opt/airflow/dbt_transform', '--profile', 'lakehouse_dbt', '--target', 'dev', '--no-static-parser']
 in /tmp/tmp4uqs_wei
[2026-07-15T03:06:11.483+0000] {logging_mixin.py:190} INFO - 03:06:11  Running with dbt=1.8.8
[2026-07-15T03:06:11.515+0000] {auth.py:343} INFO - keyring module not found. OAuth2 token will not be stored in keyring.
[2026-07-15T03:06:11.519+0000] {auth.py:343} INFO - keyring module not found. OAuth2 token will not be stored in keyring.
[2026-07-15T03:06:11.629+0000] {logging_mixin.py:190} INFO - 03:06:11  Registered adapter: trino=1.8.5
[2026-07-15T03:06:12.356+0000] {logging_mixin.py:190} INFO - 03:06:12  [WARNING]: Deprecated functionality
The `tests` config has been renamed to `data_tests`. Please see
https://docs.getdbt.com/docs/build/data-tests#new-data_tests-syntax for more
information.
[2026-07-15T03:06:12.709+0000] {logging_mixin.py:190} INFO - 03:06:12  Found 8 models, 40 data tests, 1 source, 9 metrics, 838 macros, 5 semantic models
[2026-07-15T03:06:12.713+0000] {logging_mixin.py:190} INFO - 03:06:12
[2026-07-15T03:06:12.742+0000] {logging_mixin.py:190} INFO - 03:06:12  [WARNING]: SSL certificate validation is disabled by default. It is legacy behavior which will be changed in future releases. It is strongly advised to enable `require_certificate_validation` flag or explicitly set `cert` configuration to `True` for security reasons. You may receive an error after that if your SSL setup is incorrect.
You may opt into the new behavior sooner by setting `flags.require_certificate_validation` to `True` in `dbt_project.yml`.
Visit https://docs.getdbt.com/reference/global-configs/behavior-changes for more information.
[2026-07-15T03:06:13.102+0000] {logging_mixin.py:190} INFO - 03:06:13  Concurrency: 4 threads (target='dev')
[2026-07-15T03:06:13.105+0000] {logging_mixin.py:190} INFO - 03:06:13
[2026-07-15T03:06:13.110+0000] {logging_mixin.py:190} INFO - 03:06:13  1 of 1 START sql incremental model silver.stg__consumer_complaints ............. [RUN]
[2026-07-15T03:06:14.462+0000] {logging_mixin.py:190} INFO - 03:06:14  1 of 1 ERROR creating sql incremental model silver.stg__consumer_complaints .... [ERROR in 1.35s]
[2026-07-15T03:06:14.477+0000] {logging_mixin.py:190} INFO - 03:06:14
[2026-07-15T03:06:14.488+0000] {logging_mixin.py:190} INFO - 03:06:14  Finished running 1 incremental model in 0 hours 0 minutes and 1.76 seconds (1.76s).
[2026-07-15T03:06:14.789+0000] {logging_mixin.py:190} INFO - 03:06:14
[2026-07-15T03:06:14.794+0000] {logging_mixin.py:190} INFO - 03:06:14  Completed with 1 error and 0 warnings:
[2026-07-15T03:06:14.797+0000] {logging_mixin.py:190} INFO - 03:06:14
[2026-07-15T03:06:14.799+0000] {logging_mixin.py:190} INFO - 03:06:14    Database Error in model stg__consumer_complaints (models/staging/stg__consumer_complaints.sql)
  TrinoExternalError(type=EXTERNAL, name=ICEBERG_COMMIT_ERROR, message="Failed to commit the transaction during insert: Cannot commit: ref hash is out of date. Update the ref 'main' and try again", query_id=20260715_024918_00299_xp3hr)
[2026-07-15T03:06:14.802+0000] {logging_mixin.py:190} INFO - 03:06:14
[2026-07-15T03:06:14.804+0000] {logging_mixin.py:190} INFO - 03:06:14  Done. PASS=0 WARN=0 ERROR=1 SKIP=0 TOTAL=1
[2026-07-15T03:06:15.914+0000] {local.py:196} WARNING - Artifact schema version: https://schemas.getdbt.com/dbt/manifest/v12.json is above dbt-ol supported version 7. This might cause errors.
[2026-07-15T03:06:15.920+0000] {local.py:594} INFO - Inlets: []
[2026-07-15T03:06:15.922+0000] {local.py:595} INFO - Outlets: []
[2026-07-15T03:06:15.923+0000] {local.py:886} INFO - Assigning inlets/outlets with DatasetAlias in Airflow 2
[2026-07-15T03:06:15.947+0000] {taskinstance.py:3310} ERROR - Task failed with exception
Traceback (most recent call last):
  File "/home/airflow/.local/lib/python3.10/site-packages/airflow/models/taskinstance.py", line 767, in _execute_task
    result = _execute_callable(context=context, **execute_callable_kwargs)
  File "/home/airflow/.local/lib/python3.10/site-packages/airflow/models/taskinstance.py", line 733, in _execute_callable
    return ExecutionCallableRunner(
  File "/home/airflow/.local/lib/python3.10/site-packages/airflow/utils/operator_helpers.py", line 252, in run
    return self.func(*args, **kwargs)
  File "/home/airflow/.local/lib/python3.10/site-packages/cosmos/operators/base.py", line 346, in execute
    self.build_and_run_cmd(context=context, cmd_flags=self.add_cmd_flags(), **kwargs)
  File "/home/airflow/.local/lib/python3.10/site-packages/cosmos/operators/local.py", line 968, in build_and_run_cmd
    result = self.run_command(
  File "/home/airflow/.local/lib/python3.10/site-packages/cosmos/operators/local.py", line 743, in run_command
    self.handle_exception(result)
  File "/home/airflow/.local/lib/python3.10/site-packages/cosmos/operators/local.py", line 308, in handle_exception_dbt_runner
    return dbt_runner.handle_exception_if_needed(result)
  File "/home/airflow/.local/lib/python3.10/site-packages/cosmos/dbt/runner.py", line 156, in handle_exception_if_needed
    raise CosmosDbtRunError(f"dbt invocation completed with errors: {error_message}")
cosmos.exceptions.CosmosDbtRunError: dbt invocation completed with errors: stg__consumer_complaints: Database Error in model stg__consumer_complaints (models/staging/stg__consumer_complaints.sql)
  TrinoExternalError(type=EXTERNAL, name=ICEBERG_COMMIT_ERROR, message="Failed to commit the transaction during insert: Cannot commit: ref hash is out of date. Update the ref 'main' and try again", query_id=20260715_024918_00299_xp3hr)
[2026-07-15T03:06:16.799+0000] {_client.py:1026} INFO - HTTP Request: GET https://astronomer.gateway.scarf.sh/astronomer-cosmos/v3/task_instance?cosmos_version=1.15.0&airflow_version=2.10.2&python_version=3.10.15&platform_system=Linux&platform_machine=x86_64&status=failed&operator_name=DbtRunLocalOperator&is_cosmos_operator_subclass=False&invocation_mode=dbt_runner&execution_mode=local&profile_strategy=yaml_file&profile_mapping_class=None&database=trino&is_mapped_task=False&dbt_command=run&install_deps=True&has_callback=False&duration=15.424371 "HTTP/1.1 200 OK"
[2026-07-15T03:06:16.803+0000] {taskinstance.py:1225} INFO - Marking task as UP_FOR_RETRY. dag_id=dbt_silver_gold_incremental, task_id=transform_silver.stg__consumer_complaints.run, run_id=manual__2026-07-15T03:05:54.231585+00:00, execution_date=20260715T030554, start_date=20260715T030600, end_date=20260715T030615
[2026-07-15T03:06:16.823+0000] {taskinstance.py:340} INFO - ::group::Post task execution logs
[2026-07-15T03:06:16.825+0000] {standard_task_runner.py:124} ERROR - Failed to execute job 56 for task transform_silver.stg__consumer_complaints.run (dbt invocation completed with errors: stg__consumer_complaints: Database Error in model stg__consumer_complaints (models/staging/stg__consumer_complaints.sql)
  TrinoExternalError(type=EXTERNAL, name=ICEBERG_COMMIT_ERROR, message="Failed to commit the transaction during insert: Cannot commit: ref hash is out of date. Update the ref 'main' and try again", query_id=20260715_024918_00299_xp3hr); 11106)
Traceback (most recent call last):
  File "/home/airflow/.local/lib/python3.10/site-packages/airflow/task/task_runner/standard_task_runner.py", line 117, in _start_by_fork
    ret = args.func(args, dag=self.dag)
  File "/home/airflow/.local/lib/python3.10/site-packages/airflow/cli/cli_config.py", line 49, in command
    return func(*args, **kwargs)
  File "/home/airflow/.local/lib/python3.10/site-packages/airflow/utils/cli.py", line 115, in wrapper
    return f(*args, **kwargs)
  File "/home/airflow/.local/lib/python3.10/site-packages/airflow/cli/commands/task_command.py", line 483, in task_run
    task_return_code = _run_task_by_selected_method(args, _dag, ti)
  File "/home/airflow/.local/lib/python3.10/site-packages/airflow/cli/commands/task_command.py", line 256, in _run_task_by_selected_method
    return _run_raw_task(args, ti)
  File "/home/airflow/.local/lib/python3.10/site-packages/airflow/cli/commands/task_command.py", line 341, in _run_raw_task
    return ti._run_raw_task(
  File "/home/airflow/.local/lib/python3.10/site-packages/airflow/utils/session.py", line 97, in wrapper
    return func(*args, session=session, **kwargs)
  File "/home/airflow/.local/lib/python3.10/site-packages/airflow/models/taskinstance.py", line 3004, in _run_raw_task
    return _run_raw_task(
  File "/home/airflow/.local/lib/python3.10/site-packages/airflow/models/taskinstance.py", line 273, in _run_raw_task
    TaskInstance._execute_task_with_callbacks(
  File "/home/airflow/.local/lib/python3.10/site-packages/airflow/models/taskinstance.py", line 3158, in _execute_task_with_callbacks
    result = self._execute_task(context, task_orig)
  File "/home/airflow/.local/lib/python3.10/site-packages/airflow/models/taskinstance.py", line 3182, in _execute_task
    return _execute_task(self, context, task_orig)
  File "/home/airflow/.local/lib/python3.10/site-packages/airflow/models/taskinstance.py", line 767, in _execute_task
    result = _execute_callable(context=context, **execute_callable_kwargs)
  File "/home/airflow/.local/lib/python3.10/site-packages/airflow/models/taskinstance.py", line 733, in _execute_callable
    return ExecutionCallableRunner(
  File "/home/airflow/.local/lib/python3.10/site-packages/airflow/utils/operator_helpers.py", line 252, in run
    return self.func(*args, **kwargs)
  File "/home/airflow/.local/lib/python3.10/site-packages/cosmos/operators/base.py", line 346, in execute
    self.build_and_run_cmd(context=context, cmd_flags=self.add_cmd_flags(), **kwargs)
  File "/home/airflow/.local/lib/python3.10/site-packages/cosmos/operators/local.py", line 968, in build_and_run_cmd
    result = self.run_command(
  File "/home/airflow/.local/lib/python3.10/site-packages/cosmos/operators/local.py", line 743, in run_command
    self.handle_exception(result)
  File "/home/airflow/.local/lib/python3.10/site-packages/cosmos/operators/local.py", line 308, in handle_exception_dbt_runner
    return dbt_runner.handle_exception_if_needed(result)
  File "/home/airflow/.local/lib/python3.10/site-packages/cosmos/dbt/runner.py", line 156, in handle_exception_if_needed
    raise CosmosDbtRunError(f"dbt invocation completed with errors: {error_message}")
cosmos.exceptions.CosmosDbtRunError: dbt invocation completed with errors: stg__consumer_complaints: Database Error in model stg__consumer_complaints (models/staging/stg__consumer_complaints.sql)
  TrinoExternalError(type=EXTERNAL, name=ICEBERG_COMMIT_ERROR, message="Failed to commit the transaction during insert: Cannot commit: ref hash is out of date. Update the ref 'main' and try again", query_id=20260715_024918_00299_xp3hr)
[2026-07-15T03:06:16.853+0000] {local_task_job_runner.py:266} INFO - Task exited with return code 1
[2026-07-15T03:06:16.880+0000] {taskinstance.py:3900} INFO - 0 downstream tasks scheduled from follow-on schedule check
[2026-07-15T03:06:16.883+0000] {local_task_job_runner.py:245} INFO - ::endgroup::
