[2026-07-21T02:34:27.624+0000] {local_task_job_runner.py:123} INFO - ::group::Pre task execution logs
[2026-07-21T02:34:27.653+0000] {taskinstance.py:2612} INFO - Dependencies all met for dep_context=non-requeueable deps ti=<TaskInstance: dbt_silver_gold_incremental.transform_gold.dim_products.run manual__2026-07-21T02:33:05.066855+00:00 [queued]>
[2026-07-21T02:34:27.667+0000] {taskinstance.py:2612} INFO - Dependencies all met for dep_context=requeueable deps ti=<TaskInstance: dbt_silver_gold_incremental.transform_gold.dim_products.run manual__2026-07-21T02:33:05.066855+00:00 [queued]>
[2026-07-21T02:34:27.669+0000] {taskinstance.py:2865} INFO - Starting attempt 1 of 2
[2026-07-21T02:34:27.690+0000] {taskinstance.py:2888} INFO - Executing <Task(DbtRunLocalOperator): transform_gold.dim_products.run> on 2026-07-21 02:33:05.066855+00:00
[2026-07-21T02:34:27.702+0000] {standard_task_runner.py:72} INFO - Started process 1629 to run task
[2026-07-21T02:34:27.707+0000] {standard_task_runner.py:104} INFO - Running: ['airflow', 'tasks', 'run', 'dbt_silver_gold_incremental', 'transform_gold.dim_products.run', 'manual__2026-07-21T02:33:05.066855+00:00', '--job-id', '19', '--raw', '--subdir', 'DAGS_FOLDER/dbt_silver_gold.py', '--cfg-path', '/tmp/tmp8ipov1vl']
[2026-07-21T02:34:27.716+0000] {standard_task_runner.py:105} INFO - Job 19: Subtask transform_gold.dim_products.run
[2026-07-21T02:34:27.844+0000] {task_command.py:467} INFO - Running <TaskInstance: dbt_silver_gold_incremental.transform_gold.dim_products.run manual__2026-07-21T02:33:05.066855+00:00 [running]> on host 18b5701cc869
[2026-07-21T02:34:27.981+0000] {taskinstance.py:3131} INFO - Exporting env vars: AIRFLOW_CTX_DAG_OWNER='data_engineer' AIRFLOW_CTX_DAG_ID='dbt_silver_gold_incremental' AIRFLOW_CTX_TASK_ID='transform_gold.dim_products.run' AIRFLOW_CTX_EXECUTION_DATE='2026-07-21T02:33:05.066855+00:00' AIRFLOW_CTX_TRY_NUMBER='1' AIRFLOW_CTX_DAG_RUN_ID='manual__2026-07-21T02:33:05.066855+00:00'
[2026-07-21T02:34:27.985+0000] {taskinstance.py:731} INFO - ::endgroup::
[2026-07-21T02:34:29.746+0000] {local.py:294} INFO - dbtRunner is available. Using dbtRunner for invoking dbt.
[2026-07-21T02:34:29.748+0000] {local.py:518} INFO - Cloning project to writable temp directory /tmp/tmpb1sib5kq from /opt/airflow/dbt_transform
[2026-07-21T02:34:29.759+0000] {local.py:538} INFO - Partial parse is enabled and the latest partial parse file is /tmp/cosmos/dbt_silver_gold_incremental__transform_gold/target/partial_parse.msgpack
[2026-07-21T02:34:29.779+0000] {config.py:395} INFO - Using user-supplied profiles.yml at /opt/airflow/dbt_transform/profiles.yml
[2026-07-21T02:34:29.794+0000] {runner.py:95} INFO - Trying to run dbtRunner with:
 ['deps', '--project-dir', '/tmp/tmpb1sib5kq', '--profiles-dir', '/opt/airflow/dbt_transform', '--profile', 'lakehouse_dbt', '--target', 'dev', '--no-static-parser']
 in /tmp/tmpb1sib5kq
[2026-07-21T02:34:29.903+0000] {logging_mixin.py:190} INFO - 02:34:29  Running with dbt=1.8.8
[2026-07-21T02:34:30.078+0000] {converter.py:314} INFO - ::group::Cosmos DAG parsing logs
[2026-07-21T02:34:30.081+0000] {graph.py:869} INFO - Trying to parse the dbt project using dbt ls cache cosmos_cache__dbt_silver_gold_incremental__transform_silver...
[2026-07-21T02:34:32.090+0000] {cache.py:383} INFO - Cosmos performance: time to calculate cache identifier cosmos_cache__dbt_silver_gold_incremental__transform_silver for current version: 1.991506371000014
[2026-07-21T02:34:32.092+0000] {graph.py:886} INFO - Cosmos performance [18b5701cc869|1629]: The cache size for cosmos_cache__dbt_silver_gold_incremental__transform_silver is 5960
[2026-07-21T02:34:32.093+0000] {graph.py:898} INFO - Cosmos performance: Cache hit for cosmos_cache__dbt_silver_gold_incremental__transform_silver - b818229f091e48780fea406b13897451,5e34606eb5f2b3dea81a8e19fa3ba138
[2026-07-21T02:34:32.094+0000] {graph.py:799} INFO - Total nodes: 7
[2026-07-21T02:34:32.096+0000] {graph.py:800} INFO - Total filtered nodes: 7
[2026-07-21T02:34:32.097+0000] {converter.py:361} INFO - Cosmos performance (dbt_silver_gold_incremental__transform_silver) - [18b5701cc869|1629]: It took 2.02s to parse the dbt project for DAG using dbt_ls_cache
[2026-07-21T02:34:32.108+0000] {converter.py:413} INFO - Cosmos performance (dbt_silver_gold_incremental__transform_silver) - [18b5701cc869|1629]: It took 0.0103s to build the Airflow DAG.
[2026-07-21T02:34:32.109+0000] {converter.py:420} INFO - ::endgroup::Cosmos DAG parsing logs
[2026-07-21T02:34:32.110+0000] {converter.py:314} INFO - ::group::Cosmos DAG parsing logs
[2026-07-21T02:34:32.114+0000] {graph.py:869} INFO - Trying to parse the dbt project using dbt ls cache cosmos_cache__dbt_silver_gold_incremental__transform_gold...
[2026-07-21T02:34:34.151+0000] {cache.py:383} INFO - Cosmos performance: time to calculate cache identifier cosmos_cache__dbt_silver_gold_incremental__transform_gold for current version: 2.0230984730001182
[2026-07-21T02:34:34.153+0000] {graph.py:886} INFO - Cosmos performance [18b5701cc869|1629]: The cache size for cosmos_cache__dbt_silver_gold_incremental__transform_gold is 35986
[2026-07-21T02:34:34.155+0000] {graph.py:898} INFO - Cosmos performance: Cache hit for cosmos_cache__dbt_silver_gold_incremental__transform_gold - b818229f091e48780fea406b13897451,304321e940a9403dceb380589bd0566f
[2026-07-21T02:34:34.157+0000] {graph.py:799} INFO - Total nodes: 39
[2026-07-21T02:34:34.159+0000] {graph.py:800} INFO - Total filtered nodes: 39
[2026-07-21T02:34:34.160+0000] {converter.py:361} INFO - Cosmos performance (dbt_silver_gold_incremental__transform_gold) - [18b5701cc869|1629]: It took 2.05s to parse the dbt project for DAG using dbt_ls_cache
[2026-07-21T02:34:34.196+0000] {converter.py:413} INFO - Cosmos performance (dbt_silver_gold_incremental__transform_gold) - [18b5701cc869|1629]: It took 0.0355s to build the Airflow DAG.
[2026-07-21T02:34:34.197+0000] {converter.py:420} INFO - ::endgroup::Cosmos DAG parsing logs
[2026-07-21T02:34:34.199+0000] {converter.py:314} INFO - ::group::Cosmos DAG parsing logs
[2026-07-21T02:34:34.203+0000] {graph.py:869} INFO - Trying to parse the dbt project using dbt ls cache cosmos_cache__dbt_silver_gold_full_load__transform_silver...
[2026-07-21T02:34:36.407+0000] {cache.py:383} INFO - Cosmos performance: time to calculate cache identifier cosmos_cache__dbt_silver_gold_full_load__transform_silver for current version: 2.1890165640002124
[2026-07-21T02:34:36.409+0000] {graph.py:886} INFO - Cosmos performance [18b5701cc869|1629]: The cache size for cosmos_cache__dbt_silver_gold_full_load__transform_silver is 5960
[2026-07-21T02:34:36.411+0000] {graph.py:898} INFO - Cosmos performance: Cache hit for cosmos_cache__dbt_silver_gold_full_load__transform_silver - b818229f091e48780fea406b13897451,5e34606eb5f2b3dea81a8e19fa3ba138
[2026-07-21T02:34:36.412+0000] {graph.py:799} INFO - Total nodes: 7
[2026-07-21T02:34:36.414+0000] {graph.py:800} INFO - Total filtered nodes: 7
[2026-07-21T02:34:36.415+0000] {converter.py:361} INFO - Cosmos performance (dbt_silver_gold_full_load__transform_silver) - [18b5701cc869|1629]: It took 2.21s to parse the dbt project for DAG using dbt_ls_cache
[2026-07-21T02:34:36.427+0000] {converter.py:413} INFO - Cosmos performance (dbt_silver_gold_full_load__transform_silver) - [18b5701cc869|1629]: It took 0.0122s to build the Airflow DAG.
[2026-07-21T02:34:36.428+0000] {converter.py:420} INFO - ::endgroup::Cosmos DAG parsing logs
[2026-07-21T02:34:36.430+0000] {converter.py:314} INFO - ::group::Cosmos DAG parsing logs
[2026-07-21T02:34:36.434+0000] {graph.py:869} INFO - Trying to parse the dbt project using dbt ls cache cosmos_cache__dbt_silver_gold_full_load__transform_gold...
[2026-07-21T02:34:38.677+0000] {cache.py:383} INFO - Cosmos performance: time to calculate cache identifier cosmos_cache__dbt_silver_gold_full_load__transform_gold for current version: 2.2278825379999034
[2026-07-21T02:34:38.679+0000] {graph.py:886} INFO - Cosmos performance [18b5701cc869|1629]: The cache size for cosmos_cache__dbt_silver_gold_full_load__transform_gold is 35986
[2026-07-21T02:34:38.681+0000] {graph.py:898} INFO - Cosmos performance: Cache hit for cosmos_cache__dbt_silver_gold_full_load__transform_gold - b818229f091e48780fea406b13897451,304321e940a9403dceb380589bd0566f
[2026-07-21T02:34:38.683+0000] {graph.py:799} INFO - Total nodes: 39
[2026-07-21T02:34:38.684+0000] {graph.py:800} INFO - Total filtered nodes: 39
[2026-07-21T02:34:38.685+0000] {converter.py:361} INFO - Cosmos performance (dbt_silver_gold_full_load__transform_gold) - [18b5701cc869|1629]: It took 2.25s to parse the dbt project for DAG using dbt_ls_cache
[2026-07-21T02:34:38.718+0000] {converter.py:413} INFO - Cosmos performance (dbt_silver_gold_full_load__transform_gold) - [18b5701cc869|1629]: It took 0.0326s to build the Airflow DAG.
[2026-07-21T02:34:38.719+0000] {converter.py:420} INFO - ::endgroup::Cosmos DAG parsing logs
[2026-07-21T02:34:39.400+0000] {logging_mixin.py:190} INFO - 02:34:39  Installing dbt-labs/dbt_utils
[2026-07-21T02:34:39.986+0000] {logging_mixin.py:190} INFO - 02:34:39  Installed from version 1.3.0
[2026-07-21T02:34:39.988+0000] {logging_mixin.py:190} INFO - 02:34:39  Updated version available: 1.4.1
[2026-07-21T02:34:39.991+0000] {logging_mixin.py:190} INFO - 02:34:39  Installing metaplane/dbt_expectations
[2026-07-21T02:34:41.242+0000] {logging_mixin.py:190} INFO - 02:34:41  Installed from version 0.10.8
[2026-07-21T02:34:41.244+0000] {logging_mixin.py:190} INFO - 02:34:41  Updated version available: 0.10.10
[2026-07-21T02:34:41.246+0000] {logging_mixin.py:190} INFO - 02:34:41  Installing godatadriven/dbt_date
[2026-07-21T02:34:42.573+0000] {logging_mixin.py:190} INFO - 02:34:42  Installed from version 0.15.0
[2026-07-21T02:34:42.575+0000] {logging_mixin.py:190} INFO - 02:34:42  Up to date!
[2026-07-21T02:34:42.577+0000] {logging_mixin.py:190} INFO - 02:34:42
[2026-07-21T02:34:42.579+0000] {logging_mixin.py:190} INFO - 02:34:42  Updates available for packages: ['dbt-labs/dbt_utils', 'metaplane/dbt_expectations']                 
Update your versions in packages.yml, then run dbt deps
[2026-07-21T02:34:43.769+0000] {runner.py:95} INFO - Trying to run dbtRunner with:
 ['run', '--select', 'fqn:consumer_complaints_transformation.marts.dim_products', '--project-dir', '/tmp/tmpb1sib5kq', '--profiles-dir', '/opt/airflow/dbt_transform', '--profile', 'lakehouse_dbt', '--target', 'dev', '--no-static-parser']
 in /tmp/tmpb1sib5kq
[2026-07-21T02:34:43.800+0000] {logging_mixin.py:190} INFO - 02:34:43  Running with dbt=1.8.8
[2026-07-21T02:34:43.839+0000] {auth.py:343} INFO - keyring module not found. OAuth2 token will not be stored in keyring.
[2026-07-21T02:34:43.843+0000] {auth.py:343} INFO - keyring module not found. OAuth2 token will not be stored in keyring.
[2026-07-21T02:34:44.006+0000] {logging_mixin.py:190} INFO - 02:34:44  Registered adapter: trino=1.8.5
[2026-07-21T02:34:44.564+0000] {logging_mixin.py:190} INFO - 02:34:44  Unable to do partial parsing because config vars, config profile, or config target have changed
[2026-07-21T02:34:47.400+0000] {logging_mixin.py:190} INFO - 02:34:47  [WARNING]: Deprecated functionality
The `tests` config has been renamed to `data_tests`. Please see
https://docs.getdbt.com/docs/build/data-tests#new-data_tests-syntax for more
information.
[2026-07-21T02:34:49.420+0000] {logging_mixin.py:190} INFO - 02:34:49  Found 8 models, 40 data tests, 1 source, 9 metrics, 839 macros, 5 semantic models
[2026-07-21T02:34:49.431+0000] {logging_mixin.py:190} INFO - 02:34:49
[2026-07-21T02:34:49.499+0000] {logging_mixin.py:190} INFO - 02:34:49  [WARNING]: SSL certificate validation is disabled by default. It is legacy behavior which will be changed in future releases. It is strongly advised to enable `require_certificate_validation` flag or explicitly set `cert` configuration to `True` for security reasons. You may receive an error after that if your SSL setup is incorrect.
You may opt into the new behavior sooner by setting `flags.require_certificate_validation` to `True` in `dbt_project.yml`.
Visit https://docs.getdbt.com/reference/global-configs/behavior-changes for more information.
[2026-07-21T02:34:50.307+0000] {logging_mixin.py:190} INFO - 02:34:50  Concurrency: 1 threads (target='dev')
[2026-07-21T02:34:50.314+0000] {logging_mixin.py:190} INFO - 02:34:50
[2026-07-21T02:34:50.335+0000] {logging_mixin.py:190} INFO - 02:34:50  1 of 1 START sql incremental model silver.dim_products ......................... [RUN]
[2026-07-21T02:34:51.930+0000] {logging_mixin.py:190} INFO - 02:34:51  1 of 1 OK created sql incremental model silver.dim_products .................... [CREATE TABLE (13 rows) in 1.59s]
[2026-07-21T02:34:51.942+0000] {logging_mixin.py:190} INFO - 02:34:51
[2026-07-21T02:34:51.945+0000] {logging_mixin.py:190} INFO - 02:34:51  Finished running 1 incremental model in 0 hours 0 minutes and 2.50 seconds (2.50s).
[2026-07-21T02:34:52.047+0000] {logging_mixin.py:190} INFO - 02:34:52
[2026-07-21T02:34:52.049+0000] {logging_mixin.py:190} INFO - 02:34:52  Completed successfully
[2026-07-21T02:34:52.053+0000] {logging_mixin.py:190} INFO - 02:34:52
[2026-07-21T02:34:52.057+0000] {logging_mixin.py:190} INFO - 02:34:52  Done. PASS=1 WARN=0 ERROR=0 SKIP=0 TOTAL=1
[2026-07-21T02:34:53.303+0000] {local.py:196} WARNING - Artifact schema version: https://schemas.getdbt.com/dbt/manifest/v12.json is above dbt-ol supported version 7. This might cause errors.
[2026-07-21T02:34:53.310+0000] {local.py:594} INFO - Inlets: []
[2026-07-21T02:34:53.312+0000] {local.py:595} INFO - Outlets: []
[2026-07-21T02:34:53.313+0000] {local.py:886} INFO - Assigning inlets/outlets with DatasetAlias in Airflow 2
[2026-07-21T02:34:53.376+0000] {taskinstance.py:340} INFO - ::group::Post task execution logs
[2026-07-21T02:34:53.378+0000] {taskinstance.py:352} INFO - Marking task as SUCCESS. dag_id=dbt_silver_gold_incremental, task_id=transform_gold.dim_products.run, run_id=manual__2026-07-21T02:33:05.066855+00:00, execution_date=20260721T023305, start_date=20260721T023427, end_date=20260721T023453
[2026-07-21T02:34:54.219+0000] {_client.py:1026} INFO - HTTP Request: GET https://astronomer.gateway.scarf.sh/astronomer-cosmos/v3/task_instance?cosmos_version=1.15.0&airflow_version=2.10.2&python_version=3.10.15&platform_system=Linux&platform_machine=x86_64&status=success&operator_name=DbtRunLocalOperator&is_cosmos_operator_subclass=False&invocation_mode=dbt_runner&execution_mode=local&profile_strategy=yaml_file&profile_mapping_class=None&database=trino&is_mapped_task=False&dbt_command=run&install_deps=True&has_callback=False&duration=25.723167 "HTTP/1.1 200 OK"
[2026-07-21T02:34:54.253+0000] {local_task_job_runner.py:266} INFO - Task exited with return code 0
[2026-07-21T02:34:54.280+0000] {taskinstance.py:3900} INFO - 0 downstream tasks scheduled from follow-on schedule check
[2026-07-21T02:34:54.284+0000] {local_task_job_runner.py:245} INFO - ::endgroup::
