[2026-07-15T02:42:37.789+0000] {local_task_job_runner.py:123} INFO - ::group::Pre task execution logs
[2026-07-15T02:42:37.809+0000] {taskinstance.py:2612} INFO - Dependencies all met for dep_context=non-requeueable deps ti=<TaskInstance: dbt_silver_gold_incremental.transform_gold.dim_locations.run manual__2026-07-15T02:37:53.942365+00:00 [queued]>
[2026-07-15T02:42:37.818+0000] {taskinstance.py:2612} INFO - Dependencies all met for dep_context=requeueable deps ti=<TaskInstance: dbt_silver_gold_incremental.transform_gold.dim_locations.run manual__2026-07-15T02:37:53.942365+00:00 [queued]>
[2026-07-15T02:42:37.820+0000] {taskinstance.py:2865} INFO - Starting attempt 2 of 2
[2026-07-15T02:42:37.833+0000] {taskinstance.py:2888} INFO - Executing <Task(DbtRunLocalOperator): transform_gold.dim_locations.run> on 2026-07-15 02:37:53.942365+00:00
[2026-07-15T02:42:37.839+0000] {standard_task_runner.py:72} INFO - Started process 7946 to run task
[2026-07-15T02:42:37.844+0000] {standard_task_runner.py:104} INFO - Running: ['airflow', 'tasks', 'run', 'dbt_silver_gold_incremental', 'transform_gold.dim_locations.run', 'manual__2026-07-15T02:37:53.942365+00:00', '--job-id', '51', '--raw', '--subdir', 'DAGS_FOLDER/dbt_silver_gold.py', '--cfg-path', '/tmp/tmpyc3xjc1q']
[2026-07-15T02:42:37.849+0000] {standard_task_runner.py:105} INFO - Job 51: Subtask transform_gold.dim_locations.run
[2026-07-15T02:42:37.934+0000] {task_command.py:467} INFO - Running <TaskInstance: dbt_silver_gold_incremental.transform_gold.dim_locations.run manual__2026-07-15T02:37:53.942365+00:00 [running]> on host 46914d9ee5b9
[2026-07-15T02:42:38.017+0000] {taskinstance.py:3131} INFO - Exporting env vars: AIRFLOW_CTX_DAG_OWNER='data_engineer' AIRFLOW_CTX_DAG_ID='dbt_silver_gold_incremental' AIRFLOW_CTX_TASK_ID='transform_gold.dim_locations.run' AIRFLOW_CTX_EXECUTION_DATE='2026-07-15T02:37:53.942365+00:00' AIRFLOW_CTX_TRY_NUMBER='2' AIRFLOW_CTX_DAG_RUN_ID='manual__2026-07-15T02:37:53.942365+00:00'
[2026-07-15T02:42:38.019+0000] {taskinstance.py:731} INFO - ::endgroup::
[2026-07-15T02:42:39.051+0000] {local.py:294} INFO - dbtRunner is available. Using dbtRunner for invoking dbt.
[2026-07-15T02:42:39.055+0000] {local.py:518} INFO - Cloning project to writable temp directory /tmp/tmpz5m6ukmj from /opt/airflow/dbt_transform
[2026-07-15T02:42:39.064+0000] {local.py:538} INFO - Partial parse is enabled and the latest partial parse file is /tmp/cosmos/dbt_silver_gold_incremental__transform_gold/target/partial_parse.msgpack
[2026-07-15T02:42:39.079+0000] {config.py:395} INFO - Using user-supplied profiles.yml at /opt/airflow/dbt_transform/profiles.yml
[2026-07-15T02:42:39.090+0000] {runner.py:95} INFO - Trying to run dbtRunner with:
 ['deps', '--project-dir', '/tmp/tmpz5m6ukmj', '--profiles-dir', '/opt/airflow/dbt_transform', '--profile', 'lakehouse_dbt', '--target', 'dev', '--no-static-parser']
 in /tmp/tmpz5m6ukmj
[2026-07-15T02:42:39.164+0000] {logging_mixin.py:190} INFO - 02:42:39  Running with dbt=1.8.8
[2026-07-15T02:42:39.295+0000] {converter.py:314} INFO - ::group::Cosmos DAG parsing logs
[2026-07-15T02:42:39.298+0000] {graph.py:869} INFO - Trying to parse the dbt project using dbt ls cache cosmos_cache__dbt_silver_gold_incremental__transform_silver...
[2026-07-15T02:42:40.809+0000] {cache.py:383} INFO - Cosmos performance: time to calculate cache identifier cosmos_cache__dbt_silver_gold_incremental__transform_silver for current version: 1.4973102440008006
[2026-07-15T02:42:40.810+0000] {graph.py:886} INFO - Cosmos performance [46914d9ee5b9|7946]: The cache size for cosmos_cache__dbt_silver_gold_incremental__transform_silver is 5960
[2026-07-15T02:42:40.813+0000] {graph.py:898} INFO - Cosmos performance: Cache hit for cosmos_cache__dbt_silver_gold_incremental__transform_silver - bc8f64e1182711c5d0da8a3d1be473fb,5e34606eb5f2b3dea81a8e19fa3ba138
[2026-07-15T02:42:40.814+0000] {graph.py:799} INFO - Total nodes: 7
[2026-07-15T02:42:40.815+0000] {graph.py:800} INFO - Total filtered nodes: 7
[2026-07-15T02:42:40.816+0000] {converter.py:361} INFO - Cosmos performance (dbt_silver_gold_incremental__transform_silver) - [46914d9ee5b9|7946]: It took 1.52s to parse the dbt project for DAG using dbt_ls_cache
[2026-07-15T02:42:40.825+0000] {converter.py:413} INFO - Cosmos performance (dbt_silver_gold_incremental__transform_silver) - [46914d9ee5b9|7946]: It took 0.00932s to build the Airflow DAG.
[2026-07-15T02:42:40.827+0000] {converter.py:420} INFO - ::endgroup::Cosmos DAG parsing logs
[2026-07-15T02:42:40.829+0000] {converter.py:314} INFO - ::group::Cosmos DAG parsing logs
[2026-07-15T02:42:40.832+0000] {graph.py:869} INFO - Trying to parse the dbt project using dbt ls cache cosmos_cache__dbt_silver_gold_incremental__transform_gold...
[2026-07-15T02:42:42.436+0000] {cache.py:383} INFO - Cosmos performance: time to calculate cache identifier cosmos_cache__dbt_silver_gold_incremental__transform_gold for current version: 1.5915174490000936
[2026-07-15T02:42:42.437+0000] {graph.py:886} INFO - Cosmos performance [46914d9ee5b9|7946]: The cache size for cosmos_cache__dbt_silver_gold_incremental__transform_gold is 35989
[2026-07-15T02:42:42.439+0000] {graph.py:898} INFO - Cosmos performance: Cache hit for cosmos_cache__dbt_silver_gold_incremental__transform_gold - bc8f64e1182711c5d0da8a3d1be473fb,304321e940a9403dceb380589bd0566f
[2026-07-15T02:42:42.440+0000] {graph.py:799} INFO - Total nodes: 39
[2026-07-15T02:42:42.441+0000] {graph.py:800} INFO - Total filtered nodes: 39
[2026-07-15T02:42:42.442+0000] {converter.py:361} INFO - Cosmos performance (dbt_silver_gold_incremental__transform_gold) - [46914d9ee5b9|7946]: It took 1.61s to parse the dbt project for DAG using dbt_ls_cache
[2026-07-15T02:42:42.470+0000] {converter.py:413} INFO - Cosmos performance (dbt_silver_gold_incremental__transform_gold) - [46914d9ee5b9|7946]: It took 0.0284s to build the Airflow DAG.
[2026-07-15T02:42:42.471+0000] {converter.py:420} INFO - ::endgroup::Cosmos DAG parsing logs
[2026-07-15T02:42:42.473+0000] {converter.py:314} INFO - ::group::Cosmos DAG parsing logs
[2026-07-15T02:42:42.476+0000] {graph.py:869} INFO - Trying to parse the dbt project using dbt ls cache cosmos_cache__dbt_silver_gold_full_load__transform_silver...
[2026-07-15T02:42:44.061+0000] {cache.py:383} INFO - Cosmos performance: time to calculate cache identifier cosmos_cache__dbt_silver_gold_full_load__transform_silver for current version: 1.5745431710001867
[2026-07-15T02:42:44.062+0000] {graph.py:886} INFO - Cosmos performance [46914d9ee5b9|7946]: The cache size for cosmos_cache__dbt_silver_gold_full_load__transform_silver is 5960
[2026-07-15T02:42:44.064+0000] {graph.py:898} INFO - Cosmos performance: Cache hit for cosmos_cache__dbt_silver_gold_full_load__transform_silver - bc8f64e1182711c5d0da8a3d1be473fb,5e34606eb5f2b3dea81a8e19fa3ba138
[2026-07-15T02:42:44.065+0000] {graph.py:799} INFO - Total nodes: 7
[2026-07-15T02:42:44.066+0000] {graph.py:800} INFO - Total filtered nodes: 7
[2026-07-15T02:42:44.067+0000] {converter.py:361} INFO - Cosmos performance (dbt_silver_gold_full_load__transform_silver) - [46914d9ee5b9|7946]: It took 1.59s to parse the dbt project for DAG using dbt_ls_cache
[2026-07-15T02:42:44.076+0000] {converter.py:413} INFO - Cosmos performance (dbt_silver_gold_full_load__transform_silver) - [46914d9ee5b9|7946]: It took 0.00896s to build the Airflow DAG.
[2026-07-15T02:42:44.078+0000] {converter.py:420} INFO - ::endgroup::Cosmos DAG parsing logs
[2026-07-15T02:42:44.079+0000] {converter.py:314} INFO - ::group::Cosmos DAG parsing logs
[2026-07-15T02:42:44.082+0000] {graph.py:869} INFO - Trying to parse the dbt project using dbt ls cache cosmos_cache__dbt_silver_gold_full_load__transform_gold...
[2026-07-15T02:42:45.772+0000] {cache.py:383} INFO - Cosmos performance: time to calculate cache identifier cosmos_cache__dbt_silver_gold_full_load__transform_gold for current version: 1.6752995309998369
[2026-07-15T02:42:45.773+0000] {graph.py:886} INFO - Cosmos performance [46914d9ee5b9|7946]: The cache size for cosmos_cache__dbt_silver_gold_full_load__transform_gold is 35989
[2026-07-15T02:42:45.776+0000] {graph.py:898} INFO - Cosmos performance: Cache hit for cosmos_cache__dbt_silver_gold_full_load__transform_gold - bc8f64e1182711c5d0da8a3d1be473fb,304321e940a9403dceb380589bd0566f
[2026-07-15T02:42:45.778+0000] {graph.py:799} INFO - Total nodes: 39
[2026-07-15T02:42:45.779+0000] {graph.py:800} INFO - Total filtered nodes: 39
[2026-07-15T02:42:45.781+0000] {converter.py:361} INFO - Cosmos performance (dbt_silver_gold_full_load__transform_gold) - [46914d9ee5b9|7946]: It took 1.7s to parse the dbt project for DAG using dbt_ls_cache
[2026-07-15T02:42:45.817+0000] {converter.py:413} INFO - Cosmos performance (dbt_silver_gold_full_load__transform_gold) - [46914d9ee5b9|7946]: It took 0.0363s to build the Airflow DAG.
[2026-07-15T02:42:45.819+0000] {converter.py:420} INFO - ::endgroup::Cosmos DAG parsing logs
[2026-07-15T02:42:46.757+0000] {logging_mixin.py:190} INFO - 02:42:46  Installing dbt-labs/dbt_utils
[2026-07-15T02:42:47.481+0000] {logging_mixin.py:190} INFO - 02:42:47  Installed from version 1.3.0
[2026-07-15T02:42:47.483+0000] {logging_mixin.py:190} INFO - 02:42:47  Updated version available: 1.4.1
[2026-07-15T02:42:47.485+0000] {logging_mixin.py:190} INFO - 02:42:47  Installing metaplane/dbt_expectations
[2026-07-15T02:42:48.572+0000] {logging_mixin.py:190} INFO - 02:42:48  Installed from version 0.10.8
[2026-07-15T02:42:48.574+0000] {logging_mixin.py:190} INFO - 02:42:48  Updated version available: 0.10.10
[2026-07-15T02:42:48.576+0000] {logging_mixin.py:190} INFO - 02:42:48  Installing godatadriven/dbt_date
[2026-07-15T02:42:49.103+0000] {logging_mixin.py:190} INFO - 02:42:49  Installed from version 0.15.0
[2026-07-15T02:42:49.104+0000] {logging_mixin.py:190} INFO - 02:42:49  Up to date!
[2026-07-15T02:42:49.106+0000] {logging_mixin.py:190} INFO - 02:42:49
[2026-07-15T02:42:49.108+0000] {logging_mixin.py:190} INFO - 02:42:49  Updates available for packages: ['dbt-labs/dbt_utils', 'metaplane/dbt_expectations']                 
Update your versions in packages.yml, then run dbt deps
[2026-07-15T02:42:50.546+0000] {runner.py:95} INFO - Trying to run dbtRunner with:
 ['run', '--select', 'fqn:consumer_complaints_transformation.marts.dim_locations', '--project-dir', '/tmp/tmpz5m6ukmj', '--profiles-dir', '/opt/airflow/dbt_transform', '--profile', 'lakehouse_dbt', '--target', 'dev', '--no-static-parser']
 in /tmp/tmpz5m6ukmj
[2026-07-15T02:42:50.572+0000] {logging_mixin.py:190} INFO - 02:42:50  Running with dbt=1.8.8
[2026-07-15T02:42:50.607+0000] {auth.py:343} INFO - keyring module not found. OAuth2 token will not be stored in keyring.
[2026-07-15T02:42:50.612+0000] {auth.py:343} INFO - keyring module not found. OAuth2 token will not be stored in keyring.
[2026-07-15T02:42:50.750+0000] {logging_mixin.py:190} INFO - 02:42:50  Registered adapter: trino=1.8.5
[2026-07-15T02:42:51.789+0000] {logging_mixin.py:190} INFO - 02:42:51  Found 8 models, 40 data tests, 1 source, 9 metrics, 838 macros, 5 semantic models
[2026-07-15T02:42:51.795+0000] {logging_mixin.py:190} INFO - 02:42:51
[2026-07-15T02:42:51.830+0000] {logging_mixin.py:190} INFO - 02:42:51  [WARNING]: SSL certificate validation is disabled by default. It is legacy behavior which will be changed in future releases. It is strongly advised to enable `require_certificate_validation` flag or explicitly set `cert` configuration to `True` for security reasons. You may receive an error after that if your SSL setup is incorrect.
You may opt into the new behavior sooner by setting `flags.require_certificate_validation` to `True` in `dbt_project.yml`.
Visit https://docs.getdbt.com/reference/global-configs/behavior-changes for more information.
[2026-07-15T02:42:52.110+0000] {logging_mixin.py:190} INFO - 02:42:52  Concurrency: 4 threads (target='dev')
[2026-07-15T02:42:52.112+0000] {logging_mixin.py:190} INFO - 02:42:52
[2026-07-15T02:42:52.117+0000] {logging_mixin.py:190} INFO - 02:42:52  1 of 1 START sql incremental model gold.dim_locations .......................... [RUN]
[2026-07-15T02:42:52.238+0000] {logging_mixin.py:190} INFO - 02:42:52  1 of 1 ERROR creating sql incremental model gold.dim_locations ................. [ERROR in 0.12s]
[2026-07-15T02:42:52.247+0000] {logging_mixin.py:190} INFO - 02:42:52
[2026-07-15T02:42:52.250+0000] {logging_mixin.py:190} INFO - 02:42:52  Finished running 1 incremental model in 0 hours 0 minutes and 0.45 seconds (0.45s).
[2026-07-15T02:42:52.300+0000] {logging_mixin.py:190} INFO - 02:42:52
[2026-07-15T02:42:52.302+0000] {logging_mixin.py:190} INFO - 02:42:52  Completed with 1 error and 0 warnings:
[2026-07-15T02:42:52.303+0000] {logging_mixin.py:190} INFO - 02:42:52
[2026-07-15T02:42:52.306+0000] {logging_mixin.py:190} INFO - 02:42:52    Database Error in model dim_locations (models/marts/dim_locations.sql)
  TrinoUserError(type=USER_ERROR, name=COLUMN_NOT_FOUND, message="line 19:48: Column 'silver_updated_at' cannot be resolved", query_id=20260715_022723_00269_xp3hr)
[2026-07-15T02:42:52.309+0000] {logging_mixin.py:190} INFO - 02:42:52
[2026-07-15T02:42:52.312+0000] {logging_mixin.py:190} INFO - 02:42:52  Done. PASS=0 WARN=0 ERROR=1 SKIP=0 TOTAL=1
[2026-07-15T02:42:53.434+0000] {local.py:196} WARNING - Artifact schema version: https://schemas.getdbt.com/dbt/manifest/v12.json is above dbt-ol supported version 7. This might cause errors.
[2026-07-15T02:42:53.456+0000] {local.py:594} INFO - Inlets: []
[2026-07-15T02:42:53.458+0000] {local.py:595} INFO - Outlets: []
[2026-07-15T02:42:53.460+0000] {local.py:886} INFO - Assigning inlets/outlets with DatasetAlias in Airflow 2
[2026-07-15T02:42:53.496+0000] {taskinstance.py:3310} ERROR - Task failed with exception
Traceback (most recent call last):
  File "/home/airflow/.local/lib/python3.10/site-packages/airflow/models/taskinstance.py", line 767, in _execute_task
    result = _execute_callable(context=context, **execute_callable_kwargs)
  File "/home/airflow/.local/lib/python3.10/site-packages/airflow/models/taskinstance.py", line 733, in _execute_callable
    return ExecutionCallableRunner(
  File "/home/airflow/.local/lib/python3.10/site-packages/airflow/utils/operator_helpers.py", line 252, in run
    return self.func(*args, **kwargs)
  File "/home/airflow/.local/lib/python3.10/site-packages/cosmos/operators/base.py", line 346, in execute
    self.build_and_run_cmd(context=context, cmd_flags=self.add_cmd_flags(), **kwargs)
  File "/home/airflow/.local/lib/python3.10/site-packages/cosmos/operators/local.py", line 968, in build_and_run_cmd
    result = self.run_command(
  File "/home/airflow/.local/lib/python3.10/site-packages/cosmos/operators/local.py", line 743, in run_command
    self.handle_exception(result)
  File "/home/airflow/.local/lib/python3.10/site-packages/cosmos/operators/local.py", line 308, in handle_exception_dbt_runner
    return dbt_runner.handle_exception_if_needed(result)
  File "/home/airflow/.local/lib/python3.10/site-packages/cosmos/dbt/runner.py", line 156, in handle_exception_if_needed
    raise CosmosDbtRunError(f"dbt invocation completed with errors: {error_message}")
cosmos.exceptions.CosmosDbtRunError: dbt invocation completed with errors: dim_locations: Database Error in model dim_locations (models/marts/dim_locations.sql)
  TrinoUserError(type=USER_ERROR, name=COLUMN_NOT_FOUND, message="line 19:48: Column 'silver_updated_at' cannot be resolved", query_id=20260715_022723_00269_xp3hr)
[2026-07-15T02:42:54.404+0000] {_client.py:1026} INFO - HTTP Request: GET https://astronomer.gateway.scarf.sh/astronomer-cosmos/v3/task_instance?cosmos_version=1.15.0&airflow_version=2.10.2&python_version=3.10.15&platform_system=Linux&platform_machine=x86_64&status=failed&operator_name=DbtRunLocalOperator&is_cosmos_operator_subclass=False&invocation_mode=dbt_runner&execution_mode=local&profile_strategy=yaml_file&profile_mapping_class=None&database=trino&is_mapped_task=False&dbt_command=run&install_deps=True&has_callback=False&duration=15.708931 "HTTP/1.1 200 OK"
[2026-07-15T02:42:54.407+0000] {taskinstance.py:1225} INFO - Marking task as FAILED. dag_id=dbt_silver_gold_incremental, task_id=transform_gold.dim_locations.run, run_id=manual__2026-07-15T02:37:53.942365+00:00, execution_date=20260715T023753, start_date=20260715T024237, end_date=20260715T024253
[2026-07-15T02:42:54.428+0000] {taskinstance.py:340} INFO - ::group::Post task execution logs
[2026-07-15T02:42:54.433+0000] {standard_task_runner.py:124} ERROR - Failed to execute job 51 for task transform_gold.dim_locations.run (dbt invocation completed with errors: dim_locations: Database Error in model dim_locations (models/marts/dim_locations.sql)
  TrinoUserError(type=USER_ERROR, name=COLUMN_NOT_FOUND, message="line 19:48: Column 'silver_updated_at' cannot be resolved", query_id=20260715_022723_00269_xp3hr); 7946)
Traceback (most recent call last):
  File "/home/airflow/.local/lib/python3.10/site-packages/airflow/task/task_runner/standard_task_runner.py", line 117, in _start_by_fork
    ret = args.func(args, dag=self.dag)
  File "/home/airflow/.local/lib/python3.10/site-packages/airflow/cli/cli_config.py", line 49, in command
    return func(*args, **kwargs)
  File "/home/airflow/.local/lib/python3.10/site-packages/airflow/utils/cli.py", line 115, in wrapper
    return f(*args, **kwargs)
  File "/home/airflow/.local/lib/python3.10/site-packages/airflow/cli/commands/task_command.py", line 483, in task_run
    task_return_code = _run_task_by_selected_method(args, _dag, ti)
  File "/home/airflow/.local/lib/python3.10/site-packages/airflow/cli/commands/task_command.py", line 256, in _run_task_by_selected_method
    return _run_raw_task(args, ti)
  File "/home/airflow/.local/lib/python3.10/site-packages/airflow/cli/commands/task_command.py", line 341, in _run_raw_task
    return ti._run_raw_task(
  File "/home/airflow/.local/lib/python3.10/site-packages/airflow/utils/session.py", line 97, in wrapper
    return func(*args, session=session, **kwargs)
  File "/home/airflow/.local/lib/python3.10/site-packages/airflow/models/taskinstance.py", line 3004, in _run_raw_task
    return _run_raw_task(
  File "/home/airflow/.local/lib/python3.10/site-packages/airflow/models/taskinstance.py", line 273, in _run_raw_task
    TaskInstance._execute_task_with_callbacks(
  File "/home/airflow/.local/lib/python3.10/site-packages/airflow/models/taskinstance.py", line 3158, in _execute_task_with_callbacks
    result = self._execute_task(context, task_orig)
  File "/home/airflow/.local/lib/python3.10/site-packages/airflow/models/taskinstance.py", line 3182, in _execute_task
    return _execute_task(self, context, task_orig)
  File "/home/airflow/.local/lib/python3.10/site-packages/airflow/models/taskinstance.py", line 767, in _execute_task
    result = _execute_callable(context=context, **execute_callable_kwargs)
  File "/home/airflow/.local/lib/python3.10/site-packages/airflow/models/taskinstance.py", line 733, in _execute_callable
    return ExecutionCallableRunner(
  File "/home/airflow/.local/lib/python3.10/site-packages/airflow/utils/operator_helpers.py", line 252, in run
    return self.func(*args, **kwargs)
  File "/home/airflow/.local/lib/python3.10/site-packages/cosmos/operators/base.py", line 346, in execute
    self.build_and_run_cmd(context=context, cmd_flags=self.add_cmd_flags(), **kwargs)
  File "/home/airflow/.local/lib/python3.10/site-packages/cosmos/operators/local.py", line 968, in build_and_run_cmd
    result = self.run_command(
  File "/home/airflow/.local/lib/python3.10/site-packages/cosmos/operators/local.py", line 743, in run_command
    self.handle_exception(result)
  File "/home/airflow/.local/lib/python3.10/site-packages/cosmos/operators/local.py", line 308, in handle_exception_dbt_runner
    return dbt_runner.handle_exception_if_needed(result)
  File "/home/airflow/.local/lib/python3.10/site-packages/cosmos/dbt/runner.py", line 156, in handle_exception_if_needed
    raise CosmosDbtRunError(f"dbt invocation completed with errors: {error_message}")
cosmos.exceptions.CosmosDbtRunError: dbt invocation completed with errors: dim_locations: Database Error in model dim_locations (models/marts/dim_locations.sql)
  TrinoUserError(type=USER_ERROR, name=COLUMN_NOT_FOUND, message="line 19:48: Column 'silver_updated_at' cannot be resolved", query_id=20260715_022723_00269_xp3hr)
[2026-07-15T02:42:54.480+0000] {local_task_job_runner.py:266} INFO - Task exited with return code 1
[2026-07-15T02:42:54.518+0000] {taskinstance.py:3900} INFO - 0 downstream tasks scheduled from follow-on schedule check
[2026-07-15T02:42:54.525+0000] {local_task_job_runner.py:245} INFO - ::endgroup::
