[2026-07-26T14:15:00.996+0000] {local_task_job_runner.py:123} INFO - ::group::Pre task execution logs
[2026-07-26T14:15:01.022+0000] {taskinstance.py:2612} INFO - Dependencies all met for dep_context=non-requeueable deps ti=<TaskInstance: dbt_to_qdrant_minio_sync.trigger_qdrant_indexer_api manual__2026-07-26T14:14:57.392299+00:00 [queued]>
[2026-07-26T14:15:01.030+0000] {taskinstance.py:2612} INFO - Dependencies all met for dep_context=requeueable deps ti=<TaskInstance: dbt_to_qdrant_minio_sync.trigger_qdrant_indexer_api manual__2026-07-26T14:14:57.392299+00:00 [queued]>
[2026-07-26T14:15:01.032+0000] {taskinstance.py:2865} INFO - Starting attempt 1 of 4
[2026-07-26T14:15:01.047+0000] {taskinstance.py:2888} INFO - Executing <Task(SimpleHttpOperator): trigger_qdrant_indexer_api> on 2026-07-26 14:14:57.392299+00:00
[2026-07-26T14:15:01.055+0000] {standard_task_runner.py:72} INFO - Started process 719 to run task
[2026-07-26T14:15:01.059+0000] {standard_task_runner.py:104} INFO - Running: ['airflow', 'tasks', 'run', 'dbt_to_qdrant_minio_sync', 'trigger_qdrant_indexer_api', 'manual__2026-07-26T14:14:57.392299+00:00', '--job-id', '36', '--raw', '--subdir', 'DAGS_FOLDER/dbt_to_qdrant_dag.py', '--cfg-path', '/tmp/tmpxvjxr3jo']
[2026-07-26T14:15:01.062+0000] {standard_task_runner.py:105} INFO - Job 36: Subtask trigger_qdrant_indexer_api
[2026-07-26T14:15:01.162+0000] {task_command.py:467} INFO - Running <TaskInstance: dbt_to_qdrant_minio_sync.trigger_qdrant_indexer_api manual__2026-07-26T14:14:57.392299+00:00 [running]> on host 468ce01e6b0d
[2026-07-26T14:15:01.247+0000] {taskinstance.py:3131} INFO - Exporting env vars: AIRFLOW_CTX_DAG_OWNER='data_platform_team' AIRFLOW_CTX_DAG_ID='dbt_to_qdrant_minio_sync' AIRFLOW_CTX_TASK_ID='trigger_qdrant_indexer_api' AIRFLOW_CTX_EXECUTION_DATE='2026-07-26T14:14:57.392299+00:00' AIRFLOW_CTX_TRY_NUMBER='1' AIRFLOW_CTX_DAG_RUN_ID='manual__2026-07-26T14:14:57.392299+00:00'
[2026-07-26T14:15:01.249+0000] {taskinstance.py:731} INFO - ::endgroup::
[2026-07-26T14:15:01.251+0000] {http.py:173} INFO - Calling HTTP method
[2026-07-26T14:15:01.253+0000] {base.py:84} INFO - Retrieving connection 'ai_agent_api'
[2026-07-26T14:15:01.256+0000] {base.py:84} INFO - Retrieving connection 'ai_agent_api'
[2026-07-26T14:15:02.987+0000] {http.py:222} INFO - {"status":"success","message":"Đã đồng bộ dbt metadata lên Qdrant thành công!","details":{"source":"airflow_minio","schemas_to_sync":["marts","gold"]}}
[2026-07-26T14:15:03.012+0000] {taskinstance.py:340} INFO - ::group::Post task execution logs
[2026-07-26T14:15:03.013+0000] {taskinstance.py:352} INFO - Marking task as SUCCESS. dag_id=dbt_to_qdrant_minio_sync, task_id=trigger_qdrant_indexer_api, run_id=manual__2026-07-26T14:14:57.392299+00:00, execution_date=20260726T141457, start_date=20260726T141501, end_date=20260726T141503
[2026-07-26T14:15:03.043+0000] {local_task_job_runner.py:266} INFO - Task exited with return code 0
[2026-07-26T14:15:03.058+0000] {logging_mixin.py:190} WARNING - /home/airflow/.local/lib/python3.10/site-packages/airflow/models/baseoperator.py:1378 AirflowProviderDeprecationWarning: Call to deprecated class SimpleHttpOperator. (Class `SimpleHttpOperator` is deprecated and will be removed in a future release. Please use `HttpOperator` instead.)
[2026-07-26T14:15:03.065+0000] {taskinstance.py:3900} INFO - 0 downstream tasks scheduled from follow-on schedule check
[2026-07-26T14:15:03.068+0000] {local_task_job_runner.py:245} INFO - ::endgroup::
