[2026-07-21T02:03:00.928+0000] {local_task_job_runner.py:123} INFO - ::group::Pre task execution logs
[2026-07-21T02:03:00.944+0000] {taskinstance.py:2612} INFO - Dependencies all met for dep_context=non-requeueable deps ti=<TaskInstance: wap_incremental_cfpb_pipeline.write_to_wap_branch scheduled__2026-07-20T00:00:00+00:00 [queued]>
[2026-07-21T02:03:00.953+0000] {taskinstance.py:2612} INFO - Dependencies all met for dep_context=requeueable deps ti=<TaskInstance: wap_incremental_cfpb_pipeline.write_to_wap_branch scheduled__2026-07-20T00:00:00+00:00 [queued]>
[2026-07-21T02:03:00.954+0000] {taskinstance.py:2865} INFO - Starting attempt 1 of 1
[2026-07-21T02:03:00.966+0000] {taskinstance.py:2888} INFO - Executing <Task(_PythonDecoratedOperator): write_to_wap_branch> on 2026-07-20 00:00:00+00:00
[2026-07-21T02:03:00.971+0000] {standard_task_runner.py:72} INFO - Started process 2001 to run task
[2026-07-21T02:03:00.974+0000] {standard_task_runner.py:104} INFO - Running: ['airflow', 'tasks', 'run', 'wap_incremental_cfpb_pipeline', 'write_to_wap_branch', 'scheduled__2026-07-20T00:00:00+00:00', '--job-id', '9', '--raw', '--subdir', 'DAGS_FOLDER/wap_incremental_cfpb_pipeline.py', '--cfg-path', '/tmp/tmpxmt_lmxw']
[2026-07-21T02:03:00.976+0000] {standard_task_runner.py:105} INFO - Job 9: Subtask write_to_wap_branch
[2026-07-21T02:03:01.044+0000] {task_command.py:467} INFO - Running <TaskInstance: wap_incremental_cfpb_pipeline.write_to_wap_branch scheduled__2026-07-20T00:00:00+00:00 [running]> on host d9a28099bef6
[2026-07-21T02:03:01.138+0000] {taskinstance.py:3131} INFO - Exporting env vars: AIRFLOW_CTX_DAG_OWNER='airflow' AIRFLOW_CTX_DAG_ID='wap_incremental_cfpb_pipeline' AIRFLOW_CTX_TASK_ID='write_to_wap_branch' AIRFLOW_CTX_EXECUTION_DATE='2026-07-20T00:00:00+00:00' AIRFLOW_CTX_TRY_NUMBER='1' AIRFLOW_CTX_DAG_RUN_ID='scheduled__2026-07-20T00:00:00+00:00'
[2026-07-21T02:03:01.140+0000] {taskinstance.py:731} INFO - ::endgroup::
[2026-07-21T02:03:01.144+0000] {crypto.py:82} WARNING - empty cryptography key - values will not be stored encrypted.
[2026-07-21T02:03:01.145+0000] {base.py:84} INFO - Retrieving connection 'minio_default'
[2026-07-21T02:03:01.147+0000] {base.py:84} INFO - Retrieving connection 'nessie_api_default'
[2026-07-21T02:03:02.346+0000] {duckdb_to_bronze.py:63} INFO - Đã khởi tạo DuckDB và PyIceberg Catalog trên nhánh 'etl_20260720_scheduled202607'.
[2026-07-21T02:03:02.389+0000] {duckdb_to_bronze.py:148} ERROR - Lỗi hệ thống khi nạp Batch ETL: NoSuchTableException: Table does not exist: bronze.raw_consumer_complaints
[2026-07-21T02:03:02.392+0000] {duckdb_to_bronze.py:211} INFO - Đã đóng kết nối DuckDB an toàn.
[2026-07-21T02:03:02.393+0000] {duckdb_to_bronze.py:71} ERROR - Pipeline dừng đột ngột do lỗi: NoSuchTableException: Table does not exist: bronze.raw_consumer_complaints
[2026-07-21T02:03:02.395+0000] {taskinstance.py:3310} ERROR - Task failed with exception
Traceback (most recent call last):
  File "/home/airflow/.local/lib/python3.10/site-packages/pyiceberg/catalog/rest.py", line 642, in load_table
    response.raise_for_status()
  File "/home/airflow/.local/lib/python3.10/site-packages/requests/models.py", line 1024, in raise_for_status
    raise HTTPError(http_error_msg, response=self)
requests.exceptions.HTTPError: 404 Client Error: Not Found for url: http://nessie:19120/iceberg/v1/main/namespaces/bronze/tables/raw_consumer_complaints

The above exception was the direct cause of the following exception:

Traceback (most recent call last):
  File "/home/airflow/.local/lib/python3.10/site-packages/airflow/models/taskinstance.py", line 767, in _execute_task
    result = _execute_callable(context=context, **execute_callable_kwargs)
  File "/home/airflow/.local/lib/python3.10/site-packages/airflow/models/taskinstance.py", line 733, in _execute_callable
    return ExecutionCallableRunner(
  File "/home/airflow/.local/lib/python3.10/site-packages/airflow/utils/operator_helpers.py", line 252, in run
    return self.func(*args, **kwargs)
  File "/home/airflow/.local/lib/python3.10/site-packages/airflow/models/baseoperator.py", line 406, in wrapper
    return func(self, *args, **kwargs)
  File "/home/airflow/.local/lib/python3.10/site-packages/airflow/decorators/base.py", line 266, in execute
    return_value = super().execute(context)
  File "/home/airflow/.local/lib/python3.10/site-packages/airflow/models/baseoperator.py", line 406, in wrapper
    return func(self, *args, **kwargs)
  File "/home/airflow/.local/lib/python3.10/site-packages/airflow/operators/python.py", line 238, in execute
    return_value = self.execute_callable()
  File "/home/airflow/.local/lib/python3.10/site-packages/airflow/operators/python.py", line 256, in execute_callable
    return runner.run(*self.op_args, **self.op_kwargs)
  File "/home/airflow/.local/lib/python3.10/site-packages/airflow/utils/operator_helpers.py", line 252, in run
    return self.func(*args, **kwargs)
  File "/opt/airflow/dags/wap_incremental_cfpb_pipeline.py", line 152, in write_to_wap_branch
    inserted_rows = loader.load_incremental(
  File "/opt/airflow/dags/utils/duckdb_to_bronze.py", line 129, in load_incremental
    iceberg_table = self.catalog.load_table(table_identifier)
  File "/home/airflow/.local/lib/python3.10/site-packages/tenacity/__init__.py", line 336, in wrapped_f
    return copy(f, *args, **kw)
  File "/home/airflow/.local/lib/python3.10/site-packages/tenacity/__init__.py", line 475, in __call__
    do = self.iter(retry_state=retry_state)
  File "/home/airflow/.local/lib/python3.10/site-packages/tenacity/__init__.py", line 376, in iter
    result = action(retry_state)
  File "/home/airflow/.local/lib/python3.10/site-packages/tenacity/__init__.py", line 398, in <lambda>
    self._add_action_func(lambda rs: rs.outcome.result())
  File "/usr/local/lib/python3.10/concurrent/futures/_base.py", line 451, in result
    return self.__get_result()
  File "/usr/local/lib/python3.10/concurrent/futures/_base.py", line 403, in __get_result
    raise self._exception
  File "/home/airflow/.local/lib/python3.10/site-packages/tenacity/__init__.py", line 478, in __call__
    result = fn(*args, **kwargs)
  File "/home/airflow/.local/lib/python3.10/site-packages/pyiceberg/catalog/rest.py", line 644, in load_table
    self._handle_non_200_response(exc, {404: NoSuchTableError})
  File "/home/airflow/.local/lib/python3.10/site-packages/pyiceberg/catalog/rest.py", line 418, in _handle_non_200_response
    raise exception(response) from exc
pyiceberg.exceptions.NoSuchTableError: NoSuchTableException: Table does not exist: bronze.raw_consumer_complaints
[2026-07-21T02:03:02.417+0000] {taskinstance.py:1225} INFO - Marking task as FAILED. dag_id=wap_incremental_cfpb_pipeline, task_id=write_to_wap_branch, run_id=scheduled__2026-07-20T00:00:00+00:00, execution_date=20260720T000000, start_date=20260721T020300, end_date=20260721T020302
[2026-07-21T02:03:02.429+0000] {taskinstance.py:340} INFO - ::group::Post task execution logs
[2026-07-21T02:03:02.430+0000] {standard_task_runner.py:124} ERROR - Failed to execute job 9 for task write_to_wap_branch (NoSuchTableException: Table does not exist: bronze.raw_consumer_complaints; 2001)
Traceback (most recent call last):
  File "/home/airflow/.local/lib/python3.10/site-packages/pyiceberg/catalog/rest.py", line 642, in load_table
    response.raise_for_status()
  File "/home/airflow/.local/lib/python3.10/site-packages/requests/models.py", line 1024, in raise_for_status
    raise HTTPError(http_error_msg, response=self)
requests.exceptions.HTTPError: 404 Client Error: Not Found for url: http://nessie:19120/iceberg/v1/main/namespaces/bronze/tables/raw_consumer_complaints

The above exception was the direct cause of the following exception:

Traceback (most recent call last):
  File "/home/airflow/.local/lib/python3.10/site-packages/airflow/task/task_runner/standard_task_runner.py", line 117, in _start_by_fork
    ret = args.func(args, dag=self.dag)
  File "/home/airflow/.local/lib/python3.10/site-packages/airflow/cli/cli_config.py", line 49, in command
    return func(*args, **kwargs)
  File "/home/airflow/.local/lib/python3.10/site-packages/airflow/utils/cli.py", line 115, in wrapper
    return f(*args, **kwargs)
  File "/home/airflow/.local/lib/python3.10/site-packages/airflow/cli/commands/task_command.py", line 483, in task_run
    task_return_code = _run_task_by_selected_method(args, _dag, ti)
  File "/home/airflow/.local/lib/python3.10/site-packages/airflow/cli/commands/task_command.py", line 256, in _run_task_by_selected_method
    return _run_raw_task(args, ti)
  File "/home/airflow/.local/lib/python3.10/site-packages/airflow/cli/commands/task_command.py", line 341, in _run_raw_task
    return ti._run_raw_task(
  File "/home/airflow/.local/lib/python3.10/site-packages/airflow/utils/session.py", line 97, in wrapper
    return func(*args, session=session, **kwargs)
  File "/home/airflow/.local/lib/python3.10/site-packages/airflow/models/taskinstance.py", line 3004, in _run_raw_task
    return _run_raw_task(
  File "/home/airflow/.local/lib/python3.10/site-packages/airflow/models/taskinstance.py", line 273, in _run_raw_task
    TaskInstance._execute_task_with_callbacks(
  File "/home/airflow/.local/lib/python3.10/site-packages/airflow/models/taskinstance.py", line 3158, in _execute_task_with_callbacks
    result = self._execute_task(context, task_orig)
  File "/home/airflow/.local/lib/python3.10/site-packages/airflow/models/taskinstance.py", line 3182, in _execute_task
    return _execute_task(self, context, task_orig)
  File "/home/airflow/.local/lib/python3.10/site-packages/airflow/models/taskinstance.py", line 767, in _execute_task
    result = _execute_callable(context=context, **execute_callable_kwargs)
  File "/home/airflow/.local/lib/python3.10/site-packages/airflow/models/taskinstance.py", line 733, in _execute_callable
    return ExecutionCallableRunner(
  File "/home/airflow/.local/lib/python3.10/site-packages/airflow/utils/operator_helpers.py", line 252, in run
    return self.func(*args, **kwargs)
  File "/home/airflow/.local/lib/python3.10/site-packages/airflow/models/baseoperator.py", line 406, in wrapper
    return func(self, *args, **kwargs)
  File "/home/airflow/.local/lib/python3.10/site-packages/airflow/decorators/base.py", line 266, in execute
    return_value = super().execute(context)
  File "/home/airflow/.local/lib/python3.10/site-packages/airflow/models/baseoperator.py", line 406, in wrapper
    return func(self, *args, **kwargs)
  File "/home/airflow/.local/lib/python3.10/site-packages/airflow/operators/python.py", line 238, in execute
    return_value = self.execute_callable()
  File "/home/airflow/.local/lib/python3.10/site-packages/airflow/operators/python.py", line 256, in execute_callable
    return runner.run(*self.op_args, **self.op_kwargs)
  File "/home/airflow/.local/lib/python3.10/site-packages/airflow/utils/operator_helpers.py", line 252, in run
    return self.func(*args, **kwargs)
  File "/opt/airflow/dags/wap_incremental_cfpb_pipeline.py", line 152, in write_to_wap_branch
    inserted_rows = loader.load_incremental(
  File "/opt/airflow/dags/utils/duckdb_to_bronze.py", line 129, in load_incremental
    iceberg_table = self.catalog.load_table(table_identifier)
  File "/home/airflow/.local/lib/python3.10/site-packages/tenacity/__init__.py", line 336, in wrapped_f
    return copy(f, *args, **kw)
  File "/home/airflow/.local/lib/python3.10/site-packages/tenacity/__init__.py", line 475, in __call__
    do = self.iter(retry_state=retry_state)
  File "/home/airflow/.local/lib/python3.10/site-packages/tenacity/__init__.py", line 376, in iter
    result = action(retry_state)
  File "/home/airflow/.local/lib/python3.10/site-packages/tenacity/__init__.py", line 398, in <lambda>
    self._add_action_func(lambda rs: rs.outcome.result())
  File "/usr/local/lib/python3.10/concurrent/futures/_base.py", line 451, in result
    return self.__get_result()
  File "/usr/local/lib/python3.10/concurrent/futures/_base.py", line 403, in __get_result
    raise self._exception
  File "/home/airflow/.local/lib/python3.10/site-packages/tenacity/__init__.py", line 478, in __call__
    result = fn(*args, **kwargs)
  File "/home/airflow/.local/lib/python3.10/site-packages/pyiceberg/catalog/rest.py", line 644, in load_table
    self._handle_non_200_response(exc, {404: NoSuchTableError})
  File "/home/airflow/.local/lib/python3.10/site-packages/pyiceberg/catalog/rest.py", line 418, in _handle_non_200_response
    raise exception(response) from exc
pyiceberg.exceptions.NoSuchTableError: NoSuchTableException: Table does not exist: bronze.raw_consumer_complaints
[2026-07-21T02:03:02.480+0000] {local_task_job_runner.py:266} INFO - Task exited with return code 1
[2026-07-21T02:03:02.506+0000] {taskinstance.py:3900} INFO - 0 downstream tasks scheduled from follow-on schedule check
[2026-07-21T02:03:02.510+0000] {local_task_job_runner.py:245} INFO - ::endgroup::
[2026-07-21T02:16:52.320+0000] {local_task_job_runner.py:123} INFO - ::group::Pre task execution logs
[2026-07-21T02:16:52.338+0000] {taskinstance.py:2612} INFO - Dependencies all met for dep_context=non-requeueable deps ti=<TaskInstance: wap_incremental_cfpb_pipeline.write_to_wap_branch scheduled__2026-07-20T00:00:00+00:00 [queued]>
[2026-07-21T02:16:52.345+0000] {taskinstance.py:2612} INFO - Dependencies all met for dep_context=requeueable deps ti=<TaskInstance: wap_incremental_cfpb_pipeline.write_to_wap_branch scheduled__2026-07-20T00:00:00+00:00 [queued]>
[2026-07-21T02:16:52.346+0000] {taskinstance.py:2865} INFO - Starting attempt 1 of 1
[2026-07-21T02:16:52.357+0000] {taskinstance.py:2888} INFO - Executing <Task(_PythonDecoratedOperator): write_to_wap_branch> on 2026-07-20 00:00:00+00:00
[2026-07-21T02:16:52.363+0000] {standard_task_runner.py:72} INFO - Started process 3958 to run task
[2026-07-21T02:16:52.367+0000] {standard_task_runner.py:104} INFO - Running: ['airflow', 'tasks', 'run', 'wap_incremental_cfpb_pipeline', 'write_to_wap_branch', 'scheduled__2026-07-20T00:00:00+00:00', '--job-id', '17', '--raw', '--subdir', 'DAGS_FOLDER/wap_incremental_cfpb_pipeline.py', '--cfg-path', '/tmp/tmpaz8z5fv_']
[2026-07-21T02:16:52.369+0000] {standard_task_runner.py:105} INFO - Job 17: Subtask write_to_wap_branch
[2026-07-21T02:16:52.456+0000] {task_command.py:467} INFO - Running <TaskInstance: wap_incremental_cfpb_pipeline.write_to_wap_branch scheduled__2026-07-20T00:00:00+00:00 [running]> on host d9a28099bef6
[2026-07-21T02:16:52.557+0000] {taskinstance.py:3131} INFO - Exporting env vars: AIRFLOW_CTX_DAG_OWNER='airflow' AIRFLOW_CTX_DAG_ID='wap_incremental_cfpb_pipeline' AIRFLOW_CTX_TASK_ID='write_to_wap_branch' AIRFLOW_CTX_EXECUTION_DATE='2026-07-20T00:00:00+00:00' AIRFLOW_CTX_TRY_NUMBER='1' AIRFLOW_CTX_DAG_RUN_ID='scheduled__2026-07-20T00:00:00+00:00'
[2026-07-21T02:16:52.559+0000] {taskinstance.py:731} INFO - ::endgroup::
[2026-07-21T02:16:52.564+0000] {crypto.py:82} WARNING - empty cryptography key - values will not be stored encrypted.
[2026-07-21T02:16:52.566+0000] {base.py:84} INFO - Retrieving connection 'minio_default'
[2026-07-21T02:16:52.568+0000] {base.py:84} INFO - Retrieving connection 'nessie_api_default'
[2026-07-21T02:16:52.674+0000] {duckdb_to_bronze.py:63} INFO - Đã khởi tạo DuckDB và PyIceberg Catalog trên nhánh 'etl_20260720_scheduled202607'.
[2026-07-21T02:16:52.695+0000] {__init__.py:331} INFO - Loaded FileIO: pyiceberg.io.fsspec.FsspecFileIO
[2026-07-21T02:16:52.696+0000] {duckdb_to_bronze.py:106} INFO - 🧹 [Incremental] Đang dọn dẹp dữ liệu cũ của _run_id = 'scheduled__2026-07-20T00:00:00+00:00' trên nhánh 'etl_20260720_scheduled202607'...
[2026-07-21T02:16:53.176+0000] {logging_mixin.py:190} WARNING - /home/airflow/.local/lib/python3.10/site-packages/pyiceberg/table/__init__.py:651 UserWarning: Delete operation did not match any records
[2026-07-21T02:16:53.177+0000] {duckdb_to_bronze.py:108} INFO - ✅ Dọn dẹp Incremental hoàn tất.
[2026-07-21T02:16:53.329+0000] {duckdb_to_bronze.py:142} INFO - Hoàn tất (Batch): 43 dòng vào bronze.raw_consumer_complaints.
[2026-07-21T02:16:53.333+0000] {duckdb_to_bronze.py:211} INFO - Đã đóng kết nối DuckDB an toàn.
[2026-07-21T02:16:53.334+0000] {python.py:240} INFO - Done. Returned value was: {'wap_branch': 'etl_20260720_scheduled202607', 'total_inserted_rows': 43, 'total_extracted_rows': 43, 'run_id': 'scheduled__2026-07-20T00:00:00+00:00'}
[2026-07-21T02:16:53.367+0000] {taskinstance.py:340} INFO - ::group::Post task execution logs
[2026-07-21T02:16:53.368+0000] {taskinstance.py:352} INFO - Marking task as SUCCESS. dag_id=wap_incremental_cfpb_pipeline, task_id=write_to_wap_branch, run_id=scheduled__2026-07-20T00:00:00+00:00, execution_date=20260720T000000, start_date=20260721T021652, end_date=20260721T021653
[2026-07-21T02:16:53.425+0000] {local_task_job_runner.py:266} INFO - Task exited with return code 0
[2026-07-21T02:16:53.454+0000] {taskinstance.py:3900} INFO - 1 downstream tasks scheduled from follow-on schedule check
[2026-07-21T02:16:53.457+0000] {local_task_job_runner.py:245} INFO - ::endgroup::
[2026-07-21T02:32:58.678+0000] {local_task_job_runner.py:123} INFO - ::group::Pre task execution logs
[2026-07-21T02:32:58.696+0000] {taskinstance.py:2612} INFO - Dependencies all met for dep_context=non-requeueable deps ti=<TaskInstance: wap_incremental_cfpb_pipeline.write_to_wap_branch scheduled__2026-07-20T00:00:00+00:00 [queued]>
[2026-07-21T02:32:58.704+0000] {taskinstance.py:2612} INFO - Dependencies all met for dep_context=requeueable deps ti=<TaskInstance: wap_incremental_cfpb_pipeline.write_to_wap_branch scheduled__2026-07-20T00:00:00+00:00 [queued]>
[2026-07-21T02:32:58.705+0000] {taskinstance.py:2865} INFO - Starting attempt 1 of 1
[2026-07-21T02:32:58.716+0000] {taskinstance.py:2888} INFO - Executing <Task(_PythonDecoratedOperator): write_to_wap_branch> on 2026-07-20 00:00:00+00:00
[2026-07-21T02:32:58.722+0000] {standard_task_runner.py:72} INFO - Started process 1012 to run task
[2026-07-21T02:32:58.725+0000] {standard_task_runner.py:104} INFO - Running: ['airflow', 'tasks', 'run', 'wap_incremental_cfpb_pipeline', 'write_to_wap_branch', 'scheduled__2026-07-20T00:00:00+00:00', '--job-id', '9', '--raw', '--subdir', 'DAGS_FOLDER/wap_incremental_cfpb_pipeline.py', '--cfg-path', '/tmp/tmprdajoo0_']
[2026-07-21T02:32:58.727+0000] {standard_task_runner.py:105} INFO - Job 9: Subtask write_to_wap_branch
[2026-07-21T02:32:58.814+0000] {task_command.py:467} INFO - Running <TaskInstance: wap_incremental_cfpb_pipeline.write_to_wap_branch scheduled__2026-07-20T00:00:00+00:00 [running]> on host 18b5701cc869
[2026-07-21T02:32:58.920+0000] {taskinstance.py:3131} INFO - Exporting env vars: AIRFLOW_CTX_DAG_OWNER='airflow' AIRFLOW_CTX_DAG_ID='wap_incremental_cfpb_pipeline' AIRFLOW_CTX_TASK_ID='write_to_wap_branch' AIRFLOW_CTX_EXECUTION_DATE='2026-07-20T00:00:00+00:00' AIRFLOW_CTX_TRY_NUMBER='1' AIRFLOW_CTX_DAG_RUN_ID='scheduled__2026-07-20T00:00:00+00:00'
[2026-07-21T02:32:58.923+0000] {taskinstance.py:731} INFO - ::endgroup::
[2026-07-21T02:32:58.927+0000] {crypto.py:82} WARNING - empty cryptography key - values will not be stored encrypted.
[2026-07-21T02:32:58.930+0000] {base.py:84} INFO - Retrieving connection 'minio_default'
[2026-07-21T02:32:58.932+0000] {base.py:84} INFO - Retrieving connection 'nessie_api_default'
[2026-07-21T02:32:59.856+0000] {duckdb_to_bronze.py:63} INFO - Đã khởi tạo DuckDB và PyIceberg Catalog trên nhánh 'etl_20260720_scheduled202607'.
[2026-07-21T02:32:59.885+0000] {__init__.py:331} INFO - Loaded FileIO: pyiceberg.io.fsspec.FsspecFileIO
[2026-07-21T02:32:59.887+0000] {duckdb_to_bronze.py:106} INFO - 🧹 [Incremental] Đang dọn dẹp dữ liệu cũ của _run_id = 'scheduled__2026-07-20T00:00:00+00:00' trên nhánh 'etl_20260720_scheduled202607'...
[2026-07-21T02:33:00.349+0000] {logging_mixin.py:190} WARNING - /home/airflow/.local/lib/python3.10/site-packages/pyiceberg/table/__init__.py:651 UserWarning: Delete operation did not match any records
[2026-07-21T02:33:00.351+0000] {duckdb_to_bronze.py:108} INFO - ✅ Dọn dẹp Incremental hoàn tất.
[2026-07-21T02:33:00.518+0000] {duckdb_to_bronze.py:142} INFO - Hoàn tất (Batch): 43 dòng vào bronze.raw_consumer_complaints.
[2026-07-21T02:33:00.522+0000] {duckdb_to_bronze.py:211} INFO - Đã đóng kết nối DuckDB an toàn.
[2026-07-21T02:33:00.524+0000] {python.py:240} INFO - Done. Returned value was: {'wap_branch': 'etl_20260720_scheduled202607', 'total_inserted_rows': 43, 'total_extracted_rows': 43, 'run_id': 'scheduled__2026-07-20T00:00:00+00:00'}
[2026-07-21T02:33:00.562+0000] {taskinstance.py:340} INFO - ::group::Post task execution logs
[2026-07-21T02:33:00.563+0000] {taskinstance.py:352} INFO - Marking task as SUCCESS. dag_id=wap_incremental_cfpb_pipeline, task_id=write_to_wap_branch, run_id=scheduled__2026-07-20T00:00:00+00:00, execution_date=20260720T000000, start_date=20260721T023258, end_date=20260721T023300
[2026-07-21T02:33:00.590+0000] {local_task_job_runner.py:266} INFO - Task exited with return code 0
[2026-07-21T02:33:00.620+0000] {taskinstance.py:3900} INFO - 1 downstream tasks scheduled from follow-on schedule check
[2026-07-21T02:33:00.625+0000] {local_task_job_runner.py:245} INFO - ::endgroup::
[2026-07-21T03:31:57.380+0000] {local_task_job_runner.py:123} INFO - ::group::Pre task execution logs
[2026-07-21T03:31:57.403+0000] {taskinstance.py:2612} INFO - Dependencies all met for dep_context=non-requeueable deps ti=<TaskInstance: wap_incremental_cfpb_pipeline.write_to_wap_branch scheduled__2026-07-20T00:00:00+00:00 [queued]>
[2026-07-21T03:31:57.416+0000] {taskinstance.py:2612} INFO - Dependencies all met for dep_context=requeueable deps ti=<TaskInstance: wap_incremental_cfpb_pipeline.write_to_wap_branch scheduled__2026-07-20T00:00:00+00:00 [queued]>
[2026-07-21T03:31:57.420+0000] {taskinstance.py:2865} INFO - Starting attempt 1 of 1
[2026-07-21T03:31:57.433+0000] {taskinstance.py:2888} INFO - Executing <Task(_PythonDecoratedOperator): write_to_wap_branch> on 2026-07-20 00:00:00+00:00
[2026-07-21T03:31:57.439+0000] {standard_task_runner.py:72} INFO - Started process 1163 to run task
[2026-07-21T03:31:57.443+0000] {standard_task_runner.py:104} INFO - Running: ['airflow', 'tasks', 'run', 'wap_incremental_cfpb_pipeline', 'write_to_wap_branch', 'scheduled__2026-07-20T00:00:00+00:00', '--job-id', '9', '--raw', '--subdir', 'DAGS_FOLDER/wap_incremental_cfpb_pipeline.py', '--cfg-path', '/tmp/tmp15r_7s94']
[2026-07-21T03:31:57.445+0000] {standard_task_runner.py:105} INFO - Job 9: Subtask write_to_wap_branch
[2026-07-21T03:31:57.553+0000] {task_command.py:467} INFO - Running <TaskInstance: wap_incremental_cfpb_pipeline.write_to_wap_branch scheduled__2026-07-20T00:00:00+00:00 [running]> on host ea33bf3a5570
[2026-07-21T03:31:57.663+0000] {taskinstance.py:3131} INFO - Exporting env vars: AIRFLOW_CTX_DAG_OWNER='airflow' AIRFLOW_CTX_DAG_ID='wap_incremental_cfpb_pipeline' AIRFLOW_CTX_TASK_ID='write_to_wap_branch' AIRFLOW_CTX_EXECUTION_DATE='2026-07-20T00:00:00+00:00' AIRFLOW_CTX_TRY_NUMBER='1' AIRFLOW_CTX_DAG_RUN_ID='scheduled__2026-07-20T00:00:00+00:00'
[2026-07-21T03:31:57.666+0000] {taskinstance.py:731} INFO - ::endgroup::
[2026-07-21T03:31:57.670+0000] {crypto.py:82} WARNING - empty cryptography key - values will not be stored encrypted.
[2026-07-21T03:31:57.672+0000] {base.py:84} INFO - Retrieving connection 'minio_default'
[2026-07-21T03:31:57.674+0000] {base.py:84} INFO - Retrieving connection 'nessie_api_default'
[2026-07-21T03:31:58.934+0000] {duckdb_to_bronze.py:63} INFO - Đã khởi tạo DuckDB và PyIceberg Catalog trên nhánh 'etl_20260720_scheduled202607'.
[2026-07-21T03:31:58.953+0000] {__init__.py:331} INFO - Loaded FileIO: pyiceberg.io.fsspec.FsspecFileIO
[2026-07-21T03:31:58.955+0000] {duckdb_to_bronze.py:106} INFO - 🧹 [Incremental] Đang dọn dẹp dữ liệu cũ của _run_id = 'scheduled__2026-07-20T00:00:00+00:00' trên nhánh 'etl_20260720_scheduled202607'...
[2026-07-21T03:31:59.396+0000] {logging_mixin.py:190} WARNING - /home/airflow/.local/lib/python3.10/site-packages/pyiceberg/table/__init__.py:651 UserWarning: Delete operation did not match any records
[2026-07-21T03:31:59.398+0000] {duckdb_to_bronze.py:108} INFO - ✅ Dọn dẹp Incremental hoàn tất.
[2026-07-21T03:31:59.550+0000] {duckdb_to_bronze.py:142} INFO - Hoàn tất (Batch): 43 dòng vào bronze.raw_consumer_complaints.
[2026-07-21T03:31:59.554+0000] {duckdb_to_bronze.py:211} INFO - Đã đóng kết nối DuckDB an toàn.
[2026-07-21T03:31:59.556+0000] {python.py:240} INFO - Done. Returned value was: {'wap_branch': 'etl_20260720_scheduled202607', 'total_inserted_rows': 43, 'total_extracted_rows': 43, 'run_id': 'scheduled__2026-07-20T00:00:00+00:00'}
[2026-07-21T03:31:59.589+0000] {taskinstance.py:340} INFO - ::group::Post task execution logs
[2026-07-21T03:31:59.591+0000] {taskinstance.py:352} INFO - Marking task as SUCCESS. dag_id=wap_incremental_cfpb_pipeline, task_id=write_to_wap_branch, run_id=scheduled__2026-07-20T00:00:00+00:00, execution_date=20260720T000000, start_date=20260721T033157, end_date=20260721T033159
[2026-07-21T03:31:59.629+0000] {local_task_job_runner.py:266} INFO - Task exited with return code 0
[2026-07-21T03:31:59.644+0000] {local_task_job_runner.py:245} INFO - ::endgroup::
[2026-07-21T04:35:08.513+0000] {local_task_job_runner.py:123} INFO - ::group::Pre task execution logs
[2026-07-21T04:35:08.537+0000] {taskinstance.py:2612} INFO - Dependencies all met for dep_context=non-requeueable deps ti=<TaskInstance: wap_incremental_cfpb_pipeline.write_to_wap_branch scheduled__2026-07-20T00:00:00+00:00 [queued]>
[2026-07-21T04:35:08.546+0000] {taskinstance.py:2612} INFO - Dependencies all met for dep_context=requeueable deps ti=<TaskInstance: wap_incremental_cfpb_pipeline.write_to_wap_branch scheduled__2026-07-20T00:00:00+00:00 [queued]>
[2026-07-21T04:35:08.548+0000] {taskinstance.py:2865} INFO - Starting attempt 1 of 1
[2026-07-21T04:35:08.562+0000] {taskinstance.py:2888} INFO - Executing <Task(_PythonDecoratedOperator): write_to_wap_branch> on 2026-07-20 00:00:00+00:00
[2026-07-21T04:35:08.569+0000] {standard_task_runner.py:72} INFO - Started process 934 to run task
[2026-07-21T04:35:08.574+0000] {standard_task_runner.py:104} INFO - Running: ['airflow', 'tasks', 'run', 'wap_incremental_cfpb_pipeline', 'write_to_wap_branch', 'scheduled__2026-07-20T00:00:00+00:00', '--job-id', '9', '--raw', '--subdir', 'DAGS_FOLDER/wap_incremental_cfpb_pipeline.py', '--cfg-path', '/tmp/tmppy40ap08']
[2026-07-21T04:35:08.576+0000] {standard_task_runner.py:105} INFO - Job 9: Subtask write_to_wap_branch
[2026-07-21T04:35:08.661+0000] {task_command.py:467} INFO - Running <TaskInstance: wap_incremental_cfpb_pipeline.write_to_wap_branch scheduled__2026-07-20T00:00:00+00:00 [running]> on host f323e2c81486
[2026-07-21T04:35:08.780+0000] {taskinstance.py:3131} INFO - Exporting env vars: AIRFLOW_CTX_DAG_OWNER='airflow' AIRFLOW_CTX_DAG_ID='wap_incremental_cfpb_pipeline' AIRFLOW_CTX_TASK_ID='write_to_wap_branch' AIRFLOW_CTX_EXECUTION_DATE='2026-07-20T00:00:00+00:00' AIRFLOW_CTX_TRY_NUMBER='1' AIRFLOW_CTX_DAG_RUN_ID='scheduled__2026-07-20T00:00:00+00:00'
[2026-07-21T04:35:08.781+0000] {taskinstance.py:731} INFO - ::endgroup::
[2026-07-21T04:35:08.786+0000] {crypto.py:82} WARNING - empty cryptography key - values will not be stored encrypted.
[2026-07-21T04:35:08.789+0000] {base.py:84} INFO - Retrieving connection 'minio_default'
[2026-07-21T04:35:08.790+0000] {base.py:84} INFO - Retrieving connection 'nessie_api_default'
[2026-07-21T04:35:10.008+0000] {duckdb_to_bronze.py:63} INFO - Đã khởi tạo DuckDB và PyIceberg Catalog trên nhánh 'etl_20260720_scheduled202607'.
[2026-07-21T04:35:10.031+0000] {__init__.py:331} INFO - Loaded FileIO: pyiceberg.io.fsspec.FsspecFileIO
[2026-07-21T04:35:10.033+0000] {duckdb_to_bronze.py:106} INFO - 🧹 [Incremental] Đang dọn dẹp dữ liệu cũ của _run_id = 'scheduled__2026-07-20T00:00:00+00:00' trên nhánh 'etl_20260720_scheduled202607'...
[2026-07-21T04:35:10.522+0000] {logging_mixin.py:190} WARNING - /home/airflow/.local/lib/python3.10/site-packages/pyiceberg/table/__init__.py:651 UserWarning: Delete operation did not match any records
[2026-07-21T04:35:10.523+0000] {duckdb_to_bronze.py:108} INFO - ✅ Dọn dẹp Incremental hoàn tất.
[2026-07-21T04:35:10.700+0000] {duckdb_to_bronze.py:142} INFO - Hoàn tất (Batch): 43 dòng vào bronze.raw_consumer_complaints.
[2026-07-21T04:35:10.704+0000] {duckdb_to_bronze.py:211} INFO - Đã đóng kết nối DuckDB an toàn.
[2026-07-21T04:35:10.706+0000] {python.py:240} INFO - Done. Returned value was: {'wap_branch': 'etl_20260720_scheduled202607', 'total_inserted_rows': 43, 'total_extracted_rows': 43, 'run_id': 'scheduled__2026-07-20T00:00:00+00:00'}
[2026-07-21T04:35:10.746+0000] {taskinstance.py:340} INFO - ::group::Post task execution logs
[2026-07-21T04:35:10.747+0000] {taskinstance.py:352} INFO - Marking task as SUCCESS. dag_id=wap_incremental_cfpb_pipeline, task_id=write_to_wap_branch, run_id=scheduled__2026-07-20T00:00:00+00:00, execution_date=20260720T000000, start_date=20260721T043508, end_date=20260721T043510
[2026-07-21T04:35:10.800+0000] {local_task_job_runner.py:266} INFO - Task exited with return code 0
[2026-07-21T04:35:10.827+0000] {taskinstance.py:3900} INFO - 1 downstream tasks scheduled from follow-on schedule check
[2026-07-21T04:35:10.830+0000] {local_task_job_runner.py:245} INFO - ::endgroup::
[2026-07-21T07:20:26.639+0000] {local_task_job_runner.py:123} INFO - ::group::Pre task execution logs
[2026-07-21T07:20:26.660+0000] {taskinstance.py:2612} INFO - Dependencies all met for dep_context=non-requeueable deps ti=<TaskInstance: wap_incremental_cfpb_pipeline.write_to_wap_branch scheduled__2026-07-20T00:00:00+00:00 [queued]>
[2026-07-21T07:20:26.670+0000] {taskinstance.py:2612} INFO - Dependencies all met for dep_context=requeueable deps ti=<TaskInstance: wap_incremental_cfpb_pipeline.write_to_wap_branch scheduled__2026-07-20T00:00:00+00:00 [queued]>
[2026-07-21T07:20:26.672+0000] {taskinstance.py:2865} INFO - Starting attempt 1 of 1
[2026-07-21T07:20:26.684+0000] {taskinstance.py:2888} INFO - Executing <Task(_PythonDecoratedOperator): write_to_wap_branch> on 2026-07-20 00:00:00+00:00
[2026-07-21T07:20:26.690+0000] {standard_task_runner.py:72} INFO - Started process 817 to run task
[2026-07-21T07:20:26.694+0000] {standard_task_runner.py:104} INFO - Running: ['airflow', 'tasks', 'run', 'wap_incremental_cfpb_pipeline', 'write_to_wap_branch', 'scheduled__2026-07-20T00:00:00+00:00', '--job-id', '9', '--raw', '--subdir', 'DAGS_FOLDER/wap_incremental_cfpb_pipeline.py', '--cfg-path', '/tmp/tmp__0bpl76']
[2026-07-21T07:20:26.697+0000] {standard_task_runner.py:105} INFO - Job 9: Subtask write_to_wap_branch
[2026-07-21T07:20:26.802+0000] {task_command.py:467} INFO - Running <TaskInstance: wap_incremental_cfpb_pipeline.write_to_wap_branch scheduled__2026-07-20T00:00:00+00:00 [running]> on host d9d01f23f376
[2026-07-21T07:20:26.914+0000] {taskinstance.py:3131} INFO - Exporting env vars: AIRFLOW_CTX_DAG_OWNER='airflow' AIRFLOW_CTX_DAG_ID='wap_incremental_cfpb_pipeline' AIRFLOW_CTX_TASK_ID='write_to_wap_branch' AIRFLOW_CTX_EXECUTION_DATE='2026-07-20T00:00:00+00:00' AIRFLOW_CTX_TRY_NUMBER='1' AIRFLOW_CTX_DAG_RUN_ID='scheduled__2026-07-20T00:00:00+00:00'
[2026-07-21T07:20:26.918+0000] {taskinstance.py:731} INFO - ::endgroup::
[2026-07-21T07:20:26.922+0000] {crypto.py:82} WARNING - empty cryptography key - values will not be stored encrypted.
[2026-07-21T07:20:26.924+0000] {base.py:84} INFO - Retrieving connection 'minio_default'
[2026-07-21T07:20:26.927+0000] {base.py:84} INFO - Retrieving connection 'nessie_api_default'
[2026-07-21T07:20:28.831+0000] {duckdb_to_bronze.py:63} INFO - Đã khởi tạo DuckDB và PyIceberg Catalog trên nhánh 'etl_20260720_scheduled202607'.
[2026-07-21T07:20:28.866+0000] {__init__.py:331} INFO - Loaded FileIO: pyiceberg.io.fsspec.FsspecFileIO
[2026-07-21T07:20:28.869+0000] {duckdb_to_bronze.py:106} INFO - 🧹 [Incremental] Đang dọn dẹp dữ liệu cũ của _run_id = 'scheduled__2026-07-20T00:00:00+00:00' trên nhánh 'etl_20260720_scheduled202607'...
[2026-07-21T07:20:29.413+0000] {logging_mixin.py:190} WARNING - /home/airflow/.local/lib/python3.10/site-packages/pyiceberg/table/__init__.py:651 UserWarning: Delete operation did not match any records
[2026-07-21T07:20:29.415+0000] {duckdb_to_bronze.py:108} INFO - ✅ Dọn dẹp Incremental hoàn tất.
[2026-07-21T07:20:29.572+0000] {duckdb_to_bronze.py:142} INFO - Hoàn tất (Batch): 43 dòng vào bronze.raw_consumer_complaints.
[2026-07-21T07:20:29.575+0000] {duckdb_to_bronze.py:211} INFO - Đã đóng kết nối DuckDB an toàn.
[2026-07-21T07:20:29.577+0000] {python.py:240} INFO - Done. Returned value was: {'wap_branch': 'etl_20260720_scheduled202607', 'total_inserted_rows': 43, 'total_extracted_rows': 43, 'run_id': 'scheduled__2026-07-20T00:00:00+00:00'}
[2026-07-21T07:20:29.610+0000] {taskinstance.py:340} INFO - ::group::Post task execution logs
[2026-07-21T07:20:29.612+0000] {taskinstance.py:352} INFO - Marking task as SUCCESS. dag_id=wap_incremental_cfpb_pipeline, task_id=write_to_wap_branch, run_id=scheduled__2026-07-20T00:00:00+00:00, execution_date=20260720T000000, start_date=20260721T072026, end_date=20260721T072029
[2026-07-21T07:20:29.645+0000] {local_task_job_runner.py:266} INFO - Task exited with return code 0
[2026-07-21T07:20:29.674+0000] {taskinstance.py:3900} INFO - 1 downstream tasks scheduled from follow-on schedule check
[2026-07-21T07:20:29.679+0000] {local_task_job_runner.py:245} INFO - ::endgroup::
