[2026-07-23T03:03:32.325+0000] {local_task_job_runner.py:123} INFO - ::group::Pre task execution logs
[2026-07-23T03:03:32.343+0000] {taskinstance.py:2612} INFO - Dependencies all met for dep_context=non-requeueable deps ti=<TaskInstance: dbt_silver_gold_incremental.transform_silver.stg__consumer_complaints.run manual__2026-07-23T03:03:20.158846+00:00 [queued]>
[2026-07-23T03:03:32.350+0000] {taskinstance.py:2612} INFO - Dependencies all met for dep_context=requeueable deps ti=<TaskInstance: dbt_silver_gold_incremental.transform_silver.stg__consumer_complaints.run manual__2026-07-23T03:03:20.158846+00:00 [queued]>
[2026-07-23T03:03:32.352+0000] {taskinstance.py:2865} INFO - Starting attempt 1 of 2
[2026-07-23T03:03:32.362+0000] {taskinstance.py:2888} INFO - Executing <Task(DbtRunLocalOperator): transform_silver.stg__consumer_complaints.run> on 2026-07-23 03:03:20.158846+00:00
[2026-07-23T03:03:32.366+0000] {standard_task_runner.py:72} INFO - Started process 1192 to run task
[2026-07-23T03:03:32.370+0000] {standard_task_runner.py:104} INFO - Running: ['airflow', 'tasks', 'run', 'dbt_silver_gold_incremental', 'transform_silver.stg__consumer_complaints.run', 'manual__2026-07-23T03:03:20.158846+00:00', '--job-id', '14', '--raw', '--subdir', 'DAGS_FOLDER/dbt_silver_gold.py', '--cfg-path', '/tmp/tmpsl6lp8ng']
[2026-07-23T03:03:32.372+0000] {standard_task_runner.py:105} INFO - Job 14: Subtask transform_silver.stg__consumer_complaints.run
[2026-07-23T03:03:32.447+0000] {task_command.py:467} INFO - Running <TaskInstance: dbt_silver_gold_incremental.transform_silver.stg__consumer_complaints.run manual__2026-07-23T03:03:20.158846+00:00 [running]> on host b3f56365d5f7
[2026-07-23T03:03:32.520+0000] {taskinstance.py:3131} INFO - Exporting env vars: AIRFLOW_CTX_DAG_OWNER='data_engineer' AIRFLOW_CTX_DAG_ID='dbt_silver_gold_incremental' AIRFLOW_CTX_TASK_ID='transform_silver.stg__consumer_complaints.run' AIRFLOW_CTX_EXECUTION_DATE='2026-07-23T03:03:20.158846+00:00' AIRFLOW_CTX_TRY_NUMBER='1' AIRFLOW_CTX_DAG_RUN_ID='manual__2026-07-23T03:03:20.158846+00:00'
[2026-07-23T03:03:32.522+0000] {taskinstance.py:731} INFO - ::endgroup::
[2026-07-23T03:03:33.460+0000] {local.py:294} INFO - dbtRunner is available. Using dbtRunner for invoking dbt.
[2026-07-23T03:03:33.461+0000] {local.py:518} INFO - Cloning project to writable temp directory /tmp/tmplxubdf4m from /opt/airflow/dbt_transform
[2026-07-23T03:03:33.471+0000] {local.py:538} INFO - Partial parse is enabled and the latest partial parse file is /tmp/cosmos/dbt_silver_gold_incremental__transform_silver/target/partial_parse.msgpack
[2026-07-23T03:03:33.483+0000] {config.py:395} INFO - Using user-supplied profiles.yml at /opt/airflow/dbt_transform/profiles.yml
[2026-07-23T03:03:33.493+0000] {runner.py:95} INFO - Trying to run dbtRunner with:
 ['deps', '--project-dir', '/tmp/tmplxubdf4m', '--profiles-dir', '/opt/airflow/dbt_transform', '--profile', 'lakehouse_dbt', '--target', 'dev', '--no-static-parser']
 in /tmp/tmplxubdf4m
[2026-07-23T03:03:33.559+0000] {logging_mixin.py:190} INFO - 03:03:33  Running with dbt=1.8.8
[2026-07-23T03:03:33.666+0000] {converter.py:314} INFO - ::group::Cosmos DAG parsing logs
[2026-07-23T03:03:33.669+0000] {graph.py:869} INFO - Trying to parse the dbt project using dbt ls cache cosmos_cache__dbt_silver_gold_incremental__transform_silver...
[2026-07-23T03:03:35.994+0000] {cache.py:383} INFO - Cosmos performance: time to calculate cache identifier cosmos_cache__dbt_silver_gold_incremental__transform_silver for current version: 2.3149849749997884
[2026-07-23T03:03:35.995+0000] {graph.py:886} INFO - Cosmos performance [b3f56365d5f7|1192]: The cache size for cosmos_cache__dbt_silver_gold_incremental__transform_silver is 6096
[2026-07-23T03:03:35.997+0000] {graph.py:898} INFO - Cosmos performance: Cache hit for cosmos_cache__dbt_silver_gold_incremental__transform_silver - 9b626e6fba26632fa4ad2bd4be515378,5e34606eb5f2b3dea81a8e19fa3ba138
[2026-07-23T03:03:35.998+0000] {graph.py:799} INFO - Total nodes: 7
[2026-07-23T03:03:35.999+0000] {graph.py:800} INFO - Total filtered nodes: 7
[2026-07-23T03:03:36.000+0000] {converter.py:361} INFO - Cosmos performance (dbt_silver_gold_incremental__transform_silver) - [b3f56365d5f7|1192]: It took 2.33s to parse the dbt project for DAG using dbt_ls_cache
[2026-07-23T03:03:36.009+0000] {converter.py:413} INFO - Cosmos performance (dbt_silver_gold_incremental__transform_silver) - [b3f56365d5f7|1192]: It took 0.00927s to build the Airflow DAG.
[2026-07-23T03:03:36.011+0000] {converter.py:420} INFO - ::endgroup::Cosmos DAG parsing logs
[2026-07-23T03:03:36.012+0000] {converter.py:314} INFO - ::group::Cosmos DAG parsing logs
[2026-07-23T03:03:36.015+0000] {graph.py:869} INFO - Trying to parse the dbt project using dbt ls cache cosmos_cache__dbt_silver_gold_incremental__transform_gold...
[2026-07-23T03:03:38.406+0000] {cache.py:383} INFO - Cosmos performance: time to calculate cache identifier cosmos_cache__dbt_silver_gold_incremental__transform_gold for current version: 2.380631799999719
[2026-07-23T03:03:38.407+0000] {graph.py:886} INFO - Cosmos performance [b3f56365d5f7|1192]: The cache size for cosmos_cache__dbt_silver_gold_incremental__transform_gold is 35980
[2026-07-23T03:03:38.409+0000] {graph.py:898} INFO - Cosmos performance: Cache hit for cosmos_cache__dbt_silver_gold_incremental__transform_gold - 9b626e6fba26632fa4ad2bd4be515378,304321e940a9403dceb380589bd0566f
[2026-07-23T03:03:38.410+0000] {graph.py:799} INFO - Total nodes: 39
[2026-07-23T03:03:38.411+0000] {graph.py:800} INFO - Total filtered nodes: 39
[2026-07-23T03:03:38.412+0000] {converter.py:361} INFO - Cosmos performance (dbt_silver_gold_incremental__transform_gold) - [b3f56365d5f7|1192]: It took 2.4s to parse the dbt project for DAG using dbt_ls_cache
[2026-07-23T03:03:38.446+0000] {converter.py:413} INFO - Cosmos performance (dbt_silver_gold_incremental__transform_gold) - [b3f56365d5f7|1192]: It took 0.0337s to build the Airflow DAG.
[2026-07-23T03:03:38.447+0000] {converter.py:420} INFO - ::endgroup::Cosmos DAG parsing logs
[2026-07-23T03:03:38.449+0000] {converter.py:314} INFO - ::group::Cosmos DAG parsing logs
[2026-07-23T03:03:38.452+0000] {graph.py:869} INFO - Trying to parse the dbt project using dbt ls cache cosmos_cache__dbt_silver_gold_full_load__transform_silver...
[2026-07-23T03:03:40.866+0000] {cache.py:383} INFO - Cosmos performance: time to calculate cache identifier cosmos_cache__dbt_silver_gold_full_load__transform_silver for current version: 2.40506693899988
[2026-07-23T03:03:40.867+0000] {graph.py:886} INFO - Cosmos performance [b3f56365d5f7|1192]: The cache size for cosmos_cache__dbt_silver_gold_full_load__transform_silver is 6096
[2026-07-23T03:03:40.868+0000] {graph.py:898} INFO - Cosmos performance: Cache hit for cosmos_cache__dbt_silver_gold_full_load__transform_silver - 9b626e6fba26632fa4ad2bd4be515378,5e34606eb5f2b3dea81a8e19fa3ba138
[2026-07-23T03:03:40.869+0000] {graph.py:799} INFO - Total nodes: 7
[2026-07-23T03:03:40.871+0000] {graph.py:800} INFO - Total filtered nodes: 7
[2026-07-23T03:03:40.874+0000] {converter.py:361} INFO - Cosmos performance (dbt_silver_gold_full_load__transform_silver) - [b3f56365d5f7|1192]: It took 2.42s to parse the dbt project for DAG using dbt_ls_cache
[2026-07-23T03:03:40.883+0000] {converter.py:413} INFO - Cosmos performance (dbt_silver_gold_full_load__transform_silver) - [b3f56365d5f7|1192]: It took 0.0087s to build the Airflow DAG.
[2026-07-23T03:03:40.884+0000] {converter.py:420} INFO - ::endgroup::Cosmos DAG parsing logs
[2026-07-23T03:03:40.885+0000] {converter.py:314} INFO - ::group::Cosmos DAG parsing logs
[2026-07-23T03:03:40.888+0000] {graph.py:869} INFO - Trying to parse the dbt project using dbt ls cache cosmos_cache__dbt_silver_gold_full_load__transform_gold...
[2026-07-23T03:03:43.699+0000] {cache.py:383} INFO - Cosmos performance: time to calculate cache identifier cosmos_cache__dbt_silver_gold_full_load__transform_gold for current version: 2.801917591000347
[2026-07-23T03:03:43.700+0000] {graph.py:886} INFO - Cosmos performance [b3f56365d5f7|1192]: The cache size for cosmos_cache__dbt_silver_gold_full_load__transform_gold is 35980
[2026-07-23T03:03:43.701+0000] {graph.py:898} INFO - Cosmos performance: Cache hit for cosmos_cache__dbt_silver_gold_full_load__transform_gold - 9b626e6fba26632fa4ad2bd4be515378,304321e940a9403dceb380589bd0566f
[2026-07-23T03:03:43.702+0000] {graph.py:799} INFO - Total nodes: 39
[2026-07-23T03:03:43.703+0000] {graph.py:800} INFO - Total filtered nodes: 39
[2026-07-23T03:03:43.703+0000] {converter.py:361} INFO - Cosmos performance (dbt_silver_gold_full_load__transform_gold) - [b3f56365d5f7|1192]: It took 2.82s to parse the dbt project for DAG using dbt_ls_cache
[2026-07-23T03:03:43.739+0000] {converter.py:413} INFO - Cosmos performance (dbt_silver_gold_full_load__transform_gold) - [b3f56365d5f7|1192]: It took 0.0351s to build the Airflow DAG.
[2026-07-23T03:03:43.740+0000] {converter.py:420} INFO - ::endgroup::Cosmos DAG parsing logs
[2026-07-23T03:03:44.592+0000] {logging_mixin.py:190} INFO - 03:03:44  Installing dbt-labs/dbt_utils
[2026-07-23T03:03:45.261+0000] {logging_mixin.py:190} INFO - 03:03:45  Installed from version 1.3.0
[2026-07-23T03:03:45.264+0000] {logging_mixin.py:190} INFO - 03:03:45  Updated version available: 1.4.1
[2026-07-23T03:03:45.266+0000] {logging_mixin.py:190} INFO - 03:03:45  Installing metaplane/dbt_expectations
[2026-07-23T03:03:46.197+0000] {logging_mixin.py:190} INFO - 03:03:46  Installed from version 0.10.8
[2026-07-23T03:03:46.200+0000] {logging_mixin.py:190} INFO - 03:03:46  Updated version available: 0.10.10
[2026-07-23T03:03:46.202+0000] {logging_mixin.py:190} INFO - 03:03:46  Installing godatadriven/dbt_date
[2026-07-23T03:03:46.748+0000] {logging_mixin.py:190} INFO - 03:03:46  Installed from version 0.15.0
[2026-07-23T03:03:46.750+0000] {logging_mixin.py:190} INFO - 03:03:46  Up to date!
[2026-07-23T03:03:46.753+0000] {logging_mixin.py:190} INFO - 03:03:46
[2026-07-23T03:03:46.755+0000] {logging_mixin.py:190} INFO - 03:03:46  Updates available for packages: ['dbt-labs/dbt_utils', 'metaplane/dbt_expectations']                 
Update your versions in packages.yml, then run dbt deps
[2026-07-23T03:03:48.060+0000] {runner.py:95} INFO - Trying to run dbtRunner with:
 ['run', '--select', 'fqn:consumer_complaints_transformation.staging.stg__consumer_complaints', '--project-dir', '/tmp/tmplxubdf4m', '--profiles-dir', '/opt/airflow/dbt_transform', '--profile', 'lakehouse_dbt', '--target', 'dev', '--no-static-parser']
 in /tmp/tmplxubdf4m
[2026-07-23T03:03:48.093+0000] {logging_mixin.py:190} INFO - 03:03:48  Running with dbt=1.8.8
[2026-07-23T03:03:48.124+0000] {auth.py:343} INFO - keyring module not found. OAuth2 token will not be stored in keyring.
[2026-07-23T03:03:48.130+0000] {auth.py:343} INFO - keyring module not found. OAuth2 token will not be stored in keyring.
[2026-07-23T03:03:48.240+0000] {logging_mixin.py:190} INFO - 03:03:48  Registered adapter: trino=1.8.5
[2026-07-23T03:03:48.566+0000] {logging_mixin.py:190} INFO - 03:03:48  Unable to do partial parsing because config vars, config profile, or config target have changed
[2026-07-23T03:03:50.269+0000] {logging_mixin.py:190} INFO - 03:03:50  [WARNING]: Deprecated functionality
The `tests` config has been renamed to `data_tests`. Please see
https://docs.getdbt.com/docs/build/data-tests#new-data_tests-syntax for more
information.
[2026-07-23T03:03:51.056+0000] {logging_mixin.py:190} INFO - 03:03:51  Found 8 models, 40 data tests, 1 source, 9 metrics, 839 macros, 5 semantic models
[2026-07-23T03:03:51.060+0000] {logging_mixin.py:190} INFO - 03:03:51
[2026-07-23T03:03:51.093+0000] {logging_mixin.py:190} INFO - 03:03:51  [WARNING]: SSL certificate validation is disabled by default. It is legacy behavior which will be changed in future releases. It is strongly advised to enable `require_certificate_validation` flag or explicitly set `cert` configuration to `True` for security reasons. You may receive an error after that if your SSL setup is incorrect.
You may opt into the new behavior sooner by setting `flags.require_certificate_validation` to `True` in `dbt_project.yml`.
Visit https://docs.getdbt.com/reference/global-configs/behavior-changes for more information.
[2026-07-23T03:03:52.682+0000] {logging_mixin.py:190} INFO - 03:03:52  Concurrency: 1 threads (target='dev')
[2026-07-23T03:03:52.685+0000] {logging_mixin.py:190} INFO - 03:03:52
[2026-07-23T03:03:52.698+0000] {logging_mixin.py:190} INFO - 03:03:52  1 of 1 START sql incremental model silver.stg__consumer_complaints ............. [RUN]
[2026-07-23T03:03:56.151+0000] {logging_mixin.py:190} INFO - 03:03:56  1 of 1 OK created sql incremental model silver.stg__consumer_complaints ........ [CREATE TABLE (31 rows) in 3.45s]
[2026-07-23T03:03:56.157+0000] {logging_mixin.py:190} INFO - 03:03:56
[2026-07-23T03:03:56.161+0000] {logging_mixin.py:190} INFO - 03:03:56  Finished running 1 incremental model in 0 hours 0 minutes and 5.10 seconds (5.10s).
[2026-07-23T03:03:56.210+0000] {logging_mixin.py:190} INFO - 03:03:56
[2026-07-23T03:03:56.212+0000] {logging_mixin.py:190} INFO - 03:03:56  Completed successfully
[2026-07-23T03:03:56.214+0000] {logging_mixin.py:190} INFO - 03:03:56
[2026-07-23T03:03:56.216+0000] {logging_mixin.py:190} INFO - 03:03:56  Done. PASS=1 WARN=0 ERROR=0 SKIP=0 TOTAL=1
[2026-07-23T03:03:57.477+0000] {local.py:196} WARNING - Artifact schema version: https://schemas.getdbt.com/dbt/manifest/v12.json is above dbt-ol supported version 7. This might cause errors.
[2026-07-23T03:03:57.486+0000] {local.py:594} INFO - Inlets: []
[2026-07-23T03:03:57.488+0000] {local.py:595} INFO - Outlets: []
[2026-07-23T03:03:57.489+0000] {local.py:886} INFO - Assigning inlets/outlets with DatasetAlias in Airflow 2
[2026-07-23T03:03:57.552+0000] {taskinstance.py:340} INFO - ::group::Post task execution logs
[2026-07-23T03:03:57.553+0000] {taskinstance.py:352} INFO - Marking task as SUCCESS. dag_id=dbt_silver_gold_incremental, task_id=transform_silver.stg__consumer_complaints.run, run_id=manual__2026-07-23T03:03:20.158846+00:00, execution_date=20260723T030320, start_date=20260723T030332, end_date=20260723T030357
[2026-07-23T03:03:58.466+0000] {_client.py:1026} INFO - HTTP Request: GET https://astronomer.gateway.scarf.sh/astronomer-cosmos/v3/task_instance?cosmos_version=1.15.0&airflow_version=2.10.2&python_version=3.10.15&platform_system=Linux&platform_machine=x86_64&status=success&operator_name=DbtRunLocalOperator&is_cosmos_operator_subclass=False&invocation_mode=dbt_runner&execution_mode=local&profile_strategy=yaml_file&profile_mapping_class=None&database=trino&is_mapped_task=False&dbt_command=run&install_deps=True&has_callback=False&duration=25.208957 "HTTP/1.1 200 OK"
[2026-07-23T03:03:58.520+0000] {local_task_job_runner.py:266} INFO - Task exited with return code 0
[2026-07-23T03:03:58.555+0000] {taskinstance.py:3900} INFO - 0 downstream tasks scheduled from follow-on schedule check
[2026-07-23T03:03:58.558+0000] {local_task_job_runner.py:245} INFO - ::endgroup::
