[2026-07-23T03:37:41.238+0000] {processor.py:186} INFO - Started process (PID=167) to work on /opt/airflow/dags/dbt_docs_pipeline.py
[2026-07-23T03:37:41.241+0000] {processor.py:914} INFO - Processing file /opt/airflow/dags/dbt_docs_pipeline.py for tasks to queue
[2026-07-23T03:37:41.246+0000] {logging_mixin.py:190} INFO - [2026-07-23T03:37:41.245+0000] {dagbag.py:588} INFO - Filling up the DagBag from /opt/airflow/dags/dbt_docs_pipeline.py
[2026-07-23T03:37:41.309+0000] {processor.py:925} INFO - DAG(s) 'dbt_docs_generate_and_publish' retrieved from /opt/airflow/dags/dbt_docs_pipeline.py
[2026-07-23T03:37:41.413+0000] {logging_mixin.py:190} INFO - [2026-07-23T03:37:41.412+0000] {override.py:1900} INFO - Created Permission View: can edit on DAG:dbt_docs_generate_and_publish
[2026-07-23T03:37:41.429+0000] {logging_mixin.py:190} INFO - [2026-07-23T03:37:41.428+0000] {override.py:1900} INFO - Created Permission View: can delete on DAG:dbt_docs_generate_and_publish
[2026-07-23T03:37:41.438+0000] {logging_mixin.py:190} INFO - [2026-07-23T03:37:41.437+0000] {override.py:1900} INFO - Created Permission View: can read on DAG:dbt_docs_generate_and_publish
[2026-07-23T03:37:41.447+0000] {logging_mixin.py:190} INFO - [2026-07-23T03:37:41.447+0000] {override.py:1900} INFO - Created Permission View: can create on DAG Run:dbt_docs_generate_and_publish
[2026-07-23T03:37:41.458+0000] {logging_mixin.py:190} INFO - [2026-07-23T03:37:41.457+0000] {override.py:1900} INFO - Created Permission View: menu access on DAG Run:dbt_docs_generate_and_publish
[2026-07-23T03:37:41.467+0000] {logging_mixin.py:190} INFO - [2026-07-23T03:37:41.466+0000] {override.py:1900} INFO - Created Permission View: can delete on DAG Run:dbt_docs_generate_and_publish
[2026-07-23T03:37:41.477+0000] {logging_mixin.py:190} INFO - [2026-07-23T03:37:41.477+0000] {override.py:1900} INFO - Created Permission View: can read on DAG Run:dbt_docs_generate_and_publish
[2026-07-23T03:37:41.479+0000] {logging_mixin.py:190} INFO - [2026-07-23T03:37:41.479+0000] {dag.py:3239} INFO - Sync 1 DAGs
[2026-07-23T03:37:41.500+0000] {logging_mixin.py:190} INFO - [2026-07-23T03:37:41.499+0000] {dag.py:3262} INFO - Creating ORM DAG for dbt_docs_generate_and_publish
[2026-07-23T03:37:41.515+0000] {logging_mixin.py:190} INFO - [2026-07-23T03:37:41.514+0000] {dag.py:4180} INFO - Setting next_dagrun for dbt_docs_generate_and_publish to 2026-07-22 02:00:00+00:00, run_after=2026-07-23 02:00:00+00:00
[2026-07-23T03:37:41.547+0000] {processor.py:208} INFO - Processing /opt/airflow/dags/dbt_docs_pipeline.py took 0.321 seconds
[2026-07-23T03:38:12.166+0000] {processor.py:186} INFO - Started process (PID=288) to work on /opt/airflow/dags/dbt_docs_pipeline.py
[2026-07-23T03:38:12.167+0000] {processor.py:914} INFO - Processing file /opt/airflow/dags/dbt_docs_pipeline.py for tasks to queue
[2026-07-23T03:38:12.170+0000] {logging_mixin.py:190} INFO - [2026-07-23T03:38:12.170+0000] {dagbag.py:588} INFO - Filling up the DagBag from /opt/airflow/dags/dbt_docs_pipeline.py
[2026-07-23T03:38:12.199+0000] {processor.py:925} INFO - DAG(s) 'dbt_docs_generate_and_publish' retrieved from /opt/airflow/dags/dbt_docs_pipeline.py
[2026-07-23T03:38:12.232+0000] {logging_mixin.py:190} INFO - [2026-07-23T03:38:12.231+0000] {dag.py:3239} INFO - Sync 1 DAGs
[2026-07-23T03:38:12.257+0000] {logging_mixin.py:190} INFO - [2026-07-23T03:38:12.256+0000] {dag.py:4180} INFO - Setting next_dagrun for dbt_docs_generate_and_publish to 2026-07-22 02:00:00+00:00, run_after=2026-07-23 02:00:00+00:00
[2026-07-23T03:38:12.279+0000] {processor.py:208} INFO - Processing /opt/airflow/dags/dbt_docs_pipeline.py took 0.120 seconds
[2026-07-23T03:38:43.053+0000] {processor.py:186} INFO - Started process (PID=404) to work on /opt/airflow/dags/dbt_docs_pipeline.py
[2026-07-23T03:38:43.055+0000] {processor.py:914} INFO - Processing file /opt/airflow/dags/dbt_docs_pipeline.py for tasks to queue
[2026-07-23T03:38:43.058+0000] {logging_mixin.py:190} INFO - [2026-07-23T03:38:43.057+0000] {dagbag.py:588} INFO - Filling up the DagBag from /opt/airflow/dags/dbt_docs_pipeline.py
[2026-07-23T03:38:43.091+0000] {processor.py:925} INFO - DAG(s) 'dbt_docs_generate_and_publish' retrieved from /opt/airflow/dags/dbt_docs_pipeline.py
[2026-07-23T03:38:43.123+0000] {logging_mixin.py:190} INFO - [2026-07-23T03:38:43.123+0000] {dag.py:3239} INFO - Sync 1 DAGs
[2026-07-23T03:38:43.153+0000] {logging_mixin.py:190} INFO - [2026-07-23T03:38:43.153+0000] {dag.py:4180} INFO - Setting next_dagrun for dbt_docs_generate_and_publish to 2026-07-22 02:00:00+00:00, run_after=2026-07-23 02:00:00+00:00
[2026-07-23T03:38:43.176+0000] {processor.py:208} INFO - Processing /opt/airflow/dags/dbt_docs_pipeline.py took 0.130 seconds
[2026-07-23T03:39:13.442+0000] {processor.py:186} INFO - Started process (PID=523) to work on /opt/airflow/dags/dbt_docs_pipeline.py
[2026-07-23T03:39:13.443+0000] {processor.py:914} INFO - Processing file /opt/airflow/dags/dbt_docs_pipeline.py for tasks to queue
[2026-07-23T03:39:13.445+0000] {logging_mixin.py:190} INFO - [2026-07-23T03:39:13.445+0000] {dagbag.py:588} INFO - Filling up the DagBag from /opt/airflow/dags/dbt_docs_pipeline.py
[2026-07-23T03:39:13.474+0000] {processor.py:925} INFO - DAG(s) 'dbt_docs_generate_and_publish' retrieved from /opt/airflow/dags/dbt_docs_pipeline.py
[2026-07-23T03:39:13.500+0000] {logging_mixin.py:190} INFO - [2026-07-23T03:39:13.499+0000] {dag.py:3239} INFO - Sync 1 DAGs
[2026-07-23T03:39:13.524+0000] {logging_mixin.py:190} INFO - [2026-07-23T03:39:13.524+0000] {dag.py:4180} INFO - Setting next_dagrun for dbt_docs_generate_and_publish to 2026-07-22 02:00:00+00:00, run_after=2026-07-23 02:00:00+00:00
[2026-07-23T03:39:13.544+0000] {processor.py:208} INFO - Processing /opt/airflow/dags/dbt_docs_pipeline.py took 0.108 seconds
[2026-07-23T03:42:53.347+0000] {processor.py:186} INFO - Started process (PID=167) to work on /opt/airflow/dags/dbt_docs_pipeline.py
[2026-07-23T03:42:53.349+0000] {processor.py:914} INFO - Processing file /opt/airflow/dags/dbt_docs_pipeline.py for tasks to queue
[2026-07-23T03:42:53.353+0000] {logging_mixin.py:190} INFO - [2026-07-23T03:42:53.353+0000] {dagbag.py:588} INFO - Filling up the DagBag from /opt/airflow/dags/dbt_docs_pipeline.py
[2026-07-23T03:42:53.412+0000] {processor.py:925} INFO - DAG(s) 'dbt_docs_generate_and_publish' retrieved from /opt/airflow/dags/dbt_docs_pipeline.py
[2026-07-23T03:42:53.504+0000] {logging_mixin.py:190} INFO - [2026-07-23T03:42:53.503+0000] {override.py:1900} INFO - Created Permission View: can delete on DAG:dbt_docs_generate_and_publish
[2026-07-23T03:42:53.522+0000] {logging_mixin.py:190} INFO - [2026-07-23T03:42:53.521+0000] {override.py:1900} INFO - Created Permission View: can edit on DAG:dbt_docs_generate_and_publish
[2026-07-23T03:42:53.531+0000] {logging_mixin.py:190} INFO - [2026-07-23T03:42:53.531+0000] {override.py:1900} INFO - Created Permission View: can read on DAG:dbt_docs_generate_and_publish
[2026-07-23T03:42:53.543+0000] {logging_mixin.py:190} INFO - [2026-07-23T03:42:53.542+0000] {override.py:1900} INFO - Created Permission View: can delete on DAG Run:dbt_docs_generate_and_publish
[2026-07-23T03:42:53.553+0000] {logging_mixin.py:190} INFO - [2026-07-23T03:42:53.552+0000] {override.py:1900} INFO - Created Permission View: menu access on DAG Run:dbt_docs_generate_and_publish
[2026-07-23T03:42:53.563+0000] {logging_mixin.py:190} INFO - [2026-07-23T03:42:53.563+0000] {override.py:1900} INFO - Created Permission View: can create on DAG Run:dbt_docs_generate_and_publish
[2026-07-23T03:42:53.573+0000] {logging_mixin.py:190} INFO - [2026-07-23T03:42:53.573+0000] {override.py:1900} INFO - Created Permission View: can read on DAG Run:dbt_docs_generate_and_publish
[2026-07-23T03:42:53.574+0000] {logging_mixin.py:190} INFO - [2026-07-23T03:42:53.574+0000] {dag.py:3239} INFO - Sync 1 DAGs
[2026-07-23T03:42:53.595+0000] {logging_mixin.py:190} INFO - [2026-07-23T03:42:53.594+0000] {dag.py:3262} INFO - Creating ORM DAG for dbt_docs_generate_and_publish
[2026-07-23T03:42:53.612+0000] {logging_mixin.py:190} INFO - [2026-07-23T03:42:53.612+0000] {dag.py:4180} INFO - Setting next_dagrun for dbt_docs_generate_and_publish to 2026-07-22 02:00:00+00:00, run_after=2026-07-23 02:00:00+00:00
[2026-07-23T03:42:53.647+0000] {processor.py:208} INFO - Processing /opt/airflow/dags/dbt_docs_pipeline.py took 0.307 seconds
[2026-07-23T03:43:24.129+0000] {processor.py:186} INFO - Started process (PID=288) to work on /opt/airflow/dags/dbt_docs_pipeline.py
[2026-07-23T03:43:24.131+0000] {processor.py:914} INFO - Processing file /opt/airflow/dags/dbt_docs_pipeline.py for tasks to queue
[2026-07-23T03:43:24.135+0000] {logging_mixin.py:190} INFO - [2026-07-23T03:43:24.134+0000] {dagbag.py:588} INFO - Filling up the DagBag from /opt/airflow/dags/dbt_docs_pipeline.py
[2026-07-23T03:43:24.182+0000] {processor.py:925} INFO - DAG(s) 'dbt_docs_generate_and_publish' retrieved from /opt/airflow/dags/dbt_docs_pipeline.py
[2026-07-23T03:43:24.210+0000] {logging_mixin.py:190} INFO - [2026-07-23T03:43:24.209+0000] {dag.py:3239} INFO - Sync 1 DAGs
[2026-07-23T03:43:24.237+0000] {logging_mixin.py:190} INFO - [2026-07-23T03:43:24.236+0000] {dag.py:4180} INFO - Setting next_dagrun for dbt_docs_generate_and_publish to 2026-07-22 02:00:00+00:00, run_after=2026-07-23 02:00:00+00:00
[2026-07-23T03:43:24.259+0000] {processor.py:208} INFO - Processing /opt/airflow/dags/dbt_docs_pipeline.py took 0.136 seconds
[2026-07-23T03:43:54.682+0000] {processor.py:186} INFO - Started process (PID=410) to work on /opt/airflow/dags/dbt_docs_pipeline.py
[2026-07-23T03:43:54.684+0000] {processor.py:914} INFO - Processing file /opt/airflow/dags/dbt_docs_pipeline.py for tasks to queue
[2026-07-23T03:43:54.688+0000] {logging_mixin.py:190} INFO - [2026-07-23T03:43:54.687+0000] {dagbag.py:588} INFO - Filling up the DagBag from /opt/airflow/dags/dbt_docs_pipeline.py
[2026-07-23T03:43:54.745+0000] {processor.py:925} INFO - DAG(s) 'dbt_docs_generate_and_publish' retrieved from /opt/airflow/dags/dbt_docs_pipeline.py
[2026-07-23T03:43:54.778+0000] {logging_mixin.py:190} INFO - [2026-07-23T03:43:54.778+0000] {dag.py:3239} INFO - Sync 1 DAGs
[2026-07-23T03:43:54.811+0000] {logging_mixin.py:190} INFO - [2026-07-23T03:43:54.811+0000] {dag.py:4180} INFO - Setting next_dagrun for dbt_docs_generate_and_publish to 2026-07-22 02:00:00+00:00, run_after=2026-07-23 02:00:00+00:00
[2026-07-23T03:43:54.839+0000] {processor.py:208} INFO - Processing /opt/airflow/dags/dbt_docs_pipeline.py took 0.166 seconds
[2026-07-23T03:44:25.275+0000] {processor.py:186} INFO - Started process (PID=578) to work on /opt/airflow/dags/dbt_docs_pipeline.py
[2026-07-23T03:44:25.276+0000] {processor.py:914} INFO - Processing file /opt/airflow/dags/dbt_docs_pipeline.py for tasks to queue
[2026-07-23T03:44:25.279+0000] {logging_mixin.py:190} INFO - [2026-07-23T03:44:25.279+0000] {dagbag.py:588} INFO - Filling up the DagBag from /opt/airflow/dags/dbt_docs_pipeline.py
[2026-07-23T03:44:25.316+0000] {processor.py:925} INFO - DAG(s) 'dbt_docs_generate_and_publish' retrieved from /opt/airflow/dags/dbt_docs_pipeline.py
[2026-07-23T03:44:25.350+0000] {logging_mixin.py:190} INFO - [2026-07-23T03:44:25.350+0000] {dag.py:3239} INFO - Sync 1 DAGs
[2026-07-23T03:44:25.376+0000] {logging_mixin.py:190} INFO - [2026-07-23T03:44:25.376+0000] {dag.py:4180} INFO - Setting next_dagrun for dbt_docs_generate_and_publish to 2026-07-22 02:00:00+00:00, run_after=2026-07-23 02:00:00+00:00
[2026-07-23T03:44:25.404+0000] {processor.py:208} INFO - Processing /opt/airflow/dags/dbt_docs_pipeline.py took 0.136 seconds
[2026-07-23T03:44:55.548+0000] {processor.py:186} INFO - Started process (PID=696) to work on /opt/airflow/dags/dbt_docs_pipeline.py
[2026-07-23T03:44:55.550+0000] {processor.py:914} INFO - Processing file /opt/airflow/dags/dbt_docs_pipeline.py for tasks to queue
[2026-07-23T03:44:55.554+0000] {logging_mixin.py:190} INFO - [2026-07-23T03:44:55.554+0000] {dagbag.py:588} INFO - Filling up the DagBag from /opt/airflow/dags/dbt_docs_pipeline.py
[2026-07-23T03:44:55.582+0000] {processor.py:925} INFO - DAG(s) 'dbt_docs_generate_and_publish' retrieved from /opt/airflow/dags/dbt_docs_pipeline.py
[2026-07-23T03:44:55.611+0000] {logging_mixin.py:190} INFO - [2026-07-23T03:44:55.611+0000] {dag.py:3239} INFO - Sync 1 DAGs
[2026-07-23T03:44:55.636+0000] {logging_mixin.py:190} INFO - [2026-07-23T03:44:55.636+0000] {dag.py:4180} INFO - Setting next_dagrun for dbt_docs_generate_and_publish to 2026-07-22 02:00:00+00:00, run_after=2026-07-23 02:00:00+00:00
[2026-07-23T03:44:55.657+0000] {processor.py:208} INFO - Processing /opt/airflow/dags/dbt_docs_pipeline.py took 0.118 seconds
[2026-07-23T03:45:26.341+0000] {processor.py:186} INFO - Started process (PID=1100) to work on /opt/airflow/dags/dbt_docs_pipeline.py
[2026-07-23T03:45:26.342+0000] {processor.py:914} INFO - Processing file /opt/airflow/dags/dbt_docs_pipeline.py for tasks to queue
[2026-07-23T03:45:26.344+0000] {logging_mixin.py:190} INFO - [2026-07-23T03:45:26.344+0000] {dagbag.py:588} INFO - Filling up the DagBag from /opt/airflow/dags/dbt_docs_pipeline.py
[2026-07-23T03:45:26.370+0000] {processor.py:925} INFO - DAG(s) 'dbt_docs_generate_and_publish' retrieved from /opt/airflow/dags/dbt_docs_pipeline.py
[2026-07-23T03:45:26.385+0000] {logging_mixin.py:190} INFO - [2026-07-23T03:45:26.385+0000] {dag.py:3239} INFO - Sync 1 DAGs
[2026-07-23T03:45:26.407+0000] {logging_mixin.py:190} INFO - [2026-07-23T03:45:26.407+0000] {dag.py:4180} INFO - Setting next_dagrun for dbt_docs_generate_and_publish to 2026-07-22 02:00:00+00:00, run_after=2026-07-23 02:00:00+00:00
[2026-07-23T03:45:26.428+0000] {processor.py:208} INFO - Processing /opt/airflow/dags/dbt_docs_pipeline.py took 0.093 seconds
[2026-07-23T03:45:56.582+0000] {processor.py:186} INFO - Started process (PID=1231) to work on /opt/airflow/dags/dbt_docs_pipeline.py
[2026-07-23T03:45:56.584+0000] {processor.py:914} INFO - Processing file /opt/airflow/dags/dbt_docs_pipeline.py for tasks to queue
[2026-07-23T03:45:56.590+0000] {logging_mixin.py:190} INFO - [2026-07-23T03:45:56.590+0000] {dagbag.py:588} INFO - Filling up the DagBag from /opt/airflow/dags/dbt_docs_pipeline.py
[2026-07-23T03:45:56.628+0000] {processor.py:925} INFO - DAG(s) 'dbt_docs_generate_and_publish' retrieved from /opt/airflow/dags/dbt_docs_pipeline.py
[2026-07-23T03:45:56.724+0000] {logging_mixin.py:190} INFO - [2026-07-23T03:45:56.723+0000] {dag.py:3239} INFO - Sync 1 DAGs
[2026-07-23T03:45:56.754+0000] {logging_mixin.py:190} INFO - [2026-07-23T03:45:56.754+0000] {dag.py:4180} INFO - Setting next_dagrun for dbt_docs_generate_and_publish to 2026-07-22 02:00:00+00:00, run_after=2026-07-23 02:00:00+00:00
[2026-07-23T03:45:56.784+0000] {processor.py:208} INFO - Processing /opt/airflow/dags/dbt_docs_pipeline.py took 0.210 seconds
[2026-07-23T03:46:26.896+0000] {processor.py:186} INFO - Started process (PID=1359) to work on /opt/airflow/dags/dbt_docs_pipeline.py
[2026-07-23T03:46:26.897+0000] {processor.py:914} INFO - Processing file /opt/airflow/dags/dbt_docs_pipeline.py for tasks to queue
[2026-07-23T03:46:26.901+0000] {logging_mixin.py:190} INFO - [2026-07-23T03:46:26.900+0000] {dagbag.py:588} INFO - Filling up the DagBag from /opt/airflow/dags/dbt_docs_pipeline.py
[2026-07-23T03:46:26.935+0000] {processor.py:925} INFO - DAG(s) 'dbt_docs_generate_and_publish' retrieved from /opt/airflow/dags/dbt_docs_pipeline.py
[2026-07-23T03:46:26.960+0000] {logging_mixin.py:190} INFO - [2026-07-23T03:46:26.960+0000] {dag.py:3239} INFO - Sync 1 DAGs
[2026-07-23T03:46:26.983+0000] {logging_mixin.py:190} INFO - [2026-07-23T03:46:26.983+0000] {dag.py:4180} INFO - Setting next_dagrun for dbt_docs_generate_and_publish to 2026-07-22 02:00:00+00:00, run_after=2026-07-23 02:00:00+00:00
[2026-07-23T03:46:27.003+0000] {processor.py:208} INFO - Processing /opt/airflow/dags/dbt_docs_pipeline.py took 0.114 seconds
[2026-07-23T03:46:57.405+0000] {processor.py:186} INFO - Started process (PID=1505) to work on /opt/airflow/dags/dbt_docs_pipeline.py
[2026-07-23T03:46:57.406+0000] {processor.py:914} INFO - Processing file /opt/airflow/dags/dbt_docs_pipeline.py for tasks to queue
[2026-07-23T03:46:57.411+0000] {logging_mixin.py:190} INFO - [2026-07-23T03:46:57.410+0000] {dagbag.py:588} INFO - Filling up the DagBag from /opt/airflow/dags/dbt_docs_pipeline.py
[2026-07-23T03:46:57.458+0000] {processor.py:925} INFO - DAG(s) 'dbt_docs_generate_and_publish' retrieved from /opt/airflow/dags/dbt_docs_pipeline.py
[2026-07-23T03:46:57.500+0000] {logging_mixin.py:190} INFO - [2026-07-23T03:46:57.499+0000] {dag.py:3239} INFO - Sync 1 DAGs
[2026-07-23T03:46:57.532+0000] {logging_mixin.py:190} INFO - [2026-07-23T03:46:57.532+0000] {dag.py:4180} INFO - Setting next_dagrun for dbt_docs_generate_and_publish to 2026-07-22 02:00:00+00:00, run_after=2026-07-23 02:00:00+00:00
[2026-07-23T03:46:57.561+0000] {processor.py:208} INFO - Processing /opt/airflow/dags/dbt_docs_pipeline.py took 0.166 seconds
[2026-07-23T03:47:28.188+0000] {processor.py:186} INFO - Started process (PID=1688) to work on /opt/airflow/dags/dbt_docs_pipeline.py
[2026-07-23T03:47:28.190+0000] {processor.py:914} INFO - Processing file /opt/airflow/dags/dbt_docs_pipeline.py for tasks to queue
[2026-07-23T03:47:28.196+0000] {logging_mixin.py:190} INFO - [2026-07-23T03:47:28.196+0000] {dagbag.py:588} INFO - Filling up the DagBag from /opt/airflow/dags/dbt_docs_pipeline.py
[2026-07-23T03:47:28.240+0000] {processor.py:925} INFO - DAG(s) 'dbt_docs_generate_and_publish' retrieved from /opt/airflow/dags/dbt_docs_pipeline.py
[2026-07-23T03:47:28.282+0000] {logging_mixin.py:190} INFO - [2026-07-23T03:47:28.281+0000] {dag.py:3239} INFO - Sync 1 DAGs
[2026-07-23T03:47:28.313+0000] {logging_mixin.py:190} INFO - [2026-07-23T03:47:28.313+0000] {dag.py:4180} INFO - Setting next_dagrun for dbt_docs_generate_and_publish to 2026-07-22 02:00:00+00:00, run_after=2026-07-23 02:00:00+00:00
[2026-07-23T03:47:28.345+0000] {processor.py:208} INFO - Processing /opt/airflow/dags/dbt_docs_pipeline.py took 0.165 seconds
[2026-07-23T03:47:58.544+0000] {processor.py:186} INFO - Started process (PID=1844) to work on /opt/airflow/dags/dbt_docs_pipeline.py
[2026-07-23T03:47:58.545+0000] {processor.py:914} INFO - Processing file /opt/airflow/dags/dbt_docs_pipeline.py for tasks to queue
[2026-07-23T03:47:58.550+0000] {logging_mixin.py:190} INFO - [2026-07-23T03:47:58.549+0000] {dagbag.py:588} INFO - Filling up the DagBag from /opt/airflow/dags/dbt_docs_pipeline.py
[2026-07-23T03:47:58.583+0000] {processor.py:925} INFO - DAG(s) 'dbt_docs_generate_and_publish' retrieved from /opt/airflow/dags/dbt_docs_pipeline.py
[2026-07-23T03:47:58.607+0000] {logging_mixin.py:190} INFO - [2026-07-23T03:47:58.606+0000] {dag.py:3239} INFO - Sync 1 DAGs
[2026-07-23T03:47:58.630+0000] {logging_mixin.py:190} INFO - [2026-07-23T03:47:58.629+0000] {dag.py:4180} INFO - Setting next_dagrun for dbt_docs_generate_and_publish to 2026-07-22 02:00:00+00:00, run_after=2026-07-23 02:00:00+00:00
[2026-07-23T03:47:58.656+0000] {processor.py:208} INFO - Processing /opt/airflow/dags/dbt_docs_pipeline.py took 0.117 seconds
[2026-07-23T03:48:29.132+0000] {processor.py:186} INFO - Started process (PID=1977) to work on /opt/airflow/dags/dbt_docs_pipeline.py
[2026-07-23T03:48:29.133+0000] {processor.py:914} INFO - Processing file /opt/airflow/dags/dbt_docs_pipeline.py for tasks to queue
[2026-07-23T03:48:29.136+0000] {logging_mixin.py:190} INFO - [2026-07-23T03:48:29.136+0000] {dagbag.py:588} INFO - Filling up the DagBag from /opt/airflow/dags/dbt_docs_pipeline.py
[2026-07-23T03:48:29.167+0000] {processor.py:925} INFO - DAG(s) 'dbt_docs_generate_and_publish' retrieved from /opt/airflow/dags/dbt_docs_pipeline.py
[2026-07-23T03:48:29.206+0000] {logging_mixin.py:190} INFO - [2026-07-23T03:48:29.205+0000] {dag.py:3239} INFO - Sync 1 DAGs
[2026-07-23T03:48:29.233+0000] {logging_mixin.py:190} INFO - [2026-07-23T03:48:29.233+0000] {dag.py:4180} INFO - Setting next_dagrun for dbt_docs_generate_and_publish to 2026-07-22 02:00:00+00:00, run_after=2026-07-23 02:00:00+00:00
[2026-07-23T03:48:29.258+0000] {processor.py:208} INFO - Processing /opt/airflow/dags/dbt_docs_pipeline.py took 0.132 seconds
[2026-07-23T03:48:59.657+0000] {processor.py:186} INFO - Started process (PID=2103) to work on /opt/airflow/dags/dbt_docs_pipeline.py
[2026-07-23T03:48:59.658+0000] {processor.py:914} INFO - Processing file /opt/airflow/dags/dbt_docs_pipeline.py for tasks to queue
[2026-07-23T03:48:59.661+0000] {logging_mixin.py:190} INFO - [2026-07-23T03:48:59.660+0000] {dagbag.py:588} INFO - Filling up the DagBag from /opt/airflow/dags/dbt_docs_pipeline.py
[2026-07-23T03:48:59.698+0000] {processor.py:925} INFO - DAG(s) 'dbt_docs_generate_and_publish' retrieved from /opt/airflow/dags/dbt_docs_pipeline.py
[2026-07-23T03:48:59.722+0000] {logging_mixin.py:190} INFO - [2026-07-23T03:48:59.722+0000] {dag.py:3239} INFO - Sync 1 DAGs
[2026-07-23T03:48:59.779+0000] {processor.py:208} INFO - Processing /opt/airflow/dags/dbt_docs_pipeline.py took 0.127 seconds
[2026-07-23T03:49:29.841+0000] {processor.py:186} INFO - Started process (PID=2224) to work on /opt/airflow/dags/dbt_docs_pipeline.py
[2026-07-23T03:49:29.842+0000] {processor.py:914} INFO - Processing file /opt/airflow/dags/dbt_docs_pipeline.py for tasks to queue
[2026-07-23T03:49:29.844+0000] {logging_mixin.py:190} INFO - [2026-07-23T03:49:29.844+0000] {dagbag.py:588} INFO - Filling up the DagBag from /opt/airflow/dags/dbt_docs_pipeline.py
[2026-07-23T03:49:29.864+0000] {processor.py:925} INFO - DAG(s) 'dbt_docs_generate_and_publish' retrieved from /opt/airflow/dags/dbt_docs_pipeline.py
[2026-07-23T03:49:29.885+0000] {logging_mixin.py:190} INFO - [2026-07-23T03:49:29.885+0000] {dag.py:3239} INFO - Sync 1 DAGs
[2026-07-23T03:49:29.925+0000] {processor.py:208} INFO - Processing /opt/airflow/dags/dbt_docs_pipeline.py took 0.090 seconds
[2026-07-23T03:50:00.707+0000] {processor.py:186} INFO - Started process (PID=2343) to work on /opt/airflow/dags/dbt_docs_pipeline.py
[2026-07-23T03:50:00.708+0000] {processor.py:914} INFO - Processing file /opt/airflow/dags/dbt_docs_pipeline.py for tasks to queue
[2026-07-23T03:50:00.710+0000] {logging_mixin.py:190} INFO - [2026-07-23T03:50:00.710+0000] {dagbag.py:588} INFO - Filling up the DagBag from /opt/airflow/dags/dbt_docs_pipeline.py
[2026-07-23T03:50:00.734+0000] {processor.py:925} INFO - DAG(s) 'dbt_docs_generate_and_publish' retrieved from /opt/airflow/dags/dbt_docs_pipeline.py
[2026-07-23T03:50:00.756+0000] {logging_mixin.py:190} INFO - [2026-07-23T03:50:00.756+0000] {dag.py:3239} INFO - Sync 1 DAGs
[2026-07-23T03:50:00.795+0000] {processor.py:208} INFO - Processing /opt/airflow/dags/dbt_docs_pipeline.py took 0.094 seconds
[2026-07-23T03:50:31.137+0000] {processor.py:186} INFO - Started process (PID=2461) to work on /opt/airflow/dags/dbt_docs_pipeline.py
[2026-07-23T03:50:31.138+0000] {processor.py:914} INFO - Processing file /opt/airflow/dags/dbt_docs_pipeline.py for tasks to queue
[2026-07-23T03:50:31.141+0000] {logging_mixin.py:190} INFO - [2026-07-23T03:50:31.141+0000] {dagbag.py:588} INFO - Filling up the DagBag from /opt/airflow/dags/dbt_docs_pipeline.py
[2026-07-23T03:50:31.169+0000] {processor.py:925} INFO - DAG(s) 'dbt_docs_generate_and_publish' retrieved from /opt/airflow/dags/dbt_docs_pipeline.py
[2026-07-23T03:50:31.193+0000] {logging_mixin.py:190} INFO - [2026-07-23T03:50:31.193+0000] {dag.py:3239} INFO - Sync 1 DAGs
[2026-07-23T03:50:31.239+0000] {processor.py:208} INFO - Processing /opt/airflow/dags/dbt_docs_pipeline.py took 0.107 seconds
[2026-07-23T03:51:01.933+0000] {processor.py:186} INFO - Started process (PID=2582) to work on /opt/airflow/dags/dbt_docs_pipeline.py
[2026-07-23T03:51:01.934+0000] {processor.py:914} INFO - Processing file /opt/airflow/dags/dbt_docs_pipeline.py for tasks to queue
[2026-07-23T03:51:01.936+0000] {logging_mixin.py:190} INFO - [2026-07-23T03:51:01.935+0000] {dagbag.py:588} INFO - Filling up the DagBag from /opt/airflow/dags/dbt_docs_pipeline.py
[2026-07-23T03:51:01.964+0000] {processor.py:925} INFO - DAG(s) 'dbt_docs_generate_and_publish' retrieved from /opt/airflow/dags/dbt_docs_pipeline.py
[2026-07-23T03:51:01.986+0000] {logging_mixin.py:190} INFO - [2026-07-23T03:51:01.986+0000] {dag.py:3239} INFO - Sync 1 DAGs
[2026-07-23T03:51:02.032+0000] {processor.py:208} INFO - Processing /opt/airflow/dags/dbt_docs_pipeline.py took 0.105 seconds
[2026-07-23T03:51:32.799+0000] {processor.py:186} INFO - Started process (PID=2703) to work on /opt/airflow/dags/dbt_docs_pipeline.py
[2026-07-23T03:51:32.800+0000] {processor.py:914} INFO - Processing file /opt/airflow/dags/dbt_docs_pipeline.py for tasks to queue
[2026-07-23T03:51:32.802+0000] {logging_mixin.py:190} INFO - [2026-07-23T03:51:32.802+0000] {dagbag.py:588} INFO - Filling up the DagBag from /opt/airflow/dags/dbt_docs_pipeline.py
[2026-07-23T03:51:32.830+0000] {processor.py:925} INFO - DAG(s) 'dbt_docs_generate_and_publish' retrieved from /opt/airflow/dags/dbt_docs_pipeline.py
[2026-07-23T03:51:32.853+0000] {logging_mixin.py:190} INFO - [2026-07-23T03:51:32.852+0000] {dag.py:3239} INFO - Sync 1 DAGs
[2026-07-23T03:51:32.901+0000] {processor.py:208} INFO - Processing /opt/airflow/dags/dbt_docs_pipeline.py took 0.108 seconds
[2026-07-23T03:52:03.071+0000] {processor.py:186} INFO - Started process (PID=2822) to work on /opt/airflow/dags/dbt_docs_pipeline.py
[2026-07-23T03:52:03.072+0000] {processor.py:914} INFO - Processing file /opt/airflow/dags/dbt_docs_pipeline.py for tasks to queue
[2026-07-23T03:52:03.075+0000] {logging_mixin.py:190} INFO - [2026-07-23T03:52:03.075+0000] {dagbag.py:588} INFO - Filling up the DagBag from /opt/airflow/dags/dbt_docs_pipeline.py
[2026-07-23T03:52:03.104+0000] {processor.py:925} INFO - DAG(s) 'dbt_docs_generate_and_publish' retrieved from /opt/airflow/dags/dbt_docs_pipeline.py
[2026-07-23T03:52:03.129+0000] {logging_mixin.py:190} INFO - [2026-07-23T03:52:03.128+0000] {dag.py:3239} INFO - Sync 1 DAGs
[2026-07-23T03:52:03.183+0000] {processor.py:208} INFO - Processing /opt/airflow/dags/dbt_docs_pipeline.py took 0.121 seconds
[2026-07-23T03:52:33.363+0000] {processor.py:186} INFO - Started process (PID=2940) to work on /opt/airflow/dags/dbt_docs_pipeline.py
[2026-07-23T03:52:33.364+0000] {processor.py:914} INFO - Processing file /opt/airflow/dags/dbt_docs_pipeline.py for tasks to queue
[2026-07-23T03:52:33.367+0000] {logging_mixin.py:190} INFO - [2026-07-23T03:52:33.366+0000] {dagbag.py:588} INFO - Filling up the DagBag from /opt/airflow/dags/dbt_docs_pipeline.py
[2026-07-23T03:52:33.392+0000] {processor.py:925} INFO - DAG(s) 'dbt_docs_generate_and_publish' retrieved from /opt/airflow/dags/dbt_docs_pipeline.py
[2026-07-23T03:52:33.415+0000] {logging_mixin.py:190} INFO - [2026-07-23T03:52:33.415+0000] {dag.py:3239} INFO - Sync 1 DAGs
[2026-07-23T03:52:33.458+0000] {processor.py:208} INFO - Processing /opt/airflow/dags/dbt_docs_pipeline.py took 0.099 seconds
[2026-07-23T03:53:03.526+0000] {processor.py:186} INFO - Started process (PID=3061) to work on /opt/airflow/dags/dbt_docs_pipeline.py
[2026-07-23T03:53:03.527+0000] {processor.py:914} INFO - Processing file /opt/airflow/dags/dbt_docs_pipeline.py for tasks to queue
[2026-07-23T03:53:03.529+0000] {logging_mixin.py:190} INFO - [2026-07-23T03:53:03.529+0000] {dagbag.py:588} INFO - Filling up the DagBag from /opt/airflow/dags/dbt_docs_pipeline.py
[2026-07-23T03:53:03.555+0000] {processor.py:925} INFO - DAG(s) 'dbt_docs_generate_and_publish' retrieved from /opt/airflow/dags/dbt_docs_pipeline.py
[2026-07-23T03:53:03.577+0000] {logging_mixin.py:190} INFO - [2026-07-23T03:53:03.577+0000] {dag.py:3239} INFO - Sync 1 DAGs
[2026-07-23T03:53:03.619+0000] {processor.py:208} INFO - Processing /opt/airflow/dags/dbt_docs_pipeline.py took 0.098 seconds
[2026-07-23T03:53:34.073+0000] {processor.py:186} INFO - Started process (PID=3180) to work on /opt/airflow/dags/dbt_docs_pipeline.py
[2026-07-23T03:53:34.074+0000] {processor.py:914} INFO - Processing file /opt/airflow/dags/dbt_docs_pipeline.py for tasks to queue
[2026-07-23T03:53:34.077+0000] {logging_mixin.py:190} INFO - [2026-07-23T03:53:34.077+0000] {dagbag.py:588} INFO - Filling up the DagBag from /opt/airflow/dags/dbt_docs_pipeline.py
[2026-07-23T03:53:34.103+0000] {processor.py:925} INFO - DAG(s) 'dbt_docs_generate_and_publish' retrieved from /opt/airflow/dags/dbt_docs_pipeline.py
[2026-07-23T03:53:34.127+0000] {logging_mixin.py:190} INFO - [2026-07-23T03:53:34.127+0000] {dag.py:3239} INFO - Sync 1 DAGs
[2026-07-23T03:53:34.167+0000] {processor.py:208} INFO - Processing /opt/airflow/dags/dbt_docs_pipeline.py took 0.099 seconds
[2026-07-23T03:54:04.723+0000] {processor.py:186} INFO - Started process (PID=3303) to work on /opt/airflow/dags/dbt_docs_pipeline.py
[2026-07-23T03:54:04.724+0000] {processor.py:914} INFO - Processing file /opt/airflow/dags/dbt_docs_pipeline.py for tasks to queue
[2026-07-23T03:54:04.727+0000] {logging_mixin.py:190} INFO - [2026-07-23T03:54:04.726+0000] {dagbag.py:588} INFO - Filling up the DagBag from /opt/airflow/dags/dbt_docs_pipeline.py
[2026-07-23T03:54:04.753+0000] {processor.py:925} INFO - DAG(s) 'dbt_docs_generate_and_publish' retrieved from /opt/airflow/dags/dbt_docs_pipeline.py
[2026-07-23T03:54:04.778+0000] {logging_mixin.py:190} INFO - [2026-07-23T03:54:04.778+0000] {dag.py:3239} INFO - Sync 1 DAGs
[2026-07-23T03:54:04.825+0000] {processor.py:208} INFO - Processing /opt/airflow/dags/dbt_docs_pipeline.py took 0.107 seconds
[2026-07-23T03:54:35.015+0000] {processor.py:186} INFO - Started process (PID=3424) to work on /opt/airflow/dags/dbt_docs_pipeline.py
[2026-07-23T03:54:35.016+0000] {processor.py:914} INFO - Processing file /opt/airflow/dags/dbt_docs_pipeline.py for tasks to queue
[2026-07-23T03:54:35.019+0000] {logging_mixin.py:190} INFO - [2026-07-23T03:54:35.018+0000] {dagbag.py:588} INFO - Filling up the DagBag from /opt/airflow/dags/dbt_docs_pipeline.py
[2026-07-23T03:54:35.046+0000] {processor.py:925} INFO - DAG(s) 'dbt_docs_generate_and_publish' retrieved from /opt/airflow/dags/dbt_docs_pipeline.py
[2026-07-23T03:54:35.069+0000] {logging_mixin.py:190} INFO - [2026-07-23T03:54:35.069+0000] {dag.py:3239} INFO - Sync 1 DAGs
[2026-07-23T03:54:35.118+0000] {processor.py:208} INFO - Processing /opt/airflow/dags/dbt_docs_pipeline.py took 0.108 seconds
[2026-07-23T03:55:06.050+0000] {processor.py:186} INFO - Started process (PID=3545) to work on /opt/airflow/dags/dbt_docs_pipeline.py
[2026-07-23T03:55:06.051+0000] {processor.py:914} INFO - Processing file /opt/airflow/dags/dbt_docs_pipeline.py for tasks to queue
[2026-07-23T03:55:06.054+0000] {logging_mixin.py:190} INFO - [2026-07-23T03:55:06.054+0000] {dagbag.py:588} INFO - Filling up the DagBag from /opt/airflow/dags/dbt_docs_pipeline.py
[2026-07-23T03:55:06.084+0000] {processor.py:925} INFO - DAG(s) 'dbt_docs_generate_and_publish' retrieved from /opt/airflow/dags/dbt_docs_pipeline.py
[2026-07-23T03:55:06.106+0000] {logging_mixin.py:190} INFO - [2026-07-23T03:55:06.106+0000] {dag.py:3239} INFO - Sync 1 DAGs
[2026-07-23T03:55:06.156+0000] {processor.py:208} INFO - Processing /opt/airflow/dags/dbt_docs_pipeline.py took 0.111 seconds
[2026-07-23T03:58:34.286+0000] {processor.py:186} INFO - Started process (PID=3664) to work on /opt/airflow/dags/dbt_docs_pipeline.py
[2026-07-23T03:58:34.287+0000] {processor.py:914} INFO - Processing file /opt/airflow/dags/dbt_docs_pipeline.py for tasks to queue
[2026-07-23T03:58:34.289+0000] {logging_mixin.py:190} INFO - [2026-07-23T03:58:34.289+0000] {dagbag.py:588} INFO - Filling up the DagBag from /opt/airflow/dags/dbt_docs_pipeline.py
[2026-07-23T03:58:34.315+0000] {processor.py:925} INFO - DAG(s) 'dbt_docs_generate_and_publish' retrieved from /opt/airflow/dags/dbt_docs_pipeline.py
[2026-07-23T03:58:34.342+0000] {logging_mixin.py:190} INFO - [2026-07-23T03:58:34.342+0000] {dag.py:3239} INFO - Sync 1 DAGs
[2026-07-23T03:58:34.391+0000] {processor.py:208} INFO - Processing /opt/airflow/dags/dbt_docs_pipeline.py took 0.111 seconds
[2026-07-23T04:12:32.387+0000] {processor.py:186} INFO - Started process (PID=168) to work on /opt/airflow/dags/dbt_docs_pipeline.py
[2026-07-23T04:12:32.389+0000] {processor.py:914} INFO - Processing file /opt/airflow/dags/dbt_docs_pipeline.py for tasks to queue
[2026-07-23T04:12:32.394+0000] {logging_mixin.py:190} INFO - [2026-07-23T04:12:32.394+0000] {dagbag.py:588} INFO - Filling up the DagBag from /opt/airflow/dags/dbt_docs_pipeline.py
[2026-07-23T04:12:32.634+0000] {processor.py:925} INFO - DAG(s) 'dbt_docs_generate_and_publish' retrieved from /opt/airflow/dags/dbt_docs_pipeline.py
[2026-07-23T04:12:32.749+0000] {logging_mixin.py:190} INFO - [2026-07-23T04:12:32.748+0000] {dag.py:3239} INFO - Sync 1 DAGs
[2026-07-23T04:12:32.822+0000] {processor.py:208} INFO - Processing /opt/airflow/dags/dbt_docs_pipeline.py took 0.446 seconds
[2026-07-23T04:13:03.294+0000] {processor.py:186} INFO - Started process (PID=296) to work on /opt/airflow/dags/dbt_docs_pipeline.py
[2026-07-23T04:13:03.296+0000] {processor.py:914} INFO - Processing file /opt/airflow/dags/dbt_docs_pipeline.py for tasks to queue
[2026-07-23T04:13:03.299+0000] {logging_mixin.py:190} INFO - [2026-07-23T04:13:03.298+0000] {dagbag.py:588} INFO - Filling up the DagBag from /opt/airflow/dags/dbt_docs_pipeline.py
[2026-07-23T04:13:03.326+0000] {processor.py:925} INFO - DAG(s) 'dbt_docs_generate_and_publish' retrieved from /opt/airflow/dags/dbt_docs_pipeline.py
[2026-07-23T04:13:03.355+0000] {logging_mixin.py:190} INFO - [2026-07-23T04:13:03.355+0000] {dag.py:3239} INFO - Sync 1 DAGs
[2026-07-23T04:13:03.412+0000] {processor.py:208} INFO - Processing /opt/airflow/dags/dbt_docs_pipeline.py took 0.127 seconds
[2026-07-23T04:13:33.688+0000] {processor.py:186} INFO - Started process (PID=429) to work on /opt/airflow/dags/dbt_docs_pipeline.py
[2026-07-23T04:13:33.690+0000] {processor.py:914} INFO - Processing file /opt/airflow/dags/dbt_docs_pipeline.py for tasks to queue
[2026-07-23T04:13:33.691+0000] {logging_mixin.py:190} INFO - [2026-07-23T04:13:33.691+0000] {dagbag.py:588} INFO - Filling up the DagBag from /opt/airflow/dags/dbt_docs_pipeline.py
[2026-07-23T04:13:33.723+0000] {processor.py:925} INFO - DAG(s) 'dbt_docs_generate_and_publish' retrieved from /opt/airflow/dags/dbt_docs_pipeline.py
[2026-07-23T04:13:33.751+0000] {logging_mixin.py:190} INFO - [2026-07-23T04:13:33.751+0000] {dag.py:3239} INFO - Sync 1 DAGs
[2026-07-23T04:13:33.778+0000] {logging_mixin.py:190} INFO - [2026-07-23T04:13:33.778+0000] {dag.py:4180} INFO - Setting next_dagrun for dbt_docs_generate_and_publish to 2026-07-23 02:00:00+00:00, run_after=2026-07-24 02:00:00+00:00
[2026-07-23T04:13:33.801+0000] {processor.py:208} INFO - Processing /opt/airflow/dags/dbt_docs_pipeline.py took 0.119 seconds
[2026-07-23T04:14:04.087+0000] {processor.py:186} INFO - Started process (PID=549) to work on /opt/airflow/dags/dbt_docs_pipeline.py
[2026-07-23T04:14:04.089+0000] {processor.py:914} INFO - Processing file /opt/airflow/dags/dbt_docs_pipeline.py for tasks to queue
[2026-07-23T04:14:04.090+0000] {logging_mixin.py:190} INFO - [2026-07-23T04:14:04.090+0000] {dagbag.py:588} INFO - Filling up the DagBag from /opt/airflow/dags/dbt_docs_pipeline.py
[2026-07-23T04:14:04.119+0000] {processor.py:925} INFO - DAG(s) 'dbt_docs_generate_and_publish' retrieved from /opt/airflow/dags/dbt_docs_pipeline.py
[2026-07-23T04:14:04.143+0000] {logging_mixin.py:190} INFO - [2026-07-23T04:14:04.143+0000] {dag.py:3239} INFO - Sync 1 DAGs
[2026-07-23T04:14:04.168+0000] {logging_mixin.py:190} INFO - [2026-07-23T04:14:04.167+0000] {dag.py:4180} INFO - Setting next_dagrun for dbt_docs_generate_and_publish to 2026-07-23 02:00:00+00:00, run_after=2026-07-24 02:00:00+00:00
[2026-07-23T04:14:04.194+0000] {processor.py:208} INFO - Processing /opt/airflow/dags/dbt_docs_pipeline.py took 0.114 seconds
[2026-07-23T04:14:34.311+0000] {processor.py:186} INFO - Started process (PID=666) to work on /opt/airflow/dags/dbt_docs_pipeline.py
[2026-07-23T04:14:34.312+0000] {processor.py:914} INFO - Processing file /opt/airflow/dags/dbt_docs_pipeline.py for tasks to queue
[2026-07-23T04:14:34.313+0000] {logging_mixin.py:190} INFO - [2026-07-23T04:14:34.313+0000] {dagbag.py:588} INFO - Filling up the DagBag from /opt/airflow/dags/dbt_docs_pipeline.py
[2026-07-23T04:14:34.344+0000] {processor.py:925} INFO - DAG(s) 'dbt_docs_generate_and_publish' retrieved from /opt/airflow/dags/dbt_docs_pipeline.py
[2026-07-23T04:14:34.369+0000] {logging_mixin.py:190} INFO - [2026-07-23T04:14:34.369+0000] {dag.py:3239} INFO - Sync 1 DAGs
[2026-07-23T04:14:34.393+0000] {logging_mixin.py:190} INFO - [2026-07-23T04:14:34.393+0000] {dag.py:4180} INFO - Setting next_dagrun for dbt_docs_generate_and_publish to 2026-07-23 02:00:00+00:00, run_after=2026-07-24 02:00:00+00:00
[2026-07-23T04:14:34.427+0000] {processor.py:208} INFO - Processing /opt/airflow/dags/dbt_docs_pipeline.py took 0.123 seconds
[2026-07-23T04:15:04.913+0000] {processor.py:186} INFO - Started process (PID=782) to work on /opt/airflow/dags/dbt_docs_pipeline.py
[2026-07-23T04:15:04.914+0000] {processor.py:914} INFO - Processing file /opt/airflow/dags/dbt_docs_pipeline.py for tasks to queue
[2026-07-23T04:15:04.915+0000] {logging_mixin.py:190} INFO - [2026-07-23T04:15:04.915+0000] {dagbag.py:588} INFO - Filling up the DagBag from /opt/airflow/dags/dbt_docs_pipeline.py
[2026-07-23T04:15:04.942+0000] {processor.py:925} INFO - DAG(s) 'dbt_docs_generate_and_publish' retrieved from /opt/airflow/dags/dbt_docs_pipeline.py
[2026-07-23T04:15:04.967+0000] {logging_mixin.py:190} INFO - [2026-07-23T04:15:04.966+0000] {dag.py:3239} INFO - Sync 1 DAGs
[2026-07-23T04:15:04.991+0000] {logging_mixin.py:190} INFO - [2026-07-23T04:15:04.991+0000] {dag.py:4180} INFO - Setting next_dagrun for dbt_docs_generate_and_publish to 2026-07-23 02:00:00+00:00, run_after=2026-07-24 02:00:00+00:00
[2026-07-23T04:15:05.013+0000] {processor.py:208} INFO - Processing /opt/airflow/dags/dbt_docs_pipeline.py took 0.105 seconds
[2026-07-23T04:15:35.425+0000] {processor.py:186} INFO - Started process (PID=903) to work on /opt/airflow/dags/dbt_docs_pipeline.py
[2026-07-23T04:15:35.426+0000] {processor.py:914} INFO - Processing file /opt/airflow/dags/dbt_docs_pipeline.py for tasks to queue
[2026-07-23T04:15:35.428+0000] {logging_mixin.py:190} INFO - [2026-07-23T04:15:35.427+0000] {dagbag.py:588} INFO - Filling up the DagBag from /opt/airflow/dags/dbt_docs_pipeline.py
[2026-07-23T04:15:35.457+0000] {processor.py:925} INFO - DAG(s) 'dbt_docs_generate_and_publish' retrieved from /opt/airflow/dags/dbt_docs_pipeline.py
[2026-07-23T04:15:35.489+0000] {logging_mixin.py:190} INFO - [2026-07-23T04:15:35.488+0000] {dag.py:3239} INFO - Sync 1 DAGs
[2026-07-23T04:15:35.518+0000] {logging_mixin.py:190} INFO - [2026-07-23T04:15:35.517+0000] {dag.py:4180} INFO - Setting next_dagrun for dbt_docs_generate_and_publish to 2026-07-23 02:00:00+00:00, run_after=2026-07-24 02:00:00+00:00
[2026-07-23T04:15:35.545+0000] {processor.py:208} INFO - Processing /opt/airflow/dags/dbt_docs_pipeline.py took 0.125 seconds
[2026-07-23T04:16:05.791+0000] {processor.py:186} INFO - Started process (PID=1022) to work on /opt/airflow/dags/dbt_docs_pipeline.py
[2026-07-23T04:16:05.792+0000] {processor.py:914} INFO - Processing file /opt/airflow/dags/dbt_docs_pipeline.py for tasks to queue
[2026-07-23T04:16:05.793+0000] {logging_mixin.py:190} INFO - [2026-07-23T04:16:05.793+0000] {dagbag.py:588} INFO - Filling up the DagBag from /opt/airflow/dags/dbt_docs_pipeline.py
[2026-07-23T04:16:05.822+0000] {processor.py:925} INFO - DAG(s) 'dbt_docs_generate_and_publish' retrieved from /opt/airflow/dags/dbt_docs_pipeline.py
[2026-07-23T04:16:05.852+0000] {logging_mixin.py:190} INFO - [2026-07-23T04:16:05.851+0000] {dag.py:3239} INFO - Sync 1 DAGs
[2026-07-23T04:16:05.878+0000] {logging_mixin.py:190} INFO - [2026-07-23T04:16:05.877+0000] {dag.py:4180} INFO - Setting next_dagrun for dbt_docs_generate_and_publish to 2026-07-23 02:00:00+00:00, run_after=2026-07-24 02:00:00+00:00
[2026-07-23T04:16:05.898+0000] {processor.py:208} INFO - Processing /opt/airflow/dags/dbt_docs_pipeline.py took 0.115 seconds
[2026-07-23T04:16:36.098+0000] {processor.py:186} INFO - Started process (PID=1140) to work on /opt/airflow/dags/dbt_docs_pipeline.py
[2026-07-23T04:16:36.099+0000] {processor.py:914} INFO - Processing file /opt/airflow/dags/dbt_docs_pipeline.py for tasks to queue
[2026-07-23T04:16:36.100+0000] {logging_mixin.py:190} INFO - [2026-07-23T04:16:36.100+0000] {dagbag.py:588} INFO - Filling up the DagBag from /opt/airflow/dags/dbt_docs_pipeline.py
[2026-07-23T04:16:36.128+0000] {processor.py:925} INFO - DAG(s) 'dbt_docs_generate_and_publish' retrieved from /opt/airflow/dags/dbt_docs_pipeline.py
[2026-07-23T04:16:36.156+0000] {logging_mixin.py:190} INFO - [2026-07-23T04:16:36.156+0000] {dag.py:3239} INFO - Sync 1 DAGs
[2026-07-23T04:16:36.184+0000] {logging_mixin.py:190} INFO - [2026-07-23T04:16:36.184+0000] {dag.py:4180} INFO - Setting next_dagrun for dbt_docs_generate_and_publish to 2026-07-23 02:00:00+00:00, run_after=2026-07-24 02:00:00+00:00
[2026-07-23T04:16:36.210+0000] {processor.py:208} INFO - Processing /opt/airflow/dags/dbt_docs_pipeline.py took 0.117 seconds
[2026-07-23T04:18:36.326+0000] {processor.py:186} INFO - Started process (PID=167) to work on /opt/airflow/dags/dbt_docs_pipeline.py
[2026-07-23T04:18:36.328+0000] {processor.py:914} INFO - Processing file /opt/airflow/dags/dbt_docs_pipeline.py for tasks to queue
[2026-07-23T04:18:36.333+0000] {logging_mixin.py:190} INFO - [2026-07-23T04:18:36.332+0000] {dagbag.py:588} INFO - Filling up the DagBag from /opt/airflow/dags/dbt_docs_pipeline.py
[2026-07-23T04:18:36.396+0000] {processor.py:925} INFO - DAG(s) 'dbt_docs_generate_and_publish' retrieved from /opt/airflow/dags/dbt_docs_pipeline.py
[2026-07-23T04:18:36.466+0000] {logging_mixin.py:190} INFO - [2026-07-23T04:18:36.466+0000] {dag.py:3239} INFO - Sync 1 DAGs
[2026-07-23T04:18:36.497+0000] {logging_mixin.py:190} INFO - [2026-07-23T04:18:36.497+0000] {dag.py:4180} INFO - Setting next_dagrun for dbt_docs_generate_and_publish to 2026-07-23 02:00:00+00:00, run_after=2026-07-24 02:00:00+00:00
[2026-07-23T04:18:36.531+0000] {processor.py:208} INFO - Processing /opt/airflow/dags/dbt_docs_pipeline.py took 0.214 seconds
[2026-07-23T04:19:06.842+0000] {processor.py:186} INFO - Started process (PID=288) to work on /opt/airflow/dags/dbt_docs_pipeline.py
[2026-07-23T04:19:06.843+0000] {processor.py:914} INFO - Processing file /opt/airflow/dags/dbt_docs_pipeline.py for tasks to queue
[2026-07-23T04:19:06.845+0000] {logging_mixin.py:190} INFO - [2026-07-23T04:19:06.845+0000] {dagbag.py:588} INFO - Filling up the DagBag from /opt/airflow/dags/dbt_docs_pipeline.py
[2026-07-23T04:19:06.876+0000] {processor.py:925} INFO - DAG(s) 'dbt_docs_generate_and_publish' retrieved from /opt/airflow/dags/dbt_docs_pipeline.py
[2026-07-23T04:19:06.904+0000] {logging_mixin.py:190} INFO - [2026-07-23T04:19:06.904+0000] {dag.py:3239} INFO - Sync 1 DAGs
[2026-07-23T04:19:06.930+0000] {logging_mixin.py:190} INFO - [2026-07-23T04:19:06.930+0000] {dag.py:4180} INFO - Setting next_dagrun for dbt_docs_generate_and_publish to 2026-07-23 02:00:00+00:00, run_after=2026-07-24 02:00:00+00:00
[2026-07-23T04:19:06.954+0000] {processor.py:208} INFO - Processing /opt/airflow/dags/dbt_docs_pipeline.py took 0.118 seconds
[2026-07-23T04:19:37.088+0000] {processor.py:186} INFO - Started process (PID=407) to work on /opt/airflow/dags/dbt_docs_pipeline.py
[2026-07-23T04:19:37.089+0000] {processor.py:914} INFO - Processing file /opt/airflow/dags/dbt_docs_pipeline.py for tasks to queue
[2026-07-23T04:19:37.092+0000] {logging_mixin.py:190} INFO - [2026-07-23T04:19:37.092+0000] {dagbag.py:588} INFO - Filling up the DagBag from /opt/airflow/dags/dbt_docs_pipeline.py
[2026-07-23T04:19:37.122+0000] {processor.py:925} INFO - DAG(s) 'dbt_docs_generate_and_publish' retrieved from /opt/airflow/dags/dbt_docs_pipeline.py
[2026-07-23T04:19:37.148+0000] {logging_mixin.py:190} INFO - [2026-07-23T04:19:37.148+0000] {dag.py:3239} INFO - Sync 1 DAGs
[2026-07-23T04:19:37.174+0000] {logging_mixin.py:190} INFO - [2026-07-23T04:19:37.174+0000] {dag.py:4180} INFO - Setting next_dagrun for dbt_docs_generate_and_publish to 2026-07-23 02:00:00+00:00, run_after=2026-07-24 02:00:00+00:00
[2026-07-23T04:19:37.197+0000] {processor.py:208} INFO - Processing /opt/airflow/dags/dbt_docs_pipeline.py took 0.117 seconds
[2026-07-23T04:22:13.055+0000] {processor.py:186} INFO - Started process (PID=167) to work on /opt/airflow/dags/dbt_docs_pipeline.py
[2026-07-23T04:22:13.058+0000] {processor.py:914} INFO - Processing file /opt/airflow/dags/dbt_docs_pipeline.py for tasks to queue
[2026-07-23T04:22:13.063+0000] {logging_mixin.py:190} INFO - [2026-07-23T04:22:13.062+0000] {dagbag.py:588} INFO - Filling up the DagBag from /opt/airflow/dags/dbt_docs_pipeline.py
[2026-07-23T04:22:13.118+0000] {processor.py:925} INFO - DAG(s) 'dbt_docs_generate_and_publish' retrieved from /opt/airflow/dags/dbt_docs_pipeline.py
[2026-07-23T04:22:13.196+0000] {logging_mixin.py:190} INFO - [2026-07-23T04:22:13.195+0000] {dag.py:3239} INFO - Sync 1 DAGs
[2026-07-23T04:22:13.271+0000] {logging_mixin.py:190} INFO - [2026-07-23T04:22:13.271+0000] {dag.py:4180} INFO - Setting next_dagrun for dbt_docs_generate_and_publish to 2026-07-23 02:00:00+00:00, run_after=2026-07-24 02:00:00+00:00
[2026-07-23T04:22:13.356+0000] {processor.py:208} INFO - Processing /opt/airflow/dags/dbt_docs_pipeline.py took 0.318 seconds
[2026-07-23T04:22:43.598+0000] {processor.py:186} INFO - Started process (PID=288) to work on /opt/airflow/dags/dbt_docs_pipeline.py
[2026-07-23T04:22:43.598+0000] {processor.py:914} INFO - Processing file /opt/airflow/dags/dbt_docs_pipeline.py for tasks to queue
[2026-07-23T04:22:43.600+0000] {logging_mixin.py:190} INFO - [2026-07-23T04:22:43.600+0000] {dagbag.py:588} INFO - Filling up the DagBag from /opt/airflow/dags/dbt_docs_pipeline.py
[2026-07-23T04:22:43.634+0000] {processor.py:925} INFO - DAG(s) 'dbt_docs_generate_and_publish' retrieved from /opt/airflow/dags/dbt_docs_pipeline.py
[2026-07-23T04:22:43.669+0000] {logging_mixin.py:190} INFO - [2026-07-23T04:22:43.669+0000] {dag.py:3239} INFO - Sync 1 DAGs
[2026-07-23T04:22:43.693+0000] {logging_mixin.py:190} INFO - [2026-07-23T04:22:43.693+0000] {dag.py:4180} INFO - Setting next_dagrun for dbt_docs_generate_and_publish to 2026-07-23 02:00:00+00:00, run_after=2026-07-24 02:00:00+00:00
[2026-07-23T04:22:43.715+0000] {processor.py:208} INFO - Processing /opt/airflow/dags/dbt_docs_pipeline.py took 0.123 seconds
[2026-07-23T04:23:14.341+0000] {processor.py:186} INFO - Started process (PID=407) to work on /opt/airflow/dags/dbt_docs_pipeline.py
[2026-07-23T04:23:14.342+0000] {processor.py:914} INFO - Processing file /opt/airflow/dags/dbt_docs_pipeline.py for tasks to queue
[2026-07-23T04:23:14.345+0000] {logging_mixin.py:190} INFO - [2026-07-23T04:23:14.345+0000] {dagbag.py:588} INFO - Filling up the DagBag from /opt/airflow/dags/dbt_docs_pipeline.py
[2026-07-23T04:23:14.376+0000] {processor.py:925} INFO - DAG(s) 'dbt_docs_generate_and_publish' retrieved from /opt/airflow/dags/dbt_docs_pipeline.py
[2026-07-23T04:23:14.402+0000] {logging_mixin.py:190} INFO - [2026-07-23T04:23:14.402+0000] {dag.py:3239} INFO - Sync 1 DAGs
[2026-07-23T04:23:14.426+0000] {logging_mixin.py:190} INFO - [2026-07-23T04:23:14.425+0000] {dag.py:4180} INFO - Setting next_dagrun for dbt_docs_generate_and_publish to 2026-07-23 02:00:00+00:00, run_after=2026-07-24 02:00:00+00:00
[2026-07-23T04:23:14.448+0000] {processor.py:208} INFO - Processing /opt/airflow/dags/dbt_docs_pipeline.py took 0.114 seconds
[2026-07-23T04:23:44.754+0000] {processor.py:186} INFO - Started process (PID=525) to work on /opt/airflow/dags/dbt_docs_pipeline.py
[2026-07-23T04:23:44.755+0000] {processor.py:914} INFO - Processing file /opt/airflow/dags/dbt_docs_pipeline.py for tasks to queue
[2026-07-23T04:23:44.759+0000] {logging_mixin.py:190} INFO - [2026-07-23T04:23:44.758+0000] {dagbag.py:588} INFO - Filling up the DagBag from /opt/airflow/dags/dbt_docs_pipeline.py
[2026-07-23T04:23:44.799+0000] {processor.py:925} INFO - DAG(s) 'dbt_docs_generate_and_publish' retrieved from /opt/airflow/dags/dbt_docs_pipeline.py
[2026-07-23T04:23:44.832+0000] {logging_mixin.py:190} INFO - [2026-07-23T04:23:44.832+0000] {dag.py:3239} INFO - Sync 1 DAGs
[2026-07-23T04:23:44.875+0000] {logging_mixin.py:190} INFO - [2026-07-23T04:23:44.875+0000] {dag.py:4180} INFO - Setting next_dagrun for dbt_docs_generate_and_publish to 2026-07-23 02:00:00+00:00, run_after=2026-07-24 02:00:00+00:00
[2026-07-23T04:23:44.900+0000] {processor.py:208} INFO - Processing /opt/airflow/dags/dbt_docs_pipeline.py took 0.152 seconds
[2026-07-23T04:24:15.030+0000] {processor.py:186} INFO - Started process (PID=646) to work on /opt/airflow/dags/dbt_docs_pipeline.py
[2026-07-23T04:24:15.031+0000] {processor.py:914} INFO - Processing file /opt/airflow/dags/dbt_docs_pipeline.py for tasks to queue
[2026-07-23T04:24:15.033+0000] {logging_mixin.py:190} INFO - [2026-07-23T04:24:15.033+0000] {dagbag.py:588} INFO - Filling up the DagBag from /opt/airflow/dags/dbt_docs_pipeline.py
[2026-07-23T04:24:15.063+0000] {processor.py:925} INFO - DAG(s) 'dbt_docs_generate_and_publish' retrieved from /opt/airflow/dags/dbt_docs_pipeline.py
[2026-07-23T04:24:15.093+0000] {logging_mixin.py:190} INFO - [2026-07-23T04:24:15.093+0000] {dag.py:3239} INFO - Sync 1 DAGs
[2026-07-23T04:24:15.121+0000] {logging_mixin.py:190} INFO - [2026-07-23T04:24:15.121+0000] {dag.py:4180} INFO - Setting next_dagrun for dbt_docs_generate_and_publish to 2026-07-23 02:00:00+00:00, run_after=2026-07-24 02:00:00+00:00
[2026-07-23T04:24:15.146+0000] {processor.py:208} INFO - Processing /opt/airflow/dags/dbt_docs_pipeline.py took 0.121 seconds
[2026-07-23T04:24:45.218+0000] {processor.py:186} INFO - Started process (PID=765) to work on /opt/airflow/dags/dbt_docs_pipeline.py
[2026-07-23T04:24:45.219+0000] {processor.py:914} INFO - Processing file /opt/airflow/dags/dbt_docs_pipeline.py for tasks to queue
[2026-07-23T04:24:45.221+0000] {logging_mixin.py:190} INFO - [2026-07-23T04:24:45.221+0000] {dagbag.py:588} INFO - Filling up the DagBag from /opt/airflow/dags/dbt_docs_pipeline.py
[2026-07-23T04:24:45.256+0000] {processor.py:925} INFO - DAG(s) 'dbt_docs_generate_and_publish' retrieved from /opt/airflow/dags/dbt_docs_pipeline.py
[2026-07-23T04:24:45.286+0000] {logging_mixin.py:190} INFO - [2026-07-23T04:24:45.285+0000] {dag.py:3239} INFO - Sync 1 DAGs
[2026-07-23T04:24:45.315+0000] {logging_mixin.py:190} INFO - [2026-07-23T04:24:45.314+0000] {dag.py:4180} INFO - Setting next_dagrun for dbt_docs_generate_and_publish to 2026-07-23 02:00:00+00:00, run_after=2026-07-24 02:00:00+00:00
[2026-07-23T04:24:45.338+0000] {processor.py:208} INFO - Processing /opt/airflow/dags/dbt_docs_pipeline.py took 0.126 seconds
[2026-07-23T04:25:15.644+0000] {processor.py:186} INFO - Started process (PID=883) to work on /opt/airflow/dags/dbt_docs_pipeline.py
[2026-07-23T04:25:15.645+0000] {processor.py:914} INFO - Processing file /opt/airflow/dags/dbt_docs_pipeline.py for tasks to queue
[2026-07-23T04:25:15.647+0000] {logging_mixin.py:190} INFO - [2026-07-23T04:25:15.647+0000] {dagbag.py:588} INFO - Filling up the DagBag from /opt/airflow/dags/dbt_docs_pipeline.py
[2026-07-23T04:25:15.680+0000] {processor.py:925} INFO - DAG(s) 'dbt_docs_generate_and_publish' retrieved from /opt/airflow/dags/dbt_docs_pipeline.py
[2026-07-23T04:25:15.709+0000] {logging_mixin.py:190} INFO - [2026-07-23T04:25:15.709+0000] {dag.py:3239} INFO - Sync 1 DAGs
[2026-07-23T04:25:15.740+0000] {logging_mixin.py:190} INFO - [2026-07-23T04:25:15.740+0000] {dag.py:4180} INFO - Setting next_dagrun for dbt_docs_generate_and_publish to 2026-07-23 02:00:00+00:00, run_after=2026-07-24 02:00:00+00:00
[2026-07-23T04:25:15.763+0000] {processor.py:208} INFO - Processing /opt/airflow/dags/dbt_docs_pipeline.py took 0.127 seconds
[2026-07-23T04:25:46.051+0000] {processor.py:186} INFO - Started process (PID=1004) to work on /opt/airflow/dags/dbt_docs_pipeline.py
[2026-07-23T04:25:46.052+0000] {processor.py:914} INFO - Processing file /opt/airflow/dags/dbt_docs_pipeline.py for tasks to queue
[2026-07-23T04:25:46.054+0000] {logging_mixin.py:190} INFO - [2026-07-23T04:25:46.054+0000] {dagbag.py:588} INFO - Filling up the DagBag from /opt/airflow/dags/dbt_docs_pipeline.py
[2026-07-23T04:25:46.081+0000] {processor.py:925} INFO - DAG(s) 'dbt_docs_generate_and_publish' retrieved from /opt/airflow/dags/dbt_docs_pipeline.py
[2026-07-23T04:25:46.140+0000] {logging_mixin.py:190} INFO - [2026-07-23T04:25:46.139+0000] {dag.py:3239} INFO - Sync 1 DAGs
[2026-07-23T04:25:46.190+0000] {logging_mixin.py:190} INFO - [2026-07-23T04:25:46.189+0000] {dag.py:4180} INFO - Setting next_dagrun for dbt_docs_generate_and_publish to 2026-07-23 02:00:00+00:00, run_after=2026-07-24 02:00:00+00:00
[2026-07-23T04:25:46.229+0000] {processor.py:208} INFO - Processing /opt/airflow/dags/dbt_docs_pipeline.py took 0.183 seconds
[2026-07-23T04:26:16.476+0000] {processor.py:186} INFO - Started process (PID=1130) to work on /opt/airflow/dags/dbt_docs_pipeline.py
[2026-07-23T04:26:16.477+0000] {processor.py:914} INFO - Processing file /opt/airflow/dags/dbt_docs_pipeline.py for tasks to queue
[2026-07-23T04:26:16.480+0000] {logging_mixin.py:190} INFO - [2026-07-23T04:26:16.479+0000] {dagbag.py:588} INFO - Filling up the DagBag from /opt/airflow/dags/dbt_docs_pipeline.py
[2026-07-23T04:26:16.508+0000] {processor.py:925} INFO - DAG(s) 'dbt_docs_generate_and_publish' retrieved from /opt/airflow/dags/dbt_docs_pipeline.py
[2026-07-23T04:26:16.533+0000] {logging_mixin.py:190} INFO - [2026-07-23T04:26:16.533+0000] {dag.py:3239} INFO - Sync 1 DAGs
[2026-07-23T04:26:16.554+0000] {logging_mixin.py:190} INFO - [2026-07-23T04:26:16.553+0000] {dag.py:4180} INFO - Setting next_dagrun for dbt_docs_generate_and_publish to 2026-07-23 02:00:00+00:00, run_after=2026-07-24 02:00:00+00:00
[2026-07-23T04:26:16.575+0000] {processor.py:208} INFO - Processing /opt/airflow/dags/dbt_docs_pipeline.py took 0.105 seconds
[2026-07-23T04:26:47.060+0000] {processor.py:186} INFO - Started process (PID=1241) to work on /opt/airflow/dags/dbt_docs_pipeline.py
[2026-07-23T04:26:47.062+0000] {processor.py:914} INFO - Processing file /opt/airflow/dags/dbt_docs_pipeline.py for tasks to queue
[2026-07-23T04:26:47.064+0000] {logging_mixin.py:190} INFO - [2026-07-23T04:26:47.064+0000] {dagbag.py:588} INFO - Filling up the DagBag from /opt/airflow/dags/dbt_docs_pipeline.py
[2026-07-23T04:26:47.095+0000] {processor.py:925} INFO - DAG(s) 'dbt_docs_generate_and_publish' retrieved from /opt/airflow/dags/dbt_docs_pipeline.py
[2026-07-23T04:26:47.125+0000] {logging_mixin.py:190} INFO - [2026-07-23T04:26:47.124+0000] {dag.py:3239} INFO - Sync 1 DAGs
[2026-07-23T04:26:47.154+0000] {logging_mixin.py:190} INFO - [2026-07-23T04:26:47.154+0000] {dag.py:4180} INFO - Setting next_dagrun for dbt_docs_generate_and_publish to 2026-07-23 02:00:00+00:00, run_after=2026-07-24 02:00:00+00:00
[2026-07-23T04:26:47.179+0000] {processor.py:208} INFO - Processing /opt/airflow/dags/dbt_docs_pipeline.py took 0.126 seconds
[2026-07-23T04:27:17.979+0000] {processor.py:186} INFO - Started process (PID=1362) to work on /opt/airflow/dags/dbt_docs_pipeline.py
[2026-07-23T04:27:17.980+0000] {processor.py:914} INFO - Processing file /opt/airflow/dags/dbt_docs_pipeline.py for tasks to queue
[2026-07-23T04:27:17.983+0000] {logging_mixin.py:190} INFO - [2026-07-23T04:27:17.983+0000] {dagbag.py:588} INFO - Filling up the DagBag from /opt/airflow/dags/dbt_docs_pipeline.py
[2026-07-23T04:27:18.015+0000] {processor.py:925} INFO - DAG(s) 'dbt_docs_generate_and_publish' retrieved from /opt/airflow/dags/dbt_docs_pipeline.py
[2026-07-23T04:27:18.045+0000] {logging_mixin.py:190} INFO - [2026-07-23T04:27:18.044+0000] {dag.py:3239} INFO - Sync 1 DAGs
[2026-07-23T04:27:18.071+0000] {logging_mixin.py:190} INFO - [2026-07-23T04:27:18.071+0000] {dag.py:4180} INFO - Setting next_dagrun for dbt_docs_generate_and_publish to 2026-07-23 02:00:00+00:00, run_after=2026-07-24 02:00:00+00:00
[2026-07-23T04:27:18.094+0000] {processor.py:208} INFO - Processing /opt/airflow/dags/dbt_docs_pipeline.py took 0.122 seconds
[2026-07-23T04:27:48.439+0000] {processor.py:186} INFO - Started process (PID=1483) to work on /opt/airflow/dags/dbt_docs_pipeline.py
[2026-07-23T04:27:48.440+0000] {processor.py:914} INFO - Processing file /opt/airflow/dags/dbt_docs_pipeline.py for tasks to queue
[2026-07-23T04:27:48.443+0000] {logging_mixin.py:190} INFO - [2026-07-23T04:27:48.442+0000] {dagbag.py:588} INFO - Filling up the DagBag from /opt/airflow/dags/dbt_docs_pipeline.py
[2026-07-23T04:27:48.470+0000] {processor.py:925} INFO - DAG(s) 'dbt_docs_generate_and_publish' retrieved from /opt/airflow/dags/dbt_docs_pipeline.py
[2026-07-23T04:27:48.499+0000] {logging_mixin.py:190} INFO - [2026-07-23T04:27:48.498+0000] {dag.py:3239} INFO - Sync 1 DAGs
[2026-07-23T04:27:48.528+0000] {logging_mixin.py:190} INFO - [2026-07-23T04:27:48.528+0000] {dag.py:4180} INFO - Setting next_dagrun for dbt_docs_generate_and_publish to 2026-07-23 02:00:00+00:00, run_after=2026-07-24 02:00:00+00:00
[2026-07-23T04:27:48.553+0000] {processor.py:208} INFO - Processing /opt/airflow/dags/dbt_docs_pipeline.py took 0.121 seconds
[2026-07-23T04:28:18.982+0000] {processor.py:186} INFO - Started process (PID=1602) to work on /opt/airflow/dags/dbt_docs_pipeline.py
[2026-07-23T04:28:18.983+0000] {processor.py:914} INFO - Processing file /opt/airflow/dags/dbt_docs_pipeline.py for tasks to queue
[2026-07-23T04:28:18.985+0000] {logging_mixin.py:190} INFO - [2026-07-23T04:28:18.985+0000] {dagbag.py:588} INFO - Filling up the DagBag from /opt/airflow/dags/dbt_docs_pipeline.py
[2026-07-23T04:28:19.013+0000] {processor.py:925} INFO - DAG(s) 'dbt_docs_generate_and_publish' retrieved from /opt/airflow/dags/dbt_docs_pipeline.py
[2026-07-23T04:28:19.041+0000] {logging_mixin.py:190} INFO - [2026-07-23T04:28:19.040+0000] {dag.py:3239} INFO - Sync 1 DAGs
[2026-07-23T04:28:19.067+0000] {logging_mixin.py:190} INFO - [2026-07-23T04:28:19.067+0000] {dag.py:4180} INFO - Setting next_dagrun for dbt_docs_generate_and_publish to 2026-07-23 02:00:00+00:00, run_after=2026-07-24 02:00:00+00:00
[2026-07-23T04:28:19.088+0000] {processor.py:208} INFO - Processing /opt/airflow/dags/dbt_docs_pipeline.py took 0.111 seconds
[2026-07-23T04:28:49.183+0000] {processor.py:186} INFO - Started process (PID=1720) to work on /opt/airflow/dags/dbt_docs_pipeline.py
[2026-07-23T04:28:49.184+0000] {processor.py:914} INFO - Processing file /opt/airflow/dags/dbt_docs_pipeline.py for tasks to queue
[2026-07-23T04:28:49.186+0000] {logging_mixin.py:190} INFO - [2026-07-23T04:28:49.185+0000] {dagbag.py:588} INFO - Filling up the DagBag from /opt/airflow/dags/dbt_docs_pipeline.py
[2026-07-23T04:28:49.223+0000] {processor.py:925} INFO - DAG(s) 'dbt_docs_generate_and_publish' retrieved from /opt/airflow/dags/dbt_docs_pipeline.py
[2026-07-23T04:28:49.245+0000] {logging_mixin.py:190} INFO - [2026-07-23T04:28:49.244+0000] {dag.py:3239} INFO - Sync 1 DAGs
[2026-07-23T04:28:49.266+0000] {logging_mixin.py:190} INFO - [2026-07-23T04:28:49.266+0000] {dag.py:4180} INFO - Setting next_dagrun for dbt_docs_generate_and_publish to 2026-07-23 02:00:00+00:00, run_after=2026-07-24 02:00:00+00:00
[2026-07-23T04:28:49.292+0000] {processor.py:208} INFO - Processing /opt/airflow/dags/dbt_docs_pipeline.py took 0.115 seconds
[2026-07-23T04:29:19.370+0000] {processor.py:186} INFO - Started process (PID=1841) to work on /opt/airflow/dags/dbt_docs_pipeline.py
[2026-07-23T04:29:19.371+0000] {processor.py:914} INFO - Processing file /opt/airflow/dags/dbt_docs_pipeline.py for tasks to queue
[2026-07-23T04:29:19.374+0000] {logging_mixin.py:190} INFO - [2026-07-23T04:29:19.373+0000] {dagbag.py:588} INFO - Filling up the DagBag from /opt/airflow/dags/dbt_docs_pipeline.py
[2026-07-23T04:29:19.403+0000] {processor.py:925} INFO - DAG(s) 'dbt_docs_generate_and_publish' retrieved from /opt/airflow/dags/dbt_docs_pipeline.py
[2026-07-23T04:29:19.429+0000] {logging_mixin.py:190} INFO - [2026-07-23T04:29:19.428+0000] {dag.py:3239} INFO - Sync 1 DAGs
[2026-07-23T04:29:19.455+0000] {logging_mixin.py:190} INFO - [2026-07-23T04:29:19.455+0000] {dag.py:4180} INFO - Setting next_dagrun for dbt_docs_generate_and_publish to 2026-07-23 02:00:00+00:00, run_after=2026-07-24 02:00:00+00:00
[2026-07-23T04:29:19.478+0000] {processor.py:208} INFO - Processing /opt/airflow/dags/dbt_docs_pipeline.py took 0.115 seconds
[2026-07-23T04:29:50.016+0000] {processor.py:186} INFO - Started process (PID=1960) to work on /opt/airflow/dags/dbt_docs_pipeline.py
[2026-07-23T04:29:50.017+0000] {processor.py:914} INFO - Processing file /opt/airflow/dags/dbt_docs_pipeline.py for tasks to queue
[2026-07-23T04:29:50.019+0000] {logging_mixin.py:190} INFO - [2026-07-23T04:29:50.019+0000] {dagbag.py:588} INFO - Filling up the DagBag from /opt/airflow/dags/dbt_docs_pipeline.py
[2026-07-23T04:29:50.047+0000] {processor.py:925} INFO - DAG(s) 'dbt_docs_generate_and_publish' retrieved from /opt/airflow/dags/dbt_docs_pipeline.py
[2026-07-23T04:29:50.073+0000] {logging_mixin.py:190} INFO - [2026-07-23T04:29:50.072+0000] {dag.py:3239} INFO - Sync 1 DAGs
[2026-07-23T04:29:50.101+0000] {logging_mixin.py:190} INFO - [2026-07-23T04:29:50.101+0000] {dag.py:4180} INFO - Setting next_dagrun for dbt_docs_generate_and_publish to 2026-07-23 02:00:00+00:00, run_after=2026-07-24 02:00:00+00:00
[2026-07-23T04:29:50.123+0000] {processor.py:208} INFO - Processing /opt/airflow/dags/dbt_docs_pipeline.py took 0.113 seconds
[2026-07-23T04:30:20.592+0000] {processor.py:186} INFO - Started process (PID=2078) to work on /opt/airflow/dags/dbt_docs_pipeline.py
[2026-07-23T04:30:20.593+0000] {processor.py:914} INFO - Processing file /opt/airflow/dags/dbt_docs_pipeline.py for tasks to queue
[2026-07-23T04:30:20.596+0000] {logging_mixin.py:190} INFO - [2026-07-23T04:30:20.595+0000] {dagbag.py:588} INFO - Filling up the DagBag from /opt/airflow/dags/dbt_docs_pipeline.py
[2026-07-23T04:30:20.624+0000] {processor.py:925} INFO - DAG(s) 'dbt_docs_generate_and_publish' retrieved from /opt/airflow/dags/dbt_docs_pipeline.py
[2026-07-23T04:30:20.649+0000] {logging_mixin.py:190} INFO - [2026-07-23T04:30:20.649+0000] {dag.py:3239} INFO - Sync 1 DAGs
[2026-07-23T04:30:20.676+0000] {logging_mixin.py:190} INFO - [2026-07-23T04:30:20.676+0000] {dag.py:4180} INFO - Setting next_dagrun for dbt_docs_generate_and_publish to 2026-07-23 02:00:00+00:00, run_after=2026-07-24 02:00:00+00:00
[2026-07-23T04:30:20.699+0000] {processor.py:208} INFO - Processing /opt/airflow/dags/dbt_docs_pipeline.py took 0.113 seconds
[2026-07-23T04:30:50.938+0000] {processor.py:186} INFO - Started process (PID=2199) to work on /opt/airflow/dags/dbt_docs_pipeline.py
[2026-07-23T04:30:50.940+0000] {processor.py:914} INFO - Processing file /opt/airflow/dags/dbt_docs_pipeline.py for tasks to queue
[2026-07-23T04:30:50.943+0000] {logging_mixin.py:190} INFO - [2026-07-23T04:30:50.942+0000] {dagbag.py:588} INFO - Filling up the DagBag from /opt/airflow/dags/dbt_docs_pipeline.py
[2026-07-23T04:30:50.972+0000] {processor.py:925} INFO - DAG(s) 'dbt_docs_generate_and_publish' retrieved from /opt/airflow/dags/dbt_docs_pipeline.py
[2026-07-23T04:30:51.002+0000] {logging_mixin.py:190} INFO - [2026-07-23T04:30:51.002+0000] {dag.py:3239} INFO - Sync 1 DAGs
[2026-07-23T04:30:51.029+0000] {logging_mixin.py:190} INFO - [2026-07-23T04:30:51.029+0000] {dag.py:4180} INFO - Setting next_dagrun for dbt_docs_generate_and_publish to 2026-07-23 02:00:00+00:00, run_after=2026-07-24 02:00:00+00:00
[2026-07-23T04:30:51.055+0000] {processor.py:208} INFO - Processing /opt/airflow/dags/dbt_docs_pipeline.py took 0.125 seconds
[2026-07-23T04:31:21.161+0000] {processor.py:186} INFO - Started process (PID=2318) to work on /opt/airflow/dags/dbt_docs_pipeline.py
[2026-07-23T04:31:21.162+0000] {processor.py:914} INFO - Processing file /opt/airflow/dags/dbt_docs_pipeline.py for tasks to queue
[2026-07-23T04:31:21.165+0000] {logging_mixin.py:190} INFO - [2026-07-23T04:31:21.164+0000] {dagbag.py:588} INFO - Filling up the DagBag from /opt/airflow/dags/dbt_docs_pipeline.py
[2026-07-23T04:31:21.193+0000] {processor.py:925} INFO - DAG(s) 'dbt_docs_generate_and_publish' retrieved from /opt/airflow/dags/dbt_docs_pipeline.py
[2026-07-23T04:31:21.217+0000] {logging_mixin.py:190} INFO - [2026-07-23T04:31:21.217+0000] {dag.py:3239} INFO - Sync 1 DAGs
[2026-07-23T04:31:21.240+0000] {logging_mixin.py:190} INFO - [2026-07-23T04:31:21.240+0000] {dag.py:4180} INFO - Setting next_dagrun for dbt_docs_generate_and_publish to 2026-07-23 02:00:00+00:00, run_after=2026-07-24 02:00:00+00:00
[2026-07-23T04:31:21.266+0000] {processor.py:208} INFO - Processing /opt/airflow/dags/dbt_docs_pipeline.py took 0.111 seconds
[2026-07-23T04:31:51.490+0000] {processor.py:186} INFO - Started process (PID=2436) to work on /opt/airflow/dags/dbt_docs_pipeline.py
[2026-07-23T04:31:51.491+0000] {processor.py:914} INFO - Processing file /opt/airflow/dags/dbt_docs_pipeline.py for tasks to queue
[2026-07-23T04:31:51.494+0000] {logging_mixin.py:190} INFO - [2026-07-23T04:31:51.494+0000] {dagbag.py:588} INFO - Filling up the DagBag from /opt/airflow/dags/dbt_docs_pipeline.py
[2026-07-23T04:31:51.529+0000] {processor.py:925} INFO - DAG(s) 'dbt_docs_generate_and_publish' retrieved from /opt/airflow/dags/dbt_docs_pipeline.py
[2026-07-23T04:31:51.558+0000] {logging_mixin.py:190} INFO - [2026-07-23T04:31:51.557+0000] {dag.py:3239} INFO - Sync 1 DAGs
[2026-07-23T04:31:51.589+0000] {logging_mixin.py:190} INFO - [2026-07-23T04:31:51.588+0000] {dag.py:4180} INFO - Setting next_dagrun for dbt_docs_generate_and_publish to 2026-07-23 02:00:00+00:00, run_after=2026-07-24 02:00:00+00:00
[2026-07-23T04:31:51.620+0000] {processor.py:208} INFO - Processing /opt/airflow/dags/dbt_docs_pipeline.py took 0.136 seconds
[2026-07-23T04:32:22.553+0000] {processor.py:186} INFO - Started process (PID=2557) to work on /opt/airflow/dags/dbt_docs_pipeline.py
[2026-07-23T04:32:22.554+0000] {processor.py:914} INFO - Processing file /opt/airflow/dags/dbt_docs_pipeline.py for tasks to queue
[2026-07-23T04:32:22.557+0000] {logging_mixin.py:190} INFO - [2026-07-23T04:32:22.556+0000] {dagbag.py:588} INFO - Filling up the DagBag from /opt/airflow/dags/dbt_docs_pipeline.py
[2026-07-23T04:32:22.581+0000] {processor.py:925} INFO - DAG(s) 'dbt_docs_generate_and_publish' retrieved from /opt/airflow/dags/dbt_docs_pipeline.py
[2026-07-23T04:32:22.607+0000] {logging_mixin.py:190} INFO - [2026-07-23T04:32:22.606+0000] {dag.py:3239} INFO - Sync 1 DAGs
[2026-07-23T04:32:22.630+0000] {logging_mixin.py:190} INFO - [2026-07-23T04:32:22.630+0000] {dag.py:4180} INFO - Setting next_dagrun for dbt_docs_generate_and_publish to 2026-07-23 02:00:00+00:00, run_after=2026-07-24 02:00:00+00:00
[2026-07-23T04:32:22.656+0000] {processor.py:208} INFO - Processing /opt/airflow/dags/dbt_docs_pipeline.py took 0.108 seconds
