[2026-07-03T01:21:47.883+0000] {taskinstance.py:1979} INFO - Dependencies all met for dep_context=non-requeueable deps ti=<TaskInstance: consumer_complaints_elt_lakehouse.extract_api_to_local scheduled__2026-07-02T00:00:00+00:00 [queued]>
[2026-07-03T01:21:47.902+0000] {taskinstance.py:1979} INFO - Dependencies all met for dep_context=requeueable deps ti=<TaskInstance: consumer_complaints_elt_lakehouse.extract_api_to_local scheduled__2026-07-02T00:00:00+00:00 [queued]>
[2026-07-03T01:21:47.904+0000] {taskinstance.py:2193} INFO - Starting attempt 1 of 2
[2026-07-03T01:21:47.931+0000] {taskinstance.py:2214} INFO - Executing <Task(_PythonDecoratedOperator): extract_api_to_local> on 2026-07-02 00:00:00+00:00
[2026-07-03T01:21:47.939+0000] {standard_task_runner.py:60} INFO - Started process 317 to run task
[2026-07-03T01:21:47.946+0000] {standard_task_runner.py:87} INFO - Running: ['airflow', 'tasks', 'run', 'consumer_complaints_elt_lakehouse', 'extract_api_to_local', 'scheduled__2026-07-02T00:00:00+00:00', '--job-id', '4', '--raw', '--subdir', 'DAGS_FOLDER/consumer_complaints_elt.py', '--cfg-path', '/tmp/tmpy7vb5m_f']
[2026-07-03T01:21:47.947+0000] {standard_task_runner.py:88} INFO - Job 4: Subtask extract_api_to_local
[2026-07-03T01:21:48.052+0000] {task_command.py:423} INFO - Running <TaskInstance: consumer_complaints_elt_lakehouse.extract_api_to_local scheduled__2026-07-02T00:00:00+00:00 [running]> on host 96f3a3af0804
[2026-07-03T01:21:48.176+0000] {taskinstance.py:2510} INFO - Exporting env vars: AIRFLOW_CTX_DAG_OWNER='data_engineering' AIRFLOW_CTX_DAG_ID='consumer_complaints_elt_lakehouse' AIRFLOW_CTX_TASK_ID='extract_api_to_local' AIRFLOW_CTX_EXECUTION_DATE='2026-07-02T00:00:00+00:00' AIRFLOW_CTX_TRY_NUMBER='1' AIRFLOW_CTX_DAG_RUN_ID='scheduled__2026-07-02T00:00:00+00:00'
[2026-07-03T01:21:48.180+0000] {consumer_complaints_elt.py:62} INFO - Bắt đầu kéo data từ API cho 2 công ty
[2026-07-03T01:21:48.181+0000] {consumer_complaints_elt.py:73} INFO - Đang kéo dữ liệu cho: JPMORGAN CHASE & CO.
[2026-07-03T01:21:48.182+0000] {cfpb_api_client.py:312} INFO - Fetching complaints for company: JPMORGAN CHASE & CO.
[2026-07-03T01:21:48.183+0000] {cfpb_api_client.py:132} INFO - Fetching complaints from CFPB API with params: {'size': 10000, 'frm': 0, 'sort': 'created_date_desc', 'format': 'json', 'date_received_min': '2024-01-01', 'date_received_max': '2025-12-31', 'no_aggs': 'true', 'company': 'JPMORGAN CHASE & CO.'}
[2026-07-03T01:22:01.939+0000] {cfpb_api_client.py:141} INFO - Successfully fetched 43691 complaints (direct list format)
[2026-07-03T01:22:01.945+0000] {cfpb_api_client.py:225} INFO - Fetched 43691 complaints. Total so far: 43691
[2026-07-03T01:22:01.946+0000] {cfpb_api_client.py:231} INFO - Fetched all available complaints
[2026-07-03T01:22:01.947+0000] {cfpb_api_client.py:237} INFO - Total complaints fetched: 43691
[2026-07-03T01:22:02.394+0000] {consumer_complaints_elt.py:90} INFO - ✓ Đã lưu 43691 records vào /tmp/consumer_complaints/jpmorgan_chase_&_co._complaints.json
[2026-07-03T01:22:02.395+0000] {consumer_complaints_elt.py:73} INFO - Đang kéo dữ liệu cho: BANK OF AMERICA, NATIONAL ASSOCIATION
[2026-07-03T01:22:02.395+0000] {cfpb_api_client.py:312} INFO - Fetching complaints for company: BANK OF AMERICA, NATIONAL ASSOCIATION
[2026-07-03T01:22:02.395+0000] {cfpb_api_client.py:132} INFO - Fetching complaints from CFPB API with params: {'size': 10000, 'frm': 0, 'sort': 'created_date_desc', 'format': 'json', 'date_received_min': '2024-01-01', 'date_received_max': '2025-12-31', 'no_aggs': 'true', 'company': 'BANK OF AMERICA, NATIONAL ASSOCIATION'}
[2026-07-03T01:22:19.044+0000] {cfpb_api_client.py:141} INFO - Successfully fetched 33492 complaints (direct list format)
[2026-07-03T01:22:19.051+0000] {cfpb_api_client.py:225} INFO - Fetched 33492 complaints. Total so far: 33492
[2026-07-03T01:22:19.052+0000] {cfpb_api_client.py:231} INFO - Fetched all available complaints
[2026-07-03T01:22:19.052+0000] {cfpb_api_client.py:237} INFO - Total complaints fetched: 33492
[2026-07-03T01:22:19.391+0000] {consumer_complaints_elt.py:90} INFO - ✓ Đã lưu 33492 records vào /tmp/consumer_complaints/bank_of_america,_national_association_complaints.json
[2026-07-03T01:22:19.392+0000] {cfpb_api_client.py:328} INFO - CFPB API client session closed
[2026-07-03T01:22:19.413+0000] {python.py:202} INFO - Done. Returned value was: {'JPMORGAN CHASE & CO.': '/tmp/consumer_complaints/jpmorgan_chase_&_co._complaints.json', 'BANK OF AMERICA, NATIONAL ASSOCIATION': '/tmp/consumer_complaints/bank_of_america,_national_association_complaints.json'}
[2026-07-03T01:22:19.470+0000] {taskinstance.py:1149} INFO - Marking task as SUCCESS. dag_id=consumer_complaints_elt_lakehouse, task_id=extract_api_to_local, execution_date=20260702T000000, start_date=20260703T012147, end_date=20260703T012219
[2026-07-03T01:22:19.504+0000] {local_task_job_runner.py:234} INFO - Task exited with return code 0
[2026-07-03T01:22:19.529+0000] {taskinstance.py:3309} INFO - 0 downstream tasks scheduled from follow-on schedule check
[2026-07-03T02:40:06.821+0000] {taskinstance.py:1979} INFO - Dependencies all met for dep_context=non-requeueable deps ti=<TaskInstance: consumer_complaints_elt_lakehouse.extract_api_to_local scheduled__2026-07-02T00:00:00+00:00 [queued]>
[2026-07-03T02:40:06.829+0000] {taskinstance.py:1979} INFO - Dependencies all met for dep_context=requeueable deps ti=<TaskInstance: consumer_complaints_elt_lakehouse.extract_api_to_local scheduled__2026-07-02T00:00:00+00:00 [queued]>
[2026-07-03T02:40:06.830+0000] {taskinstance.py:2193} INFO - Starting attempt 1 of 2
[2026-07-03T02:40:06.838+0000] {taskinstance.py:2214} INFO - Executing <Task(_PythonDecoratedOperator): extract_api_to_local> on 2026-07-02 00:00:00+00:00
[2026-07-03T02:40:06.844+0000] {standard_task_runner.py:60} INFO - Started process 317 to run task
[2026-07-03T02:40:06.847+0000] {standard_task_runner.py:87} INFO - Running: ['airflow', 'tasks', 'run', 'consumer_complaints_elt_lakehouse', 'extract_api_to_local', 'scheduled__2026-07-02T00:00:00+00:00', '--job-id', '4', '--raw', '--subdir', 'DAGS_FOLDER/consumer_complaints_elt.py', '--cfg-path', '/tmp/tmp_st68cdn']
[2026-07-03T02:40:06.848+0000] {standard_task_runner.py:88} INFO - Job 4: Subtask extract_api_to_local
[2026-07-03T02:40:06.938+0000] {task_command.py:423} INFO - Running <TaskInstance: consumer_complaints_elt_lakehouse.extract_api_to_local scheduled__2026-07-02T00:00:00+00:00 [running]> on host 678ac63caf44
[2026-07-03T02:40:07.014+0000] {taskinstance.py:2510} INFO - Exporting env vars: AIRFLOW_CTX_DAG_OWNER='data_engineering' AIRFLOW_CTX_DAG_ID='consumer_complaints_elt_lakehouse' AIRFLOW_CTX_TASK_ID='extract_api_to_local' AIRFLOW_CTX_EXECUTION_DATE='2026-07-02T00:00:00+00:00' AIRFLOW_CTX_TRY_NUMBER='1' AIRFLOW_CTX_DAG_RUN_ID='scheduled__2026-07-02T00:00:00+00:00'
[2026-07-03T02:40:07.017+0000] {consumer_complaints_elt.py:62} INFO - Bắt đầu kéo data từ API cho 2 công ty
[2026-07-03T02:40:07.018+0000] {consumer_complaints_elt.py:73} INFO - Đang kéo dữ liệu cho: JPMORGAN CHASE & CO.
[2026-07-03T02:40:07.019+0000] {cfpb_api_client.py:312} INFO - Fetching complaints for company: JPMORGAN CHASE & CO.
[2026-07-03T02:40:07.019+0000] {cfpb_api_client.py:132} INFO - Fetching complaints from CFPB API with params: {'size': 10000, 'frm': 0, 'sort': 'created_date_desc', 'format': 'json', 'date_received_min': '2024-01-01', 'date_received_max': '2025-12-31', 'no_aggs': 'true', 'company': 'JPMORGAN CHASE & CO.'}
[2026-07-03T02:40:10.823+0000] {cfpb_api_client.py:141} INFO - Successfully fetched 43691 complaints (direct list format)
[2026-07-03T02:40:10.830+0000] {cfpb_api_client.py:225} INFO - Fetched 43691 complaints. Total so far: 43691
[2026-07-03T02:40:10.831+0000] {cfpb_api_client.py:231} INFO - Fetched all available complaints
[2026-07-03T02:40:10.832+0000] {cfpb_api_client.py:237} INFO - Total complaints fetched: 43691
[2026-07-03T02:40:11.227+0000] {consumer_complaints_elt.py:90} INFO - ✓ Đã lưu 43691 records vào /tmp/consumer_complaints/jpmorgan_chase_&_co._complaints.json
[2026-07-03T02:40:11.228+0000] {consumer_complaints_elt.py:73} INFO - Đang kéo dữ liệu cho: BANK OF AMERICA, NATIONAL ASSOCIATION
[2026-07-03T02:40:11.228+0000] {cfpb_api_client.py:312} INFO - Fetching complaints for company: BANK OF AMERICA, NATIONAL ASSOCIATION
[2026-07-03T02:40:11.229+0000] {cfpb_api_client.py:132} INFO - Fetching complaints from CFPB API with params: {'size': 10000, 'frm': 0, 'sort': 'created_date_desc', 'format': 'json', 'date_received_min': '2024-01-01', 'date_received_max': '2025-12-31', 'no_aggs': 'true', 'company': 'BANK OF AMERICA, NATIONAL ASSOCIATION'}
[2026-07-03T02:40:13.720+0000] {cfpb_api_client.py:141} INFO - Successfully fetched 33492 complaints (direct list format)
[2026-07-03T02:40:13.725+0000] {cfpb_api_client.py:225} INFO - Fetched 33492 complaints. Total so far: 33492
[2026-07-03T02:40:13.726+0000] {cfpb_api_client.py:231} INFO - Fetched all available complaints
[2026-07-03T02:40:13.727+0000] {cfpb_api_client.py:237} INFO - Total complaints fetched: 33492
[2026-07-03T02:40:14.074+0000] {consumer_complaints_elt.py:90} INFO - ✓ Đã lưu 33492 records vào /tmp/consumer_complaints/bank_of_america,_national_association_complaints.json
[2026-07-03T02:40:14.076+0000] {cfpb_api_client.py:328} INFO - CFPB API client session closed
[2026-07-03T02:40:14.099+0000] {python.py:202} INFO - Done. Returned value was: {'JPMORGAN CHASE & CO.': '/tmp/consumer_complaints/jpmorgan_chase_&_co._complaints.json', 'BANK OF AMERICA, NATIONAL ASSOCIATION': '/tmp/consumer_complaints/bank_of_america,_national_association_complaints.json'}
[2026-07-03T02:40:14.158+0000] {taskinstance.py:1149} INFO - Marking task as SUCCESS. dag_id=consumer_complaints_elt_lakehouse, task_id=extract_api_to_local, execution_date=20260702T000000, start_date=20260703T024006, end_date=20260703T024014
[2026-07-03T02:40:14.214+0000] {local_task_job_runner.py:234} INFO - Task exited with return code 0
[2026-07-03T02:40:14.236+0000] {taskinstance.py:3309} INFO - 1 downstream tasks scheduled from follow-on schedule check
[2026-07-03T02:56:02.261+0000] {taskinstance.py:1979} INFO - Dependencies all met for dep_context=non-requeueable deps ti=<TaskInstance: consumer_complaints_elt_lakehouse.extract_api_to_local scheduled__2026-07-02T00:00:00+00:00 [queued]>
[2026-07-03T02:56:02.271+0000] {taskinstance.py:1979} INFO - Dependencies all met for dep_context=requeueable deps ti=<TaskInstance: consumer_complaints_elt_lakehouse.extract_api_to_local scheduled__2026-07-02T00:00:00+00:00 [queued]>
[2026-07-03T02:56:02.272+0000] {taskinstance.py:2193} INFO - Starting attempt 1 of 2
[2026-07-03T02:56:02.284+0000] {taskinstance.py:2214} INFO - Executing <Task(_PythonDecoratedOperator): extract_api_to_local> on 2026-07-02 00:00:00+00:00
[2026-07-03T02:56:02.291+0000] {standard_task_runner.py:60} INFO - Started process 285 to run task
[2026-07-03T02:56:02.294+0000] {standard_task_runner.py:87} INFO - Running: ['airflow', 'tasks', 'run', 'consumer_complaints_elt_lakehouse', 'extract_api_to_local', 'scheduled__2026-07-02T00:00:00+00:00', '--job-id', '4', '--raw', '--subdir', 'DAGS_FOLDER/consumer_complaints_elt.py', '--cfg-path', '/tmp/tmpfay31h_i']
[2026-07-03T02:56:02.295+0000] {standard_task_runner.py:88} INFO - Job 4: Subtask extract_api_to_local
[2026-07-03T02:56:02.383+0000] {task_command.py:423} INFO - Running <TaskInstance: consumer_complaints_elt_lakehouse.extract_api_to_local scheduled__2026-07-02T00:00:00+00:00 [running]> on host 758891953f3b
[2026-07-03T02:56:02.475+0000] {taskinstance.py:2510} INFO - Exporting env vars: AIRFLOW_CTX_DAG_OWNER='data_engineering' AIRFLOW_CTX_DAG_ID='consumer_complaints_elt_lakehouse' AIRFLOW_CTX_TASK_ID='extract_api_to_local' AIRFLOW_CTX_EXECUTION_DATE='2026-07-02T00:00:00+00:00' AIRFLOW_CTX_TRY_NUMBER='1' AIRFLOW_CTX_DAG_RUN_ID='scheduled__2026-07-02T00:00:00+00:00'
[2026-07-03T02:56:02.479+0000] {consumer_complaints_elt.py:62} INFO - Bắt đầu kéo data từ API cho 2 công ty
[2026-07-03T02:56:02.483+0000] {consumer_complaints_elt.py:73} INFO - Đang kéo dữ liệu cho: JPMORGAN CHASE & CO.
[2026-07-03T02:56:02.484+0000] {cfpb_api_client.py:312} INFO - Fetching complaints for company: JPMORGAN CHASE & CO.
[2026-07-03T02:56:02.485+0000] {cfpb_api_client.py:132} INFO - Fetching complaints from CFPB API with params: {'size': 10000, 'frm': 0, 'sort': 'created_date_desc', 'format': 'json', 'date_received_min': '2024-01-01', 'date_received_max': '2025-12-31', 'no_aggs': 'true', 'company': 'JPMORGAN CHASE & CO.'}
[2026-07-03T02:56:09.384+0000] {cfpb_api_client.py:141} INFO - Successfully fetched 43691 complaints (direct list format)
[2026-07-03T02:56:09.399+0000] {cfpb_api_client.py:225} INFO - Fetched 43691 complaints. Total so far: 43691
[2026-07-03T02:56:09.399+0000] {cfpb_api_client.py:231} INFO - Fetched all available complaints
[2026-07-03T02:56:09.400+0000] {cfpb_api_client.py:237} INFO - Total complaints fetched: 43691
[2026-07-03T02:56:09.876+0000] {consumer_complaints_elt.py:90} INFO - ✓ Đã lưu 43691 records vào /tmp/consumer_complaints/jpmorgan_chase_&_co._complaints.json
[2026-07-03T02:56:09.878+0000] {consumer_complaints_elt.py:73} INFO - Đang kéo dữ liệu cho: BANK OF AMERICA, NATIONAL ASSOCIATION
[2026-07-03T02:56:09.879+0000] {cfpb_api_client.py:312} INFO - Fetching complaints for company: BANK OF AMERICA, NATIONAL ASSOCIATION
[2026-07-03T02:56:09.879+0000] {cfpb_api_client.py:132} INFO - Fetching complaints from CFPB API with params: {'size': 10000, 'frm': 0, 'sort': 'created_date_desc', 'format': 'json', 'date_received_min': '2024-01-01', 'date_received_max': '2025-12-31', 'no_aggs': 'true', 'company': 'BANK OF AMERICA, NATIONAL ASSOCIATION'}
[2026-07-03T02:56:13.308+0000] {cfpb_api_client.py:141} INFO - Successfully fetched 33492 complaints (direct list format)
[2026-07-03T02:56:13.315+0000] {cfpb_api_client.py:225} INFO - Fetched 33492 complaints. Total so far: 33492
[2026-07-03T02:56:13.316+0000] {cfpb_api_client.py:231} INFO - Fetched all available complaints
[2026-07-03T02:56:13.316+0000] {cfpb_api_client.py:237} INFO - Total complaints fetched: 33492
[2026-07-03T02:56:13.709+0000] {consumer_complaints_elt.py:90} INFO - ✓ Đã lưu 33492 records vào /tmp/consumer_complaints/bank_of_america,_national_association_complaints.json
[2026-07-03T02:56:13.714+0000] {cfpb_api_client.py:328} INFO - CFPB API client session closed
[2026-07-03T02:56:13.737+0000] {python.py:202} INFO - Done. Returned value was: {'JPMORGAN CHASE & CO.': '/tmp/consumer_complaints/jpmorgan_chase_&_co._complaints.json', 'BANK OF AMERICA, NATIONAL ASSOCIATION': '/tmp/consumer_complaints/bank_of_america,_national_association_complaints.json'}
[2026-07-03T02:56:13.808+0000] {taskinstance.py:1149} INFO - Marking task as SUCCESS. dag_id=consumer_complaints_elt_lakehouse, task_id=extract_api_to_local, execution_date=20260702T000000, start_date=20260703T025602, end_date=20260703T025613
[2026-07-03T02:56:13.871+0000] {local_task_job_runner.py:234} INFO - Task exited with return code 0
[2026-07-03T02:56:13.904+0000] {taskinstance.py:3309} INFO - 0 downstream tasks scheduled from follow-on schedule check
[2026-07-03T03:07:10.195+0000] {taskinstance.py:1979} INFO - Dependencies all met for dep_context=non-requeueable deps ti=<TaskInstance: consumer_complaints_elt_lakehouse.extract_api_to_local scheduled__2026-07-02T00:00:00+00:00 [queued]>
[2026-07-03T03:07:10.203+0000] {taskinstance.py:1979} INFO - Dependencies all met for dep_context=requeueable deps ti=<TaskInstance: consumer_complaints_elt_lakehouse.extract_api_to_local scheduled__2026-07-02T00:00:00+00:00 [queued]>
[2026-07-03T03:07:10.204+0000] {taskinstance.py:2193} INFO - Starting attempt 1 of 2
[2026-07-03T03:07:10.213+0000] {taskinstance.py:2214} INFO - Executing <Task(_PythonDecoratedOperator): extract_api_to_local> on 2026-07-02 00:00:00+00:00
[2026-07-03T03:07:10.218+0000] {standard_task_runner.py:60} INFO - Started process 269 to run task
[2026-07-03T03:07:10.221+0000] {standard_task_runner.py:87} INFO - Running: ['airflow', 'tasks', 'run', 'consumer_complaints_elt_lakehouse', 'extract_api_to_local', 'scheduled__2026-07-02T00:00:00+00:00', '--job-id', '4', '--raw', '--subdir', 'DAGS_FOLDER/consumer_complaints_elt.py', '--cfg-path', '/tmp/tmpfutbpm8_']
[2026-07-03T03:07:10.222+0000] {standard_task_runner.py:88} INFO - Job 4: Subtask extract_api_to_local
[2026-07-03T03:07:10.301+0000] {task_command.py:423} INFO - Running <TaskInstance: consumer_complaints_elt_lakehouse.extract_api_to_local scheduled__2026-07-02T00:00:00+00:00 [running]> on host 3de8d8c1acbd
[2026-07-03T03:07:10.376+0000] {taskinstance.py:2510} INFO - Exporting env vars: AIRFLOW_CTX_DAG_OWNER='data_engineering' AIRFLOW_CTX_DAG_ID='consumer_complaints_elt_lakehouse' AIRFLOW_CTX_TASK_ID='extract_api_to_local' AIRFLOW_CTX_EXECUTION_DATE='2026-07-02T00:00:00+00:00' AIRFLOW_CTX_TRY_NUMBER='1' AIRFLOW_CTX_DAG_RUN_ID='scheduled__2026-07-02T00:00:00+00:00'
[2026-07-03T03:07:10.379+0000] {consumer_complaints_elt.py:62} INFO - Bắt đầu kéo data từ API cho 2 công ty
[2026-07-03T03:07:10.380+0000] {consumer_complaints_elt.py:73} INFO - Đang kéo dữ liệu cho: JPMORGAN CHASE & CO.
[2026-07-03T03:07:10.381+0000] {cfpb_api_client.py:312} INFO - Fetching complaints for company: JPMORGAN CHASE & CO.
[2026-07-03T03:07:10.381+0000] {cfpb_api_client.py:132} INFO - Fetching complaints from CFPB API with params: {'size': 10000, 'frm': 0, 'sort': 'created_date_desc', 'format': 'json', 'date_received_min': '2024-01-01', 'date_received_max': '2025-12-31', 'no_aggs': 'true', 'company': 'JPMORGAN CHASE & CO.'}
[2026-07-03T03:07:14.160+0000] {cfpb_api_client.py:141} INFO - Successfully fetched 43691 complaints (direct list format)
[2026-07-03T03:07:14.166+0000] {cfpb_api_client.py:225} INFO - Fetched 43691 complaints. Total so far: 43691
[2026-07-03T03:07:14.167+0000] {cfpb_api_client.py:231} INFO - Fetched all available complaints
[2026-07-03T03:07:14.168+0000] {cfpb_api_client.py:237} INFO - Total complaints fetched: 43691
[2026-07-03T03:07:14.527+0000] {consumer_complaints_elt.py:90} INFO - ✓ Đã lưu 43691 records vào /tmp/consumer_complaints/jpmorgan_chase_&_co._complaints.json
[2026-07-03T03:07:14.528+0000] {consumer_complaints_elt.py:73} INFO - Đang kéo dữ liệu cho: BANK OF AMERICA, NATIONAL ASSOCIATION
[2026-07-03T03:07:14.529+0000] {cfpb_api_client.py:312} INFO - Fetching complaints for company: BANK OF AMERICA, NATIONAL ASSOCIATION
[2026-07-03T03:07:14.529+0000] {cfpb_api_client.py:132} INFO - Fetching complaints from CFPB API with params: {'size': 10000, 'frm': 0, 'sort': 'created_date_desc', 'format': 'json', 'date_received_min': '2024-01-01', 'date_received_max': '2025-12-31', 'no_aggs': 'true', 'company': 'BANK OF AMERICA, NATIONAL ASSOCIATION'}
[2026-07-03T03:07:17.062+0000] {cfpb_api_client.py:141} INFO - Successfully fetched 33492 complaints (direct list format)
[2026-07-03T03:07:17.068+0000] {cfpb_api_client.py:225} INFO - Fetched 33492 complaints. Total so far: 33492
[2026-07-03T03:07:17.069+0000] {cfpb_api_client.py:231} INFO - Fetched all available complaints
[2026-07-03T03:07:17.070+0000] {cfpb_api_client.py:237} INFO - Total complaints fetched: 33492
[2026-07-03T03:07:17.399+0000] {consumer_complaints_elt.py:90} INFO - ✓ Đã lưu 33492 records vào /tmp/consumer_complaints/bank_of_america,_national_association_complaints.json
[2026-07-03T03:07:17.401+0000] {cfpb_api_client.py:328} INFO - CFPB API client session closed
[2026-07-03T03:07:17.423+0000] {python.py:202} INFO - Done. Returned value was: {'JPMORGAN CHASE & CO.': '/tmp/consumer_complaints/jpmorgan_chase_&_co._complaints.json', 'BANK OF AMERICA, NATIONAL ASSOCIATION': '/tmp/consumer_complaints/bank_of_america,_national_association_complaints.json'}
[2026-07-03T03:07:17.489+0000] {taskinstance.py:1149} INFO - Marking task as SUCCESS. dag_id=consumer_complaints_elt_lakehouse, task_id=extract_api_to_local, execution_date=20260702T000000, start_date=20260703T030710, end_date=20260703T030717
[2026-07-03T03:07:17.553+0000] {local_task_job_runner.py:234} INFO - Task exited with return code 0
[2026-07-03T03:07:17.582+0000] {taskinstance.py:3309} INFO - 0 downstream tasks scheduled from follow-on schedule check
[2026-07-03T04:50:54.784+0000] {taskinstance.py:1979} INFO - Dependencies all met for dep_context=non-requeueable deps ti=<TaskInstance: consumer_complaints_elt_lakehouse.extract_api_to_local scheduled__2026-07-02T00:00:00+00:00 [queued]>
[2026-07-03T04:50:54.793+0000] {taskinstance.py:1979} INFO - Dependencies all met for dep_context=requeueable deps ti=<TaskInstance: consumer_complaints_elt_lakehouse.extract_api_to_local scheduled__2026-07-02T00:00:00+00:00 [queued]>
[2026-07-03T04:50:54.793+0000] {taskinstance.py:2193} INFO - Starting attempt 1 of 2
[2026-07-03T04:50:54.804+0000] {taskinstance.py:2214} INFO - Executing <Task(_PythonDecoratedOperator): extract_api_to_local> on 2026-07-02 00:00:00+00:00
[2026-07-03T04:50:54.809+0000] {standard_task_runner.py:60} INFO - Started process 269 to run task
[2026-07-03T04:50:54.812+0000] {standard_task_runner.py:87} INFO - Running: ['airflow', 'tasks', 'run', 'consumer_complaints_elt_lakehouse', 'extract_api_to_local', 'scheduled__2026-07-02T00:00:00+00:00', '--job-id', '4', '--raw', '--subdir', 'DAGS_FOLDER/consumer_complaints_elt.py', '--cfg-path', '/tmp/tmpb8o8k5p3']
[2026-07-03T04:50:54.813+0000] {standard_task_runner.py:88} INFO - Job 4: Subtask extract_api_to_local
[2026-07-03T04:50:54.902+0000] {task_command.py:423} INFO - Running <TaskInstance: consumer_complaints_elt_lakehouse.extract_api_to_local scheduled__2026-07-02T00:00:00+00:00 [running]> on host 32e485f9402e
[2026-07-03T04:50:54.985+0000] {taskinstance.py:2510} INFO - Exporting env vars: AIRFLOW_CTX_DAG_OWNER='data_engineering' AIRFLOW_CTX_DAG_ID='consumer_complaints_elt_lakehouse' AIRFLOW_CTX_TASK_ID='extract_api_to_local' AIRFLOW_CTX_EXECUTION_DATE='2026-07-02T00:00:00+00:00' AIRFLOW_CTX_TRY_NUMBER='1' AIRFLOW_CTX_DAG_RUN_ID='scheduled__2026-07-02T00:00:00+00:00'
[2026-07-03T04:50:54.988+0000] {consumer_complaints_elt.py:62} INFO - Bắt đầu kéo data từ API cho 2 công ty
[2026-07-03T04:50:54.989+0000] {consumer_complaints_elt.py:73} INFO - Đang kéo dữ liệu cho: JPMORGAN CHASE & CO.
[2026-07-03T04:50:54.990+0000] {cfpb_api_client.py:312} INFO - Fetching complaints for company: JPMORGAN CHASE & CO.
[2026-07-03T04:50:54.991+0000] {cfpb_api_client.py:132} INFO - Fetching complaints from CFPB API with params: {'size': 10000, 'frm': 0, 'sort': 'created_date_desc', 'format': 'json', 'date_received_min': '2024-01-01', 'date_received_max': '2025-12-31', 'no_aggs': 'true', 'company': 'JPMORGAN CHASE & CO.'}
[2026-07-03T04:50:58.358+0000] {cfpb_api_client.py:141} INFO - Successfully fetched 43691 complaints (direct list format)
[2026-07-03T04:50:58.370+0000] {cfpb_api_client.py:225} INFO - Fetched 43691 complaints. Total so far: 43691
[2026-07-03T04:50:58.371+0000] {cfpb_api_client.py:231} INFO - Fetched all available complaints
[2026-07-03T04:50:58.372+0000] {cfpb_api_client.py:237} INFO - Total complaints fetched: 43691
[2026-07-03T04:50:58.898+0000] {consumer_complaints_elt.py:90} INFO - ✓ Đã lưu 43691 records vào /tmp/consumer_complaints/jpmorgan_chase_&_co._complaints.json
[2026-07-03T04:50:58.899+0000] {consumer_complaints_elt.py:73} INFO - Đang kéo dữ liệu cho: BANK OF AMERICA, NATIONAL ASSOCIATION
[2026-07-03T04:50:58.900+0000] {cfpb_api_client.py:312} INFO - Fetching complaints for company: BANK OF AMERICA, NATIONAL ASSOCIATION
[2026-07-03T04:50:58.900+0000] {cfpb_api_client.py:132} INFO - Fetching complaints from CFPB API with params: {'size': 10000, 'frm': 0, 'sort': 'created_date_desc', 'format': 'json', 'date_received_min': '2024-01-01', 'date_received_max': '2025-12-31', 'no_aggs': 'true', 'company': 'BANK OF AMERICA, NATIONAL ASSOCIATION'}
[2026-07-03T04:51:01.119+0000] {cfpb_api_client.py:141} INFO - Successfully fetched 33492 complaints (direct list format)
[2026-07-03T04:51:01.125+0000] {cfpb_api_client.py:225} INFO - Fetched 33492 complaints. Total so far: 33492
[2026-07-03T04:51:01.126+0000] {cfpb_api_client.py:231} INFO - Fetched all available complaints
[2026-07-03T04:51:01.127+0000] {cfpb_api_client.py:237} INFO - Total complaints fetched: 33492
[2026-07-03T04:51:01.455+0000] {consumer_complaints_elt.py:90} INFO - ✓ Đã lưu 33492 records vào /tmp/consumer_complaints/bank_of_america,_national_association_complaints.json
[2026-07-03T04:51:01.458+0000] {cfpb_api_client.py:328} INFO - CFPB API client session closed
[2026-07-03T04:51:01.481+0000] {python.py:202} INFO - Done. Returned value was: {'JPMORGAN CHASE & CO.': '/tmp/consumer_complaints/jpmorgan_chase_&_co._complaints.json', 'BANK OF AMERICA, NATIONAL ASSOCIATION': '/tmp/consumer_complaints/bank_of_america,_national_association_complaints.json'}
[2026-07-03T04:51:01.532+0000] {taskinstance.py:1149} INFO - Marking task as SUCCESS. dag_id=consumer_complaints_elt_lakehouse, task_id=extract_api_to_local, execution_date=20260702T000000, start_date=20260703T045054, end_date=20260703T045101
[2026-07-03T04:51:01.554+0000] {local_task_job_runner.py:234} INFO - Task exited with return code 0
[2026-07-03T04:51:01.579+0000] {taskinstance.py:3309} INFO - 1 downstream tasks scheduled from follow-on schedule check
[2026-07-03T05:35:56.827+0000] {taskinstance.py:1979} INFO - Dependencies all met for dep_context=non-requeueable deps ti=<TaskInstance: consumer_complaints_elt_lakehouse.extract_api_to_local scheduled__2026-07-02T00:00:00+00:00 [queued]>
[2026-07-03T05:35:56.834+0000] {taskinstance.py:1979} INFO - Dependencies all met for dep_context=requeueable deps ti=<TaskInstance: consumer_complaints_elt_lakehouse.extract_api_to_local scheduled__2026-07-02T00:00:00+00:00 [queued]>
[2026-07-03T05:35:56.835+0000] {taskinstance.py:2193} INFO - Starting attempt 1 of 2
[2026-07-03T05:35:56.843+0000] {taskinstance.py:2214} INFO - Executing <Task(_PythonDecoratedOperator): extract_api_to_local> on 2026-07-02 00:00:00+00:00
[2026-07-03T05:35:56.849+0000] {standard_task_runner.py:60} INFO - Started process 317 to run task
[2026-07-03T05:35:56.853+0000] {standard_task_runner.py:87} INFO - Running: ['airflow', 'tasks', 'run', 'consumer_complaints_elt_lakehouse', 'extract_api_to_local', 'scheduled__2026-07-02T00:00:00+00:00', '--job-id', '4', '--raw', '--subdir', 'DAGS_FOLDER/consumer_complaints_elt.py', '--cfg-path', '/tmp/tmpqu7eo4b5']
[2026-07-03T05:35:56.854+0000] {standard_task_runner.py:88} INFO - Job 4: Subtask extract_api_to_local
[2026-07-03T05:35:56.933+0000] {task_command.py:423} INFO - Running <TaskInstance: consumer_complaints_elt_lakehouse.extract_api_to_local scheduled__2026-07-02T00:00:00+00:00 [running]> on host c25968ac38fb
[2026-07-03T05:35:57.011+0000] {taskinstance.py:2510} INFO - Exporting env vars: AIRFLOW_CTX_DAG_OWNER='data_engineering' AIRFLOW_CTX_DAG_ID='consumer_complaints_elt_lakehouse' AIRFLOW_CTX_TASK_ID='extract_api_to_local' AIRFLOW_CTX_EXECUTION_DATE='2026-07-02T00:00:00+00:00' AIRFLOW_CTX_TRY_NUMBER='1' AIRFLOW_CTX_DAG_RUN_ID='scheduled__2026-07-02T00:00:00+00:00'
[2026-07-03T05:35:57.014+0000] {consumer_complaints_elt.py:62} INFO - Bắt đầu kéo data từ API cho 2 công ty
[2026-07-03T05:35:57.015+0000] {consumer_complaints_elt.py:73} INFO - Đang kéo dữ liệu cho: JPMORGAN CHASE & CO.
[2026-07-03T05:35:57.016+0000] {cfpb_api_client.py:312} INFO - Fetching complaints for company: JPMORGAN CHASE & CO.
[2026-07-03T05:35:57.017+0000] {cfpb_api_client.py:132} INFO - Fetching complaints from CFPB API with params: {'size': 10000, 'frm': 0, 'sort': 'created_date_desc', 'format': 'json', 'date_received_min': '2024-01-01', 'date_received_max': '2025-12-31', 'no_aggs': 'true', 'company': 'JPMORGAN CHASE & CO.'}
[2026-07-03T05:36:02.178+0000] {cfpb_api_client.py:141} INFO - Successfully fetched 43691 complaints (direct list format)
[2026-07-03T05:36:02.186+0000] {cfpb_api_client.py:225} INFO - Fetched 43691 complaints. Total so far: 43691
[2026-07-03T05:36:02.187+0000] {cfpb_api_client.py:231} INFO - Fetched all available complaints
[2026-07-03T05:36:02.187+0000] {cfpb_api_client.py:237} INFO - Total complaints fetched: 43691
[2026-07-03T05:36:02.600+0000] {consumer_complaints_elt.py:90} INFO - ✓ Đã lưu 43691 records vào /tmp/consumer_complaints/jpmorgan_chase_&_co._complaints.json
[2026-07-03T05:36:02.601+0000] {consumer_complaints_elt.py:73} INFO - Đang kéo dữ liệu cho: BANK OF AMERICA, NATIONAL ASSOCIATION
[2026-07-03T05:36:02.602+0000] {cfpb_api_client.py:312} INFO - Fetching complaints for company: BANK OF AMERICA, NATIONAL ASSOCIATION
[2026-07-03T05:36:02.602+0000] {cfpb_api_client.py:132} INFO - Fetching complaints from CFPB API with params: {'size': 10000, 'frm': 0, 'sort': 'created_date_desc', 'format': 'json', 'date_received_min': '2024-01-01', 'date_received_max': '2025-12-31', 'no_aggs': 'true', 'company': 'BANK OF AMERICA, NATIONAL ASSOCIATION'}
[2026-07-03T05:36:05.217+0000] {cfpb_api_client.py:141} INFO - Successfully fetched 33492 complaints (direct list format)
[2026-07-03T05:36:05.223+0000] {cfpb_api_client.py:225} INFO - Fetched 33492 complaints. Total so far: 33492
[2026-07-03T05:36:05.223+0000] {cfpb_api_client.py:231} INFO - Fetched all available complaints
[2026-07-03T05:36:05.224+0000] {cfpb_api_client.py:237} INFO - Total complaints fetched: 33492
[2026-07-03T05:36:05.541+0000] {consumer_complaints_elt.py:90} INFO - ✓ Đã lưu 33492 records vào /tmp/consumer_complaints/bank_of_america,_national_association_complaints.json
[2026-07-03T05:36:05.543+0000] {cfpb_api_client.py:328} INFO - CFPB API client session closed
[2026-07-03T05:36:05.567+0000] {python.py:202} INFO - Done. Returned value was: {'JPMORGAN CHASE & CO.': '/tmp/consumer_complaints/jpmorgan_chase_&_co._complaints.json', 'BANK OF AMERICA, NATIONAL ASSOCIATION': '/tmp/consumer_complaints/bank_of_america,_national_association_complaints.json'}
[2026-07-03T05:36:05.628+0000] {taskinstance.py:1149} INFO - Marking task as SUCCESS. dag_id=consumer_complaints_elt_lakehouse, task_id=extract_api_to_local, execution_date=20260702T000000, start_date=20260703T053556, end_date=20260703T053605
[2026-07-03T05:36:05.672+0000] {local_task_job_runner.py:234} INFO - Task exited with return code 0
[2026-07-03T05:36:05.704+0000] {taskinstance.py:3309} INFO - 1 downstream tasks scheduled from follow-on schedule check
[2026-07-03T05:55:13.283+0000] {taskinstance.py:1979} INFO - Dependencies all met for dep_context=non-requeueable deps ti=<TaskInstance: consumer_complaints_elt_lakehouse.extract_api_to_local scheduled__2026-07-02T00:00:00+00:00 [queued]>
[2026-07-03T05:55:13.293+0000] {taskinstance.py:1979} INFO - Dependencies all met for dep_context=requeueable deps ti=<TaskInstance: consumer_complaints_elt_lakehouse.extract_api_to_local scheduled__2026-07-02T00:00:00+00:00 [queued]>
[2026-07-03T05:55:13.294+0000] {taskinstance.py:2193} INFO - Starting attempt 1 of 2
[2026-07-03T05:55:13.303+0000] {taskinstance.py:2214} INFO - Executing <Task(_PythonDecoratedOperator): extract_api_to_local> on 2026-07-02 00:00:00+00:00
[2026-07-03T05:55:13.309+0000] {standard_task_runner.py:60} INFO - Started process 240 to run task
[2026-07-03T05:55:13.312+0000] {standard_task_runner.py:87} INFO - Running: ['airflow', 'tasks', 'run', 'consumer_complaints_elt_lakehouse', 'extract_api_to_local', 'scheduled__2026-07-02T00:00:00+00:00', '--job-id', '4', '--raw', '--subdir', 'DAGS_FOLDER/consumer_complaints_elt.py', '--cfg-path', '/tmp/tmp96sh7f81']
[2026-07-03T05:55:13.313+0000] {standard_task_runner.py:88} INFO - Job 4: Subtask extract_api_to_local
[2026-07-03T05:55:13.404+0000] {task_command.py:423} INFO - Running <TaskInstance: consumer_complaints_elt_lakehouse.extract_api_to_local scheduled__2026-07-02T00:00:00+00:00 [running]> on host 3e94fe8d6562
[2026-07-03T05:55:13.504+0000] {taskinstance.py:2510} INFO - Exporting env vars: AIRFLOW_CTX_DAG_OWNER='data_engineering' AIRFLOW_CTX_DAG_ID='consumer_complaints_elt_lakehouse' AIRFLOW_CTX_TASK_ID='extract_api_to_local' AIRFLOW_CTX_EXECUTION_DATE='2026-07-02T00:00:00+00:00' AIRFLOW_CTX_TRY_NUMBER='1' AIRFLOW_CTX_DAG_RUN_ID='scheduled__2026-07-02T00:00:00+00:00'
[2026-07-03T05:55:13.507+0000] {consumer_complaints_elt.py:62} INFO - Bắt đầu kéo data từ API cho 2 công ty
[2026-07-03T05:55:13.508+0000] {consumer_complaints_elt.py:73} INFO - Đang kéo dữ liệu cho: JPMORGAN CHASE & CO.
[2026-07-03T05:55:13.509+0000] {cfpb_api_client.py:312} INFO - Fetching complaints for company: JPMORGAN CHASE & CO.
[2026-07-03T05:55:13.510+0000] {cfpb_api_client.py:132} INFO - Fetching complaints from CFPB API with params: {'size': 10000, 'frm': 0, 'sort': 'created_date_desc', 'format': 'json', 'date_received_min': '2024-01-01', 'date_received_max': '2025-12-31', 'no_aggs': 'true', 'company': 'JPMORGAN CHASE & CO.'}
[2026-07-03T05:55:19.573+0000] {cfpb_api_client.py:141} INFO - Successfully fetched 43691 complaints (direct list format)
[2026-07-03T05:55:19.579+0000] {cfpb_api_client.py:225} INFO - Fetched 43691 complaints. Total so far: 43691
[2026-07-03T05:55:19.580+0000] {cfpb_api_client.py:231} INFO - Fetched all available complaints
[2026-07-03T05:55:19.581+0000] {cfpb_api_client.py:237} INFO - Total complaints fetched: 43691
[2026-07-03T05:55:20.028+0000] {consumer_complaints_elt.py:90} INFO - ✓ Đã lưu 43691 records vào /tmp/consumer_complaints/jpmorgan_chase_&_co._complaints.json
[2026-07-03T05:55:20.030+0000] {consumer_complaints_elt.py:73} INFO - Đang kéo dữ liệu cho: BANK OF AMERICA, NATIONAL ASSOCIATION
[2026-07-03T05:55:20.031+0000] {cfpb_api_client.py:312} INFO - Fetching complaints for company: BANK OF AMERICA, NATIONAL ASSOCIATION
[2026-07-03T05:55:20.033+0000] {cfpb_api_client.py:132} INFO - Fetching complaints from CFPB API with params: {'size': 10000, 'frm': 0, 'sort': 'created_date_desc', 'format': 'json', 'date_received_min': '2024-01-01', 'date_received_max': '2025-12-31', 'no_aggs': 'true', 'company': 'BANK OF AMERICA, NATIONAL ASSOCIATION'}
[2026-07-03T05:55:27.046+0000] {cfpb_api_client.py:141} INFO - Successfully fetched 33492 complaints (direct list format)
[2026-07-03T05:55:27.053+0000] {cfpb_api_client.py:225} INFO - Fetched 33492 complaints. Total so far: 33492
[2026-07-03T05:55:27.054+0000] {cfpb_api_client.py:231} INFO - Fetched all available complaints
[2026-07-03T05:55:27.055+0000] {cfpb_api_client.py:237} INFO - Total complaints fetched: 33492
[2026-07-03T05:55:27.411+0000] {consumer_complaints_elt.py:90} INFO - ✓ Đã lưu 33492 records vào /tmp/consumer_complaints/bank_of_america,_national_association_complaints.json
[2026-07-03T05:55:27.413+0000] {cfpb_api_client.py:328} INFO - CFPB API client session closed
[2026-07-03T05:55:27.433+0000] {python.py:202} INFO - Done. Returned value was: {'JPMORGAN CHASE & CO.': '/tmp/consumer_complaints/jpmorgan_chase_&_co._complaints.json', 'BANK OF AMERICA, NATIONAL ASSOCIATION': '/tmp/consumer_complaints/bank_of_america,_national_association_complaints.json'}
[2026-07-03T05:55:27.488+0000] {taskinstance.py:1149} INFO - Marking task as SUCCESS. dag_id=consumer_complaints_elt_lakehouse, task_id=extract_api_to_local, execution_date=20260702T000000, start_date=20260703T055513, end_date=20260703T055527
[2026-07-03T05:55:27.517+0000] {local_task_job_runner.py:234} INFO - Task exited with return code 0
[2026-07-03T05:55:27.549+0000] {taskinstance.py:3309} INFO - 1 downstream tasks scheduled from follow-on schedule check
[2026-07-03T06:24:58.558+0000] {taskinstance.py:1979} INFO - Dependencies all met for dep_context=non-requeueable deps ti=<TaskInstance: consumer_complaints_elt_lakehouse.extract_api_to_local scheduled__2026-07-02T00:00:00+00:00 [queued]>
[2026-07-03T06:24:58.566+0000] {taskinstance.py:1979} INFO - Dependencies all met for dep_context=requeueable deps ti=<TaskInstance: consumer_complaints_elt_lakehouse.extract_api_to_local scheduled__2026-07-02T00:00:00+00:00 [queued]>
[2026-07-03T06:24:58.567+0000] {taskinstance.py:2193} INFO - Starting attempt 1 of 2
[2026-07-03T06:24:58.576+0000] {taskinstance.py:2214} INFO - Executing <Task(_PythonDecoratedOperator): extract_api_to_local> on 2026-07-02 00:00:00+00:00
[2026-07-03T06:24:58.582+0000] {standard_task_runner.py:60} INFO - Started process 272 to run task
[2026-07-03T06:24:58.584+0000] {standard_task_runner.py:87} INFO - Running: ['airflow', 'tasks', 'run', 'consumer_complaints_elt_lakehouse', 'extract_api_to_local', 'scheduled__2026-07-02T00:00:00+00:00', '--job-id', '4', '--raw', '--subdir', 'DAGS_FOLDER/consumer_complaints_elt.py', '--cfg-path', '/tmp/tmpb2bgm2_n']
[2026-07-03T06:24:58.585+0000] {standard_task_runner.py:88} INFO - Job 4: Subtask extract_api_to_local
[2026-07-03T06:24:58.660+0000] {task_command.py:423} INFO - Running <TaskInstance: consumer_complaints_elt_lakehouse.extract_api_to_local scheduled__2026-07-02T00:00:00+00:00 [running]> on host 1b100138765e
[2026-07-03T06:24:58.743+0000] {taskinstance.py:2510} INFO - Exporting env vars: AIRFLOW_CTX_DAG_OWNER='data_engineering' AIRFLOW_CTX_DAG_ID='consumer_complaints_elt_lakehouse' AIRFLOW_CTX_TASK_ID='extract_api_to_local' AIRFLOW_CTX_EXECUTION_DATE='2026-07-02T00:00:00+00:00' AIRFLOW_CTX_TRY_NUMBER='1' AIRFLOW_CTX_DAG_RUN_ID='scheduled__2026-07-02T00:00:00+00:00'
[2026-07-03T06:24:58.746+0000] {consumer_complaints_elt.py:62} INFO - Bắt đầu kéo data từ API cho 2 công ty
[2026-07-03T06:24:58.747+0000] {consumer_complaints_elt.py:73} INFO - Đang kéo dữ liệu cho: JPMORGAN CHASE & CO.
[2026-07-03T06:24:58.748+0000] {cfpb_api_client.py:312} INFO - Fetching complaints for company: JPMORGAN CHASE & CO.
[2026-07-03T06:24:58.748+0000] {cfpb_api_client.py:132} INFO - Fetching complaints from CFPB API with params: {'size': 10000, 'frm': 0, 'sort': 'created_date_desc', 'format': 'json', 'date_received_min': '2024-01-01', 'date_received_max': '2025-12-31', 'no_aggs': 'true', 'company': 'JPMORGAN CHASE & CO.'}
[2026-07-03T06:25:02.085+0000] {cfpb_api_client.py:141} INFO - Successfully fetched 43691 complaints (direct list format)
[2026-07-03T06:25:02.093+0000] {cfpb_api_client.py:225} INFO - Fetched 43691 complaints. Total so far: 43691
[2026-07-03T06:25:02.093+0000] {cfpb_api_client.py:231} INFO - Fetched all available complaints
[2026-07-03T06:25:02.093+0000] {cfpb_api_client.py:237} INFO - Total complaints fetched: 43691
[2026-07-03T06:25:02.589+0000] {consumer_complaints_elt.py:90} INFO - ✓ Đã lưu 43691 records vào /tmp/consumer_complaints/jpmorgan_chase_&_co._complaints.json
[2026-07-03T06:25:02.589+0000] {consumer_complaints_elt.py:73} INFO - Đang kéo dữ liệu cho: BANK OF AMERICA, NATIONAL ASSOCIATION
[2026-07-03T06:25:02.590+0000] {cfpb_api_client.py:312} INFO - Fetching complaints for company: BANK OF AMERICA, NATIONAL ASSOCIATION
[2026-07-03T06:25:02.590+0000] {cfpb_api_client.py:132} INFO - Fetching complaints from CFPB API with params: {'size': 10000, 'frm': 0, 'sort': 'created_date_desc', 'format': 'json', 'date_received_min': '2024-01-01', 'date_received_max': '2025-12-31', 'no_aggs': 'true', 'company': 'BANK OF AMERICA, NATIONAL ASSOCIATION'}
[2026-07-03T06:25:05.007+0000] {cfpb_api_client.py:141} INFO - Successfully fetched 33492 complaints (direct list format)
[2026-07-03T06:25:05.018+0000] {cfpb_api_client.py:225} INFO - Fetched 33492 complaints. Total so far: 33492
[2026-07-03T06:25:05.018+0000] {cfpb_api_client.py:231} INFO - Fetched all available complaints
[2026-07-03T06:25:05.019+0000] {cfpb_api_client.py:237} INFO - Total complaints fetched: 33492
[2026-07-03T06:25:05.492+0000] {consumer_complaints_elt.py:90} INFO - ✓ Đã lưu 33492 records vào /tmp/consumer_complaints/bank_of_america,_national_association_complaints.json
[2026-07-03T06:25:05.498+0000] {cfpb_api_client.py:328} INFO - CFPB API client session closed
[2026-07-03T06:25:05.523+0000] {python.py:202} INFO - Done. Returned value was: {'JPMORGAN CHASE & CO.': '/tmp/consumer_complaints/jpmorgan_chase_&_co._complaints.json', 'BANK OF AMERICA, NATIONAL ASSOCIATION': '/tmp/consumer_complaints/bank_of_america,_national_association_complaints.json'}
[2026-07-03T06:25:05.625+0000] {taskinstance.py:1149} INFO - Marking task as SUCCESS. dag_id=consumer_complaints_elt_lakehouse, task_id=extract_api_to_local, execution_date=20260702T000000, start_date=20260703T062458, end_date=20260703T062505
[2026-07-03T06:25:05.677+0000] {local_task_job_runner.py:234} INFO - Task exited with return code 0
[2026-07-03T06:25:05.720+0000] {taskinstance.py:3309} INFO - 1 downstream tasks scheduled from follow-on schedule check
