[2026-07-22T04:19:10.639+0000] {local_task_job_runner.py:123} INFO - ::group::Pre task execution logs
[2026-07-22T04:19:10.661+0000] {taskinstance.py:2612} INFO - Dependencies all met for dep_context=non-requeueable deps ti=<TaskInstance: dbt_silver_gold_incremental.transform_silver.stg__consumer_complaints.run manual__2026-07-22T04:18:58.712602+00:00 [queued]>
[2026-07-22T04:19:10.672+0000] {taskinstance.py:2612} INFO - Dependencies all met for dep_context=requeueable deps ti=<TaskInstance: dbt_silver_gold_incremental.transform_silver.stg__consumer_complaints.run manual__2026-07-22T04:18:58.712602+00:00 [queued]>
[2026-07-22T04:19:10.675+0000] {taskinstance.py:2865} INFO - Starting attempt 1 of 2
[2026-07-22T04:19:10.688+0000] {taskinstance.py:2888} INFO - Executing <Task(DbtRunLocalOperator): transform_silver.stg__consumer_complaints.run> on 2026-07-22 04:18:58.712602+00:00
[2026-07-22T04:19:10.693+0000] {standard_task_runner.py:72} INFO - Started process 1661 to run task
[2026-07-22T04:19:10.697+0000] {standard_task_runner.py:104} INFO - Running: ['airflow', 'tasks', 'run', 'dbt_silver_gold_incremental', 'transform_silver.stg__consumer_complaints.run', 'manual__2026-07-22T04:18:58.712602+00:00', '--job-id', '14', '--raw', '--subdir', 'DAGS_FOLDER/dbt_silver_gold.py', '--cfg-path', '/tmp/tmpxft3cp2c']
[2026-07-22T04:19:10.700+0000] {standard_task_runner.py:105} INFO - Job 14: Subtask transform_silver.stg__consumer_complaints.run
[2026-07-22T04:19:10.808+0000] {task_command.py:467} INFO - Running <TaskInstance: dbt_silver_gold_incremental.transform_silver.stg__consumer_complaints.run manual__2026-07-22T04:18:58.712602+00:00 [running]> on host 46567f661dca
[2026-07-22T04:19:10.902+0000] {taskinstance.py:3131} INFO - Exporting env vars: AIRFLOW_CTX_DAG_OWNER='data_engineer' AIRFLOW_CTX_DAG_ID='dbt_silver_gold_incremental' AIRFLOW_CTX_TASK_ID='transform_silver.stg__consumer_complaints.run' AIRFLOW_CTX_EXECUTION_DATE='2026-07-22T04:18:58.712602+00:00' AIRFLOW_CTX_TRY_NUMBER='1' AIRFLOW_CTX_DAG_RUN_ID='manual__2026-07-22T04:18:58.712602+00:00'
[2026-07-22T04:19:10.904+0000] {taskinstance.py:731} INFO - ::endgroup::
[2026-07-22T04:19:12.055+0000] {local.py:294} INFO - dbtRunner is available. Using dbtRunner for invoking dbt.
[2026-07-22T04:19:12.057+0000] {local.py:518} INFO - Cloning project to writable temp directory /tmp/tmpu2m6jl6m from /opt/airflow/dbt_transform
[2026-07-22T04:19:12.068+0000] {local.py:538} INFO - Partial parse is enabled and the latest partial parse file is /tmp/cosmos/dbt_silver_gold_incremental__transform_silver/target/partial_parse.msgpack
[2026-07-22T04:19:12.083+0000] {config.py:395} INFO - Using user-supplied profiles.yml at /opt/airflow/dbt_transform/profiles.yml
[2026-07-22T04:19:12.097+0000] {runner.py:95} INFO - Trying to run dbtRunner with:
 ['deps', '--project-dir', '/tmp/tmpu2m6jl6m', '--profiles-dir', '/opt/airflow/dbt_transform', '--profile', 'lakehouse_dbt', '--target', 'dev', '--no-static-parser']
 in /tmp/tmpu2m6jl6m
[2026-07-22T04:19:12.181+0000] {logging_mixin.py:190} INFO - 04:19:12  Running with dbt=1.8.8
[2026-07-22T04:19:12.305+0000] {converter.py:314} INFO - ::group::Cosmos DAG parsing logs
[2026-07-22T04:19:12.310+0000] {graph.py:869} INFO - Trying to parse the dbt project using dbt ls cache cosmos_cache__dbt_silver_gold_incremental__transform_silver...
[2026-07-22T04:19:15.570+0000] {cache.py:383} INFO - Cosmos performance: time to calculate cache identifier cosmos_cache__dbt_silver_gold_incremental__transform_silver for current version: 3.2454141810012516
[2026-07-22T04:19:15.571+0000] {graph.py:886} INFO - Cosmos performance [46567f661dca|1661]: The cache size for cosmos_cache__dbt_silver_gold_incremental__transform_silver is 6043
[2026-07-22T04:19:15.572+0000] {graph.py:898} INFO - Cosmos performance: Cache hit for cosmos_cache__dbt_silver_gold_incremental__transform_silver - c63b3a06e444715bb84e33ac1427edac,5e34606eb5f2b3dea81a8e19fa3ba138
[2026-07-22T04:19:15.574+0000] {graph.py:799} INFO - Total nodes: 7
[2026-07-22T04:19:15.575+0000] {graph.py:800} INFO - Total filtered nodes: 7
[2026-07-22T04:19:15.577+0000] {converter.py:361} INFO - Cosmos performance (dbt_silver_gold_incremental__transform_silver) - [46567f661dca|1661]: It took 3.27s to parse the dbt project for DAG using dbt_ls_cache
[2026-07-22T04:19:15.588+0000] {converter.py:413} INFO - Cosmos performance (dbt_silver_gold_incremental__transform_silver) - [46567f661dca|1661]: It took 0.011s to build the Airflow DAG.
[2026-07-22T04:19:15.589+0000] {converter.py:420} INFO - ::endgroup::Cosmos DAG parsing logs
[2026-07-22T04:19:15.591+0000] {converter.py:314} INFO - ::group::Cosmos DAG parsing logs
[2026-07-22T04:19:15.594+0000] {graph.py:869} INFO - Trying to parse the dbt project using dbt ls cache cosmos_cache__dbt_silver_gold_incremental__transform_gold...
[2026-07-22T04:19:18.785+0000] {cache.py:383} INFO - Cosmos performance: time to calculate cache identifier cosmos_cache__dbt_silver_gold_incremental__transform_gold for current version: 3.1803355339998234
[2026-07-22T04:19:18.786+0000] {graph.py:886} INFO - Cosmos performance [46567f661dca|1661]: The cache size for cosmos_cache__dbt_silver_gold_incremental__transform_gold is 35912
[2026-07-22T04:19:18.788+0000] {graph.py:898} INFO - Cosmos performance: Cache hit for cosmos_cache__dbt_silver_gold_incremental__transform_gold - c63b3a06e444715bb84e33ac1427edac,304321e940a9403dceb380589bd0566f
[2026-07-22T04:19:18.789+0000] {graph.py:799} INFO - Total nodes: 39
[2026-07-22T04:19:18.790+0000] {graph.py:800} INFO - Total filtered nodes: 39
[2026-07-22T04:19:18.791+0000] {converter.py:361} INFO - Cosmos performance (dbt_silver_gold_incremental__transform_gold) - [46567f661dca|1661]: It took 3.2s to parse the dbt project for DAG using dbt_ls_cache
[2026-07-22T04:19:18.825+0000] {converter.py:413} INFO - Cosmos performance (dbt_silver_gold_incremental__transform_gold) - [46567f661dca|1661]: It took 0.0341s to build the Airflow DAG.
[2026-07-22T04:19:18.826+0000] {converter.py:420} INFO - ::endgroup::Cosmos DAG parsing logs
[2026-07-22T04:19:18.828+0000] {converter.py:314} INFO - ::group::Cosmos DAG parsing logs
[2026-07-22T04:19:18.831+0000] {graph.py:869} INFO - Trying to parse the dbt project using dbt ls cache cosmos_cache__dbt_silver_gold_full_load__transform_silver...
[2026-07-22T04:19:21.952+0000] {cache.py:383} INFO - Cosmos performance: time to calculate cache identifier cosmos_cache__dbt_silver_gold_full_load__transform_silver for current version: 3.1118168829998467
[2026-07-22T04:19:21.953+0000] {graph.py:886} INFO - Cosmos performance [46567f661dca|1661]: The cache size for cosmos_cache__dbt_silver_gold_full_load__transform_silver is 6043
[2026-07-22T04:19:21.955+0000] {graph.py:898} INFO - Cosmos performance: Cache hit for cosmos_cache__dbt_silver_gold_full_load__transform_silver - c63b3a06e444715bb84e33ac1427edac,5e34606eb5f2b3dea81a8e19fa3ba138
[2026-07-22T04:19:21.956+0000] {graph.py:799} INFO - Total nodes: 7
[2026-07-22T04:19:21.957+0000] {graph.py:800} INFO - Total filtered nodes: 7
[2026-07-22T04:19:21.959+0000] {converter.py:361} INFO - Cosmos performance (dbt_silver_gold_full_load__transform_silver) - [46567f661dca|1661]: It took 3.13s to parse the dbt project for DAG using dbt_ls_cache
[2026-07-22T04:19:21.970+0000] {converter.py:413} INFO - Cosmos performance (dbt_silver_gold_full_load__transform_silver) - [46567f661dca|1661]: It took 0.0109s to build the Airflow DAG.
[2026-07-22T04:19:21.971+0000] {converter.py:420} INFO - ::endgroup::Cosmos DAG parsing logs
[2026-07-22T04:19:21.972+0000] {converter.py:314} INFO - ::group::Cosmos DAG parsing logs
[2026-07-22T04:19:21.975+0000] {graph.py:869} INFO - Trying to parse the dbt project using dbt ls cache cosmos_cache__dbt_silver_gold_full_load__transform_gold...
[2026-07-22T04:19:24.896+0000] {cache.py:383} INFO - Cosmos performance: time to calculate cache identifier cosmos_cache__dbt_silver_gold_full_load__transform_gold for current version: 2.912096512000062
[2026-07-22T04:19:24.898+0000] {graph.py:886} INFO - Cosmos performance [46567f661dca|1661]: The cache size for cosmos_cache__dbt_silver_gold_full_load__transform_gold is 35912
[2026-07-22T04:19:24.900+0000] {graph.py:898} INFO - Cosmos performance: Cache hit for cosmos_cache__dbt_silver_gold_full_load__transform_gold - c63b3a06e444715bb84e33ac1427edac,304321e940a9403dceb380589bd0566f
[2026-07-22T04:19:24.901+0000] {graph.py:799} INFO - Total nodes: 39
[2026-07-22T04:19:24.902+0000] {graph.py:800} INFO - Total filtered nodes: 39
[2026-07-22T04:19:24.903+0000] {converter.py:361} INFO - Cosmos performance (dbt_silver_gold_full_load__transform_gold) - [46567f661dca|1661]: It took 2.93s to parse the dbt project for DAG using dbt_ls_cache
[2026-07-22T04:19:24.940+0000] {converter.py:413} INFO - Cosmos performance (dbt_silver_gold_full_load__transform_gold) - [46567f661dca|1661]: It took 0.0373s to build the Airflow DAG.
[2026-07-22T04:19:24.942+0000] {converter.py:420} INFO - ::endgroup::Cosmos DAG parsing logs
[2026-07-22T04:19:25.805+0000] {logging_mixin.py:190} INFO - 04:19:25  Installing dbt-labs/dbt_utils
[2026-07-22T04:19:26.441+0000] {logging_mixin.py:190} INFO - 04:19:26  Installed from version 1.3.0
[2026-07-22T04:19:26.444+0000] {logging_mixin.py:190} INFO - 04:19:26  Updated version available: 1.4.1
[2026-07-22T04:19:26.447+0000] {logging_mixin.py:190} INFO - 04:19:26  Installing metaplane/dbt_expectations
[2026-07-22T04:19:27.347+0000] {logging_mixin.py:190} INFO - 04:19:27  Installed from version 0.10.8
[2026-07-22T04:19:27.349+0000] {logging_mixin.py:190} INFO - 04:19:27  Updated version available: 0.10.10
[2026-07-22T04:19:27.351+0000] {logging_mixin.py:190} INFO - 04:19:27  Installing godatadriven/dbt_date
[2026-07-22T04:19:27.964+0000] {logging_mixin.py:190} INFO - 04:19:27  Installed from version 0.15.0
[2026-07-22T04:19:27.967+0000] {logging_mixin.py:190} INFO - 04:19:27  Up to date!
[2026-07-22T04:19:27.970+0000] {logging_mixin.py:190} INFO - 04:19:27
[2026-07-22T04:19:27.972+0000] {logging_mixin.py:190} INFO - 04:19:27  Updates available for packages: ['dbt-labs/dbt_utils', 'metaplane/dbt_expectations']                 
Update your versions in packages.yml, then run dbt deps
[2026-07-22T04:19:30.308+0000] {runner.py:95} INFO - Trying to run dbtRunner with:
 ['run', '--select', 'fqn:consumer_complaints_transformation.staging.stg__consumer_complaints', '--project-dir', '/tmp/tmpu2m6jl6m', '--profiles-dir', '/opt/airflow/dbt_transform', '--profile', 'lakehouse_dbt', '--target', 'dev', '--no-static-parser']
 in /tmp/tmpu2m6jl6m
[2026-07-22T04:19:30.342+0000] {logging_mixin.py:190} INFO - 04:19:30  Running with dbt=1.8.8
[2026-07-22T04:19:30.373+0000] {auth.py:343} INFO - keyring module not found. OAuth2 token will not be stored in keyring.
[2026-07-22T04:19:30.380+0000] {auth.py:343} INFO - keyring module not found. OAuth2 token will not be stored in keyring.
[2026-07-22T04:19:30.507+0000] {logging_mixin.py:190} INFO - 04:19:30  Registered adapter: trino=1.8.5
[2026-07-22T04:19:30.795+0000] {logging_mixin.py:190} INFO - 04:19:30  Unable to do partial parsing because config vars, config profile, or config target have changed
[2026-07-22T04:19:32.409+0000] {logging_mixin.py:190} INFO - 04:19:32  [WARNING]: Deprecated functionality
The `tests` config has been renamed to `data_tests`. Please see
https://docs.getdbt.com/docs/build/data-tests#new-data_tests-syntax for more
information.
[2026-07-22T04:19:33.129+0000] {logging_mixin.py:190} INFO - 04:19:33  Found 8 models, 40 data tests, 1 source, 9 metrics, 839 macros, 5 semantic models
[2026-07-22T04:19:33.133+0000] {logging_mixin.py:190} INFO - 04:19:33
[2026-07-22T04:19:33.158+0000] {logging_mixin.py:190} INFO - 04:19:33  [WARNING]: SSL certificate validation is disabled by default. It is legacy behavior which will be changed in future releases. It is strongly advised to enable `require_certificate_validation` flag or explicitly set `cert` configuration to `True` for security reasons. You may receive an error after that if your SSL setup is incorrect.
You may opt into the new behavior sooner by setting `flags.require_certificate_validation` to `True` in `dbt_project.yml`.
Visit https://docs.getdbt.com/reference/global-configs/behavior-changes for more information.
[2026-07-22T04:19:34.215+0000] {logging_mixin.py:190} INFO - 04:19:34  Concurrency: 1 threads (target='dev')
[2026-07-22T04:19:34.218+0000] {logging_mixin.py:190} INFO - 04:19:34
[2026-07-22T04:19:34.225+0000] {logging_mixin.py:190} INFO - 04:19:34  1 of 1 START sql incremental model silver.stg__consumer_complaints ............. [RUN]
[2026-07-22T04:19:36.978+0000] {logging_mixin.py:190} INFO - 04:19:36  1 of 1 OK created sql incremental model silver.stg__consumer_complaints ........ [CREATE TABLE (31 rows) in 2.75s]
[2026-07-22T04:19:36.983+0000] {logging_mixin.py:190} INFO - 04:19:36
[2026-07-22T04:19:36.984+0000] {logging_mixin.py:190} INFO - 04:19:36  Finished running 1 incremental model in 0 hours 0 minutes and 3.85 seconds (3.85s).
[2026-07-22T04:19:37.026+0000] {logging_mixin.py:190} INFO - 04:19:37
[2026-07-22T04:19:37.029+0000] {logging_mixin.py:190} INFO - 04:19:37  Completed successfully
[2026-07-22T04:19:37.032+0000] {logging_mixin.py:190} INFO - 04:19:37
[2026-07-22T04:19:37.034+0000] {logging_mixin.py:190} INFO - 04:19:37  Done. PASS=1 WARN=0 ERROR=0 SKIP=0 TOTAL=1
[2026-07-22T04:19:38.266+0000] {local.py:196} WARNING - Artifact schema version: https://schemas.getdbt.com/dbt/manifest/v12.json is above dbt-ol supported version 7. This might cause errors.
[2026-07-22T04:19:38.276+0000] {local.py:594} INFO - Inlets: []
[2026-07-22T04:19:38.278+0000] {local.py:595} INFO - Outlets: []
[2026-07-22T04:19:38.280+0000] {local.py:886} INFO - Assigning inlets/outlets with DatasetAlias in Airflow 2
[2026-07-22T04:19:38.331+0000] {taskinstance.py:340} INFO - ::group::Post task execution logs
[2026-07-22T04:19:38.333+0000] {taskinstance.py:352} INFO - Marking task as SUCCESS. dag_id=dbt_silver_gold_incremental, task_id=transform_silver.stg__consumer_complaints.run, run_id=manual__2026-07-22T04:18:58.712602+00:00, execution_date=20260722T041858, start_date=20260722T041910, end_date=20260722T041938
[2026-07-22T04:19:39.293+0000] {_client.py:1026} INFO - HTTP Request: GET https://astronomer.gateway.scarf.sh/astronomer-cosmos/v3/task_instance?cosmos_version=1.15.0&airflow_version=2.10.2&python_version=3.10.15&platform_system=Linux&platform_machine=x86_64&status=success&operator_name=DbtRunLocalOperator&is_cosmos_operator_subclass=False&invocation_mode=dbt_runner&execution_mode=local&profile_strategy=yaml_file&profile_mapping_class=None&database=trino&is_mapped_task=False&dbt_command=run&install_deps=True&has_callback=False&duration=27.669749 "HTTP/1.1 200 OK"
[2026-07-22T04:19:39.318+0000] {local_task_job_runner.py:266} INFO - Task exited with return code 0
[2026-07-22T04:19:39.351+0000] {taskinstance.py:3900} INFO - 0 downstream tasks scheduled from follow-on schedule check
[2026-07-22T04:19:39.355+0000] {local_task_job_runner.py:245} INFO - ::endgroup::
