[2026-07-21T02:02:26.755+0000] {local_task_job_runner.py:123} INFO - ::group::Pre task execution logs
[2026-07-21T02:02:26.777+0000] {taskinstance.py:2612} INFO - Dependencies all met for dep_context=non-requeueable deps ti=<TaskInstance: wap_incremental_cfpb_pipeline.extract_and_upload_company scheduled__2026-07-20T00:00:00+00:00 map_index=0 [queued]>
[2026-07-21T02:02:26.787+0000] {taskinstance.py:2612} INFO - Dependencies all met for dep_context=requeueable deps ti=<TaskInstance: wap_incremental_cfpb_pipeline.extract_and_upload_company scheduled__2026-07-20T00:00:00+00:00 map_index=0 [queued]>
[2026-07-21T02:02:26.790+0000] {taskinstance.py:2865} INFO - Starting attempt 1 of 1
[2026-07-21T02:02:26.802+0000] {taskinstance.py:2888} INFO - Executing <Mapped(_PythonDecoratedOperator): extract_and_upload_company> on 2026-07-20 00:00:00+00:00
[2026-07-21T02:02:26.808+0000] {standard_task_runner.py:72} INFO - Started process 1857 to run task
[2026-07-21T02:02:26.814+0000] {standard_task_runner.py:104} INFO - Running: ['airflow', 'tasks', 'run', 'wap_incremental_cfpb_pipeline', 'extract_and_upload_company', 'scheduled__2026-07-20T00:00:00+00:00', '--job-id', '6', '--raw', '--subdir', 'DAGS_FOLDER/wap_incremental_cfpb_pipeline.py', '--cfg-path', '/tmp/tmpsnjnii7h', '--map-index', '0']
[2026-07-21T02:02:26.819+0000] {standard_task_runner.py:105} INFO - Job 6: Subtask extract_and_upload_company
[2026-07-21T02:02:26.902+0000] {task_command.py:467} INFO - Running <TaskInstance: wap_incremental_cfpb_pipeline.extract_and_upload_company scheduled__2026-07-20T00:00:00+00:00 map_index=0 [running]> on host d9a28099bef6
[2026-07-21T02:02:26.999+0000] {taskinstance.py:3131} INFO - Exporting env vars: AIRFLOW_CTX_DAG_OWNER='airflow' AIRFLOW_CTX_DAG_ID='wap_incremental_cfpb_pipeline' AIRFLOW_CTX_TASK_ID='extract_and_upload_company' AIRFLOW_CTX_EXECUTION_DATE='2026-07-20T00:00:00+00:00' AIRFLOW_CTX_TRY_NUMBER='1' AIRFLOW_CTX_DAG_RUN_ID='scheduled__2026-07-20T00:00:00+00:00'
[2026-07-21T02:02:27.001+0000] {taskinstance.py:731} INFO - ::endgroup::
[2026-07-21T02:02:27.007+0000] {cfpb_api_client.py:487} INFO - 🛡️ Khởi động lưới lọc Rescued Data cho công ty: JPMORGAN CHASE & CO.
[2026-07-21T02:02:27.008+0000] {cfpb_api_client.py:460} INFO - 🏢 Khởi tạo luồng kéo dữ liệu cho công ty: JPMORGAN CHASE & CO.
[2026-07-21T02:02:27.009+0000] {cfpb_api_client.py:389} INFO - 🚀 BẮT ĐẦU: Kéo luồng dữ liệu từ 2026-07-13 đến 2026-07-20
[2026-07-21T02:02:58.169+0000] {cfpb_api_client.py:438} INFO -   ➜ Đã kéo được 26 / 26 records...
[2026-07-21T02:02:58.170+0000] {cfpb_api_client.py:442} INFO - ✅ HOÀN TẤT: Đã lấy toàn bộ 26 khiếu nại có sẵn.
[2026-07-21T02:02:58.172+0000] {minio_loader.py:203} INFO - 📤 Đang upload inc_2026-07-20_jpmorgan_chase_&_co._complaints.json lên s3://lakehouse/landing/consumer_complaints/run_date=2026-07-20/inc_2026-07-20_jpmorgan_chase_&_co._complaints.json
[2026-07-21T02:02:58.174+0000] {crypto.py:82} WARNING - empty cryptography key - values will not be stored encrypted.
[2026-07-21T02:02:58.176+0000] {base.py:84} INFO - Retrieving connection 'minio_default'
[2026-07-21T02:02:58.177+0000] {connection_wrapper.py:388} INFO - AWS Connection (conn_id='minio_default', conn_type='aws') credentials retrieved from login and ***.
[2026-07-21T02:02:58.551+0000] {python.py:240} INFO - Done. Returned value was: 26
[2026-07-21T02:02:58.577+0000] {taskinstance.py:340} INFO - ::group::Post task execution logs
[2026-07-21T02:02:58.579+0000] {taskinstance.py:352} INFO - Marking task as SUCCESS. dag_id=wap_incremental_cfpb_pipeline, task_id=extract_and_upload_company, run_id=scheduled__2026-07-20T00:00:00+00:00, map_index=0, execution_date=20260720T000000, start_date=20260721T020226, end_date=20260721T020258
[2026-07-21T02:02:58.602+0000] {local_task_job_runner.py:266} INFO - Task exited with return code 0
[2026-07-21T02:02:58.627+0000] {taskinstance.py:3900} INFO - 1 downstream tasks scheduled from follow-on schedule check
[2026-07-21T02:02:58.632+0000] {local_task_job_runner.py:245} INFO - ::endgroup::
[2026-07-21T02:16:49.367+0000] {local_task_job_runner.py:123} INFO - ::group::Pre task execution logs
[2026-07-21T02:16:49.400+0000] {taskinstance.py:2612} INFO - Dependencies all met for dep_context=non-requeueable deps ti=<TaskInstance: wap_incremental_cfpb_pipeline.extract_and_upload_company scheduled__2026-07-20T00:00:00+00:00 map_index=0 [queued]>
[2026-07-21T02:16:49.413+0000] {taskinstance.py:2612} INFO - Dependencies all met for dep_context=requeueable deps ti=<TaskInstance: wap_incremental_cfpb_pipeline.extract_and_upload_company scheduled__2026-07-20T00:00:00+00:00 map_index=0 [queued]>
[2026-07-21T02:16:49.415+0000] {taskinstance.py:2865} INFO - Starting attempt 1 of 1
[2026-07-21T02:16:49.431+0000] {taskinstance.py:2888} INFO - Executing <Mapped(_PythonDecoratedOperator): extract_and_upload_company> on 2026-07-20 00:00:00+00:00
[2026-07-21T02:16:49.439+0000] {standard_task_runner.py:72} INFO - Started process 3908 to run task
[2026-07-21T02:16:49.443+0000] {standard_task_runner.py:104} INFO - Running: ['airflow', 'tasks', 'run', 'wap_incremental_cfpb_pipeline', 'extract_and_upload_company', 'scheduled__2026-07-20T00:00:00+00:00', '--job-id', '15', '--raw', '--subdir', 'DAGS_FOLDER/wap_incremental_cfpb_pipeline.py', '--cfg-path', '/tmp/tmprzssnp0s', '--map-index', '0']
[2026-07-21T02:16:49.445+0000] {standard_task_runner.py:105} INFO - Job 15: Subtask extract_and_upload_company
[2026-07-21T02:16:49.538+0000] {task_command.py:467} INFO - Running <TaskInstance: wap_incremental_cfpb_pipeline.extract_and_upload_company scheduled__2026-07-20T00:00:00+00:00 map_index=0 [running]> on host d9a28099bef6
[2026-07-21T02:16:49.659+0000] {taskinstance.py:3131} INFO - Exporting env vars: AIRFLOW_CTX_DAG_OWNER='airflow' AIRFLOW_CTX_DAG_ID='wap_incremental_cfpb_pipeline' AIRFLOW_CTX_TASK_ID='extract_and_upload_company' AIRFLOW_CTX_EXECUTION_DATE='2026-07-20T00:00:00+00:00' AIRFLOW_CTX_TRY_NUMBER='1' AIRFLOW_CTX_DAG_RUN_ID='scheduled__2026-07-20T00:00:00+00:00'
[2026-07-21T02:16:49.661+0000] {taskinstance.py:731} INFO - ::endgroup::
[2026-07-21T02:16:49.668+0000] {cfpb_api_client.py:487} INFO - 🛡️ Khởi động lưới lọc Rescued Data cho công ty: JPMORGAN CHASE & CO.
[2026-07-21T02:16:49.669+0000] {cfpb_api_client.py:460} INFO - 🏢 Khởi tạo luồng kéo dữ liệu cho công ty: JPMORGAN CHASE & CO.
[2026-07-21T02:16:49.671+0000] {cfpb_api_client.py:389} INFO - 🚀 BẮT ĐẦU: Kéo luồng dữ liệu từ 2026-07-13 đến 2026-07-20
[2026-07-21T02:16:49.944+0000] {cfpb_api_client.py:438} INFO -   ➜ Đã kéo được 26 / 26 records...
[2026-07-21T02:16:49.946+0000] {cfpb_api_client.py:442} INFO - ✅ HOÀN TẤT: Đã lấy toàn bộ 26 khiếu nại có sẵn.
[2026-07-21T02:16:49.948+0000] {minio_loader.py:203} INFO - 📤 Đang upload inc_2026-07-20_jpmorgan_chase_&_co._complaints.json lên s3://lakehouse/landing/consumer_complaints/run_date=2026-07-20/inc_2026-07-20_jpmorgan_chase_&_co._complaints.json
[2026-07-21T02:16:49.949+0000] {crypto.py:82} WARNING - empty cryptography key - values will not be stored encrypted.
[2026-07-21T02:16:49.951+0000] {base.py:84} INFO - Retrieving connection 'minio_default'
[2026-07-21T02:16:49.952+0000] {connection_wrapper.py:388} INFO - AWS Connection (conn_id='minio_default', conn_type='aws') credentials retrieved from login and ***.
[2026-07-21T02:16:50.485+0000] {python.py:240} INFO - Done. Returned value was: 26
[2026-07-21T02:16:50.515+0000] {taskinstance.py:340} INFO - ::group::Post task execution logs
[2026-07-21T02:16:50.517+0000] {taskinstance.py:352} INFO - Marking task as SUCCESS. dag_id=wap_incremental_cfpb_pipeline, task_id=extract_and_upload_company, run_id=scheduled__2026-07-20T00:00:00+00:00, map_index=0, execution_date=20260720T000000, start_date=20260721T021649, end_date=20260721T021650
[2026-07-21T02:16:50.544+0000] {local_task_job_runner.py:266} INFO - Task exited with return code 0
[2026-07-21T02:16:50.572+0000] {taskinstance.py:3900} INFO - 1 downstream tasks scheduled from follow-on schedule check
[2026-07-21T02:16:50.575+0000] {local_task_job_runner.py:245} INFO - ::endgroup::
[2026-07-21T02:32:54.812+0000] {local_task_job_runner.py:123} INFO - ::group::Pre task execution logs
[2026-07-21T02:32:54.836+0000] {taskinstance.py:2612} INFO - Dependencies all met for dep_context=non-requeueable deps ti=<TaskInstance: wap_incremental_cfpb_pipeline.extract_and_upload_company scheduled__2026-07-20T00:00:00+00:00 map_index=0 [queued]>
[2026-07-21T02:32:54.848+0000] {taskinstance.py:2612} INFO - Dependencies all met for dep_context=requeueable deps ti=<TaskInstance: wap_incremental_cfpb_pipeline.extract_and_upload_company scheduled__2026-07-20T00:00:00+00:00 map_index=0 [queued]>
[2026-07-21T02:32:54.850+0000] {taskinstance.py:2865} INFO - Starting attempt 1 of 1
[2026-07-21T02:32:54.867+0000] {taskinstance.py:2888} INFO - Executing <Mapped(_PythonDecoratedOperator): extract_and_upload_company> on 2026-07-20 00:00:00+00:00
[2026-07-21T02:32:54.874+0000] {standard_task_runner.py:72} INFO - Started process 971 to run task
[2026-07-21T02:32:54.881+0000] {standard_task_runner.py:104} INFO - Running: ['airflow', 'tasks', 'run', 'wap_incremental_cfpb_pipeline', 'extract_and_upload_company', 'scheduled__2026-07-20T00:00:00+00:00', '--job-id', '6', '--raw', '--subdir', 'DAGS_FOLDER/wap_incremental_cfpb_pipeline.py', '--cfg-path', '/tmp/tmpezl5wgpf', '--map-index', '0']
[2026-07-21T02:32:54.884+0000] {standard_task_runner.py:105} INFO - Job 6: Subtask extract_and_upload_company
[2026-07-21T02:32:54.986+0000] {task_command.py:467} INFO - Running <TaskInstance: wap_incremental_cfpb_pipeline.extract_and_upload_company scheduled__2026-07-20T00:00:00+00:00 map_index=0 [running]> on host 18b5701cc869
[2026-07-21T02:32:55.109+0000] {taskinstance.py:3131} INFO - Exporting env vars: AIRFLOW_CTX_DAG_OWNER='airflow' AIRFLOW_CTX_DAG_ID='wap_incremental_cfpb_pipeline' AIRFLOW_CTX_TASK_ID='extract_and_upload_company' AIRFLOW_CTX_EXECUTION_DATE='2026-07-20T00:00:00+00:00' AIRFLOW_CTX_TRY_NUMBER='1' AIRFLOW_CTX_DAG_RUN_ID='scheduled__2026-07-20T00:00:00+00:00'
[2026-07-21T02:32:55.112+0000] {taskinstance.py:731} INFO - ::endgroup::
[2026-07-21T02:32:55.117+0000] {cfpb_api_client.py:487} INFO - 🛡️ Khởi động lưới lọc Rescued Data cho công ty: JPMORGAN CHASE & CO.
[2026-07-21T02:32:55.119+0000] {cfpb_api_client.py:460} INFO - 🏢 Khởi tạo luồng kéo dữ liệu cho công ty: JPMORGAN CHASE & CO.
[2026-07-21T02:32:55.120+0000] {cfpb_api_client.py:389} INFO - 🚀 BẮT ĐẦU: Kéo luồng dữ liệu từ 2026-07-13 đến 2026-07-20
[2026-07-21T02:32:55.476+0000] {cfpb_api_client.py:438} INFO -   ➜ Đã kéo được 26 / 26 records...
[2026-07-21T02:32:55.478+0000] {cfpb_api_client.py:442} INFO - ✅ HOÀN TẤT: Đã lấy toàn bộ 26 khiếu nại có sẵn.
[2026-07-21T02:32:55.479+0000] {minio_loader.py:203} INFO - 📤 Đang upload inc_2026-07-20_jpmorgan_chase_&_co._complaints.json lên s3://lakehouse/landing/consumer_complaints/run_date=2026-07-20/inc_2026-07-20_jpmorgan_chase_&_co._complaints.json
[2026-07-21T02:32:55.482+0000] {crypto.py:82} WARNING - empty cryptography key - values will not be stored encrypted.
[2026-07-21T02:32:55.484+0000] {base.py:84} INFO - Retrieving connection 'minio_default'
[2026-07-21T02:32:55.485+0000] {connection_wrapper.py:388} INFO - AWS Connection (conn_id='minio_default', conn_type='aws') credentials retrieved from login and ***.
[2026-07-21T02:32:55.912+0000] {python.py:240} INFO - Done. Returned value was: 26
[2026-07-21T02:32:55.950+0000] {taskinstance.py:340} INFO - ::group::Post task execution logs
[2026-07-21T02:32:55.951+0000] {taskinstance.py:352} INFO - Marking task as SUCCESS. dag_id=wap_incremental_cfpb_pipeline, task_id=extract_and_upload_company, run_id=scheduled__2026-07-20T00:00:00+00:00, map_index=0, execution_date=20260720T000000, start_date=20260721T023254, end_date=20260721T023255
[2026-07-21T02:32:55.980+0000] {local_task_job_runner.py:266} INFO - Task exited with return code 0
[2026-07-21T02:32:55.995+0000] {local_task_job_runner.py:245} INFO - ::endgroup::
[2026-07-21T03:31:54.224+0000] {local_task_job_runner.py:123} INFO - ::group::Pre task execution logs
[2026-07-21T03:31:54.250+0000] {taskinstance.py:2612} INFO - Dependencies all met for dep_context=non-requeueable deps ti=<TaskInstance: wap_incremental_cfpb_pipeline.extract_and_upload_company scheduled__2026-07-20T00:00:00+00:00 map_index=0 [queued]>
[2026-07-21T03:31:54.259+0000] {taskinstance.py:2612} INFO - Dependencies all met for dep_context=requeueable deps ti=<TaskInstance: wap_incremental_cfpb_pipeline.extract_and_upload_company scheduled__2026-07-20T00:00:00+00:00 map_index=0 [queued]>
[2026-07-21T03:31:54.260+0000] {taskinstance.py:2865} INFO - Starting attempt 1 of 1
[2026-07-21T03:31:54.275+0000] {taskinstance.py:2888} INFO - Executing <Mapped(_PythonDecoratedOperator): extract_and_upload_company> on 2026-07-20 00:00:00+00:00
[2026-07-21T03:31:54.281+0000] {standard_task_runner.py:72} INFO - Started process 1128 to run task
[2026-07-21T03:31:54.286+0000] {standard_task_runner.py:104} INFO - Running: ['airflow', 'tasks', 'run', 'wap_incremental_cfpb_pipeline', 'extract_and_upload_company', 'scheduled__2026-07-20T00:00:00+00:00', '--job-id', '7', '--raw', '--subdir', 'DAGS_FOLDER/wap_incremental_cfpb_pipeline.py', '--cfg-path', '/tmp/tmpo6ojnf9c', '--map-index', '0']
[2026-07-21T03:31:54.288+0000] {standard_task_runner.py:105} INFO - Job 7: Subtask extract_and_upload_company
[2026-07-21T03:31:54.378+0000] {task_command.py:467} INFO - Running <TaskInstance: wap_incremental_cfpb_pipeline.extract_and_upload_company scheduled__2026-07-20T00:00:00+00:00 map_index=0 [running]> on host ea33bf3a5570
[2026-07-21T03:31:54.490+0000] {taskinstance.py:3131} INFO - Exporting env vars: AIRFLOW_CTX_DAG_OWNER='airflow' AIRFLOW_CTX_DAG_ID='wap_incremental_cfpb_pipeline' AIRFLOW_CTX_TASK_ID='extract_and_upload_company' AIRFLOW_CTX_EXECUTION_DATE='2026-07-20T00:00:00+00:00' AIRFLOW_CTX_TRY_NUMBER='1' AIRFLOW_CTX_DAG_RUN_ID='scheduled__2026-07-20T00:00:00+00:00'
[2026-07-21T03:31:54.493+0000] {taskinstance.py:731} INFO - ::endgroup::
[2026-07-21T03:31:54.500+0000] {cfpb_api_client.py:487} INFO - 🛡️ Khởi động lưới lọc Rescued Data cho công ty: JPMORGAN CHASE & CO.
[2026-07-21T03:31:54.502+0000] {cfpb_api_client.py:460} INFO - 🏢 Khởi tạo luồng kéo dữ liệu cho công ty: JPMORGAN CHASE & CO.
[2026-07-21T03:31:54.503+0000] {cfpb_api_client.py:389} INFO - 🚀 BẮT ĐẦU: Kéo luồng dữ liệu từ 2026-07-13 đến 2026-07-20
[2026-07-21T03:31:54.867+0000] {cfpb_api_client.py:438} INFO -   ➜ Đã kéo được 26 / 26 records...
[2026-07-21T03:31:54.870+0000] {cfpb_api_client.py:442} INFO - ✅ HOÀN TẤT: Đã lấy toàn bộ 26 khiếu nại có sẵn.
[2026-07-21T03:31:54.871+0000] {minio_loader.py:203} INFO - 📤 Đang upload inc_2026-07-20_jpmorgan_chase_&_co._complaints.json lên s3://lakehouse/landing/consumer_complaints/run_date=2026-07-20/inc_2026-07-20_jpmorgan_chase_&_co._complaints.json
[2026-07-21T03:31:54.873+0000] {crypto.py:82} WARNING - empty cryptography key - values will not be stored encrypted.
[2026-07-21T03:31:54.876+0000] {base.py:84} INFO - Retrieving connection 'minio_default'
[2026-07-21T03:31:54.878+0000] {connection_wrapper.py:388} INFO - AWS Connection (conn_id='minio_default', conn_type='aws') credentials retrieved from login and ***.
[2026-07-21T03:31:55.323+0000] {python.py:240} INFO - Done. Returned value was: 26
[2026-07-21T03:31:55.356+0000] {taskinstance.py:340} INFO - ::group::Post task execution logs
[2026-07-21T03:31:55.358+0000] {taskinstance.py:352} INFO - Marking task as SUCCESS. dag_id=wap_incremental_cfpb_pipeline, task_id=extract_and_upload_company, run_id=scheduled__2026-07-20T00:00:00+00:00, map_index=0, execution_date=20260720T000000, start_date=20260721T033154, end_date=20260721T033155
[2026-07-21T03:31:55.387+0000] {local_task_job_runner.py:266} INFO - Task exited with return code 0
[2026-07-21T03:31:55.404+0000] {local_task_job_runner.py:245} INFO - ::endgroup::
[2026-07-21T04:35:03.909+0000] {local_task_job_runner.py:123} INFO - ::group::Pre task execution logs
[2026-07-21T04:35:03.936+0000] {taskinstance.py:2612} INFO - Dependencies all met for dep_context=non-requeueable deps ti=<TaskInstance: wap_incremental_cfpb_pipeline.extract_and_upload_company scheduled__2026-07-20T00:00:00+00:00 map_index=0 [queued]>
[2026-07-21T04:35:03.948+0000] {taskinstance.py:2612} INFO - Dependencies all met for dep_context=requeueable deps ti=<TaskInstance: wap_incremental_cfpb_pipeline.extract_and_upload_company scheduled__2026-07-20T00:00:00+00:00 map_index=0 [queued]>
[2026-07-21T04:35:03.950+0000] {taskinstance.py:2865} INFO - Starting attempt 1 of 1
[2026-07-21T04:35:03.964+0000] {taskinstance.py:2888} INFO - Executing <Mapped(_PythonDecoratedOperator): extract_and_upload_company> on 2026-07-20 00:00:00+00:00
[2026-07-21T04:35:03.970+0000] {standard_task_runner.py:72} INFO - Started process 899 to run task
[2026-07-21T04:35:03.976+0000] {standard_task_runner.py:104} INFO - Running: ['airflow', 'tasks', 'run', 'wap_incremental_cfpb_pipeline', 'extract_and_upload_company', 'scheduled__2026-07-20T00:00:00+00:00', '--job-id', '6', '--raw', '--subdir', 'DAGS_FOLDER/wap_incremental_cfpb_pipeline.py', '--cfg-path', '/tmp/tmp31cixyzw', '--map-index', '0']
[2026-07-21T04:35:03.978+0000] {standard_task_runner.py:105} INFO - Job 6: Subtask extract_and_upload_company
[2026-07-21T04:35:04.093+0000] {task_command.py:467} INFO - Running <TaskInstance: wap_incremental_cfpb_pipeline.extract_and_upload_company scheduled__2026-07-20T00:00:00+00:00 map_index=0 [running]> on host f323e2c81486
[2026-07-21T04:35:04.243+0000] {taskinstance.py:3131} INFO - Exporting env vars: AIRFLOW_CTX_DAG_OWNER='airflow' AIRFLOW_CTX_DAG_ID='wap_incremental_cfpb_pipeline' AIRFLOW_CTX_TASK_ID='extract_and_upload_company' AIRFLOW_CTX_EXECUTION_DATE='2026-07-20T00:00:00+00:00' AIRFLOW_CTX_TRY_NUMBER='1' AIRFLOW_CTX_DAG_RUN_ID='scheduled__2026-07-20T00:00:00+00:00'
[2026-07-21T04:35:04.248+0000] {taskinstance.py:731} INFO - ::endgroup::
[2026-07-21T04:35:04.254+0000] {cfpb_api_client.py:487} INFO - 🛡️ Khởi động lưới lọc Rescued Data cho công ty: JPMORGAN CHASE & CO.
[2026-07-21T04:35:04.256+0000] {cfpb_api_client.py:460} INFO - 🏢 Khởi tạo luồng kéo dữ liệu cho công ty: JPMORGAN CHASE & CO.
[2026-07-21T04:35:04.257+0000] {cfpb_api_client.py:389} INFO - 🚀 BẮT ĐẦU: Kéo luồng dữ liệu từ 2026-07-13 đến 2026-07-20
[2026-07-21T04:35:04.619+0000] {cfpb_api_client.py:438} INFO -   ➜ Đã kéo được 26 / 26 records...
[2026-07-21T04:35:04.620+0000] {cfpb_api_client.py:442} INFO - ✅ HOÀN TẤT: Đã lấy toàn bộ 26 khiếu nại có sẵn.
[2026-07-21T04:35:04.622+0000] {minio_loader.py:203} INFO - 📤 Đang upload inc_2026-07-20_jpmorgan_chase_&_co._complaints.json lên s3://lakehouse/landing/consumer_complaints/run_date=2026-07-20/inc_2026-07-20_jpmorgan_chase_&_co._complaints.json
[2026-07-21T04:35:04.623+0000] {crypto.py:82} WARNING - empty cryptography key - values will not be stored encrypted.
[2026-07-21T04:35:04.625+0000] {base.py:84} INFO - Retrieving connection 'minio_default'
[2026-07-21T04:35:04.627+0000] {connection_wrapper.py:388} INFO - AWS Connection (conn_id='minio_default', conn_type='aws') credentials retrieved from login and ***.
[2026-07-21T04:35:05.053+0000] {python.py:240} INFO - Done. Returned value was: 26
[2026-07-21T04:35:05.084+0000] {taskinstance.py:340} INFO - ::group::Post task execution logs
[2026-07-21T04:35:05.085+0000] {taskinstance.py:352} INFO - Marking task as SUCCESS. dag_id=wap_incremental_cfpb_pipeline, task_id=extract_and_upload_company, run_id=scheduled__2026-07-20T00:00:00+00:00, map_index=0, execution_date=20260720T000000, start_date=20260721T043503, end_date=20260721T043505
[2026-07-21T04:35:05.114+0000] {local_task_job_runner.py:266} INFO - Task exited with return code 0
[2026-07-21T04:35:05.181+0000] {taskinstance.py:3900} INFO - 1 downstream tasks scheduled from follow-on schedule check
[2026-07-21T04:35:05.187+0000] {local_task_job_runner.py:245} INFO - ::endgroup::
[2026-07-21T07:20:23.430+0000] {local_task_job_runner.py:123} INFO - ::group::Pre task execution logs
[2026-07-21T07:20:23.455+0000] {taskinstance.py:2612} INFO - Dependencies all met for dep_context=non-requeueable deps ti=<TaskInstance: wap_incremental_cfpb_pipeline.extract_and_upload_company scheduled__2026-07-20T00:00:00+00:00 map_index=0 [queued]>
[2026-07-21T07:20:23.470+0000] {taskinstance.py:2612} INFO - Dependencies all met for dep_context=requeueable deps ti=<TaskInstance: wap_incremental_cfpb_pipeline.extract_and_upload_company scheduled__2026-07-20T00:00:00+00:00 map_index=0 [queued]>
[2026-07-21T07:20:23.472+0000] {taskinstance.py:2865} INFO - Starting attempt 1 of 1
[2026-07-21T07:20:23.486+0000] {taskinstance.py:2888} INFO - Executing <Mapped(_PythonDecoratedOperator): extract_and_upload_company> on 2026-07-20 00:00:00+00:00
[2026-07-21T07:20:23.493+0000] {standard_task_runner.py:72} INFO - Started process 781 to run task
[2026-07-21T07:20:23.497+0000] {standard_task_runner.py:104} INFO - Running: ['airflow', 'tasks', 'run', 'wap_incremental_cfpb_pipeline', 'extract_and_upload_company', 'scheduled__2026-07-20T00:00:00+00:00', '--job-id', '7', '--raw', '--subdir', 'DAGS_FOLDER/wap_incremental_cfpb_pipeline.py', '--cfg-path', '/tmp/tmp0s6blbr4', '--map-index', '0']
[2026-07-21T07:20:23.501+0000] {standard_task_runner.py:105} INFO - Job 7: Subtask extract_and_upload_company
[2026-07-21T07:20:23.599+0000] {task_command.py:467} INFO - Running <TaskInstance: wap_incremental_cfpb_pipeline.extract_and_upload_company scheduled__2026-07-20T00:00:00+00:00 map_index=0 [running]> on host d9d01f23f376
[2026-07-21T07:20:23.716+0000] {taskinstance.py:3131} INFO - Exporting env vars: AIRFLOW_CTX_DAG_OWNER='airflow' AIRFLOW_CTX_DAG_ID='wap_incremental_cfpb_pipeline' AIRFLOW_CTX_TASK_ID='extract_and_upload_company' AIRFLOW_CTX_EXECUTION_DATE='2026-07-20T00:00:00+00:00' AIRFLOW_CTX_TRY_NUMBER='1' AIRFLOW_CTX_DAG_RUN_ID='scheduled__2026-07-20T00:00:00+00:00'
[2026-07-21T07:20:23.719+0000] {taskinstance.py:731} INFO - ::endgroup::
[2026-07-21T07:20:23.727+0000] {cfpb_api_client.py:487} INFO - 🛡️ Khởi động lưới lọc Rescued Data cho công ty: JPMORGAN CHASE & CO.
[2026-07-21T07:20:23.729+0000] {cfpb_api_client.py:460} INFO - 🏢 Khởi tạo luồng kéo dữ liệu cho công ty: JPMORGAN CHASE & CO.
[2026-07-21T07:20:23.730+0000] {cfpb_api_client.py:389} INFO - 🚀 BẮT ĐẦU: Kéo luồng dữ liệu từ 2026-07-13 đến 2026-07-20
[2026-07-21T07:20:24.039+0000] {cfpb_api_client.py:438} INFO -   ➜ Đã kéo được 26 / 26 records...
[2026-07-21T07:20:24.040+0000] {cfpb_api_client.py:442} INFO - ✅ HOÀN TẤT: Đã lấy toàn bộ 26 khiếu nại có sẵn.
[2026-07-21T07:20:24.042+0000] {minio_loader.py:203} INFO - 📤 Đang upload inc_2026-07-20_jpmorgan_chase_&_co._complaints.json lên s3://lakehouse/landing/consumer_complaints/run_date=2026-07-20/inc_2026-07-20_jpmorgan_chase_&_co._complaints.json
[2026-07-21T07:20:24.044+0000] {crypto.py:82} WARNING - empty cryptography key - values will not be stored encrypted.
[2026-07-21T07:20:24.046+0000] {base.py:84} INFO - Retrieving connection 'minio_default'
[2026-07-21T07:20:24.048+0000] {connection_wrapper.py:388} INFO - AWS Connection (conn_id='minio_default', conn_type='aws') credentials retrieved from login and ***.
[2026-07-21T07:20:24.592+0000] {python.py:240} INFO - Done. Returned value was: 26
[2026-07-21T07:20:24.627+0000] {taskinstance.py:340} INFO - ::group::Post task execution logs
[2026-07-21T07:20:24.629+0000] {taskinstance.py:352} INFO - Marking task as SUCCESS. dag_id=wap_incremental_cfpb_pipeline, task_id=extract_and_upload_company, run_id=scheduled__2026-07-20T00:00:00+00:00, map_index=0, execution_date=20260720T000000, start_date=20260721T072023, end_date=20260721T072024
[2026-07-21T07:20:24.679+0000] {local_task_job_runner.py:266} INFO - Task exited with return code 0
[2026-07-21T07:20:24.700+0000] {local_task_job_runner.py:245} INFO - ::endgroup::
