[2026-07-26T03:34:44.725+0000] {local_task_job_runner.py:123} INFO - ::group::Pre task execution logs
[2026-07-26T03:34:44.783+0000] {taskinstance.py:2612} INFO - Dependencies all met for dep_context=non-requeueable deps ti=<TaskInstance: dbt_silver_gold_incremental.transform_gold.dim_products.run manual__2026-07-26T03:32:52.021215+00:00 [queued]>
[2026-07-26T03:34:44.827+0000] {taskinstance.py:2612} INFO - Dependencies all met for dep_context=requeueable deps ti=<TaskInstance: dbt_silver_gold_incremental.transform_gold.dim_products.run manual__2026-07-26T03:32:52.021215+00:00 [queued]>
[2026-07-26T03:34:44.829+0000] {taskinstance.py:2865} INFO - Starting attempt 1 of 2
[2026-07-26T03:34:44.879+0000] {taskinstance.py:2888} INFO - Executing <Task(DbtRunLocalOperator): transform_gold.dim_products.run> on 2026-07-26 03:32:52.021215+00:00
[2026-07-26T03:34:44.891+0000] {standard_task_runner.py:72} INFO - Started process 3294 to run task
[2026-07-26T03:34:44.898+0000] {standard_task_runner.py:104} INFO - Running: ['airflow', 'tasks', 'run', 'dbt_silver_gold_incremental', 'transform_gold.dim_products.run', 'manual__2026-07-26T03:32:52.021215+00:00', '--job-id', '22', '--raw', '--subdir', 'DAGS_FOLDER/dbt_silver_gold.py', '--cfg-path', '/tmp/tmppiamcygq']
[2026-07-26T03:34:44.903+0000] {standard_task_runner.py:105} INFO - Job 22: Subtask transform_gold.dim_products.run
[2026-07-26T03:34:45.019+0000] {task_command.py:467} INFO - Running <TaskInstance: dbt_silver_gold_incremental.transform_gold.dim_products.run manual__2026-07-26T03:32:52.021215+00:00 [running]> on host d8495756e740
[2026-07-26T03:34:45.240+0000] {taskinstance.py:3131} INFO - Exporting env vars: AIRFLOW_CTX_DAG_OWNER='data_engineer' AIRFLOW_CTX_DAG_ID='dbt_silver_gold_incremental' AIRFLOW_CTX_TASK_ID='transform_gold.dim_products.run' AIRFLOW_CTX_EXECUTION_DATE='2026-07-26T03:32:52.021215+00:00' AIRFLOW_CTX_TRY_NUMBER='1' AIRFLOW_CTX_DAG_RUN_ID='manual__2026-07-26T03:32:52.021215+00:00'
[2026-07-26T03:34:45.245+0000] {taskinstance.py:731} INFO - ::endgroup::
[2026-07-26T03:34:48.930+0000] {local.py:294} INFO - dbtRunner is available. Using dbtRunner for invoking dbt.
[2026-07-26T03:34:48.935+0000] {local.py:518} INFO - Cloning project to writable temp directory /tmp/tmptsxla4q9 from /opt/airflow/dbt_transform
[2026-07-26T03:34:48.961+0000] {local.py:538} INFO - Partial parse is enabled and the latest partial parse file is /tmp/cosmos/dbt_silver_gold_incremental__transform_gold/target/partial_parse.msgpack
[2026-07-26T03:34:49.008+0000] {config.py:395} INFO - Using user-supplied profiles.yml at /opt/airflow/dbt_transform/profiles.yml
[2026-07-26T03:34:49.034+0000] {runner.py:95} INFO - Trying to run dbtRunner with:
 ['deps', '--project-dir', '/tmp/tmptsxla4q9', '--profiles-dir', '/opt/airflow/dbt_transform', '--profile', 'lakehouse_dbt', '--target', 'dev', '--no-static-parser']
 in /tmp/tmptsxla4q9
[2026-07-26T03:34:49.170+0000] {logging_mixin.py:190} INFO - 03:34:49  Running with dbt=1.8.8
[2026-07-26T03:34:49.552+0000] {converter.py:314} INFO - ::group::Cosmos DAG parsing logs
[2026-07-26T03:34:49.559+0000] {graph.py:869} INFO - Trying to parse the dbt project using dbt ls cache cosmos_cache__dbt_silver_gold_incremental__transform_silver...
[2026-07-26T03:34:54.014+0000] {cache.py:383} INFO - Cosmos performance: time to calculate cache identifier cosmos_cache__dbt_silver_gold_incremental__transform_silver for current version: 4.43600797199997
[2026-07-26T03:34:54.015+0000] {graph.py:886} INFO - Cosmos performance [d8495756e740|3294]: The cache size for cosmos_cache__dbt_silver_gold_incremental__transform_silver is 6096
[2026-07-26T03:34:54.017+0000] {graph.py:898} INFO - Cosmos performance: Cache hit for cosmos_cache__dbt_silver_gold_incremental__transform_silver - 1312326bbaf571936547d6e8be6e7803,5e34606eb5f2b3dea81a8e19fa3ba138
[2026-07-26T03:34:54.019+0000] {graph.py:799} INFO - Total nodes: 7
[2026-07-26T03:34:54.020+0000] {graph.py:800} INFO - Total filtered nodes: 7
[2026-07-26T03:34:54.022+0000] {converter.py:361} INFO - Cosmos performance (dbt_silver_gold_incremental__transform_silver) - [d8495756e740|3294]: It took 4.46s to parse the dbt project for DAG using dbt_ls_cache
[2026-07-26T03:34:54.039+0000] {converter.py:413} INFO - Cosmos performance (dbt_silver_gold_incremental__transform_silver) - [d8495756e740|3294]: It took 0.017s to build the Airflow DAG.
[2026-07-26T03:34:54.041+0000] {converter.py:420} INFO - ::endgroup::Cosmos DAG parsing logs
[2026-07-26T03:34:54.042+0000] {converter.py:314} INFO - ::group::Cosmos DAG parsing logs
[2026-07-26T03:34:54.047+0000] {graph.py:869} INFO - Trying to parse the dbt project using dbt ls cache cosmos_cache__dbt_silver_gold_incremental__transform_gold...
[2026-07-26T03:34:56.469+0000] {cache.py:383} INFO - Cosmos performance: time to calculate cache identifier cosmos_cache__dbt_silver_gold_incremental__transform_gold for current version: 2.410204605999752
[2026-07-26T03:34:56.470+0000] {graph.py:886} INFO - Cosmos performance [d8495756e740|3294]: The cache size for cosmos_cache__dbt_silver_gold_incremental__transform_gold is 35980
[2026-07-26T03:34:56.474+0000] {graph.py:898} INFO - Cosmos performance: Cache hit for cosmos_cache__dbt_silver_gold_incremental__transform_gold - 1312326bbaf571936547d6e8be6e7803,304321e940a9403dceb380589bd0566f
[2026-07-26T03:34:56.476+0000] {graph.py:799} INFO - Total nodes: 39
[2026-07-26T03:34:56.478+0000] {graph.py:800} INFO - Total filtered nodes: 39
[2026-07-26T03:34:56.480+0000] {converter.py:361} INFO - Cosmos performance (dbt_silver_gold_incremental__transform_gold) - [d8495756e740|3294]: It took 2.43s to parse the dbt project for DAG using dbt_ls_cache
[2026-07-26T03:34:56.513+0000] {converter.py:413} INFO - Cosmos performance (dbt_silver_gold_incremental__transform_gold) - [d8495756e740|3294]: It took 0.0333s to build the Airflow DAG.
[2026-07-26T03:34:56.515+0000] {converter.py:420} INFO - ::endgroup::Cosmos DAG parsing logs
[2026-07-26T03:34:56.517+0000] {converter.py:314} INFO - ::group::Cosmos DAG parsing logs
[2026-07-26T03:34:56.520+0000] {graph.py:869} INFO - Trying to parse the dbt project using dbt ls cache cosmos_cache__dbt_silver_gold_full_load__transform_silver...
[2026-07-26T03:35:00.201+0000] {cache.py:383} INFO - Cosmos performance: time to calculate cache identifier cosmos_cache__dbt_silver_gold_full_load__transform_silver for current version: 3.666250467000282
[2026-07-26T03:35:00.203+0000] {graph.py:886} INFO - Cosmos performance [d8495756e740|3294]: The cache size for cosmos_cache__dbt_silver_gold_full_load__transform_silver is 6096
[2026-07-26T03:35:00.204+0000] {graph.py:898} INFO - Cosmos performance: Cache hit for cosmos_cache__dbt_silver_gold_full_load__transform_silver - 1312326bbaf571936547d6e8be6e7803,5e34606eb5f2b3dea81a8e19fa3ba138
[2026-07-26T03:35:00.206+0000] {graph.py:799} INFO - Total nodes: 7
[2026-07-26T03:35:00.207+0000] {graph.py:800} INFO - Total filtered nodes: 7
[2026-07-26T03:35:00.209+0000] {converter.py:361} INFO - Cosmos performance (dbt_silver_gold_full_load__transform_silver) - [d8495756e740|3294]: It took 3.69s to parse the dbt project for DAG using dbt_ls_cache
[2026-07-26T03:35:00.223+0000] {converter.py:413} INFO - Cosmos performance (dbt_silver_gold_full_load__transform_silver) - [d8495756e740|3294]: It took 0.0144s to build the Airflow DAG.
[2026-07-26T03:35:00.225+0000] {converter.py:420} INFO - ::endgroup::Cosmos DAG parsing logs
[2026-07-26T03:35:00.226+0000] {converter.py:314} INFO - ::group::Cosmos DAG parsing logs
[2026-07-26T03:35:00.231+0000] {graph.py:869} INFO - Trying to parse the dbt project using dbt ls cache cosmos_cache__dbt_silver_gold_full_load__transform_gold...
[2026-07-26T03:35:04.564+0000] {cache.py:383} INFO - Cosmos performance: time to calculate cache identifier cosmos_cache__dbt_silver_gold_full_load__transform_gold for current version: 4.314563599999929
[2026-07-26T03:35:04.566+0000] {graph.py:886} INFO - Cosmos performance [d8495756e740|3294]: The cache size for cosmos_cache__dbt_silver_gold_full_load__transform_gold is 35980
[2026-07-26T03:35:04.573+0000] {graph.py:898} INFO - Cosmos performance: Cache hit for cosmos_cache__dbt_silver_gold_full_load__transform_gold - 1312326bbaf571936547d6e8be6e7803,304321e940a9403dceb380589bd0566f
[2026-07-26T03:35:04.575+0000] {graph.py:799} INFO - Total nodes: 39
[2026-07-26T03:35:04.577+0000] {graph.py:800} INFO - Total filtered nodes: 39
[2026-07-26T03:35:04.579+0000] {converter.py:361} INFO - Cosmos performance (dbt_silver_gold_full_load__transform_gold) - [d8495756e740|3294]: It took 4.35s to parse the dbt project for DAG using dbt_ls_cache
[2026-07-26T03:35:04.655+0000] {converter.py:413} INFO - Cosmos performance (dbt_silver_gold_full_load__transform_gold) - [d8495756e740|3294]: It took 0.0764s to build the Airflow DAG.
[2026-07-26T03:35:04.659+0000] {converter.py:420} INFO - ::endgroup::Cosmos DAG parsing logs
[2026-07-26T03:35:05.473+0000] {logging_mixin.py:190} INFO - 03:35:05  Installing dbt-labs/dbt_utils
[2026-07-26T03:35:06.289+0000] {logging_mixin.py:190} INFO - 03:35:06  Installed from version 1.3.0
[2026-07-26T03:35:06.294+0000] {logging_mixin.py:190} INFO - 03:35:06  Updated version available: 1.4.1
[2026-07-26T03:35:06.301+0000] {logging_mixin.py:190} INFO - 03:35:06  Installing metaplane/dbt_expectations
[2026-07-26T03:35:07.860+0000] {logging_mixin.py:190} INFO - 03:35:07  Installed from version 0.10.8
[2026-07-26T03:35:07.863+0000] {logging_mixin.py:190} INFO - 03:35:07  Updated version available: 0.10.10
[2026-07-26T03:35:07.867+0000] {logging_mixin.py:190} INFO - 03:35:07  Installing godatadriven/dbt_date
[2026-07-26T03:35:08.881+0000] {logging_mixin.py:190} INFO - 03:35:08  Installed from version 0.15.0
[2026-07-26T03:35:08.892+0000] {logging_mixin.py:190} INFO - 03:35:08  Up to date!
[2026-07-26T03:35:08.904+0000] {logging_mixin.py:190} INFO - 03:35:08
[2026-07-26T03:35:08.908+0000] {logging_mixin.py:190} INFO - 03:35:08  Updates available for packages: ['dbt-labs/dbt_utils', 'metaplane/dbt_expectations']                 
Update your versions in packages.yml, then run dbt deps
[2026-07-26T03:35:10.173+0000] {runner.py:95} INFO - Trying to run dbtRunner with:
 ['run', '--select', 'fqn:consumer_complaints_transformation.marts.dim_products', '--project-dir', '/tmp/tmptsxla4q9', '--profiles-dir', '/opt/airflow/dbt_transform', '--profile', 'lakehouse_dbt', '--target', 'dev', '--no-static-parser']
 in /tmp/tmptsxla4q9
[2026-07-26T03:35:10.270+0000] {logging_mixin.py:190} INFO - 03:35:10  Running with dbt=1.8.8
[2026-07-26T03:35:10.342+0000] {auth.py:343} INFO - keyring module not found. OAuth2 token will not be stored in keyring.
[2026-07-26T03:35:10.352+0000] {auth.py:343} INFO - keyring module not found. OAuth2 token will not be stored in keyring.
[2026-07-26T03:35:10.725+0000] {logging_mixin.py:190} INFO - 03:35:10  Registered adapter: trino=1.8.5
[2026-07-26T03:35:11.611+0000] {logging_mixin.py:190} INFO - 03:35:11  Unable to do partial parsing because config vars, config profile, or config target have changed
[2026-07-26T03:35:14.310+0000] {logging_mixin.py:190} INFO - 03:35:14  [WARNING]: Deprecated functionality
The `tests` config has been renamed to `data_tests`. Please see
https://docs.getdbt.com/docs/build/data-tests#new-data_tests-syntax for more
information.
[2026-07-26T03:35:15.359+0000] {logging_mixin.py:190} INFO - 03:35:15  Found 8 models, 40 data tests, 1 source, 9 metrics, 839 macros, 5 semantic models
[2026-07-26T03:35:15.363+0000] {logging_mixin.py:190} INFO - 03:35:15
[2026-07-26T03:35:15.393+0000] {logging_mixin.py:190} INFO - 03:35:15  [WARNING]: SSL certificate validation is disabled by default. It is legacy behavior which will be changed in future releases. It is strongly advised to enable `require_certificate_validation` flag or explicitly set `cert` configuration to `True` for security reasons. You may receive an error after that if your SSL setup is incorrect.
You may opt into the new behavior sooner by setting `flags.require_certificate_validation` to `True` in `dbt_project.yml`.
Visit https://docs.getdbt.com/reference/global-configs/behavior-changes for more information.
[2026-07-26T03:35:15.926+0000] {logging_mixin.py:190} INFO - 03:35:15  Concurrency: 1 threads (target='dev')
[2026-07-26T03:35:15.929+0000] {logging_mixin.py:190} INFO - 03:35:15
[2026-07-26T03:35:15.937+0000] {logging_mixin.py:190} INFO - 03:35:15  1 of 1 START sql incremental model gold.dim_products ........................... [RUN]
[2026-07-26T03:35:16.643+0000] {logging_mixin.py:190} INFO - 03:35:16  1 of 1 OK created sql incremental model gold.dim_products ...................... [CREATE TABLE (10 rows) in 0.70s]
[2026-07-26T03:35:16.651+0000] {logging_mixin.py:190} INFO - 03:35:16
[2026-07-26T03:35:16.654+0000] {logging_mixin.py:190} INFO - 03:35:16  Finished running 1 incremental model in 0 hours 0 minutes and 1.28 seconds (1.28s).
[2026-07-26T03:35:16.736+0000] {logging_mixin.py:190} INFO - 03:35:16
[2026-07-26T03:35:16.739+0000] {logging_mixin.py:190} INFO - 03:35:16  Completed successfully
[2026-07-26T03:35:16.742+0000] {logging_mixin.py:190} INFO - 03:35:16
[2026-07-26T03:35:16.743+0000] {logging_mixin.py:190} INFO - 03:35:16  Done. PASS=1 WARN=0 ERROR=0 SKIP=0 TOTAL=1
[2026-07-26T03:35:17.924+0000] {local.py:196} WARNING - Artifact schema version: https://schemas.getdbt.com/dbt/manifest/v12.json is above dbt-ol supported version 7. This might cause errors.
[2026-07-26T03:35:17.934+0000] {local.py:594} INFO - Inlets: []
[2026-07-26T03:35:17.936+0000] {local.py:595} INFO - Outlets: []
[2026-07-26T03:35:17.938+0000] {local.py:886} INFO - Assigning inlets/outlets with DatasetAlias in Airflow 2
[2026-07-26T03:35:18.004+0000] {taskinstance.py:340} INFO - ::group::Post task execution logs
[2026-07-26T03:35:18.006+0000] {taskinstance.py:352} INFO - Marking task as SUCCESS. dag_id=dbt_silver_gold_incremental, task_id=transform_gold.dim_products.run, run_id=manual__2026-07-26T03:32:52.021215+00:00, execution_date=20260726T033252, start_date=20260726T033444, end_date=20260726T033518
[2026-07-26T03:35:18.860+0000] {_client.py:1026} INFO - HTTP Request: GET https://astronomer.gateway.scarf.sh/astronomer-cosmos/v3/task_instance?cosmos_version=1.15.0&airflow_version=2.10.2&python_version=3.10.15&platform_system=Linux&platform_machine=x86_64&status=success&operator_name=DbtRunLocalOperator&is_cosmos_operator_subclass=False&invocation_mode=dbt_runner&execution_mode=local&profile_strategy=yaml_file&profile_mapping_class=None&database=trino&is_mapped_task=False&dbt_command=run&install_deps=True&has_callback=False&duration=33.216087 "HTTP/1.1 200 OK"
[2026-07-26T03:35:18.900+0000] {local_task_job_runner.py:266} INFO - Task exited with return code 0
[2026-07-26T03:35:18.933+0000] {taskinstance.py:3900} INFO - 0 downstream tasks scheduled from follow-on schedule check
[2026-07-26T03:35:18.936+0000] {local_task_job_runner.py:245} INFO - ::endgroup::
