[2026-08-14T23:54:24.850+0000] {local_task_job_runner.py:123} INFO - ::group::Pre task execution logs
[2026-08-14T23:54:24.892+0000] {taskinstance.py:2612} INFO - Dependencies all met for dep_context=non-requeueable deps ti=<TaskInstance: dbt_gold_full_load.transform_gold.dim_date.run manual__2026-08-14T23:54:16.695466+00:00 [queued]>
[2026-08-14T23:54:24.923+0000] {taskinstance.py:2612} INFO - Dependencies all met for dep_context=requeueable deps ti=<TaskInstance: dbt_gold_full_load.transform_gold.dim_date.run manual__2026-08-14T23:54:16.695466+00:00 [queued]>
[2026-08-14T23:54:24.925+0000] {taskinstance.py:2865} INFO - Starting attempt 1 of 2
[2026-08-14T23:54:24.953+0000] {taskinstance.py:2888} INFO - Executing <Task(DbtRunLocalOperator): transform_gold.dim_date.run> on 2026-08-14 23:54:16.695466+00:00
[2026-08-14T23:54:24.960+0000] {standard_task_runner.py:72} INFO - Started process 1426 to run task
[2026-08-14T23:54:24.978+0000] {standard_task_runner.py:104} INFO - Running: ['airflow', 'tasks', 'run', 'dbt_gold_full_load', 'transform_gold.dim_date.run', 'manual__2026-08-14T23:54:16.695466+00:00', '--job-id', '263', '--raw', '--subdir', 'DAGS_FOLDER/dbt_gold.py', '--cfg-path', '/tmp/tmpwulwnrge']
[2026-08-14T23:54:24.988+0000] {standard_task_runner.py:105} INFO - Job 263: Subtask transform_gold.dim_date.run
[2026-08-14T23:54:25.120+0000] {task_command.py:467} INFO - Running <TaskInstance: dbt_gold_full_load.transform_gold.dim_date.run manual__2026-08-14T23:54:16.695466+00:00 [running]> on host db5bd3c0d606
[2026-08-14T23:54:25.281+0000] {taskinstance.py:3131} INFO - Exporting env vars: AIRFLOW_CTX_DAG_OWNER='data_engineer' AIRFLOW_CTX_DAG_ID='dbt_gold_full_load' AIRFLOW_CTX_TASK_ID='transform_gold.dim_date.run' AIRFLOW_CTX_EXECUTION_DATE='2026-08-14T23:54:16.695466+00:00' AIRFLOW_CTX_TRY_NUMBER='1' AIRFLOW_CTX_DAG_RUN_ID='manual__2026-08-14T23:54:16.695466+00:00'
[2026-08-14T23:54:25.287+0000] {taskinstance.py:731} INFO - ::endgroup::
[2026-08-14T23:54:27.232+0000] {local.py:294} INFO - dbtRunner is available. Using dbtRunner for invoking dbt.
[2026-08-14T23:54:27.237+0000] {local.py:518} INFO - Cloning project to writable temp directory /tmp/tmpevwqy5p_ from /opt/airflow/dbt_transform
[2026-08-14T23:54:27.256+0000] {local.py:538} INFO - Partial parse is enabled and the latest partial parse file is /tmp/cosmos/dbt_gold_full_load__transform_gold/target/partial_parse.msgpack
[2026-08-14T23:54:27.287+0000] {config.py:395} INFO - Using user-supplied profiles.yml at /opt/airflow/dbt_transform/profiles.yml
[2026-08-14T23:54:27.305+0000] {runner.py:95} INFO - Trying to run dbtRunner with:
 ['deps', '--project-dir', '/tmp/tmpevwqy5p_', '--profiles-dir', '/opt/airflow/dbt_transform', '--profile', 'lakehouse_dbt', '--target', 'dev', '--no-static-parser']
 in /tmp/tmpevwqy5p_
[2026-08-14T23:54:27.483+0000] {logging_mixin.py:190} INFO - 23:54:27  Running with dbt=1.8.8
[2026-08-14T23:54:27.892+0000] {converter.py:314} INFO - ::group::Cosmos DAG parsing logs
[2026-08-14T23:54:27.897+0000] {graph.py:869} INFO - Trying to parse the dbt project using dbt ls cache cosmos_cache__dbt_gold_incremental__transform_gold...
[2026-08-14T23:54:30.875+0000] {cache.py:383} INFO - Cosmos performance: time to calculate cache identifier cosmos_cache__dbt_gold_incremental__transform_gold for current version: 2.958530949999954
[2026-08-14T23:54:30.877+0000] {graph.py:886} INFO - Cosmos performance [db5bd3c0d606|1426]: The cache size for cosmos_cache__dbt_gold_incremental__transform_gold is 28756
[2026-08-14T23:54:30.880+0000] {graph.py:898} INFO - Cosmos performance: Cache hit for cosmos_cache__dbt_gold_incremental__transform_gold - dabec484b5b17e0a134e493128621777,304321e940a9403dceb380589bd0566f
[2026-08-14T23:54:30.885+0000] {graph.py:799} INFO - Total nodes: 35
[2026-08-14T23:54:30.888+0000] {graph.py:800} INFO - Total filtered nodes: 35
[2026-08-14T23:54:30.893+0000] {converter.py:361} INFO - Cosmos performance (dbt_gold_incremental__transform_gold) - [db5bd3c0d606|1426]: It took 3s to parse the dbt project for DAG using dbt_ls_cache
[2026-08-14T23:54:30.965+0000] {converter.py:413} INFO - Cosmos performance (dbt_gold_incremental__transform_gold) - [db5bd3c0d606|1426]: It took 0.0719s to build the Airflow DAG.
[2026-08-14T23:54:30.967+0000] {converter.py:420} INFO - ::endgroup::Cosmos DAG parsing logs
[2026-08-14T23:54:30.969+0000] {converter.py:314} INFO - ::group::Cosmos DAG parsing logs
[2026-08-14T23:54:30.973+0000] {graph.py:869} INFO - Trying to parse the dbt project using dbt ls cache cosmos_cache__dbt_gold_full_load__transform_gold...
[2026-08-14T23:54:33.683+0000] {cache.py:383} INFO - Cosmos performance: time to calculate cache identifier cosmos_cache__dbt_gold_full_load__transform_gold for current version: 2.6961342099999683
[2026-08-14T23:54:33.684+0000] {graph.py:886} INFO - Cosmos performance [db5bd3c0d606|1426]: The cache size for cosmos_cache__dbt_gold_full_load__transform_gold is 28756
[2026-08-14T23:54:33.686+0000] {graph.py:898} INFO - Cosmos performance: Cache hit for cosmos_cache__dbt_gold_full_load__transform_gold - dabec484b5b17e0a134e493128621777,304321e940a9403dceb380589bd0566f
[2026-08-14T23:54:33.688+0000] {graph.py:799} INFO - Total nodes: 35
[2026-08-14T23:54:33.689+0000] {graph.py:800} INFO - Total filtered nodes: 35
[2026-08-14T23:54:33.691+0000] {converter.py:361} INFO - Cosmos performance (dbt_gold_full_load__transform_gold) - [db5bd3c0d606|1426]: It took 2.72s to parse the dbt project for DAG using dbt_ls_cache
[2026-08-14T23:54:33.744+0000] {converter.py:413} INFO - Cosmos performance (dbt_gold_full_load__transform_gold) - [db5bd3c0d606|1426]: It took 0.0528s to build the Airflow DAG.
[2026-08-14T23:54:33.745+0000] {converter.py:420} INFO - ::endgroup::Cosmos DAG parsing logs
[2026-08-14T23:54:33.756+0000] {converter.py:314} INFO - ::group::Cosmos DAG parsing logs
[2026-08-14T23:54:33.760+0000] {graph.py:869} INFO - Trying to parse the dbt project using dbt ls cache cosmos_cache__dbt_silver_gold_incremental__transform_silver...
[2026-08-14T23:54:36.642+0000] {cache.py:383} INFO - Cosmos performance: time to calculate cache identifier cosmos_cache__dbt_silver_gold_incremental__transform_silver for current version: 2.871299129000022
[2026-08-14T23:54:36.643+0000] {graph.py:886} INFO - Cosmos performance [db5bd3c0d606|1426]: The cache size for cosmos_cache__dbt_silver_gold_incremental__transform_silver is 11300
[2026-08-14T23:54:36.646+0000] {graph.py:898} INFO - Cosmos performance: Cache hit for cosmos_cache__dbt_silver_gold_incremental__transform_silver - dabec484b5b17e0a134e493128621777,5e34606eb5f2b3dea81a8e19fa3ba138
[2026-08-14T23:54:36.648+0000] {graph.py:799} INFO - Total nodes: 13
[2026-08-14T23:54:36.649+0000] {graph.py:800} INFO - Total filtered nodes: 13
[2026-08-14T23:54:36.651+0000] {converter.py:361} INFO - Cosmos performance (dbt_silver_gold_incremental__transform_silver) - [db5bd3c0d606|1426]: It took 2.89s to parse the dbt project for DAG using dbt_ls_cache
[2026-08-14T23:54:36.677+0000] {converter.py:413} INFO - Cosmos performance (dbt_silver_gold_incremental__transform_silver) - [db5bd3c0d606|1426]: It took 0.0263s to build the Airflow DAG.
[2026-08-14T23:54:36.679+0000] {converter.py:420} INFO - ::endgroup::Cosmos DAG parsing logs
[2026-08-14T23:54:36.681+0000] {converter.py:314} INFO - ::group::Cosmos DAG parsing logs
[2026-08-14T23:54:36.684+0000] {graph.py:869} INFO - Trying to parse the dbt project using dbt ls cache cosmos_cache__dbt_silver_gold_incremental__transform_gold...
[2026-08-14T23:54:39.177+0000] {cache.py:383} INFO - Cosmos performance: time to calculate cache identifier cosmos_cache__dbt_silver_gold_incremental__transform_gold for current version: 2.4837897529999964
[2026-08-14T23:54:39.178+0000] {graph.py:886} INFO - Cosmos performance [db5bd3c0d606|1426]: The cache size for cosmos_cache__dbt_silver_gold_incremental__transform_gold is 28756
[2026-08-14T23:54:39.181+0000] {graph.py:898} INFO - Cosmos performance: Cache hit for cosmos_cache__dbt_silver_gold_incremental__transform_gold - dabec484b5b17e0a134e493128621777,304321e940a9403dceb380589bd0566f
[2026-08-14T23:54:39.183+0000] {graph.py:799} INFO - Total nodes: 35
[2026-08-14T23:54:39.184+0000] {graph.py:800} INFO - Total filtered nodes: 35
[2026-08-14T23:54:39.186+0000] {converter.py:361} INFO - Cosmos performance (dbt_silver_gold_incremental__transform_gold) - [db5bd3c0d606|1426]: It took 2.5s to parse the dbt project for DAG using dbt_ls_cache
[2026-08-14T23:54:39.226+0000] {converter.py:413} INFO - Cosmos performance (dbt_silver_gold_incremental__transform_gold) - [db5bd3c0d606|1426]: It took 0.0405s to build the Airflow DAG.
[2026-08-14T23:54:39.228+0000] {converter.py:420} INFO - ::endgroup::Cosmos DAG parsing logs
[2026-08-14T23:54:39.233+0000] {converter.py:314} INFO - ::group::Cosmos DAG parsing logs
[2026-08-14T23:54:39.239+0000] {graph.py:869} INFO - Trying to parse the dbt project using dbt ls cache cosmos_cache__dbt_silver_gold_full_load__transform_silver...
[2026-08-14T23:54:41.921+0000] {cache.py:383} INFO - Cosmos performance: time to calculate cache identifier cosmos_cache__dbt_silver_gold_full_load__transform_silver for current version: 2.6703994519999696
[2026-08-14T23:54:41.922+0000] {graph.py:886} INFO - Cosmos performance [db5bd3c0d606|1426]: The cache size for cosmos_cache__dbt_silver_gold_full_load__transform_silver is 11300
[2026-08-14T23:54:41.924+0000] {graph.py:898} INFO - Cosmos performance: Cache hit for cosmos_cache__dbt_silver_gold_full_load__transform_silver - dabec484b5b17e0a134e493128621777,5e34606eb5f2b3dea81a8e19fa3ba138
[2026-08-14T23:54:41.925+0000] {graph.py:799} INFO - Total nodes: 13
[2026-08-14T23:54:41.926+0000] {graph.py:800} INFO - Total filtered nodes: 13
[2026-08-14T23:54:41.928+0000] {converter.py:361} INFO - Cosmos performance (dbt_silver_gold_full_load__transform_silver) - [db5bd3c0d606|1426]: It took 2.69s to parse the dbt project for DAG using dbt_ls_cache
[2026-08-14T23:54:41.953+0000] {converter.py:413} INFO - Cosmos performance (dbt_silver_gold_full_load__transform_silver) - [db5bd3c0d606|1426]: It took 0.0249s to build the Airflow DAG.
[2026-08-14T23:54:41.957+0000] {converter.py:420} INFO - ::endgroup::Cosmos DAG parsing logs
[2026-08-14T23:54:41.960+0000] {converter.py:314} INFO - ::group::Cosmos DAG parsing logs
[2026-08-14T23:54:41.965+0000] {graph.py:869} INFO - Trying to parse the dbt project using dbt ls cache cosmos_cache__dbt_silver_gold_full_load__transform_gold...
[2026-08-14T23:54:44.818+0000] {cache.py:383} INFO - Cosmos performance: time to calculate cache identifier cosmos_cache__dbt_silver_gold_full_load__transform_gold for current version: 2.8403903320000836
[2026-08-14T23:54:44.819+0000] {graph.py:886} INFO - Cosmos performance [db5bd3c0d606|1426]: The cache size for cosmos_cache__dbt_silver_gold_full_load__transform_gold is 28756
[2026-08-14T23:54:44.822+0000] {graph.py:898} INFO - Cosmos performance: Cache hit for cosmos_cache__dbt_silver_gold_full_load__transform_gold - dabec484b5b17e0a134e493128621777,304321e940a9403dceb380589bd0566f
[2026-08-14T23:54:44.823+0000] {graph.py:799} INFO - Total nodes: 35
[2026-08-14T23:54:44.825+0000] {graph.py:800} INFO - Total filtered nodes: 35
[2026-08-14T23:54:44.826+0000] {converter.py:361} INFO - Cosmos performance (dbt_silver_gold_full_load__transform_gold) - [db5bd3c0d606|1426]: It took 2.86s to parse the dbt project for DAG using dbt_ls_cache
[2026-08-14T23:54:44.880+0000] {converter.py:413} INFO - Cosmos performance (dbt_silver_gold_full_load__transform_gold) - [db5bd3c0d606|1426]: It took 0.0539s to build the Airflow DAG.
[2026-08-14T23:54:44.882+0000] {converter.py:420} INFO - ::endgroup::Cosmos DAG parsing logs
[2026-08-14T23:54:45.081+0000] {logging_mixin.py:190} INFO - 23:54:45  Installing dbt-labs/dbt_utils
[2026-08-14T23:54:46.253+0000] {logging_mixin.py:190} INFO - 23:54:46  Installed from version 1.3.0
[2026-08-14T23:54:46.256+0000] {logging_mixin.py:190} INFO - 23:54:46  Updated version available: 1.4.1
[2026-08-14T23:54:46.260+0000] {logging_mixin.py:190} INFO - 23:54:46  Installing metaplane/dbt_expectations
[2026-08-14T23:54:58.469+0000] {logging_mixin.py:190} INFO - 23:54:58  Installed from version 0.10.8
[2026-08-14T23:54:58.472+0000] {logging_mixin.py:190} INFO - 23:54:58  Updated version available: 0.10.10
[2026-08-14T23:54:58.476+0000] {logging_mixin.py:190} INFO - 23:54:58  Installing godatadriven/dbt_date
[2026-08-14T23:54:59.035+0000] {logging_mixin.py:190} INFO - 23:54:59  Installed from version 0.15.0
[2026-08-14T23:54:59.042+0000] {logging_mixin.py:190} INFO - 23:54:59  Up to date!
[2026-08-14T23:54:59.048+0000] {logging_mixin.py:190} INFO - 23:54:59
[2026-08-14T23:54:59.055+0000] {logging_mixin.py:190} INFO - 23:54:59  Updates available for packages: ['dbt-labs/dbt_utils', 'metaplane/dbt_expectations']                 
Update your versions in packages.yml, then run dbt deps
[2026-08-14T23:55:00.243+0000] {runner.py:95} INFO - Trying to run dbtRunner with:
 ['run', '--select', 'fqn:logistics_transformation.marts.dim_date', '--full-refresh', '--project-dir', '/tmp/tmpevwqy5p_', '--profiles-dir', '/opt/airflow/dbt_transform', '--profile', 'lakehouse_dbt', '--target', 'dev', '--no-static-parser']
 in /tmp/tmpevwqy5p_
[2026-08-14T23:55:00.297+0000] {logging_mixin.py:190} INFO - 23:55:00  Running with dbt=1.8.8
[2026-08-14T23:55:00.393+0000] {auth.py:343} INFO - keyring module not found. OAuth2 token will not be stored in keyring.
[2026-08-14T23:55:00.406+0000] {auth.py:343} INFO - keyring module not found. OAuth2 token will not be stored in keyring.
[2026-08-14T23:55:00.687+0000] {logging_mixin.py:190} INFO - 23:55:00  Registered adapter: trino=1.8.5
[2026-08-14T23:55:01.140+0000] {logging_mixin.py:190} INFO - 23:55:01  Unable to do partial parsing because config vars, config profile, or config target have changed
[2026-08-14T23:55:06.217+0000] {logging_mixin.py:190} INFO - 23:55:06  [WARNING]: Deprecated functionality
The `tests` config has been renamed to `data_tests`. Please see
https://docs.getdbt.com/docs/build/data-tests#new-data_tests-syntax for more
information.
[2026-08-14T23:55:10.417+0000] {logging_mixin.py:190} INFO - 23:55:10  Found 11 models, 36 data tests, 4 sources, 839 macros
[2026-08-14T23:55:10.458+0000] {logging_mixin.py:190} INFO - 23:55:10
[2026-08-14T23:55:10.699+0000] {logging_mixin.py:190} INFO - 23:55:10  [WARNING]: SSL certificate validation is disabled by default. It is legacy behavior which will be changed in future releases. It is strongly advised to enable `require_certificate_validation` flag or explicitly set `cert` configuration to `True` for security reasons. You may receive an error after that if your SSL setup is incorrect.
You may opt into the new behavior sooner by setting `flags.require_certificate_validation` to `True` in `dbt_project.yml`.
Visit https://docs.getdbt.com/reference/global-configs/behavior-changes for more information.
[2026-08-14T23:55:14.245+0000] {logging_mixin.py:190} INFO - 23:55:14  Concurrency: 1 threads (target='dev')
[2026-08-14T23:55:14.265+0000] {logging_mixin.py:190} INFO - 23:55:14
[2026-08-14T23:55:14.299+0000] {logging_mixin.py:190} INFO - 23:55:14  1 of 1 START sql incremental model gold.dim_date ............................... [RUN]
[2026-08-14T23:55:33.838+0000] {logging_mixin.py:190} INFO - 23:55:33  1 of 1 OK created sql incremental model gold.dim_date .......................... [CREATE TABLE (4_017 rows) in 19.52s]
[2026-08-14T23:55:33.847+0000] {logging_mixin.py:190} INFO - 23:55:33
[2026-08-14T23:55:33.849+0000] {logging_mixin.py:190} INFO - 23:55:33  Finished running 1 incremental model in 0 hours 0 minutes and 23.37 seconds (23.37s).
[2026-08-14T23:55:33.999+0000] {logging_mixin.py:190} INFO - 23:55:33
[2026-08-14T23:55:34.001+0000] {logging_mixin.py:190} INFO - 23:55:34  Completed successfully
[2026-08-14T23:55:34.005+0000] {logging_mixin.py:190} INFO - 23:55:34
[2026-08-14T23:55:34.012+0000] {logging_mixin.py:190} INFO - 23:55:34  Done. PASS=1 WARN=0 ERROR=0 SKIP=0 TOTAL=1
[2026-08-14T23:55:35.430+0000] {local.py:196} WARNING - Artifact schema version: https://schemas.getdbt.com/dbt/manifest/v12.json is above dbt-ol supported version 7. This might cause errors.
[2026-08-14T23:55:35.441+0000] {local.py:594} INFO - Inlets: []
[2026-08-14T23:55:35.443+0000] {local.py:595} INFO - Outlets: []
[2026-08-14T23:55:35.445+0000] {local.py:886} INFO - Assigning inlets/outlets with DatasetAlias in Airflow 2
[2026-08-14T23:55:35.569+0000] {taskinstance.py:340} INFO - ::group::Post task execution logs
[2026-08-14T23:55:35.573+0000] {taskinstance.py:352} INFO - Marking task as SUCCESS. dag_id=dbt_gold_full_load, task_id=transform_gold.dim_date.run, run_id=manual__2026-08-14T23:54:16.695466+00:00, execution_date=20260814T235416, start_date=20260814T235424, end_date=20260814T235535
[2026-08-14T23:55:36.287+0000] {_client.py:1026} INFO - HTTP Request: GET https://astronomer.gateway.scarf.sh/astronomer-cosmos/v3/task_instance?cosmos_version=1.15.0&airflow_version=2.10.2&python_version=3.10.15&platform_system=Linux&platform_machine=x86_64&status=success&operator_name=DbtRunLocalOperator&is_cosmos_operator_subclass=False&invocation_mode=dbt_runner&execution_mode=local&profile_strategy=yaml_file&profile_mapping_class=None&database=trino&is_mapped_task=False&dbt_command=run&install_deps=True&has_callback=False&duration=70.676904 "HTTP/1.1 200 OK"
[2026-08-14T23:55:36.441+0000] {local_task_job_runner.py:266} INFO - Task exited with return code 0
[2026-08-14T23:55:36.542+0000] {taskinstance.py:3900} INFO - 0 downstream tasks scheduled from follow-on schedule check
[2026-08-14T23:55:36.556+0000] {local_task_job_runner.py:245} INFO - ::endgroup::
