[2026-08-05T15:23:34.126+0000] {local_task_job_runner.py:123} INFO - ::group::Pre task execution logs
[2026-08-05T15:23:34.143+0000] {taskinstance.py:2612} INFO - Dependencies all met for dep_context=non-requeueable deps ti=<TaskInstance: logistics_orders_full_load.extract_and_upload_full manual__2026-08-05T15:23:31.198196+00:00 [queued]>
[2026-08-05T15:23:34.151+0000] {taskinstance.py:2612} INFO - Dependencies all met for dep_context=requeueable deps ti=<TaskInstance: logistics_orders_full_load.extract_and_upload_full manual__2026-08-05T15:23:31.198196+00:00 [queued]>
[2026-08-05T15:23:34.152+0000] {taskinstance.py:2865} INFO - Starting attempt 1 of 1
[2026-08-05T15:23:34.165+0000] {taskinstance.py:2888} INFO - Executing <Task(_PythonDecoratedOperator): extract_and_upload_full> on 2026-08-05 15:23:31.198196+00:00
[2026-08-05T15:23:34.171+0000] {standard_task_runner.py:72} INFO - Started process 1128 to run task
[2026-08-05T15:23:34.174+0000] {standard_task_runner.py:104} INFO - Running: ['airflow', 'tasks', 'run', 'logistics_orders_full_load', 'extract_and_upload_full', 'manual__2026-08-05T15:23:31.198196+00:00', '--job-id', '6', '--raw', '--subdir', 'DAGS_FOLDER/logistics_full_load.py', '--cfg-path', '/tmp/tmp__oyemdz']
[2026-08-05T15:23:34.177+0000] {standard_task_runner.py:105} INFO - Job 6: Subtask extract_and_upload_full
[2026-08-05T15:23:34.253+0000] {task_command.py:467} INFO - Running <TaskInstance: logistics_orders_full_load.extract_and_upload_full manual__2026-08-05T15:23:31.198196+00:00 [running]> on host b400f7cfb704
[2026-08-05T15:23:34.355+0000] {taskinstance.py:3131} INFO - Exporting env vars: AIRFLOW_CTX_DAG_OWNER='airflow' AIRFLOW_CTX_DAG_ID='logistics_orders_full_load' AIRFLOW_CTX_TASK_ID='extract_and_upload_full' AIRFLOW_CTX_EXECUTION_DATE='2026-08-05T15:23:31.198196+00:00' AIRFLOW_CTX_TRY_NUMBER='1' AIRFLOW_CTX_DAG_RUN_ID='manual__2026-08-05T15:23:31.198196+00:00'
[2026-08-05T15:23:34.357+0000] {taskinstance.py:731} INFO - ::endgroup::
[2026-08-05T15:23:34.364+0000] {orders_api_client.py:65} INFO - 🚀 Khởi tạo luồng kéo TOÀN BỘ dữ liệu Batch (Keyset Stream)
[2026-08-05T15:23:38.741+0000] {orders_api_client.py:81} INFO -   ➜ Đã kéo được 10,000 records...
[2026-08-05T15:23:42.394+0000] {orders_api_client.py:81} INFO -   ➜ Đã kéo được 20,000 records...
[2026-08-05T15:23:45.586+0000] {orders_api_client.py:81} INFO -   ➜ Đã kéo được 30,000 records...
[2026-08-05T15:23:48.434+0000] {orders_api_client.py:81} INFO -   ➜ Đã kéo được 40,000 records...
[2026-08-05T15:23:51.495+0000] {orders_api_client.py:81} INFO -   ➜ Đã kéo được 50,000 records...
[2026-08-05T15:23:54.801+0000] {orders_api_client.py:81} INFO -   ➜ Đã kéo được 60,000 records...
[2026-08-05T15:23:58.347+0000] {orders_api_client.py:81} INFO -   ➜ Đã kéo được 70,000 records...
[2026-08-05T15:24:01.456+0000] {orders_api_client.py:81} INFO -   ➜ Đã kéo được 80,000 records...
[2026-08-05T15:24:04.243+0000] {orders_api_client.py:81} INFO -   ➜ Đã kéo được 90,000 records...
[2026-08-05T15:24:07.368+0000] {orders_api_client.py:81} INFO -   ➜ Đã kéo được 100,000 records...
[2026-08-05T15:24:10.669+0000] {orders_api_client.py:81} INFO -   ➜ Đã kéo được 110,000 records...
[2026-08-05T15:24:13.749+0000] {orders_api_client.py:81} INFO -   ➜ Đã kéo được 120,000 records...
[2026-08-05T15:24:17.005+0000] {orders_api_client.py:81} INFO -   ➜ Đã kéo được 130,000 records...
[2026-08-05T15:24:20.348+0000] {orders_api_client.py:81} INFO -   ➜ Đã kéo được 140,000 records...
[2026-08-05T15:24:23.763+0000] {orders_api_client.py:81} INFO -   ➜ Đã kéo được 150,000 records...
[2026-08-05T15:24:27.104+0000] {orders_api_client.py:81} INFO -   ➜ Đã kéo được 160,000 records...
[2026-08-05T15:24:30.499+0000] {orders_api_client.py:81} INFO -   ➜ Đã kéo được 170,000 records...
[2026-08-05T15:24:33.439+0000] {orders_api_client.py:81} INFO -   ➜ Đã kéo được 180,000 records...
[2026-08-05T15:24:36.608+0000] {orders_api_client.py:81} INFO -   ➜ Đã kéo được 190,000 records...
[2026-08-05T15:24:39.858+0000] {orders_api_client.py:81} INFO -   ➜ Đã kéo được 200,000 records...
[2026-08-05T15:24:39.864+0000] {orders_api_client.py:102} INFO - ✅ HOÀN TẤT: Đã lấy tổng cộng 200,000 bản ghi từ Batch API.
[2026-08-05T15:24:39.866+0000] {minio_loader.py:139} INFO - 📤 Đang upload full_2026-08-05_all_orders.json lên s3://lakehouse/landing/logistics_orders/run_date=2026-08-05/full_2026-08-05_all_orders.json
[2026-08-05T15:24:39.869+0000] {crypto.py:82} WARNING - empty cryptography key - values will not be stored encrypted.
[2026-08-05T15:24:39.872+0000] {base.py:84} INFO - Retrieving connection 'minio_default'
[2026-08-05T15:24:39.873+0000] {connection_wrapper.py:388} INFO - AWS Connection (conn_id='minio_default', conn_type='aws') credentials retrieved from login and ***.
[2026-08-05T15:24:45.791+0000] {orders_api_client.py:165} INFO - Orders API client session closed
[2026-08-05T15:24:45.819+0000] {python.py:240} INFO - Done. Returned value was: 200000
[2026-08-05T15:24:45.846+0000] {taskinstance.py:340} INFO - ::group::Post task execution logs
[2026-08-05T15:24:45.847+0000] {taskinstance.py:352} INFO - Marking task as SUCCESS. dag_id=logistics_orders_full_load, task_id=extract_and_upload_full, run_id=manual__2026-08-05T15:23:31.198196+00:00, execution_date=20260805T152331, start_date=20260805T152334, end_date=20260805T152445
[2026-08-05T15:24:45.914+0000] {local_task_job_runner.py:266} INFO - Task exited with return code 0
[2026-08-05T15:24:45.942+0000] {taskinstance.py:3900} INFO - 1 downstream tasks scheduled from follow-on schedule check
[2026-08-05T15:24:45.945+0000] {local_task_job_runner.py:245} INFO - ::endgroup::
