[2026-07-08T05:28:25.846+0000] {processor.py:186} INFO - Started process (PID=203) to work on /opt/airflow/dags/consumer_complaints_elt.py
[2026-07-08T05:28:25.847+0000] {processor.py:914} INFO - Processing file /opt/airflow/dags/consumer_complaints_elt.py for tasks to queue
[2026-07-08T05:28:25.850+0000] {logging_mixin.py:190} INFO - [2026-07-08T05:28:25.850+0000] {dagbag.py:588} INFO - Filling up the DagBag from /opt/airflow/dags/consumer_complaints_elt.py
[2026-07-08T05:28:26.179+0000] {processor.py:925} INFO - DAG(s) 'consumer_complaints_elt_lakehouse' retrieved from /opt/airflow/dags/consumer_complaints_elt.py
[2026-07-08T05:28:26.238+0000] {logging_mixin.py:190} INFO - [2026-07-08T05:28:26.237+0000] {override.py:1900} INFO - Created Permission View: can read on DAG:consumer_complaints_elt_lakehouse
[2026-07-08T05:28:26.249+0000] {logging_mixin.py:190} INFO - [2026-07-08T05:28:26.248+0000] {override.py:1900} INFO - Created Permission View: can edit on DAG:consumer_complaints_elt_lakehouse
[2026-07-08T05:28:26.256+0000] {logging_mixin.py:190} INFO - [2026-07-08T05:28:26.255+0000] {override.py:1900} INFO - Created Permission View: can delete on DAG:consumer_complaints_elt_lakehouse
[2026-07-08T05:28:26.264+0000] {logging_mixin.py:190} INFO - [2026-07-08T05:28:26.263+0000] {override.py:1900} INFO - Created Permission View: menu access on DAG Run:consumer_complaints_elt_lakehouse
[2026-07-08T05:28:26.271+0000] {logging_mixin.py:190} INFO - [2026-07-08T05:28:26.270+0000] {override.py:1900} INFO - Created Permission View: can read on DAG Run:consumer_complaints_elt_lakehouse
[2026-07-08T05:28:26.280+0000] {logging_mixin.py:190} INFO - [2026-07-08T05:28:26.279+0000] {override.py:1900} INFO - Created Permission View: can create on DAG Run:consumer_complaints_elt_lakehouse
[2026-07-08T05:28:26.288+0000] {logging_mixin.py:190} INFO - [2026-07-08T05:28:26.288+0000] {override.py:1900} INFO - Created Permission View: can delete on DAG Run:consumer_complaints_elt_lakehouse
[2026-07-08T05:28:26.289+0000] {logging_mixin.py:190} INFO - [2026-07-08T05:28:26.289+0000] {dag.py:3239} INFO - Sync 1 DAGs
[2026-07-08T05:28:26.307+0000] {logging_mixin.py:190} INFO - [2026-07-08T05:28:26.307+0000] {dag.py:3262} INFO - Creating ORM DAG for consumer_complaints_elt_lakehouse
[2026-07-08T05:28:26.320+0000] {logging_mixin.py:190} INFO - [2026-07-08T05:28:26.319+0000] {dag.py:4180} INFO - Setting next_dagrun for consumer_complaints_elt_lakehouse to 2026-07-07 00:00:00+00:00, run_after=2026-07-08 00:00:00+00:00
[2026-07-08T05:28:26.345+0000] {processor.py:208} INFO - Processing /opt/airflow/dags/consumer_complaints_elt.py took 0.504 seconds
[2026-07-08T05:28:56.604+0000] {processor.py:186} INFO - Started process (PID=259) to work on /opt/airflow/dags/consumer_complaints_elt.py
[2026-07-08T05:28:56.605+0000] {processor.py:914} INFO - Processing file /opt/airflow/dags/consumer_complaints_elt.py for tasks to queue
[2026-07-08T05:28:56.607+0000] {logging_mixin.py:190} INFO - [2026-07-08T05:28:56.607+0000] {dagbag.py:588} INFO - Filling up the DagBag from /opt/airflow/dags/consumer_complaints_elt.py
[2026-07-08T05:28:56.870+0000] {processor.py:925} INFO - DAG(s) 'consumer_complaints_elt_lakehouse' retrieved from /opt/airflow/dags/consumer_complaints_elt.py
[2026-07-08T05:28:56.896+0000] {logging_mixin.py:190} INFO - [2026-07-08T05:28:56.895+0000] {dag.py:3239} INFO - Sync 1 DAGs
[2026-07-08T05:28:56.917+0000] {logging_mixin.py:190} INFO - [2026-07-08T05:28:56.917+0000] {dag.py:4180} INFO - Setting next_dagrun for consumer_complaints_elt_lakehouse to 2026-07-07 00:00:00+00:00, run_after=2026-07-08 00:00:00+00:00
[2026-07-08T05:28:56.939+0000] {processor.py:208} INFO - Processing /opt/airflow/dags/consumer_complaints_elt.py took 0.340 seconds
[2026-07-08T05:29:27.538+0000] {processor.py:186} INFO - Started process (PID=308) to work on /opt/airflow/dags/consumer_complaints_elt.py
[2026-07-08T05:29:27.540+0000] {processor.py:914} INFO - Processing file /opt/airflow/dags/consumer_complaints_elt.py for tasks to queue
[2026-07-08T05:29:27.543+0000] {logging_mixin.py:190} INFO - [2026-07-08T05:29:27.542+0000] {dagbag.py:588} INFO - Filling up the DagBag from /opt/airflow/dags/consumer_complaints_elt.py
[2026-07-08T05:29:27.824+0000] {processor.py:925} INFO - DAG(s) 'consumer_complaints_elt_lakehouse' retrieved from /opt/airflow/dags/consumer_complaints_elt.py
[2026-07-08T05:29:27.855+0000] {logging_mixin.py:190} INFO - [2026-07-08T05:29:27.855+0000] {dag.py:3239} INFO - Sync 1 DAGs
[2026-07-08T05:29:27.883+0000] {logging_mixin.py:190} INFO - [2026-07-08T05:29:27.882+0000] {dag.py:4180} INFO - Setting next_dagrun for consumer_complaints_elt_lakehouse to 2026-07-07 00:00:00+00:00, run_after=2026-07-08 00:00:00+00:00
[2026-07-08T05:29:27.906+0000] {processor.py:208} INFO - Processing /opt/airflow/dags/consumer_complaints_elt.py took 0.374 seconds
[2026-07-08T05:29:58.904+0000] {processor.py:186} INFO - Started process (PID=363) to work on /opt/airflow/dags/consumer_complaints_elt.py
[2026-07-08T05:29:58.905+0000] {processor.py:914} INFO - Processing file /opt/airflow/dags/consumer_complaints_elt.py for tasks to queue
[2026-07-08T05:29:58.908+0000] {logging_mixin.py:190} INFO - [2026-07-08T05:29:58.908+0000] {dagbag.py:588} INFO - Filling up the DagBag from /opt/airflow/dags/consumer_complaints_elt.py
[2026-07-08T05:29:59.183+0000] {processor.py:925} INFO - DAG(s) 'consumer_complaints_elt_lakehouse' retrieved from /opt/airflow/dags/consumer_complaints_elt.py
[2026-07-08T05:29:59.214+0000] {logging_mixin.py:190} INFO - [2026-07-08T05:29:59.213+0000] {dag.py:3239} INFO - Sync 1 DAGs
[2026-07-08T05:29:59.241+0000] {logging_mixin.py:190} INFO - [2026-07-08T05:29:59.241+0000] {dag.py:4180} INFO - Setting next_dagrun for consumer_complaints_elt_lakehouse to 2026-07-07 00:00:00+00:00, run_after=2026-07-08 00:00:00+00:00
[2026-07-08T05:29:59.262+0000] {processor.py:208} INFO - Processing /opt/airflow/dags/consumer_complaints_elt.py took 0.365 seconds
[2026-07-08T05:30:29.341+0000] {processor.py:186} INFO - Started process (PID=432) to work on /opt/airflow/dags/consumer_complaints_elt.py
[2026-07-08T05:30:29.342+0000] {processor.py:914} INFO - Processing file /opt/airflow/dags/consumer_complaints_elt.py for tasks to queue
[2026-07-08T05:30:29.346+0000] {logging_mixin.py:190} INFO - [2026-07-08T05:30:29.346+0000] {dagbag.py:588} INFO - Filling up the DagBag from /opt/airflow/dags/consumer_complaints_elt.py
[2026-07-08T05:30:29.607+0000] {processor.py:925} INFO - DAG(s) 'consumer_complaints_elt_lakehouse' retrieved from /opt/airflow/dags/consumer_complaints_elt.py
[2026-07-08T05:30:29.633+0000] {logging_mixin.py:190} INFO - [2026-07-08T05:30:29.633+0000] {dag.py:3239} INFO - Sync 1 DAGs
[2026-07-08T05:30:29.658+0000] {logging_mixin.py:190} INFO - [2026-07-08T05:30:29.658+0000] {dag.py:4180} INFO - Setting next_dagrun for consumer_complaints_elt_lakehouse to 2026-07-07 00:00:00+00:00, run_after=2026-07-08 00:00:00+00:00
[2026-07-08T05:30:29.682+0000] {processor.py:208} INFO - Processing /opt/airflow/dags/consumer_complaints_elt.py took 0.347 seconds
[2026-07-08T05:30:59.781+0000] {processor.py:186} INFO - Started process (PID=481) to work on /opt/airflow/dags/consumer_complaints_elt.py
[2026-07-08T05:30:59.783+0000] {processor.py:914} INFO - Processing file /opt/airflow/dags/consumer_complaints_elt.py for tasks to queue
[2026-07-08T05:30:59.786+0000] {logging_mixin.py:190} INFO - [2026-07-08T05:30:59.786+0000] {dagbag.py:588} INFO - Filling up the DagBag from /opt/airflow/dags/consumer_complaints_elt.py
[2026-07-08T05:31:00.042+0000] {processor.py:925} INFO - DAG(s) 'consumer_complaints_elt_lakehouse' retrieved from /opt/airflow/dags/consumer_complaints_elt.py
[2026-07-08T05:31:00.068+0000] {logging_mixin.py:190} INFO - [2026-07-08T05:31:00.067+0000] {dag.py:3239} INFO - Sync 1 DAGs
[2026-07-08T05:31:00.090+0000] {logging_mixin.py:190} INFO - [2026-07-08T05:31:00.090+0000] {dag.py:4180} INFO - Setting next_dagrun for consumer_complaints_elt_lakehouse to 2026-07-07 00:00:00+00:00, run_after=2026-07-08 00:00:00+00:00
[2026-07-08T05:31:00.109+0000] {processor.py:208} INFO - Processing /opt/airflow/dags/consumer_complaints_elt.py took 0.334 seconds
[2026-07-08T05:31:30.243+0000] {processor.py:186} INFO - Started process (PID=530) to work on /opt/airflow/dags/consumer_complaints_elt.py
[2026-07-08T05:31:30.244+0000] {processor.py:914} INFO - Processing file /opt/airflow/dags/consumer_complaints_elt.py for tasks to queue
[2026-07-08T05:31:30.247+0000] {logging_mixin.py:190} INFO - [2026-07-08T05:31:30.247+0000] {dagbag.py:588} INFO - Filling up the DagBag from /opt/airflow/dags/consumer_complaints_elt.py
[2026-07-08T05:31:30.494+0000] {processor.py:925} INFO - DAG(s) 'consumer_complaints_elt_lakehouse' retrieved from /opt/airflow/dags/consumer_complaints_elt.py
[2026-07-08T05:31:30.523+0000] {logging_mixin.py:190} INFO - [2026-07-08T05:31:30.522+0000] {dag.py:3239} INFO - Sync 1 DAGs
[2026-07-08T05:31:30.546+0000] {logging_mixin.py:190} INFO - [2026-07-08T05:31:30.546+0000] {dag.py:4180} INFO - Setting next_dagrun for consumer_complaints_elt_lakehouse to 2026-07-07 00:00:00+00:00, run_after=2026-07-08 00:00:00+00:00
[2026-07-08T05:31:30.567+0000] {processor.py:208} INFO - Processing /opt/airflow/dags/consumer_complaints_elt.py took 0.329 seconds
[2026-07-08T05:32:01.292+0000] {processor.py:186} INFO - Started process (PID=579) to work on /opt/airflow/dags/consumer_complaints_elt.py
[2026-07-08T05:32:01.293+0000] {processor.py:914} INFO - Processing file /opt/airflow/dags/consumer_complaints_elt.py for tasks to queue
[2026-07-08T05:32:01.295+0000] {logging_mixin.py:190} INFO - [2026-07-08T05:32:01.295+0000] {dagbag.py:588} INFO - Filling up the DagBag from /opt/airflow/dags/consumer_complaints_elt.py
[2026-07-08T05:32:01.539+0000] {processor.py:925} INFO - DAG(s) 'consumer_complaints_elt_lakehouse' retrieved from /opt/airflow/dags/consumer_complaints_elt.py
[2026-07-08T05:32:01.564+0000] {logging_mixin.py:190} INFO - [2026-07-08T05:32:01.563+0000] {dag.py:3239} INFO - Sync 1 DAGs
[2026-07-08T05:32:01.587+0000] {logging_mixin.py:190} INFO - [2026-07-08T05:32:01.587+0000] {dag.py:4180} INFO - Setting next_dagrun for consumer_complaints_elt_lakehouse to 2026-07-07 00:00:00+00:00, run_after=2026-07-08 00:00:00+00:00
[2026-07-08T05:32:01.607+0000] {processor.py:208} INFO - Processing /opt/airflow/dags/consumer_complaints_elt.py took 0.320 seconds
[2026-07-08T05:32:31.810+0000] {processor.py:186} INFO - Started process (PID=628) to work on /opt/airflow/dags/consumer_complaints_elt.py
[2026-07-08T05:32:31.811+0000] {processor.py:914} INFO - Processing file /opt/airflow/dags/consumer_complaints_elt.py for tasks to queue
[2026-07-08T05:32:31.814+0000] {logging_mixin.py:190} INFO - [2026-07-08T05:32:31.814+0000] {dagbag.py:588} INFO - Filling up the DagBag from /opt/airflow/dags/consumer_complaints_elt.py
[2026-07-08T05:32:32.066+0000] {processor.py:925} INFO - DAG(s) 'consumer_complaints_elt_lakehouse' retrieved from /opt/airflow/dags/consumer_complaints_elt.py
[2026-07-08T05:32:32.093+0000] {logging_mixin.py:190} INFO - [2026-07-08T05:32:32.093+0000] {dag.py:3239} INFO - Sync 1 DAGs
[2026-07-08T05:32:32.118+0000] {logging_mixin.py:190} INFO - [2026-07-08T05:32:32.118+0000] {dag.py:4180} INFO - Setting next_dagrun for consumer_complaints_elt_lakehouse to 2026-07-07 00:00:00+00:00, run_after=2026-07-08 00:00:00+00:00
[2026-07-08T05:32:32.142+0000] {processor.py:208} INFO - Processing /opt/airflow/dags/consumer_complaints_elt.py took 0.337 seconds
[2026-07-08T05:33:02.792+0000] {processor.py:186} INFO - Started process (PID=677) to work on /opt/airflow/dags/consumer_complaints_elt.py
[2026-07-08T05:33:02.793+0000] {processor.py:914} INFO - Processing file /opt/airflow/dags/consumer_complaints_elt.py for tasks to queue
[2026-07-08T05:33:02.796+0000] {logging_mixin.py:190} INFO - [2026-07-08T05:33:02.795+0000] {dagbag.py:588} INFO - Filling up the DagBag from /opt/airflow/dags/consumer_complaints_elt.py
[2026-07-08T05:33:03.053+0000] {processor.py:925} INFO - DAG(s) 'consumer_complaints_elt_lakehouse' retrieved from /opt/airflow/dags/consumer_complaints_elt.py
[2026-07-08T05:33:03.076+0000] {logging_mixin.py:190} INFO - [2026-07-08T05:33:03.076+0000] {dag.py:3239} INFO - Sync 1 DAGs
[2026-07-08T05:33:03.099+0000] {logging_mixin.py:190} INFO - [2026-07-08T05:33:03.098+0000] {dag.py:4180} INFO - Setting next_dagrun for consumer_complaints_elt_lakehouse to 2026-07-07 00:00:00+00:00, run_after=2026-07-08 00:00:00+00:00
[2026-07-08T05:33:03.118+0000] {processor.py:208} INFO - Processing /opt/airflow/dags/consumer_complaints_elt.py took 0.332 seconds
[2026-07-08T05:33:33.447+0000] {processor.py:186} INFO - Started process (PID=726) to work on /opt/airflow/dags/consumer_complaints_elt.py
[2026-07-08T05:33:33.448+0000] {processor.py:914} INFO - Processing file /opt/airflow/dags/consumer_complaints_elt.py for tasks to queue
[2026-07-08T05:33:33.450+0000] {logging_mixin.py:190} INFO - [2026-07-08T05:33:33.450+0000] {dagbag.py:588} INFO - Filling up the DagBag from /opt/airflow/dags/consumer_complaints_elt.py
[2026-07-08T05:33:33.679+0000] {processor.py:925} INFO - DAG(s) 'consumer_complaints_elt_lakehouse' retrieved from /opt/airflow/dags/consumer_complaints_elt.py
[2026-07-08T05:33:33.714+0000] {logging_mixin.py:190} INFO - [2026-07-08T05:33:33.714+0000] {dag.py:3239} INFO - Sync 1 DAGs
[2026-07-08T05:33:33.739+0000] {logging_mixin.py:190} INFO - [2026-07-08T05:33:33.738+0000] {dag.py:4180} INFO - Setting next_dagrun for consumer_complaints_elt_lakehouse to 2026-07-07 00:00:00+00:00, run_after=2026-07-08 00:00:00+00:00
[2026-07-08T05:33:33.764+0000] {processor.py:208} INFO - Processing /opt/airflow/dags/consumer_complaints_elt.py took 0.322 seconds
[2026-07-08T05:34:03.971+0000] {processor.py:186} INFO - Started process (PID=775) to work on /opt/airflow/dags/consumer_complaints_elt.py
[2026-07-08T05:34:03.972+0000] {processor.py:914} INFO - Processing file /opt/airflow/dags/consumer_complaints_elt.py for tasks to queue
[2026-07-08T05:34:03.975+0000] {logging_mixin.py:190} INFO - [2026-07-08T05:34:03.974+0000] {dagbag.py:588} INFO - Filling up the DagBag from /opt/airflow/dags/consumer_complaints_elt.py
[2026-07-08T05:34:04.213+0000] {processor.py:925} INFO - DAG(s) 'consumer_complaints_elt_lakehouse' retrieved from /opt/airflow/dags/consumer_complaints_elt.py
[2026-07-08T05:34:04.240+0000] {logging_mixin.py:190} INFO - [2026-07-08T05:34:04.240+0000] {dag.py:3239} INFO - Sync 1 DAGs
[2026-07-08T05:34:04.262+0000] {logging_mixin.py:190} INFO - [2026-07-08T05:34:04.262+0000] {dag.py:4180} INFO - Setting next_dagrun for consumer_complaints_elt_lakehouse to 2026-07-07 00:00:00+00:00, run_after=2026-07-08 00:00:00+00:00
[2026-07-08T05:34:04.282+0000] {processor.py:208} INFO - Processing /opt/airflow/dags/consumer_complaints_elt.py took 0.315 seconds
[2026-07-08T05:34:34.975+0000] {processor.py:186} INFO - Started process (PID=824) to work on /opt/airflow/dags/consumer_complaints_elt.py
[2026-07-08T05:34:34.976+0000] {processor.py:914} INFO - Processing file /opt/airflow/dags/consumer_complaints_elt.py for tasks to queue
[2026-07-08T05:34:34.978+0000] {logging_mixin.py:190} INFO - [2026-07-08T05:34:34.978+0000] {dagbag.py:588} INFO - Filling up the DagBag from /opt/airflow/dags/consumer_complaints_elt.py
[2026-07-08T05:34:35.240+0000] {processor.py:925} INFO - DAG(s) 'consumer_complaints_elt_lakehouse' retrieved from /opt/airflow/dags/consumer_complaints_elt.py
[2026-07-08T05:34:35.264+0000] {logging_mixin.py:190} INFO - [2026-07-08T05:34:35.264+0000] {dag.py:3239} INFO - Sync 1 DAGs
[2026-07-08T05:34:35.287+0000] {logging_mixin.py:190} INFO - [2026-07-08T05:34:35.287+0000] {dag.py:4180} INFO - Setting next_dagrun for consumer_complaints_elt_lakehouse to 2026-07-07 00:00:00+00:00, run_after=2026-07-08 00:00:00+00:00
[2026-07-08T05:34:35.309+0000] {processor.py:208} INFO - Processing /opt/airflow/dags/consumer_complaints_elt.py took 0.339 seconds
[2026-07-08T05:35:05.421+0000] {processor.py:186} INFO - Started process (PID=873) to work on /opt/airflow/dags/consumer_complaints_elt.py
[2026-07-08T05:35:05.422+0000] {processor.py:914} INFO - Processing file /opt/airflow/dags/consumer_complaints_elt.py for tasks to queue
[2026-07-08T05:35:05.426+0000] {logging_mixin.py:190} INFO - [2026-07-08T05:35:05.426+0000] {dagbag.py:588} INFO - Filling up the DagBag from /opt/airflow/dags/consumer_complaints_elt.py
[2026-07-08T05:35:05.737+0000] {processor.py:925} INFO - DAG(s) 'consumer_complaints_elt_lakehouse' retrieved from /opt/airflow/dags/consumer_complaints_elt.py
[2026-07-08T05:35:05.764+0000] {logging_mixin.py:190} INFO - [2026-07-08T05:35:05.764+0000] {dag.py:3239} INFO - Sync 1 DAGs
[2026-07-08T05:35:05.787+0000] {logging_mixin.py:190} INFO - [2026-07-08T05:35:05.786+0000] {dag.py:4180} INFO - Setting next_dagrun for consumer_complaints_elt_lakehouse to 2026-07-07 00:00:00+00:00, run_after=2026-07-08 00:00:00+00:00
[2026-07-08T05:35:05.808+0000] {processor.py:208} INFO - Processing /opt/airflow/dags/consumer_complaints_elt.py took 0.394 seconds
[2026-07-08T05:35:36.102+0000] {processor.py:186} INFO - Started process (PID=922) to work on /opt/airflow/dags/consumer_complaints_elt.py
[2026-07-08T05:35:36.103+0000] {processor.py:914} INFO - Processing file /opt/airflow/dags/consumer_complaints_elt.py for tasks to queue
[2026-07-08T05:35:36.105+0000] {logging_mixin.py:190} INFO - [2026-07-08T05:35:36.105+0000] {dagbag.py:588} INFO - Filling up the DagBag from /opt/airflow/dags/consumer_complaints_elt.py
[2026-07-08T05:35:36.394+0000] {processor.py:925} INFO - DAG(s) 'consumer_complaints_elt_lakehouse' retrieved from /opt/airflow/dags/consumer_complaints_elt.py
[2026-07-08T05:35:36.424+0000] {logging_mixin.py:190} INFO - [2026-07-08T05:35:36.424+0000] {dag.py:3239} INFO - Sync 1 DAGs
[2026-07-08T05:35:36.447+0000] {logging_mixin.py:190} INFO - [2026-07-08T05:35:36.446+0000] {dag.py:4180} INFO - Setting next_dagrun for consumer_complaints_elt_lakehouse to 2026-07-07 00:00:00+00:00, run_after=2026-07-08 00:00:00+00:00
[2026-07-08T05:35:36.470+0000] {processor.py:208} INFO - Processing /opt/airflow/dags/consumer_complaints_elt.py took 0.374 seconds
[2026-07-08T05:36:06.888+0000] {processor.py:186} INFO - Started process (PID=971) to work on /opt/airflow/dags/consumer_complaints_elt.py
[2026-07-08T05:36:06.889+0000] {processor.py:914} INFO - Processing file /opt/airflow/dags/consumer_complaints_elt.py for tasks to queue
[2026-07-08T05:36:06.891+0000] {logging_mixin.py:190} INFO - [2026-07-08T05:36:06.891+0000] {dagbag.py:588} INFO - Filling up the DagBag from /opt/airflow/dags/consumer_complaints_elt.py
[2026-07-08T05:36:07.110+0000] {processor.py:925} INFO - DAG(s) 'consumer_complaints_elt_lakehouse' retrieved from /opt/airflow/dags/consumer_complaints_elt.py
[2026-07-08T05:36:07.133+0000] {logging_mixin.py:190} INFO - [2026-07-08T05:36:07.133+0000] {dag.py:3239} INFO - Sync 1 DAGs
[2026-07-08T05:36:07.154+0000] {logging_mixin.py:190} INFO - [2026-07-08T05:36:07.154+0000] {dag.py:4180} INFO - Setting next_dagrun for consumer_complaints_elt_lakehouse to 2026-07-07 00:00:00+00:00, run_after=2026-07-08 00:00:00+00:00
[2026-07-08T05:36:07.177+0000] {processor.py:208} INFO - Processing /opt/airflow/dags/consumer_complaints_elt.py took 0.294 seconds
[2026-07-08T05:36:37.276+0000] {processor.py:186} INFO - Started process (PID=1020) to work on /opt/airflow/dags/consumer_complaints_elt.py
[2026-07-08T05:36:37.278+0000] {processor.py:914} INFO - Processing file /opt/airflow/dags/consumer_complaints_elt.py for tasks to queue
[2026-07-08T05:36:37.280+0000] {logging_mixin.py:190} INFO - [2026-07-08T05:36:37.280+0000] {dagbag.py:588} INFO - Filling up the DagBag from /opt/airflow/dags/consumer_complaints_elt.py
[2026-07-08T05:36:37.521+0000] {processor.py:925} INFO - DAG(s) 'consumer_complaints_elt_lakehouse' retrieved from /opt/airflow/dags/consumer_complaints_elt.py
[2026-07-08T05:36:37.546+0000] {logging_mixin.py:190} INFO - [2026-07-08T05:36:37.545+0000] {dag.py:3239} INFO - Sync 1 DAGs
[2026-07-08T05:36:37.566+0000] {logging_mixin.py:190} INFO - [2026-07-08T05:36:37.566+0000] {dag.py:4180} INFO - Setting next_dagrun for consumer_complaints_elt_lakehouse to 2026-07-07 00:00:00+00:00, run_after=2026-07-08 00:00:00+00:00
[2026-07-08T05:36:37.587+0000] {processor.py:208} INFO - Processing /opt/airflow/dags/consumer_complaints_elt.py took 0.316 seconds
[2026-07-08T05:37:08.086+0000] {processor.py:186} INFO - Started process (PID=1069) to work on /opt/airflow/dags/consumer_complaints_elt.py
[2026-07-08T05:37:08.087+0000] {processor.py:914} INFO - Processing file /opt/airflow/dags/consumer_complaints_elt.py for tasks to queue
[2026-07-08T05:37:08.089+0000] {logging_mixin.py:190} INFO - [2026-07-08T05:37:08.089+0000] {dagbag.py:588} INFO - Filling up the DagBag from /opt/airflow/dags/consumer_complaints_elt.py
[2026-07-08T05:37:08.341+0000] {processor.py:925} INFO - DAG(s) 'consumer_complaints_elt_lakehouse' retrieved from /opt/airflow/dags/consumer_complaints_elt.py
[2026-07-08T05:37:08.368+0000] {logging_mixin.py:190} INFO - [2026-07-08T05:37:08.367+0000] {dag.py:3239} INFO - Sync 1 DAGs
[2026-07-08T05:37:08.387+0000] {logging_mixin.py:190} INFO - [2026-07-08T05:37:08.386+0000] {dag.py:4180} INFO - Setting next_dagrun for consumer_complaints_elt_lakehouse to 2026-07-07 00:00:00+00:00, run_after=2026-07-08 00:00:00+00:00
[2026-07-08T05:37:08.406+0000] {processor.py:208} INFO - Processing /opt/airflow/dags/consumer_complaints_elt.py took 0.325 seconds
[2026-07-08T05:37:38.496+0000] {processor.py:186} INFO - Started process (PID=1118) to work on /opt/airflow/dags/consumer_complaints_elt.py
[2026-07-08T05:37:38.498+0000] {processor.py:914} INFO - Processing file /opt/airflow/dags/consumer_complaints_elt.py for tasks to queue
[2026-07-08T05:37:38.500+0000] {logging_mixin.py:190} INFO - [2026-07-08T05:37:38.500+0000] {dagbag.py:588} INFO - Filling up the DagBag from /opt/airflow/dags/consumer_complaints_elt.py
[2026-07-08T05:37:38.744+0000] {processor.py:925} INFO - DAG(s) 'consumer_complaints_elt_lakehouse' retrieved from /opt/airflow/dags/consumer_complaints_elt.py
[2026-07-08T05:37:38.770+0000] {logging_mixin.py:190} INFO - [2026-07-08T05:37:38.769+0000] {dag.py:3239} INFO - Sync 1 DAGs
[2026-07-08T05:37:38.795+0000] {logging_mixin.py:190} INFO - [2026-07-08T05:37:38.794+0000] {dag.py:4180} INFO - Setting next_dagrun for consumer_complaints_elt_lakehouse to 2026-07-07 00:00:00+00:00, run_after=2026-07-08 00:00:00+00:00
[2026-07-08T05:37:38.822+0000] {processor.py:208} INFO - Processing /opt/airflow/dags/consumer_complaints_elt.py took 0.332 seconds
[2026-07-08T05:38:09.251+0000] {processor.py:186} INFO - Started process (PID=1167) to work on /opt/airflow/dags/consumer_complaints_elt.py
[2026-07-08T05:38:09.252+0000] {processor.py:914} INFO - Processing file /opt/airflow/dags/consumer_complaints_elt.py for tasks to queue
[2026-07-08T05:38:09.254+0000] {logging_mixin.py:190} INFO - [2026-07-08T05:38:09.254+0000] {dagbag.py:588} INFO - Filling up the DagBag from /opt/airflow/dags/consumer_complaints_elt.py
[2026-07-08T05:38:09.505+0000] {processor.py:925} INFO - DAG(s) 'consumer_complaints_elt_lakehouse' retrieved from /opt/airflow/dags/consumer_complaints_elt.py
[2026-07-08T05:38:09.532+0000] {logging_mixin.py:190} INFO - [2026-07-08T05:38:09.532+0000] {dag.py:3239} INFO - Sync 1 DAGs
[2026-07-08T05:38:09.552+0000] {logging_mixin.py:190} INFO - [2026-07-08T05:38:09.551+0000] {dag.py:4180} INFO - Setting next_dagrun for consumer_complaints_elt_lakehouse to 2026-07-07 00:00:00+00:00, run_after=2026-07-08 00:00:00+00:00
[2026-07-08T05:38:09.572+0000] {processor.py:208} INFO - Processing /opt/airflow/dags/consumer_complaints_elt.py took 0.326 seconds
[2026-07-08T05:38:39.735+0000] {processor.py:186} INFO - Started process (PID=1216) to work on /opt/airflow/dags/consumer_complaints_elt.py
[2026-07-08T05:38:39.737+0000] {processor.py:914} INFO - Processing file /opt/airflow/dags/consumer_complaints_elt.py for tasks to queue
[2026-07-08T05:38:39.739+0000] {logging_mixin.py:190} INFO - [2026-07-08T05:38:39.739+0000] {dagbag.py:588} INFO - Filling up the DagBag from /opt/airflow/dags/consumer_complaints_elt.py
[2026-07-08T05:38:39.990+0000] {processor.py:925} INFO - DAG(s) 'consumer_complaints_elt_lakehouse' retrieved from /opt/airflow/dags/consumer_complaints_elt.py
[2026-07-08T05:38:40.016+0000] {logging_mixin.py:190} INFO - [2026-07-08T05:38:40.015+0000] {dag.py:3239} INFO - Sync 1 DAGs
[2026-07-08T05:38:40.035+0000] {logging_mixin.py:190} INFO - [2026-07-08T05:38:40.035+0000] {dag.py:4180} INFO - Setting next_dagrun for consumer_complaints_elt_lakehouse to 2026-07-07 00:00:00+00:00, run_after=2026-07-08 00:00:00+00:00
[2026-07-08T05:38:40.055+0000] {processor.py:208} INFO - Processing /opt/airflow/dags/consumer_complaints_elt.py took 0.324 seconds
[2026-07-08T05:39:10.496+0000] {processor.py:186} INFO - Started process (PID=1265) to work on /opt/airflow/dags/consumer_complaints_elt.py
[2026-07-08T05:39:10.497+0000] {processor.py:914} INFO - Processing file /opt/airflow/dags/consumer_complaints_elt.py for tasks to queue
[2026-07-08T05:39:10.499+0000] {logging_mixin.py:190} INFO - [2026-07-08T05:39:10.499+0000] {dagbag.py:588} INFO - Filling up the DagBag from /opt/airflow/dags/consumer_complaints_elt.py
[2026-07-08T05:39:10.771+0000] {processor.py:925} INFO - DAG(s) 'consumer_complaints_elt_lakehouse' retrieved from /opt/airflow/dags/consumer_complaints_elt.py
[2026-07-08T05:39:10.796+0000] {logging_mixin.py:190} INFO - [2026-07-08T05:39:10.796+0000] {dag.py:3239} INFO - Sync 1 DAGs
[2026-07-08T05:39:10.818+0000] {logging_mixin.py:190} INFO - [2026-07-08T05:39:10.818+0000] {dag.py:4180} INFO - Setting next_dagrun for consumer_complaints_elt_lakehouse to 2026-07-07 00:00:00+00:00, run_after=2026-07-08 00:00:00+00:00
[2026-07-08T05:39:10.837+0000] {processor.py:208} INFO - Processing /opt/airflow/dags/consumer_complaints_elt.py took 0.346 seconds
[2026-07-08T05:39:41.003+0000] {processor.py:186} INFO - Started process (PID=1314) to work on /opt/airflow/dags/consumer_complaints_elt.py
[2026-07-08T05:39:41.004+0000] {processor.py:914} INFO - Processing file /opt/airflow/dags/consumer_complaints_elt.py for tasks to queue
[2026-07-08T05:39:41.006+0000] {logging_mixin.py:190} INFO - [2026-07-08T05:39:41.006+0000] {dagbag.py:588} INFO - Filling up the DagBag from /opt/airflow/dags/consumer_complaints_elt.py
[2026-07-08T05:39:41.217+0000] {processor.py:925} INFO - DAG(s) 'consumer_complaints_elt_lakehouse' retrieved from /opt/airflow/dags/consumer_complaints_elt.py
[2026-07-08T05:39:41.241+0000] {logging_mixin.py:190} INFO - [2026-07-08T05:39:41.241+0000] {dag.py:3239} INFO - Sync 1 DAGs
[2026-07-08T05:39:41.263+0000] {logging_mixin.py:190} INFO - [2026-07-08T05:39:41.262+0000] {dag.py:4180} INFO - Setting next_dagrun for consumer_complaints_elt_lakehouse to 2026-07-07 00:00:00+00:00, run_after=2026-07-08 00:00:00+00:00
[2026-07-08T05:39:41.284+0000] {processor.py:208} INFO - Processing /opt/airflow/dags/consumer_complaints_elt.py took 0.286 seconds
[2026-07-08T05:40:11.440+0000] {processor.py:186} INFO - Started process (PID=1363) to work on /opt/airflow/dags/consumer_complaints_elt.py
[2026-07-08T05:40:11.441+0000] {processor.py:914} INFO - Processing file /opt/airflow/dags/consumer_complaints_elt.py for tasks to queue
[2026-07-08T05:40:11.443+0000] {logging_mixin.py:190} INFO - [2026-07-08T05:40:11.443+0000] {dagbag.py:588} INFO - Filling up the DagBag from /opt/airflow/dags/consumer_complaints_elt.py
[2026-07-08T05:40:11.681+0000] {processor.py:925} INFO - DAG(s) 'consumer_complaints_elt_lakehouse' retrieved from /opt/airflow/dags/consumer_complaints_elt.py
[2026-07-08T05:40:11.707+0000] {logging_mixin.py:190} INFO - [2026-07-08T05:40:11.706+0000] {dag.py:3239} INFO - Sync 1 DAGs
[2026-07-08T05:40:11.726+0000] {logging_mixin.py:190} INFO - [2026-07-08T05:40:11.726+0000] {dag.py:4180} INFO - Setting next_dagrun for consumer_complaints_elt_lakehouse to 2026-07-07 00:00:00+00:00, run_after=2026-07-08 00:00:00+00:00
[2026-07-08T05:40:11.744+0000] {processor.py:208} INFO - Processing /opt/airflow/dags/consumer_complaints_elt.py took 0.309 seconds
[2026-07-08T05:40:41.868+0000] {processor.py:186} INFO - Started process (PID=1412) to work on /opt/airflow/dags/consumer_complaints_elt.py
[2026-07-08T05:40:41.870+0000] {processor.py:914} INFO - Processing file /opt/airflow/dags/consumer_complaints_elt.py for tasks to queue
[2026-07-08T05:40:41.873+0000] {logging_mixin.py:190} INFO - [2026-07-08T05:40:41.872+0000] {dagbag.py:588} INFO - Filling up the DagBag from /opt/airflow/dags/consumer_complaints_elt.py
[2026-07-08T05:40:42.108+0000] {processor.py:925} INFO - DAG(s) 'consumer_complaints_elt_lakehouse' retrieved from /opt/airflow/dags/consumer_complaints_elt.py
[2026-07-08T05:40:42.136+0000] {logging_mixin.py:190} INFO - [2026-07-08T05:40:42.135+0000] {dag.py:3239} INFO - Sync 1 DAGs
[2026-07-08T05:40:42.157+0000] {logging_mixin.py:190} INFO - [2026-07-08T05:40:42.157+0000] {dag.py:4180} INFO - Setting next_dagrun for consumer_complaints_elt_lakehouse to 2026-07-07 00:00:00+00:00, run_after=2026-07-08 00:00:00+00:00
[2026-07-08T05:40:42.181+0000] {processor.py:208} INFO - Processing /opt/airflow/dags/consumer_complaints_elt.py took 0.318 seconds
[2026-07-08T05:41:12.374+0000] {processor.py:186} INFO - Started process (PID=1461) to work on /opt/airflow/dags/consumer_complaints_elt.py
[2026-07-08T05:41:12.375+0000] {processor.py:914} INFO - Processing file /opt/airflow/dags/consumer_complaints_elt.py for tasks to queue
[2026-07-08T05:41:12.378+0000] {logging_mixin.py:190} INFO - [2026-07-08T05:41:12.378+0000] {dagbag.py:588} INFO - Filling up the DagBag from /opt/airflow/dags/consumer_complaints_elt.py
[2026-07-08T05:41:12.658+0000] {processor.py:925} INFO - DAG(s) 'consumer_complaints_elt_lakehouse' retrieved from /opt/airflow/dags/consumer_complaints_elt.py
[2026-07-08T05:41:12.682+0000] {logging_mixin.py:190} INFO - [2026-07-08T05:41:12.682+0000] {dag.py:3239} INFO - Sync 1 DAGs
[2026-07-08T05:41:12.701+0000] {logging_mixin.py:190} INFO - [2026-07-08T05:41:12.701+0000] {dag.py:4180} INFO - Setting next_dagrun for consumer_complaints_elt_lakehouse to 2026-07-07 00:00:00+00:00, run_after=2026-07-08 00:00:00+00:00
[2026-07-08T05:41:12.722+0000] {processor.py:208} INFO - Processing /opt/airflow/dags/consumer_complaints_elt.py took 0.354 seconds
[2026-07-08T05:41:43.321+0000] {processor.py:186} INFO - Started process (PID=1510) to work on /opt/airflow/dags/consumer_complaints_elt.py
[2026-07-08T05:41:43.322+0000] {processor.py:914} INFO - Processing file /opt/airflow/dags/consumer_complaints_elt.py for tasks to queue
[2026-07-08T05:41:43.324+0000] {logging_mixin.py:190} INFO - [2026-07-08T05:41:43.323+0000] {dagbag.py:588} INFO - Filling up the DagBag from /opt/airflow/dags/consumer_complaints_elt.py
[2026-07-08T05:41:43.540+0000] {processor.py:925} INFO - DAG(s) 'consumer_complaints_elt_lakehouse' retrieved from /opt/airflow/dags/consumer_complaints_elt.py
[2026-07-08T05:41:43.567+0000] {logging_mixin.py:190} INFO - [2026-07-08T05:41:43.567+0000] {dag.py:3239} INFO - Sync 1 DAGs
[2026-07-08T05:41:43.588+0000] {logging_mixin.py:190} INFO - [2026-07-08T05:41:43.588+0000] {dag.py:4180} INFO - Setting next_dagrun for consumer_complaints_elt_lakehouse to 2026-07-07 00:00:00+00:00, run_after=2026-07-08 00:00:00+00:00
[2026-07-08T05:41:43.606+0000] {processor.py:208} INFO - Processing /opt/airflow/dags/consumer_complaints_elt.py took 0.290 seconds
[2026-07-08T05:42:14.048+0000] {processor.py:186} INFO - Started process (PID=1562) to work on /opt/airflow/dags/consumer_complaints_elt.py
[2026-07-08T05:42:14.050+0000] {processor.py:914} INFO - Processing file /opt/airflow/dags/consumer_complaints_elt.py for tasks to queue
[2026-07-08T05:42:14.052+0000] {logging_mixin.py:190} INFO - [2026-07-08T05:42:14.052+0000] {dagbag.py:588} INFO - Filling up the DagBag from /opt/airflow/dags/consumer_complaints_elt.py
[2026-07-08T05:42:14.322+0000] {processor.py:925} INFO - DAG(s) 'consumer_complaints_elt_lakehouse' retrieved from /opt/airflow/dags/consumer_complaints_elt.py
[2026-07-08T05:42:14.345+0000] {logging_mixin.py:190} INFO - [2026-07-08T05:42:14.345+0000] {dag.py:3239} INFO - Sync 1 DAGs
[2026-07-08T05:42:14.369+0000] {logging_mixin.py:190} INFO - [2026-07-08T05:42:14.369+0000] {dag.py:4180} INFO - Setting next_dagrun for consumer_complaints_elt_lakehouse to 2026-07-07 00:00:00+00:00, run_after=2026-07-08 00:00:00+00:00
[2026-07-08T05:42:14.389+0000] {processor.py:208} INFO - Processing /opt/airflow/dags/consumer_complaints_elt.py took 0.348 seconds
