[2026-07-08T05:28:24.577+0000] {processor.py:186} INFO - Started process (PID=192) to work on /opt/airflow/dags/consumer_complaints_elt_v2.py
[2026-07-08T05:28:24.579+0000] {processor.py:914} INFO - Processing file /opt/airflow/dags/consumer_complaints_elt_v2.py for tasks to queue
[2026-07-08T05:28:24.583+0000] {logging_mixin.py:190} INFO - [2026-07-08T05:28:24.582+0000] {dagbag.py:588} INFO - Filling up the DagBag from /opt/airflow/dags/consumer_complaints_elt_v2.py
[2026-07-08T05:28:25.612+0000] {processor.py:925} INFO - DAG(s) 'consumer_complaints_full_load' retrieved from /opt/airflow/dags/consumer_complaints_elt_v2.py
[2026-07-08T05:28:25.676+0000] {logging_mixin.py:190} INFO - [2026-07-08T05:28:25.675+0000] {override.py:1900} INFO - Created Permission View: can read on DAG:consumer_complaints_full_load
[2026-07-08T05:28:25.690+0000] {logging_mixin.py:190} INFO - [2026-07-08T05:28:25.689+0000] {override.py:1900} INFO - Created Permission View: can edit on DAG:consumer_complaints_full_load
[2026-07-08T05:28:25.700+0000] {logging_mixin.py:190} INFO - [2026-07-08T05:28:25.700+0000] {override.py:1900} INFO - Created Permission View: can delete on DAG:consumer_complaints_full_load
[2026-07-08T05:28:25.709+0000] {logging_mixin.py:190} INFO - [2026-07-08T05:28:25.709+0000] {override.py:1900} INFO - Created Permission View: menu access on DAG Run:consumer_complaints_full_load
[2026-07-08T05:28:25.720+0000] {logging_mixin.py:190} INFO - [2026-07-08T05:28:25.720+0000] {override.py:1900} INFO - Created Permission View: can read on DAG Run:consumer_complaints_full_load
[2026-07-08T05:28:25.728+0000] {logging_mixin.py:190} INFO - [2026-07-08T05:28:25.728+0000] {override.py:1900} INFO - Created Permission View: can create on DAG Run:consumer_complaints_full_load
[2026-07-08T05:28:25.737+0000] {logging_mixin.py:190} INFO - [2026-07-08T05:28:25.737+0000] {override.py:1900} INFO - Created Permission View: can delete on DAG Run:consumer_complaints_full_load
[2026-07-08T05:28:25.738+0000] {logging_mixin.py:190} INFO - [2026-07-08T05:28:25.738+0000] {dag.py:3239} INFO - Sync 1 DAGs
[2026-07-08T05:28:25.752+0000] {logging_mixin.py:190} INFO - [2026-07-08T05:28:25.751+0000] {dag.py:3262} INFO - Creating ORM DAG for consumer_complaints_full_load
[2026-07-08T05:28:25.763+0000] {logging_mixin.py:190} INFO - [2026-07-08T05:28:25.762+0000] {dag.py:4180} INFO - Setting next_dagrun for consumer_complaints_full_load to 2026-06-01 00:00:00+00:00, run_after=2026-07-01 00:00:00+00:00
[2026-07-08T05:28:25.787+0000] {processor.py:208} INFO - Processing /opt/airflow/dags/consumer_complaints_elt_v2.py took 1.216 seconds
[2026-07-08T05:28:55.912+0000] {processor.py:186} INFO - Started process (PID=240) to work on /opt/airflow/dags/consumer_complaints_elt_v2.py
[2026-07-08T05:28:55.913+0000] {processor.py:914} INFO - Processing file /opt/airflow/dags/consumer_complaints_elt_v2.py for tasks to queue
[2026-07-08T05:28:55.916+0000] {logging_mixin.py:190} INFO - [2026-07-08T05:28:55.916+0000] {dagbag.py:588} INFO - Filling up the DagBag from /opt/airflow/dags/consumer_complaints_elt_v2.py
[2026-07-08T05:28:56.194+0000] {processor.py:925} INFO - DAG(s) 'consumer_complaints_full_load' retrieved from /opt/airflow/dags/consumer_complaints_elt_v2.py
[2026-07-08T05:28:56.236+0000] {logging_mixin.py:190} INFO - [2026-07-08T05:28:56.234+0000] {dag.py:3239} INFO - Sync 1 DAGs
[2026-07-08T05:28:56.265+0000] {logging_mixin.py:190} INFO - [2026-07-08T05:28:56.265+0000] {dag.py:4180} INFO - Setting next_dagrun for consumer_complaints_full_load to 2026-06-01 00:00:00+00:00, run_after=2026-07-01 00:00:00+00:00
[2026-07-08T05:28:56.293+0000] {processor.py:208} INFO - Processing /opt/airflow/dags/consumer_complaints_elt_v2.py took 0.387 seconds
[2026-07-08T05:29:26.745+0000] {processor.py:186} INFO - Started process (PID=289) to work on /opt/airflow/dags/consumer_complaints_elt_v2.py
[2026-07-08T05:29:26.747+0000] {processor.py:914} INFO - Processing file /opt/airflow/dags/consumer_complaints_elt_v2.py for tasks to queue
[2026-07-08T05:29:26.751+0000] {logging_mixin.py:190} INFO - [2026-07-08T05:29:26.750+0000] {dagbag.py:588} INFO - Filling up the DagBag from /opt/airflow/dags/consumer_complaints_elt_v2.py
[2026-07-08T05:29:27.066+0000] {processor.py:925} INFO - DAG(s) 'consumer_complaints_full_load' retrieved from /opt/airflow/dags/consumer_complaints_elt_v2.py
[2026-07-08T05:29:27.102+0000] {logging_mixin.py:190} INFO - [2026-07-08T05:29:27.102+0000] {dag.py:3239} INFO - Sync 1 DAGs
[2026-07-08T05:29:27.131+0000] {logging_mixin.py:190} INFO - [2026-07-08T05:29:27.130+0000] {dag.py:4180} INFO - Setting next_dagrun for consumer_complaints_full_load to 2026-06-01 00:00:00+00:00, run_after=2026-07-01 00:00:00+00:00
[2026-07-08T05:29:27.159+0000] {processor.py:208} INFO - Processing /opt/airflow/dags/consumer_complaints_elt_v2.py took 0.421 seconds
[2026-07-08T05:29:57.548+0000] {processor.py:186} INFO - Started process (PID=347) to work on /opt/airflow/dags/consumer_complaints_elt_v2.py
[2026-07-08T05:29:57.549+0000] {processor.py:914} INFO - Processing file /opt/airflow/dags/consumer_complaints_elt_v2.py for tasks to queue
[2026-07-08T05:29:57.551+0000] {logging_mixin.py:190} INFO - [2026-07-08T05:29:57.551+0000] {dagbag.py:588} INFO - Filling up the DagBag from /opt/airflow/dags/consumer_complaints_elt_v2.py
[2026-07-08T05:29:57.811+0000] {processor.py:925} INFO - DAG(s) 'consumer_complaints_full_load' retrieved from /opt/airflow/dags/consumer_complaints_elt_v2.py
[2026-07-08T05:29:57.838+0000] {logging_mixin.py:190} INFO - [2026-07-08T05:29:57.837+0000] {dag.py:3239} INFO - Sync 1 DAGs
[2026-07-08T05:29:57.863+0000] {logging_mixin.py:190} INFO - [2026-07-08T05:29:57.863+0000] {dag.py:4180} INFO - Setting next_dagrun for consumer_complaints_full_load to 2026-06-01 00:00:00+00:00, run_after=2026-07-01 00:00:00+00:00
[2026-07-08T05:29:57.880+0000] {processor.py:208} INFO - Processing /opt/airflow/dags/consumer_complaints_elt_v2.py took 0.338 seconds
[2026-07-08T05:30:27.981+0000] {processor.py:186} INFO - Started process (PID=416) to work on /opt/airflow/dags/consumer_complaints_elt_v2.py
[2026-07-08T05:30:27.982+0000] {processor.py:914} INFO - Processing file /opt/airflow/dags/consumer_complaints_elt_v2.py for tasks to queue
[2026-07-08T05:30:27.984+0000] {logging_mixin.py:190} INFO - [2026-07-08T05:30:27.984+0000] {dagbag.py:588} INFO - Filling up the DagBag from /opt/airflow/dags/consumer_complaints_elt_v2.py
[2026-07-08T05:30:28.248+0000] {processor.py:925} INFO - DAG(s) 'consumer_complaints_full_load' retrieved from /opt/airflow/dags/consumer_complaints_elt_v2.py
[2026-07-08T05:30:28.272+0000] {logging_mixin.py:190} INFO - [2026-07-08T05:30:28.272+0000] {dag.py:3239} INFO - Sync 1 DAGs
[2026-07-08T05:30:28.294+0000] {logging_mixin.py:190} INFO - [2026-07-08T05:30:28.294+0000] {dag.py:4180} INFO - Setting next_dagrun for consumer_complaints_full_load to 2026-06-01 00:00:00+00:00, run_after=2026-07-01 00:00:00+00:00
[2026-07-08T05:30:28.312+0000] {processor.py:208} INFO - Processing /opt/airflow/dags/consumer_complaints_elt_v2.py took 0.335 seconds
[2026-07-08T05:30:58.388+0000] {processor.py:186} INFO - Started process (PID=465) to work on /opt/airflow/dags/consumer_complaints_elt_v2.py
[2026-07-08T05:30:58.389+0000] {processor.py:914} INFO - Processing file /opt/airflow/dags/consumer_complaints_elt_v2.py for tasks to queue
[2026-07-08T05:30:58.392+0000] {logging_mixin.py:190} INFO - [2026-07-08T05:30:58.392+0000] {dagbag.py:588} INFO - Filling up the DagBag from /opt/airflow/dags/consumer_complaints_elt_v2.py
[2026-07-08T05:30:58.641+0000] {processor.py:925} INFO - DAG(s) 'consumer_complaints_full_load' retrieved from /opt/airflow/dags/consumer_complaints_elt_v2.py
[2026-07-08T05:30:58.666+0000] {logging_mixin.py:190} INFO - [2026-07-08T05:30:58.666+0000] {dag.py:3239} INFO - Sync 1 DAGs
[2026-07-08T05:30:58.685+0000] {logging_mixin.py:190} INFO - [2026-07-08T05:30:58.685+0000] {dag.py:4180} INFO - Setting next_dagrun for consumer_complaints_full_load to 2026-06-01 00:00:00+00:00, run_after=2026-07-01 00:00:00+00:00
[2026-07-08T05:30:58.704+0000] {processor.py:208} INFO - Processing /opt/airflow/dags/consumer_complaints_elt_v2.py took 0.321 seconds
[2026-07-08T05:31:28.846+0000] {processor.py:186} INFO - Started process (PID=522) to work on /opt/airflow/dags/consumer_complaints_elt_v2.py
[2026-07-08T05:31:28.847+0000] {processor.py:914} INFO - Processing file /opt/airflow/dags/consumer_complaints_elt_v2.py for tasks to queue
[2026-07-08T05:31:28.850+0000] {logging_mixin.py:190} INFO - [2026-07-08T05:31:28.850+0000] {dagbag.py:588} INFO - Filling up the DagBag from /opt/airflow/dags/consumer_complaints_elt_v2.py
[2026-07-08T05:31:29.099+0000] {processor.py:925} INFO - DAG(s) 'consumer_complaints_full_load' retrieved from /opt/airflow/dags/consumer_complaints_elt_v2.py
[2026-07-08T05:31:29.125+0000] {logging_mixin.py:190} INFO - [2026-07-08T05:31:29.125+0000] {dag.py:3239} INFO - Sync 1 DAGs
[2026-07-08T05:31:29.149+0000] {logging_mixin.py:190} INFO - [2026-07-08T05:31:29.149+0000] {dag.py:4180} INFO - Setting next_dagrun for consumer_complaints_full_load to 2026-06-01 00:00:00+00:00, run_after=2026-07-01 00:00:00+00:00
[2026-07-08T05:31:29.172+0000] {processor.py:208} INFO - Processing /opt/airflow/dags/consumer_complaints_elt_v2.py took 0.331 seconds
[2026-07-08T05:31:59.238+0000] {processor.py:186} INFO - Started process (PID=573) to work on /opt/airflow/dags/consumer_complaints_elt_v2.py
[2026-07-08T05:31:59.239+0000] {processor.py:914} INFO - Processing file /opt/airflow/dags/consumer_complaints_elt_v2.py for tasks to queue
[2026-07-08T05:31:59.241+0000] {logging_mixin.py:190} INFO - [2026-07-08T05:31:59.241+0000] {dagbag.py:588} INFO - Filling up the DagBag from /opt/airflow/dags/consumer_complaints_elt_v2.py
[2026-07-08T05:31:59.472+0000] {processor.py:925} INFO - DAG(s) 'consumer_complaints_full_load' retrieved from /opt/airflow/dags/consumer_complaints_elt_v2.py
[2026-07-08T05:31:59.495+0000] {logging_mixin.py:190} INFO - [2026-07-08T05:31:59.495+0000] {dag.py:3239} INFO - Sync 1 DAGs
[2026-07-08T05:31:59.516+0000] {logging_mixin.py:190} INFO - [2026-07-08T05:31:59.516+0000] {dag.py:4180} INFO - Setting next_dagrun for consumer_complaints_full_load to 2026-06-01 00:00:00+00:00, run_after=2026-07-01 00:00:00+00:00
[2026-07-08T05:31:59.536+0000] {processor.py:208} INFO - Processing /opt/airflow/dags/consumer_complaints_elt_v2.py took 0.303 seconds
[2026-07-08T05:32:29.767+0000] {processor.py:186} INFO - Started process (PID=622) to work on /opt/airflow/dags/consumer_complaints_elt_v2.py
[2026-07-08T05:32:29.768+0000] {processor.py:914} INFO - Processing file /opt/airflow/dags/consumer_complaints_elt_v2.py for tasks to queue
[2026-07-08T05:32:29.770+0000] {logging_mixin.py:190} INFO - [2026-07-08T05:32:29.770+0000] {dagbag.py:588} INFO - Filling up the DagBag from /opt/airflow/dags/consumer_complaints_elt_v2.py
[2026-07-08T05:32:30.037+0000] {processor.py:925} INFO - DAG(s) 'consumer_complaints_full_load' retrieved from /opt/airflow/dags/consumer_complaints_elt_v2.py
[2026-07-08T05:32:30.063+0000] {logging_mixin.py:190} INFO - [2026-07-08T05:32:30.062+0000] {dag.py:3239} INFO - Sync 1 DAGs
[2026-07-08T05:32:30.086+0000] {logging_mixin.py:190} INFO - [2026-07-08T05:32:30.086+0000] {dag.py:4180} INFO - Setting next_dagrun for consumer_complaints_full_load to 2026-06-01 00:00:00+00:00, run_after=2026-07-01 00:00:00+00:00
[2026-07-08T05:32:30.107+0000] {processor.py:208} INFO - Processing /opt/airflow/dags/consumer_complaints_elt_v2.py took 0.346 seconds
[2026-07-08T05:33:00.616+0000] {processor.py:186} INFO - Started process (PID=658) to work on /opt/airflow/dags/consumer_complaints_elt_v2.py
[2026-07-08T05:33:00.616+0000] {processor.py:914} INFO - Processing file /opt/airflow/dags/consumer_complaints_elt_v2.py for tasks to queue
[2026-07-08T05:33:00.619+0000] {logging_mixin.py:190} INFO - [2026-07-08T05:33:00.618+0000] {dagbag.py:588} INFO - Filling up the DagBag from /opt/airflow/dags/consumer_complaints_elt_v2.py
[2026-07-08T05:33:00.863+0000] {processor.py:925} INFO - DAG(s) 'consumer_complaints_full_load' retrieved from /opt/airflow/dags/consumer_complaints_elt_v2.py
[2026-07-08T05:33:00.891+0000] {logging_mixin.py:190} INFO - [2026-07-08T05:33:00.890+0000] {dag.py:3239} INFO - Sync 1 DAGs
[2026-07-08T05:33:00.917+0000] {logging_mixin.py:190} INFO - [2026-07-08T05:33:00.917+0000] {dag.py:4180} INFO - Setting next_dagrun for consumer_complaints_full_load to 2026-06-01 00:00:00+00:00, run_after=2026-07-01 00:00:00+00:00
[2026-07-08T05:33:00.939+0000] {processor.py:208} INFO - Processing /opt/airflow/dags/consumer_complaints_elt_v2.py took 0.329 seconds
[2026-07-08T05:33:31.059+0000] {processor.py:186} INFO - Started process (PID=707) to work on /opt/airflow/dags/consumer_complaints_elt_v2.py
[2026-07-08T05:33:31.060+0000] {processor.py:914} INFO - Processing file /opt/airflow/dags/consumer_complaints_elt_v2.py for tasks to queue
[2026-07-08T05:33:31.062+0000] {logging_mixin.py:190} INFO - [2026-07-08T05:33:31.062+0000] {dagbag.py:588} INFO - Filling up the DagBag from /opt/airflow/dags/consumer_complaints_elt_v2.py
[2026-07-08T05:33:31.292+0000] {processor.py:925} INFO - DAG(s) 'consumer_complaints_full_load' retrieved from /opt/airflow/dags/consumer_complaints_elt_v2.py
[2026-07-08T05:33:31.320+0000] {logging_mixin.py:190} INFO - [2026-07-08T05:33:31.320+0000] {dag.py:3239} INFO - Sync 1 DAGs
[2026-07-08T05:33:31.343+0000] {logging_mixin.py:190} INFO - [2026-07-08T05:33:31.343+0000] {dag.py:4180} INFO - Setting next_dagrun for consumer_complaints_full_load to 2026-06-01 00:00:00+00:00, run_after=2026-07-01 00:00:00+00:00
[2026-07-08T05:33:31.366+0000] {processor.py:208} INFO - Processing /opt/airflow/dags/consumer_complaints_elt_v2.py took 0.312 seconds
[2026-07-08T05:34:01.565+0000] {processor.py:186} INFO - Started process (PID=756) to work on /opt/airflow/dags/consumer_complaints_elt_v2.py
[2026-07-08T05:34:01.566+0000] {processor.py:914} INFO - Processing file /opt/airflow/dags/consumer_complaints_elt_v2.py for tasks to queue
[2026-07-08T05:34:01.569+0000] {logging_mixin.py:190} INFO - [2026-07-08T05:34:01.568+0000] {dagbag.py:588} INFO - Filling up the DagBag from /opt/airflow/dags/consumer_complaints_elt_v2.py
[2026-07-08T05:34:01.813+0000] {processor.py:925} INFO - DAG(s) 'consumer_complaints_full_load' retrieved from /opt/airflow/dags/consumer_complaints_elt_v2.py
[2026-07-08T05:34:01.845+0000] {logging_mixin.py:190} INFO - [2026-07-08T05:34:01.844+0000] {dag.py:3239} INFO - Sync 1 DAGs
[2026-07-08T05:34:01.869+0000] {logging_mixin.py:190} INFO - [2026-07-08T05:34:01.869+0000] {dag.py:4180} INFO - Setting next_dagrun for consumer_complaints_full_load to 2026-06-01 00:00:00+00:00, run_after=2026-07-01 00:00:00+00:00
[2026-07-08T05:34:01.891+0000] {processor.py:208} INFO - Processing /opt/airflow/dags/consumer_complaints_elt_v2.py took 0.331 seconds
[2026-07-08T05:34:32.817+0000] {processor.py:186} INFO - Started process (PID=805) to work on /opt/airflow/dags/consumer_complaints_elt_v2.py
[2026-07-08T05:34:32.818+0000] {processor.py:914} INFO - Processing file /opt/airflow/dags/consumer_complaints_elt_v2.py for tasks to queue
[2026-07-08T05:34:32.820+0000] {logging_mixin.py:190} INFO - [2026-07-08T05:34:32.820+0000] {dagbag.py:588} INFO - Filling up the DagBag from /opt/airflow/dags/consumer_complaints_elt_v2.py
[2026-07-08T05:34:33.077+0000] {processor.py:925} INFO - DAG(s) 'consumer_complaints_full_load' retrieved from /opt/airflow/dags/consumer_complaints_elt_v2.py
[2026-07-08T05:34:33.104+0000] {logging_mixin.py:190} INFO - [2026-07-08T05:34:33.103+0000] {dag.py:3239} INFO - Sync 1 DAGs
[2026-07-08T05:34:33.129+0000] {logging_mixin.py:190} INFO - [2026-07-08T05:34:33.129+0000] {dag.py:4180} INFO - Setting next_dagrun for consumer_complaints_full_load to 2026-06-01 00:00:00+00:00, run_after=2026-07-01 00:00:00+00:00
[2026-07-08T05:34:33.153+0000] {processor.py:208} INFO - Processing /opt/airflow/dags/consumer_complaints_elt_v2.py took 0.341 seconds
[2026-07-08T05:35:03.242+0000] {processor.py:186} INFO - Started process (PID=854) to work on /opt/airflow/dags/consumer_complaints_elt_v2.py
[2026-07-08T05:35:03.243+0000] {processor.py:914} INFO - Processing file /opt/airflow/dags/consumer_complaints_elt_v2.py for tasks to queue
[2026-07-08T05:35:03.246+0000] {logging_mixin.py:190} INFO - [2026-07-08T05:35:03.245+0000] {dagbag.py:588} INFO - Filling up the DagBag from /opt/airflow/dags/consumer_complaints_elt_v2.py
[2026-07-08T05:35:03.483+0000] {processor.py:925} INFO - DAG(s) 'consumer_complaints_full_load' retrieved from /opt/airflow/dags/consumer_complaints_elt_v2.py
[2026-07-08T05:35:03.508+0000] {logging_mixin.py:190} INFO - [2026-07-08T05:35:03.508+0000] {dag.py:3239} INFO - Sync 1 DAGs
[2026-07-08T05:35:03.532+0000] {logging_mixin.py:190} INFO - [2026-07-08T05:35:03.532+0000] {dag.py:4180} INFO - Setting next_dagrun for consumer_complaints_full_load to 2026-06-01 00:00:00+00:00, run_after=2026-07-01 00:00:00+00:00
[2026-07-08T05:35:03.560+0000] {processor.py:208} INFO - Processing /opt/airflow/dags/consumer_complaints_elt_v2.py took 0.323 seconds
[2026-07-08T05:35:33.667+0000] {processor.py:186} INFO - Started process (PID=903) to work on /opt/airflow/dags/consumer_complaints_elt_v2.py
[2026-07-08T05:35:33.668+0000] {processor.py:914} INFO - Processing file /opt/airflow/dags/consumer_complaints_elt_v2.py for tasks to queue
[2026-07-08T05:35:33.672+0000] {logging_mixin.py:190} INFO - [2026-07-08T05:35:33.672+0000] {dagbag.py:588} INFO - Filling up the DagBag from /opt/airflow/dags/consumer_complaints_elt_v2.py
[2026-07-08T05:35:33.939+0000] {processor.py:925} INFO - DAG(s) 'consumer_complaints_full_load' retrieved from /opt/airflow/dags/consumer_complaints_elt_v2.py
[2026-07-08T05:35:33.971+0000] {logging_mixin.py:190} INFO - [2026-07-08T05:35:33.970+0000] {dag.py:3239} INFO - Sync 1 DAGs
[2026-07-08T05:35:33.996+0000] {logging_mixin.py:190} INFO - [2026-07-08T05:35:33.996+0000] {dag.py:4180} INFO - Setting next_dagrun for consumer_complaints_full_load to 2026-06-01 00:00:00+00:00, run_after=2026-07-01 00:00:00+00:00
[2026-07-08T05:35:34.021+0000] {processor.py:208} INFO - Processing /opt/airflow/dags/consumer_complaints_elt_v2.py took 0.360 seconds
[2026-07-08T05:36:04.728+0000] {processor.py:186} INFO - Started process (PID=952) to work on /opt/airflow/dags/consumer_complaints_elt_v2.py
[2026-07-08T05:36:04.729+0000] {processor.py:914} INFO - Processing file /opt/airflow/dags/consumer_complaints_elt_v2.py for tasks to queue
[2026-07-08T05:36:04.731+0000] {logging_mixin.py:190} INFO - [2026-07-08T05:36:04.731+0000] {dagbag.py:588} INFO - Filling up the DagBag from /opt/airflow/dags/consumer_complaints_elt_v2.py
[2026-07-08T05:36:04.974+0000] {processor.py:925} INFO - DAG(s) 'consumer_complaints_full_load' retrieved from /opt/airflow/dags/consumer_complaints_elt_v2.py
[2026-07-08T05:36:05.001+0000] {logging_mixin.py:190} INFO - [2026-07-08T05:36:05.001+0000] {dag.py:3239} INFO - Sync 1 DAGs
[2026-07-08T05:36:05.027+0000] {logging_mixin.py:190} INFO - [2026-07-08T05:36:05.026+0000] {dag.py:4180} INFO - Setting next_dagrun for consumer_complaints_full_load to 2026-06-01 00:00:00+00:00, run_after=2026-07-01 00:00:00+00:00
[2026-07-08T05:36:05.047+0000] {processor.py:208} INFO - Processing /opt/airflow/dags/consumer_complaints_elt_v2.py took 0.323 seconds
[2026-07-08T05:36:35.230+0000] {processor.py:186} INFO - Started process (PID=1001) to work on /opt/airflow/dags/consumer_complaints_elt_v2.py
[2026-07-08T05:36:35.232+0000] {processor.py:914} INFO - Processing file /opt/airflow/dags/consumer_complaints_elt_v2.py for tasks to queue
[2026-07-08T05:36:35.234+0000] {logging_mixin.py:190} INFO - [2026-07-08T05:36:35.234+0000] {dagbag.py:588} INFO - Filling up the DagBag from /opt/airflow/dags/consumer_complaints_elt_v2.py
[2026-07-08T05:36:35.496+0000] {processor.py:925} INFO - DAG(s) 'consumer_complaints_full_load' retrieved from /opt/airflow/dags/consumer_complaints_elt_v2.py
[2026-07-08T05:36:35.527+0000] {logging_mixin.py:190} INFO - [2026-07-08T05:36:35.527+0000] {dag.py:3239} INFO - Sync 1 DAGs
[2026-07-08T05:36:35.553+0000] {logging_mixin.py:190} INFO - [2026-07-08T05:36:35.553+0000] {dag.py:4180} INFO - Setting next_dagrun for consumer_complaints_full_load to 2026-06-01 00:00:00+00:00, run_after=2026-07-01 00:00:00+00:00
[2026-07-08T05:36:35.578+0000] {processor.py:208} INFO - Processing /opt/airflow/dags/consumer_complaints_elt_v2.py took 0.353 seconds
[2026-07-08T05:37:05.943+0000] {processor.py:186} INFO - Started process (PID=1050) to work on /opt/airflow/dags/consumer_complaints_elt_v2.py
[2026-07-08T05:37:05.944+0000] {processor.py:914} INFO - Processing file /opt/airflow/dags/consumer_complaints_elt_v2.py for tasks to queue
[2026-07-08T05:37:05.946+0000] {logging_mixin.py:190} INFO - [2026-07-08T05:37:05.946+0000] {dagbag.py:588} INFO - Filling up the DagBag from /opt/airflow/dags/consumer_complaints_elt_v2.py
[2026-07-08T05:37:06.198+0000] {processor.py:925} INFO - DAG(s) 'consumer_complaints_full_load' retrieved from /opt/airflow/dags/consumer_complaints_elt_v2.py
[2026-07-08T05:37:06.236+0000] {logging_mixin.py:190} INFO - [2026-07-08T05:37:06.235+0000] {dag.py:3239} INFO - Sync 1 DAGs
[2026-07-08T05:37:06.262+0000] {logging_mixin.py:190} INFO - [2026-07-08T05:37:06.262+0000] {dag.py:4180} INFO - Setting next_dagrun for consumer_complaints_full_load to 2026-06-01 00:00:00+00:00, run_after=2026-07-01 00:00:00+00:00
[2026-07-08T05:37:06.286+0000] {processor.py:208} INFO - Processing /opt/airflow/dags/consumer_complaints_elt_v2.py took 0.350 seconds
[2026-07-08T05:37:36.453+0000] {processor.py:186} INFO - Started process (PID=1099) to work on /opt/airflow/dags/consumer_complaints_elt_v2.py
[2026-07-08T05:37:36.456+0000] {processor.py:914} INFO - Processing file /opt/airflow/dags/consumer_complaints_elt_v2.py for tasks to queue
[2026-07-08T05:37:36.459+0000] {logging_mixin.py:190} INFO - [2026-07-08T05:37:36.458+0000] {dagbag.py:588} INFO - Filling up the DagBag from /opt/airflow/dags/consumer_complaints_elt_v2.py
[2026-07-08T05:37:36.702+0000] {processor.py:925} INFO - DAG(s) 'consumer_complaints_full_load' retrieved from /opt/airflow/dags/consumer_complaints_elt_v2.py
[2026-07-08T05:37:36.733+0000] {logging_mixin.py:190} INFO - [2026-07-08T05:37:36.733+0000] {dag.py:3239} INFO - Sync 1 DAGs
[2026-07-08T05:37:36.757+0000] {logging_mixin.py:190} INFO - [2026-07-08T05:37:36.757+0000] {dag.py:4180} INFO - Setting next_dagrun for consumer_complaints_full_load to 2026-06-01 00:00:00+00:00, run_after=2026-07-01 00:00:00+00:00
[2026-07-08T05:37:36.780+0000] {processor.py:208} INFO - Processing /opt/airflow/dags/consumer_complaints_elt_v2.py took 0.332 seconds
[2026-07-08T05:38:07.222+0000] {processor.py:186} INFO - Started process (PID=1161) to work on /opt/airflow/dags/consumer_complaints_elt_v2.py
[2026-07-08T05:38:07.224+0000] {processor.py:914} INFO - Processing file /opt/airflow/dags/consumer_complaints_elt_v2.py for tasks to queue
[2026-07-08T05:38:07.226+0000] {logging_mixin.py:190} INFO - [2026-07-08T05:38:07.226+0000] {dagbag.py:588} INFO - Filling up the DagBag from /opt/airflow/dags/consumer_complaints_elt_v2.py
[2026-07-08T05:38:07.462+0000] {processor.py:925} INFO - DAG(s) 'consumer_complaints_full_load' retrieved from /opt/airflow/dags/consumer_complaints_elt_v2.py
[2026-07-08T05:38:07.490+0000] {logging_mixin.py:190} INFO - [2026-07-08T05:38:07.489+0000] {dag.py:3239} INFO - Sync 1 DAGs
[2026-07-08T05:38:07.509+0000] {logging_mixin.py:190} INFO - [2026-07-08T05:38:07.509+0000] {dag.py:4180} INFO - Setting next_dagrun for consumer_complaints_full_load to 2026-06-01 00:00:00+00:00, run_after=2026-07-01 00:00:00+00:00
[2026-07-08T05:38:07.532+0000] {processor.py:208} INFO - Processing /opt/airflow/dags/consumer_complaints_elt_v2.py took 0.314 seconds
[2026-07-08T05:38:37.702+0000] {processor.py:186} INFO - Started process (PID=1210) to work on /opt/airflow/dags/consumer_complaints_elt_v2.py
[2026-07-08T05:38:37.704+0000] {processor.py:914} INFO - Processing file /opt/airflow/dags/consumer_complaints_elt_v2.py for tasks to queue
[2026-07-08T05:38:37.706+0000] {logging_mixin.py:190} INFO - [2026-07-08T05:38:37.706+0000] {dagbag.py:588} INFO - Filling up the DagBag from /opt/airflow/dags/consumer_complaints_elt_v2.py
[2026-07-08T05:38:37.970+0000] {processor.py:925} INFO - DAG(s) 'consumer_complaints_full_load' retrieved from /opt/airflow/dags/consumer_complaints_elt_v2.py
[2026-07-08T05:38:37.995+0000] {logging_mixin.py:190} INFO - [2026-07-08T05:38:37.995+0000] {dag.py:3239} INFO - Sync 1 DAGs
[2026-07-08T05:38:38.016+0000] {logging_mixin.py:190} INFO - [2026-07-08T05:38:38.016+0000] {dag.py:4180} INFO - Setting next_dagrun for consumer_complaints_full_load to 2026-06-01 00:00:00+00:00, run_after=2026-07-01 00:00:00+00:00
[2026-07-08T05:38:38.035+0000] {processor.py:208} INFO - Processing /opt/airflow/dags/consumer_complaints_elt_v2.py took 0.338 seconds
[2026-07-08T05:39:08.342+0000] {processor.py:186} INFO - Started process (PID=1246) to work on /opt/airflow/dags/consumer_complaints_elt_v2.py
[2026-07-08T05:39:08.344+0000] {processor.py:914} INFO - Processing file /opt/airflow/dags/consumer_complaints_elt_v2.py for tasks to queue
[2026-07-08T05:39:08.347+0000] {logging_mixin.py:190} INFO - [2026-07-08T05:39:08.346+0000] {dagbag.py:588} INFO - Filling up the DagBag from /opt/airflow/dags/consumer_complaints_elt_v2.py
[2026-07-08T05:39:08.589+0000] {processor.py:925} INFO - DAG(s) 'consumer_complaints_full_load' retrieved from /opt/airflow/dags/consumer_complaints_elt_v2.py
[2026-07-08T05:39:08.619+0000] {logging_mixin.py:190} INFO - [2026-07-08T05:39:08.619+0000] {dag.py:3239} INFO - Sync 1 DAGs
[2026-07-08T05:39:08.644+0000] {logging_mixin.py:190} INFO - [2026-07-08T05:39:08.644+0000] {dag.py:4180} INFO - Setting next_dagrun for consumer_complaints_full_load to 2026-06-01 00:00:00+00:00, run_after=2026-07-01 00:00:00+00:00
[2026-07-08T05:39:08.666+0000] {processor.py:208} INFO - Processing /opt/airflow/dags/consumer_complaints_elt_v2.py took 0.329 seconds
[2026-07-08T05:39:39.590+0000] {processor.py:186} INFO - Started process (PID=1295) to work on /opt/airflow/dags/consumer_complaints_elt_v2.py
[2026-07-08T05:39:39.592+0000] {processor.py:914} INFO - Processing file /opt/airflow/dags/consumer_complaints_elt_v2.py for tasks to queue
[2026-07-08T05:39:39.595+0000] {logging_mixin.py:190} INFO - [2026-07-08T05:39:39.594+0000] {dagbag.py:588} INFO - Filling up the DagBag from /opt/airflow/dags/consumer_complaints_elt_v2.py
[2026-07-08T05:39:39.862+0000] {processor.py:925} INFO - DAG(s) 'consumer_complaints_full_load' retrieved from /opt/airflow/dags/consumer_complaints_elt_v2.py
[2026-07-08T05:39:39.894+0000] {logging_mixin.py:190} INFO - [2026-07-08T05:39:39.893+0000] {dag.py:3239} INFO - Sync 1 DAGs
[2026-07-08T05:39:39.918+0000] {logging_mixin.py:190} INFO - [2026-07-08T05:39:39.917+0000] {dag.py:4180} INFO - Setting next_dagrun for consumer_complaints_full_load to 2026-06-01 00:00:00+00:00, run_after=2026-07-01 00:00:00+00:00
[2026-07-08T05:39:39.941+0000] {processor.py:208} INFO - Processing /opt/airflow/dags/consumer_complaints_elt_v2.py took 0.357 seconds
[2026-07-08T05:40:10.030+0000] {processor.py:186} INFO - Started process (PID=1344) to work on /opt/airflow/dags/consumer_complaints_elt_v2.py
[2026-07-08T05:40:10.031+0000] {processor.py:914} INFO - Processing file /opt/airflow/dags/consumer_complaints_elt_v2.py for tasks to queue
[2026-07-08T05:40:10.034+0000] {logging_mixin.py:190} INFO - [2026-07-08T05:40:10.034+0000] {dagbag.py:588} INFO - Filling up the DagBag from /opt/airflow/dags/consumer_complaints_elt_v2.py
[2026-07-08T05:40:10.292+0000] {processor.py:925} INFO - DAG(s) 'consumer_complaints_full_load' retrieved from /opt/airflow/dags/consumer_complaints_elt_v2.py
[2026-07-08T05:40:10.324+0000] {logging_mixin.py:190} INFO - [2026-07-08T05:40:10.324+0000] {dag.py:3239} INFO - Sync 1 DAGs
[2026-07-08T05:40:10.348+0000] {logging_mixin.py:190} INFO - [2026-07-08T05:40:10.348+0000] {dag.py:4180} INFO - Setting next_dagrun for consumer_complaints_full_load to 2026-06-01 00:00:00+00:00, run_after=2026-07-01 00:00:00+00:00
[2026-07-08T05:40:10.372+0000] {processor.py:208} INFO - Processing /opt/airflow/dags/consumer_complaints_elt_v2.py took 0.348 seconds
[2026-07-08T05:40:40.461+0000] {processor.py:186} INFO - Started process (PID=1393) to work on /opt/airflow/dags/consumer_complaints_elt_v2.py
[2026-07-08T05:40:40.462+0000] {processor.py:914} INFO - Processing file /opt/airflow/dags/consumer_complaints_elt_v2.py for tasks to queue
[2026-07-08T05:40:40.465+0000] {logging_mixin.py:190} INFO - [2026-07-08T05:40:40.465+0000] {dagbag.py:588} INFO - Filling up the DagBag from /opt/airflow/dags/consumer_complaints_elt_v2.py
[2026-07-08T05:40:40.724+0000] {processor.py:925} INFO - DAG(s) 'consumer_complaints_full_load' retrieved from /opt/airflow/dags/consumer_complaints_elt_v2.py
[2026-07-08T05:40:40.750+0000] {logging_mixin.py:190} INFO - [2026-07-08T05:40:40.749+0000] {dag.py:3239} INFO - Sync 1 DAGs
[2026-07-08T05:40:40.774+0000] {logging_mixin.py:190} INFO - [2026-07-08T05:40:40.774+0000] {dag.py:4180} INFO - Setting next_dagrun for consumer_complaints_full_load to 2026-06-01 00:00:00+00:00, run_after=2026-07-01 00:00:00+00:00
[2026-07-08T05:40:40.796+0000] {processor.py:208} INFO - Processing /opt/airflow/dags/consumer_complaints_elt_v2.py took 0.341 seconds
[2026-07-08T05:41:10.982+0000] {processor.py:186} INFO - Started process (PID=1442) to work on /opt/airflow/dags/consumer_complaints_elt_v2.py
[2026-07-08T05:41:10.983+0000] {processor.py:914} INFO - Processing file /opt/airflow/dags/consumer_complaints_elt_v2.py for tasks to queue
[2026-07-08T05:41:10.986+0000] {logging_mixin.py:190} INFO - [2026-07-08T05:41:10.986+0000] {dagbag.py:588} INFO - Filling up the DagBag from /opt/airflow/dags/consumer_complaints_elt_v2.py
[2026-07-08T05:41:11.223+0000] {processor.py:925} INFO - DAG(s) 'consumer_complaints_full_load' retrieved from /opt/airflow/dags/consumer_complaints_elt_v2.py
[2026-07-08T05:41:11.252+0000] {logging_mixin.py:190} INFO - [2026-07-08T05:41:11.251+0000] {dag.py:3239} INFO - Sync 1 DAGs
[2026-07-08T05:41:11.276+0000] {logging_mixin.py:190} INFO - [2026-07-08T05:41:11.276+0000] {dag.py:4180} INFO - Setting next_dagrun for consumer_complaints_full_load to 2026-06-01 00:00:00+00:00, run_after=2026-07-01 00:00:00+00:00
[2026-07-08T05:41:11.298+0000] {processor.py:208} INFO - Processing /opt/airflow/dags/consumer_complaints_elt_v2.py took 0.322 seconds
[2026-07-08T05:41:42.187+0000] {processor.py:186} INFO - Started process (PID=1491) to work on /opt/airflow/dags/consumer_complaints_elt_v2.py
[2026-07-08T05:41:42.188+0000] {processor.py:914} INFO - Processing file /opt/airflow/dags/consumer_complaints_elt_v2.py for tasks to queue
[2026-07-08T05:41:42.191+0000] {logging_mixin.py:190} INFO - [2026-07-08T05:41:42.190+0000] {dagbag.py:588} INFO - Filling up the DagBag from /opt/airflow/dags/consumer_complaints_elt_v2.py
[2026-07-08T05:41:42.449+0000] {processor.py:925} INFO - DAG(s) 'consumer_complaints_full_load' retrieved from /opt/airflow/dags/consumer_complaints_elt_v2.py
[2026-07-08T05:41:42.475+0000] {logging_mixin.py:190} INFO - [2026-07-08T05:41:42.474+0000] {dag.py:3239} INFO - Sync 1 DAGs
[2026-07-08T05:41:42.498+0000] {logging_mixin.py:190} INFO - [2026-07-08T05:41:42.498+0000] {dag.py:4180} INFO - Setting next_dagrun for consumer_complaints_full_load to 2026-06-01 00:00:00+00:00, run_after=2026-07-01 00:00:00+00:00
[2026-07-08T05:41:42.521+0000] {processor.py:208} INFO - Processing /opt/airflow/dags/consumer_complaints_elt_v2.py took 0.341 seconds
[2026-07-08T05:42:12.604+0000] {processor.py:186} INFO - Started process (PID=1540) to work on /opt/airflow/dags/consumer_complaints_elt_v2.py
[2026-07-08T05:42:12.606+0000] {processor.py:914} INFO - Processing file /opt/airflow/dags/consumer_complaints_elt_v2.py for tasks to queue
[2026-07-08T05:42:12.608+0000] {logging_mixin.py:190} INFO - [2026-07-08T05:42:12.608+0000] {dagbag.py:588} INFO - Filling up the DagBag from /opt/airflow/dags/consumer_complaints_elt_v2.py
[2026-07-08T05:42:12.857+0000] {processor.py:925} INFO - DAG(s) 'consumer_complaints_full_load' retrieved from /opt/airflow/dags/consumer_complaints_elt_v2.py
[2026-07-08T05:42:12.893+0000] {logging_mixin.py:190} INFO - [2026-07-08T05:42:12.893+0000] {dag.py:3239} INFO - Sync 1 DAGs
[2026-07-08T05:42:12.922+0000] {logging_mixin.py:190} INFO - [2026-07-08T05:42:12.922+0000] {dag.py:4180} INFO - Setting next_dagrun for consumer_complaints_full_load to 2026-06-01 00:00:00+00:00, run_after=2026-07-01 00:00:00+00:00
[2026-07-08T05:42:12.946+0000] {processor.py:208} INFO - Processing /opt/airflow/dags/consumer_complaints_elt_v2.py took 0.348 seconds
