[2026-07-08T05:28:25.741+0000] {processor.py:186} INFO - Started process (PID=198) to work on /opt/airflow/dags/setup_infrastructure_dag_v2.py
[2026-07-08T05:28:25.742+0000] {processor.py:914} INFO - Processing file /opt/airflow/dags/setup_infrastructure_dag_v2.py for tasks to queue
[2026-07-08T05:28:25.746+0000] {logging_mixin.py:190} INFO - [2026-07-08T05:28:25.746+0000] {dagbag.py:588} INFO - Filling up the DagBag from /opt/airflow/dags/setup_infrastructure_dag_v2.py
[2026-07-08T05:28:25.789+0000] {processor.py:925} INFO - DAG(s) 'setup_lakehouse_infrastructure_v2' retrieved from /opt/airflow/dags/setup_infrastructure_dag_v2.py
[2026-07-08T05:28:25.810+0000] {logging_mixin.py:190} INFO - [2026-07-08T05:28:25.810+0000] {dag.py:3239} INFO - Sync 1 DAGs
[2026-07-08T05:28:25.837+0000] {logging_mixin.py:190} INFO - [2026-07-08T05:28:25.837+0000] {dag.py:4180} INFO - Setting next_dagrun for setup_lakehouse_infrastructure_v2 to 2024-01-01 00:00:00+00:00, run_after=2024-01-01 00:00:00+00:00
[2026-07-08T05:28:25.866+0000] {processor.py:208} INFO - Processing /opt/airflow/dags/setup_infrastructure_dag_v2.py took 0.131 seconds
[2026-07-08T05:28:56.349+0000] {processor.py:186} INFO - Started process (PID=247) to work on /opt/airflow/dags/setup_infrastructure_dag_v2.py
[2026-07-08T05:28:56.350+0000] {processor.py:914} INFO - Processing file /opt/airflow/dags/setup_infrastructure_dag_v2.py for tasks to queue
[2026-07-08T05:28:56.353+0000] {logging_mixin.py:190} INFO - [2026-07-08T05:28:56.353+0000] {dagbag.py:588} INFO - Filling up the DagBag from /opt/airflow/dags/setup_infrastructure_dag_v2.py
[2026-07-08T05:28:56.390+0000] {processor.py:925} INFO - DAG(s) 'setup_lakehouse_infrastructure_v2' retrieved from /opt/airflow/dags/setup_infrastructure_dag_v2.py
[2026-07-08T05:28:56.459+0000] {logging_mixin.py:190} INFO - [2026-07-08T05:28:56.459+0000] {dag.py:3239} INFO - Sync 1 DAGs
[2026-07-08T05:28:56.485+0000] {logging_mixin.py:190} INFO - [2026-07-08T05:28:56.485+0000] {dag.py:4180} INFO - Setting next_dagrun for setup_lakehouse_infrastructure_v2 to 2024-01-01 00:00:00+00:00, run_after=2024-01-01 00:00:00+00:00
[2026-07-08T05:28:56.529+0000] {processor.py:208} INFO - Processing /opt/airflow/dags/setup_infrastructure_dag_v2.py took 0.187 seconds
[2026-07-08T05:29:27.211+0000] {processor.py:186} INFO - Started process (PID=298) to work on /opt/airflow/dags/setup_infrastructure_dag_v2.py
[2026-07-08T05:29:27.214+0000] {processor.py:914} INFO - Processing file /opt/airflow/dags/setup_infrastructure_dag_v2.py for tasks to queue
[2026-07-08T05:29:27.216+0000] {logging_mixin.py:190} INFO - [2026-07-08T05:29:27.216+0000] {dagbag.py:588} INFO - Filling up the DagBag from /opt/airflow/dags/setup_infrastructure_dag_v2.py
[2026-07-08T05:29:27.254+0000] {processor.py:925} INFO - DAG(s) 'setup_lakehouse_infrastructure_v2' retrieved from /opt/airflow/dags/setup_infrastructure_dag_v2.py
[2026-07-08T05:29:27.278+0000] {logging_mixin.py:190} INFO - [2026-07-08T05:29:27.278+0000] {dag.py:3239} INFO - Sync 1 DAGs
[2026-07-08T05:29:27.299+0000] {logging_mixin.py:190} INFO - [2026-07-08T05:29:27.299+0000] {dag.py:4180} INFO - Setting next_dagrun for setup_lakehouse_infrastructure_v2 to 2024-01-01 00:00:00+00:00, run_after=2024-01-01 00:00:00+00:00
[2026-07-08T05:29:27.317+0000] {processor.py:208} INFO - Processing /opt/airflow/dags/setup_infrastructure_dag_v2.py took 0.111 seconds
[2026-07-08T05:29:57.558+0000] {processor.py:186} INFO - Started process (PID=350) to work on /opt/airflow/dags/setup_infrastructure_dag_v2.py
[2026-07-08T05:29:57.559+0000] {processor.py:914} INFO - Processing file /opt/airflow/dags/setup_infrastructure_dag_v2.py for tasks to queue
[2026-07-08T05:29:57.561+0000] {logging_mixin.py:190} INFO - [2026-07-08T05:29:57.561+0000] {dagbag.py:588} INFO - Filling up the DagBag from /opt/airflow/dags/setup_infrastructure_dag_v2.py
[2026-07-08T05:29:57.586+0000] {processor.py:925} INFO - DAG(s) 'setup_lakehouse_infrastructure_v2' retrieved from /opt/airflow/dags/setup_infrastructure_dag_v2.py
[2026-07-08T05:29:57.611+0000] {logging_mixin.py:190} INFO - [2026-07-08T05:29:57.611+0000] {dag.py:3239} INFO - Sync 1 DAGs
[2026-07-08T05:29:57.636+0000] {logging_mixin.py:190} INFO - [2026-07-08T05:29:57.636+0000] {dag.py:4180} INFO - Setting next_dagrun for setup_lakehouse_infrastructure_v2 to 2024-01-01 00:00:00+00:00, run_after=2024-01-01 00:00:00+00:00
[2026-07-08T05:29:57.664+0000] {processor.py:208} INFO - Processing /opt/airflow/dags/setup_infrastructure_dag_v2.py took 0.111 seconds
[2026-07-08T05:30:27.990+0000] {processor.py:186} INFO - Started process (PID=419) to work on /opt/airflow/dags/setup_infrastructure_dag_v2.py
[2026-07-08T05:30:27.991+0000] {processor.py:914} INFO - Processing file /opt/airflow/dags/setup_infrastructure_dag_v2.py for tasks to queue
[2026-07-08T05:30:27.993+0000] {logging_mixin.py:190} INFO - [2026-07-08T05:30:27.993+0000] {dagbag.py:588} INFO - Filling up the DagBag from /opt/airflow/dags/setup_infrastructure_dag_v2.py
[2026-07-08T05:30:28.019+0000] {processor.py:925} INFO - DAG(s) 'setup_lakehouse_infrastructure_v2' retrieved from /opt/airflow/dags/setup_infrastructure_dag_v2.py
[2026-07-08T05:30:28.050+0000] {logging_mixin.py:190} INFO - [2026-07-08T05:30:28.050+0000] {dag.py:3239} INFO - Sync 1 DAGs
[2026-07-08T05:30:28.075+0000] {logging_mixin.py:190} INFO - [2026-07-08T05:30:28.075+0000] {dag.py:4180} INFO - Setting next_dagrun for setup_lakehouse_infrastructure_v2 to 2024-01-01 00:00:00+00:00, run_after=2024-01-01 00:00:00+00:00
[2026-07-08T05:30:28.104+0000] {processor.py:208} INFO - Processing /opt/airflow/dags/setup_infrastructure_dag_v2.py took 0.120 seconds
[2026-07-08T05:30:58.395+0000] {processor.py:186} INFO - Started process (PID=468) to work on /opt/airflow/dags/setup_infrastructure_dag_v2.py
[2026-07-08T05:30:58.396+0000] {processor.py:914} INFO - Processing file /opt/airflow/dags/setup_infrastructure_dag_v2.py for tasks to queue
[2026-07-08T05:30:58.398+0000] {logging_mixin.py:190} INFO - [2026-07-08T05:30:58.398+0000] {dagbag.py:588} INFO - Filling up the DagBag from /opt/airflow/dags/setup_infrastructure_dag_v2.py
[2026-07-08T05:30:58.421+0000] {processor.py:925} INFO - DAG(s) 'setup_lakehouse_infrastructure_v2' retrieved from /opt/airflow/dags/setup_infrastructure_dag_v2.py
[2026-07-08T05:30:58.445+0000] {logging_mixin.py:190} INFO - [2026-07-08T05:30:58.445+0000] {dag.py:3239} INFO - Sync 1 DAGs
[2026-07-08T05:30:58.466+0000] {logging_mixin.py:190} INFO - [2026-07-08T05:30:58.465+0000] {dag.py:4180} INFO - Setting next_dagrun for setup_lakehouse_infrastructure_v2 to 2024-01-01 00:00:00+00:00, run_after=2024-01-01 00:00:00+00:00
[2026-07-08T05:30:58.491+0000] {processor.py:208} INFO - Processing /opt/airflow/dags/setup_infrastructure_dag_v2.py took 0.101 seconds
[2026-07-08T05:31:28.681+0000] {processor.py:186} INFO - Started process (PID=512) to work on /opt/airflow/dags/setup_infrastructure_dag_v2.py
[2026-07-08T05:31:28.682+0000] {processor.py:914} INFO - Processing file /opt/airflow/dags/setup_infrastructure_dag_v2.py for tasks to queue
[2026-07-08T05:31:28.686+0000] {logging_mixin.py:190} INFO - [2026-07-08T05:31:28.686+0000] {dagbag.py:588} INFO - Filling up the DagBag from /opt/airflow/dags/setup_infrastructure_dag_v2.py
[2026-07-08T05:31:28.718+0000] {processor.py:925} INFO - DAG(s) 'setup_lakehouse_infrastructure_v2' retrieved from /opt/airflow/dags/setup_infrastructure_dag_v2.py
[2026-07-08T05:31:28.744+0000] {logging_mixin.py:190} INFO - [2026-07-08T05:31:28.743+0000] {dag.py:3239} INFO - Sync 1 DAGs
[2026-07-08T05:31:28.767+0000] {logging_mixin.py:190} INFO - [2026-07-08T05:31:28.767+0000] {dag.py:4180} INFO - Setting next_dagrun for setup_lakehouse_infrastructure_v2 to 2024-01-01 00:00:00+00:00, run_after=2024-01-01 00:00:00+00:00
[2026-07-08T05:31:28.788+0000] {processor.py:208} INFO - Processing /opt/airflow/dags/setup_infrastructure_dag_v2.py took 0.112 seconds
[2026-07-08T05:31:58.853+0000] {processor.py:186} INFO - Started process (PID=550) to work on /opt/airflow/dags/setup_infrastructure_dag_v2.py
[2026-07-08T05:31:58.854+0000] {processor.py:914} INFO - Processing file /opt/airflow/dags/setup_infrastructure_dag_v2.py for tasks to queue
[2026-07-08T05:31:58.856+0000] {logging_mixin.py:190} INFO - [2026-07-08T05:31:58.856+0000] {dagbag.py:588} INFO - Filling up the DagBag from /opt/airflow/dags/setup_infrastructure_dag_v2.py
[2026-07-08T05:31:58.878+0000] {processor.py:925} INFO - DAG(s) 'setup_lakehouse_infrastructure_v2' retrieved from /opt/airflow/dags/setup_infrastructure_dag_v2.py
[2026-07-08T05:31:58.906+0000] {logging_mixin.py:190} INFO - [2026-07-08T05:31:58.905+0000] {dag.py:3239} INFO - Sync 1 DAGs
[2026-07-08T05:31:58.932+0000] {logging_mixin.py:190} INFO - [2026-07-08T05:31:58.932+0000] {dag.py:4180} INFO - Setting next_dagrun for setup_lakehouse_infrastructure_v2 to 2024-01-01 00:00:00+00:00, run_after=2024-01-01 00:00:00+00:00
[2026-07-08T05:31:58.959+0000] {processor.py:208} INFO - Processing /opt/airflow/dags/setup_infrastructure_dag_v2.py took 0.111 seconds
[2026-07-08T05:32:29.157+0000] {processor.py:186} INFO - Started process (PID=596) to work on /opt/airflow/dags/setup_infrastructure_dag_v2.py
[2026-07-08T05:32:29.158+0000] {processor.py:914} INFO - Processing file /opt/airflow/dags/setup_infrastructure_dag_v2.py for tasks to queue
[2026-07-08T05:32:29.160+0000] {logging_mixin.py:190} INFO - [2026-07-08T05:32:29.160+0000] {dagbag.py:588} INFO - Filling up the DagBag from /opt/airflow/dags/setup_infrastructure_dag_v2.py
[2026-07-08T05:32:29.175+0000] {processor.py:925} INFO - DAG(s) 'setup_lakehouse_infrastructure_v2' retrieved from /opt/airflow/dags/setup_infrastructure_dag_v2.py
[2026-07-08T05:32:29.198+0000] {logging_mixin.py:190} INFO - [2026-07-08T05:32:29.197+0000] {dag.py:3239} INFO - Sync 1 DAGs
[2026-07-08T05:32:29.218+0000] {logging_mixin.py:190} INFO - [2026-07-08T05:32:29.217+0000] {dag.py:4180} INFO - Setting next_dagrun for setup_lakehouse_infrastructure_v2 to 2024-01-01 00:00:00+00:00, run_after=2024-01-01 00:00:00+00:00
[2026-07-08T05:32:29.248+0000] {processor.py:208} INFO - Processing /opt/airflow/dags/setup_infrastructure_dag_v2.py took 0.096 seconds
[2026-07-08T05:32:59.416+0000] {processor.py:186} INFO - Started process (PID=645) to work on /opt/airflow/dags/setup_infrastructure_dag_v2.py
[2026-07-08T05:32:59.417+0000] {processor.py:914} INFO - Processing file /opt/airflow/dags/setup_infrastructure_dag_v2.py for tasks to queue
[2026-07-08T05:32:59.420+0000] {logging_mixin.py:190} INFO - [2026-07-08T05:32:59.420+0000] {dagbag.py:588} INFO - Filling up the DagBag from /opt/airflow/dags/setup_infrastructure_dag_v2.py
[2026-07-08T05:32:59.449+0000] {processor.py:925} INFO - DAG(s) 'setup_lakehouse_infrastructure_v2' retrieved from /opt/airflow/dags/setup_infrastructure_dag_v2.py
[2026-07-08T05:32:59.473+0000] {logging_mixin.py:190} INFO - [2026-07-08T05:32:59.473+0000] {dag.py:3239} INFO - Sync 1 DAGs
[2026-07-08T05:32:59.494+0000] {logging_mixin.py:190} INFO - [2026-07-08T05:32:59.494+0000] {dag.py:4180} INFO - Setting next_dagrun for setup_lakehouse_infrastructure_v2 to 2024-01-01 00:00:00+00:00, run_after=2024-01-01 00:00:00+00:00
[2026-07-08T05:32:59.520+0000] {processor.py:208} INFO - Processing /opt/airflow/dags/setup_infrastructure_dag_v2.py took 0.110 seconds
[2026-07-08T05:33:29.866+0000] {processor.py:186} INFO - Started process (PID=694) to work on /opt/airflow/dags/setup_infrastructure_dag_v2.py
[2026-07-08T05:33:29.867+0000] {processor.py:914} INFO - Processing file /opt/airflow/dags/setup_infrastructure_dag_v2.py for tasks to queue
[2026-07-08T05:33:29.869+0000] {logging_mixin.py:190} INFO - [2026-07-08T05:33:29.869+0000] {dagbag.py:588} INFO - Filling up the DagBag from /opt/airflow/dags/setup_infrastructure_dag_v2.py
[2026-07-08T05:33:29.895+0000] {processor.py:925} INFO - DAG(s) 'setup_lakehouse_infrastructure_v2' retrieved from /opt/airflow/dags/setup_infrastructure_dag_v2.py
[2026-07-08T05:33:29.922+0000] {logging_mixin.py:190} INFO - [2026-07-08T05:33:29.921+0000] {dag.py:3239} INFO - Sync 1 DAGs
[2026-07-08T05:33:29.947+0000] {logging_mixin.py:190} INFO - [2026-07-08T05:33:29.946+0000] {dag.py:4180} INFO - Setting next_dagrun for setup_lakehouse_infrastructure_v2 to 2024-01-01 00:00:00+00:00, run_after=2024-01-01 00:00:00+00:00
[2026-07-08T05:33:29.969+0000] {processor.py:208} INFO - Processing /opt/airflow/dags/setup_infrastructure_dag_v2.py took 0.108 seconds
[2026-07-08T05:34:00.368+0000] {processor.py:186} INFO - Started process (PID=743) to work on /opt/airflow/dags/setup_infrastructure_dag_v2.py
[2026-07-08T05:34:00.369+0000] {processor.py:914} INFO - Processing file /opt/airflow/dags/setup_infrastructure_dag_v2.py for tasks to queue
[2026-07-08T05:34:00.372+0000] {logging_mixin.py:190} INFO - [2026-07-08T05:34:00.372+0000] {dagbag.py:588} INFO - Filling up the DagBag from /opt/airflow/dags/setup_infrastructure_dag_v2.py
[2026-07-08T05:34:00.399+0000] {processor.py:925} INFO - DAG(s) 'setup_lakehouse_infrastructure_v2' retrieved from /opt/airflow/dags/setup_infrastructure_dag_v2.py
[2026-07-08T05:34:00.430+0000] {logging_mixin.py:190} INFO - [2026-07-08T05:34:00.430+0000] {dag.py:3239} INFO - Sync 1 DAGs
[2026-07-08T05:34:00.459+0000] {logging_mixin.py:190} INFO - [2026-07-08T05:34:00.459+0000] {dag.py:4180} INFO - Setting next_dagrun for setup_lakehouse_infrastructure_v2 to 2024-01-01 00:00:00+00:00, run_after=2024-01-01 00:00:00+00:00
[2026-07-08T05:34:00.485+0000] {processor.py:208} INFO - Processing /opt/airflow/dags/setup_infrastructure_dag_v2.py took 0.122 seconds
[2026-07-08T05:34:30.762+0000] {processor.py:186} INFO - Started process (PID=792) to work on /opt/airflow/dags/setup_infrastructure_dag_v2.py
[2026-07-08T05:34:30.763+0000] {processor.py:914} INFO - Processing file /opt/airflow/dags/setup_infrastructure_dag_v2.py for tasks to queue
[2026-07-08T05:34:30.765+0000] {logging_mixin.py:190} INFO - [2026-07-08T05:34:30.765+0000] {dagbag.py:588} INFO - Filling up the DagBag from /opt/airflow/dags/setup_infrastructure_dag_v2.py
[2026-07-08T05:34:30.788+0000] {processor.py:925} INFO - DAG(s) 'setup_lakehouse_infrastructure_v2' retrieved from /opt/airflow/dags/setup_infrastructure_dag_v2.py
[2026-07-08T05:34:30.820+0000] {logging_mixin.py:190} INFO - [2026-07-08T05:34:30.820+0000] {dag.py:3239} INFO - Sync 1 DAGs
[2026-07-08T05:34:30.845+0000] {logging_mixin.py:190} INFO - [2026-07-08T05:34:30.845+0000] {dag.py:4180} INFO - Setting next_dagrun for setup_lakehouse_infrastructure_v2 to 2024-01-01 00:00:00+00:00, run_after=2024-01-01 00:00:00+00:00
[2026-07-08T05:34:30.867+0000] {processor.py:208} INFO - Processing /opt/airflow/dags/setup_infrastructure_dag_v2.py took 0.111 seconds
[2026-07-08T05:35:01.175+0000] {processor.py:186} INFO - Started process (PID=841) to work on /opt/airflow/dags/setup_infrastructure_dag_v2.py
[2026-07-08T05:35:01.176+0000] {processor.py:914} INFO - Processing file /opt/airflow/dags/setup_infrastructure_dag_v2.py for tasks to queue
[2026-07-08T05:35:01.178+0000] {logging_mixin.py:190} INFO - [2026-07-08T05:35:01.178+0000] {dagbag.py:588} INFO - Filling up the DagBag from /opt/airflow/dags/setup_infrastructure_dag_v2.py
[2026-07-08T05:35:01.202+0000] {processor.py:925} INFO - DAG(s) 'setup_lakehouse_infrastructure_v2' retrieved from /opt/airflow/dags/setup_infrastructure_dag_v2.py
[2026-07-08T05:35:01.231+0000] {logging_mixin.py:190} INFO - [2026-07-08T05:35:01.231+0000] {dag.py:3239} INFO - Sync 1 DAGs
[2026-07-08T05:35:01.256+0000] {logging_mixin.py:190} INFO - [2026-07-08T05:35:01.256+0000] {dag.py:4180} INFO - Setting next_dagrun for setup_lakehouse_infrastructure_v2 to 2024-01-01 00:00:00+00:00, run_after=2024-01-01 00:00:00+00:00
[2026-07-08T05:35:01.279+0000] {processor.py:208} INFO - Processing /opt/airflow/dags/setup_infrastructure_dag_v2.py took 0.110 seconds
[2026-07-08T05:35:31.445+0000] {processor.py:186} INFO - Started process (PID=890) to work on /opt/airflow/dags/setup_infrastructure_dag_v2.py
[2026-07-08T05:35:31.446+0000] {processor.py:914} INFO - Processing file /opt/airflow/dags/setup_infrastructure_dag_v2.py for tasks to queue
[2026-07-08T05:35:31.448+0000] {logging_mixin.py:190} INFO - [2026-07-08T05:35:31.448+0000] {dagbag.py:588} INFO - Filling up the DagBag from /opt/airflow/dags/setup_infrastructure_dag_v2.py
[2026-07-08T05:35:31.477+0000] {processor.py:925} INFO - DAG(s) 'setup_lakehouse_infrastructure_v2' retrieved from /opt/airflow/dags/setup_infrastructure_dag_v2.py
[2026-07-08T05:35:31.508+0000] {logging_mixin.py:190} INFO - [2026-07-08T05:35:31.508+0000] {dag.py:3239} INFO - Sync 1 DAGs
[2026-07-08T05:35:31.532+0000] {logging_mixin.py:190} INFO - [2026-07-08T05:35:31.532+0000] {dag.py:4180} INFO - Setting next_dagrun for setup_lakehouse_infrastructure_v2 to 2024-01-01 00:00:00+00:00, run_after=2024-01-01 00:00:00+00:00
[2026-07-08T05:35:31.561+0000] {processor.py:208} INFO - Processing /opt/airflow/dags/setup_infrastructure_dag_v2.py took 0.121 seconds
[2026-07-08T05:36:01.646+0000] {processor.py:186} INFO - Started process (PID=939) to work on /opt/airflow/dags/setup_infrastructure_dag_v2.py
[2026-07-08T05:36:01.647+0000] {processor.py:914} INFO - Processing file /opt/airflow/dags/setup_infrastructure_dag_v2.py for tasks to queue
[2026-07-08T05:36:01.649+0000] {logging_mixin.py:190} INFO - [2026-07-08T05:36:01.649+0000] {dagbag.py:588} INFO - Filling up the DagBag from /opt/airflow/dags/setup_infrastructure_dag_v2.py
[2026-07-08T05:36:01.677+0000] {processor.py:925} INFO - DAG(s) 'setup_lakehouse_infrastructure_v2' retrieved from /opt/airflow/dags/setup_infrastructure_dag_v2.py
[2026-07-08T05:36:01.713+0000] {logging_mixin.py:190} INFO - [2026-07-08T05:36:01.713+0000] {dag.py:3239} INFO - Sync 1 DAGs
[2026-07-08T05:36:01.738+0000] {logging_mixin.py:190} INFO - [2026-07-08T05:36:01.737+0000] {dag.py:4180} INFO - Setting next_dagrun for setup_lakehouse_infrastructure_v2 to 2024-01-01 00:00:00+00:00, run_after=2024-01-01 00:00:00+00:00
[2026-07-08T05:36:01.763+0000] {processor.py:208} INFO - Processing /opt/airflow/dags/setup_infrastructure_dag_v2.py took 0.123 seconds
[2026-07-08T05:36:32.003+0000] {processor.py:186} INFO - Started process (PID=988) to work on /opt/airflow/dags/setup_infrastructure_dag_v2.py
[2026-07-08T05:36:32.004+0000] {processor.py:914} INFO - Processing file /opt/airflow/dags/setup_infrastructure_dag_v2.py for tasks to queue
[2026-07-08T05:36:32.007+0000] {logging_mixin.py:190} INFO - [2026-07-08T05:36:32.007+0000] {dagbag.py:588} INFO - Filling up the DagBag from /opt/airflow/dags/setup_infrastructure_dag_v2.py
[2026-07-08T05:36:32.035+0000] {processor.py:925} INFO - DAG(s) 'setup_lakehouse_infrastructure_v2' retrieved from /opt/airflow/dags/setup_infrastructure_dag_v2.py
[2026-07-08T05:36:32.062+0000] {logging_mixin.py:190} INFO - [2026-07-08T05:36:32.062+0000] {dag.py:3239} INFO - Sync 1 DAGs
[2026-07-08T05:36:32.086+0000] {logging_mixin.py:190} INFO - [2026-07-08T05:36:32.086+0000] {dag.py:4180} INFO - Setting next_dagrun for setup_lakehouse_infrastructure_v2 to 2024-01-01 00:00:00+00:00, run_after=2024-01-01 00:00:00+00:00
[2026-07-08T05:36:32.110+0000] {processor.py:208} INFO - Processing /opt/airflow/dags/setup_infrastructure_dag_v2.py took 0.111 seconds
[2026-07-08T05:37:02.858+0000] {processor.py:186} INFO - Started process (PID=1037) to work on /opt/airflow/dags/setup_infrastructure_dag_v2.py
[2026-07-08T05:37:02.859+0000] {processor.py:914} INFO - Processing file /opt/airflow/dags/setup_infrastructure_dag_v2.py for tasks to queue
[2026-07-08T05:37:02.862+0000] {logging_mixin.py:190} INFO - [2026-07-08T05:37:02.862+0000] {dagbag.py:588} INFO - Filling up the DagBag from /opt/airflow/dags/setup_infrastructure_dag_v2.py
[2026-07-08T05:37:02.889+0000] {processor.py:925} INFO - DAG(s) 'setup_lakehouse_infrastructure_v2' retrieved from /opt/airflow/dags/setup_infrastructure_dag_v2.py
[2026-07-08T05:37:02.917+0000] {logging_mixin.py:190} INFO - [2026-07-08T05:37:02.916+0000] {dag.py:3239} INFO - Sync 1 DAGs
[2026-07-08T05:37:02.939+0000] {logging_mixin.py:190} INFO - [2026-07-08T05:37:02.939+0000] {dag.py:4180} INFO - Setting next_dagrun for setup_lakehouse_infrastructure_v2 to 2024-01-01 00:00:00+00:00, run_after=2024-01-01 00:00:00+00:00
[2026-07-08T05:37:02.964+0000] {processor.py:208} INFO - Processing /opt/airflow/dags/setup_infrastructure_dag_v2.py took 0.112 seconds
[2026-07-08T05:37:33.223+0000] {processor.py:186} INFO - Started process (PID=1086) to work on /opt/airflow/dags/setup_infrastructure_dag_v2.py
[2026-07-08T05:37:33.224+0000] {processor.py:914} INFO - Processing file /opt/airflow/dags/setup_infrastructure_dag_v2.py for tasks to queue
[2026-07-08T05:37:33.227+0000] {logging_mixin.py:190} INFO - [2026-07-08T05:37:33.226+0000] {dagbag.py:588} INFO - Filling up the DagBag from /opt/airflow/dags/setup_infrastructure_dag_v2.py
[2026-07-08T05:37:33.266+0000] {processor.py:925} INFO - DAG(s) 'setup_lakehouse_infrastructure_v2' retrieved from /opt/airflow/dags/setup_infrastructure_dag_v2.py
[2026-07-08T05:37:33.297+0000] {logging_mixin.py:190} INFO - [2026-07-08T05:37:33.296+0000] {dag.py:3239} INFO - Sync 1 DAGs
[2026-07-08T05:37:33.320+0000] {logging_mixin.py:190} INFO - [2026-07-08T05:37:33.319+0000] {dag.py:4180} INFO - Setting next_dagrun for setup_lakehouse_infrastructure_v2 to 2024-01-01 00:00:00+00:00, run_after=2024-01-01 00:00:00+00:00
[2026-07-08T05:37:33.344+0000] {processor.py:208} INFO - Processing /opt/airflow/dags/setup_infrastructure_dag_v2.py took 0.126 seconds
[2026-07-08T05:38:03.637+0000] {processor.py:186} INFO - Started process (PID=1135) to work on /opt/airflow/dags/setup_infrastructure_dag_v2.py
[2026-07-08T05:38:03.638+0000] {processor.py:914} INFO - Processing file /opt/airflow/dags/setup_infrastructure_dag_v2.py for tasks to queue
[2026-07-08T05:38:03.640+0000] {logging_mixin.py:190} INFO - [2026-07-08T05:38:03.639+0000] {dagbag.py:588} INFO - Filling up the DagBag from /opt/airflow/dags/setup_infrastructure_dag_v2.py
[2026-07-08T05:38:03.665+0000] {processor.py:925} INFO - DAG(s) 'setup_lakehouse_infrastructure_v2' retrieved from /opt/airflow/dags/setup_infrastructure_dag_v2.py
[2026-07-08T05:38:03.695+0000] {logging_mixin.py:190} INFO - [2026-07-08T05:38:03.694+0000] {dag.py:3239} INFO - Sync 1 DAGs
[2026-07-08T05:38:03.718+0000] {logging_mixin.py:190} INFO - [2026-07-08T05:38:03.717+0000] {dag.py:4180} INFO - Setting next_dagrun for setup_lakehouse_infrastructure_v2 to 2024-01-01 00:00:00+00:00, run_after=2024-01-01 00:00:00+00:00
[2026-07-08T05:38:03.741+0000] {processor.py:208} INFO - Processing /opt/airflow/dags/setup_infrastructure_dag_v2.py took 0.109 seconds
[2026-07-08T05:38:34.046+0000] {processor.py:186} INFO - Started process (PID=1184) to work on /opt/airflow/dags/setup_infrastructure_dag_v2.py
[2026-07-08T05:38:34.048+0000] {processor.py:914} INFO - Processing file /opt/airflow/dags/setup_infrastructure_dag_v2.py for tasks to queue
[2026-07-08T05:38:34.051+0000] {logging_mixin.py:190} INFO - [2026-07-08T05:38:34.050+0000] {dagbag.py:588} INFO - Filling up the DagBag from /opt/airflow/dags/setup_infrastructure_dag_v2.py
[2026-07-08T05:38:34.078+0000] {processor.py:925} INFO - DAG(s) 'setup_lakehouse_infrastructure_v2' retrieved from /opt/airflow/dags/setup_infrastructure_dag_v2.py
[2026-07-08T05:38:34.111+0000] {logging_mixin.py:190} INFO - [2026-07-08T05:38:34.111+0000] {dag.py:3239} INFO - Sync 1 DAGs
[2026-07-08T05:38:34.143+0000] {logging_mixin.py:190} INFO - [2026-07-08T05:38:34.142+0000] {dag.py:4180} INFO - Setting next_dagrun for setup_lakehouse_infrastructure_v2 to 2024-01-01 00:00:00+00:00, run_after=2024-01-01 00:00:00+00:00
[2026-07-08T05:38:34.169+0000] {processor.py:208} INFO - Processing /opt/airflow/dags/setup_infrastructure_dag_v2.py took 0.129 seconds
[2026-07-08T05:39:04.247+0000] {processor.py:186} INFO - Started process (PID=1233) to work on /opt/airflow/dags/setup_infrastructure_dag_v2.py
[2026-07-08T05:39:04.248+0000] {processor.py:914} INFO - Processing file /opt/airflow/dags/setup_infrastructure_dag_v2.py for tasks to queue
[2026-07-08T05:39:04.250+0000] {logging_mixin.py:190} INFO - [2026-07-08T05:39:04.250+0000] {dagbag.py:588} INFO - Filling up the DagBag from /opt/airflow/dags/setup_infrastructure_dag_v2.py
[2026-07-08T05:39:04.280+0000] {processor.py:925} INFO - DAG(s) 'setup_lakehouse_infrastructure_v2' retrieved from /opt/airflow/dags/setup_infrastructure_dag_v2.py
[2026-07-08T05:39:04.310+0000] {logging_mixin.py:190} INFO - [2026-07-08T05:39:04.310+0000] {dag.py:3239} INFO - Sync 1 DAGs
[2026-07-08T05:39:04.334+0000] {logging_mixin.py:190} INFO - [2026-07-08T05:39:04.334+0000] {dag.py:4180} INFO - Setting next_dagrun for setup_lakehouse_infrastructure_v2 to 2024-01-01 00:00:00+00:00, run_after=2024-01-01 00:00:00+00:00
[2026-07-08T05:39:04.359+0000] {processor.py:208} INFO - Processing /opt/airflow/dags/setup_infrastructure_dag_v2.py took 0.117 seconds
[2026-07-08T05:39:34.477+0000] {processor.py:186} INFO - Started process (PID=1282) to work on /opt/airflow/dags/setup_infrastructure_dag_v2.py
[2026-07-08T05:39:34.478+0000] {processor.py:914} INFO - Processing file /opt/airflow/dags/setup_infrastructure_dag_v2.py for tasks to queue
[2026-07-08T05:39:34.482+0000] {logging_mixin.py:190} INFO - [2026-07-08T05:39:34.481+0000] {dagbag.py:588} INFO - Filling up the DagBag from /opt/airflow/dags/setup_infrastructure_dag_v2.py
[2026-07-08T05:39:34.512+0000] {processor.py:925} INFO - DAG(s) 'setup_lakehouse_infrastructure_v2' retrieved from /opt/airflow/dags/setup_infrastructure_dag_v2.py
[2026-07-08T05:39:34.542+0000] {logging_mixin.py:190} INFO - [2026-07-08T05:39:34.542+0000] {dag.py:3239} INFO - Sync 1 DAGs
[2026-07-08T05:39:34.564+0000] {logging_mixin.py:190} INFO - [2026-07-08T05:39:34.564+0000] {dag.py:4180} INFO - Setting next_dagrun for setup_lakehouse_infrastructure_v2 to 2024-01-01 00:00:00+00:00, run_after=2024-01-01 00:00:00+00:00
[2026-07-08T05:39:34.585+0000] {processor.py:208} INFO - Processing /opt/airflow/dags/setup_infrastructure_dag_v2.py took 0.115 seconds
[2026-07-08T05:40:04.911+0000] {processor.py:186} INFO - Started process (PID=1331) to work on /opt/airflow/dags/setup_infrastructure_dag_v2.py
[2026-07-08T05:40:04.912+0000] {processor.py:914} INFO - Processing file /opt/airflow/dags/setup_infrastructure_dag_v2.py for tasks to queue
[2026-07-08T05:40:04.914+0000] {logging_mixin.py:190} INFO - [2026-07-08T05:40:04.914+0000] {dagbag.py:588} INFO - Filling up the DagBag from /opt/airflow/dags/setup_infrastructure_dag_v2.py
[2026-07-08T05:40:04.939+0000] {processor.py:925} INFO - DAG(s) 'setup_lakehouse_infrastructure_v2' retrieved from /opt/airflow/dags/setup_infrastructure_dag_v2.py
[2026-07-08T05:40:04.967+0000] {logging_mixin.py:190} INFO - [2026-07-08T05:40:04.967+0000] {dag.py:3239} INFO - Sync 1 DAGs
[2026-07-08T05:40:04.992+0000] {logging_mixin.py:190} INFO - [2026-07-08T05:40:04.991+0000] {dag.py:4180} INFO - Setting next_dagrun for setup_lakehouse_infrastructure_v2 to 2024-01-01 00:00:00+00:00, run_after=2024-01-01 00:00:00+00:00
[2026-07-08T05:40:05.013+0000] {processor.py:208} INFO - Processing /opt/airflow/dags/setup_infrastructure_dag_v2.py took 0.107 seconds
[2026-07-08T05:40:35.345+0000] {processor.py:186} INFO - Started process (PID=1380) to work on /opt/airflow/dags/setup_infrastructure_dag_v2.py
[2026-07-08T05:40:35.346+0000] {processor.py:914} INFO - Processing file /opt/airflow/dags/setup_infrastructure_dag_v2.py for tasks to queue
[2026-07-08T05:40:35.349+0000] {logging_mixin.py:190} INFO - [2026-07-08T05:40:35.348+0000] {dagbag.py:588} INFO - Filling up the DagBag from /opt/airflow/dags/setup_infrastructure_dag_v2.py
[2026-07-08T05:40:35.375+0000] {processor.py:925} INFO - DAG(s) 'setup_lakehouse_infrastructure_v2' retrieved from /opt/airflow/dags/setup_infrastructure_dag_v2.py
[2026-07-08T05:40:35.406+0000] {logging_mixin.py:190} INFO - [2026-07-08T05:40:35.405+0000] {dag.py:3239} INFO - Sync 1 DAGs
[2026-07-08T05:40:35.429+0000] {logging_mixin.py:190} INFO - [2026-07-08T05:40:35.428+0000] {dag.py:4180} INFO - Setting next_dagrun for setup_lakehouse_infrastructure_v2 to 2024-01-01 00:00:00+00:00, run_after=2024-01-01 00:00:00+00:00
[2026-07-08T05:40:35.453+0000] {processor.py:208} INFO - Processing /opt/airflow/dags/setup_infrastructure_dag_v2.py took 0.113 seconds
[2026-07-08T05:41:05.722+0000] {processor.py:186} INFO - Started process (PID=1429) to work on /opt/airflow/dags/setup_infrastructure_dag_v2.py
[2026-07-08T05:41:05.723+0000] {processor.py:914} INFO - Processing file /opt/airflow/dags/setup_infrastructure_dag_v2.py for tasks to queue
[2026-07-08T05:41:05.725+0000] {logging_mixin.py:190} INFO - [2026-07-08T05:41:05.725+0000] {dagbag.py:588} INFO - Filling up the DagBag from /opt/airflow/dags/setup_infrastructure_dag_v2.py
[2026-07-08T05:41:05.753+0000] {processor.py:925} INFO - DAG(s) 'setup_lakehouse_infrastructure_v2' retrieved from /opt/airflow/dags/setup_infrastructure_dag_v2.py
[2026-07-08T05:41:05.790+0000] {logging_mixin.py:190} INFO - [2026-07-08T05:41:05.790+0000] {dag.py:3239} INFO - Sync 1 DAGs
[2026-07-08T05:41:05.817+0000] {logging_mixin.py:190} INFO - [2026-07-08T05:41:05.817+0000] {dag.py:4180} INFO - Setting next_dagrun for setup_lakehouse_infrastructure_v2 to 2024-01-01 00:00:00+00:00, run_after=2024-01-01 00:00:00+00:00
[2026-07-08T05:41:05.844+0000] {processor.py:208} INFO - Processing /opt/airflow/dags/setup_infrastructure_dag_v2.py took 0.128 seconds
[2026-07-08T05:41:35.905+0000] {processor.py:186} INFO - Started process (PID=1478) to work on /opt/airflow/dags/setup_infrastructure_dag_v2.py
[2026-07-08T05:41:35.907+0000] {processor.py:914} INFO - Processing file /opt/airflow/dags/setup_infrastructure_dag_v2.py for tasks to queue
[2026-07-08T05:41:35.910+0000] {logging_mixin.py:190} INFO - [2026-07-08T05:41:35.909+0000] {dagbag.py:588} INFO - Filling up the DagBag from /opt/airflow/dags/setup_infrastructure_dag_v2.py
[2026-07-08T05:41:35.945+0000] {processor.py:925} INFO - DAG(s) 'setup_lakehouse_infrastructure_v2' retrieved from /opt/airflow/dags/setup_infrastructure_dag_v2.py
[2026-07-08T05:41:35.975+0000] {logging_mixin.py:190} INFO - [2026-07-08T05:41:35.974+0000] {dag.py:3239} INFO - Sync 1 DAGs
[2026-07-08T05:41:35.999+0000] {logging_mixin.py:190} INFO - [2026-07-08T05:41:35.999+0000] {dag.py:4180} INFO - Setting next_dagrun for setup_lakehouse_infrastructure_v2 to 2024-01-01 00:00:00+00:00, run_after=2024-01-01 00:00:00+00:00
[2026-07-08T05:41:36.019+0000] {processor.py:208} INFO - Processing /opt/airflow/dags/setup_infrastructure_dag_v2.py took 0.119 seconds
[2026-07-08T05:42:06.354+0000] {processor.py:186} INFO - Started process (PID=1527) to work on /opt/airflow/dags/setup_infrastructure_dag_v2.py
[2026-07-08T05:42:06.355+0000] {processor.py:914} INFO - Processing file /opt/airflow/dags/setup_infrastructure_dag_v2.py for tasks to queue
[2026-07-08T05:42:06.357+0000] {logging_mixin.py:190} INFO - [2026-07-08T05:42:06.357+0000] {dagbag.py:588} INFO - Filling up the DagBag from /opt/airflow/dags/setup_infrastructure_dag_v2.py
[2026-07-08T05:42:06.384+0000] {processor.py:925} INFO - DAG(s) 'setup_lakehouse_infrastructure_v2' retrieved from /opt/airflow/dags/setup_infrastructure_dag_v2.py
[2026-07-08T05:42:06.409+0000] {logging_mixin.py:190} INFO - [2026-07-08T05:42:06.409+0000] {dag.py:3239} INFO - Sync 1 DAGs
[2026-07-08T05:42:06.432+0000] {logging_mixin.py:190} INFO - [2026-07-08T05:42:06.432+0000] {dag.py:4180} INFO - Setting next_dagrun for setup_lakehouse_infrastructure_v2 to 2024-01-01 00:00:00+00:00, run_after=2024-01-01 00:00:00+00:00
[2026-07-08T05:42:06.459+0000] {processor.py:208} INFO - Processing /opt/airflow/dags/setup_infrastructure_dag_v2.py took 0.110 seconds
