[2026-07-22T03:02:14.993+0000] {local_task_job_runner.py:123} INFO - ::group::Pre task execution logs
[2026-07-22T03:02:15.018+0000] {taskinstance.py:2612} INFO - Dependencies all met for dep_context=non-requeueable deps ti=<TaskInstance: lakehouse_full_compaction_pipeline.execute_optimize scheduled__2026-07-12T01:00:00+00:00 map_index=6 [queued]>
[2026-07-22T03:02:15.030+0000] {taskinstance.py:2612} INFO - Dependencies all met for dep_context=requeueable deps ti=<TaskInstance: lakehouse_full_compaction_pipeline.execute_optimize scheduled__2026-07-12T01:00:00+00:00 map_index=6 [queued]>
[2026-07-22T03:02:15.032+0000] {taskinstance.py:2865} INFO - Starting attempt 3 of 4
[2026-07-22T03:02:15.045+0000] {taskinstance.py:2888} INFO - Executing <Mapped(_PythonDecoratedOperator): execute_optimize> on 2026-07-12 01:00:00+00:00
[2026-07-22T03:02:15.050+0000] {standard_task_runner.py:72} INFO - Started process 1352 to run task
[2026-07-22T03:02:15.054+0000] {standard_task_runner.py:104} INFO - Running: ['airflow', 'tasks', 'run', 'lakehouse_full_compaction_pipeline', 'execute_optimize', 'scheduled__2026-07-12T01:00:00+00:00', '--job-id', '114', '--raw', '--subdir', 'DAGS_FOLDER/lakehouse_incremental_compaction_dag.py', '--cfg-path', '/tmp/tmpyuftq7f7', '--map-index', '6']
[2026-07-22T03:02:15.057+0000] {standard_task_runner.py:105} INFO - Job 114: Subtask execute_optimize
[2026-07-22T03:02:15.139+0000] {task_command.py:467} INFO - Running <TaskInstance: lakehouse_full_compaction_pipeline.execute_optimize scheduled__2026-07-12T01:00:00+00:00 map_index=6 [running]> on host a806f8d07e9b
[2026-07-22T03:02:15.379+0000] {taskinstance.py:3131} INFO - Exporting env vars: AIRFLOW_CTX_DAG_OWNER='airflow' AIRFLOW_CTX_DAG_ID='lakehouse_full_compaction_pipeline' AIRFLOW_CTX_TASK_ID='execute_optimize' AIRFLOW_CTX_EXECUTION_DATE='2026-07-12T01:00:00+00:00' AIRFLOW_CTX_TRY_NUMBER='3' AIRFLOW_CTX_DAG_RUN_ID='scheduled__2026-07-12T01:00:00+00:00'
[2026-07-22T03:02:15.382+0000] {taskinstance.py:731} INFO - ::endgroup::
[2026-07-22T03:02:15.384+0000] {lakehouse_incremental_compaction_dag.py:121} INFO - Đang thực thi: ALTER TABLE lakehouse.gold.dim_locations EXECUTE optimize
[2026-07-22T03:02:15.385+0000] {base.py:84} INFO - Retrieving connection 'trino_default'
[2026-07-22T03:02:15.387+0000] {base.py:84} INFO - Retrieving connection 'trino_default'
[2026-07-22T03:02:15.389+0000] {sql.py:509} INFO - Running statement: ALTER TABLE lakehouse.gold.dim_locations EXECUTE optimize, parameters: None
[2026-07-22T03:02:15.425+0000] {taskinstance.py:3310} ERROR - Task failed with exception
Traceback (most recent call last):
  File "/home/airflow/.local/lib/python3.10/site-packages/airflow/models/taskinstance.py", line 767, in _execute_task
    result = _execute_callable(context=context, **execute_callable_kwargs)
  File "/home/airflow/.local/lib/python3.10/site-packages/airflow/models/taskinstance.py", line 733, in _execute_callable
    return ExecutionCallableRunner(
  File "/home/airflow/.local/lib/python3.10/site-packages/airflow/utils/operator_helpers.py", line 252, in run
    return self.func(*args, **kwargs)
  File "/home/airflow/.local/lib/python3.10/site-packages/airflow/models/baseoperator.py", line 406, in wrapper
    return func(self, *args, **kwargs)
  File "/home/airflow/.local/lib/python3.10/site-packages/airflow/decorators/base.py", line 266, in execute
    return_value = super().execute(context)
  File "/home/airflow/.local/lib/python3.10/site-packages/airflow/models/baseoperator.py", line 406, in wrapper
    return func(self, *args, **kwargs)
  File "/home/airflow/.local/lib/python3.10/site-packages/airflow/operators/python.py", line 238, in execute
    return_value = self.execute_callable()
  File "/home/airflow/.local/lib/python3.10/site-packages/airflow/operators/python.py", line 256, in execute_callable
    return runner.run(*self.op_args, **self.op_kwargs)
  File "/home/airflow/.local/lib/python3.10/site-packages/airflow/utils/operator_helpers.py", line 252, in run
    return self.func(*args, **kwargs)
  File "/opt/airflow/dags/lakehouse_incremental_compaction_dag.py", line 122, in execute_optimize
    trino_hook.run(sql)
  File "/home/airflow/.local/lib/python3.10/site-packages/airflow/providers/common/sql/hooks/sql.py", line 456, in run
    self._run_command(cur, sql_statement, parameters)
  File "/home/airflow/.local/lib/python3.10/site-packages/airflow/providers/common/sql/hooks/sql.py", line 514, in _run_command
    cur.execute(sql_statement)
  File "/home/airflow/.local/lib/python3.10/site-packages/trino/dbapi.py", line 589, in execute
    self._iterator = iter(self._query.execute())
  File "/home/airflow/.local/lib/python3.10/site-packages/trino/client.py", line 819, in execute
    self._result.rows += self.fetch()
  File "/home/airflow/.local/lib/python3.10/site-packages/trino/client.py", line 839, in fetch
    status = self._request.process(response)
  File "/home/airflow/.local/lib/python3.10/site-packages/trino/client.py", line 611, in process
    raise self._process_error(response["error"], response.get("id"))
trino.exceptions.TrinoUserError: TrinoUserError(type=USER_ERROR, name=TABLE_NOT_FOUND, message="line 1:7: Table 'lakehouse.gold.dim_locations' does not exist", query_id=20260722_030215_00014_x5xh5)
[2026-07-22T03:02:15.445+0000] {taskinstance.py:1225} INFO - Marking task as UP_FOR_RETRY. dag_id=lakehouse_full_compaction_pipeline, task_id=execute_optimize, run_id=scheduled__2026-07-12T01:00:00+00:00, map_index=6, execution_date=20260712T010000, start_date=20260722T030215, end_date=20260722T030215
[2026-07-22T03:02:15.473+0000] {taskinstance.py:340} INFO - ::group::Post task execution logs
[2026-07-22T03:02:15.475+0000] {standard_task_runner.py:124} ERROR - Failed to execute job 114 for task execute_optimize (TrinoUserError(type=USER_ERROR, name=TABLE_NOT_FOUND, message="line 1:7: Table 'lakehouse.gold.dim_locations' does not exist", query_id=20260722_030215_00014_x5xh5); 1352)
Traceback (most recent call last):
  File "/home/airflow/.local/lib/python3.10/site-packages/airflow/task/task_runner/standard_task_runner.py", line 117, in _start_by_fork
    ret = args.func(args, dag=self.dag)
  File "/home/airflow/.local/lib/python3.10/site-packages/airflow/cli/cli_config.py", line 49, in command
    return func(*args, **kwargs)
  File "/home/airflow/.local/lib/python3.10/site-packages/airflow/utils/cli.py", line 115, in wrapper
    return f(*args, **kwargs)
  File "/home/airflow/.local/lib/python3.10/site-packages/airflow/cli/commands/task_command.py", line 483, in task_run
    task_return_code = _run_task_by_selected_method(args, _dag, ti)
  File "/home/airflow/.local/lib/python3.10/site-packages/airflow/cli/commands/task_command.py", line 256, in _run_task_by_selected_method
    return _run_raw_task(args, ti)
  File "/home/airflow/.local/lib/python3.10/site-packages/airflow/cli/commands/task_command.py", line 341, in _run_raw_task
    return ti._run_raw_task(
  File "/home/airflow/.local/lib/python3.10/site-packages/airflow/utils/session.py", line 97, in wrapper
    return func(*args, session=session, **kwargs)
  File "/home/airflow/.local/lib/python3.10/site-packages/airflow/models/taskinstance.py", line 3004, in _run_raw_task
    return _run_raw_task(
  File "/home/airflow/.local/lib/python3.10/site-packages/airflow/models/taskinstance.py", line 273, in _run_raw_task
    TaskInstance._execute_task_with_callbacks(
  File "/home/airflow/.local/lib/python3.10/site-packages/airflow/models/taskinstance.py", line 3158, in _execute_task_with_callbacks
    result = self._execute_task(context, task_orig)
  File "/home/airflow/.local/lib/python3.10/site-packages/airflow/models/taskinstance.py", line 3182, in _execute_task
    return _execute_task(self, context, task_orig)
  File "/home/airflow/.local/lib/python3.10/site-packages/airflow/models/taskinstance.py", line 767, in _execute_task
    result = _execute_callable(context=context, **execute_callable_kwargs)
  File "/home/airflow/.local/lib/python3.10/site-packages/airflow/models/taskinstance.py", line 733, in _execute_callable
    return ExecutionCallableRunner(
  File "/home/airflow/.local/lib/python3.10/site-packages/airflow/utils/operator_helpers.py", line 252, in run
    return self.func(*args, **kwargs)
  File "/home/airflow/.local/lib/python3.10/site-packages/airflow/models/baseoperator.py", line 406, in wrapper
    return func(self, *args, **kwargs)
  File "/home/airflow/.local/lib/python3.10/site-packages/airflow/decorators/base.py", line 266, in execute
    return_value = super().execute(context)
  File "/home/airflow/.local/lib/python3.10/site-packages/airflow/models/baseoperator.py", line 406, in wrapper
    return func(self, *args, **kwargs)
  File "/home/airflow/.local/lib/python3.10/site-packages/airflow/operators/python.py", line 238, in execute
    return_value = self.execute_callable()
  File "/home/airflow/.local/lib/python3.10/site-packages/airflow/operators/python.py", line 256, in execute_callable
    return runner.run(*self.op_args, **self.op_kwargs)
  File "/home/airflow/.local/lib/python3.10/site-packages/airflow/utils/operator_helpers.py", line 252, in run
    return self.func(*args, **kwargs)
  File "/opt/airflow/dags/lakehouse_incremental_compaction_dag.py", line 122, in execute_optimize
    trino_hook.run(sql)
  File "/home/airflow/.local/lib/python3.10/site-packages/airflow/providers/common/sql/hooks/sql.py", line 456, in run
    self._run_command(cur, sql_statement, parameters)
  File "/home/airflow/.local/lib/python3.10/site-packages/airflow/providers/common/sql/hooks/sql.py", line 514, in _run_command
    cur.execute(sql_statement)
  File "/home/airflow/.local/lib/python3.10/site-packages/trino/dbapi.py", line 589, in execute
    self._iterator = iter(self._query.execute())
  File "/home/airflow/.local/lib/python3.10/site-packages/trino/client.py", line 819, in execute
    self._result.rows += self.fetch()
  File "/home/airflow/.local/lib/python3.10/site-packages/trino/client.py", line 839, in fetch
    status = self._request.process(response)
  File "/home/airflow/.local/lib/python3.10/site-packages/trino/client.py", line 611, in process
    raise self._process_error(response["error"], response.get("id"))
trino.exceptions.TrinoUserError: TrinoUserError(type=USER_ERROR, name=TABLE_NOT_FOUND, message="line 1:7: Table 'lakehouse.gold.dim_locations' does not exist", query_id=20260722_030215_00014_x5xh5)
[2026-07-22T03:02:15.511+0000] {local_task_job_runner.py:266} INFO - Task exited with return code 1
[2026-07-22T03:02:15.525+0000] {local_task_job_runner.py:245} INFO - ::endgroup::
[2026-07-23T02:48:05.791+0000] {local_task_job_runner.py:123} INFO - ::group::Pre task execution logs
[2026-07-23T02:48:05.815+0000] {taskinstance.py:2612} INFO - Dependencies all met for dep_context=non-requeueable deps ti=<TaskInstance: lakehouse_full_compaction_pipeline.execute_optimize scheduled__2026-07-12T01:00:00+00:00 map_index=6 [queued]>
[2026-07-23T02:48:05.827+0000] {taskinstance.py:2612} INFO - Dependencies all met for dep_context=requeueable deps ti=<TaskInstance: lakehouse_full_compaction_pipeline.execute_optimize scheduled__2026-07-12T01:00:00+00:00 map_index=6 [queued]>
[2026-07-23T02:48:05.829+0000] {taskinstance.py:2865} INFO - Starting attempt 3 of 6
[2026-07-23T02:48:05.845+0000] {taskinstance.py:2888} INFO - Executing <Mapped(_PythonDecoratedOperator): execute_optimize> on 2026-07-12 01:00:00+00:00
[2026-07-23T02:48:05.852+0000] {standard_task_runner.py:72} INFO - Started process 991 to run task
[2026-07-23T02:48:05.855+0000] {standard_task_runner.py:104} INFO - Running: ['airflow', 'tasks', 'run', 'lakehouse_full_compaction_pipeline', 'execute_optimize', 'scheduled__2026-07-12T01:00:00+00:00', '--job-id', '63', '--raw', '--subdir', 'DAGS_FOLDER/lakehouse_incremental_compaction_dag.py', '--cfg-path', '/tmp/tmp3pk9bwbu', '--map-index', '6']
[2026-07-23T02:48:05.858+0000] {standard_task_runner.py:105} INFO - Job 63: Subtask execute_optimize
[2026-07-23T02:48:05.957+0000] {task_command.py:467} INFO - Running <TaskInstance: lakehouse_full_compaction_pipeline.execute_optimize scheduled__2026-07-12T01:00:00+00:00 map_index=6 [running]> on host 83fc7925a92f
[2026-07-23T02:48:06.172+0000] {taskinstance.py:3131} INFO - Exporting env vars: AIRFLOW_CTX_DAG_OWNER='airflow' AIRFLOW_CTX_DAG_ID='lakehouse_full_compaction_pipeline' AIRFLOW_CTX_TASK_ID='execute_optimize' AIRFLOW_CTX_EXECUTION_DATE='2026-07-12T01:00:00+00:00' AIRFLOW_CTX_TRY_NUMBER='3' AIRFLOW_CTX_DAG_RUN_ID='scheduled__2026-07-12T01:00:00+00:00'
[2026-07-23T02:48:06.175+0000] {taskinstance.py:731} INFO - ::endgroup::
[2026-07-23T02:48:06.177+0000] {lakehouse_incremental_compaction_dag.py:126} INFO - ==================================================
[2026-07-23T02:48:06.179+0000] {lakehouse_incremental_compaction_dag.py:127} INFO - 🚀 BẮT ĐẦU OPTIMIZE: lakehouse.gold.dim_locations
[2026-07-23T02:48:06.180+0000] {lakehouse_incremental_compaction_dag.py:128} INFO - ⚙️ Chiến lược: full_scan
[2026-07-23T02:48:06.181+0000] {lakehouse_incremental_compaction_dag.py:129} INFO - 📝 DDL: ALTER TABLE lakehouse.gold.dim_locations EXECUTE optimize
[2026-07-23T02:48:06.183+0000] {lakehouse_incremental_compaction_dag.py:130} INFO - ==================================================
[2026-07-23T02:48:06.185+0000] {base.py:84} INFO - Retrieving connection 'trino_default'
[2026-07-23T02:48:06.186+0000] {base.py:84} INFO - Retrieving connection 'trino_default'
[2026-07-23T02:48:06.189+0000] {sql.py:509} INFO - Running statement: ALTER TABLE lakehouse.gold.dim_locations EXECUTE optimize, parameters: None
[2026-07-23T02:48:06.380+0000] {lakehouse_incremental_compaction_dag.py:139} INFO - ✅ Hoàn thành truy vấn trong 0.20 giây.
[2026-07-23T02:48:06.386+0000] {lakehouse_incremental_compaction_dag.py:151} INFO - ℹ️ KẾT QUẢ: Không có dữ liệu trả về hoặc không có file nào được tác động.
[2026-07-23T02:48:06.388+0000] {lakehouse_incremental_compaction_dag.py:159} INFO - 🏁 Đã bảo trì xong metadata cho lakehouse.gold.dim_locations.
[2026-07-23T02:48:06.390+0000] {python.py:240} INFO - Done. Returned value was: {'table': 'lakehouse.gold.dim_locations', 'layer': 'gold', 'strategy': 'full_scan', 'retention_days': '14d'}
[2026-07-23T02:48:06.436+0000] {taskinstance.py:340} INFO - ::group::Post task execution logs
[2026-07-23T02:48:06.438+0000] {taskinstance.py:352} INFO - Marking task as SUCCESS. dag_id=lakehouse_full_compaction_pipeline, task_id=execute_optimize, run_id=scheduled__2026-07-12T01:00:00+00:00, map_index=6, execution_date=20260712T010000, start_date=20260723T024805, end_date=20260723T024806
[2026-07-23T02:48:06.474+0000] {local_task_job_runner.py:266} INFO - Task exited with return code 0
[2026-07-23T02:48:06.495+0000] {taskinstance.py:3900} INFO - 0 downstream tasks scheduled from follow-on schedule check
[2026-07-23T02:48:06.500+0000] {local_task_job_runner.py:245} INFO - ::endgroup::
