[2026-07-21T04:36:41.921+0000] {local_task_job_runner.py:123} INFO - ::group::Pre task execution logs
[2026-07-21T04:36:41.946+0000] {taskinstance.py:2612} INFO - Dependencies all met for dep_context=non-requeueable deps ti=<TaskInstance: dbt_silver_gold_incremental.transform_gold.dim_issues.run manual__2026-07-21T04:35:16.165791+00:00 [queued]>
[2026-07-21T04:36:41.960+0000] {taskinstance.py:2612} INFO - Dependencies all met for dep_context=requeueable deps ti=<TaskInstance: dbt_silver_gold_incremental.transform_gold.dim_issues.run manual__2026-07-21T04:35:16.165791+00:00 [queued]>
[2026-07-21T04:36:41.962+0000] {taskinstance.py:2865} INFO - Starting attempt 1 of 2
[2026-07-21T04:36:41.983+0000] {taskinstance.py:2888} INFO - Executing <Task(DbtRunLocalOperator): transform_gold.dim_issues.run> on 2026-07-21 04:35:16.165791+00:00
[2026-07-21T04:36:41.992+0000] {standard_task_runner.py:72} INFO - Started process 1568 to run task
[2026-07-21T04:36:42.000+0000] {standard_task_runner.py:104} INFO - Running: ['airflow', 'tasks', 'run', 'dbt_silver_gold_incremental', 'transform_gold.dim_issues.run', 'manual__2026-07-21T04:35:16.165791+00:00', '--job-id', '19', '--raw', '--subdir', 'DAGS_FOLDER/dbt_silver_gold.py', '--cfg-path', '/tmp/tmpgxmsdv4d']
[2026-07-21T04:36:42.004+0000] {standard_task_runner.py:105} INFO - Job 19: Subtask transform_gold.dim_issues.run
[2026-07-21T04:36:42.112+0000] {task_command.py:467} INFO - Running <TaskInstance: dbt_silver_gold_incremental.transform_gold.dim_issues.run manual__2026-07-21T04:35:16.165791+00:00 [running]> on host f323e2c81486
[2026-07-21T04:36:42.259+0000] {taskinstance.py:3131} INFO - Exporting env vars: AIRFLOW_CTX_DAG_OWNER='data_engineer' AIRFLOW_CTX_DAG_ID='dbt_silver_gold_incremental' AIRFLOW_CTX_TASK_ID='transform_gold.dim_issues.run' AIRFLOW_CTX_EXECUTION_DATE='2026-07-21T04:35:16.165791+00:00' AIRFLOW_CTX_TRY_NUMBER='1' AIRFLOW_CTX_DAG_RUN_ID='manual__2026-07-21T04:35:16.165791+00:00'
[2026-07-21T04:36:42.262+0000] {taskinstance.py:731} INFO - ::endgroup::
[2026-07-21T04:36:43.889+0000] {local.py:294} INFO - dbtRunner is available. Using dbtRunner for invoking dbt.
[2026-07-21T04:36:43.891+0000] {local.py:518} INFO - Cloning project to writable temp directory /tmp/tmpa6xnhkkm from /opt/airflow/dbt_transform
[2026-07-21T04:36:43.904+0000] {local.py:538} INFO - Partial parse is enabled and the latest partial parse file is /tmp/cosmos/dbt_silver_gold_incremental__transform_gold/target/partial_parse.msgpack
[2026-07-21T04:36:43.920+0000] {config.py:395} INFO - Using user-supplied profiles.yml at /opt/airflow/dbt_transform/profiles.yml
[2026-07-21T04:36:43.934+0000] {runner.py:95} INFO - Trying to run dbtRunner with:
 ['deps', '--project-dir', '/tmp/tmpa6xnhkkm', '--profiles-dir', '/opt/airflow/dbt_transform', '--profile', 'lakehouse_dbt', '--target', 'dev', '--no-static-parser']
 in /tmp/tmpa6xnhkkm
[2026-07-21T04:36:44.030+0000] {logging_mixin.py:190} INFO - 04:36:44  Running with dbt=1.8.8
[2026-07-21T04:36:44.283+0000] {converter.py:314} INFO - ::group::Cosmos DAG parsing logs
[2026-07-21T04:36:44.289+0000] {graph.py:869} INFO - Trying to parse the dbt project using dbt ls cache cosmos_cache__dbt_silver_gold_incremental__transform_silver...
[2026-07-21T04:36:46.905+0000] {cache.py:383} INFO - Cosmos performance: time to calculate cache identifier cosmos_cache__dbt_silver_gold_incremental__transform_silver for current version: 2.6008568639999794
[2026-07-21T04:36:46.906+0000] {graph.py:886} INFO - Cosmos performance [f323e2c81486|1568]: The cache size for cosmos_cache__dbt_silver_gold_incremental__transform_silver is 5960
[2026-07-21T04:36:46.908+0000] {graph.py:898} INFO - Cosmos performance: Cache hit for cosmos_cache__dbt_silver_gold_incremental__transform_silver - 40154f694d33525a47cfe9f34916b419,5e34606eb5f2b3dea81a8e19fa3ba138
[2026-07-21T04:36:46.910+0000] {graph.py:799} INFO - Total nodes: 7
[2026-07-21T04:36:46.912+0000] {graph.py:800} INFO - Total filtered nodes: 7
[2026-07-21T04:36:46.913+0000] {converter.py:361} INFO - Cosmos performance (dbt_silver_gold_incremental__transform_silver) - [f323e2c81486|1568]: It took 2.62s to parse the dbt project for DAG using dbt_ls_cache
[2026-07-21T04:36:46.931+0000] {converter.py:413} INFO - Cosmos performance (dbt_silver_gold_incremental__transform_silver) - [f323e2c81486|1568]: It took 0.0174s to build the Airflow DAG.
[2026-07-21T04:36:46.932+0000] {converter.py:420} INFO - ::endgroup::Cosmos DAG parsing logs
[2026-07-21T04:36:46.935+0000] {converter.py:314} INFO - ::group::Cosmos DAG parsing logs
[2026-07-21T04:36:46.940+0000] {graph.py:869} INFO - Trying to parse the dbt project using dbt ls cache cosmos_cache__dbt_silver_gold_incremental__transform_gold...
[2026-07-21T04:36:50.301+0000] {cache.py:383} INFO - Cosmos performance: time to calculate cache identifier cosmos_cache__dbt_silver_gold_incremental__transform_gold for current version: 3.343418329999622
[2026-07-21T04:36:50.304+0000] {graph.py:886} INFO - Cosmos performance [f323e2c81486|1568]: The cache size for cosmos_cache__dbt_silver_gold_incremental__transform_gold is 35986
[2026-07-21T04:36:50.308+0000] {graph.py:898} INFO - Cosmos performance: Cache hit for cosmos_cache__dbt_silver_gold_incremental__transform_gold - 40154f694d33525a47cfe9f34916b419,304321e940a9403dceb380589bd0566f
[2026-07-21T04:36:50.310+0000] {graph.py:799} INFO - Total nodes: 39
[2026-07-21T04:36:50.312+0000] {graph.py:800} INFO - Total filtered nodes: 39
[2026-07-21T04:36:50.314+0000] {converter.py:361} INFO - Cosmos performance (dbt_silver_gold_incremental__transform_gold) - [f323e2c81486|1568]: It took 3.37s to parse the dbt project for DAG using dbt_ls_cache
[2026-07-21T04:36:50.373+0000] {converter.py:413} INFO - Cosmos performance (dbt_silver_gold_incremental__transform_gold) - [f323e2c81486|1568]: It took 0.0595s to build the Airflow DAG.
[2026-07-21T04:36:50.375+0000] {converter.py:420} INFO - ::endgroup::Cosmos DAG parsing logs
[2026-07-21T04:36:50.378+0000] {converter.py:314} INFO - ::group::Cosmos DAG parsing logs
[2026-07-21T04:36:50.383+0000] {graph.py:869} INFO - Trying to parse the dbt project using dbt ls cache cosmos_cache__dbt_silver_gold_full_load__transform_silver...
[2026-07-21T04:36:52.655+0000] {cache.py:383} INFO - Cosmos performance: time to calculate cache identifier cosmos_cache__dbt_silver_gold_full_load__transform_silver for current version: 2.255937850999544
[2026-07-21T04:36:52.657+0000] {graph.py:886} INFO - Cosmos performance [f323e2c81486|1568]: The cache size for cosmos_cache__dbt_silver_gold_full_load__transform_silver is 5960
[2026-07-21T04:36:52.659+0000] {graph.py:898} INFO - Cosmos performance: Cache hit for cosmos_cache__dbt_silver_gold_full_load__transform_silver - 40154f694d33525a47cfe9f34916b419,5e34606eb5f2b3dea81a8e19fa3ba138
[2026-07-21T04:36:52.661+0000] {graph.py:799} INFO - Total nodes: 7
[2026-07-21T04:36:52.663+0000] {graph.py:800} INFO - Total filtered nodes: 7
[2026-07-21T04:36:52.664+0000] {converter.py:361} INFO - Cosmos performance (dbt_silver_gold_full_load__transform_silver) - [f323e2c81486|1568]: It took 2.28s to parse the dbt project for DAG using dbt_ls_cache
[2026-07-21T04:36:52.677+0000] {converter.py:413} INFO - Cosmos performance (dbt_silver_gold_full_load__transform_silver) - [f323e2c81486|1568]: It took 0.0125s to build the Airflow DAG.
[2026-07-21T04:36:52.678+0000] {converter.py:420} INFO - ::endgroup::Cosmos DAG parsing logs
[2026-07-21T04:36:52.680+0000] {converter.py:314} INFO - ::group::Cosmos DAG parsing logs
[2026-07-21T04:36:52.685+0000] {graph.py:869} INFO - Trying to parse the dbt project using dbt ls cache cosmos_cache__dbt_silver_gold_full_load__transform_gold...
[2026-07-21T04:36:55.822+0000] {cache.py:383} INFO - Cosmos performance: time to calculate cache identifier cosmos_cache__dbt_silver_gold_full_load__transform_gold for current version: 3.1237796240002353
[2026-07-21T04:36:55.824+0000] {graph.py:886} INFO - Cosmos performance [f323e2c81486|1568]: The cache size for cosmos_cache__dbt_silver_gold_full_load__transform_gold is 35986
[2026-07-21T04:36:55.826+0000] {graph.py:898} INFO - Cosmos performance: Cache hit for cosmos_cache__dbt_silver_gold_full_load__transform_gold - 40154f694d33525a47cfe9f34916b419,304321e940a9403dceb380589bd0566f
[2026-07-21T04:36:55.828+0000] {graph.py:799} INFO - Total nodes: 39
[2026-07-21T04:36:55.829+0000] {graph.py:800} INFO - Total filtered nodes: 39
[2026-07-21T04:36:55.830+0000] {converter.py:361} INFO - Cosmos performance (dbt_silver_gold_full_load__transform_gold) - [f323e2c81486|1568]: It took 3.15s to parse the dbt project for DAG using dbt_ls_cache
[2026-07-21T04:36:55.872+0000] {converter.py:413} INFO - Cosmos performance (dbt_silver_gold_full_load__transform_gold) - [f323e2c81486|1568]: It took 0.0418s to build the Airflow DAG.
[2026-07-21T04:36:55.873+0000] {converter.py:420} INFO - ::endgroup::Cosmos DAG parsing logs
[2026-07-21T04:36:56.302+0000] {logging_mixin.py:190} INFO - 04:36:56  Installing dbt-labs/dbt_utils
[2026-07-21T04:36:57.094+0000] {logging_mixin.py:190} INFO - 04:36:57  Installed from version 1.3.0
[2026-07-21T04:36:57.096+0000] {logging_mixin.py:190} INFO - 04:36:57  Updated version available: 1.4.1
[2026-07-21T04:36:57.098+0000] {logging_mixin.py:190} INFO - 04:36:57  Installing metaplane/dbt_expectations
[2026-07-21T04:36:59.121+0000] {logging_mixin.py:190} INFO - 04:36:59  Installed from version 0.10.8
[2026-07-21T04:36:59.123+0000] {logging_mixin.py:190} INFO - 04:36:59  Updated version available: 0.10.10
[2026-07-21T04:36:59.125+0000] {logging_mixin.py:190} INFO - 04:36:59  Installing godatadriven/dbt_date
[2026-07-21T04:36:59.704+0000] {logging_mixin.py:190} INFO - 04:36:59  Installed from version 0.15.0
[2026-07-21T04:36:59.706+0000] {logging_mixin.py:190} INFO - 04:36:59  Up to date!
[2026-07-21T04:36:59.709+0000] {logging_mixin.py:190} INFO - 04:36:59
[2026-07-21T04:36:59.712+0000] {logging_mixin.py:190} INFO - 04:36:59  Updates available for packages: ['dbt-labs/dbt_utils', 'metaplane/dbt_expectations']                 
Update your versions in packages.yml, then run dbt deps
[2026-07-21T04:37:00.888+0000] {runner.py:95} INFO - Trying to run dbtRunner with:
 ['run', '--select', 'fqn:consumer_complaints_transformation.marts.dim_issues', '--project-dir', '/tmp/tmpa6xnhkkm', '--profiles-dir', '/opt/airflow/dbt_transform', '--profile', 'lakehouse_dbt', '--target', 'dev', '--no-static-parser']
 in /tmp/tmpa6xnhkkm
[2026-07-21T04:37:00.922+0000] {logging_mixin.py:190} INFO - 04:37:00  Running with dbt=1.8.8
[2026-07-21T04:37:00.973+0000] {auth.py:343} INFO - keyring module not found. OAuth2 token will not be stored in keyring.
[2026-07-21T04:37:00.982+0000] {auth.py:343} INFO - keyring module not found. OAuth2 token will not be stored in keyring.
[2026-07-21T04:37:01.187+0000] {logging_mixin.py:190} INFO - 04:37:01  Registered adapter: trino=1.8.5
[2026-07-21T04:37:02.109+0000] {logging_mixin.py:190} INFO - 04:37:02  Unable to do partial parsing because config vars, config profile, or config target have changed
[2026-07-21T04:37:06.645+0000] {logging_mixin.py:190} INFO - 04:37:06  [WARNING]: Deprecated functionality
The `tests` config has been renamed to `data_tests`. Please see
https://docs.getdbt.com/docs/build/data-tests#new-data_tests-syntax for more
information.
[2026-07-21T04:37:08.109+0000] {logging_mixin.py:190} INFO - 04:37:08  Found 8 models, 40 data tests, 1 source, 9 metrics, 839 macros, 5 semantic models
[2026-07-21T04:37:08.114+0000] {logging_mixin.py:190} INFO - 04:37:08
[2026-07-21T04:37:08.152+0000] {logging_mixin.py:190} INFO - 04:37:08  [WARNING]: SSL certificate validation is disabled by default. It is legacy behavior which will be changed in future releases. It is strongly advised to enable `require_certificate_validation` flag or explicitly set `cert` configuration to `True` for security reasons. You may receive an error after that if your SSL setup is incorrect.
You may opt into the new behavior sooner by setting `flags.require_certificate_validation` to `True` in `dbt_project.yml`.
Visit https://docs.getdbt.com/reference/global-configs/behavior-changes for more information.
[2026-07-21T04:37:08.518+0000] {logging_mixin.py:190} INFO - 04:37:08  Concurrency: 1 threads (target='dev')
[2026-07-21T04:37:08.521+0000] {logging_mixin.py:190} INFO - 04:37:08
[2026-07-21T04:37:08.527+0000] {logging_mixin.py:190} INFO - 04:37:08  1 of 1 START sql incremental model silver.dim_issues ........................... [RUN]
[2026-07-21T04:37:09.527+0000] {logging_mixin.py:190} INFO - 04:37:09  1 of 1 OK created sql incremental model silver.dim_issues ...................... [CREATE TABLE (28 rows) in 1.00s]
[2026-07-21T04:37:09.535+0000] {logging_mixin.py:190} INFO - 04:37:09
[2026-07-21T04:37:09.538+0000] {logging_mixin.py:190} INFO - 04:37:09  Finished running 1 incremental model in 0 hours 0 minutes and 1.42 seconds (1.42s).
[2026-07-21T04:37:09.632+0000] {logging_mixin.py:190} INFO - 04:37:09
[2026-07-21T04:37:09.635+0000] {logging_mixin.py:190} INFO - 04:37:09  Completed successfully
[2026-07-21T04:37:09.640+0000] {logging_mixin.py:190} INFO - 04:37:09
[2026-07-21T04:37:09.645+0000] {logging_mixin.py:190} INFO - 04:37:09  Done. PASS=1 WARN=0 ERROR=0 SKIP=0 TOTAL=1
[2026-07-21T04:37:11.080+0000] {local.py:196} WARNING - Artifact schema version: https://schemas.getdbt.com/dbt/manifest/v12.json is above dbt-ol supported version 7. This might cause errors.
[2026-07-21T04:37:11.090+0000] {local.py:594} INFO - Inlets: []
[2026-07-21T04:37:11.092+0000] {local.py:595} INFO - Outlets: []
[2026-07-21T04:37:11.095+0000] {local.py:886} INFO - Assigning inlets/outlets with DatasetAlias in Airflow 2
[2026-07-21T04:37:11.197+0000] {taskinstance.py:340} INFO - ::group::Post task execution logs
[2026-07-21T04:37:11.200+0000] {taskinstance.py:352} INFO - Marking task as SUCCESS. dag_id=dbt_silver_gold_incremental, task_id=transform_gold.dim_issues.run, run_id=manual__2026-07-21T04:35:16.165791+00:00, execution_date=20260721T043516, start_date=20260721T043641, end_date=20260721T043711
[2026-07-21T04:37:12.052+0000] {_client.py:1026} INFO - HTTP Request: GET https://astronomer.gateway.scarf.sh/astronomer-cosmos/v3/task_instance?cosmos_version=1.15.0&airflow_version=2.10.2&python_version=3.10.15&platform_system=Linux&platform_machine=x86_64&status=success&operator_name=DbtRunLocalOperator&is_cosmos_operator_subclass=False&invocation_mode=dbt_runner&execution_mode=local&profile_strategy=yaml_file&profile_mapping_class=None&database=trino&is_mapped_task=False&dbt_command=run&install_deps=True&has_callback=False&duration=29.252652 "HTTP/1.1 200 OK"
[2026-07-21T04:37:12.120+0000] {local_task_job_runner.py:266} INFO - Task exited with return code 0
[2026-07-21T04:37:12.156+0000] {taskinstance.py:3900} INFO - 0 downstream tasks scheduled from follow-on schedule check
[2026-07-21T04:37:12.162+0000] {local_task_job_runner.py:245} INFO - ::endgroup::
