[2026-06-29T03:12:34.120+0000] {taskinstance.py:1979} INFO - Dependencies all met for dep_context=non-requeueable deps ti=<TaskInstance: consumer_complaints_elt_lakehouse.load_landing_to_bronze manual__2026-06-29T03:12:13.930793+00:00 [queued]>
[2026-06-29T03:12:34.128+0000] {taskinstance.py:1979} INFO - Dependencies all met for dep_context=requeueable deps ti=<TaskInstance: consumer_complaints_elt_lakehouse.load_landing_to_bronze manual__2026-06-29T03:12:13.930793+00:00 [queued]>
[2026-06-29T03:12:34.129+0000] {taskinstance.py:2193} INFO - Starting attempt 1 of 2
[2026-06-29T03:12:34.144+0000] {taskinstance.py:2214} INFO - Executing <Task(_PythonDecoratedOperator): load_landing_to_bronze> on 2026-06-29 03:12:13.930793+00:00
[2026-06-29T03:12:34.149+0000] {standard_task_runner.py:60} INFO - Started process 252 to run task
[2026-06-29T03:12:34.152+0000] {standard_task_runner.py:87} INFO - Running: ['airflow', 'tasks', 'run', 'consumer_complaints_elt_lakehouse', 'load_landing_to_bronze', 'manual__2026-06-29T03:12:13.930793+00:00', '--job-id', '12', '--raw', '--subdir', 'DAGS_FOLDER/consumer_complaints_elt.py', '--cfg-path', '/tmp/tmp460wv2b5']
[2026-06-29T03:12:34.153+0000] {standard_task_runner.py:88} INFO - Job 12: Subtask load_landing_to_bronze
[2026-06-29T03:12:34.226+0000] {task_command.py:423} INFO - Running <TaskInstance: consumer_complaints_elt_lakehouse.load_landing_to_bronze manual__2026-06-29T03:12:13.930793+00:00 [running]> on host 5a6107a3b85d
[2026-06-29T03:12:34.325+0000] {taskinstance.py:2510} INFO - Exporting env vars: AIRFLOW_CTX_DAG_OWNER='data_engineering' AIRFLOW_CTX_DAG_ID='consumer_complaints_elt_lakehouse' AIRFLOW_CTX_TASK_ID='load_landing_to_bronze' AIRFLOW_CTX_EXECUTION_DATE='2026-06-29T03:12:13.930793+00:00' AIRFLOW_CTX_TRY_NUMBER='1' AIRFLOW_CTX_DAG_RUN_ID='manual__2026-06-29T03:12:13.930793+00:00'
[2026-06-29T03:12:34.327+0000] {consumer_complaints_elt.py:141} INFO - Đang dọn dẹp dữ liệu cũ trong bảng Bronze...
[2026-06-29T03:12:34.328+0000] {base.py:83} INFO - Using connection ID 'trino_default' for task execution.
[2026-06-29T03:12:34.329+0000] {base.py:83} INFO - Using connection ID 'trino_default' for task execution.
[2026-06-29T03:12:34.331+0000] {sql.py:457} INFO - Running statement: DELETE FROM lakehouse.bronze.raw_consumer_complaints, parameters: None
[2026-06-29T03:12:34.561+0000] {sql.py:466} INFO - Rows affected: 15475
[2026-06-29T03:12:34.566+0000] {consumer_complaints_elt.py:145} INFO - Đang ra lệnh cho Trino load data từ Landing -> Bronze...
[2026-06-29T03:12:34.568+0000] {base.py:83} INFO - Using connection ID 'trino_default' for task execution.
[2026-06-29T03:12:34.570+0000] {base.py:83} INFO - Using connection ID 'trino_default' for task execution.
[2026-06-29T03:12:34.572+0000] {sql.py:457} INFO - Running statement: 
                INSERT INTO lakehouse.bronze.raw_consumer_complaints
                SELECT * FROM minio_landing.default.raw_json_complaints
            , parameters: None
[2026-06-29T03:12:35.254+0000] {sql.py:466} INFO - Rows affected: 15475
[2026-06-29T03:12:35.261+0000] {base.py:83} INFO - Using connection ID 'trino_default' for task execution.
[2026-06-29T03:12:35.264+0000] {base.py:83} INFO - Using connection ID 'trino_default' for task execution.
[2026-06-29T03:12:35.268+0000] {sql.py:457} INFO - Running statement: SELECT COUNT(*) FROM lakehouse.bronze.raw_consumer_complaints, parameters: None
[2026-06-29T03:12:35.403+0000] {logging_mixin.py:188} WARNING - /home/airflow/.local/lib/python3.8/site-packages/airflow/providers/common/sql/hooks/sql.py:407 AirflowProviderDeprecationWarning: Call to deprecated method _make_common_data_structure. (The `_make_serializable` method is deprecated and support will be removed in a future version of the common.sql provider. Please update the DbApiHook's provider to a version based on common.sql >= 1.9.1.)
[2026-06-29T03:12:35.405+0000] {consumer_complaints_elt.py:157} INFO - ✓ Pushdown Compute hoàn tất! Đã load 15475 dòng.
[2026-06-29T03:12:35.406+0000] {python.py:202} INFO - Done. Returned value was: {'rows_loaded': 15475}
[2026-06-29T03:12:35.450+0000] {taskinstance.py:1149} INFO - Marking task as SUCCESS. dag_id=consumer_complaints_elt_lakehouse, task_id=load_landing_to_bronze, execution_date=20260629T031213, start_date=20260629T031234, end_date=20260629T031235
[2026-06-29T03:12:35.495+0000] {local_task_job_runner.py:234} INFO - Task exited with return code 0
[2026-06-29T03:12:35.515+0000] {taskinstance.py:3309} INFO - 1 downstream tasks scheduled from follow-on schedule check
