[2026-08-16T08:00:43.131+0000] {processor.py:186} INFO - Started process (PID=196) to work on /opt/airflow/dags/logistics_setup_infrastructure.py
[2026-08-16T08:00:43.134+0000] {processor.py:914} INFO - Processing file /opt/airflow/dags/logistics_setup_infrastructure.py for tasks to queue
[2026-08-16T08:00:43.144+0000] {logging_mixin.py:190} INFO - [2026-08-16T08:00:43.143+0000] {dagbag.py:588} INFO - Filling up the DagBag from /opt/airflow/dags/logistics_setup_infrastructure.py
[2026-08-16T08:00:43.186+0000] {processor.py:925} INFO - DAG(s) 'logistics_setup_lakehouse_infrastructure' retrieved from /opt/airflow/dags/logistics_setup_infrastructure.py
[2026-08-16T08:00:43.272+0000] {logging_mixin.py:190} INFO - [2026-08-16T08:00:43.271+0000] {dag.py:3239} INFO - Sync 1 DAGs
[2026-08-16T08:00:43.352+0000] {logging_mixin.py:190} INFO - [2026-08-16T08:00:43.351+0000] {dag.py:4180} INFO - Setting next_dagrun for logistics_setup_lakehouse_infrastructure to 2026-01-01 00:00:00+00:00, run_after=2026-01-01 00:00:00+00:00
[2026-08-16T08:00:43.415+0000] {processor.py:208} INFO - Processing /opt/airflow/dags/logistics_setup_infrastructure.py took 0.302 seconds
[2026-08-16T08:02:02.327+0000] {processor.py:186} INFO - Started process (PID=307) to work on /opt/airflow/dags/logistics_setup_infrastructure.py
[2026-08-16T08:02:02.328+0000] {processor.py:914} INFO - Processing file /opt/airflow/dags/logistics_setup_infrastructure.py for tasks to queue
[2026-08-16T08:02:02.331+0000] {logging_mixin.py:190} INFO - [2026-08-16T08:02:02.330+0000] {dagbag.py:588} INFO - Filling up the DagBag from /opt/airflow/dags/logistics_setup_infrastructure.py
[2026-08-16T08:02:02.386+0000] {processor.py:925} INFO - DAG(s) 'logistics_setup_lakehouse_infrastructure' retrieved from /opt/airflow/dags/logistics_setup_infrastructure.py
[2026-08-16T08:02:02.425+0000] {logging_mixin.py:190} INFO - [2026-08-16T08:02:02.424+0000] {dag.py:3239} INFO - Sync 1 DAGs
[2026-08-16T08:02:02.455+0000] {logging_mixin.py:190} INFO - [2026-08-16T08:02:02.454+0000] {dag.py:4180} INFO - Setting next_dagrun for logistics_setup_lakehouse_infrastructure to 2026-01-01 00:00:00+00:00, run_after=2026-01-01 00:00:00+00:00
[2026-08-16T08:02:02.493+0000] {processor.py:208} INFO - Processing /opt/airflow/dags/logistics_setup_infrastructure.py took 0.173 seconds
[2026-08-16T08:02:56.993+0000] {processor.py:186} INFO - Started process (PID=405) to work on /opt/airflow/dags/logistics_setup_infrastructure.py
[2026-08-16T08:02:56.995+0000] {processor.py:914} INFO - Processing file /opt/airflow/dags/logistics_setup_infrastructure.py for tasks to queue
[2026-08-16T08:02:56.996+0000] {logging_mixin.py:190} INFO - [2026-08-16T08:02:56.996+0000] {dagbag.py:588} INFO - Filling up the DagBag from /opt/airflow/dags/logistics_setup_infrastructure.py
[2026-08-16T08:02:57.024+0000] {processor.py:925} INFO - DAG(s) 'logistics_setup_lakehouse_infrastructure' retrieved from /opt/airflow/dags/logistics_setup_infrastructure.py
[2026-08-16T08:02:57.051+0000] {logging_mixin.py:190} INFO - [2026-08-16T08:02:57.051+0000] {dag.py:3239} INFO - Sync 1 DAGs
[2026-08-16T08:02:57.076+0000] {logging_mixin.py:190} INFO - [2026-08-16T08:02:57.076+0000] {dag.py:4180} INFO - Setting next_dagrun for logistics_setup_lakehouse_infrastructure to 2026-01-01 00:00:00+00:00, run_after=2026-01-01 00:00:00+00:00
[2026-08-16T08:02:57.103+0000] {processor.py:208} INFO - Processing /opt/airflow/dags/logistics_setup_infrastructure.py took 0.115 seconds
[2026-08-16T08:03:51.266+0000] {processor.py:186} INFO - Started process (PID=498) to work on /opt/airflow/dags/logistics_setup_infrastructure.py
[2026-08-16T08:03:51.267+0000] {processor.py:914} INFO - Processing file /opt/airflow/dags/logistics_setup_infrastructure.py for tasks to queue
[2026-08-16T08:03:51.268+0000] {logging_mixin.py:190} INFO - [2026-08-16T08:03:51.268+0000] {dagbag.py:588} INFO - Filling up the DagBag from /opt/airflow/dags/logistics_setup_infrastructure.py
[2026-08-16T08:03:51.283+0000] {processor.py:925} INFO - DAG(s) 'logistics_setup_lakehouse_infrastructure' retrieved from /opt/airflow/dags/logistics_setup_infrastructure.py
[2026-08-16T08:03:51.304+0000] {logging_mixin.py:190} INFO - [2026-08-16T08:03:51.304+0000] {dag.py:3239} INFO - Sync 1 DAGs
[2026-08-16T08:03:51.324+0000] {logging_mixin.py:190} INFO - [2026-08-16T08:03:51.324+0000] {dag.py:4180} INFO - Setting next_dagrun for logistics_setup_lakehouse_infrastructure to 2026-01-01 00:00:00+00:00, run_after=2026-01-01 00:00:00+00:00
[2026-08-16T08:03:51.349+0000] {processor.py:208} INFO - Processing /opt/airflow/dags/logistics_setup_infrastructure.py took 0.089 seconds
[2026-08-16T08:04:45.440+0000] {processor.py:186} INFO - Started process (PID=604) to work on /opt/airflow/dags/logistics_setup_infrastructure.py
[2026-08-16T08:04:45.441+0000] {processor.py:914} INFO - Processing file /opt/airflow/dags/logistics_setup_infrastructure.py for tasks to queue
[2026-08-16T08:04:45.442+0000] {logging_mixin.py:190} INFO - [2026-08-16T08:04:45.442+0000] {dagbag.py:588} INFO - Filling up the DagBag from /opt/airflow/dags/logistics_setup_infrastructure.py
[2026-08-16T08:04:45.484+0000] {processor.py:925} INFO - DAG(s) 'logistics_setup_lakehouse_infrastructure' retrieved from /opt/airflow/dags/logistics_setup_infrastructure.py
[2026-08-16T08:04:45.504+0000] {logging_mixin.py:190} INFO - [2026-08-16T08:04:45.504+0000] {dag.py:3239} INFO - Sync 1 DAGs
[2026-08-16T08:04:45.522+0000] {logging_mixin.py:190} INFO - [2026-08-16T08:04:45.522+0000] {dag.py:4180} INFO - Setting next_dagrun for logistics_setup_lakehouse_infrastructure to 2026-01-01 00:00:00+00:00, run_after=2026-01-01 00:00:00+00:00
[2026-08-16T08:04:45.546+0000] {processor.py:208} INFO - Processing /opt/airflow/dags/logistics_setup_infrastructure.py took 0.111 seconds
[2026-08-16T08:05:39.887+0000] {processor.py:186} INFO - Started process (PID=697) to work on /opt/airflow/dags/logistics_setup_infrastructure.py
[2026-08-16T08:05:39.889+0000] {processor.py:914} INFO - Processing file /opt/airflow/dags/logistics_setup_infrastructure.py for tasks to queue
[2026-08-16T08:05:39.890+0000] {logging_mixin.py:190} INFO - [2026-08-16T08:05:39.890+0000] {dagbag.py:588} INFO - Filling up the DagBag from /opt/airflow/dags/logistics_setup_infrastructure.py
[2026-08-16T08:05:39.929+0000] {processor.py:925} INFO - DAG(s) 'logistics_setup_lakehouse_infrastructure' retrieved from /opt/airflow/dags/logistics_setup_infrastructure.py
[2026-08-16T08:05:39.955+0000] {logging_mixin.py:190} INFO - [2026-08-16T08:05:39.954+0000] {dag.py:3239} INFO - Sync 1 DAGs
[2026-08-16T08:05:39.978+0000] {logging_mixin.py:190} INFO - [2026-08-16T08:05:39.977+0000] {dag.py:4180} INFO - Setting next_dagrun for logistics_setup_lakehouse_infrastructure to 2026-01-01 00:00:00+00:00, run_after=2026-01-01 00:00:00+00:00
[2026-08-16T08:05:40.004+0000] {processor.py:208} INFO - Processing /opt/airflow/dags/logistics_setup_infrastructure.py took 0.123 seconds
[2026-08-16T08:06:33.962+0000] {processor.py:186} INFO - Started process (PID=789) to work on /opt/airflow/dags/logistics_setup_infrastructure.py
[2026-08-16T08:06:33.963+0000] {processor.py:914} INFO - Processing file /opt/airflow/dags/logistics_setup_infrastructure.py for tasks to queue
[2026-08-16T08:06:33.964+0000] {logging_mixin.py:190} INFO - [2026-08-16T08:06:33.964+0000] {dagbag.py:588} INFO - Filling up the DagBag from /opt/airflow/dags/logistics_setup_infrastructure.py
[2026-08-16T08:06:33.988+0000] {processor.py:925} INFO - DAG(s) 'logistics_setup_lakehouse_infrastructure' retrieved from /opt/airflow/dags/logistics_setup_infrastructure.py
[2026-08-16T08:06:34.009+0000] {logging_mixin.py:190} INFO - [2026-08-16T08:06:34.009+0000] {dag.py:3239} INFO - Sync 1 DAGs
[2026-08-16T08:06:34.029+0000] {logging_mixin.py:190} INFO - [2026-08-16T08:06:34.029+0000] {dag.py:4180} INFO - Setting next_dagrun for logistics_setup_lakehouse_infrastructure to 2026-01-01 00:00:00+00:00, run_after=2026-01-01 00:00:00+00:00
[2026-08-16T08:06:34.054+0000] {processor.py:208} INFO - Processing /opt/airflow/dags/logistics_setup_infrastructure.py took 0.097 seconds
[2026-08-16T08:07:27.912+0000] {processor.py:186} INFO - Started process (PID=881) to work on /opt/airflow/dags/logistics_setup_infrastructure.py
[2026-08-16T08:07:27.913+0000] {processor.py:914} INFO - Processing file /opt/airflow/dags/logistics_setup_infrastructure.py for tasks to queue
[2026-08-16T08:07:27.914+0000] {logging_mixin.py:190} INFO - [2026-08-16T08:07:27.914+0000] {dagbag.py:588} INFO - Filling up the DagBag from /opt/airflow/dags/logistics_setup_infrastructure.py
[2026-08-16T08:07:27.937+0000] {processor.py:925} INFO - DAG(s) 'logistics_setup_lakehouse_infrastructure' retrieved from /opt/airflow/dags/logistics_setup_infrastructure.py
[2026-08-16T08:07:27.961+0000] {logging_mixin.py:190} INFO - [2026-08-16T08:07:27.961+0000] {dag.py:3239} INFO - Sync 1 DAGs
[2026-08-16T08:07:27.981+0000] {logging_mixin.py:190} INFO - [2026-08-16T08:07:27.981+0000] {dag.py:4180} INFO - Setting next_dagrun for logistics_setup_lakehouse_infrastructure to 2026-01-01 00:00:00+00:00, run_after=2026-01-01 00:00:00+00:00
[2026-08-16T08:07:28.007+0000] {processor.py:208} INFO - Processing /opt/airflow/dags/logistics_setup_infrastructure.py took 0.101 seconds
[2026-08-16T08:08:22.551+0000] {processor.py:186} INFO - Started process (PID=973) to work on /opt/airflow/dags/logistics_setup_infrastructure.py
[2026-08-16T08:08:22.552+0000] {processor.py:914} INFO - Processing file /opt/airflow/dags/logistics_setup_infrastructure.py for tasks to queue
[2026-08-16T08:08:22.554+0000] {logging_mixin.py:190} INFO - [2026-08-16T08:08:22.554+0000] {dagbag.py:588} INFO - Filling up the DagBag from /opt/airflow/dags/logistics_setup_infrastructure.py
[2026-08-16T08:08:22.575+0000] {processor.py:925} INFO - DAG(s) 'logistics_setup_lakehouse_infrastructure' retrieved from /opt/airflow/dags/logistics_setup_infrastructure.py
[2026-08-16T08:08:22.602+0000] {logging_mixin.py:190} INFO - [2026-08-16T08:08:22.602+0000] {dag.py:3239} INFO - Sync 1 DAGs
[2026-08-16T08:08:22.627+0000] {logging_mixin.py:190} INFO - [2026-08-16T08:08:22.627+0000] {dag.py:4180} INFO - Setting next_dagrun for logistics_setup_lakehouse_infrastructure to 2026-01-01 00:00:00+00:00, run_after=2026-01-01 00:00:00+00:00
[2026-08-16T08:08:22.644+0000] {processor.py:208} INFO - Processing /opt/airflow/dags/logistics_setup_infrastructure.py took 0.098 seconds
[2026-08-16T08:09:16.858+0000] {processor.py:186} INFO - Started process (PID=1066) to work on /opt/airflow/dags/logistics_setup_infrastructure.py
[2026-08-16T08:09:16.859+0000] {processor.py:914} INFO - Processing file /opt/airflow/dags/logistics_setup_infrastructure.py for tasks to queue
[2026-08-16T08:09:16.860+0000] {logging_mixin.py:190} INFO - [2026-08-16T08:09:16.860+0000] {dagbag.py:588} INFO - Filling up the DagBag from /opt/airflow/dags/logistics_setup_infrastructure.py
[2026-08-16T08:09:16.914+0000] {processor.py:925} INFO - DAG(s) 'logistics_setup_lakehouse_infrastructure' retrieved from /opt/airflow/dags/logistics_setup_infrastructure.py
[2026-08-16T08:09:16.940+0000] {logging_mixin.py:190} INFO - [2026-08-16T08:09:16.940+0000] {dag.py:3239} INFO - Sync 1 DAGs
[2026-08-16T08:09:16.967+0000] {logging_mixin.py:190} INFO - [2026-08-16T08:09:16.967+0000] {dag.py:4180} INFO - Setting next_dagrun for logistics_setup_lakehouse_infrastructure to 2026-01-01 00:00:00+00:00, run_after=2026-01-01 00:00:00+00:00
[2026-08-16T08:09:16.989+0000] {processor.py:208} INFO - Processing /opt/airflow/dags/logistics_setup_infrastructure.py took 0.137 seconds
[2026-08-16T08:10:12.410+0000] {processor.py:186} INFO - Started process (PID=1158) to work on /opt/airflow/dags/logistics_setup_infrastructure.py
[2026-08-16T08:10:12.411+0000] {processor.py:914} INFO - Processing file /opt/airflow/dags/logistics_setup_infrastructure.py for tasks to queue
[2026-08-16T08:10:12.413+0000] {logging_mixin.py:190} INFO - [2026-08-16T08:10:12.413+0000] {dagbag.py:588} INFO - Filling up the DagBag from /opt/airflow/dags/logistics_setup_infrastructure.py
[2026-08-16T08:10:12.451+0000] {processor.py:925} INFO - DAG(s) 'logistics_setup_lakehouse_infrastructure' retrieved from /opt/airflow/dags/logistics_setup_infrastructure.py
[2026-08-16T08:10:12.478+0000] {logging_mixin.py:190} INFO - [2026-08-16T08:10:12.478+0000] {dag.py:3239} INFO - Sync 1 DAGs
[2026-08-16T08:10:12.505+0000] {logging_mixin.py:190} INFO - [2026-08-16T08:10:12.505+0000] {dag.py:4180} INFO - Setting next_dagrun for logistics_setup_lakehouse_infrastructure to 2026-01-01 00:00:00+00:00, run_after=2026-01-01 00:00:00+00:00
[2026-08-16T08:10:12.532+0000] {processor.py:208} INFO - Processing /opt/airflow/dags/logistics_setup_infrastructure.py took 0.128 seconds
[2026-08-16T08:11:31.624+0000] {processor.py:186} INFO - Started process (PID=1254) to work on /opt/airflow/dags/logistics_setup_infrastructure.py
[2026-08-16T08:11:31.625+0000] {processor.py:914} INFO - Processing file /opt/airflow/dags/logistics_setup_infrastructure.py for tasks to queue
[2026-08-16T08:11:31.627+0000] {logging_mixin.py:190} INFO - [2026-08-16T08:11:31.627+0000] {dagbag.py:588} INFO - Filling up the DagBag from /opt/airflow/dags/logistics_setup_infrastructure.py
[2026-08-16T08:11:31.651+0000] {processor.py:925} INFO - DAG(s) 'logistics_setup_lakehouse_infrastructure' retrieved from /opt/airflow/dags/logistics_setup_infrastructure.py
[2026-08-16T08:11:31.675+0000] {logging_mixin.py:190} INFO - [2026-08-16T08:11:31.675+0000] {dag.py:3239} INFO - Sync 1 DAGs
[2026-08-16T08:11:31.702+0000] {logging_mixin.py:190} INFO - [2026-08-16T08:11:31.702+0000] {dag.py:4180} INFO - Setting next_dagrun for logistics_setup_lakehouse_infrastructure to 2026-01-01 00:00:00+00:00, run_after=2026-01-01 00:00:00+00:00
[2026-08-16T08:11:31.731+0000] {processor.py:208} INFO - Processing /opt/airflow/dags/logistics_setup_infrastructure.py took 0.113 seconds
[2026-08-16T08:12:27.073+0000] {processor.py:186} INFO - Started process (PID=1346) to work on /opt/airflow/dags/logistics_setup_infrastructure.py
[2026-08-16T08:12:27.075+0000] {processor.py:914} INFO - Processing file /opt/airflow/dags/logistics_setup_infrastructure.py for tasks to queue
[2026-08-16T08:12:27.076+0000] {logging_mixin.py:190} INFO - [2026-08-16T08:12:27.076+0000] {dagbag.py:588} INFO - Filling up the DagBag from /opt/airflow/dags/logistics_setup_infrastructure.py
[2026-08-16T08:12:27.121+0000] {processor.py:925} INFO - DAG(s) 'logistics_setup_lakehouse_infrastructure' retrieved from /opt/airflow/dags/logistics_setup_infrastructure.py
[2026-08-16T08:12:27.153+0000] {logging_mixin.py:190} INFO - [2026-08-16T08:12:27.153+0000] {dag.py:3239} INFO - Sync 1 DAGs
[2026-08-16T08:12:27.180+0000] {logging_mixin.py:190} INFO - [2026-08-16T08:12:27.180+0000] {dag.py:4180} INFO - Setting next_dagrun for logistics_setup_lakehouse_infrastructure to 2026-01-01 00:00:00+00:00, run_after=2026-01-01 00:00:00+00:00
[2026-08-16T08:12:27.204+0000] {processor.py:208} INFO - Processing /opt/airflow/dags/logistics_setup_infrastructure.py took 0.136 seconds
[2026-08-16T08:13:17.983+0000] {processor.py:186} INFO - Started process (PID=1438) to work on /opt/airflow/dags/logistics_setup_infrastructure.py
[2026-08-16T08:13:17.984+0000] {processor.py:914} INFO - Processing file /opt/airflow/dags/logistics_setup_infrastructure.py for tasks to queue
[2026-08-16T08:13:17.986+0000] {logging_mixin.py:190} INFO - [2026-08-16T08:13:17.986+0000] {dagbag.py:588} INFO - Filling up the DagBag from /opt/airflow/dags/logistics_setup_infrastructure.py
[2026-08-16T08:13:18.038+0000] {processor.py:925} INFO - DAG(s) 'logistics_setup_lakehouse_infrastructure' retrieved from /opt/airflow/dags/logistics_setup_infrastructure.py
[2026-08-16T08:13:18.064+0000] {logging_mixin.py:190} INFO - [2026-08-16T08:13:18.064+0000] {dag.py:3239} INFO - Sync 1 DAGs
[2026-08-16T08:13:18.101+0000] {logging_mixin.py:190} INFO - [2026-08-16T08:13:18.100+0000] {dag.py:4180} INFO - Setting next_dagrun for logistics_setup_lakehouse_infrastructure to 2026-01-01 00:00:00+00:00, run_after=2026-01-01 00:00:00+00:00
[2026-08-16T08:13:18.126+0000] {processor.py:208} INFO - Processing /opt/airflow/dags/logistics_setup_infrastructure.py took 0.149 seconds
[2026-08-16T08:14:13.103+0000] {processor.py:186} INFO - Started process (PID=1503) to work on /opt/airflow/dags/logistics_setup_infrastructure.py
[2026-08-16T08:14:13.105+0000] {processor.py:914} INFO - Processing file /opt/airflow/dags/logistics_setup_infrastructure.py for tasks to queue
[2026-08-16T08:14:13.106+0000] {logging_mixin.py:190} INFO - [2026-08-16T08:14:13.106+0000] {dagbag.py:588} INFO - Filling up the DagBag from /opt/airflow/dags/logistics_setup_infrastructure.py
[2026-08-16T08:14:13.144+0000] {processor.py:925} INFO - DAG(s) 'logistics_setup_lakehouse_infrastructure' retrieved from /opt/airflow/dags/logistics_setup_infrastructure.py
[2026-08-16T08:14:13.170+0000] {logging_mixin.py:190} INFO - [2026-08-16T08:14:13.170+0000] {dag.py:3239} INFO - Sync 1 DAGs
[2026-08-16T08:14:13.193+0000] {logging_mixin.py:190} INFO - [2026-08-16T08:14:13.193+0000] {dag.py:4180} INFO - Setting next_dagrun for logistics_setup_lakehouse_infrastructure to 2026-01-01 00:00:00+00:00, run_after=2026-01-01 00:00:00+00:00
[2026-08-16T08:14:13.218+0000] {processor.py:208} INFO - Processing /opt/airflow/dags/logistics_setup_infrastructure.py took 0.120 seconds
[2026-08-16T08:15:09.214+0000] {processor.py:186} INFO - Started process (PID=1595) to work on /opt/airflow/dags/logistics_setup_infrastructure.py
[2026-08-16T08:15:09.216+0000] {processor.py:914} INFO - Processing file /opt/airflow/dags/logistics_setup_infrastructure.py for tasks to queue
[2026-08-16T08:15:09.217+0000] {logging_mixin.py:190} INFO - [2026-08-16T08:15:09.217+0000] {dagbag.py:588} INFO - Filling up the DagBag from /opt/airflow/dags/logistics_setup_infrastructure.py
[2026-08-16T08:15:09.246+0000] {processor.py:925} INFO - DAG(s) 'logistics_setup_lakehouse_infrastructure' retrieved from /opt/airflow/dags/logistics_setup_infrastructure.py
[2026-08-16T08:15:09.268+0000] {logging_mixin.py:190} INFO - [2026-08-16T08:15:09.268+0000] {dag.py:3239} INFO - Sync 1 DAGs
[2026-08-16T08:15:09.288+0000] {logging_mixin.py:190} INFO - [2026-08-16T08:15:09.288+0000] {dag.py:4180} INFO - Setting next_dagrun for logistics_setup_lakehouse_infrastructure to 2026-01-01 00:00:00+00:00, run_after=2026-01-01 00:00:00+00:00
[2026-08-16T08:15:09.305+0000] {processor.py:208} INFO - Processing /opt/airflow/dags/logistics_setup_infrastructure.py took 0.096 seconds
[2026-08-16T08:16:03.437+0000] {processor.py:186} INFO - Started process (PID=1688) to work on /opt/airflow/dags/logistics_setup_infrastructure.py
[2026-08-16T08:16:03.438+0000] {processor.py:914} INFO - Processing file /opt/airflow/dags/logistics_setup_infrastructure.py for tasks to queue
[2026-08-16T08:16:03.439+0000] {logging_mixin.py:190} INFO - [2026-08-16T08:16:03.439+0000] {dagbag.py:588} INFO - Filling up the DagBag from /opt/airflow/dags/logistics_setup_infrastructure.py
[2026-08-16T08:16:03.469+0000] {processor.py:925} INFO - DAG(s) 'logistics_setup_lakehouse_infrastructure' retrieved from /opt/airflow/dags/logistics_setup_infrastructure.py
[2026-08-16T08:16:03.493+0000] {logging_mixin.py:190} INFO - [2026-08-16T08:16:03.493+0000] {dag.py:3239} INFO - Sync 1 DAGs
[2026-08-16T08:16:03.515+0000] {logging_mixin.py:190} INFO - [2026-08-16T08:16:03.515+0000] {dag.py:4180} INFO - Setting next_dagrun for logistics_setup_lakehouse_infrastructure to 2026-01-01 00:00:00+00:00, run_after=2026-01-01 00:00:00+00:00
[2026-08-16T08:16:03.538+0000] {processor.py:208} INFO - Processing /opt/airflow/dags/logistics_setup_infrastructure.py took 0.107 seconds
[2026-08-16T08:16:56.497+0000] {processor.py:186} INFO - Started process (PID=1794) to work on /opt/airflow/dags/logistics_setup_infrastructure.py
[2026-08-16T08:16:56.498+0000] {processor.py:914} INFO - Processing file /opt/airflow/dags/logistics_setup_infrastructure.py for tasks to queue
[2026-08-16T08:16:56.500+0000] {logging_mixin.py:190} INFO - [2026-08-16T08:16:56.499+0000] {dagbag.py:588} INFO - Filling up the DagBag from /opt/airflow/dags/logistics_setup_infrastructure.py
[2026-08-16T08:16:56.525+0000] {processor.py:925} INFO - DAG(s) 'logistics_setup_lakehouse_infrastructure' retrieved from /opt/airflow/dags/logistics_setup_infrastructure.py
[2026-08-16T08:16:56.551+0000] {logging_mixin.py:190} INFO - [2026-08-16T08:16:56.550+0000] {dag.py:3239} INFO - Sync 1 DAGs
[2026-08-16T08:16:56.571+0000] {logging_mixin.py:190} INFO - [2026-08-16T08:16:56.571+0000] {dag.py:4180} INFO - Setting next_dagrun for logistics_setup_lakehouse_infrastructure to 2026-01-01 00:00:00+00:00, run_after=2026-01-01 00:00:00+00:00
[2026-08-16T08:16:56.599+0000] {processor.py:208} INFO - Processing /opt/airflow/dags/logistics_setup_infrastructure.py took 0.107 seconds
[2026-08-16T08:17:51.845+0000] {processor.py:186} INFO - Started process (PID=1886) to work on /opt/airflow/dags/logistics_setup_infrastructure.py
[2026-08-16T08:17:51.846+0000] {processor.py:914} INFO - Processing file /opt/airflow/dags/logistics_setup_infrastructure.py for tasks to queue
[2026-08-16T08:17:51.847+0000] {logging_mixin.py:190} INFO - [2026-08-16T08:17:51.847+0000] {dagbag.py:588} INFO - Filling up the DagBag from /opt/airflow/dags/logistics_setup_infrastructure.py
[2026-08-16T08:17:51.882+0000] {processor.py:925} INFO - DAG(s) 'logistics_setup_lakehouse_infrastructure' retrieved from /opt/airflow/dags/logistics_setup_infrastructure.py
[2026-08-16T08:17:51.905+0000] {logging_mixin.py:190} INFO - [2026-08-16T08:17:51.904+0000] {dag.py:3239} INFO - Sync 1 DAGs
[2026-08-16T08:17:51.926+0000] {logging_mixin.py:190} INFO - [2026-08-16T08:17:51.926+0000] {dag.py:4180} INFO - Setting next_dagrun for logistics_setup_lakehouse_infrastructure to 2026-01-01 00:00:00+00:00, run_after=2026-01-01 00:00:00+00:00
[2026-08-16T08:17:51.945+0000] {processor.py:208} INFO - Processing /opt/airflow/dags/logistics_setup_infrastructure.py took 0.106 seconds
[2026-08-16T08:18:44.886+0000] {processor.py:186} INFO - Started process (PID=1978) to work on /opt/airflow/dags/logistics_setup_infrastructure.py
[2026-08-16T08:18:44.887+0000] {processor.py:914} INFO - Processing file /opt/airflow/dags/logistics_setup_infrastructure.py for tasks to queue
[2026-08-16T08:18:44.888+0000] {logging_mixin.py:190} INFO - [2026-08-16T08:18:44.888+0000] {dagbag.py:588} INFO - Filling up the DagBag from /opt/airflow/dags/logistics_setup_infrastructure.py
[2026-08-16T08:18:44.907+0000] {processor.py:925} INFO - DAG(s) 'logistics_setup_lakehouse_infrastructure' retrieved from /opt/airflow/dags/logistics_setup_infrastructure.py
[2026-08-16T08:18:44.934+0000] {logging_mixin.py:190} INFO - [2026-08-16T08:18:44.934+0000] {dag.py:3239} INFO - Sync 1 DAGs
[2026-08-16T08:18:44.961+0000] {logging_mixin.py:190} INFO - [2026-08-16T08:18:44.960+0000] {dag.py:4180} INFO - Setting next_dagrun for logistics_setup_lakehouse_infrastructure to 2026-01-01 00:00:00+00:00, run_after=2026-01-01 00:00:00+00:00
[2026-08-16T08:18:44.988+0000] {processor.py:208} INFO - Processing /opt/airflow/dags/logistics_setup_infrastructure.py took 0.109 seconds
[2026-08-16T08:19:38.529+0000] {processor.py:186} INFO - Started process (PID=2070) to work on /opt/airflow/dags/logistics_setup_infrastructure.py
[2026-08-16T08:19:38.530+0000] {processor.py:914} INFO - Processing file /opt/airflow/dags/logistics_setup_infrastructure.py for tasks to queue
[2026-08-16T08:19:38.537+0000] {logging_mixin.py:190} INFO - [2026-08-16T08:19:38.536+0000] {dagbag.py:588} INFO - Filling up the DagBag from /opt/airflow/dags/logistics_setup_infrastructure.py
[2026-08-16T08:19:38.561+0000] {processor.py:925} INFO - DAG(s) 'logistics_setup_lakehouse_infrastructure' retrieved from /opt/airflow/dags/logistics_setup_infrastructure.py
[2026-08-16T08:19:38.607+0000] {logging_mixin.py:190} INFO - [2026-08-16T08:19:38.607+0000] {dag.py:3239} INFO - Sync 1 DAGs
[2026-08-16T08:19:38.631+0000] {logging_mixin.py:190} INFO - [2026-08-16T08:19:38.631+0000] {dag.py:4180} INFO - Setting next_dagrun for logistics_setup_lakehouse_infrastructure to 2026-01-01 00:00:00+00:00, run_after=2026-01-01 00:00:00+00:00
[2026-08-16T08:19:38.651+0000] {processor.py:208} INFO - Processing /opt/airflow/dags/logistics_setup_infrastructure.py took 0.129 seconds
[2026-08-16T08:20:32.772+0000] {processor.py:186} INFO - Started process (PID=2167) to work on /opt/airflow/dags/logistics_setup_infrastructure.py
[2026-08-16T08:20:32.774+0000] {processor.py:914} INFO - Processing file /opt/airflow/dags/logistics_setup_infrastructure.py for tasks to queue
[2026-08-16T08:20:32.776+0000] {logging_mixin.py:190} INFO - [2026-08-16T08:20:32.775+0000] {dagbag.py:588} INFO - Filling up the DagBag from /opt/airflow/dags/logistics_setup_infrastructure.py
[2026-08-16T08:20:32.823+0000] {processor.py:925} INFO - DAG(s) 'logistics_setup_lakehouse_infrastructure' retrieved from /opt/airflow/dags/logistics_setup_infrastructure.py
[2026-08-16T08:20:32.854+0000] {logging_mixin.py:190} INFO - [2026-08-16T08:20:32.854+0000] {dag.py:3239} INFO - Sync 1 DAGs
[2026-08-16T08:20:32.884+0000] {logging_mixin.py:190} INFO - [2026-08-16T08:20:32.884+0000] {dag.py:4180} INFO - Setting next_dagrun for logistics_setup_lakehouse_infrastructure to 2026-01-01 00:00:00+00:00, run_after=2026-01-01 00:00:00+00:00
[2026-08-16T08:20:32.917+0000] {processor.py:208} INFO - Processing /opt/airflow/dags/logistics_setup_infrastructure.py took 0.151 seconds
[2026-08-16T08:21:27.869+0000] {processor.py:186} INFO - Started process (PID=2259) to work on /opt/airflow/dags/logistics_setup_infrastructure.py
[2026-08-16T08:21:27.871+0000] {processor.py:914} INFO - Processing file /opt/airflow/dags/logistics_setup_infrastructure.py for tasks to queue
[2026-08-16T08:21:27.872+0000] {logging_mixin.py:190} INFO - [2026-08-16T08:21:27.872+0000] {dagbag.py:588} INFO - Filling up the DagBag from /opt/airflow/dags/logistics_setup_infrastructure.py
[2026-08-16T08:21:27.921+0000] {processor.py:925} INFO - DAG(s) 'logistics_setup_lakehouse_infrastructure' retrieved from /opt/airflow/dags/logistics_setup_infrastructure.py
[2026-08-16T08:21:27.967+0000] {logging_mixin.py:190} INFO - [2026-08-16T08:21:27.966+0000] {dag.py:3239} INFO - Sync 1 DAGs
[2026-08-16T08:21:28.016+0000] {logging_mixin.py:190} INFO - [2026-08-16T08:21:28.015+0000] {dag.py:4180} INFO - Setting next_dagrun for logistics_setup_lakehouse_infrastructure to 2026-01-01 00:00:00+00:00, run_after=2026-01-01 00:00:00+00:00
[2026-08-16T08:21:28.052+0000] {processor.py:208} INFO - Processing /opt/airflow/dags/logistics_setup_infrastructure.py took 0.192 seconds
[2026-08-16T08:22:20.878+0000] {processor.py:186} INFO - Started process (PID=2351) to work on /opt/airflow/dags/logistics_setup_infrastructure.py
[2026-08-16T08:22:20.879+0000] {processor.py:914} INFO - Processing file /opt/airflow/dags/logistics_setup_infrastructure.py for tasks to queue
[2026-08-16T08:22:20.881+0000] {logging_mixin.py:190} INFO - [2026-08-16T08:22:20.881+0000] {dagbag.py:588} INFO - Filling up the DagBag from /opt/airflow/dags/logistics_setup_infrastructure.py
[2026-08-16T08:22:20.902+0000] {processor.py:925} INFO - DAG(s) 'logistics_setup_lakehouse_infrastructure' retrieved from /opt/airflow/dags/logistics_setup_infrastructure.py
[2026-08-16T08:22:20.934+0000] {logging_mixin.py:190} INFO - [2026-08-16T08:22:20.934+0000] {dag.py:3239} INFO - Sync 1 DAGs
[2026-08-16T08:22:20.968+0000] {logging_mixin.py:190} INFO - [2026-08-16T08:22:20.967+0000] {dag.py:4180} INFO - Setting next_dagrun for logistics_setup_lakehouse_infrastructure to 2026-01-01 00:00:00+00:00, run_after=2026-01-01 00:00:00+00:00
[2026-08-16T08:22:20.995+0000] {processor.py:208} INFO - Processing /opt/airflow/dags/logistics_setup_infrastructure.py took 0.123 seconds
[2026-08-16T08:23:13.517+0000] {processor.py:186} INFO - Started process (PID=2443) to work on /opt/airflow/dags/logistics_setup_infrastructure.py
[2026-08-16T08:23:13.519+0000] {processor.py:914} INFO - Processing file /opt/airflow/dags/logistics_setup_infrastructure.py for tasks to queue
[2026-08-16T08:23:13.520+0000] {logging_mixin.py:190} INFO - [2026-08-16T08:23:13.520+0000] {dagbag.py:588} INFO - Filling up the DagBag from /opt/airflow/dags/logistics_setup_infrastructure.py
[2026-08-16T08:23:13.546+0000] {processor.py:925} INFO - DAG(s) 'logistics_setup_lakehouse_infrastructure' retrieved from /opt/airflow/dags/logistics_setup_infrastructure.py
[2026-08-16T08:23:13.575+0000] {logging_mixin.py:190} INFO - [2026-08-16T08:23:13.574+0000] {dag.py:3239} INFO - Sync 1 DAGs
[2026-08-16T08:23:13.605+0000] {logging_mixin.py:190} INFO - [2026-08-16T08:23:13.605+0000] {dag.py:4180} INFO - Setting next_dagrun for logistics_setup_lakehouse_infrastructure to 2026-01-01 00:00:00+00:00, run_after=2026-01-01 00:00:00+00:00
[2026-08-16T08:23:13.637+0000] {processor.py:208} INFO - Processing /opt/airflow/dags/logistics_setup_infrastructure.py took 0.127 seconds
[2026-08-16T08:23:47.274+0000] {processor.py:186} INFO - Started process (PID=2531) to work on /opt/airflow/dags/logistics_setup_infrastructure.py
[2026-08-16T08:23:47.276+0000] {processor.py:914} INFO - Processing file /opt/airflow/dags/logistics_setup_infrastructure.py for tasks to queue
[2026-08-16T08:23:47.278+0000] {logging_mixin.py:190} INFO - [2026-08-16T08:23:47.278+0000] {dagbag.py:588} INFO - Filling up the DagBag from /opt/airflow/dags/logistics_setup_infrastructure.py
[2026-08-16T08:23:47.305+0000] {processor.py:925} INFO - DAG(s) 'logistics_setup_lakehouse_infrastructure' retrieved from /opt/airflow/dags/logistics_setup_infrastructure.py
[2026-08-16T08:23:47.336+0000] {logging_mixin.py:190} INFO - [2026-08-16T08:23:47.335+0000] {dag.py:3239} INFO - Sync 1 DAGs
[2026-08-16T08:23:47.366+0000] {logging_mixin.py:190} INFO - [2026-08-16T08:23:47.365+0000] {dag.py:4180} INFO - Setting next_dagrun for logistics_setup_lakehouse_infrastructure to 2026-01-01 00:00:00+00:00, run_after=2026-01-01 00:00:00+00:00
[2026-08-16T08:23:47.389+0000] {processor.py:208} INFO - Processing /opt/airflow/dags/logistics_setup_infrastructure.py took 0.123 seconds
[2026-08-16T08:25:04.098+0000] {processor.py:186} INFO - Started process (PID=2600) to work on /opt/airflow/dags/logistics_setup_infrastructure.py
[2026-08-16T08:25:04.099+0000] {processor.py:914} INFO - Processing file /opt/airflow/dags/logistics_setup_infrastructure.py for tasks to queue
[2026-08-16T08:25:04.101+0000] {logging_mixin.py:190} INFO - [2026-08-16T08:25:04.101+0000] {dagbag.py:588} INFO - Filling up the DagBag from /opt/airflow/dags/logistics_setup_infrastructure.py
[2026-08-16T08:25:04.150+0000] {processor.py:925} INFO - DAG(s) 'logistics_setup_lakehouse_infrastructure' retrieved from /opt/airflow/dags/logistics_setup_infrastructure.py
[2026-08-16T08:25:04.179+0000] {logging_mixin.py:190} INFO - [2026-08-16T08:25:04.178+0000] {dag.py:3239} INFO - Sync 1 DAGs
[2026-08-16T08:25:04.209+0000] {logging_mixin.py:190} INFO - [2026-08-16T08:25:04.209+0000] {dag.py:4180} INFO - Setting next_dagrun for logistics_setup_lakehouse_infrastructure to 2026-01-01 00:00:00+00:00, run_after=2026-01-01 00:00:00+00:00
[2026-08-16T08:25:04.233+0000] {processor.py:208} INFO - Processing /opt/airflow/dags/logistics_setup_infrastructure.py took 0.144 seconds
[2026-08-16T08:26:00.406+0000] {processor.py:186} INFO - Started process (PID=2692) to work on /opt/airflow/dags/logistics_setup_infrastructure.py
[2026-08-16T08:26:00.408+0000] {processor.py:914} INFO - Processing file /opt/airflow/dags/logistics_setup_infrastructure.py for tasks to queue
[2026-08-16T08:26:00.410+0000] {logging_mixin.py:190} INFO - [2026-08-16T08:26:00.410+0000] {dagbag.py:588} INFO - Filling up the DagBag from /opt/airflow/dags/logistics_setup_infrastructure.py
[2026-08-16T08:26:00.458+0000] {processor.py:925} INFO - DAG(s) 'logistics_setup_lakehouse_infrastructure' retrieved from /opt/airflow/dags/logistics_setup_infrastructure.py
[2026-08-16T08:26:00.490+0000] {logging_mixin.py:190} INFO - [2026-08-16T08:26:00.490+0000] {dag.py:3239} INFO - Sync 1 DAGs
[2026-08-16T08:26:00.518+0000] {logging_mixin.py:190} INFO - [2026-08-16T08:26:00.518+0000] {dag.py:4180} INFO - Setting next_dagrun for logistics_setup_lakehouse_infrastructure to 2026-01-01 00:00:00+00:00, run_after=2026-01-01 00:00:00+00:00
[2026-08-16T08:26:00.550+0000] {processor.py:208} INFO - Processing /opt/airflow/dags/logistics_setup_infrastructure.py took 0.154 seconds
[2026-08-16T08:26:39.997+0000] {processor.py:186} INFO - Started process (PID=2786) to work on /opt/airflow/dags/logistics_setup_infrastructure.py
[2026-08-16T08:26:39.999+0000] {processor.py:914} INFO - Processing file /opt/airflow/dags/logistics_setup_infrastructure.py for tasks to queue
[2026-08-16T08:26:40.002+0000] {logging_mixin.py:190} INFO - [2026-08-16T08:26:40.002+0000] {dagbag.py:588} INFO - Filling up the DagBag from /opt/airflow/dags/logistics_setup_infrastructure.py
[2026-08-16T08:26:40.058+0000] {processor.py:925} INFO - DAG(s) 'logistics_setup_lakehouse_infrastructure' retrieved from /opt/airflow/dags/logistics_setup_infrastructure.py
[2026-08-16T08:26:40.089+0000] {logging_mixin.py:190} INFO - [2026-08-16T08:26:40.089+0000] {dag.py:3239} INFO - Sync 1 DAGs
[2026-08-16T08:26:40.114+0000] {logging_mixin.py:190} INFO - [2026-08-16T08:26:40.113+0000] {dag.py:4180} INFO - Setting next_dagrun for logistics_setup_lakehouse_infrastructure to 2026-01-01 00:00:00+00:00, run_after=2026-01-01 00:00:00+00:00
[2026-08-16T08:26:40.141+0000] {processor.py:208} INFO - Processing /opt/airflow/dags/logistics_setup_infrastructure.py took 0.155 seconds
[2026-08-16T08:27:24.503+0000] {processor.py:186} INFO - Started process (PID=2880) to work on /opt/airflow/dags/logistics_setup_infrastructure.py
[2026-08-16T08:27:24.505+0000] {processor.py:914} INFO - Processing file /opt/airflow/dags/logistics_setup_infrastructure.py for tasks to queue
[2026-08-16T08:27:24.507+0000] {logging_mixin.py:190} INFO - [2026-08-16T08:27:24.507+0000] {dagbag.py:588} INFO - Filling up the DagBag from /opt/airflow/dags/logistics_setup_infrastructure.py
[2026-08-16T08:27:24.562+0000] {processor.py:925} INFO - DAG(s) 'logistics_setup_lakehouse_infrastructure' retrieved from /opt/airflow/dags/logistics_setup_infrastructure.py
[2026-08-16T08:27:24.593+0000] {logging_mixin.py:190} INFO - [2026-08-16T08:27:24.593+0000] {dag.py:3239} INFO - Sync 1 DAGs
[2026-08-16T08:27:24.624+0000] {logging_mixin.py:190} INFO - [2026-08-16T08:27:24.623+0000] {dag.py:4180} INFO - Setting next_dagrun for logistics_setup_lakehouse_infrastructure to 2026-01-01 00:00:00+00:00, run_after=2026-01-01 00:00:00+00:00
[2026-08-16T08:27:24.820+0000] {processor.py:208} INFO - Processing /opt/airflow/dags/logistics_setup_infrastructure.py took 0.325 seconds
[2026-08-16T08:28:12.738+0000] {processor.py:186} INFO - Started process (PID=2973) to work on /opt/airflow/dags/logistics_setup_infrastructure.py
[2026-08-16T08:28:12.739+0000] {processor.py:914} INFO - Processing file /opt/airflow/dags/logistics_setup_infrastructure.py for tasks to queue
[2026-08-16T08:28:12.741+0000] {logging_mixin.py:190} INFO - [2026-08-16T08:28:12.740+0000] {dagbag.py:588} INFO - Filling up the DagBag from /opt/airflow/dags/logistics_setup_infrastructure.py
[2026-08-16T08:28:12.775+0000] {processor.py:925} INFO - DAG(s) 'logistics_setup_lakehouse_infrastructure' retrieved from /opt/airflow/dags/logistics_setup_infrastructure.py
[2026-08-16T08:28:12.802+0000] {logging_mixin.py:190} INFO - [2026-08-16T08:28:12.802+0000] {dag.py:3239} INFO - Sync 1 DAGs
[2026-08-16T08:28:12.832+0000] {logging_mixin.py:190} INFO - [2026-08-16T08:28:12.832+0000] {dag.py:4180} INFO - Setting next_dagrun for logistics_setup_lakehouse_infrastructure to 2026-01-01 00:00:00+00:00, run_after=2026-01-01 00:00:00+00:00
[2026-08-16T08:28:13.005+0000] {processor.py:208} INFO - Processing /opt/airflow/dags/logistics_setup_infrastructure.py took 0.274 seconds
[2026-08-16T08:29:08.527+0000] {processor.py:186} INFO - Started process (PID=3090) to work on /opt/airflow/dags/logistics_setup_infrastructure.py
[2026-08-16T08:29:08.529+0000] {processor.py:914} INFO - Processing file /opt/airflow/dags/logistics_setup_infrastructure.py for tasks to queue
[2026-08-16T08:29:08.530+0000] {logging_mixin.py:190} INFO - [2026-08-16T08:29:08.530+0000] {dagbag.py:588} INFO - Filling up the DagBag from /opt/airflow/dags/logistics_setup_infrastructure.py
[2026-08-16T08:29:08.571+0000] {processor.py:925} INFO - DAG(s) 'logistics_setup_lakehouse_infrastructure' retrieved from /opt/airflow/dags/logistics_setup_infrastructure.py
[2026-08-16T08:29:08.600+0000] {logging_mixin.py:190} INFO - [2026-08-16T08:29:08.600+0000] {dag.py:3239} INFO - Sync 1 DAGs
[2026-08-16T08:29:08.630+0000] {logging_mixin.py:190} INFO - [2026-08-16T08:29:08.630+0000] {dag.py:4180} INFO - Setting next_dagrun for logistics_setup_lakehouse_infrastructure to 2026-01-01 00:00:00+00:00, run_after=2026-01-01 00:00:00+00:00
[2026-08-16T08:29:08.659+0000] {processor.py:208} INFO - Processing /opt/airflow/dags/logistics_setup_infrastructure.py took 0.139 seconds
[2026-08-16T08:29:45.313+0000] {processor.py:186} INFO - Started process (PID=3182) to work on /opt/airflow/dags/logistics_setup_infrastructure.py
[2026-08-16T08:29:45.314+0000] {processor.py:914} INFO - Processing file /opt/airflow/dags/logistics_setup_infrastructure.py for tasks to queue
[2026-08-16T08:29:45.315+0000] {logging_mixin.py:190} INFO - [2026-08-16T08:29:45.315+0000] {dagbag.py:588} INFO - Filling up the DagBag from /opt/airflow/dags/logistics_setup_infrastructure.py
[2026-08-16T08:29:45.336+0000] {processor.py:925} INFO - DAG(s) 'logistics_setup_lakehouse_infrastructure' retrieved from /opt/airflow/dags/logistics_setup_infrastructure.py
[2026-08-16T08:29:45.363+0000] {logging_mixin.py:190} INFO - [2026-08-16T08:29:45.363+0000] {dag.py:3239} INFO - Sync 1 DAGs
[2026-08-16T08:29:45.395+0000] {logging_mixin.py:190} INFO - [2026-08-16T08:29:45.395+0000] {dag.py:4180} INFO - Setting next_dagrun for logistics_setup_lakehouse_infrastructure to 2026-01-01 00:00:00+00:00, run_after=2026-01-01 00:00:00+00:00
[2026-08-16T08:29:45.419+0000] {processor.py:208} INFO - Processing /opt/airflow/dags/logistics_setup_infrastructure.py took 0.113 seconds
[2026-08-16T08:30:29.681+0000] {processor.py:186} INFO - Started process (PID=3276) to work on /opt/airflow/dags/logistics_setup_infrastructure.py
[2026-08-16T08:30:29.682+0000] {processor.py:914} INFO - Processing file /opt/airflow/dags/logistics_setup_infrastructure.py for tasks to queue
[2026-08-16T08:30:29.683+0000] {logging_mixin.py:190} INFO - [2026-08-16T08:30:29.683+0000] {dagbag.py:588} INFO - Filling up the DagBag from /opt/airflow/dags/logistics_setup_infrastructure.py
[2026-08-16T08:30:29.718+0000] {processor.py:925} INFO - DAG(s) 'logistics_setup_lakehouse_infrastructure' retrieved from /opt/airflow/dags/logistics_setup_infrastructure.py
[2026-08-16T08:30:29.749+0000] {logging_mixin.py:190} INFO - [2026-08-16T08:30:29.749+0000] {dag.py:3239} INFO - Sync 1 DAGs
[2026-08-16T08:30:29.782+0000] {logging_mixin.py:190} INFO - [2026-08-16T08:30:29.781+0000] {dag.py:4180} INFO - Setting next_dagrun for logistics_setup_lakehouse_infrastructure to 2026-01-01 00:00:00+00:00, run_after=2026-01-01 00:00:00+00:00
[2026-08-16T08:30:29.820+0000] {processor.py:208} INFO - Processing /opt/airflow/dags/logistics_setup_infrastructure.py took 0.148 seconds
[2026-08-16T08:31:06.085+0000] {processor.py:186} INFO - Started process (PID=3369) to work on /opt/airflow/dags/logistics_setup_infrastructure.py
[2026-08-16T08:31:06.087+0000] {processor.py:914} INFO - Processing file /opt/airflow/dags/logistics_setup_infrastructure.py for tasks to queue
[2026-08-16T08:31:06.090+0000] {logging_mixin.py:190} INFO - [2026-08-16T08:31:06.089+0000] {dagbag.py:588} INFO - Filling up the DagBag from /opt/airflow/dags/logistics_setup_infrastructure.py
[2026-08-16T08:31:06.119+0000] {processor.py:925} INFO - DAG(s) 'logistics_setup_lakehouse_infrastructure' retrieved from /opt/airflow/dags/logistics_setup_infrastructure.py
[2026-08-16T08:31:06.149+0000] {logging_mixin.py:190} INFO - [2026-08-16T08:31:06.148+0000] {dag.py:3239} INFO - Sync 1 DAGs
[2026-08-16T08:31:06.180+0000] {logging_mixin.py:190} INFO - [2026-08-16T08:31:06.180+0000] {dag.py:4180} INFO - Setting next_dagrun for logistics_setup_lakehouse_infrastructure to 2026-01-01 00:00:00+00:00, run_after=2026-01-01 00:00:00+00:00
[2026-08-16T08:31:06.205+0000] {processor.py:208} INFO - Processing /opt/airflow/dags/logistics_setup_infrastructure.py took 0.127 seconds
[2026-08-16T08:31:50.833+0000] {processor.py:186} INFO - Started process (PID=3471) to work on /opt/airflow/dags/logistics_setup_infrastructure.py
[2026-08-16T08:31:50.835+0000] {processor.py:914} INFO - Processing file /opt/airflow/dags/logistics_setup_infrastructure.py for tasks to queue
[2026-08-16T08:31:50.836+0000] {logging_mixin.py:190} INFO - [2026-08-16T08:31:50.836+0000] {dagbag.py:588} INFO - Filling up the DagBag from /opt/airflow/dags/logistics_setup_infrastructure.py
[2026-08-16T08:31:50.882+0000] {processor.py:925} INFO - DAG(s) 'logistics_setup_lakehouse_infrastructure' retrieved from /opt/airflow/dags/logistics_setup_infrastructure.py
[2026-08-16T08:31:50.912+0000] {logging_mixin.py:190} INFO - [2026-08-16T08:31:50.912+0000] {dag.py:3239} INFO - Sync 1 DAGs
[2026-08-16T08:31:50.938+0000] {logging_mixin.py:190} INFO - [2026-08-16T08:31:50.938+0000] {dag.py:4180} INFO - Setting next_dagrun for logistics_setup_lakehouse_infrastructure to 2026-01-01 00:00:00+00:00, run_after=2026-01-01 00:00:00+00:00
[2026-08-16T08:31:50.960+0000] {processor.py:208} INFO - Processing /opt/airflow/dags/logistics_setup_infrastructure.py took 0.134 seconds
[2026-08-16T08:32:26.911+0000] {processor.py:186} INFO - Started process (PID=3565) to work on /opt/airflow/dags/logistics_setup_infrastructure.py
[2026-08-16T08:32:26.912+0000] {processor.py:914} INFO - Processing file /opt/airflow/dags/logistics_setup_infrastructure.py for tasks to queue
[2026-08-16T08:32:26.914+0000] {logging_mixin.py:190} INFO - [2026-08-16T08:32:26.914+0000] {dagbag.py:588} INFO - Filling up the DagBag from /opt/airflow/dags/logistics_setup_infrastructure.py
[2026-08-16T08:32:26.941+0000] {processor.py:925} INFO - DAG(s) 'logistics_setup_lakehouse_infrastructure' retrieved from /opt/airflow/dags/logistics_setup_infrastructure.py
[2026-08-16T08:32:26.973+0000] {logging_mixin.py:190} INFO - [2026-08-16T08:32:26.972+0000] {dag.py:3239} INFO - Sync 1 DAGs
[2026-08-16T08:32:27.005+0000] {logging_mixin.py:190} INFO - [2026-08-16T08:32:27.004+0000] {dag.py:4180} INFO - Setting next_dagrun for logistics_setup_lakehouse_infrastructure to 2026-01-01 00:00:00+00:00, run_after=2026-01-01 00:00:00+00:00
[2026-08-16T08:32:27.035+0000] {processor.py:208} INFO - Processing /opt/airflow/dags/logistics_setup_infrastructure.py took 0.131 seconds
[2026-08-16T08:33:12.045+0000] {processor.py:186} INFO - Started process (PID=3672) to work on /opt/airflow/dags/logistics_setup_infrastructure.py
[2026-08-16T08:33:12.047+0000] {processor.py:914} INFO - Processing file /opt/airflow/dags/logistics_setup_infrastructure.py for tasks to queue
[2026-08-16T08:33:12.049+0000] {logging_mixin.py:190} INFO - [2026-08-16T08:33:12.048+0000] {dagbag.py:588} INFO - Filling up the DagBag from /opt/airflow/dags/logistics_setup_infrastructure.py
[2026-08-16T08:33:12.103+0000] {processor.py:925} INFO - DAG(s) 'logistics_setup_lakehouse_infrastructure' retrieved from /opt/airflow/dags/logistics_setup_infrastructure.py
[2026-08-16T08:33:12.153+0000] {logging_mixin.py:190} INFO - [2026-08-16T08:33:12.153+0000] {dag.py:3239} INFO - Sync 1 DAGs
[2026-08-16T08:33:12.186+0000] {logging_mixin.py:190} INFO - [2026-08-16T08:33:12.185+0000] {dag.py:4180} INFO - Setting next_dagrun for logistics_setup_lakehouse_infrastructure to 2026-01-01 00:00:00+00:00, run_after=2026-01-01 00:00:00+00:00
[2026-08-16T08:33:12.212+0000] {processor.py:208} INFO - Processing /opt/airflow/dags/logistics_setup_infrastructure.py took 0.172 seconds
[2026-08-16T08:33:46.856+0000] {processor.py:186} INFO - Started process (PID=3764) to work on /opt/airflow/dags/logistics_setup_infrastructure.py
[2026-08-16T08:33:46.857+0000] {processor.py:914} INFO - Processing file /opt/airflow/dags/logistics_setup_infrastructure.py for tasks to queue
[2026-08-16T08:33:46.859+0000] {logging_mixin.py:190} INFO - [2026-08-16T08:33:46.859+0000] {dagbag.py:588} INFO - Filling up the DagBag from /opt/airflow/dags/logistics_setup_infrastructure.py
[2026-08-16T08:33:46.882+0000] {processor.py:925} INFO - DAG(s) 'logistics_setup_lakehouse_infrastructure' retrieved from /opt/airflow/dags/logistics_setup_infrastructure.py
[2026-08-16T08:33:46.918+0000] {logging_mixin.py:190} INFO - [2026-08-16T08:33:46.917+0000] {dag.py:3239} INFO - Sync 1 DAGs
[2026-08-16T08:33:46.951+0000] {logging_mixin.py:190} INFO - [2026-08-16T08:33:46.951+0000] {dag.py:4180} INFO - Setting next_dagrun for logistics_setup_lakehouse_infrastructure to 2026-01-01 00:00:00+00:00, run_after=2026-01-01 00:00:00+00:00
[2026-08-16T08:33:46.979+0000] {processor.py:208} INFO - Processing /opt/airflow/dags/logistics_setup_infrastructure.py took 0.130 seconds
[2026-08-16T08:34:20.816+0000] {processor.py:186} INFO - Started process (PID=3854) to work on /opt/airflow/dags/logistics_setup_infrastructure.py
[2026-08-16T08:34:20.818+0000] {processor.py:914} INFO - Processing file /opt/airflow/dags/logistics_setup_infrastructure.py for tasks to queue
[2026-08-16T08:34:20.820+0000] {logging_mixin.py:190} INFO - [2026-08-16T08:34:20.819+0000] {dagbag.py:588} INFO - Filling up the DagBag from /opt/airflow/dags/logistics_setup_infrastructure.py
[2026-08-16T08:34:20.849+0000] {processor.py:925} INFO - DAG(s) 'logistics_setup_lakehouse_infrastructure' retrieved from /opt/airflow/dags/logistics_setup_infrastructure.py
[2026-08-16T08:34:20.885+0000] {logging_mixin.py:190} INFO - [2026-08-16T08:34:20.884+0000] {dag.py:3239} INFO - Sync 1 DAGs
[2026-08-16T08:34:20.924+0000] {logging_mixin.py:190} INFO - [2026-08-16T08:34:20.923+0000] {dag.py:4180} INFO - Setting next_dagrun for logistics_setup_lakehouse_infrastructure to 2026-01-01 00:00:00+00:00, run_after=2026-01-01 00:00:00+00:00
[2026-08-16T08:34:20.957+0000] {processor.py:208} INFO - Processing /opt/airflow/dags/logistics_setup_infrastructure.py took 0.149 seconds
[2026-08-16T08:34:57.678+0000] {processor.py:186} INFO - Started process (PID=3958) to work on /opt/airflow/dags/logistics_setup_infrastructure.py
[2026-08-16T08:34:57.679+0000] {processor.py:914} INFO - Processing file /opt/airflow/dags/logistics_setup_infrastructure.py for tasks to queue
[2026-08-16T08:34:57.681+0000] {logging_mixin.py:190} INFO - [2026-08-16T08:34:57.681+0000] {dagbag.py:588} INFO - Filling up the DagBag from /opt/airflow/dags/logistics_setup_infrastructure.py
[2026-08-16T08:34:57.724+0000] {processor.py:925} INFO - DAG(s) 'logistics_setup_lakehouse_infrastructure' retrieved from /opt/airflow/dags/logistics_setup_infrastructure.py
[2026-08-16T08:34:57.764+0000] {logging_mixin.py:190} INFO - [2026-08-16T08:34:57.764+0000] {dag.py:3239} INFO - Sync 1 DAGs
[2026-08-16T08:34:57.798+0000] {logging_mixin.py:190} INFO - [2026-08-16T08:34:57.797+0000] {dag.py:4180} INFO - Setting next_dagrun for logistics_setup_lakehouse_infrastructure to 2026-01-01 00:00:00+00:00, run_after=2026-01-01 00:00:00+00:00
[2026-08-16T08:34:57.841+0000] {processor.py:208} INFO - Processing /opt/airflow/dags/logistics_setup_infrastructure.py took 0.171 seconds
[2026-08-16T08:35:32.723+0000] {processor.py:186} INFO - Started process (PID=4050) to work on /opt/airflow/dags/logistics_setup_infrastructure.py
[2026-08-16T08:35:32.724+0000] {processor.py:914} INFO - Processing file /opt/airflow/dags/logistics_setup_infrastructure.py for tasks to queue
[2026-08-16T08:35:32.727+0000] {logging_mixin.py:190} INFO - [2026-08-16T08:35:32.727+0000] {dagbag.py:588} INFO - Filling up the DagBag from /opt/airflow/dags/logistics_setup_infrastructure.py
[2026-08-16T08:35:32.770+0000] {processor.py:925} INFO - DAG(s) 'logistics_setup_lakehouse_infrastructure' retrieved from /opt/airflow/dags/logistics_setup_infrastructure.py
[2026-08-16T08:35:32.798+0000] {logging_mixin.py:190} INFO - [2026-08-16T08:35:32.798+0000] {dag.py:3239} INFO - Sync 1 DAGs
[2026-08-16T08:35:32.825+0000] {logging_mixin.py:190} INFO - [2026-08-16T08:35:32.824+0000] {dag.py:4180} INFO - Setting next_dagrun for logistics_setup_lakehouse_infrastructure to 2026-01-01 00:00:00+00:00, run_after=2026-01-01 00:00:00+00:00
[2026-08-16T08:35:32.856+0000] {processor.py:208} INFO - Processing /opt/airflow/dags/logistics_setup_infrastructure.py took 0.142 seconds
[2026-08-16T08:36:07.398+0000] {processor.py:186} INFO - Started process (PID=4145) to work on /opt/airflow/dags/logistics_setup_infrastructure.py
[2026-08-16T08:36:07.400+0000] {processor.py:914} INFO - Processing file /opt/airflow/dags/logistics_setup_infrastructure.py for tasks to queue
[2026-08-16T08:36:07.402+0000] {logging_mixin.py:190} INFO - [2026-08-16T08:36:07.401+0000] {dagbag.py:588} INFO - Filling up the DagBag from /opt/airflow/dags/logistics_setup_infrastructure.py
[2026-08-16T08:36:07.443+0000] {processor.py:925} INFO - DAG(s) 'logistics_setup_lakehouse_infrastructure' retrieved from /opt/airflow/dags/logistics_setup_infrastructure.py
[2026-08-16T08:36:07.471+0000] {logging_mixin.py:190} INFO - [2026-08-16T08:36:07.471+0000] {dag.py:3239} INFO - Sync 1 DAGs
[2026-08-16T08:36:07.505+0000] {logging_mixin.py:190} INFO - [2026-08-16T08:36:07.504+0000] {dag.py:4180} INFO - Setting next_dagrun for logistics_setup_lakehouse_infrastructure to 2026-01-01 00:00:00+00:00, run_after=2026-01-01 00:00:00+00:00
[2026-08-16T08:36:07.540+0000] {processor.py:208} INFO - Processing /opt/airflow/dags/logistics_setup_infrastructure.py took 0.150 seconds
[2026-08-16T08:36:38.512+0000] {processor.py:186} INFO - Started process (PID=4238) to work on /opt/airflow/dags/logistics_setup_infrastructure.py
[2026-08-16T08:36:38.513+0000] {processor.py:914} INFO - Processing file /opt/airflow/dags/logistics_setup_infrastructure.py for tasks to queue
[2026-08-16T08:36:38.515+0000] {logging_mixin.py:190} INFO - [2026-08-16T08:36:38.515+0000] {dagbag.py:588} INFO - Filling up the DagBag from /opt/airflow/dags/logistics_setup_infrastructure.py
[2026-08-16T08:36:38.580+0000] {processor.py:925} INFO - DAG(s) 'logistics_setup_lakehouse_infrastructure' retrieved from /opt/airflow/dags/logistics_setup_infrastructure.py
[2026-08-16T08:36:38.608+0000] {logging_mixin.py:190} INFO - [2026-08-16T08:36:38.608+0000] {dag.py:3239} INFO - Sync 1 DAGs
[2026-08-16T08:36:38.634+0000] {logging_mixin.py:190} INFO - [2026-08-16T08:36:38.633+0000] {dag.py:4180} INFO - Setting next_dagrun for logistics_setup_lakehouse_infrastructure to 2026-01-01 00:00:00+00:00, run_after=2026-01-01 00:00:00+00:00
[2026-08-16T08:36:38.660+0000] {processor.py:208} INFO - Processing /opt/airflow/dags/logistics_setup_infrastructure.py took 0.155 seconds
[2026-08-16T08:37:09.119+0000] {processor.py:186} INFO - Started process (PID=4333) to work on /opt/airflow/dags/logistics_setup_infrastructure.py
[2026-08-16T08:37:09.121+0000] {processor.py:914} INFO - Processing file /opt/airflow/dags/logistics_setup_infrastructure.py for tasks to queue
[2026-08-16T08:37:09.122+0000] {logging_mixin.py:190} INFO - [2026-08-16T08:37:09.122+0000] {dagbag.py:588} INFO - Filling up the DagBag from /opt/airflow/dags/logistics_setup_infrastructure.py
[2026-08-16T08:37:09.146+0000] {processor.py:925} INFO - DAG(s) 'logistics_setup_lakehouse_infrastructure' retrieved from /opt/airflow/dags/logistics_setup_infrastructure.py
[2026-08-16T08:37:09.180+0000] {logging_mixin.py:190} INFO - [2026-08-16T08:37:09.180+0000] {dag.py:3239} INFO - Sync 1 DAGs
[2026-08-16T08:37:09.216+0000] {logging_mixin.py:190} INFO - [2026-08-16T08:37:09.215+0000] {dag.py:4180} INFO - Setting next_dagrun for logistics_setup_lakehouse_infrastructure to 2026-01-01 00:00:00+00:00, run_after=2026-01-01 00:00:00+00:00
[2026-08-16T08:37:09.247+0000] {processor.py:208} INFO - Processing /opt/airflow/dags/logistics_setup_infrastructure.py took 0.137 seconds
[2026-08-16T08:37:41.005+0000] {processor.py:186} INFO - Started process (PID=4427) to work on /opt/airflow/dags/logistics_setup_infrastructure.py
[2026-08-16T08:37:41.007+0000] {processor.py:914} INFO - Processing file /opt/airflow/dags/logistics_setup_infrastructure.py for tasks to queue
[2026-08-16T08:37:41.009+0000] {logging_mixin.py:190} INFO - [2026-08-16T08:37:41.008+0000] {dagbag.py:588} INFO - Filling up the DagBag from /opt/airflow/dags/logistics_setup_infrastructure.py
[2026-08-16T08:37:41.052+0000] {processor.py:925} INFO - DAG(s) 'logistics_setup_lakehouse_infrastructure' retrieved from /opt/airflow/dags/logistics_setup_infrastructure.py
[2026-08-16T08:37:41.080+0000] {logging_mixin.py:190} INFO - [2026-08-16T08:37:41.080+0000] {dag.py:3239} INFO - Sync 1 DAGs
[2026-08-16T08:37:41.105+0000] {logging_mixin.py:190} INFO - [2026-08-16T08:37:41.105+0000] {dag.py:4180} INFO - Setting next_dagrun for logistics_setup_lakehouse_infrastructure to 2026-01-01 00:00:00+00:00, run_after=2026-01-01 00:00:00+00:00
[2026-08-16T08:37:41.133+0000] {processor.py:208} INFO - Processing /opt/airflow/dags/logistics_setup_infrastructure.py took 0.140 seconds
[2026-08-16T08:38:11.690+0000] {processor.py:186} INFO - Started process (PID=4520) to work on /opt/airflow/dags/logistics_setup_infrastructure.py
[2026-08-16T08:38:11.691+0000] {processor.py:914} INFO - Processing file /opt/airflow/dags/logistics_setup_infrastructure.py for tasks to queue
[2026-08-16T08:38:11.693+0000] {logging_mixin.py:190} INFO - [2026-08-16T08:38:11.692+0000] {dagbag.py:588} INFO - Filling up the DagBag from /opt/airflow/dags/logistics_setup_infrastructure.py
[2026-08-16T08:38:11.715+0000] {processor.py:925} INFO - DAG(s) 'logistics_setup_lakehouse_infrastructure' retrieved from /opt/airflow/dags/logistics_setup_infrastructure.py
[2026-08-16T08:38:11.743+0000] {logging_mixin.py:190} INFO - [2026-08-16T08:38:11.743+0000] {dag.py:3239} INFO - Sync 1 DAGs
[2026-08-16T08:38:11.773+0000] {logging_mixin.py:190} INFO - [2026-08-16T08:38:11.772+0000] {dag.py:4180} INFO - Setting next_dagrun for logistics_setup_lakehouse_infrastructure to 2026-01-01 00:00:00+00:00, run_after=2026-01-01 00:00:00+00:00
[2026-08-16T08:38:11.802+0000] {processor.py:208} INFO - Processing /opt/airflow/dags/logistics_setup_infrastructure.py took 0.119 seconds
[2026-08-16T08:38:42.654+0000] {processor.py:186} INFO - Started process (PID=4615) to work on /opt/airflow/dags/logistics_setup_infrastructure.py
[2026-08-16T08:38:42.656+0000] {processor.py:914} INFO - Processing file /opt/airflow/dags/logistics_setup_infrastructure.py for tasks to queue
[2026-08-16T08:38:42.658+0000] {logging_mixin.py:190} INFO - [2026-08-16T08:38:42.657+0000] {dagbag.py:588} INFO - Filling up the DagBag from /opt/airflow/dags/logistics_setup_infrastructure.py
[2026-08-16T08:38:42.686+0000] {processor.py:925} INFO - DAG(s) 'logistics_setup_lakehouse_infrastructure' retrieved from /opt/airflow/dags/logistics_setup_infrastructure.py
[2026-08-16T08:38:42.720+0000] {logging_mixin.py:190} INFO - [2026-08-16T08:38:42.720+0000] {dag.py:3239} INFO - Sync 1 DAGs
[2026-08-16T08:38:42.755+0000] {logging_mixin.py:190} INFO - [2026-08-16T08:38:42.754+0000] {dag.py:4180} INFO - Setting next_dagrun for logistics_setup_lakehouse_infrastructure to 2026-01-01 00:00:00+00:00, run_after=2026-01-01 00:00:00+00:00
[2026-08-16T08:38:42.785+0000] {processor.py:208} INFO - Processing /opt/airflow/dags/logistics_setup_infrastructure.py took 0.139 seconds
[2026-08-16T08:39:13.346+0000] {processor.py:186} INFO - Started process (PID=4703) to work on /opt/airflow/dags/logistics_setup_infrastructure.py
[2026-08-16T08:39:13.348+0000] {processor.py:914} INFO - Processing file /opt/airflow/dags/logistics_setup_infrastructure.py for tasks to queue
[2026-08-16T08:39:13.350+0000] {logging_mixin.py:190} INFO - [2026-08-16T08:39:13.350+0000] {dagbag.py:588} INFO - Filling up the DagBag from /opt/airflow/dags/logistics_setup_infrastructure.py
[2026-08-16T08:39:13.405+0000] {processor.py:925} INFO - DAG(s) 'logistics_setup_lakehouse_infrastructure' retrieved from /opt/airflow/dags/logistics_setup_infrastructure.py
[2026-08-16T08:39:13.433+0000] {logging_mixin.py:190} INFO - [2026-08-16T08:39:13.433+0000] {dag.py:3239} INFO - Sync 1 DAGs
[2026-08-16T08:39:13.461+0000] {logging_mixin.py:190} INFO - [2026-08-16T08:39:13.460+0000] {dag.py:4180} INFO - Setting next_dagrun for logistics_setup_lakehouse_infrastructure to 2026-01-01 00:00:00+00:00, run_after=2026-01-01 00:00:00+00:00
[2026-08-16T08:39:13.487+0000] {processor.py:208} INFO - Processing /opt/airflow/dags/logistics_setup_infrastructure.py took 0.150 seconds
[2026-08-16T08:39:44.900+0000] {processor.py:186} INFO - Started process (PID=4806) to work on /opt/airflow/dags/logistics_setup_infrastructure.py
[2026-08-16T08:39:44.902+0000] {processor.py:914} INFO - Processing file /opt/airflow/dags/logistics_setup_infrastructure.py for tasks to queue
[2026-08-16T08:39:44.907+0000] {logging_mixin.py:190} INFO - [2026-08-16T08:39:44.906+0000] {dagbag.py:588} INFO - Filling up the DagBag from /opt/airflow/dags/logistics_setup_infrastructure.py
[2026-08-16T08:39:44.952+0000] {processor.py:925} INFO - DAG(s) 'logistics_setup_lakehouse_infrastructure' retrieved from /opt/airflow/dags/logistics_setup_infrastructure.py
[2026-08-16T08:39:44.989+0000] {logging_mixin.py:190} INFO - [2026-08-16T08:39:44.988+0000] {dag.py:3239} INFO - Sync 1 DAGs
[2026-08-16T08:39:45.020+0000] {logging_mixin.py:190} INFO - [2026-08-16T08:39:45.020+0000] {dag.py:4180} INFO - Setting next_dagrun for logistics_setup_lakehouse_infrastructure to 2026-01-01 00:00:00+00:00, run_after=2026-01-01 00:00:00+00:00
[2026-08-16T08:39:45.054+0000] {processor.py:208} INFO - Processing /opt/airflow/dags/logistics_setup_infrastructure.py took 0.165 seconds
[2026-08-16T08:40:18.033+0000] {processor.py:186} INFO - Started process (PID=4896) to work on /opt/airflow/dags/logistics_setup_infrastructure.py
[2026-08-16T08:40:18.036+0000] {processor.py:914} INFO - Processing file /opt/airflow/dags/logistics_setup_infrastructure.py for tasks to queue
[2026-08-16T08:40:18.038+0000] {logging_mixin.py:190} INFO - [2026-08-16T08:40:18.037+0000] {dagbag.py:588} INFO - Filling up the DagBag from /opt/airflow/dags/logistics_setup_infrastructure.py
[2026-08-16T08:40:18.093+0000] {processor.py:925} INFO - DAG(s) 'logistics_setup_lakehouse_infrastructure' retrieved from /opt/airflow/dags/logistics_setup_infrastructure.py
[2026-08-16T08:40:18.121+0000] {logging_mixin.py:190} INFO - [2026-08-16T08:40:18.121+0000] {dag.py:3239} INFO - Sync 1 DAGs
[2026-08-16T08:40:18.147+0000] {logging_mixin.py:190} INFO - [2026-08-16T08:40:18.147+0000] {dag.py:4180} INFO - Setting next_dagrun for logistics_setup_lakehouse_infrastructure to 2026-01-01 00:00:00+00:00, run_after=2026-01-01 00:00:00+00:00
[2026-08-16T08:40:18.176+0000] {processor.py:208} INFO - Processing /opt/airflow/dags/logistics_setup_infrastructure.py took 0.151 seconds
[2026-08-16T08:40:49.165+0000] {processor.py:186} INFO - Started process (PID=4988) to work on /opt/airflow/dags/logistics_setup_infrastructure.py
[2026-08-16T08:40:49.166+0000] {processor.py:914} INFO - Processing file /opt/airflow/dags/logistics_setup_infrastructure.py for tasks to queue
[2026-08-16T08:40:49.168+0000] {logging_mixin.py:190} INFO - [2026-08-16T08:40:49.168+0000] {dagbag.py:588} INFO - Filling up the DagBag from /opt/airflow/dags/logistics_setup_infrastructure.py
[2026-08-16T08:40:49.193+0000] {processor.py:925} INFO - DAG(s) 'logistics_setup_lakehouse_infrastructure' retrieved from /opt/airflow/dags/logistics_setup_infrastructure.py
[2026-08-16T08:40:49.219+0000] {logging_mixin.py:190} INFO - [2026-08-16T08:40:49.219+0000] {dag.py:3239} INFO - Sync 1 DAGs
[2026-08-16T08:40:49.243+0000] {logging_mixin.py:190} INFO - [2026-08-16T08:40:49.243+0000] {dag.py:4180} INFO - Setting next_dagrun for logistics_setup_lakehouse_infrastructure to 2026-01-01 00:00:00+00:00, run_after=2026-01-01 00:00:00+00:00
[2026-08-16T08:40:49.270+0000] {processor.py:208} INFO - Processing /opt/airflow/dags/logistics_setup_infrastructure.py took 0.112 seconds
[2026-08-16T08:41:20.093+0000] {processor.py:186} INFO - Started process (PID=5083) to work on /opt/airflow/dags/logistics_setup_infrastructure.py
[2026-08-16T08:41:20.095+0000] {processor.py:914} INFO - Processing file /opt/airflow/dags/logistics_setup_infrastructure.py for tasks to queue
[2026-08-16T08:41:20.098+0000] {logging_mixin.py:190} INFO - [2026-08-16T08:41:20.097+0000] {dagbag.py:588} INFO - Filling up the DagBag from /opt/airflow/dags/logistics_setup_infrastructure.py
[2026-08-16T08:41:20.144+0000] {processor.py:925} INFO - DAG(s) 'logistics_setup_lakehouse_infrastructure' retrieved from /opt/airflow/dags/logistics_setup_infrastructure.py
[2026-08-16T08:41:20.171+0000] {logging_mixin.py:190} INFO - [2026-08-16T08:41:20.170+0000] {dag.py:3239} INFO - Sync 1 DAGs
[2026-08-16T08:41:20.204+0000] {logging_mixin.py:190} INFO - [2026-08-16T08:41:20.203+0000] {dag.py:4180} INFO - Setting next_dagrun for logistics_setup_lakehouse_infrastructure to 2026-01-01 00:00:00+00:00, run_after=2026-01-01 00:00:00+00:00
[2026-08-16T08:41:20.239+0000] {processor.py:208} INFO - Processing /opt/airflow/dags/logistics_setup_infrastructure.py took 0.156 seconds
[2026-08-16T08:41:54.066+0000] {processor.py:186} INFO - Started process (PID=5168) to work on /opt/airflow/dags/logistics_setup_infrastructure.py
[2026-08-16T08:41:54.068+0000] {processor.py:914} INFO - Processing file /opt/airflow/dags/logistics_setup_infrastructure.py for tasks to queue
[2026-08-16T08:41:54.070+0000] {logging_mixin.py:190} INFO - [2026-08-16T08:41:54.069+0000] {dagbag.py:588} INFO - Filling up the DagBag from /opt/airflow/dags/logistics_setup_infrastructure.py
[2026-08-16T08:41:54.111+0000] {processor.py:925} INFO - DAG(s) 'logistics_setup_lakehouse_infrastructure' retrieved from /opt/airflow/dags/logistics_setup_infrastructure.py
[2026-08-16T08:41:54.149+0000] {logging_mixin.py:190} INFO - [2026-08-16T08:41:54.149+0000] {dag.py:3239} INFO - Sync 1 DAGs
[2026-08-16T08:41:54.174+0000] {logging_mixin.py:190} INFO - [2026-08-16T08:41:54.174+0000] {dag.py:4180} INFO - Setting next_dagrun for logistics_setup_lakehouse_infrastructure to 2026-01-01 00:00:00+00:00, run_after=2026-01-01 00:00:00+00:00
[2026-08-16T08:41:54.201+0000] {processor.py:208} INFO - Processing /opt/airflow/dags/logistics_setup_infrastructure.py took 0.143 seconds
[2026-08-16T08:42:34.844+0000] {processor.py:186} INFO - Started process (PID=5266) to work on /opt/airflow/dags/logistics_setup_infrastructure.py
[2026-08-16T08:42:34.846+0000] {processor.py:914} INFO - Processing file /opt/airflow/dags/logistics_setup_infrastructure.py for tasks to queue
[2026-08-16T08:42:34.847+0000] {logging_mixin.py:190} INFO - [2026-08-16T08:42:34.847+0000] {dagbag.py:588} INFO - Filling up the DagBag from /opt/airflow/dags/logistics_setup_infrastructure.py
[2026-08-16T08:42:34.883+0000] {processor.py:925} INFO - DAG(s) 'logistics_setup_lakehouse_infrastructure' retrieved from /opt/airflow/dags/logistics_setup_infrastructure.py
[2026-08-16T08:42:34.916+0000] {logging_mixin.py:190} INFO - [2026-08-16T08:42:34.916+0000] {dag.py:3239} INFO - Sync 1 DAGs
[2026-08-16T08:42:34.945+0000] {logging_mixin.py:190} INFO - [2026-08-16T08:42:34.945+0000] {dag.py:4180} INFO - Setting next_dagrun for logistics_setup_lakehouse_infrastructure to 2026-01-01 00:00:00+00:00, run_after=2026-01-01 00:00:00+00:00
[2026-08-16T08:42:34.979+0000] {processor.py:208} INFO - Processing /opt/airflow/dags/logistics_setup_infrastructure.py took 0.142 seconds
[2026-08-16T08:43:15.761+0000] {processor.py:186} INFO - Started process (PID=5358) to work on /opt/airflow/dags/logistics_setup_infrastructure.py
[2026-08-16T08:43:15.763+0000] {processor.py:914} INFO - Processing file /opt/airflow/dags/logistics_setup_infrastructure.py for tasks to queue
[2026-08-16T08:43:15.765+0000] {logging_mixin.py:190} INFO - [2026-08-16T08:43:15.764+0000] {dagbag.py:588} INFO - Filling up the DagBag from /opt/airflow/dags/logistics_setup_infrastructure.py
[2026-08-16T08:43:15.783+0000] {processor.py:925} INFO - DAG(s) 'logistics_setup_lakehouse_infrastructure' retrieved from /opt/airflow/dags/logistics_setup_infrastructure.py
[2026-08-16T08:43:15.811+0000] {logging_mixin.py:190} INFO - [2026-08-16T08:43:15.811+0000] {dag.py:3239} INFO - Sync 1 DAGs
[2026-08-16T08:43:15.840+0000] {logging_mixin.py:190} INFO - [2026-08-16T08:43:15.839+0000] {dag.py:4180} INFO - Setting next_dagrun for logistics_setup_lakehouse_infrastructure to 2026-01-01 00:00:00+00:00, run_after=2026-01-01 00:00:00+00:00
[2026-08-16T08:43:15.866+0000] {processor.py:208} INFO - Processing /opt/airflow/dags/logistics_setup_infrastructure.py took 0.115 seconds
[2026-08-16T08:43:46.563+0000] {processor.py:186} INFO - Started process (PID=5452) to work on /opt/airflow/dags/logistics_setup_infrastructure.py
[2026-08-16T08:43:46.564+0000] {processor.py:914} INFO - Processing file /opt/airflow/dags/logistics_setup_infrastructure.py for tasks to queue
[2026-08-16T08:43:46.566+0000] {logging_mixin.py:190} INFO - [2026-08-16T08:43:46.566+0000] {dagbag.py:588} INFO - Filling up the DagBag from /opt/airflow/dags/logistics_setup_infrastructure.py
[2026-08-16T08:43:46.609+0000] {processor.py:925} INFO - DAG(s) 'logistics_setup_lakehouse_infrastructure' retrieved from /opt/airflow/dags/logistics_setup_infrastructure.py
[2026-08-16T08:43:46.645+0000] {logging_mixin.py:190} INFO - [2026-08-16T08:43:46.645+0000] {dag.py:3239} INFO - Sync 1 DAGs
[2026-08-16T08:43:46.673+0000] {logging_mixin.py:190} INFO - [2026-08-16T08:43:46.672+0000] {dag.py:4180} INFO - Setting next_dagrun for logistics_setup_lakehouse_infrastructure to 2026-01-01 00:00:00+00:00, run_after=2026-01-01 00:00:00+00:00
[2026-08-16T08:43:46.703+0000] {processor.py:208} INFO - Processing /opt/airflow/dags/logistics_setup_infrastructure.py took 0.149 seconds
[2026-08-16T08:44:17.199+0000] {processor.py:186} INFO - Started process (PID=5547) to work on /opt/airflow/dags/logistics_setup_infrastructure.py
[2026-08-16T08:44:17.200+0000] {processor.py:914} INFO - Processing file /opt/airflow/dags/logistics_setup_infrastructure.py for tasks to queue
[2026-08-16T08:44:17.202+0000] {logging_mixin.py:190} INFO - [2026-08-16T08:44:17.202+0000] {dagbag.py:588} INFO - Filling up the DagBag from /opt/airflow/dags/logistics_setup_infrastructure.py
[2026-08-16T08:44:17.285+0000] {processor.py:925} INFO - DAG(s) 'logistics_setup_lakehouse_infrastructure' retrieved from /opt/airflow/dags/logistics_setup_infrastructure.py
[2026-08-16T08:44:17.310+0000] {logging_mixin.py:190} INFO - [2026-08-16T08:44:17.310+0000] {dag.py:3239} INFO - Sync 1 DAGs
[2026-08-16T08:44:17.338+0000] {logging_mixin.py:190} INFO - [2026-08-16T08:44:17.337+0000] {dag.py:4180} INFO - Setting next_dagrun for logistics_setup_lakehouse_infrastructure to 2026-01-01 00:00:00+00:00, run_after=2026-01-01 00:00:00+00:00
[2026-08-16T08:44:17.360+0000] {processor.py:208} INFO - Processing /opt/airflow/dags/logistics_setup_infrastructure.py took 0.168 seconds
[2026-08-16T08:44:47.903+0000] {processor.py:186} INFO - Started process (PID=5641) to work on /opt/airflow/dags/logistics_setup_infrastructure.py
[2026-08-16T08:44:47.904+0000] {processor.py:914} INFO - Processing file /opt/airflow/dags/logistics_setup_infrastructure.py for tasks to queue
[2026-08-16T08:44:47.905+0000] {logging_mixin.py:190} INFO - [2026-08-16T08:44:47.905+0000] {dagbag.py:588} INFO - Filling up the DagBag from /opt/airflow/dags/logistics_setup_infrastructure.py
[2026-08-16T08:44:47.926+0000] {processor.py:925} INFO - DAG(s) 'logistics_setup_lakehouse_infrastructure' retrieved from /opt/airflow/dags/logistics_setup_infrastructure.py
[2026-08-16T08:44:47.954+0000] {logging_mixin.py:190} INFO - [2026-08-16T08:44:47.954+0000] {dag.py:3239} INFO - Sync 1 DAGs
[2026-08-16T08:44:47.982+0000] {logging_mixin.py:190} INFO - [2026-08-16T08:44:47.982+0000] {dag.py:4180} INFO - Setting next_dagrun for logistics_setup_lakehouse_infrastructure to 2026-01-01 00:00:00+00:00, run_after=2026-01-01 00:00:00+00:00
[2026-08-16T08:44:48.018+0000] {processor.py:208} INFO - Processing /opt/airflow/dags/logistics_setup_infrastructure.py took 0.124 seconds
