[2026-08-16T07:59:50.992+0000] {processor.py:186} INFO - Started process (PID=160) to work on /opt/airflow/dags/logistics_incremental_load.py
[2026-08-16T07:59:50.996+0000] {processor.py:914} INFO - Processing file /opt/airflow/dags/logistics_incremental_load.py for tasks to queue
[2026-08-16T07:59:51.000+0000] {logging_mixin.py:190} INFO - [2026-08-16T07:59:51.000+0000] {dagbag.py:588} INFO - Filling up the DagBag from /opt/airflow/dags/logistics_incremental_load.py
[2026-08-16T07:59:52.257+0000] {processor.py:925} INFO - DAG(s) 'logistics_orders_incremental_load' retrieved from /opt/airflow/dags/logistics_incremental_load.py
[2026-08-16T07:59:52.325+0000] {logging_mixin.py:190} INFO - [2026-08-16T07:59:52.325+0000] {dag.py:3239} INFO - Sync 1 DAGs
[2026-08-16T07:59:52.384+0000] {logging_mixin.py:190} INFO - [2026-08-16T07:59:52.383+0000] {dag.py:4180} INFO - Setting next_dagrun for logistics_orders_incremental_load to 2026-08-15 00:00:00+00:00, run_after=2026-08-16 00:00:00+00:00
[2026-08-16T07:59:52.467+0000] {processor.py:208} INFO - Processing /opt/airflow/dags/logistics_incremental_load.py took 1.485 seconds
[2026-08-16T08:00:47.130+0000] {processor.py:186} INFO - Started process (PID=255) to work on /opt/airflow/dags/logistics_incremental_load.py
[2026-08-16T08:00:47.132+0000] {processor.py:914} INFO - Processing file /opt/airflow/dags/logistics_incremental_load.py for tasks to queue
[2026-08-16T08:00:47.136+0000] {logging_mixin.py:190} INFO - [2026-08-16T08:00:47.135+0000] {dagbag.py:588} INFO - Filling up the DagBag from /opt/airflow/dags/logistics_incremental_load.py
[2026-08-16T08:00:47.638+0000] {processor.py:925} INFO - DAG(s) 'logistics_orders_incremental_load' retrieved from /opt/airflow/dags/logistics_incremental_load.py
[2026-08-16T08:00:47.681+0000] {logging_mixin.py:190} INFO - [2026-08-16T08:00:47.681+0000] {dag.py:3239} INFO - Sync 1 DAGs
[2026-08-16T08:00:47.724+0000] {logging_mixin.py:190} INFO - [2026-08-16T08:00:47.724+0000] {dag.py:4180} INFO - Setting next_dagrun for logistics_orders_incremental_load to 2026-08-15 00:00:00+00:00, run_after=2026-08-16 00:00:00+00:00
[2026-08-16T08:00:47.753+0000] {processor.py:208} INFO - Processing /opt/airflow/dags/logistics_incremental_load.py took 0.631 seconds
[2026-08-16T08:01:35.104+0000] {processor.py:186} INFO - Started process (PID=279) to work on /opt/airflow/dags/logistics_incremental_load.py
[2026-08-16T08:01:35.105+0000] {processor.py:914} INFO - Processing file /opt/airflow/dags/logistics_incremental_load.py for tasks to queue
[2026-08-16T08:01:35.107+0000] {logging_mixin.py:190} INFO - [2026-08-16T08:01:35.106+0000] {dagbag.py:588} INFO - Filling up the DagBag from /opt/airflow/dags/logistics_incremental_load.py
[2026-08-16T08:01:35.471+0000] {processor.py:925} INFO - DAG(s) 'logistics_orders_incremental_load' retrieved from /opt/airflow/dags/logistics_incremental_load.py
[2026-08-16T08:01:35.496+0000] {logging_mixin.py:190} INFO - [2026-08-16T08:01:35.496+0000] {dag.py:3239} INFO - Sync 1 DAGs
[2026-08-16T08:01:35.520+0000] {logging_mixin.py:190} INFO - [2026-08-16T08:01:35.520+0000] {dag.py:4180} INFO - Setting next_dagrun for logistics_orders_incremental_load to 2026-08-15 00:00:00+00:00, run_after=2026-08-16 00:00:00+00:00
[2026-08-16T08:01:35.551+0000] {processor.py:208} INFO - Processing /opt/airflow/dags/logistics_incremental_load.py took 0.458 seconds
[2026-08-16T08:02:26.666+0000] {processor.py:186} INFO - Started process (PID=372) to work on /opt/airflow/dags/logistics_incremental_load.py
[2026-08-16T08:02:26.667+0000] {processor.py:914} INFO - Processing file /opt/airflow/dags/logistics_incremental_load.py for tasks to queue
[2026-08-16T08:02:26.669+0000] {logging_mixin.py:190} INFO - [2026-08-16T08:02:26.669+0000] {dagbag.py:588} INFO - Filling up the DagBag from /opt/airflow/dags/logistics_incremental_load.py
[2026-08-16T08:02:27.004+0000] {processor.py:925} INFO - DAG(s) 'logistics_orders_incremental_load' retrieved from /opt/airflow/dags/logistics_incremental_load.py
[2026-08-16T08:02:27.030+0000] {logging_mixin.py:190} INFO - [2026-08-16T08:02:27.030+0000] {dag.py:3239} INFO - Sync 1 DAGs
[2026-08-16T08:02:27.053+0000] {logging_mixin.py:190} INFO - [2026-08-16T08:02:27.053+0000] {dag.py:4180} INFO - Setting next_dagrun for logistics_orders_incremental_load to 2026-08-15 00:00:00+00:00, run_after=2026-08-16 00:00:00+00:00
[2026-08-16T08:02:27.082+0000] {processor.py:208} INFO - Processing /opt/airflow/dags/logistics_incremental_load.py took 0.425 seconds
[2026-08-16T08:02:59.418+0000] {processor.py:186} INFO - Started process (PID=461) to work on /opt/airflow/dags/logistics_incremental_load.py
[2026-08-16T08:02:59.419+0000] {processor.py:914} INFO - Processing file /opt/airflow/dags/logistics_incremental_load.py for tasks to queue
[2026-08-16T08:02:59.420+0000] {logging_mixin.py:190} INFO - [2026-08-16T08:02:59.420+0000] {dagbag.py:588} INFO - Filling up the DagBag from /opt/airflow/dags/logistics_incremental_load.py
[2026-08-16T08:02:59.707+0000] {processor.py:925} INFO - DAG(s) 'logistics_orders_incremental_load' retrieved from /opt/airflow/dags/logistics_incremental_load.py
[2026-08-16T08:02:59.740+0000] {logging_mixin.py:190} INFO - [2026-08-16T08:02:59.740+0000] {dag.py:3239} INFO - Sync 1 DAGs
[2026-08-16T08:02:59.768+0000] {logging_mixin.py:190} INFO - [2026-08-16T08:02:59.767+0000] {dag.py:4180} INFO - Setting next_dagrun for logistics_orders_incremental_load to 2026-08-15 00:00:00+00:00, run_after=2026-08-16 00:00:00+00:00
[2026-08-16T08:02:59.793+0000] {processor.py:208} INFO - Processing /opt/airflow/dags/logistics_incremental_load.py took 0.380 seconds
[2026-08-16T08:03:51.741+0000] {processor.py:186} INFO - Started process (PID=513) to work on /opt/airflow/dags/logistics_incremental_load.py
[2026-08-16T08:03:51.743+0000] {processor.py:914} INFO - Processing file /opt/airflow/dags/logistics_incremental_load.py for tasks to queue
[2026-08-16T08:03:51.744+0000] {logging_mixin.py:190} INFO - [2026-08-16T08:03:51.744+0000] {dagbag.py:588} INFO - Filling up the DagBag from /opt/airflow/dags/logistics_incremental_load.py
[2026-08-16T08:03:52.025+0000] {processor.py:925} INFO - DAG(s) 'logistics_orders_incremental_load' retrieved from /opt/airflow/dags/logistics_incremental_load.py
[2026-08-16T08:03:52.049+0000] {logging_mixin.py:190} INFO - [2026-08-16T08:03:52.049+0000] {dag.py:3239} INFO - Sync 1 DAGs
[2026-08-16T08:03:52.074+0000] {logging_mixin.py:190} INFO - [2026-08-16T08:03:52.074+0000] {dag.py:4180} INFO - Setting next_dagrun for logistics_orders_incremental_load to 2026-08-15 00:00:00+00:00, run_after=2026-08-16 00:00:00+00:00
[2026-08-16T08:03:52.092+0000] {processor.py:208} INFO - Processing /opt/airflow/dags/logistics_incremental_load.py took 0.358 seconds
[2026-08-16T08:04:44.501+0000] {processor.py:186} INFO - Started process (PID=581) to work on /opt/airflow/dags/logistics_incremental_load.py
[2026-08-16T08:04:44.502+0000] {processor.py:914} INFO - Processing file /opt/airflow/dags/logistics_incremental_load.py for tasks to queue
[2026-08-16T08:04:44.503+0000] {logging_mixin.py:190} INFO - [2026-08-16T08:04:44.503+0000] {dagbag.py:588} INFO - Filling up the DagBag from /opt/airflow/dags/logistics_incremental_load.py
[2026-08-16T08:04:44.752+0000] {processor.py:925} INFO - DAG(s) 'logistics_orders_incremental_load' retrieved from /opt/airflow/dags/logistics_incremental_load.py
[2026-08-16T08:04:44.777+0000] {logging_mixin.py:190} INFO - [2026-08-16T08:04:44.777+0000] {dag.py:3239} INFO - Sync 1 DAGs
[2026-08-16T08:04:44.802+0000] {logging_mixin.py:190} INFO - [2026-08-16T08:04:44.802+0000] {dag.py:4180} INFO - Setting next_dagrun for logistics_orders_incremental_load to 2026-08-15 00:00:00+00:00, run_after=2026-08-16 00:00:00+00:00
[2026-08-16T08:04:44.829+0000] {processor.py:208} INFO - Processing /opt/airflow/dags/logistics_incremental_load.py took 0.332 seconds
[2026-08-16T08:05:38.621+0000] {processor.py:186} INFO - Started process (PID=669) to work on /opt/airflow/dags/logistics_incremental_load.py
[2026-08-16T08:05:38.622+0000] {processor.py:914} INFO - Processing file /opt/airflow/dags/logistics_incremental_load.py for tasks to queue
[2026-08-16T08:05:38.623+0000] {logging_mixin.py:190} INFO - [2026-08-16T08:05:38.623+0000] {dagbag.py:588} INFO - Filling up the DagBag from /opt/airflow/dags/logistics_incremental_load.py
[2026-08-16T08:05:38.967+0000] {processor.py:925} INFO - DAG(s) 'logistics_orders_incremental_load' retrieved from /opt/airflow/dags/logistics_incremental_load.py
[2026-08-16T08:05:38.995+0000] {logging_mixin.py:190} INFO - [2026-08-16T08:05:38.995+0000] {dag.py:3239} INFO - Sync 1 DAGs
[2026-08-16T08:05:39.021+0000] {logging_mixin.py:190} INFO - [2026-08-16T08:05:39.020+0000] {dag.py:4180} INFO - Setting next_dagrun for logistics_orders_incremental_load to 2026-08-15 00:00:00+00:00, run_after=2026-08-16 00:00:00+00:00
[2026-08-16T08:05:39.044+0000] {processor.py:208} INFO - Processing /opt/airflow/dags/logistics_incremental_load.py took 0.430 seconds
[2026-08-16T08:06:32.865+0000] {processor.py:186} INFO - Started process (PID=761) to work on /opt/airflow/dags/logistics_incremental_load.py
[2026-08-16T08:06:32.866+0000] {processor.py:914} INFO - Processing file /opt/airflow/dags/logistics_incremental_load.py for tasks to queue
[2026-08-16T08:06:32.867+0000] {logging_mixin.py:190} INFO - [2026-08-16T08:06:32.867+0000] {dagbag.py:588} INFO - Filling up the DagBag from /opt/airflow/dags/logistics_incremental_load.py
[2026-08-16T08:06:33.164+0000] {processor.py:925} INFO - DAG(s) 'logistics_orders_incremental_load' retrieved from /opt/airflow/dags/logistics_incremental_load.py
[2026-08-16T08:06:33.194+0000] {logging_mixin.py:190} INFO - [2026-08-16T08:06:33.193+0000] {dag.py:3239} INFO - Sync 1 DAGs
[2026-08-16T08:06:33.221+0000] {logging_mixin.py:190} INFO - [2026-08-16T08:06:33.220+0000] {dag.py:4180} INFO - Setting next_dagrun for logistics_orders_incremental_load to 2026-08-15 00:00:00+00:00, run_after=2026-08-16 00:00:00+00:00
[2026-08-16T08:06:33.242+0000] {processor.py:208} INFO - Processing /opt/airflow/dags/logistics_incremental_load.py took 0.385 seconds
[2026-08-16T08:07:26.732+0000] {processor.py:186} INFO - Started process (PID=853) to work on /opt/airflow/dags/logistics_incremental_load.py
[2026-08-16T08:07:26.734+0000] {processor.py:914} INFO - Processing file /opt/airflow/dags/logistics_incremental_load.py for tasks to queue
[2026-08-16T08:07:26.735+0000] {logging_mixin.py:190} INFO - [2026-08-16T08:07:26.735+0000] {dagbag.py:588} INFO - Filling up the DagBag from /opt/airflow/dags/logistics_incremental_load.py
[2026-08-16T08:07:27.013+0000] {processor.py:925} INFO - DAG(s) 'logistics_orders_incremental_load' retrieved from /opt/airflow/dags/logistics_incremental_load.py
[2026-08-16T08:07:27.037+0000] {logging_mixin.py:190} INFO - [2026-08-16T08:07:27.037+0000] {dag.py:3239} INFO - Sync 1 DAGs
[2026-08-16T08:07:27.057+0000] {logging_mixin.py:190} INFO - [2026-08-16T08:07:27.057+0000] {dag.py:4180} INFO - Setting next_dagrun for logistics_orders_incremental_load to 2026-08-15 00:00:00+00:00, run_after=2026-08-16 00:00:00+00:00
[2026-08-16T08:07:27.082+0000] {processor.py:208} INFO - Processing /opt/airflow/dags/logistics_incremental_load.py took 0.355 seconds
[2026-08-16T08:08:21.104+0000] {processor.py:186} INFO - Started process (PID=945) to work on /opt/airflow/dags/logistics_incremental_load.py
[2026-08-16T08:08:21.105+0000] {processor.py:914} INFO - Processing file /opt/airflow/dags/logistics_incremental_load.py for tasks to queue
[2026-08-16T08:08:21.106+0000] {logging_mixin.py:190} INFO - [2026-08-16T08:08:21.106+0000] {dagbag.py:588} INFO - Filling up the DagBag from /opt/airflow/dags/logistics_incremental_load.py
[2026-08-16T08:08:21.454+0000] {processor.py:925} INFO - DAG(s) 'logistics_orders_incremental_load' retrieved from /opt/airflow/dags/logistics_incremental_load.py
[2026-08-16T08:08:21.479+0000] {logging_mixin.py:190} INFO - [2026-08-16T08:08:21.478+0000] {dag.py:3239} INFO - Sync 1 DAGs
[2026-08-16T08:08:21.500+0000] {logging_mixin.py:190} INFO - [2026-08-16T08:08:21.500+0000] {dag.py:4180} INFO - Setting next_dagrun for logistics_orders_incremental_load to 2026-08-15 00:00:00+00:00, run_after=2026-08-16 00:00:00+00:00
[2026-08-16T08:08:21.527+0000] {processor.py:208} INFO - Processing /opt/airflow/dags/logistics_incremental_load.py took 0.428 seconds
[2026-08-16T08:09:15.683+0000] {processor.py:186} INFO - Started process (PID=1038) to work on /opt/airflow/dags/logistics_incremental_load.py
[2026-08-16T08:09:15.684+0000] {processor.py:914} INFO - Processing file /opt/airflow/dags/logistics_incremental_load.py for tasks to queue
[2026-08-16T08:09:15.685+0000] {logging_mixin.py:190} INFO - [2026-08-16T08:09:15.685+0000] {dagbag.py:588} INFO - Filling up the DagBag from /opt/airflow/dags/logistics_incremental_load.py
[2026-08-16T08:09:15.980+0000] {processor.py:925} INFO - DAG(s) 'logistics_orders_incremental_load' retrieved from /opt/airflow/dags/logistics_incremental_load.py
[2026-08-16T08:09:16.007+0000] {logging_mixin.py:190} INFO - [2026-08-16T08:09:16.006+0000] {dag.py:3239} INFO - Sync 1 DAGs
[2026-08-16T08:09:16.032+0000] {logging_mixin.py:190} INFO - [2026-08-16T08:09:16.031+0000] {dag.py:4180} INFO - Setting next_dagrun for logistics_orders_incremental_load to 2026-08-15 00:00:00+00:00, run_after=2026-08-16 00:00:00+00:00
[2026-08-16T08:09:16.050+0000] {processor.py:208} INFO - Processing /opt/airflow/dags/logistics_incremental_load.py took 0.373 seconds
[2026-08-16T08:10:10.442+0000] {processor.py:186} INFO - Started process (PID=1130) to work on /opt/airflow/dags/logistics_incremental_load.py
[2026-08-16T08:10:10.443+0000] {processor.py:914} INFO - Processing file /opt/airflow/dags/logistics_incremental_load.py for tasks to queue
[2026-08-16T08:10:10.444+0000] {logging_mixin.py:190} INFO - [2026-08-16T08:10:10.444+0000] {dagbag.py:588} INFO - Filling up the DagBag from /opt/airflow/dags/logistics_incremental_load.py
[2026-08-16T08:10:10.874+0000] {processor.py:925} INFO - DAG(s) 'logistics_orders_incremental_load' retrieved from /opt/airflow/dags/logistics_incremental_load.py
[2026-08-16T08:10:10.902+0000] {logging_mixin.py:190} INFO - [2026-08-16T08:10:10.901+0000] {dag.py:3239} INFO - Sync 1 DAGs
[2026-08-16T08:10:11.077+0000] {logging_mixin.py:190} INFO - [2026-08-16T08:10:11.077+0000] {dag.py:4180} INFO - Setting next_dagrun for logistics_orders_incremental_load to 2026-08-15 00:00:00+00:00, run_after=2026-08-16 00:00:00+00:00
[2026-08-16T08:10:11.097+0000] {processor.py:208} INFO - Processing /opt/airflow/dags/logistics_incremental_load.py took 0.662 seconds
[2026-08-16T08:11:06.166+0000] {processor.py:186} INFO - Started process (PID=1222) to work on /opt/airflow/dags/logistics_incremental_load.py
[2026-08-16T08:11:06.167+0000] {processor.py:914} INFO - Processing file /opt/airflow/dags/logistics_incremental_load.py for tasks to queue
[2026-08-16T08:11:06.168+0000] {logging_mixin.py:190} INFO - [2026-08-16T08:11:06.168+0000] {dagbag.py:588} INFO - Filling up the DagBag from /opt/airflow/dags/logistics_incremental_load.py
[2026-08-16T08:11:06.465+0000] {processor.py:925} INFO - DAG(s) 'logistics_orders_incremental_load' retrieved from /opt/airflow/dags/logistics_incremental_load.py
[2026-08-16T08:11:06.491+0000] {logging_mixin.py:190} INFO - [2026-08-16T08:11:06.491+0000] {dag.py:3239} INFO - Sync 1 DAGs
[2026-08-16T08:11:06.513+0000] {logging_mixin.py:190} INFO - [2026-08-16T08:11:06.513+0000] {dag.py:4180} INFO - Setting next_dagrun for logistics_orders_incremental_load to 2026-08-15 00:00:00+00:00, run_after=2026-08-16 00:00:00+00:00
[2026-08-16T08:11:06.674+0000] {processor.py:208} INFO - Processing /opt/airflow/dags/logistics_incremental_load.py took 0.514 seconds
[2026-08-16T08:11:57.552+0000] {processor.py:186} INFO - Started process (PID=1314) to work on /opt/airflow/dags/logistics_incremental_load.py
[2026-08-16T08:11:57.553+0000] {processor.py:914} INFO - Processing file /opt/airflow/dags/logistics_incremental_load.py for tasks to queue
[2026-08-16T08:11:57.554+0000] {logging_mixin.py:190} INFO - [2026-08-16T08:11:57.554+0000] {dagbag.py:588} INFO - Filling up the DagBag from /opt/airflow/dags/logistics_incremental_load.py
[2026-08-16T08:11:57.934+0000] {processor.py:925} INFO - DAG(s) 'logistics_orders_incremental_load' retrieved from /opt/airflow/dags/logistics_incremental_load.py
[2026-08-16T08:11:57.953+0000] {logging_mixin.py:190} INFO - [2026-08-16T08:11:57.953+0000] {dag.py:3239} INFO - Sync 1 DAGs
[2026-08-16T08:11:57.974+0000] {logging_mixin.py:190} INFO - [2026-08-16T08:11:57.974+0000] {dag.py:4180} INFO - Setting next_dagrun for logistics_orders_incremental_load to 2026-08-15 00:00:00+00:00, run_after=2026-08-16 00:00:00+00:00
[2026-08-16T08:11:58.002+0000] {processor.py:208} INFO - Processing /opt/airflow/dags/logistics_incremental_load.py took 0.456 seconds
[2026-08-16T08:12:54.339+0000] {processor.py:186} INFO - Started process (PID=1406) to work on /opt/airflow/dags/logistics_incremental_load.py
[2026-08-16T08:12:54.340+0000] {processor.py:914} INFO - Processing file /opt/airflow/dags/logistics_incremental_load.py for tasks to queue
[2026-08-16T08:12:54.343+0000] {logging_mixin.py:190} INFO - [2026-08-16T08:12:54.342+0000] {dagbag.py:588} INFO - Filling up the DagBag from /opt/airflow/dags/logistics_incremental_load.py
[2026-08-16T08:12:54.698+0000] {processor.py:925} INFO - DAG(s) 'logistics_orders_incremental_load' retrieved from /opt/airflow/dags/logistics_incremental_load.py
[2026-08-16T08:12:54.868+0000] {logging_mixin.py:190} INFO - [2026-08-16T08:12:54.868+0000] {dag.py:3239} INFO - Sync 1 DAGs
[2026-08-16T08:12:54.891+0000] {logging_mixin.py:190} INFO - [2026-08-16T08:12:54.891+0000] {dag.py:4180} INFO - Setting next_dagrun for logistics_orders_incremental_load to 2026-08-15 00:00:00+00:00, run_after=2026-08-16 00:00:00+00:00
[2026-08-16T08:12:54.921+0000] {processor.py:208} INFO - Processing /opt/airflow/dags/logistics_incremental_load.py took 0.592 seconds
[2026-08-16T08:13:48.721+0000] {processor.py:186} INFO - Started process (PID=1471) to work on /opt/airflow/dags/logistics_incremental_load.py
[2026-08-16T08:13:48.722+0000] {processor.py:914} INFO - Processing file /opt/airflow/dags/logistics_incremental_load.py for tasks to queue
[2026-08-16T08:13:48.724+0000] {logging_mixin.py:190} INFO - [2026-08-16T08:13:48.723+0000] {dagbag.py:588} INFO - Filling up the DagBag from /opt/airflow/dags/logistics_incremental_load.py
[2026-08-16T08:13:49.043+0000] {processor.py:925} INFO - DAG(s) 'logistics_orders_incremental_load' retrieved from /opt/airflow/dags/logistics_incremental_load.py
[2026-08-16T08:13:49.202+0000] {logging_mixin.py:190} INFO - [2026-08-16T08:13:49.202+0000] {dag.py:3239} INFO - Sync 1 DAGs
[2026-08-16T08:13:49.223+0000] {logging_mixin.py:190} INFO - [2026-08-16T08:13:49.223+0000] {dag.py:4180} INFO - Setting next_dagrun for logistics_orders_incremental_load to 2026-08-15 00:00:00+00:00, run_after=2026-08-16 00:00:00+00:00
[2026-08-16T08:13:49.245+0000] {processor.py:208} INFO - Processing /opt/airflow/dags/logistics_incremental_load.py took 0.530 seconds
[2026-08-16T08:14:40.176+0000] {processor.py:186} INFO - Started process (PID=1563) to work on /opt/airflow/dags/logistics_incremental_load.py
[2026-08-16T08:14:40.177+0000] {processor.py:914} INFO - Processing file /opt/airflow/dags/logistics_incremental_load.py for tasks to queue
[2026-08-16T08:14:40.178+0000] {logging_mixin.py:190} INFO - [2026-08-16T08:14:40.178+0000] {dagbag.py:588} INFO - Filling up the DagBag from /opt/airflow/dags/logistics_incremental_load.py
[2026-08-16T08:14:40.626+0000] {processor.py:925} INFO - DAG(s) 'logistics_orders_incremental_load' retrieved from /opt/airflow/dags/logistics_incremental_load.py
[2026-08-16T08:14:40.649+0000] {logging_mixin.py:190} INFO - [2026-08-16T08:14:40.649+0000] {dag.py:3239} INFO - Sync 1 DAGs
[2026-08-16T08:14:40.673+0000] {logging_mixin.py:190} INFO - [2026-08-16T08:14:40.673+0000] {dag.py:4180} INFO - Setting next_dagrun for logistics_orders_incremental_load to 2026-08-15 00:00:00+00:00, run_after=2026-08-16 00:00:00+00:00
[2026-08-16T08:14:40.698+0000] {processor.py:208} INFO - Processing /opt/airflow/dags/logistics_incremental_load.py took 0.529 seconds
[2026-08-16T08:15:11.563+0000] {processor.py:186} INFO - Started process (PID=1642) to work on /opt/airflow/dags/logistics_incremental_load.py
[2026-08-16T08:15:11.564+0000] {processor.py:914} INFO - Processing file /opt/airflow/dags/logistics_incremental_load.py for tasks to queue
[2026-08-16T08:15:11.566+0000] {logging_mixin.py:190} INFO - [2026-08-16T08:15:11.566+0000] {dagbag.py:588} INFO - Filling up the DagBag from /opt/airflow/dags/logistics_incremental_load.py
[2026-08-16T08:15:12.031+0000] {processor.py:925} INFO - DAG(s) 'logistics_orders_incremental_load' retrieved from /opt/airflow/dags/logistics_incremental_load.py
[2026-08-16T08:15:12.055+0000] {logging_mixin.py:190} INFO - [2026-08-16T08:15:12.054+0000] {dag.py:3239} INFO - Sync 1 DAGs
[2026-08-16T08:15:12.074+0000] {logging_mixin.py:190} INFO - [2026-08-16T08:15:12.074+0000] {dag.py:4180} INFO - Setting next_dagrun for logistics_orders_incremental_load to 2026-08-15 00:00:00+00:00, run_after=2026-08-16 00:00:00+00:00
[2026-08-16T08:15:12.105+0000] {processor.py:208} INFO - Processing /opt/airflow/dags/logistics_incremental_load.py took 0.552 seconds
[2026-08-16T08:16:03.948+0000] {processor.py:186} INFO - Started process (PID=1703) to work on /opt/airflow/dags/logistics_incremental_load.py
[2026-08-16T08:16:03.949+0000] {processor.py:914} INFO - Processing file /opt/airflow/dags/logistics_incremental_load.py for tasks to queue
[2026-08-16T08:16:03.950+0000] {logging_mixin.py:190} INFO - [2026-08-16T08:16:03.950+0000] {dagbag.py:588} INFO - Filling up the DagBag from /opt/airflow/dags/logistics_incremental_load.py
[2026-08-16T08:16:04.416+0000] {processor.py:925} INFO - DAG(s) 'logistics_orders_incremental_load' retrieved from /opt/airflow/dags/logistics_incremental_load.py
[2026-08-16T08:16:04.438+0000] {logging_mixin.py:190} INFO - [2026-08-16T08:16:04.437+0000] {dag.py:3239} INFO - Sync 1 DAGs
[2026-08-16T08:16:04.460+0000] {logging_mixin.py:190} INFO - [2026-08-16T08:16:04.460+0000] {dag.py:4180} INFO - Setting next_dagrun for logistics_orders_incremental_load to 2026-08-15 00:00:00+00:00, run_after=2026-08-16 00:00:00+00:00
[2026-08-16T08:16:04.478+0000] {processor.py:208} INFO - Processing /opt/airflow/dags/logistics_incremental_load.py took 0.539 seconds
[2026-08-16T08:16:55.730+0000] {processor.py:186} INFO - Started process (PID=1780) to work on /opt/airflow/dags/logistics_incremental_load.py
[2026-08-16T08:16:55.731+0000] {processor.py:914} INFO - Processing file /opt/airflow/dags/logistics_incremental_load.py for tasks to queue
[2026-08-16T08:16:55.733+0000] {logging_mixin.py:190} INFO - [2026-08-16T08:16:55.732+0000] {dagbag.py:588} INFO - Filling up the DagBag from /opt/airflow/dags/logistics_incremental_load.py
[2026-08-16T08:16:56.209+0000] {processor.py:925} INFO - DAG(s) 'logistics_orders_incremental_load' retrieved from /opt/airflow/dags/logistics_incremental_load.py
[2026-08-16T08:16:56.228+0000] {logging_mixin.py:190} INFO - [2026-08-16T08:16:56.228+0000] {dag.py:3239} INFO - Sync 1 DAGs
[2026-08-16T08:16:56.246+0000] {logging_mixin.py:190} INFO - [2026-08-16T08:16:56.245+0000] {dag.py:4180} INFO - Setting next_dagrun for logistics_orders_incremental_load to 2026-08-15 00:00:00+00:00, run_after=2026-08-16 00:00:00+00:00
[2026-08-16T08:16:56.265+0000] {processor.py:208} INFO - Processing /opt/airflow/dags/logistics_incremental_load.py took 0.541 seconds
[2026-08-16T08:17:51.041+0000] {processor.py:186} INFO - Started process (PID=1872) to work on /opt/airflow/dags/logistics_incremental_load.py
[2026-08-16T08:17:51.043+0000] {processor.py:914} INFO - Processing file /opt/airflow/dags/logistics_incremental_load.py for tasks to queue
[2026-08-16T08:17:51.044+0000] {logging_mixin.py:190} INFO - [2026-08-16T08:17:51.044+0000] {dagbag.py:588} INFO - Filling up the DagBag from /opt/airflow/dags/logistics_incremental_load.py
[2026-08-16T08:17:51.534+0000] {processor.py:925} INFO - DAG(s) 'logistics_orders_incremental_load' retrieved from /opt/airflow/dags/logistics_incremental_load.py
[2026-08-16T08:17:51.558+0000] {logging_mixin.py:190} INFO - [2026-08-16T08:17:51.558+0000] {dag.py:3239} INFO - Sync 1 DAGs
[2026-08-16T08:17:51.583+0000] {logging_mixin.py:190} INFO - [2026-08-16T08:17:51.583+0000] {dag.py:4180} INFO - Setting next_dagrun for logistics_orders_incremental_load to 2026-08-15 00:00:00+00:00, run_after=2026-08-16 00:00:00+00:00
[2026-08-16T08:17:51.603+0000] {processor.py:208} INFO - Processing /opt/airflow/dags/logistics_incremental_load.py took 0.567 seconds
[2026-08-16T08:18:44.162+0000] {processor.py:186} INFO - Started process (PID=1964) to work on /opt/airflow/dags/logistics_incremental_load.py
[2026-08-16T08:18:44.163+0000] {processor.py:914} INFO - Processing file /opt/airflow/dags/logistics_incremental_load.py for tasks to queue
[2026-08-16T08:18:44.165+0000] {logging_mixin.py:190} INFO - [2026-08-16T08:18:44.164+0000] {dagbag.py:588} INFO - Filling up the DagBag from /opt/airflow/dags/logistics_incremental_load.py
[2026-08-16T08:18:44.617+0000] {processor.py:925} INFO - DAG(s) 'logistics_orders_incremental_load' retrieved from /opt/airflow/dags/logistics_incremental_load.py
[2026-08-16T08:18:44.642+0000] {logging_mixin.py:190} INFO - [2026-08-16T08:18:44.641+0000] {dag.py:3239} INFO - Sync 1 DAGs
[2026-08-16T08:18:44.662+0000] {logging_mixin.py:190} INFO - [2026-08-16T08:18:44.661+0000] {dag.py:4180} INFO - Setting next_dagrun for logistics_orders_incremental_load to 2026-08-15 00:00:00+00:00, run_after=2026-08-16 00:00:00+00:00
[2026-08-16T08:18:44.680+0000] {processor.py:208} INFO - Processing /opt/airflow/dags/logistics_incremental_load.py took 0.522 seconds
[2026-08-16T08:19:37.108+0000] {processor.py:186} INFO - Started process (PID=2047) to work on /opt/airflow/dags/logistics_incremental_load.py
[2026-08-16T08:19:37.110+0000] {processor.py:914} INFO - Processing file /opt/airflow/dags/logistics_incremental_load.py for tasks to queue
[2026-08-16T08:19:37.111+0000] {logging_mixin.py:190} INFO - [2026-08-16T08:19:37.111+0000] {dagbag.py:588} INFO - Filling up the DagBag from /opt/airflow/dags/logistics_incremental_load.py
[2026-08-16T08:19:37.663+0000] {processor.py:925} INFO - DAG(s) 'logistics_orders_incremental_load' retrieved from /opt/airflow/dags/logistics_incremental_load.py
[2026-08-16T08:19:37.685+0000] {logging_mixin.py:190} INFO - [2026-08-16T08:19:37.685+0000] {dag.py:3239} INFO - Sync 1 DAGs
[2026-08-16T08:19:37.706+0000] {logging_mixin.py:190} INFO - [2026-08-16T08:19:37.706+0000] {dag.py:4180} INFO - Setting next_dagrun for logistics_orders_incremental_load to 2026-08-15 00:00:00+00:00, run_after=2026-08-16 00:00:00+00:00
[2026-08-16T08:19:37.733+0000] {processor.py:208} INFO - Processing /opt/airflow/dags/logistics_incremental_load.py took 0.630 seconds
[2026-08-16T08:20:31.307+0000] {processor.py:186} INFO - Started process (PID=2139) to work on /opt/airflow/dags/logistics_incremental_load.py
[2026-08-16T08:20:31.309+0000] {processor.py:914} INFO - Processing file /opt/airflow/dags/logistics_incremental_load.py for tasks to queue
[2026-08-16T08:20:31.310+0000] {logging_mixin.py:190} INFO - [2026-08-16T08:20:31.310+0000] {dagbag.py:588} INFO - Filling up the DagBag from /opt/airflow/dags/logistics_incremental_load.py
[2026-08-16T08:20:31.752+0000] {processor.py:925} INFO - DAG(s) 'logistics_orders_incremental_load' retrieved from /opt/airflow/dags/logistics_incremental_load.py
[2026-08-16T08:20:31.779+0000] {logging_mixin.py:190} INFO - [2026-08-16T08:20:31.779+0000] {dag.py:3239} INFO - Sync 1 DAGs
[2026-08-16T08:20:31.801+0000] {logging_mixin.py:190} INFO - [2026-08-16T08:20:31.801+0000] {dag.py:4180} INFO - Setting next_dagrun for logistics_orders_incremental_load to 2026-08-15 00:00:00+00:00, run_after=2026-08-16 00:00:00+00:00
[2026-08-16T08:20:31.825+0000] {processor.py:208} INFO - Processing /opt/airflow/dags/logistics_incremental_load.py took 0.524 seconds
[2026-08-16T08:21:26.028+0000] {processor.py:186} INFO - Started process (PID=2231) to work on /opt/airflow/dags/logistics_incremental_load.py
[2026-08-16T08:21:26.029+0000] {processor.py:914} INFO - Processing file /opt/airflow/dags/logistics_incremental_load.py for tasks to queue
[2026-08-16T08:21:26.031+0000] {logging_mixin.py:190} INFO - [2026-08-16T08:21:26.031+0000] {dagbag.py:588} INFO - Filling up the DagBag from /opt/airflow/dags/logistics_incremental_load.py
[2026-08-16T08:21:26.589+0000] {processor.py:925} INFO - DAG(s) 'logistics_orders_incremental_load' retrieved from /opt/airflow/dags/logistics_incremental_load.py
[2026-08-16T08:21:26.611+0000] {logging_mixin.py:190} INFO - [2026-08-16T08:21:26.610+0000] {dag.py:3239} INFO - Sync 1 DAGs
[2026-08-16T08:21:26.631+0000] {logging_mixin.py:190} INFO - [2026-08-16T08:21:26.631+0000] {dag.py:4180} INFO - Setting next_dagrun for logistics_orders_incremental_load to 2026-08-15 00:00:00+00:00, run_after=2026-08-16 00:00:00+00:00
[2026-08-16T08:21:26.658+0000] {processor.py:208} INFO - Processing /opt/airflow/dags/logistics_incremental_load.py took 0.642 seconds
[2026-08-16T08:22:18.880+0000] {processor.py:186} INFO - Started process (PID=2323) to work on /opt/airflow/dags/logistics_incremental_load.py
[2026-08-16T08:22:18.882+0000] {processor.py:914} INFO - Processing file /opt/airflow/dags/logistics_incremental_load.py for tasks to queue
[2026-08-16T08:22:18.885+0000] {logging_mixin.py:190} INFO - [2026-08-16T08:22:18.885+0000] {dagbag.py:588} INFO - Filling up the DagBag from /opt/airflow/dags/logistics_incremental_load.py
[2026-08-16T08:22:19.451+0000] {processor.py:925} INFO - DAG(s) 'logistics_orders_incremental_load' retrieved from /opt/airflow/dags/logistics_incremental_load.py
[2026-08-16T08:22:19.489+0000] {logging_mixin.py:190} INFO - [2026-08-16T08:22:19.488+0000] {dag.py:3239} INFO - Sync 1 DAGs
[2026-08-16T08:22:19.520+0000] {logging_mixin.py:190} INFO - [2026-08-16T08:22:19.519+0000] {dag.py:4180} INFO - Setting next_dagrun for logistics_orders_incremental_load to 2026-08-15 00:00:00+00:00, run_after=2026-08-16 00:00:00+00:00
[2026-08-16T08:22:19.558+0000] {processor.py:208} INFO - Processing /opt/airflow/dags/logistics_incremental_load.py took 0.691 seconds
[2026-08-16T08:22:50.460+0000] {processor.py:186} INFO - Started process (PID=2411) to work on /opt/airflow/dags/logistics_incremental_load.py
[2026-08-16T08:22:50.461+0000] {processor.py:914} INFO - Processing file /opt/airflow/dags/logistics_incremental_load.py for tasks to queue
[2026-08-16T08:22:50.462+0000] {logging_mixin.py:190} INFO - [2026-08-16T08:22:50.462+0000] {dagbag.py:588} INFO - Filling up the DagBag from /opt/airflow/dags/logistics_incremental_load.py
[2026-08-16T08:22:51.322+0000] {processor.py:925} INFO - DAG(s) 'logistics_orders_incremental_load' retrieved from /opt/airflow/dags/logistics_incremental_load.py
[2026-08-16T08:22:51.344+0000] {logging_mixin.py:190} INFO - [2026-08-16T08:22:51.344+0000] {dag.py:3239} INFO - Sync 1 DAGs
[2026-08-16T08:22:51.369+0000] {logging_mixin.py:190} INFO - [2026-08-16T08:22:51.369+0000] {dag.py:4180} INFO - Setting next_dagrun for logistics_orders_incremental_load to 2026-08-15 00:00:00+00:00, run_after=2026-08-16 00:00:00+00:00
[2026-08-16T08:22:51.404+0000] {processor.py:208} INFO - Processing /opt/airflow/dags/logistics_incremental_load.py took 0.950 seconds
[2026-08-16T08:23:43.164+0000] {processor.py:186} INFO - Started process (PID=2476) to work on /opt/airflow/dags/logistics_incremental_load.py
[2026-08-16T08:23:43.165+0000] {processor.py:914} INFO - Processing file /opt/airflow/dags/logistics_incremental_load.py for tasks to queue
[2026-08-16T08:23:43.167+0000] {logging_mixin.py:190} INFO - [2026-08-16T08:23:43.167+0000] {dagbag.py:588} INFO - Filling up the DagBag from /opt/airflow/dags/logistics_incremental_load.py
[2026-08-16T08:23:43.711+0000] {processor.py:925} INFO - DAG(s) 'logistics_orders_incremental_load' retrieved from /opt/airflow/dags/logistics_incremental_load.py
[2026-08-16T08:23:43.742+0000] {logging_mixin.py:190} INFO - [2026-08-16T08:23:43.741+0000] {dag.py:3239} INFO - Sync 1 DAGs
[2026-08-16T08:23:43.772+0000] {logging_mixin.py:190} INFO - [2026-08-16T08:23:43.772+0000] {dag.py:4180} INFO - Setting next_dagrun for logistics_orders_incremental_load to 2026-08-15 00:00:00+00:00, run_after=2026-08-16 00:00:00+00:00
[2026-08-16T08:23:43.802+0000] {processor.py:208} INFO - Processing /opt/airflow/dags/logistics_incremental_load.py took 0.645 seconds
[2026-08-16T08:24:39.247+0000] {processor.py:186} INFO - Started process (PID=2568) to work on /opt/airflow/dags/logistics_incremental_load.py
[2026-08-16T08:24:39.248+0000] {processor.py:914} INFO - Processing file /opt/airflow/dags/logistics_incremental_load.py for tasks to queue
[2026-08-16T08:24:39.250+0000] {logging_mixin.py:190} INFO - [2026-08-16T08:24:39.249+0000] {dagbag.py:588} INFO - Filling up the DagBag from /opt/airflow/dags/logistics_incremental_load.py
[2026-08-16T08:24:39.737+0000] {processor.py:925} INFO - DAG(s) 'logistics_orders_incremental_load' retrieved from /opt/airflow/dags/logistics_incremental_load.py
[2026-08-16T08:24:39.764+0000] {logging_mixin.py:190} INFO - [2026-08-16T08:24:39.764+0000] {dag.py:3239} INFO - Sync 1 DAGs
[2026-08-16T08:24:39.791+0000] {logging_mixin.py:190} INFO - [2026-08-16T08:24:39.791+0000] {dag.py:4180} INFO - Setting next_dagrun for logistics_orders_incremental_load to 2026-08-15 00:00:00+00:00, run_after=2026-08-16 00:00:00+00:00
[2026-08-16T08:24:39.816+0000] {processor.py:208} INFO - Processing /opt/airflow/dags/logistics_incremental_load.py took 0.577 seconds
[2026-08-16T08:25:31.323+0000] {processor.py:186} INFO - Started process (PID=2660) to work on /opt/airflow/dags/logistics_incremental_load.py
[2026-08-16T08:25:31.325+0000] {processor.py:914} INFO - Processing file /opt/airflow/dags/logistics_incremental_load.py for tasks to queue
[2026-08-16T08:25:31.328+0000] {logging_mixin.py:190} INFO - [2026-08-16T08:25:31.327+0000] {dagbag.py:588} INFO - Filling up the DagBag from /opt/airflow/dags/logistics_incremental_load.py
[2026-08-16T08:25:31.876+0000] {processor.py:925} INFO - DAG(s) 'logistics_orders_incremental_load' retrieved from /opt/airflow/dags/logistics_incremental_load.py
[2026-08-16T08:25:31.906+0000] {logging_mixin.py:190} INFO - [2026-08-16T08:25:31.906+0000] {dag.py:3239} INFO - Sync 1 DAGs
[2026-08-16T08:25:31.937+0000] {logging_mixin.py:190} INFO - [2026-08-16T08:25:31.937+0000] {dag.py:4180} INFO - Setting next_dagrun for logistics_orders_incremental_load to 2026-08-15 00:00:00+00:00, run_after=2026-08-16 00:00:00+00:00
[2026-08-16T08:25:31.967+0000] {processor.py:208} INFO - Processing /opt/airflow/dags/logistics_incremental_load.py took 0.654 seconds
[2026-08-16T08:26:03.834+0000] {processor.py:186} INFO - Started process (PID=2739) to work on /opt/airflow/dags/logistics_incremental_load.py
[2026-08-16T08:26:03.835+0000] {processor.py:914} INFO - Processing file /opt/airflow/dags/logistics_incremental_load.py for tasks to queue
[2026-08-16T08:26:03.838+0000] {logging_mixin.py:190} INFO - [2026-08-16T08:26:03.837+0000] {dagbag.py:588} INFO - Filling up the DagBag from /opt/airflow/dags/logistics_incremental_load.py
[2026-08-16T08:26:04.372+0000] {processor.py:925} INFO - DAG(s) 'logistics_orders_incremental_load' retrieved from /opt/airflow/dags/logistics_incremental_load.py
[2026-08-16T08:26:04.394+0000] {logging_mixin.py:190} INFO - [2026-08-16T08:26:04.394+0000] {dag.py:3239} INFO - Sync 1 DAGs
[2026-08-16T08:26:04.417+0000] {logging_mixin.py:190} INFO - [2026-08-16T08:26:04.416+0000] {dag.py:4180} INFO - Setting next_dagrun for logistics_orders_incremental_load to 2026-08-15 00:00:00+00:00, run_after=2026-08-16 00:00:00+00:00
[2026-08-16T08:26:04.453+0000] {processor.py:208} INFO - Processing /opt/airflow/dags/logistics_incremental_load.py took 0.627 seconds
[2026-08-16T08:26:40.240+0000] {processor.py:186} INFO - Started process (PID=2791) to work on /opt/airflow/dags/logistics_incremental_load.py
[2026-08-16T08:26:40.241+0000] {processor.py:914} INFO - Processing file /opt/airflow/dags/logistics_incremental_load.py for tasks to queue
[2026-08-16T08:26:40.242+0000] {logging_mixin.py:190} INFO - [2026-08-16T08:26:40.242+0000] {dagbag.py:588} INFO - Filling up the DagBag from /opt/airflow/dags/logistics_incremental_load.py
[2026-08-16T08:26:40.777+0000] {processor.py:925} INFO - DAG(s) 'logistics_orders_incremental_load' retrieved from /opt/airflow/dags/logistics_incremental_load.py
[2026-08-16T08:26:40.799+0000] {logging_mixin.py:190} INFO - [2026-08-16T08:26:40.799+0000] {dag.py:3239} INFO - Sync 1 DAGs
[2026-08-16T08:26:40.824+0000] {logging_mixin.py:190} INFO - [2026-08-16T08:26:40.824+0000] {dag.py:4180} INFO - Setting next_dagrun for logistics_orders_incremental_load to 2026-08-15 00:00:00+00:00, run_after=2026-08-16 00:00:00+00:00
[2026-08-16T08:26:40.850+0000] {processor.py:208} INFO - Processing /opt/airflow/dags/logistics_incremental_load.py took 0.617 seconds
[2026-08-16T08:27:25.114+0000] {processor.py:186} INFO - Started process (PID=2885) to work on /opt/airflow/dags/logistics_incremental_load.py
[2026-08-16T08:27:25.122+0000] {processor.py:914} INFO - Processing file /opt/airflow/dags/logistics_incremental_load.py for tasks to queue
[2026-08-16T08:27:25.128+0000] {logging_mixin.py:190} INFO - [2026-08-16T08:27:25.127+0000] {dagbag.py:588} INFO - Filling up the DagBag from /opt/airflow/dags/logistics_incremental_load.py
[2026-08-16T08:27:25.725+0000] {processor.py:925} INFO - DAG(s) 'logistics_orders_incremental_load' retrieved from /opt/airflow/dags/logistics_incremental_load.py
[2026-08-16T08:27:25.755+0000] {logging_mixin.py:190} INFO - [2026-08-16T08:27:25.755+0000] {dag.py:3239} INFO - Sync 1 DAGs
[2026-08-16T08:27:25.800+0000] {logging_mixin.py:190} INFO - [2026-08-16T08:27:25.800+0000] {dag.py:4180} INFO - Setting next_dagrun for logistics_orders_incremental_load to 2026-08-15 00:00:00+00:00, run_after=2026-08-16 00:00:00+00:00
[2026-08-16T08:27:25.879+0000] {processor.py:208} INFO - Processing /opt/airflow/dags/logistics_incremental_load.py took 0.770 seconds
[2026-08-16T08:28:13.141+0000] {processor.py:186} INFO - Started process (PID=2978) to work on /opt/airflow/dags/logistics_incremental_load.py
[2026-08-16T08:28:13.142+0000] {processor.py:914} INFO - Processing file /opt/airflow/dags/logistics_incremental_load.py for tasks to queue
[2026-08-16T08:28:13.144+0000] {logging_mixin.py:190} INFO - [2026-08-16T08:28:13.144+0000] {dagbag.py:588} INFO - Filling up the DagBag from /opt/airflow/dags/logistics_incremental_load.py
[2026-08-16T08:28:13.690+0000] {processor.py:925} INFO - DAG(s) 'logistics_orders_incremental_load' retrieved from /opt/airflow/dags/logistics_incremental_load.py
[2026-08-16T08:28:13.723+0000] {logging_mixin.py:190} INFO - [2026-08-16T08:28:13.723+0000] {dag.py:3239} INFO - Sync 1 DAGs
[2026-08-16T08:28:13.748+0000] {logging_mixin.py:190} INFO - [2026-08-16T08:28:13.748+0000] {dag.py:4180} INFO - Setting next_dagrun for logistics_orders_incremental_load to 2026-08-15 00:00:00+00:00, run_after=2026-08-16 00:00:00+00:00
[2026-08-16T08:28:13.770+0000] {processor.py:208} INFO - Processing /opt/airflow/dags/logistics_incremental_load.py took 0.642 seconds
[2026-08-16T08:28:53.619+0000] {processor.py:186} INFO - Started process (PID=3066) to work on /opt/airflow/dags/logistics_incremental_load.py
[2026-08-16T08:28:53.621+0000] {processor.py:914} INFO - Processing file /opt/airflow/dags/logistics_incremental_load.py for tasks to queue
[2026-08-16T08:28:53.623+0000] {logging_mixin.py:190} INFO - [2026-08-16T08:28:53.623+0000] {dagbag.py:588} INFO - Filling up the DagBag from /opt/airflow/dags/logistics_incremental_load.py
[2026-08-16T08:28:54.002+0000] {processor.py:925} INFO - DAG(s) 'logistics_orders_incremental_load' retrieved from /opt/airflow/dags/logistics_incremental_load.py
[2026-08-16T08:28:54.027+0000] {logging_mixin.py:190} INFO - [2026-08-16T08:28:54.027+0000] {dag.py:3239} INFO - Sync 1 DAGs
[2026-08-16T08:28:54.063+0000] {logging_mixin.py:190} INFO - [2026-08-16T08:28:54.063+0000] {dag.py:4180} INFO - Setting next_dagrun for logistics_orders_incremental_load to 2026-08-15 00:00:00+00:00, run_after=2026-08-16 00:00:00+00:00
[2026-08-16T08:28:54.100+0000] {processor.py:208} INFO - Processing /opt/airflow/dags/logistics_incremental_load.py took 0.493 seconds
[2026-08-16T08:29:35.372+0000] {processor.py:186} INFO - Started process (PID=3160) to work on /opt/airflow/dags/logistics_incremental_load.py
[2026-08-16T08:29:35.374+0000] {processor.py:914} INFO - Processing file /opt/airflow/dags/logistics_incremental_load.py for tasks to queue
[2026-08-16T08:29:35.377+0000] {logging_mixin.py:190} INFO - [2026-08-16T08:29:35.377+0000] {dagbag.py:588} INFO - Filling up the DagBag from /opt/airflow/dags/logistics_incremental_load.py
[2026-08-16T08:29:35.742+0000] {processor.py:925} INFO - DAG(s) 'logistics_orders_incremental_load' retrieved from /opt/airflow/dags/logistics_incremental_load.py
[2026-08-16T08:29:35.771+0000] {logging_mixin.py:190} INFO - [2026-08-16T08:29:35.771+0000] {dag.py:3239} INFO - Sync 1 DAGs
[2026-08-16T08:29:35.800+0000] {logging_mixin.py:190} INFO - [2026-08-16T08:29:35.799+0000] {dag.py:4180} INFO - Setting next_dagrun for logistics_orders_incremental_load to 2026-08-15 00:00:00+00:00, run_after=2026-08-16 00:00:00+00:00
[2026-08-16T08:29:35.827+0000] {processor.py:208} INFO - Processing /opt/airflow/dags/logistics_incremental_load.py took 0.470 seconds
[2026-08-16T08:30:14.836+0000] {processor.py:186} INFO - Started process (PID=3253) to work on /opt/airflow/dags/logistics_incremental_load.py
[2026-08-16T08:30:14.837+0000] {processor.py:914} INFO - Processing file /opt/airflow/dags/logistics_incremental_load.py for tasks to queue
[2026-08-16T08:30:14.839+0000] {logging_mixin.py:190} INFO - [2026-08-16T08:30:14.839+0000] {dagbag.py:588} INFO - Filling up the DagBag from /opt/airflow/dags/logistics_incremental_load.py
[2026-08-16T08:30:15.201+0000] {processor.py:925} INFO - DAG(s) 'logistics_orders_incremental_load' retrieved from /opt/airflow/dags/logistics_incremental_load.py
[2026-08-16T08:30:15.225+0000] {logging_mixin.py:190} INFO - [2026-08-16T08:30:15.225+0000] {dag.py:3239} INFO - Sync 1 DAGs
[2026-08-16T08:30:15.248+0000] {logging_mixin.py:190} INFO - [2026-08-16T08:30:15.248+0000] {dag.py:4180} INFO - Setting next_dagrun for logistics_orders_incremental_load to 2026-08-15 00:00:00+00:00, run_after=2026-08-16 00:00:00+00:00
[2026-08-16T08:30:15.273+0000] {processor.py:208} INFO - Processing /opt/airflow/dags/logistics_incremental_load.py took 0.446 seconds
[2026-08-16T08:30:54.234+0000] {processor.py:186} INFO - Started process (PID=3346) to work on /opt/airflow/dags/logistics_incremental_load.py
[2026-08-16T08:30:54.236+0000] {processor.py:914} INFO - Processing file /opt/airflow/dags/logistics_incremental_load.py for tasks to queue
[2026-08-16T08:30:54.238+0000] {logging_mixin.py:190} INFO - [2026-08-16T08:30:54.237+0000] {dagbag.py:588} INFO - Filling up the DagBag from /opt/airflow/dags/logistics_incremental_load.py
[2026-08-16T08:30:54.534+0000] {processor.py:925} INFO - DAG(s) 'logistics_orders_incremental_load' retrieved from /opt/airflow/dags/logistics_incremental_load.py
[2026-08-16T08:30:54.558+0000] {logging_mixin.py:190} INFO - [2026-08-16T08:30:54.558+0000] {dag.py:3239} INFO - Sync 1 DAGs
[2026-08-16T08:30:54.579+0000] {logging_mixin.py:190} INFO - [2026-08-16T08:30:54.579+0000] {dag.py:4180} INFO - Setting next_dagrun for logistics_orders_incremental_load to 2026-08-15 00:00:00+00:00, run_after=2026-08-16 00:00:00+00:00
[2026-08-16T08:30:54.601+0000] {processor.py:208} INFO - Processing /opt/airflow/dags/logistics_incremental_load.py took 0.376 seconds
[2026-08-16T08:31:33.387+0000] {processor.py:186} INFO - Started process (PID=3439) to work on /opt/airflow/dags/logistics_incremental_load.py
[2026-08-16T08:31:33.388+0000] {processor.py:914} INFO - Processing file /opt/airflow/dags/logistics_incremental_load.py for tasks to queue
[2026-08-16T08:31:33.390+0000] {logging_mixin.py:190} INFO - [2026-08-16T08:31:33.390+0000] {dagbag.py:588} INFO - Filling up the DagBag from /opt/airflow/dags/logistics_incremental_load.py
[2026-08-16T08:31:33.749+0000] {processor.py:925} INFO - DAG(s) 'logistics_orders_incremental_load' retrieved from /opt/airflow/dags/logistics_incremental_load.py
[2026-08-16T08:31:33.777+0000] {logging_mixin.py:190} INFO - [2026-08-16T08:31:33.777+0000] {dag.py:3239} INFO - Sync 1 DAGs
[2026-08-16T08:31:33.806+0000] {logging_mixin.py:190} INFO - [2026-08-16T08:31:33.806+0000] {dag.py:4180} INFO - Setting next_dagrun for logistics_orders_incremental_load to 2026-08-15 00:00:00+00:00, run_after=2026-08-16 00:00:00+00:00
[2026-08-16T08:31:33.830+0000] {processor.py:208} INFO - Processing /opt/airflow/dags/logistics_incremental_load.py took 0.450 seconds
[2026-08-16T08:32:04.079+0000] {processor.py:186} INFO - Started process (PID=3527) to work on /opt/airflow/dags/logistics_incremental_load.py
[2026-08-16T08:32:04.080+0000] {processor.py:914} INFO - Processing file /opt/airflow/dags/logistics_incremental_load.py for tasks to queue
[2026-08-16T08:32:04.082+0000] {logging_mixin.py:190} INFO - [2026-08-16T08:32:04.081+0000] {dagbag.py:588} INFO - Filling up the DagBag from /opt/airflow/dags/logistics_incremental_load.py
[2026-08-16T08:32:04.406+0000] {processor.py:925} INFO - DAG(s) 'logistics_orders_incremental_load' retrieved from /opt/airflow/dags/logistics_incremental_load.py
[2026-08-16T08:32:04.435+0000] {logging_mixin.py:190} INFO - [2026-08-16T08:32:04.435+0000] {dag.py:3239} INFO - Sync 1 DAGs
[2026-08-16T08:32:04.475+0000] {logging_mixin.py:190} INFO - [2026-08-16T08:32:04.475+0000] {dag.py:4180} INFO - Setting next_dagrun for logistics_orders_incremental_load to 2026-08-15 00:00:00+00:00, run_after=2026-08-16 00:00:00+00:00
[2026-08-16T08:32:04.525+0000] {processor.py:208} INFO - Processing /opt/airflow/dags/logistics_incremental_load.py took 0.453 seconds
[2026-08-16T08:32:35.038+0000] {processor.py:186} INFO - Started process (PID=3621) to work on /opt/airflow/dags/logistics_incremental_load.py
[2026-08-16T08:32:35.039+0000] {processor.py:914} INFO - Processing file /opt/airflow/dags/logistics_incremental_load.py for tasks to queue
[2026-08-16T08:32:35.041+0000] {logging_mixin.py:190} INFO - [2026-08-16T08:32:35.041+0000] {dagbag.py:588} INFO - Filling up the DagBag from /opt/airflow/dags/logistics_incremental_load.py
[2026-08-16T08:32:35.393+0000] {processor.py:925} INFO - DAG(s) 'logistics_orders_incremental_load' retrieved from /opt/airflow/dags/logistics_incremental_load.py
[2026-08-16T08:32:35.432+0000] {logging_mixin.py:190} INFO - [2026-08-16T08:32:35.431+0000] {dag.py:3239} INFO - Sync 1 DAGs
[2026-08-16T08:32:35.467+0000] {logging_mixin.py:190} INFO - [2026-08-16T08:32:35.467+0000] {dag.py:4180} INFO - Setting next_dagrun for logistics_orders_incremental_load to 2026-08-15 00:00:00+00:00, run_after=2026-08-16 00:00:00+00:00
[2026-08-16T08:32:35.492+0000] {processor.py:208} INFO - Processing /opt/airflow/dags/logistics_incremental_load.py took 0.459 seconds
[2026-08-16T08:33:11.210+0000] {processor.py:186} INFO - Started process (PID=3658) to work on /opt/airflow/dags/logistics_incremental_load.py
[2026-08-16T08:33:11.211+0000] {processor.py:914} INFO - Processing file /opt/airflow/dags/logistics_incremental_load.py for tasks to queue
[2026-08-16T08:33:11.213+0000] {logging_mixin.py:190} INFO - [2026-08-16T08:33:11.212+0000] {dagbag.py:588} INFO - Filling up the DagBag from /opt/airflow/dags/logistics_incremental_load.py
[2026-08-16T08:33:11.706+0000] {processor.py:925} INFO - DAG(s) 'logistics_orders_incremental_load' retrieved from /opt/airflow/dags/logistics_incremental_load.py
[2026-08-16T08:33:11.738+0000] {logging_mixin.py:190} INFO - [2026-08-16T08:33:11.738+0000] {dag.py:3239} INFO - Sync 1 DAGs
[2026-08-16T08:33:11.764+0000] {logging_mixin.py:190} INFO - [2026-08-16T08:33:11.764+0000] {dag.py:4180} INFO - Setting next_dagrun for logistics_orders_incremental_load to 2026-08-15 00:00:00+00:00, run_after=2026-08-16 00:00:00+00:00
[2026-08-16T08:33:11.787+0000] {processor.py:208} INFO - Processing /opt/airflow/dags/logistics_incremental_load.py took 0.587 seconds
[2026-08-16T08:33:46.107+0000] {processor.py:186} INFO - Started process (PID=3743) to work on /opt/airflow/dags/logistics_incremental_load.py
[2026-08-16T08:33:46.109+0000] {processor.py:914} INFO - Processing file /opt/airflow/dags/logistics_incremental_load.py for tasks to queue
[2026-08-16T08:33:46.110+0000] {logging_mixin.py:190} INFO - [2026-08-16T08:33:46.110+0000] {dagbag.py:588} INFO - Filling up the DagBag from /opt/airflow/dags/logistics_incremental_load.py
[2026-08-16T08:33:46.476+0000] {processor.py:925} INFO - DAG(s) 'logistics_orders_incremental_load' retrieved from /opt/airflow/dags/logistics_incremental_load.py
[2026-08-16T08:33:46.516+0000] {logging_mixin.py:190} INFO - [2026-08-16T08:33:46.516+0000] {dag.py:3239} INFO - Sync 1 DAGs
[2026-08-16T08:33:46.547+0000] {logging_mixin.py:190} INFO - [2026-08-16T08:33:46.547+0000] {dag.py:4180} INFO - Setting next_dagrun for logistics_orders_incremental_load to 2026-08-15 00:00:00+00:00, run_after=2026-08-16 00:00:00+00:00
[2026-08-16T08:33:46.576+0000] {processor.py:208} INFO - Processing /opt/airflow/dags/logistics_incremental_load.py took 0.475 seconds
[2026-08-16T08:34:17.136+0000] {processor.py:186} INFO - Started process (PID=3835) to work on /opt/airflow/dags/logistics_incremental_load.py
[2026-08-16T08:34:17.137+0000] {processor.py:914} INFO - Processing file /opt/airflow/dags/logistics_incremental_load.py for tasks to queue
[2026-08-16T08:34:17.139+0000] {logging_mixin.py:190} INFO - [2026-08-16T08:34:17.138+0000] {dagbag.py:588} INFO - Filling up the DagBag from /opt/airflow/dags/logistics_incremental_load.py
[2026-08-16T08:34:17.540+0000] {processor.py:925} INFO - DAG(s) 'logistics_orders_incremental_load' retrieved from /opt/airflow/dags/logistics_incremental_load.py
[2026-08-16T08:34:17.574+0000] {logging_mixin.py:190} INFO - [2026-08-16T08:34:17.574+0000] {dag.py:3239} INFO - Sync 1 DAGs
[2026-08-16T08:34:17.607+0000] {logging_mixin.py:190} INFO - [2026-08-16T08:34:17.607+0000] {dag.py:4180} INFO - Setting next_dagrun for logistics_orders_incremental_load to 2026-08-15 00:00:00+00:00, run_after=2026-08-16 00:00:00+00:00
[2026-08-16T08:34:17.641+0000] {processor.py:208} INFO - Processing /opt/airflow/dags/logistics_incremental_load.py took 0.512 seconds
[2026-08-16T08:34:52.183+0000] {processor.py:186} INFO - Started process (PID=3930) to work on /opt/airflow/dags/logistics_incremental_load.py
[2026-08-16T08:34:52.185+0000] {processor.py:914} INFO - Processing file /opt/airflow/dags/logistics_incremental_load.py for tasks to queue
[2026-08-16T08:34:52.188+0000] {logging_mixin.py:190} INFO - [2026-08-16T08:34:52.187+0000] {dagbag.py:588} INFO - Filling up the DagBag from /opt/airflow/dags/logistics_incremental_load.py
[2026-08-16T08:34:52.542+0000] {processor.py:925} INFO - DAG(s) 'logistics_orders_incremental_load' retrieved from /opt/airflow/dags/logistics_incremental_load.py
[2026-08-16T08:34:52.573+0000] {logging_mixin.py:190} INFO - [2026-08-16T08:34:52.572+0000] {dag.py:3239} INFO - Sync 1 DAGs
[2026-08-16T08:34:52.604+0000] {logging_mixin.py:190} INFO - [2026-08-16T08:34:52.604+0000] {dag.py:4180} INFO - Setting next_dagrun for logistics_orders_incremental_load to 2026-08-15 00:00:00+00:00, run_after=2026-08-16 00:00:00+00:00
[2026-08-16T08:34:52.626+0000] {processor.py:208} INFO - Processing /opt/airflow/dags/logistics_incremental_load.py took 0.456 seconds
[2026-08-16T08:35:22.785+0000] {processor.py:186} INFO - Started process (PID=4022) to work on /opt/airflow/dags/logistics_incremental_load.py
[2026-08-16T08:35:22.786+0000] {processor.py:914} INFO - Processing file /opt/airflow/dags/logistics_incremental_load.py for tasks to queue
[2026-08-16T08:35:22.787+0000] {logging_mixin.py:190} INFO - [2026-08-16T08:35:22.787+0000] {dagbag.py:588} INFO - Filling up the DagBag from /opt/airflow/dags/logistics_incremental_load.py
[2026-08-16T08:35:23.163+0000] {processor.py:925} INFO - DAG(s) 'logistics_orders_incremental_load' retrieved from /opt/airflow/dags/logistics_incremental_load.py
[2026-08-16T08:35:23.200+0000] {logging_mixin.py:190} INFO - [2026-08-16T08:35:23.199+0000] {dag.py:3239} INFO - Sync 1 DAGs
[2026-08-16T08:35:23.233+0000] {logging_mixin.py:190} INFO - [2026-08-16T08:35:23.232+0000] {dag.py:4180} INFO - Setting next_dagrun for logistics_orders_incremental_load to 2026-08-15 00:00:00+00:00, run_after=2026-08-16 00:00:00+00:00
[2026-08-16T08:35:23.257+0000] {processor.py:208} INFO - Processing /opt/airflow/dags/logistics_incremental_load.py took 0.479 seconds
[2026-08-16T08:35:53.930+0000] {processor.py:186} INFO - Started process (PID=4117) to work on /opt/airflow/dags/logistics_incremental_load.py
[2026-08-16T08:35:53.932+0000] {processor.py:914} INFO - Processing file /opt/airflow/dags/logistics_incremental_load.py for tasks to queue
[2026-08-16T08:35:53.934+0000] {logging_mixin.py:190} INFO - [2026-08-16T08:35:53.933+0000] {dagbag.py:588} INFO - Filling up the DagBag from /opt/airflow/dags/logistics_incremental_load.py
[2026-08-16T08:35:54.324+0000] {processor.py:925} INFO - DAG(s) 'logistics_orders_incremental_load' retrieved from /opt/airflow/dags/logistics_incremental_load.py
[2026-08-16T08:35:54.352+0000] {logging_mixin.py:190} INFO - [2026-08-16T08:35:54.352+0000] {dag.py:3239} INFO - Sync 1 DAGs
[2026-08-16T08:35:54.392+0000] {logging_mixin.py:190} INFO - [2026-08-16T08:35:54.392+0000] {dag.py:4180} INFO - Setting next_dagrun for logistics_orders_incremental_load to 2026-08-15 00:00:00+00:00, run_after=2026-08-16 00:00:00+00:00
[2026-08-16T08:35:54.420+0000] {processor.py:208} INFO - Processing /opt/airflow/dags/logistics_incremental_load.py took 0.497 seconds
[2026-08-16T08:36:25.150+0000] {processor.py:186} INFO - Started process (PID=4212) to work on /opt/airflow/dags/logistics_incremental_load.py
[2026-08-16T08:36:25.151+0000] {processor.py:914} INFO - Processing file /opt/airflow/dags/logistics_incremental_load.py for tasks to queue
[2026-08-16T08:36:25.153+0000] {logging_mixin.py:190} INFO - [2026-08-16T08:36:25.152+0000] {dagbag.py:588} INFO - Filling up the DagBag from /opt/airflow/dags/logistics_incremental_load.py
[2026-08-16T08:36:25.525+0000] {processor.py:925} INFO - DAG(s) 'logistics_orders_incremental_load' retrieved from /opt/airflow/dags/logistics_incremental_load.py
[2026-08-16T08:36:25.558+0000] {logging_mixin.py:190} INFO - [2026-08-16T08:36:25.558+0000] {dag.py:3239} INFO - Sync 1 DAGs
[2026-08-16T08:36:25.594+0000] {logging_mixin.py:190} INFO - [2026-08-16T08:36:25.594+0000] {dag.py:4180} INFO - Setting next_dagrun for logistics_orders_incremental_load to 2026-08-15 00:00:00+00:00, run_after=2026-08-16 00:00:00+00:00
[2026-08-16T08:36:25.623+0000] {processor.py:208} INFO - Processing /opt/airflow/dags/logistics_incremental_load.py took 0.479 seconds
[2026-08-16T08:36:55.933+0000] {processor.py:186} INFO - Started process (PID=4304) to work on /opt/airflow/dags/logistics_incremental_load.py
[2026-08-16T08:36:55.934+0000] {processor.py:914} INFO - Processing file /opt/airflow/dags/logistics_incremental_load.py for tasks to queue
[2026-08-16T08:36:55.936+0000] {logging_mixin.py:190} INFO - [2026-08-16T08:36:55.935+0000] {dagbag.py:588} INFO - Filling up the DagBag from /opt/airflow/dags/logistics_incremental_load.py
[2026-08-16T08:36:56.319+0000] {processor.py:925} INFO - DAG(s) 'logistics_orders_incremental_load' retrieved from /opt/airflow/dags/logistics_incremental_load.py
[2026-08-16T08:36:56.355+0000] {logging_mixin.py:190} INFO - [2026-08-16T08:36:56.355+0000] {dag.py:3239} INFO - Sync 1 DAGs
[2026-08-16T08:36:56.391+0000] {logging_mixin.py:190} INFO - [2026-08-16T08:36:56.391+0000] {dag.py:4180} INFO - Setting next_dagrun for logistics_orders_incremental_load to 2026-08-15 00:00:00+00:00, run_after=2026-08-16 00:00:00+00:00
[2026-08-16T08:36:56.423+0000] {processor.py:208} INFO - Processing /opt/airflow/dags/logistics_incremental_load.py took 0.498 seconds
[2026-08-16T08:37:26.666+0000] {processor.py:186} INFO - Started process (PID=4399) to work on /opt/airflow/dags/logistics_incremental_load.py
[2026-08-16T08:37:26.667+0000] {processor.py:914} INFO - Processing file /opt/airflow/dags/logistics_incremental_load.py for tasks to queue
[2026-08-16T08:37:26.669+0000] {logging_mixin.py:190} INFO - [2026-08-16T08:37:26.668+0000] {dagbag.py:588} INFO - Filling up the DagBag from /opt/airflow/dags/logistics_incremental_load.py
[2026-08-16T08:37:27.024+0000] {processor.py:925} INFO - DAG(s) 'logistics_orders_incremental_load' retrieved from /opt/airflow/dags/logistics_incremental_load.py
[2026-08-16T08:37:27.053+0000] {logging_mixin.py:190} INFO - [2026-08-16T08:37:27.053+0000] {dag.py:3239} INFO - Sync 1 DAGs
[2026-08-16T08:37:27.083+0000] {logging_mixin.py:190} INFO - [2026-08-16T08:37:27.082+0000] {dag.py:4180} INFO - Setting next_dagrun for logistics_orders_incremental_load to 2026-08-15 00:00:00+00:00, run_after=2026-08-16 00:00:00+00:00
[2026-08-16T08:37:27.113+0000] {processor.py:208} INFO - Processing /opt/airflow/dags/logistics_incremental_load.py took 0.454 seconds
[2026-08-16T08:37:57.603+0000] {processor.py:186} INFO - Started process (PID=4494) to work on /opt/airflow/dags/logistics_incremental_load.py
[2026-08-16T08:37:57.605+0000] {processor.py:914} INFO - Processing file /opt/airflow/dags/logistics_incremental_load.py for tasks to queue
[2026-08-16T08:37:57.606+0000] {logging_mixin.py:190} INFO - [2026-08-16T08:37:57.606+0000] {dagbag.py:588} INFO - Filling up the DagBag from /opt/airflow/dags/logistics_incremental_load.py
[2026-08-16T08:37:57.960+0000] {processor.py:925} INFO - DAG(s) 'logistics_orders_incremental_load' retrieved from /opt/airflow/dags/logistics_incremental_load.py
[2026-08-16T08:37:57.988+0000] {logging_mixin.py:190} INFO - [2026-08-16T08:37:57.988+0000] {dag.py:3239} INFO - Sync 1 DAGs
[2026-08-16T08:37:58.019+0000] {logging_mixin.py:190} INFO - [2026-08-16T08:37:58.018+0000] {dag.py:4180} INFO - Setting next_dagrun for logistics_orders_incremental_load to 2026-08-15 00:00:00+00:00, run_after=2026-08-16 00:00:00+00:00
[2026-08-16T08:37:58.047+0000] {processor.py:208} INFO - Processing /opt/airflow/dags/logistics_incremental_load.py took 0.451 seconds
[2026-08-16T08:38:30.169+0000] {processor.py:186} INFO - Started process (PID=4592) to work on /opt/airflow/dags/logistics_incremental_load.py
[2026-08-16T08:38:30.171+0000] {processor.py:914} INFO - Processing file /opt/airflow/dags/logistics_incremental_load.py for tasks to queue
[2026-08-16T08:38:30.177+0000] {logging_mixin.py:190} INFO - [2026-08-16T08:38:30.175+0000] {dagbag.py:588} INFO - Filling up the DagBag from /opt/airflow/dags/logistics_incremental_load.py
[2026-08-16T08:38:30.567+0000] {processor.py:925} INFO - DAG(s) 'logistics_orders_incremental_load' retrieved from /opt/airflow/dags/logistics_incremental_load.py
[2026-08-16T08:38:30.596+0000] {logging_mixin.py:190} INFO - [2026-08-16T08:38:30.595+0000] {dag.py:3239} INFO - Sync 1 DAGs
[2026-08-16T08:38:30.628+0000] {logging_mixin.py:190} INFO - [2026-08-16T08:38:30.628+0000] {dag.py:4180} INFO - Setting next_dagrun for logistics_orders_incremental_load to 2026-08-15 00:00:00+00:00, run_after=2026-08-16 00:00:00+00:00
[2026-08-16T08:38:30.821+0000] {processor.py:208} INFO - Processing /opt/airflow/dags/logistics_incremental_load.py took 0.662 seconds
[2026-08-16T08:39:05.518+0000] {processor.py:186} INFO - Started process (PID=4686) to work on /opt/airflow/dags/logistics_incremental_load.py
[2026-08-16T08:39:05.520+0000] {processor.py:914} INFO - Processing file /opt/airflow/dags/logistics_incremental_load.py for tasks to queue
[2026-08-16T08:39:05.522+0000] {logging_mixin.py:190} INFO - [2026-08-16T08:39:05.522+0000] {dagbag.py:588} INFO - Filling up the DagBag from /opt/airflow/dags/logistics_incremental_load.py
[2026-08-16T08:39:05.936+0000] {processor.py:925} INFO - DAG(s) 'logistics_orders_incremental_load' retrieved from /opt/airflow/dags/logistics_incremental_load.py
[2026-08-16T08:39:05.964+0000] {logging_mixin.py:190} INFO - [2026-08-16T08:39:05.964+0000] {dag.py:3239} INFO - Sync 1 DAGs
[2026-08-16T08:39:05.994+0000] {logging_mixin.py:190} INFO - [2026-08-16T08:39:05.994+0000] {dag.py:4180} INFO - Setting next_dagrun for logistics_orders_incremental_load to 2026-08-15 00:00:00+00:00, run_after=2026-08-16 00:00:00+00:00
[2026-08-16T08:39:06.023+0000] {processor.py:208} INFO - Processing /opt/airflow/dags/logistics_incremental_load.py took 0.516 seconds
[2026-08-16T08:39:41.375+0000] {processor.py:186} INFO - Started process (PID=4778) to work on /opt/airflow/dags/logistics_incremental_load.py
[2026-08-16T08:39:41.376+0000] {processor.py:914} INFO - Processing file /opt/airflow/dags/logistics_incremental_load.py for tasks to queue
[2026-08-16T08:39:41.377+0000] {logging_mixin.py:190} INFO - [2026-08-16T08:39:41.377+0000] {dagbag.py:588} INFO - Filling up the DagBag from /opt/airflow/dags/logistics_incremental_load.py
[2026-08-16T08:39:41.773+0000] {processor.py:925} INFO - DAG(s) 'logistics_orders_incremental_load' retrieved from /opt/airflow/dags/logistics_incremental_load.py
[2026-08-16T08:39:42.001+0000] {logging_mixin.py:190} INFO - [2026-08-16T08:39:42.000+0000] {dag.py:3239} INFO - Sync 1 DAGs
[2026-08-16T08:39:42.040+0000] {logging_mixin.py:190} INFO - [2026-08-16T08:39:42.040+0000] {dag.py:4180} INFO - Setting next_dagrun for logistics_orders_incremental_load to 2026-08-15 00:00:00+00:00, run_after=2026-08-16 00:00:00+00:00
[2026-08-16T08:39:42.063+0000] {processor.py:208} INFO - Processing /opt/airflow/dags/logistics_incremental_load.py took 0.695 seconds
[2026-08-16T08:40:16.431+0000] {processor.py:186} INFO - Started process (PID=4873) to work on /opt/airflow/dags/logistics_incremental_load.py
[2026-08-16T08:40:16.432+0000] {processor.py:914} INFO - Processing file /opt/airflow/dags/logistics_incremental_load.py for tasks to queue
[2026-08-16T08:40:16.434+0000] {logging_mixin.py:190} INFO - [2026-08-16T08:40:16.433+0000] {dagbag.py:588} INFO - Filling up the DagBag from /opt/airflow/dags/logistics_incremental_load.py
[2026-08-16T08:40:16.753+0000] {processor.py:925} INFO - DAG(s) 'logistics_orders_incremental_load' retrieved from /opt/airflow/dags/logistics_incremental_load.py
[2026-08-16T08:40:16.783+0000] {logging_mixin.py:190} INFO - [2026-08-16T08:40:16.783+0000] {dag.py:3239} INFO - Sync 1 DAGs
[2026-08-16T08:40:17.000+0000] {logging_mixin.py:190} INFO - [2026-08-16T08:40:17.000+0000] {dag.py:4180} INFO - Setting next_dagrun for logistics_orders_incremental_load to 2026-08-15 00:00:00+00:00, run_after=2026-08-16 00:00:00+00:00
[2026-08-16T08:40:17.038+0000] {processor.py:208} INFO - Processing /opt/airflow/dags/logistics_incremental_load.py took 0.612 seconds
[2026-08-16T08:40:47.584+0000] {processor.py:186} INFO - Started process (PID=4965) to work on /opt/airflow/dags/logistics_incremental_load.py
[2026-08-16T08:40:47.585+0000] {processor.py:914} INFO - Processing file /opt/airflow/dags/logistics_incremental_load.py for tasks to queue
[2026-08-16T08:40:47.586+0000] {logging_mixin.py:190} INFO - [2026-08-16T08:40:47.586+0000] {dagbag.py:588} INFO - Filling up the DagBag from /opt/airflow/dags/logistics_incremental_load.py
[2026-08-16T08:40:48.078+0000] {processor.py:925} INFO - DAG(s) 'logistics_orders_incremental_load' retrieved from /opt/airflow/dags/logistics_incremental_load.py
[2026-08-16T08:40:48.108+0000] {logging_mixin.py:190} INFO - [2026-08-16T08:40:48.107+0000] {dag.py:3239} INFO - Sync 1 DAGs
[2026-08-16T08:40:48.140+0000] {logging_mixin.py:190} INFO - [2026-08-16T08:40:48.139+0000] {dag.py:4180} INFO - Setting next_dagrun for logistics_orders_incremental_load to 2026-08-15 00:00:00+00:00, run_after=2026-08-16 00:00:00+00:00
[2026-08-16T08:40:48.172+0000] {processor.py:208} INFO - Processing /opt/airflow/dags/logistics_incremental_load.py took 0.593 seconds
[2026-08-16T08:41:18.372+0000] {processor.py:186} INFO - Started process (PID=5060) to work on /opt/airflow/dags/logistics_incremental_load.py
[2026-08-16T08:41:18.373+0000] {processor.py:914} INFO - Processing file /opt/airflow/dags/logistics_incremental_load.py for tasks to queue
[2026-08-16T08:41:18.374+0000] {logging_mixin.py:190} INFO - [2026-08-16T08:41:18.374+0000] {dagbag.py:588} INFO - Filling up the DagBag from /opt/airflow/dags/logistics_incremental_load.py
[2026-08-16T08:41:18.925+0000] {processor.py:925} INFO - DAG(s) 'logistics_orders_incremental_load' retrieved from /opt/airflow/dags/logistics_incremental_load.py
[2026-08-16T08:41:18.951+0000] {logging_mixin.py:190} INFO - [2026-08-16T08:41:18.951+0000] {dag.py:3239} INFO - Sync 1 DAGs
[2026-08-16T08:41:18.976+0000] {logging_mixin.py:190} INFO - [2026-08-16T08:41:18.976+0000] {dag.py:4180} INFO - Setting next_dagrun for logistics_orders_incremental_load to 2026-08-15 00:00:00+00:00, run_after=2026-08-16 00:00:00+00:00
[2026-08-16T08:41:19.006+0000] {processor.py:208} INFO - Processing /opt/airflow/dags/logistics_incremental_load.py took 0.641 seconds
[2026-08-16T08:41:52.281+0000] {processor.py:186} INFO - Started process (PID=5140) to work on /opt/airflow/dags/logistics_incremental_load.py
[2026-08-16T08:41:52.283+0000] {processor.py:914} INFO - Processing file /opt/airflow/dags/logistics_incremental_load.py for tasks to queue
[2026-08-16T08:41:52.285+0000] {logging_mixin.py:190} INFO - [2026-08-16T08:41:52.285+0000] {dagbag.py:588} INFO - Filling up the DagBag from /opt/airflow/dags/logistics_incremental_load.py
[2026-08-16T08:41:52.836+0000] {processor.py:925} INFO - DAG(s) 'logistics_orders_incremental_load' retrieved from /opt/airflow/dags/logistics_incremental_load.py
[2026-08-16T08:41:52.862+0000] {logging_mixin.py:190} INFO - [2026-08-16T08:41:52.862+0000] {dag.py:3239} INFO - Sync 1 DAGs
[2026-08-16T08:41:52.890+0000] {logging_mixin.py:190} INFO - [2026-08-16T08:41:52.890+0000] {dag.py:4180} INFO - Setting next_dagrun for logistics_orders_incremental_load to 2026-08-15 00:00:00+00:00, run_after=2026-08-16 00:00:00+00:00
[2026-08-16T08:41:52.912+0000] {processor.py:208} INFO - Processing /opt/airflow/dags/logistics_incremental_load.py took 0.642 seconds
[2026-08-16T08:42:23.395+0000] {processor.py:186} INFO - Started process (PID=5232) to work on /opt/airflow/dags/logistics_incremental_load.py
[2026-08-16T08:42:23.397+0000] {processor.py:914} INFO - Processing file /opt/airflow/dags/logistics_incremental_load.py for tasks to queue
[2026-08-16T08:42:23.398+0000] {logging_mixin.py:190} INFO - [2026-08-16T08:42:23.398+0000] {dagbag.py:588} INFO - Filling up the DagBag from /opt/airflow/dags/logistics_incremental_load.py
[2026-08-16T08:42:23.932+0000] {processor.py:925} INFO - DAG(s) 'logistics_orders_incremental_load' retrieved from /opt/airflow/dags/logistics_incremental_load.py
[2026-08-16T08:42:23.959+0000] {logging_mixin.py:190} INFO - [2026-08-16T08:42:23.958+0000] {dag.py:3239} INFO - Sync 1 DAGs
[2026-08-16T08:42:23.983+0000] {logging_mixin.py:190} INFO - [2026-08-16T08:42:23.982+0000] {dag.py:4180} INFO - Setting next_dagrun for logistics_orders_incremental_load to 2026-08-15 00:00:00+00:00, run_after=2026-08-16 00:00:00+00:00
[2026-08-16T08:42:24.009+0000] {processor.py:208} INFO - Processing /opt/airflow/dags/logistics_incremental_load.py took 0.620 seconds
[2026-08-16T08:42:54.413+0000] {processor.py:186} INFO - Started process (PID=5327) to work on /opt/airflow/dags/logistics_incremental_load.py
[2026-08-16T08:42:54.414+0000] {processor.py:914} INFO - Processing file /opt/airflow/dags/logistics_incremental_load.py for tasks to queue
[2026-08-16T08:42:54.416+0000] {logging_mixin.py:190} INFO - [2026-08-16T08:42:54.415+0000] {dagbag.py:588} INFO - Filling up the DagBag from /opt/airflow/dags/logistics_incremental_load.py
[2026-08-16T08:42:54.952+0000] {processor.py:925} INFO - DAG(s) 'logistics_orders_incremental_load' retrieved from /opt/airflow/dags/logistics_incremental_load.py
[2026-08-16T08:42:54.979+0000] {logging_mixin.py:190} INFO - [2026-08-16T08:42:54.978+0000] {dag.py:3239} INFO - Sync 1 DAGs
[2026-08-16T08:42:55.011+0000] {logging_mixin.py:190} INFO - [2026-08-16T08:42:55.011+0000] {dag.py:4180} INFO - Setting next_dagrun for logistics_orders_incremental_load to 2026-08-15 00:00:00+00:00, run_after=2026-08-16 00:00:00+00:00
[2026-08-16T08:42:55.042+0000] {processor.py:208} INFO - Processing /opt/airflow/dags/logistics_incremental_load.py took 0.636 seconds
[2026-08-16T08:43:25.171+0000] {processor.py:186} INFO - Started process (PID=5421) to work on /opt/airflow/dags/logistics_incremental_load.py
[2026-08-16T08:43:25.173+0000] {processor.py:914} INFO - Processing file /opt/airflow/dags/logistics_incremental_load.py for tasks to queue
[2026-08-16T08:43:25.176+0000] {logging_mixin.py:190} INFO - [2026-08-16T08:43:25.175+0000] {dagbag.py:588} INFO - Filling up the DagBag from /opt/airflow/dags/logistics_incremental_load.py
[2026-08-16T08:43:25.735+0000] {processor.py:925} INFO - DAG(s) 'logistics_orders_incremental_load' retrieved from /opt/airflow/dags/logistics_incremental_load.py
[2026-08-16T08:43:25.763+0000] {logging_mixin.py:190} INFO - [2026-08-16T08:43:25.763+0000] {dag.py:3239} INFO - Sync 1 DAGs
[2026-08-16T08:43:25.792+0000] {logging_mixin.py:190} INFO - [2026-08-16T08:43:25.792+0000] {dag.py:4180} INFO - Setting next_dagrun for logistics_orders_incremental_load to 2026-08-15 00:00:00+00:00, run_after=2026-08-16 00:00:00+00:00
[2026-08-16T08:43:25.814+0000] {processor.py:208} INFO - Processing /opt/airflow/dags/logistics_incremental_load.py took 0.652 seconds
[2026-08-16T08:43:59.675+0000] {processor.py:186} INFO - Started process (PID=5487) to work on /opt/airflow/dags/logistics_incremental_load.py
[2026-08-16T08:43:59.676+0000] {processor.py:914} INFO - Processing file /opt/airflow/dags/logistics_incremental_load.py for tasks to queue
[2026-08-16T08:43:59.679+0000] {logging_mixin.py:190} INFO - [2026-08-16T08:43:59.678+0000] {dagbag.py:588} INFO - Filling up the DagBag from /opt/airflow/dags/logistics_incremental_load.py
[2026-08-16T08:44:00.211+0000] {processor.py:925} INFO - DAG(s) 'logistics_orders_incremental_load' retrieved from /opt/airflow/dags/logistics_incremental_load.py
[2026-08-16T08:44:00.246+0000] {logging_mixin.py:190} INFO - [2026-08-16T08:44:00.246+0000] {dag.py:3239} INFO - Sync 1 DAGs
[2026-08-16T08:44:00.279+0000] {logging_mixin.py:190} INFO - [2026-08-16T08:44:00.279+0000] {dag.py:4180} INFO - Setting next_dagrun for logistics_orders_incremental_load to 2026-08-15 00:00:00+00:00, run_after=2026-08-16 00:00:00+00:00
[2026-08-16T08:44:00.315+0000] {processor.py:208} INFO - Processing /opt/airflow/dags/logistics_incremental_load.py took 0.650 seconds
[2026-08-16T08:44:37.272+0000] {processor.py:186} INFO - Started process (PID=5579) to work on /opt/airflow/dags/logistics_incremental_load.py
[2026-08-16T08:44:37.273+0000] {processor.py:914} INFO - Processing file /opt/airflow/dags/logistics_incremental_load.py for tasks to queue
[2026-08-16T08:44:37.274+0000] {logging_mixin.py:190} INFO - [2026-08-16T08:44:37.274+0000] {dagbag.py:588} INFO - Filling up the DagBag from /opt/airflow/dags/logistics_incremental_load.py
[2026-08-16T08:44:37.863+0000] {processor.py:925} INFO - DAG(s) 'logistics_orders_incremental_load' retrieved from /opt/airflow/dags/logistics_incremental_load.py
[2026-08-16T08:44:37.891+0000] {logging_mixin.py:190} INFO - [2026-08-16T08:44:37.890+0000] {dag.py:3239} INFO - Sync 1 DAGs
[2026-08-16T08:44:37.921+0000] {logging_mixin.py:190} INFO - [2026-08-16T08:44:37.921+0000] {dag.py:4180} INFO - Setting next_dagrun for logistics_orders_incremental_load to 2026-08-15 00:00:00+00:00, run_after=2026-08-16 00:00:00+00:00
[2026-08-16T08:44:37.950+0000] {processor.py:208} INFO - Processing /opt/airflow/dags/logistics_incremental_load.py took 0.684 seconds
