[2026-08-16T08:00:42.090+0000] {processor.py:186} INFO - Started process (PID=182) to work on /opt/airflow/dags/silver_spark_serverless.py
[2026-08-16T08:00:42.091+0000] {processor.py:914} INFO - Processing file /opt/airflow/dags/silver_spark_serverless.py for tasks to queue
[2026-08-16T08:00:42.095+0000] {logging_mixin.py:190} INFO - [2026-08-16T08:00:42.094+0000] {dagbag.py:588} INFO - Filling up the DagBag from /opt/airflow/dags/silver_spark_serverless.py
[2026-08-16T08:00:42.131+0000] {processor.py:925} INFO - DAG(s) 'serverless_spark_dev_pipeline' retrieved from /opt/airflow/dags/silver_spark_serverless.py
[2026-08-16T08:00:42.177+0000] {logging_mixin.py:190} INFO - [2026-08-16T08:00:42.176+0000] {dag.py:3239} INFO - Sync 1 DAGs
[2026-08-16T08:00:42.200+0000] {logging_mixin.py:190} INFO - [2026-08-16T08:00:42.200+0000] {dag.py:4180} INFO - Setting next_dagrun for serverless_spark_dev_pipeline to None, run_after=None
[2026-08-16T08:00:42.242+0000] {processor.py:208} INFO - Processing /opt/airflow/dags/silver_spark_serverless.py took 0.163 seconds
[2026-08-16T08:01:34.909+0000] {processor.py:186} INFO - Started process (PID=274) to work on /opt/airflow/dags/silver_spark_serverless.py
[2026-08-16T08:01:34.910+0000] {processor.py:914} INFO - Processing file /opt/airflow/dags/silver_spark_serverless.py for tasks to queue
[2026-08-16T08:01:34.912+0000] {logging_mixin.py:190} INFO - [2026-08-16T08:01:34.912+0000] {dagbag.py:588} INFO - Filling up the DagBag from /opt/airflow/dags/silver_spark_serverless.py
[2026-08-16T08:01:34.945+0000] {processor.py:925} INFO - DAG(s) 'serverless_spark_dev_pipeline' retrieved from /opt/airflow/dags/silver_spark_serverless.py
[2026-08-16T08:01:34.973+0000] {logging_mixin.py:190} INFO - [2026-08-16T08:01:34.973+0000] {dag.py:3239} INFO - Sync 1 DAGs
[2026-08-16T08:01:34.990+0000] {logging_mixin.py:190} INFO - [2026-08-16T08:01:34.990+0000] {dag.py:4180} INFO - Setting next_dagrun for serverless_spark_dev_pipeline to None, run_after=None
[2026-08-16T08:01:35.017+0000] {processor.py:208} INFO - Processing /opt/airflow/dags/silver_spark_serverless.py took 0.114 seconds
[2026-08-16T08:02:05.459+0000] {processor.py:186} INFO - Started process (PID=363) to work on /opt/airflow/dags/silver_spark_serverless.py
[2026-08-16T08:02:05.461+0000] {processor.py:914} INFO - Processing file /opt/airflow/dags/silver_spark_serverless.py for tasks to queue
[2026-08-16T08:02:05.462+0000] {logging_mixin.py:190} INFO - [2026-08-16T08:02:05.462+0000] {dagbag.py:588} INFO - Filling up the DagBag from /opt/airflow/dags/silver_spark_serverless.py
[2026-08-16T08:02:05.501+0000] {processor.py:925} INFO - DAG(s) 'serverless_spark_dev_pipeline' retrieved from /opt/airflow/dags/silver_spark_serverless.py
[2026-08-16T08:02:05.525+0000] {logging_mixin.py:190} INFO - [2026-08-16T08:02:05.524+0000] {dag.py:3239} INFO - Sync 1 DAGs
[2026-08-16T08:02:05.540+0000] {logging_mixin.py:190} INFO - [2026-08-16T08:02:05.540+0000] {dag.py:4180} INFO - Setting next_dagrun for serverless_spark_dev_pipeline to None, run_after=None
[2026-08-16T08:02:05.571+0000] {processor.py:208} INFO - Processing /opt/airflow/dags/silver_spark_serverless.py took 0.116 seconds
[2026-08-16T08:02:56.845+0000] {processor.py:186} INFO - Started process (PID=400) to work on /opt/airflow/dags/silver_spark_serverless.py
[2026-08-16T08:02:56.847+0000] {processor.py:914} INFO - Processing file /opt/airflow/dags/silver_spark_serverless.py for tasks to queue
[2026-08-16T08:02:56.848+0000] {logging_mixin.py:190} INFO - [2026-08-16T08:02:56.848+0000] {dagbag.py:588} INFO - Filling up the DagBag from /opt/airflow/dags/silver_spark_serverless.py
[2026-08-16T08:02:56.875+0000] {processor.py:925} INFO - DAG(s) 'serverless_spark_dev_pipeline' retrieved from /opt/airflow/dags/silver_spark_serverless.py
[2026-08-16T08:02:56.914+0000] {logging_mixin.py:190} INFO - [2026-08-16T08:02:56.914+0000] {dag.py:3239} INFO - Sync 1 DAGs
[2026-08-16T08:02:56.931+0000] {logging_mixin.py:190} INFO - [2026-08-16T08:02:56.930+0000] {dag.py:4180} INFO - Setting next_dagrun for serverless_spark_dev_pipeline to None, run_after=None
[2026-08-16T08:02:56.948+0000] {processor.py:208} INFO - Processing /opt/airflow/dags/silver_spark_serverless.py took 0.110 seconds
[2026-08-16T08:03:50.691+0000] {processor.py:186} INFO - Started process (PID=484) to work on /opt/airflow/dags/silver_spark_serverless.py
[2026-08-16T08:03:50.694+0000] {processor.py:914} INFO - Processing file /opt/airflow/dags/silver_spark_serverless.py for tasks to queue
[2026-08-16T08:03:50.695+0000] {logging_mixin.py:190} INFO - [2026-08-16T08:03:50.695+0000] {dagbag.py:588} INFO - Filling up the DagBag from /opt/airflow/dags/silver_spark_serverless.py
[2026-08-16T08:03:50.722+0000] {processor.py:925} INFO - DAG(s) 'serverless_spark_dev_pipeline' retrieved from /opt/airflow/dags/silver_spark_serverless.py
[2026-08-16T08:03:50.752+0000] {logging_mixin.py:190} INFO - [2026-08-16T08:03:50.752+0000] {dag.py:3239} INFO - Sync 1 DAGs
[2026-08-16T08:03:50.768+0000] {logging_mixin.py:190} INFO - [2026-08-16T08:03:50.768+0000] {dag.py:4180} INFO - Setting next_dagrun for serverless_spark_dev_pipeline to None, run_after=None
[2026-08-16T08:03:50.792+0000] {processor.py:208} INFO - Processing /opt/airflow/dags/silver_spark_serverless.py took 0.109 seconds
[2026-08-16T08:04:44.345+0000] {processor.py:186} INFO - Started process (PID=576) to work on /opt/airflow/dags/silver_spark_serverless.py
[2026-08-16T08:04:44.346+0000] {processor.py:914} INFO - Processing file /opt/airflow/dags/silver_spark_serverless.py for tasks to queue
[2026-08-16T08:04:44.347+0000] {logging_mixin.py:190} INFO - [2026-08-16T08:04:44.347+0000] {dagbag.py:588} INFO - Filling up the DagBag from /opt/airflow/dags/silver_spark_serverless.py
[2026-08-16T08:04:44.370+0000] {processor.py:925} INFO - DAG(s) 'serverless_spark_dev_pipeline' retrieved from /opt/airflow/dags/silver_spark_serverless.py
[2026-08-16T08:04:44.398+0000] {logging_mixin.py:190} INFO - [2026-08-16T08:04:44.397+0000] {dag.py:3239} INFO - Sync 1 DAGs
[2026-08-16T08:04:44.411+0000] {logging_mixin.py:190} INFO - [2026-08-16T08:04:44.411+0000] {dag.py:4180} INFO - Setting next_dagrun for serverless_spark_dev_pipeline to None, run_after=None
[2026-08-16T08:04:44.430+0000] {processor.py:208} INFO - Processing /opt/airflow/dags/silver_spark_serverless.py took 0.092 seconds
[2026-08-16T08:05:39.257+0000] {processor.py:186} INFO - Started process (PID=683) to work on /opt/airflow/dags/silver_spark_serverless.py
[2026-08-16T08:05:39.258+0000] {processor.py:914} INFO - Processing file /opt/airflow/dags/silver_spark_serverless.py for tasks to queue
[2026-08-16T08:05:39.260+0000] {logging_mixin.py:190} INFO - [2026-08-16T08:05:39.259+0000] {dagbag.py:588} INFO - Filling up the DagBag from /opt/airflow/dags/silver_spark_serverless.py
[2026-08-16T08:05:39.285+0000] {processor.py:925} INFO - DAG(s) 'serverless_spark_dev_pipeline' retrieved from /opt/airflow/dags/silver_spark_serverless.py
[2026-08-16T08:05:39.312+0000] {logging_mixin.py:190} INFO - [2026-08-16T08:05:39.312+0000] {dag.py:3239} INFO - Sync 1 DAGs
[2026-08-16T08:05:39.332+0000] {logging_mixin.py:190} INFO - [2026-08-16T08:05:39.331+0000] {dag.py:4180} INFO - Setting next_dagrun for serverless_spark_dev_pipeline to None, run_after=None
[2026-08-16T08:05:39.362+0000] {processor.py:208} INFO - Processing /opt/airflow/dags/silver_spark_serverless.py took 0.111 seconds
[2026-08-16T08:06:33.428+0000] {processor.py:186} INFO - Started process (PID=775) to work on /opt/airflow/dags/silver_spark_serverless.py
[2026-08-16T08:06:33.429+0000] {processor.py:914} INFO - Processing file /opt/airflow/dags/silver_spark_serverless.py for tasks to queue
[2026-08-16T08:06:33.430+0000] {logging_mixin.py:190} INFO - [2026-08-16T08:06:33.430+0000] {dagbag.py:588} INFO - Filling up the DagBag from /opt/airflow/dags/silver_spark_serverless.py
[2026-08-16T08:06:33.449+0000] {processor.py:925} INFO - DAG(s) 'serverless_spark_dev_pipeline' retrieved from /opt/airflow/dags/silver_spark_serverless.py
[2026-08-16T08:06:33.473+0000] {logging_mixin.py:190} INFO - [2026-08-16T08:06:33.473+0000] {dag.py:3239} INFO - Sync 1 DAGs
[2026-08-16T08:06:33.490+0000] {logging_mixin.py:190} INFO - [2026-08-16T08:06:33.490+0000] {dag.py:4180} INFO - Setting next_dagrun for serverless_spark_dev_pipeline to None, run_after=None
[2026-08-16T08:06:33.512+0000] {processor.py:208} INFO - Processing /opt/airflow/dags/silver_spark_serverless.py took 0.089 seconds
[2026-08-16T08:07:27.329+0000] {processor.py:186} INFO - Started process (PID=867) to work on /opt/airflow/dags/silver_spark_serverless.py
[2026-08-16T08:07:27.330+0000] {processor.py:914} INFO - Processing file /opt/airflow/dags/silver_spark_serverless.py for tasks to queue
[2026-08-16T08:07:27.334+0000] {logging_mixin.py:190} INFO - [2026-08-16T08:07:27.333+0000] {dagbag.py:588} INFO - Filling up the DagBag from /opt/airflow/dags/silver_spark_serverless.py
[2026-08-16T08:07:27.362+0000] {processor.py:925} INFO - DAG(s) 'serverless_spark_dev_pipeline' retrieved from /opt/airflow/dags/silver_spark_serverless.py
[2026-08-16T08:07:27.384+0000] {logging_mixin.py:190} INFO - [2026-08-16T08:07:27.384+0000] {dag.py:3239} INFO - Sync 1 DAGs
[2026-08-16T08:07:27.397+0000] {logging_mixin.py:190} INFO - [2026-08-16T08:07:27.397+0000] {dag.py:4180} INFO - Setting next_dagrun for serverless_spark_dev_pipeline to None, run_after=None
[2026-08-16T08:07:27.425+0000] {processor.py:208} INFO - Processing /opt/airflow/dags/silver_spark_serverless.py took 0.106 seconds
[2026-08-16T08:08:21.881+0000] {processor.py:186} INFO - Started process (PID=959) to work on /opt/airflow/dags/silver_spark_serverless.py
[2026-08-16T08:08:21.883+0000] {processor.py:914} INFO - Processing file /opt/airflow/dags/silver_spark_serverless.py for tasks to queue
[2026-08-16T08:08:21.884+0000] {logging_mixin.py:190} INFO - [2026-08-16T08:08:21.884+0000] {dagbag.py:588} INFO - Filling up the DagBag from /opt/airflow/dags/silver_spark_serverless.py
[2026-08-16T08:08:21.939+0000] {processor.py:925} INFO - DAG(s) 'serverless_spark_dev_pipeline' retrieved from /opt/airflow/dags/silver_spark_serverless.py
[2026-08-16T08:08:21.969+0000] {logging_mixin.py:190} INFO - [2026-08-16T08:08:21.968+0000] {dag.py:3239} INFO - Sync 1 DAGs
[2026-08-16T08:08:21.986+0000] {logging_mixin.py:190} INFO - [2026-08-16T08:08:21.986+0000] {dag.py:4180} INFO - Setting next_dagrun for serverless_spark_dev_pipeline to None, run_after=None
[2026-08-16T08:08:22.012+0000] {processor.py:208} INFO - Processing /opt/airflow/dags/silver_spark_serverless.py took 0.137 seconds
[2026-08-16T08:09:16.244+0000] {processor.py:186} INFO - Started process (PID=1052) to work on /opt/airflow/dags/silver_spark_serverless.py
[2026-08-16T08:09:16.245+0000] {processor.py:914} INFO - Processing file /opt/airflow/dags/silver_spark_serverless.py for tasks to queue
[2026-08-16T08:09:16.246+0000] {logging_mixin.py:190} INFO - [2026-08-16T08:09:16.246+0000] {dagbag.py:588} INFO - Filling up the DagBag from /opt/airflow/dags/silver_spark_serverless.py
[2026-08-16T08:09:16.266+0000] {processor.py:925} INFO - DAG(s) 'serverless_spark_dev_pipeline' retrieved from /opt/airflow/dags/silver_spark_serverless.py
[2026-08-16T08:09:16.292+0000] {logging_mixin.py:190} INFO - [2026-08-16T08:09:16.292+0000] {dag.py:3239} INFO - Sync 1 DAGs
[2026-08-16T08:09:16.305+0000] {logging_mixin.py:190} INFO - [2026-08-16T08:09:16.305+0000] {dag.py:4180} INFO - Setting next_dagrun for serverless_spark_dev_pipeline to None, run_after=None
[2026-08-16T08:09:16.331+0000] {processor.py:208} INFO - Processing /opt/airflow/dags/silver_spark_serverless.py took 0.093 seconds
[2026-08-16T08:10:11.370+0000] {processor.py:186} INFO - Started process (PID=1144) to work on /opt/airflow/dags/silver_spark_serverless.py
[2026-08-16T08:10:11.411+0000] {processor.py:914} INFO - Processing file /opt/airflow/dags/silver_spark_serverless.py for tasks to queue
[2026-08-16T08:10:11.414+0000] {logging_mixin.py:190} INFO - [2026-08-16T08:10:11.413+0000] {dagbag.py:588} INFO - Filling up the DagBag from /opt/airflow/dags/silver_spark_serverless.py
[2026-08-16T08:10:11.478+0000] {processor.py:925} INFO - DAG(s) 'serverless_spark_dev_pipeline' retrieved from /opt/airflow/dags/silver_spark_serverless.py
[2026-08-16T08:10:11.505+0000] {logging_mixin.py:190} INFO - [2026-08-16T08:10:11.504+0000] {dag.py:3239} INFO - Sync 1 DAGs
[2026-08-16T08:10:11.519+0000] {logging_mixin.py:190} INFO - [2026-08-16T08:10:11.519+0000] {dag.py:4180} INFO - Setting next_dagrun for serverless_spark_dev_pipeline to None, run_after=None
[2026-08-16T08:10:11.559+0000] {processor.py:208} INFO - Processing /opt/airflow/dags/silver_spark_serverless.py took 0.195 seconds
[2026-08-16T08:11:06.904+0000] {processor.py:186} INFO - Started process (PID=1236) to work on /opt/airflow/dags/silver_spark_serverless.py
[2026-08-16T08:11:06.905+0000] {processor.py:914} INFO - Processing file /opt/airflow/dags/silver_spark_serverless.py for tasks to queue
[2026-08-16T08:11:06.906+0000] {logging_mixin.py:190} INFO - [2026-08-16T08:11:06.906+0000] {dagbag.py:588} INFO - Filling up the DagBag from /opt/airflow/dags/silver_spark_serverless.py
[2026-08-16T08:11:06.930+0000] {processor.py:925} INFO - DAG(s) 'serverless_spark_dev_pipeline' retrieved from /opt/airflow/dags/silver_spark_serverless.py
[2026-08-16T08:11:06.952+0000] {logging_mixin.py:190} INFO - [2026-08-16T08:11:06.952+0000] {dag.py:3239} INFO - Sync 1 DAGs
[2026-08-16T08:11:06.966+0000] {logging_mixin.py:190} INFO - [2026-08-16T08:11:06.966+0000] {dag.py:4180} INFO - Setting next_dagrun for serverless_spark_dev_pipeline to None, run_after=None
[2026-08-16T08:11:06.997+0000] {processor.py:208} INFO - Processing /opt/airflow/dags/silver_spark_serverless.py took 0.098 seconds
[2026-08-16T08:11:58.229+0000] {processor.py:186} INFO - Started process (PID=1328) to work on /opt/airflow/dags/silver_spark_serverless.py
[2026-08-16T08:11:58.230+0000] {processor.py:914} INFO - Processing file /opt/airflow/dags/silver_spark_serverless.py for tasks to queue
[2026-08-16T08:11:58.231+0000] {logging_mixin.py:190} INFO - [2026-08-16T08:11:58.231+0000] {dagbag.py:588} INFO - Filling up the DagBag from /opt/airflow/dags/silver_spark_serverless.py
[2026-08-16T08:11:58.251+0000] {processor.py:925} INFO - DAG(s) 'serverless_spark_dev_pipeline' retrieved from /opt/airflow/dags/silver_spark_serverless.py
[2026-08-16T08:11:58.274+0000] {logging_mixin.py:190} INFO - [2026-08-16T08:11:58.274+0000] {dag.py:3239} INFO - Sync 1 DAGs
[2026-08-16T08:11:58.290+0000] {logging_mixin.py:190} INFO - [2026-08-16T08:11:58.290+0000] {dag.py:4180} INFO - Setting next_dagrun for serverless_spark_dev_pipeline to None, run_after=None
[2026-08-16T08:11:58.318+0000] {processor.py:208} INFO - Processing /opt/airflow/dags/silver_spark_serverless.py took 0.095 seconds
[2026-08-16T08:12:55.166+0000] {processor.py:186} INFO - Started process (PID=1420) to work on /opt/airflow/dags/silver_spark_serverless.py
[2026-08-16T08:12:55.167+0000] {processor.py:914} INFO - Processing file /opt/airflow/dags/silver_spark_serverless.py for tasks to queue
[2026-08-16T08:12:55.169+0000] {logging_mixin.py:190} INFO - [2026-08-16T08:12:55.168+0000] {dagbag.py:588} INFO - Filling up the DagBag from /opt/airflow/dags/silver_spark_serverless.py
[2026-08-16T08:12:55.198+0000] {processor.py:925} INFO - DAG(s) 'serverless_spark_dev_pipeline' retrieved from /opt/airflow/dags/silver_spark_serverless.py
[2026-08-16T08:12:55.223+0000] {logging_mixin.py:190} INFO - [2026-08-16T08:12:55.223+0000] {dag.py:3239} INFO - Sync 1 DAGs
[2026-08-16T08:12:55.239+0000] {logging_mixin.py:190} INFO - [2026-08-16T08:12:55.239+0000] {dag.py:4180} INFO - Setting next_dagrun for serverless_spark_dev_pipeline to None, run_after=None
[2026-08-16T08:12:55.277+0000] {processor.py:208} INFO - Processing /opt/airflow/dags/silver_spark_serverless.py took 0.118 seconds
[2026-08-16T08:14:12.466+0000] {processor.py:186} INFO - Started process (PID=1489) to work on /opt/airflow/dags/silver_spark_serverless.py
[2026-08-16T08:14:12.467+0000] {processor.py:914} INFO - Processing file /opt/airflow/dags/silver_spark_serverless.py for tasks to queue
[2026-08-16T08:14:12.469+0000] {logging_mixin.py:190} INFO - [2026-08-16T08:14:12.468+0000] {dagbag.py:588} INFO - Filling up the DagBag from /opt/airflow/dags/silver_spark_serverless.py
[2026-08-16T08:14:12.491+0000] {processor.py:925} INFO - DAG(s) 'serverless_spark_dev_pipeline' retrieved from /opt/airflow/dags/silver_spark_serverless.py
[2026-08-16T08:14:12.518+0000] {logging_mixin.py:190} INFO - [2026-08-16T08:14:12.518+0000] {dag.py:3239} INFO - Sync 1 DAGs
[2026-08-16T08:14:12.536+0000] {logging_mixin.py:190} INFO - [2026-08-16T08:14:12.536+0000] {dag.py:4180} INFO - Setting next_dagrun for serverless_spark_dev_pipeline to None, run_after=None
[2026-08-16T08:14:12.555+0000] {processor.py:208} INFO - Processing /opt/airflow/dags/silver_spark_serverless.py took 0.095 seconds
[2026-08-16T08:15:08.500+0000] {processor.py:186} INFO - Started process (PID=1581) to work on /opt/airflow/dags/silver_spark_serverless.py
[2026-08-16T08:15:08.501+0000] {processor.py:914} INFO - Processing file /opt/airflow/dags/silver_spark_serverless.py for tasks to queue
[2026-08-16T08:15:08.503+0000] {logging_mixin.py:190} INFO - [2026-08-16T08:15:08.502+0000] {dagbag.py:588} INFO - Filling up the DagBag from /opt/airflow/dags/silver_spark_serverless.py
[2026-08-16T08:15:08.532+0000] {processor.py:925} INFO - DAG(s) 'serverless_spark_dev_pipeline' retrieved from /opt/airflow/dags/silver_spark_serverless.py
[2026-08-16T08:15:08.560+0000] {logging_mixin.py:190} INFO - [2026-08-16T08:15:08.560+0000] {dag.py:3239} INFO - Sync 1 DAGs
[2026-08-16T08:15:08.579+0000] {logging_mixin.py:190} INFO - [2026-08-16T08:15:08.578+0000] {dag.py:4180} INFO - Setting next_dagrun for serverless_spark_dev_pipeline to None, run_after=None
[2026-08-16T08:15:08.600+0000] {processor.py:208} INFO - Processing /opt/airflow/dags/silver_spark_serverless.py took 0.106 seconds
[2026-08-16T08:15:38.704+0000] {processor.py:186} INFO - Started process (PID=1669) to work on /opt/airflow/dags/silver_spark_serverless.py
[2026-08-16T08:15:38.706+0000] {processor.py:914} INFO - Processing file /opt/airflow/dags/silver_spark_serverless.py for tasks to queue
[2026-08-16T08:15:38.709+0000] {logging_mixin.py:190} INFO - [2026-08-16T08:15:38.709+0000] {dagbag.py:588} INFO - Filling up the DagBag from /opt/airflow/dags/silver_spark_serverless.py
[2026-08-16T08:15:38.747+0000] {processor.py:925} INFO - DAG(s) 'serverless_spark_dev_pipeline' retrieved from /opt/airflow/dags/silver_spark_serverless.py
[2026-08-16T08:15:38.794+0000] {logging_mixin.py:190} INFO - [2026-08-16T08:15:38.794+0000] {dag.py:3239} INFO - Sync 1 DAGs
[2026-08-16T08:15:38.814+0000] {logging_mixin.py:190} INFO - [2026-08-16T08:15:38.814+0000] {dag.py:4180} INFO - Setting next_dagrun for serverless_spark_dev_pipeline to None, run_after=None
[2026-08-16T08:15:38.846+0000] {processor.py:208} INFO - Processing /opt/airflow/dags/silver_spark_serverless.py took 0.154 seconds
[2026-08-16T08:16:31.730+0000] {processor.py:186} INFO - Started process (PID=1753) to work on /opt/airflow/dags/silver_spark_serverless.py
[2026-08-16T08:16:31.732+0000] {processor.py:914} INFO - Processing file /opt/airflow/dags/silver_spark_serverless.py for tasks to queue
[2026-08-16T08:16:31.734+0000] {logging_mixin.py:190} INFO - [2026-08-16T08:16:31.734+0000] {dagbag.py:588} INFO - Filling up the DagBag from /opt/airflow/dags/silver_spark_serverless.py
[2026-08-16T08:16:31.765+0000] {processor.py:925} INFO - DAG(s) 'serverless_spark_dev_pipeline' retrieved from /opt/airflow/dags/silver_spark_serverless.py
[2026-08-16T08:16:31.797+0000] {logging_mixin.py:190} INFO - [2026-08-16T08:16:31.797+0000] {dag.py:3239} INFO - Sync 1 DAGs
[2026-08-16T08:16:31.812+0000] {logging_mixin.py:190} INFO - [2026-08-16T08:16:31.812+0000] {dag.py:4180} INFO - Setting next_dagrun for serverless_spark_dev_pipeline to None, run_after=None
[2026-08-16T08:16:31.833+0000] {processor.py:208} INFO - Processing /opt/airflow/dags/silver_spark_serverless.py took 0.109 seconds
[2026-08-16T08:17:23.932+0000] {processor.py:186} INFO - Started process (PID=1827) to work on /opt/airflow/dags/silver_spark_serverless.py
[2026-08-16T08:17:23.933+0000] {processor.py:914} INFO - Processing file /opt/airflow/dags/silver_spark_serverless.py for tasks to queue
[2026-08-16T08:17:23.934+0000] {logging_mixin.py:190} INFO - [2026-08-16T08:17:23.934+0000] {dagbag.py:588} INFO - Filling up the DagBag from /opt/airflow/dags/silver_spark_serverless.py
[2026-08-16T08:17:23.971+0000] {processor.py:925} INFO - DAG(s) 'serverless_spark_dev_pipeline' retrieved from /opt/airflow/dags/silver_spark_serverless.py
[2026-08-16T08:17:23.999+0000] {logging_mixin.py:190} INFO - [2026-08-16T08:17:23.998+0000] {dag.py:3239} INFO - Sync 1 DAGs
[2026-08-16T08:17:24.017+0000] {logging_mixin.py:190} INFO - [2026-08-16T08:17:24.016+0000] {dag.py:4180} INFO - Setting next_dagrun for serverless_spark_dev_pipeline to None, run_after=None
[2026-08-16T08:17:24.046+0000] {processor.py:208} INFO - Processing /opt/airflow/dags/silver_spark_serverless.py took 0.121 seconds
[2026-08-16T08:18:16.852+0000] {processor.py:186} INFO - Started process (PID=1910) to work on /opt/airflow/dags/silver_spark_serverless.py
[2026-08-16T08:18:16.854+0000] {processor.py:914} INFO - Processing file /opt/airflow/dags/silver_spark_serverless.py for tasks to queue
[2026-08-16T08:18:16.855+0000] {logging_mixin.py:190} INFO - [2026-08-16T08:18:16.855+0000] {dagbag.py:588} INFO - Filling up the DagBag from /opt/airflow/dags/silver_spark_serverless.py
[2026-08-16T08:18:16.888+0000] {processor.py:925} INFO - DAG(s) 'serverless_spark_dev_pipeline' retrieved from /opt/airflow/dags/silver_spark_serverless.py
[2026-08-16T08:18:16.914+0000] {logging_mixin.py:190} INFO - [2026-08-16T08:18:16.913+0000] {dag.py:3239} INFO - Sync 1 DAGs
[2026-08-16T08:18:16.931+0000] {logging_mixin.py:190} INFO - [2026-08-16T08:18:16.931+0000] {dag.py:4180} INFO - Setting next_dagrun for serverless_spark_dev_pipeline to None, run_after=None
[2026-08-16T08:18:16.955+0000] {processor.py:208} INFO - Processing /opt/airflow/dags/silver_spark_serverless.py took 0.108 seconds
[2026-08-16T08:19:10.543+0000] {processor.py:186} INFO - Started process (PID=2002) to work on /opt/airflow/dags/silver_spark_serverless.py
[2026-08-16T08:19:10.545+0000] {processor.py:914} INFO - Processing file /opt/airflow/dags/silver_spark_serverless.py for tasks to queue
[2026-08-16T08:19:10.546+0000] {logging_mixin.py:190} INFO - [2026-08-16T08:19:10.546+0000] {dagbag.py:588} INFO - Filling up the DagBag from /opt/airflow/dags/silver_spark_serverless.py
[2026-08-16T08:19:10.581+0000] {processor.py:925} INFO - DAG(s) 'serverless_spark_dev_pipeline' retrieved from /opt/airflow/dags/silver_spark_serverless.py
[2026-08-16T08:19:10.609+0000] {logging_mixin.py:190} INFO - [2026-08-16T08:19:10.608+0000] {dag.py:3239} INFO - Sync 1 DAGs
[2026-08-16T08:19:10.626+0000] {logging_mixin.py:190} INFO - [2026-08-16T08:19:10.626+0000] {dag.py:4180} INFO - Setting next_dagrun for serverless_spark_dev_pipeline to None, run_after=None
[2026-08-16T08:19:10.655+0000] {processor.py:208} INFO - Processing /opt/airflow/dags/silver_spark_serverless.py took 0.117 seconds
[2026-08-16T08:19:41.069+0000] {processor.py:186} INFO - Started process (PID=2090) to work on /opt/airflow/dags/silver_spark_serverless.py
[2026-08-16T08:19:41.070+0000] {processor.py:914} INFO - Processing file /opt/airflow/dags/silver_spark_serverless.py for tasks to queue
[2026-08-16T08:19:41.072+0000] {logging_mixin.py:190} INFO - [2026-08-16T08:19:41.072+0000] {dagbag.py:588} INFO - Filling up the DagBag from /opt/airflow/dags/silver_spark_serverless.py
[2026-08-16T08:19:41.092+0000] {processor.py:925} INFO - DAG(s) 'serverless_spark_dev_pipeline' retrieved from /opt/airflow/dags/silver_spark_serverless.py
[2026-08-16T08:19:41.120+0000] {logging_mixin.py:190} INFO - [2026-08-16T08:19:41.119+0000] {dag.py:3239} INFO - Sync 1 DAGs
[2026-08-16T08:19:41.136+0000] {logging_mixin.py:190} INFO - [2026-08-16T08:19:41.136+0000] {dag.py:4180} INFO - Setting next_dagrun for serverless_spark_dev_pipeline to None, run_after=None
[2026-08-16T08:19:41.157+0000] {processor.py:208} INFO - Processing /opt/airflow/dags/silver_spark_serverless.py took 0.094 seconds
[2026-08-16T08:20:32.052+0000] {processor.py:186} INFO - Started process (PID=2153) to work on /opt/airflow/dags/silver_spark_serverless.py
[2026-08-16T08:20:32.053+0000] {processor.py:914} INFO - Processing file /opt/airflow/dags/silver_spark_serverless.py for tasks to queue
[2026-08-16T08:20:32.055+0000] {logging_mixin.py:190} INFO - [2026-08-16T08:20:32.055+0000] {dagbag.py:588} INFO - Filling up the DagBag from /opt/airflow/dags/silver_spark_serverless.py
[2026-08-16T08:20:32.077+0000] {processor.py:925} INFO - DAG(s) 'serverless_spark_dev_pipeline' retrieved from /opt/airflow/dags/silver_spark_serverless.py
[2026-08-16T08:20:32.102+0000] {logging_mixin.py:190} INFO - [2026-08-16T08:20:32.102+0000] {dag.py:3239} INFO - Sync 1 DAGs
[2026-08-16T08:20:32.118+0000] {logging_mixin.py:190} INFO - [2026-08-16T08:20:32.118+0000] {dag.py:4180} INFO - Setting next_dagrun for serverless_spark_dev_pipeline to None, run_after=None
[2026-08-16T08:20:32.145+0000] {processor.py:208} INFO - Processing /opt/airflow/dags/silver_spark_serverless.py took 0.101 seconds
[2026-08-16T08:21:26.945+0000] {processor.py:186} INFO - Started process (PID=2245) to work on /opt/airflow/dags/silver_spark_serverless.py
[2026-08-16T08:21:26.947+0000] {processor.py:914} INFO - Processing file /opt/airflow/dags/silver_spark_serverless.py for tasks to queue
[2026-08-16T08:21:26.948+0000] {logging_mixin.py:190} INFO - [2026-08-16T08:21:26.948+0000] {dagbag.py:588} INFO - Filling up the DagBag from /opt/airflow/dags/silver_spark_serverless.py
[2026-08-16T08:21:26.975+0000] {processor.py:925} INFO - DAG(s) 'serverless_spark_dev_pipeline' retrieved from /opt/airflow/dags/silver_spark_serverless.py
[2026-08-16T08:21:27.006+0000] {logging_mixin.py:190} INFO - [2026-08-16T08:21:27.005+0000] {dag.py:3239} INFO - Sync 1 DAGs
[2026-08-16T08:21:27.030+0000] {logging_mixin.py:190} INFO - [2026-08-16T08:21:27.030+0000] {dag.py:4180} INFO - Setting next_dagrun for serverless_spark_dev_pipeline to None, run_after=None
[2026-08-16T08:21:27.062+0000] {processor.py:208} INFO - Processing /opt/airflow/dags/silver_spark_serverless.py took 0.123 seconds
[2026-08-16T08:22:19.853+0000] {processor.py:186} INFO - Started process (PID=2337) to work on /opt/airflow/dags/silver_spark_serverless.py
[2026-08-16T08:22:19.854+0000] {processor.py:914} INFO - Processing file /opt/airflow/dags/silver_spark_serverless.py for tasks to queue
[2026-08-16T08:22:19.855+0000] {logging_mixin.py:190} INFO - [2026-08-16T08:22:19.855+0000] {dagbag.py:588} INFO - Filling up the DagBag from /opt/airflow/dags/silver_spark_serverless.py
[2026-08-16T08:22:19.873+0000] {processor.py:925} INFO - DAG(s) 'serverless_spark_dev_pipeline' retrieved from /opt/airflow/dags/silver_spark_serverless.py
[2026-08-16T08:22:19.900+0000] {logging_mixin.py:190} INFO - [2026-08-16T08:22:19.900+0000] {dag.py:3239} INFO - Sync 1 DAGs
[2026-08-16T08:22:19.914+0000] {logging_mixin.py:190} INFO - [2026-08-16T08:22:19.914+0000] {dag.py:4180} INFO - Setting next_dagrun for serverless_spark_dev_pipeline to None, run_after=None
[2026-08-16T08:22:19.938+0000] {processor.py:208} INFO - Processing /opt/airflow/dags/silver_spark_serverless.py took 0.091 seconds
[2026-08-16T08:23:12.676+0000] {processor.py:186} INFO - Started process (PID=2429) to work on /opt/airflow/dags/silver_spark_serverless.py
[2026-08-16T08:23:12.677+0000] {processor.py:914} INFO - Processing file /opt/airflow/dags/silver_spark_serverless.py for tasks to queue
[2026-08-16T08:23:12.679+0000] {logging_mixin.py:190} INFO - [2026-08-16T08:23:12.679+0000] {dagbag.py:588} INFO - Filling up the DagBag from /opt/airflow/dags/silver_spark_serverless.py
[2026-08-16T08:23:12.702+0000] {processor.py:925} INFO - DAG(s) 'serverless_spark_dev_pipeline' retrieved from /opt/airflow/dags/silver_spark_serverless.py
[2026-08-16T08:23:12.730+0000] {logging_mixin.py:190} INFO - [2026-08-16T08:23:12.729+0000] {dag.py:3239} INFO - Sync 1 DAGs
[2026-08-16T08:23:12.747+0000] {logging_mixin.py:190} INFO - [2026-08-16T08:23:12.747+0000] {dag.py:4180} INFO - Setting next_dagrun for serverless_spark_dev_pipeline to None, run_after=None
[2026-08-16T08:23:12.776+0000] {processor.py:208} INFO - Processing /opt/airflow/dags/silver_spark_serverless.py took 0.106 seconds
[2026-08-16T08:23:46.268+0000] {processor.py:186} INFO - Started process (PID=2517) to work on /opt/airflow/dags/silver_spark_serverless.py
[2026-08-16T08:23:46.269+0000] {processor.py:914} INFO - Processing file /opt/airflow/dags/silver_spark_serverless.py for tasks to queue
[2026-08-16T08:23:46.271+0000] {logging_mixin.py:190} INFO - [2026-08-16T08:23:46.271+0000] {dagbag.py:588} INFO - Filling up the DagBag from /opt/airflow/dags/silver_spark_serverless.py
[2026-08-16T08:23:46.309+0000] {processor.py:925} INFO - DAG(s) 'serverless_spark_dev_pipeline' retrieved from /opt/airflow/dags/silver_spark_serverless.py
[2026-08-16T08:23:46.351+0000] {logging_mixin.py:190} INFO - [2026-08-16T08:23:46.351+0000] {dag.py:3239} INFO - Sync 1 DAGs
[2026-08-16T08:23:46.375+0000] {logging_mixin.py:190} INFO - [2026-08-16T08:23:46.374+0000] {dag.py:4180} INFO - Setting next_dagrun for serverless_spark_dev_pipeline to None, run_after=None
[2026-08-16T08:23:46.410+0000] {processor.py:208} INFO - Processing /opt/airflow/dags/silver_spark_serverless.py took 0.151 seconds
[2026-08-16T08:25:03.234+0000] {processor.py:186} INFO - Started process (PID=2586) to work on /opt/airflow/dags/silver_spark_serverless.py
[2026-08-16T08:25:03.235+0000] {processor.py:914} INFO - Processing file /opt/airflow/dags/silver_spark_serverless.py for tasks to queue
[2026-08-16T08:25:03.236+0000] {logging_mixin.py:190} INFO - [2026-08-16T08:25:03.236+0000] {dagbag.py:588} INFO - Filling up the DagBag from /opt/airflow/dags/silver_spark_serverless.py
[2026-08-16T08:25:03.255+0000] {processor.py:925} INFO - DAG(s) 'serverless_spark_dev_pipeline' retrieved from /opt/airflow/dags/silver_spark_serverless.py
[2026-08-16T08:25:03.282+0000] {logging_mixin.py:190} INFO - [2026-08-16T08:25:03.282+0000] {dag.py:3239} INFO - Sync 1 DAGs
[2026-08-16T08:25:03.298+0000] {logging_mixin.py:190} INFO - [2026-08-16T08:25:03.298+0000] {dag.py:4180} INFO - Setting next_dagrun for serverless_spark_dev_pipeline to None, run_after=None
[2026-08-16T08:25:03.328+0000] {processor.py:208} INFO - Processing /opt/airflow/dags/silver_spark_serverless.py took 0.101 seconds
[2026-08-16T08:25:59.344+0000] {processor.py:186} INFO - Started process (PID=2678) to work on /opt/airflow/dags/silver_spark_serverless.py
[2026-08-16T08:25:59.347+0000] {processor.py:914} INFO - Processing file /opt/airflow/dags/silver_spark_serverless.py for tasks to queue
[2026-08-16T08:25:59.350+0000] {logging_mixin.py:190} INFO - [2026-08-16T08:25:59.349+0000] {dagbag.py:588} INFO - Filling up the DagBag from /opt/airflow/dags/silver_spark_serverless.py
[2026-08-16T08:25:59.420+0000] {processor.py:925} INFO - DAG(s) 'serverless_spark_dev_pipeline' retrieved from /opt/airflow/dags/silver_spark_serverless.py
[2026-08-16T08:25:59.458+0000] {logging_mixin.py:190} INFO - [2026-08-16T08:25:59.458+0000] {dag.py:3239} INFO - Sync 1 DAGs
[2026-08-16T08:25:59.478+0000] {logging_mixin.py:190} INFO - [2026-08-16T08:25:59.478+0000] {dag.py:4180} INFO - Setting next_dagrun for serverless_spark_dev_pipeline to None, run_after=None
[2026-08-16T08:25:59.516+0000] {processor.py:208} INFO - Processing /opt/airflow/dags/silver_spark_serverless.py took 0.185 seconds
[2026-08-16T08:26:29.683+0000] {processor.py:186} INFO - Started process (PID=2767) to work on /opt/airflow/dags/silver_spark_serverless.py
[2026-08-16T08:26:29.685+0000] {processor.py:914} INFO - Processing file /opt/airflow/dags/silver_spark_serverless.py for tasks to queue
[2026-08-16T08:26:29.688+0000] {logging_mixin.py:190} INFO - [2026-08-16T08:26:29.687+0000] {dagbag.py:588} INFO - Filling up the DagBag from /opt/airflow/dags/silver_spark_serverless.py
[2026-08-16T08:26:29.750+0000] {processor.py:925} INFO - DAG(s) 'serverless_spark_dev_pipeline' retrieved from /opt/airflow/dags/silver_spark_serverless.py
[2026-08-16T08:26:29.787+0000] {logging_mixin.py:190} INFO - [2026-08-16T08:26:29.787+0000] {dag.py:3239} INFO - Sync 1 DAGs
[2026-08-16T08:26:29.807+0000] {logging_mixin.py:190} INFO - [2026-08-16T08:26:29.807+0000] {dag.py:4180} INFO - Setting next_dagrun for serverless_spark_dev_pipeline to None, run_after=None
[2026-08-16T08:26:29.840+0000] {processor.py:208} INFO - Processing /opt/airflow/dags/silver_spark_serverless.py took 0.165 seconds
[2026-08-16T08:27:00.111+0000] {processor.py:186} INFO - Started process (PID=2860) to work on /opt/airflow/dags/silver_spark_serverless.py
[2026-08-16T08:27:00.112+0000] {processor.py:914} INFO - Processing file /opt/airflow/dags/silver_spark_serverless.py for tasks to queue
[2026-08-16T08:27:00.113+0000] {logging_mixin.py:190} INFO - [2026-08-16T08:27:00.113+0000] {dagbag.py:588} INFO - Filling up the DagBag from /opt/airflow/dags/silver_spark_serverless.py
[2026-08-16T08:27:00.145+0000] {processor.py:925} INFO - DAG(s) 'serverless_spark_dev_pipeline' retrieved from /opt/airflow/dags/silver_spark_serverless.py
[2026-08-16T08:27:00.178+0000] {logging_mixin.py:190} INFO - [2026-08-16T08:27:00.177+0000] {dag.py:3239} INFO - Sync 1 DAGs
[2026-08-16T08:27:00.201+0000] {logging_mixin.py:190} INFO - [2026-08-16T08:27:00.201+0000] {dag.py:4180} INFO - Setting next_dagrun for serverless_spark_dev_pipeline to None, run_after=None
[2026-08-16T08:27:00.229+0000] {processor.py:208} INFO - Processing /opt/airflow/dags/silver_spark_serverless.py took 0.124 seconds
[2026-08-16T08:27:46.627+0000] {processor.py:186} INFO - Started process (PID=2954) to work on /opt/airflow/dags/silver_spark_serverless.py
[2026-08-16T08:27:46.628+0000] {processor.py:914} INFO - Processing file /opt/airflow/dags/silver_spark_serverless.py for tasks to queue
[2026-08-16T08:27:46.630+0000] {logging_mixin.py:190} INFO - [2026-08-16T08:27:46.630+0000] {dagbag.py:588} INFO - Filling up the DagBag from /opt/airflow/dags/silver_spark_serverless.py
[2026-08-16T08:27:46.695+0000] {processor.py:925} INFO - DAG(s) 'serverless_spark_dev_pipeline' retrieved from /opt/airflow/dags/silver_spark_serverless.py
[2026-08-16T08:27:46.723+0000] {logging_mixin.py:190} INFO - [2026-08-16T08:27:46.722+0000] {dag.py:3239} INFO - Sync 1 DAGs
[2026-08-16T08:27:46.743+0000] {logging_mixin.py:190} INFO - [2026-08-16T08:27:46.743+0000] {dag.py:4180} INFO - Setting next_dagrun for serverless_spark_dev_pipeline to None, run_after=None
[2026-08-16T08:27:46.780+0000] {processor.py:208} INFO - Processing /opt/airflow/dags/silver_spark_serverless.py took 0.159 seconds
[2026-08-16T08:28:20.480+0000] {processor.py:186} INFO - Started process (PID=3037) to work on /opt/airflow/dags/silver_spark_serverless.py
[2026-08-16T08:28:20.481+0000] {processor.py:914} INFO - Processing file /opt/airflow/dags/silver_spark_serverless.py for tasks to queue
[2026-08-16T08:28:20.483+0000] {logging_mixin.py:190} INFO - [2026-08-16T08:28:20.483+0000] {dagbag.py:588} INFO - Filling up the DagBag from /opt/airflow/dags/silver_spark_serverless.py
[2026-08-16T08:28:20.503+0000] {processor.py:925} INFO - DAG(s) 'serverless_spark_dev_pipeline' retrieved from /opt/airflow/dags/silver_spark_serverless.py
[2026-08-16T08:28:20.529+0000] {logging_mixin.py:190} INFO - [2026-08-16T08:28:20.529+0000] {dag.py:3239} INFO - Sync 1 DAGs
[2026-08-16T08:28:20.545+0000] {logging_mixin.py:190} INFO - [2026-08-16T08:28:20.544+0000] {dag.py:4180} INFO - Setting next_dagrun for serverless_spark_dev_pipeline to None, run_after=None
[2026-08-16T08:28:20.565+0000] {processor.py:208} INFO - Processing /opt/airflow/dags/silver_spark_serverless.py took 0.092 seconds
[2026-08-16T08:29:08.328+0000] {processor.py:186} INFO - Started process (PID=3085) to work on /opt/airflow/dags/silver_spark_serverless.py
[2026-08-16T08:29:08.329+0000] {processor.py:914} INFO - Processing file /opt/airflow/dags/silver_spark_serverless.py for tasks to queue
[2026-08-16T08:29:08.331+0000] {logging_mixin.py:190} INFO - [2026-08-16T08:29:08.331+0000] {dagbag.py:588} INFO - Filling up the DagBag from /opt/airflow/dags/silver_spark_serverless.py
[2026-08-16T08:29:08.372+0000] {processor.py:925} INFO - DAG(s) 'serverless_spark_dev_pipeline' retrieved from /opt/airflow/dags/silver_spark_serverless.py
[2026-08-16T08:29:08.417+0000] {logging_mixin.py:190} INFO - [2026-08-16T08:29:08.416+0000] {dag.py:3239} INFO - Sync 1 DAGs
[2026-08-16T08:29:08.435+0000] {logging_mixin.py:190} INFO - [2026-08-16T08:29:08.434+0000] {dag.py:4180} INFO - Setting next_dagrun for serverless_spark_dev_pipeline to None, run_after=None
[2026-08-16T08:29:08.467+0000] {processor.py:208} INFO - Processing /opt/airflow/dags/silver_spark_serverless.py took 0.152 seconds
[2026-08-16T08:29:45.128+0000] {processor.py:186} INFO - Started process (PID=3177) to work on /opt/airflow/dags/silver_spark_serverless.py
[2026-08-16T08:29:45.129+0000] {processor.py:914} INFO - Processing file /opt/airflow/dags/silver_spark_serverless.py for tasks to queue
[2026-08-16T08:29:45.131+0000] {logging_mixin.py:190} INFO - [2026-08-16T08:29:45.130+0000] {dagbag.py:588} INFO - Filling up the DagBag from /opt/airflow/dags/silver_spark_serverless.py
[2026-08-16T08:29:45.172+0000] {processor.py:925} INFO - DAG(s) 'serverless_spark_dev_pipeline' retrieved from /opt/airflow/dags/silver_spark_serverless.py
[2026-08-16T08:29:45.201+0000] {logging_mixin.py:190} INFO - [2026-08-16T08:29:45.201+0000] {dag.py:3239} INFO - Sync 1 DAGs
[2026-08-16T08:29:45.218+0000] {logging_mixin.py:190} INFO - [2026-08-16T08:29:45.218+0000] {dag.py:4180} INFO - Setting next_dagrun for serverless_spark_dev_pipeline to None, run_after=None
[2026-08-16T08:29:45.239+0000] {processor.py:208} INFO - Processing /opt/airflow/dags/silver_spark_serverless.py took 0.118 seconds
[2026-08-16T08:30:29.471+0000] {processor.py:186} INFO - Started process (PID=3271) to work on /opt/airflow/dags/silver_spark_serverless.py
[2026-08-16T08:30:29.474+0000] {processor.py:914} INFO - Processing file /opt/airflow/dags/silver_spark_serverless.py for tasks to queue
[2026-08-16T08:30:29.476+0000] {logging_mixin.py:190} INFO - [2026-08-16T08:30:29.476+0000] {dagbag.py:588} INFO - Filling up the DagBag from /opt/airflow/dags/silver_spark_serverless.py
[2026-08-16T08:30:29.515+0000] {processor.py:925} INFO - DAG(s) 'serverless_spark_dev_pipeline' retrieved from /opt/airflow/dags/silver_spark_serverless.py
[2026-08-16T08:30:29.544+0000] {logging_mixin.py:190} INFO - [2026-08-16T08:30:29.544+0000] {dag.py:3239} INFO - Sync 1 DAGs
[2026-08-16T08:30:29.562+0000] {logging_mixin.py:190} INFO - [2026-08-16T08:30:29.562+0000] {dag.py:4180} INFO - Setting next_dagrun for serverless_spark_dev_pipeline to None, run_after=None
[2026-08-16T08:30:29.588+0000] {processor.py:208} INFO - Processing /opt/airflow/dags/silver_spark_serverless.py took 0.125 seconds
[2026-08-16T08:31:05.933+0000] {processor.py:186} INFO - Started process (PID=3364) to work on /opt/airflow/dags/silver_spark_serverless.py
[2026-08-16T08:31:05.934+0000] {processor.py:914} INFO - Processing file /opt/airflow/dags/silver_spark_serverless.py for tasks to queue
[2026-08-16T08:31:05.936+0000] {logging_mixin.py:190} INFO - [2026-08-16T08:31:05.935+0000] {dagbag.py:588} INFO - Filling up the DagBag from /opt/airflow/dags/silver_spark_serverless.py
[2026-08-16T08:31:05.957+0000] {processor.py:925} INFO - DAG(s) 'serverless_spark_dev_pipeline' retrieved from /opt/airflow/dags/silver_spark_serverless.py
[2026-08-16T08:31:05.984+0000] {logging_mixin.py:190} INFO - [2026-08-16T08:31:05.984+0000] {dag.py:3239} INFO - Sync 1 DAGs
[2026-08-16T08:31:05.999+0000] {logging_mixin.py:190} INFO - [2026-08-16T08:31:05.999+0000] {dag.py:4180} INFO - Setting next_dagrun for serverless_spark_dev_pipeline to None, run_after=None
[2026-08-16T08:31:06.026+0000] {processor.py:208} INFO - Processing /opt/airflow/dags/silver_spark_serverless.py took 0.101 seconds
[2026-08-16T08:31:50.160+0000] {processor.py:186} INFO - Started process (PID=3457) to work on /opt/airflow/dags/silver_spark_serverless.py
[2026-08-16T08:31:50.161+0000] {processor.py:914} INFO - Processing file /opt/airflow/dags/silver_spark_serverless.py for tasks to queue
[2026-08-16T08:31:50.164+0000] {logging_mixin.py:190} INFO - [2026-08-16T08:31:50.163+0000] {dagbag.py:588} INFO - Filling up the DagBag from /opt/airflow/dags/silver_spark_serverless.py
[2026-08-16T08:31:50.188+0000] {processor.py:925} INFO - DAG(s) 'serverless_spark_dev_pipeline' retrieved from /opt/airflow/dags/silver_spark_serverless.py
[2026-08-16T08:31:50.213+0000] {logging_mixin.py:190} INFO - [2026-08-16T08:31:50.213+0000] {dag.py:3239} INFO - Sync 1 DAGs
[2026-08-16T08:31:50.230+0000] {logging_mixin.py:190} INFO - [2026-08-16T08:31:50.229+0000] {dag.py:4180} INFO - Setting next_dagrun for serverless_spark_dev_pipeline to None, run_after=None
[2026-08-16T08:31:50.250+0000] {processor.py:208} INFO - Processing /opt/airflow/dags/silver_spark_serverless.py took 0.099 seconds
[2026-08-16T08:32:26.209+0000] {processor.py:186} INFO - Started process (PID=3551) to work on /opt/airflow/dags/silver_spark_serverless.py
[2026-08-16T08:32:26.210+0000] {processor.py:914} INFO - Processing file /opt/airflow/dags/silver_spark_serverless.py for tasks to queue
[2026-08-16T08:32:26.211+0000] {logging_mixin.py:190} INFO - [2026-08-16T08:32:26.211+0000] {dagbag.py:588} INFO - Filling up the DagBag from /opt/airflow/dags/silver_spark_serverless.py
[2026-08-16T08:32:26.232+0000] {processor.py:925} INFO - DAG(s) 'serverless_spark_dev_pipeline' retrieved from /opt/airflow/dags/silver_spark_serverless.py
[2026-08-16T08:32:26.263+0000] {logging_mixin.py:190} INFO - [2026-08-16T08:32:26.263+0000] {dag.py:3239} INFO - Sync 1 DAGs
[2026-08-16T08:32:26.286+0000] {logging_mixin.py:190} INFO - [2026-08-16T08:32:26.286+0000] {dag.py:4180} INFO - Setting next_dagrun for serverless_spark_dev_pipeline to None, run_after=None
[2026-08-16T08:32:26.315+0000] {processor.py:208} INFO - Processing /opt/airflow/dags/silver_spark_serverless.py took 0.115 seconds
[2026-08-16T08:33:10.409+0000] {processor.py:186} INFO - Started process (PID=3644) to work on /opt/airflow/dags/silver_spark_serverless.py
[2026-08-16T08:33:10.411+0000] {processor.py:914} INFO - Processing file /opt/airflow/dags/silver_spark_serverless.py for tasks to queue
[2026-08-16T08:33:10.413+0000] {logging_mixin.py:190} INFO - [2026-08-16T08:33:10.412+0000] {dagbag.py:588} INFO - Filling up the DagBag from /opt/airflow/dags/silver_spark_serverless.py
[2026-08-16T08:33:10.442+0000] {processor.py:925} INFO - DAG(s) 'serverless_spark_dev_pipeline' retrieved from /opt/airflow/dags/silver_spark_serverless.py
[2026-08-16T08:33:10.473+0000] {logging_mixin.py:190} INFO - [2026-08-16T08:33:10.473+0000] {dag.py:3239} INFO - Sync 1 DAGs
[2026-08-16T08:33:10.492+0000] {logging_mixin.py:190} INFO - [2026-08-16T08:33:10.492+0000] {dag.py:4180} INFO - Setting next_dagrun for serverless_spark_dev_pipeline to None, run_after=None
[2026-08-16T08:33:10.526+0000] {processor.py:208} INFO - Processing /opt/airflow/dags/silver_spark_serverless.py took 0.125 seconds
[2026-08-16T08:33:45.894+0000] {processor.py:186} INFO - Started process (PID=3738) to work on /opt/airflow/dags/silver_spark_serverless.py
[2026-08-16T08:33:45.896+0000] {processor.py:914} INFO - Processing file /opt/airflow/dags/silver_spark_serverless.py for tasks to queue
[2026-08-16T08:33:45.898+0000] {logging_mixin.py:190} INFO - [2026-08-16T08:33:45.898+0000] {dagbag.py:588} INFO - Filling up the DagBag from /opt/airflow/dags/silver_spark_serverless.py
[2026-08-16T08:33:45.929+0000] {processor.py:925} INFO - DAG(s) 'serverless_spark_dev_pipeline' retrieved from /opt/airflow/dags/silver_spark_serverless.py
[2026-08-16T08:33:45.959+0000] {logging_mixin.py:190} INFO - [2026-08-16T08:33:45.959+0000] {dag.py:3239} INFO - Sync 1 DAGs
[2026-08-16T08:33:45.975+0000] {logging_mixin.py:190} INFO - [2026-08-16T08:33:45.975+0000] {dag.py:4180} INFO - Setting next_dagrun for serverless_spark_dev_pipeline to None, run_after=None
[2026-08-16T08:33:46.004+0000] {processor.py:208} INFO - Processing /opt/airflow/dags/silver_spark_serverless.py took 0.116 seconds
[2026-08-16T08:34:16.114+0000] {processor.py:186} INFO - Started process (PID=3830) to work on /opt/airflow/dags/silver_spark_serverless.py
[2026-08-16T08:34:16.115+0000] {processor.py:914} INFO - Processing file /opt/airflow/dags/silver_spark_serverless.py for tasks to queue
[2026-08-16T08:34:16.117+0000] {logging_mixin.py:190} INFO - [2026-08-16T08:34:16.117+0000] {dagbag.py:588} INFO - Filling up the DagBag from /opt/airflow/dags/silver_spark_serverless.py
[2026-08-16T08:34:16.142+0000] {processor.py:925} INFO - DAG(s) 'serverless_spark_dev_pipeline' retrieved from /opt/airflow/dags/silver_spark_serverless.py
[2026-08-16T08:34:16.175+0000] {logging_mixin.py:190} INFO - [2026-08-16T08:34:16.174+0000] {dag.py:3239} INFO - Sync 1 DAGs
[2026-08-16T08:34:16.198+0000] {logging_mixin.py:190} INFO - [2026-08-16T08:34:16.198+0000] {dag.py:4180} INFO - Setting next_dagrun for serverless_spark_dev_pipeline to None, run_after=None
[2026-08-16T08:34:16.227+0000] {processor.py:208} INFO - Processing /opt/airflow/dags/silver_spark_serverless.py took 0.121 seconds
[2026-08-16T08:34:51.954+0000] {processor.py:186} INFO - Started process (PID=3925) to work on /opt/airflow/dags/silver_spark_serverless.py
[2026-08-16T08:34:51.955+0000] {processor.py:914} INFO - Processing file /opt/airflow/dags/silver_spark_serverless.py for tasks to queue
[2026-08-16T08:34:51.956+0000] {logging_mixin.py:190} INFO - [2026-08-16T08:34:51.956+0000] {dagbag.py:588} INFO - Filling up the DagBag from /opt/airflow/dags/silver_spark_serverless.py
[2026-08-16T08:34:51.978+0000] {processor.py:925} INFO - DAG(s) 'serverless_spark_dev_pipeline' retrieved from /opt/airflow/dags/silver_spark_serverless.py
[2026-08-16T08:34:51.999+0000] {logging_mixin.py:190} INFO - [2026-08-16T08:34:51.999+0000] {dag.py:3239} INFO - Sync 1 DAGs
[2026-08-16T08:34:52.014+0000] {logging_mixin.py:190} INFO - [2026-08-16T08:34:52.014+0000] {dag.py:4180} INFO - Setting next_dagrun for serverless_spark_dev_pipeline to None, run_after=None
[2026-08-16T08:34:52.045+0000] {processor.py:208} INFO - Processing /opt/airflow/dags/silver_spark_serverless.py took 0.097 seconds
[2026-08-16T08:35:22.572+0000] {processor.py:186} INFO - Started process (PID=4014) to work on /opt/airflow/dags/silver_spark_serverless.py
[2026-08-16T08:35:22.574+0000] {processor.py:914} INFO - Processing file /opt/airflow/dags/silver_spark_serverless.py for tasks to queue
[2026-08-16T08:35:22.576+0000] {logging_mixin.py:190} INFO - [2026-08-16T08:35:22.575+0000] {dagbag.py:588} INFO - Filling up the DagBag from /opt/airflow/dags/silver_spark_serverless.py
[2026-08-16T08:35:22.612+0000] {processor.py:925} INFO - DAG(s) 'serverless_spark_dev_pipeline' retrieved from /opt/airflow/dags/silver_spark_serverless.py
[2026-08-16T08:35:22.649+0000] {logging_mixin.py:190} INFO - [2026-08-16T08:35:22.649+0000] {dag.py:3239} INFO - Sync 1 DAGs
[2026-08-16T08:35:22.671+0000] {logging_mixin.py:190} INFO - [2026-08-16T08:35:22.671+0000] {dag.py:4180} INFO - Setting next_dagrun for serverless_spark_dev_pipeline to None, run_after=None
[2026-08-16T08:35:22.698+0000] {processor.py:208} INFO - Processing /opt/airflow/dags/silver_spark_serverless.py took 0.136 seconds
[2026-08-16T08:35:52.868+0000] {processor.py:186} INFO - Started process (PID=4112) to work on /opt/airflow/dags/silver_spark_serverless.py
[2026-08-16T08:35:52.870+0000] {processor.py:914} INFO - Processing file /opt/airflow/dags/silver_spark_serverless.py for tasks to queue
[2026-08-16T08:35:52.871+0000] {logging_mixin.py:190} INFO - [2026-08-16T08:35:52.871+0000] {dagbag.py:588} INFO - Filling up the DagBag from /opt/airflow/dags/silver_spark_serverless.py
[2026-08-16T08:35:52.895+0000] {processor.py:925} INFO - DAG(s) 'serverless_spark_dev_pipeline' retrieved from /opt/airflow/dags/silver_spark_serverless.py
[2026-08-16T08:35:52.924+0000] {logging_mixin.py:190} INFO - [2026-08-16T08:35:52.924+0000] {dag.py:3239} INFO - Sync 1 DAGs
[2026-08-16T08:35:52.943+0000] {logging_mixin.py:190} INFO - [2026-08-16T08:35:52.943+0000] {dag.py:4180} INFO - Setting next_dagrun for serverless_spark_dev_pipeline to None, run_after=None
[2026-08-16T08:35:52.975+0000] {processor.py:208} INFO - Processing /opt/airflow/dags/silver_spark_serverless.py took 0.114 seconds
[2026-08-16T08:36:23.105+0000] {processor.py:186} INFO - Started process (PID=4206) to work on /opt/airflow/dags/silver_spark_serverless.py
[2026-08-16T08:36:23.107+0000] {processor.py:914} INFO - Processing file /opt/airflow/dags/silver_spark_serverless.py for tasks to queue
[2026-08-16T08:36:23.108+0000] {logging_mixin.py:190} INFO - [2026-08-16T08:36:23.108+0000] {dagbag.py:588} INFO - Filling up the DagBag from /opt/airflow/dags/silver_spark_serverless.py
[2026-08-16T08:36:23.137+0000] {processor.py:925} INFO - DAG(s) 'serverless_spark_dev_pipeline' retrieved from /opt/airflow/dags/silver_spark_serverless.py
[2026-08-16T08:36:23.172+0000] {logging_mixin.py:190} INFO - [2026-08-16T08:36:23.171+0000] {dag.py:3239} INFO - Sync 1 DAGs
[2026-08-16T08:36:23.196+0000] {logging_mixin.py:190} INFO - [2026-08-16T08:36:23.196+0000] {dag.py:4180} INFO - Setting next_dagrun for serverless_spark_dev_pipeline to None, run_after=None
[2026-08-16T08:36:23.230+0000] {processor.py:208} INFO - Processing /opt/airflow/dags/silver_spark_serverless.py took 0.132 seconds
[2026-08-16T08:36:53.802+0000] {processor.py:186} INFO - Started process (PID=4299) to work on /opt/airflow/dags/silver_spark_serverless.py
[2026-08-16T08:36:53.803+0000] {processor.py:914} INFO - Processing file /opt/airflow/dags/silver_spark_serverless.py for tasks to queue
[2026-08-16T08:36:53.805+0000] {logging_mixin.py:190} INFO - [2026-08-16T08:36:53.805+0000] {dagbag.py:588} INFO - Filling up the DagBag from /opt/airflow/dags/silver_spark_serverless.py
[2026-08-16T08:36:53.829+0000] {processor.py:925} INFO - DAG(s) 'serverless_spark_dev_pipeline' retrieved from /opt/airflow/dags/silver_spark_serverless.py
[2026-08-16T08:36:53.862+0000] {logging_mixin.py:190} INFO - [2026-08-16T08:36:53.862+0000] {dag.py:3239} INFO - Sync 1 DAGs
[2026-08-16T08:36:53.887+0000] {logging_mixin.py:190} INFO - [2026-08-16T08:36:53.887+0000] {dag.py:4180} INFO - Setting next_dagrun for serverless_spark_dev_pipeline to None, run_after=None
[2026-08-16T08:36:53.912+0000] {processor.py:208} INFO - Processing /opt/airflow/dags/silver_spark_serverless.py took 0.118 seconds
[2026-08-16T08:37:24.560+0000] {processor.py:186} INFO - Started process (PID=4394) to work on /opt/airflow/dags/silver_spark_serverless.py
[2026-08-16T08:37:24.561+0000] {processor.py:914} INFO - Processing file /opt/airflow/dags/silver_spark_serverless.py for tasks to queue
[2026-08-16T08:37:24.562+0000] {logging_mixin.py:190} INFO - [2026-08-16T08:37:24.562+0000] {dagbag.py:588} INFO - Filling up the DagBag from /opt/airflow/dags/silver_spark_serverless.py
[2026-08-16T08:37:24.592+0000] {processor.py:925} INFO - DAG(s) 'serverless_spark_dev_pipeline' retrieved from /opt/airflow/dags/silver_spark_serverless.py
[2026-08-16T08:37:24.621+0000] {logging_mixin.py:190} INFO - [2026-08-16T08:37:24.620+0000] {dag.py:3239} INFO - Sync 1 DAGs
[2026-08-16T08:37:24.640+0000] {logging_mixin.py:190} INFO - [2026-08-16T08:37:24.640+0000] {dag.py:4180} INFO - Setting next_dagrun for serverless_spark_dev_pipeline to None, run_after=None
[2026-08-16T08:37:24.670+0000] {processor.py:208} INFO - Processing /opt/airflow/dags/silver_spark_serverless.py took 0.115 seconds
[2026-08-16T08:37:55.505+0000] {processor.py:186} INFO - Started process (PID=4489) to work on /opt/airflow/dags/silver_spark_serverless.py
[2026-08-16T08:37:55.506+0000] {processor.py:914} INFO - Processing file /opt/airflow/dags/silver_spark_serverless.py for tasks to queue
[2026-08-16T08:37:55.508+0000] {logging_mixin.py:190} INFO - [2026-08-16T08:37:55.507+0000] {dagbag.py:588} INFO - Filling up the DagBag from /opt/airflow/dags/silver_spark_serverless.py
[2026-08-16T08:37:55.524+0000] {processor.py:925} INFO - DAG(s) 'serverless_spark_dev_pipeline' retrieved from /opt/airflow/dags/silver_spark_serverless.py
[2026-08-16T08:37:55.548+0000] {logging_mixin.py:190} INFO - [2026-08-16T08:37:55.548+0000] {dag.py:3239} INFO - Sync 1 DAGs
[2026-08-16T08:37:55.567+0000] {logging_mixin.py:190} INFO - [2026-08-16T08:37:55.566+0000] {dag.py:4180} INFO - Setting next_dagrun for serverless_spark_dev_pipeline to None, run_after=None
[2026-08-16T08:37:55.597+0000] {processor.py:208} INFO - Processing /opt/airflow/dags/silver_spark_serverless.py took 0.099 seconds
[2026-08-16T08:38:29.799+0000] {processor.py:186} INFO - Started process (PID=4587) to work on /opt/airflow/dags/silver_spark_serverless.py
[2026-08-16T08:38:29.801+0000] {processor.py:914} INFO - Processing file /opt/airflow/dags/silver_spark_serverless.py for tasks to queue
[2026-08-16T08:38:29.804+0000] {logging_mixin.py:190} INFO - [2026-08-16T08:38:29.803+0000] {dagbag.py:588} INFO - Filling up the DagBag from /opt/airflow/dags/silver_spark_serverless.py
[2026-08-16T08:38:29.869+0000] {processor.py:925} INFO - DAG(s) 'serverless_spark_dev_pipeline' retrieved from /opt/airflow/dags/silver_spark_serverless.py
[2026-08-16T08:38:29.917+0000] {logging_mixin.py:190} INFO - [2026-08-16T08:38:29.917+0000] {dag.py:3239} INFO - Sync 1 DAGs
[2026-08-16T08:38:29.939+0000] {logging_mixin.py:190} INFO - [2026-08-16T08:38:29.938+0000] {dag.py:4180} INFO - Setting next_dagrun for serverless_spark_dev_pipeline to None, run_after=None
[2026-08-16T08:38:29.983+0000] {processor.py:208} INFO - Processing /opt/airflow/dags/silver_spark_serverless.py took 0.194 seconds
[2026-08-16T08:39:05.325+0000] {processor.py:186} INFO - Started process (PID=4681) to work on /opt/airflow/dags/silver_spark_serverless.py
[2026-08-16T08:39:05.326+0000] {processor.py:914} INFO - Processing file /opt/airflow/dags/silver_spark_serverless.py for tasks to queue
[2026-08-16T08:39:05.328+0000] {logging_mixin.py:190} INFO - [2026-08-16T08:39:05.327+0000] {dagbag.py:588} INFO - Filling up the DagBag from /opt/airflow/dags/silver_spark_serverless.py
[2026-08-16T08:39:05.350+0000] {processor.py:925} INFO - DAG(s) 'serverless_spark_dev_pipeline' retrieved from /opt/airflow/dags/silver_spark_serverless.py
[2026-08-16T08:39:05.374+0000] {logging_mixin.py:190} INFO - [2026-08-16T08:39:05.373+0000] {dag.py:3239} INFO - Sync 1 DAGs
[2026-08-16T08:39:05.394+0000] {logging_mixin.py:190} INFO - [2026-08-16T08:39:05.393+0000] {dag.py:4180} INFO - Setting next_dagrun for serverless_spark_dev_pipeline to None, run_after=None
[2026-08-16T08:39:05.427+0000] {processor.py:208} INFO - Processing /opt/airflow/dags/silver_spark_serverless.py took 0.113 seconds
[2026-08-16T08:39:41.180+0000] {processor.py:186} INFO - Started process (PID=4773) to work on /opt/airflow/dags/silver_spark_serverless.py
[2026-08-16T08:39:41.182+0000] {processor.py:914} INFO - Processing file /opt/airflow/dags/silver_spark_serverless.py for tasks to queue
[2026-08-16T08:39:41.183+0000] {logging_mixin.py:190} INFO - [2026-08-16T08:39:41.183+0000] {dagbag.py:588} INFO - Filling up the DagBag from /opt/airflow/dags/silver_spark_serverless.py
[2026-08-16T08:39:41.209+0000] {processor.py:925} INFO - DAG(s) 'serverless_spark_dev_pipeline' retrieved from /opt/airflow/dags/silver_spark_serverless.py
[2026-08-16T08:39:41.240+0000] {logging_mixin.py:190} INFO - [2026-08-16T08:39:41.240+0000] {dag.py:3239} INFO - Sync 1 DAGs
[2026-08-16T08:39:41.258+0000] {logging_mixin.py:190} INFO - [2026-08-16T08:39:41.258+0000] {dag.py:4180} INFO - Setting next_dagrun for serverless_spark_dev_pipeline to None, run_after=None
[2026-08-16T08:39:41.287+0000] {processor.py:208} INFO - Processing /opt/airflow/dags/silver_spark_serverless.py took 0.115 seconds
[2026-08-16T08:40:16.160+0000] {processor.py:186} INFO - Started process (PID=4868) to work on /opt/airflow/dags/silver_spark_serverless.py
[2026-08-16T08:40:16.163+0000] {processor.py:914} INFO - Processing file /opt/airflow/dags/silver_spark_serverless.py for tasks to queue
[2026-08-16T08:40:16.167+0000] {logging_mixin.py:190} INFO - [2026-08-16T08:40:16.166+0000] {dagbag.py:588} INFO - Filling up the DagBag from /opt/airflow/dags/silver_spark_serverless.py
[2026-08-16T08:40:16.225+0000] {processor.py:925} INFO - DAG(s) 'serverless_spark_dev_pipeline' retrieved from /opt/airflow/dags/silver_spark_serverless.py
[2026-08-16T08:40:16.273+0000] {logging_mixin.py:190} INFO - [2026-08-16T08:40:16.272+0000] {dag.py:3239} INFO - Sync 1 DAGs
[2026-08-16T08:40:16.298+0000] {logging_mixin.py:190} INFO - [2026-08-16T08:40:16.298+0000] {dag.py:4180} INFO - Setting next_dagrun for serverless_spark_dev_pipeline to None, run_after=None
[2026-08-16T08:40:16.334+0000] {processor.py:208} INFO - Processing /opt/airflow/dags/silver_spark_serverless.py took 0.188 seconds
[2026-08-16T08:40:46.559+0000] {processor.py:186} INFO - Started process (PID=4960) to work on /opt/airflow/dags/silver_spark_serverless.py
[2026-08-16T08:40:46.560+0000] {processor.py:914} INFO - Processing file /opt/airflow/dags/silver_spark_serverless.py for tasks to queue
[2026-08-16T08:40:46.562+0000] {logging_mixin.py:190} INFO - [2026-08-16T08:40:46.561+0000] {dagbag.py:588} INFO - Filling up the DagBag from /opt/airflow/dags/silver_spark_serverless.py
[2026-08-16T08:40:46.584+0000] {processor.py:925} INFO - DAG(s) 'serverless_spark_dev_pipeline' retrieved from /opt/airflow/dags/silver_spark_serverless.py
[2026-08-16T08:40:46.617+0000] {logging_mixin.py:190} INFO - [2026-08-16T08:40:46.616+0000] {dag.py:3239} INFO - Sync 1 DAGs
[2026-08-16T08:40:46.638+0000] {logging_mixin.py:190} INFO - [2026-08-16T08:40:46.638+0000] {dag.py:4180} INFO - Setting next_dagrun for serverless_spark_dev_pipeline to None, run_after=None
[2026-08-16T08:40:46.669+0000] {processor.py:208} INFO - Processing /opt/airflow/dags/silver_spark_serverless.py took 0.117 seconds
[2026-08-16T08:41:17.342+0000] {processor.py:186} INFO - Started process (PID=5055) to work on /opt/airflow/dags/silver_spark_serverless.py
[2026-08-16T08:41:17.344+0000] {processor.py:914} INFO - Processing file /opt/airflow/dags/silver_spark_serverless.py for tasks to queue
[2026-08-16T08:41:17.349+0000] {logging_mixin.py:190} INFO - [2026-08-16T08:41:17.348+0000] {dagbag.py:588} INFO - Filling up the DagBag from /opt/airflow/dags/silver_spark_serverless.py
[2026-08-16T08:41:17.414+0000] {processor.py:925} INFO - DAG(s) 'serverless_spark_dev_pipeline' retrieved from /opt/airflow/dags/silver_spark_serverless.py
[2026-08-16T08:41:17.456+0000] {logging_mixin.py:190} INFO - [2026-08-16T08:41:17.456+0000] {dag.py:3239} INFO - Sync 1 DAGs
[2026-08-16T08:41:17.474+0000] {logging_mixin.py:190} INFO - [2026-08-16T08:41:17.474+0000] {dag.py:4180} INFO - Setting next_dagrun for serverless_spark_dev_pipeline to None, run_after=None
[2026-08-16T08:41:17.496+0000] {processor.py:208} INFO - Processing /opt/airflow/dags/silver_spark_serverless.py took 0.167 seconds
[2026-08-16T08:41:53.082+0000] {processor.py:186} INFO - Started process (PID=5152) to work on /opt/airflow/dags/silver_spark_serverless.py
[2026-08-16T08:41:53.084+0000] {processor.py:914} INFO - Processing file /opt/airflow/dags/silver_spark_serverless.py for tasks to queue
[2026-08-16T08:41:53.085+0000] {logging_mixin.py:190} INFO - [2026-08-16T08:41:53.085+0000] {dagbag.py:588} INFO - Filling up the DagBag from /opt/airflow/dags/silver_spark_serverless.py
[2026-08-16T08:41:53.129+0000] {processor.py:925} INFO - DAG(s) 'serverless_spark_dev_pipeline' retrieved from /opt/airflow/dags/silver_spark_serverless.py
[2026-08-16T08:41:53.163+0000] {logging_mixin.py:190} INFO - [2026-08-16T08:41:53.163+0000] {dag.py:3239} INFO - Sync 1 DAGs
[2026-08-16T08:41:53.181+0000] {logging_mixin.py:190} INFO - [2026-08-16T08:41:53.180+0000] {dag.py:4180} INFO - Setting next_dagrun for serverless_spark_dev_pipeline to None, run_after=None
[2026-08-16T08:41:53.204+0000] {processor.py:208} INFO - Processing /opt/airflow/dags/silver_spark_serverless.py took 0.128 seconds
[2026-08-16T08:42:33.738+0000] {processor.py:186} INFO - Started process (PID=5252) to work on /opt/airflow/dags/silver_spark_serverless.py
[2026-08-16T08:42:33.740+0000] {processor.py:914} INFO - Processing file /opt/airflow/dags/silver_spark_serverless.py for tasks to queue
[2026-08-16T08:42:33.742+0000] {logging_mixin.py:190} INFO - [2026-08-16T08:42:33.742+0000] {dagbag.py:588} INFO - Filling up the DagBag from /opt/airflow/dags/silver_spark_serverless.py
[2026-08-16T08:42:33.782+0000] {processor.py:925} INFO - DAG(s) 'serverless_spark_dev_pipeline' retrieved from /opt/airflow/dags/silver_spark_serverless.py
[2026-08-16T08:42:33.814+0000] {logging_mixin.py:190} INFO - [2026-08-16T08:42:33.813+0000] {dag.py:3239} INFO - Sync 1 DAGs
[2026-08-16T08:42:33.834+0000] {logging_mixin.py:190} INFO - [2026-08-16T08:42:33.834+0000] {dag.py:4180} INFO - Setting next_dagrun for serverless_spark_dev_pipeline to None, run_after=None
[2026-08-16T08:42:33.860+0000] {processor.py:208} INFO - Processing /opt/airflow/dags/silver_spark_serverless.py took 0.129 seconds
[2026-08-16T08:43:04.684+0000] {processor.py:186} INFO - Started process (PID=5341) to work on /opt/airflow/dags/silver_spark_serverless.py
[2026-08-16T08:43:04.685+0000] {processor.py:914} INFO - Processing file /opt/airflow/dags/silver_spark_serverless.py for tasks to queue
[2026-08-16T08:43:04.687+0000] {logging_mixin.py:190} INFO - [2026-08-16T08:43:04.687+0000] {dagbag.py:588} INFO - Filling up the DagBag from /opt/airflow/dags/silver_spark_serverless.py
[2026-08-16T08:43:04.719+0000] {processor.py:925} INFO - DAG(s) 'serverless_spark_dev_pipeline' retrieved from /opt/airflow/dags/silver_spark_serverless.py
[2026-08-16T08:43:04.748+0000] {logging_mixin.py:190} INFO - [2026-08-16T08:43:04.747+0000] {dag.py:3239} INFO - Sync 1 DAGs
[2026-08-16T08:43:04.766+0000] {logging_mixin.py:190} INFO - [2026-08-16T08:43:04.765+0000] {dag.py:4180} INFO - Setting next_dagrun for serverless_spark_dev_pipeline to None, run_after=None
[2026-08-16T08:43:04.798+0000] {processor.py:208} INFO - Processing /opt/airflow/dags/silver_spark_serverless.py took 0.122 seconds
[2026-08-16T08:43:35.063+0000] {processor.py:186} INFO - Started process (PID=5435) to work on /opt/airflow/dags/silver_spark_serverless.py
[2026-08-16T08:43:35.065+0000] {processor.py:914} INFO - Processing file /opt/airflow/dags/silver_spark_serverless.py for tasks to queue
[2026-08-16T08:43:35.066+0000] {logging_mixin.py:190} INFO - [2026-08-16T08:43:35.066+0000] {dagbag.py:588} INFO - Filling up the DagBag from /opt/airflow/dags/silver_spark_serverless.py
[2026-08-16T08:43:35.092+0000] {processor.py:925} INFO - DAG(s) 'serverless_spark_dev_pipeline' retrieved from /opt/airflow/dags/silver_spark_serverless.py
[2026-08-16T08:43:35.120+0000] {logging_mixin.py:190} INFO - [2026-08-16T08:43:35.120+0000] {dag.py:3239} INFO - Sync 1 DAGs
[2026-08-16T08:43:35.140+0000] {logging_mixin.py:190} INFO - [2026-08-16T08:43:35.140+0000] {dag.py:4180} INFO - Setting next_dagrun for serverless_spark_dev_pipeline to None, run_after=None
[2026-08-16T08:43:35.168+0000] {processor.py:208} INFO - Processing /opt/airflow/dags/silver_spark_serverless.py took 0.112 seconds
[2026-08-16T08:44:09.282+0000] {processor.py:186} INFO - Started process (PID=5533) to work on /opt/airflow/dags/silver_spark_serverless.py
[2026-08-16T08:44:09.283+0000] {processor.py:914} INFO - Processing file /opt/airflow/dags/silver_spark_serverless.py for tasks to queue
[2026-08-16T08:44:09.285+0000] {logging_mixin.py:190} INFO - [2026-08-16T08:44:09.285+0000] {dagbag.py:588} INFO - Filling up the DagBag from /opt/airflow/dags/silver_spark_serverless.py
[2026-08-16T08:44:09.304+0000] {processor.py:925} INFO - DAG(s) 'serverless_spark_dev_pipeline' retrieved from /opt/airflow/dags/silver_spark_serverless.py
[2026-08-16T08:44:09.329+0000] {logging_mixin.py:190} INFO - [2026-08-16T08:44:09.329+0000] {dag.py:3239} INFO - Sync 1 DAGs
[2026-08-16T08:44:09.349+0000] {logging_mixin.py:190} INFO - [2026-08-16T08:44:09.349+0000] {dag.py:4180} INFO - Setting next_dagrun for serverless_spark_dev_pipeline to None, run_after=None
[2026-08-16T08:44:09.368+0000] {processor.py:208} INFO - Processing /opt/airflow/dags/silver_spark_serverless.py took 0.094 seconds
[2026-08-16T08:44:39.890+0000] {processor.py:186} INFO - Started process (PID=5607) to work on /opt/airflow/dags/silver_spark_serverless.py
[2026-08-16T08:44:39.891+0000] {processor.py:914} INFO - Processing file /opt/airflow/dags/silver_spark_serverless.py for tasks to queue
[2026-08-16T08:44:39.892+0000] {logging_mixin.py:190} INFO - [2026-08-16T08:44:39.892+0000] {dagbag.py:588} INFO - Filling up the DagBag from /opt/airflow/dags/silver_spark_serverless.py
[2026-08-16T08:44:39.910+0000] {processor.py:925} INFO - DAG(s) 'serverless_spark_dev_pipeline' retrieved from /opt/airflow/dags/silver_spark_serverless.py
[2026-08-16T08:44:39.940+0000] {logging_mixin.py:190} INFO - [2026-08-16T08:44:39.940+0000] {dag.py:3239} INFO - Sync 1 DAGs
[2026-08-16T08:44:39.959+0000] {logging_mixin.py:190} INFO - [2026-08-16T08:44:39.958+0000] {dag.py:4180} INFO - Setting next_dagrun for serverless_spark_dev_pipeline to None, run_after=None
[2026-08-16T08:44:39.981+0000] {processor.py:208} INFO - Processing /opt/airflow/dags/silver_spark_serverless.py took 0.097 seconds
