[2026-07-22T01:45:49.741+0000] {local_task_job_runner.py:123} INFO - ::group::Pre task execution logs
[2026-07-22T01:45:49.761+0000] {taskinstance.py:2612} INFO - Dependencies all met for dep_context=non-requeueable deps ti=<TaskInstance: dbt_silver_gold_incremental.transform_silver.stg__consumer_complaints.run manual__2026-07-22T01:45:37.359304+00:00 [queued]>
[2026-07-22T01:45:49.770+0000] {taskinstance.py:2612} INFO - Dependencies all met for dep_context=requeueable deps ti=<TaskInstance: dbt_silver_gold_incremental.transform_silver.stg__consumer_complaints.run manual__2026-07-22T01:45:37.359304+00:00 [queued]>
[2026-07-22T01:45:49.772+0000] {taskinstance.py:2865} INFO - Starting attempt 1 of 2
[2026-07-22T01:45:49.786+0000] {taskinstance.py:2888} INFO - Executing <Task(DbtRunLocalOperator): transform_silver.stg__consumer_complaints.run> on 2026-07-22 01:45:37.359304+00:00
[2026-07-22T01:45:49.792+0000] {standard_task_runner.py:72} INFO - Started process 984 to run task
[2026-07-22T01:45:49.798+0000] {standard_task_runner.py:104} INFO - Running: ['airflow', 'tasks', 'run', 'dbt_silver_gold_incremental', 'transform_silver.stg__consumer_complaints.run', 'manual__2026-07-22T01:45:37.359304+00:00', '--job-id', '64', '--raw', '--subdir', 'DAGS_FOLDER/dbt_silver_gold.py', '--cfg-path', '/tmp/tmpgf1odl1v']
[2026-07-22T01:45:49.803+0000] {standard_task_runner.py:105} INFO - Job 64: Subtask transform_silver.stg__consumer_complaints.run
[2026-07-22T01:45:49.894+0000] {task_command.py:467} INFO - Running <TaskInstance: dbt_silver_gold_incremental.transform_silver.stg__consumer_complaints.run manual__2026-07-22T01:45:37.359304+00:00 [running]> on host dbd63abba702
[2026-07-22T01:45:49.985+0000] {taskinstance.py:3131} INFO - Exporting env vars: AIRFLOW_CTX_DAG_OWNER='data_engineer' AIRFLOW_CTX_DAG_ID='dbt_silver_gold_incremental' AIRFLOW_CTX_TASK_ID='transform_silver.stg__consumer_complaints.run' AIRFLOW_CTX_EXECUTION_DATE='2026-07-22T01:45:37.359304+00:00' AIRFLOW_CTX_TRY_NUMBER='1' AIRFLOW_CTX_DAG_RUN_ID='manual__2026-07-22T01:45:37.359304+00:00'
[2026-07-22T01:45:49.988+0000] {taskinstance.py:731} INFO - ::endgroup::
[2026-07-22T01:45:51.096+0000] {local.py:294} INFO - dbtRunner is available. Using dbtRunner for invoking dbt.
[2026-07-22T01:45:51.097+0000] {local.py:518} INFO - Cloning project to writable temp directory /tmp/tmp4v62pvhw from /opt/airflow/dbt_transform
[2026-07-22T01:45:51.112+0000] {local.py:538} INFO - Partial parse is enabled and the latest partial parse file is /tmp/cosmos/dbt_silver_gold_incremental__transform_silver/target/partial_parse.msgpack
[2026-07-22T01:45:51.124+0000] {config.py:395} INFO - Using user-supplied profiles.yml at /opt/airflow/dbt_transform/profiles.yml
[2026-07-22T01:45:51.136+0000] {runner.py:95} INFO - Trying to run dbtRunner with:
 ['deps', '--project-dir', '/tmp/tmp4v62pvhw', '--profiles-dir', '/opt/airflow/dbt_transform', '--profile', 'lakehouse_dbt', '--target', 'dev', '--no-static-parser']
 in /tmp/tmp4v62pvhw
[2026-07-22T01:45:51.220+0000] {logging_mixin.py:190} INFO - 01:45:51  Running with dbt=1.8.8
[2026-07-22T01:45:51.354+0000] {converter.py:314} INFO - ::group::Cosmos DAG parsing logs
[2026-07-22T01:45:51.358+0000] {graph.py:869} INFO - Trying to parse the dbt project using dbt ls cache cosmos_cache__dbt_silver_gold_incremental__transform_silver...
[2026-07-22T01:45:54.176+0000] {cache.py:383} INFO - Cosmos performance: time to calculate cache identifier cosmos_cache__dbt_silver_gold_incremental__transform_silver for current version: 2.803896529999747
[2026-07-22T01:45:54.177+0000] {graph.py:886} INFO - Cosmos performance [dbd63abba702|984]: The cache size for cosmos_cache__dbt_silver_gold_incremental__transform_silver is 5952
[2026-07-22T01:45:54.179+0000] {graph.py:898} INFO - Cosmos performance: Cache hit for cosmos_cache__dbt_silver_gold_incremental__transform_silver - 93fe86a1db8b3ecb7fd501463be0f888,5e34606eb5f2b3dea81a8e19fa3ba138
[2026-07-22T01:45:54.180+0000] {graph.py:799} INFO - Total nodes: 7
[2026-07-22T01:45:54.182+0000] {graph.py:800} INFO - Total filtered nodes: 7
[2026-07-22T01:45:54.183+0000] {converter.py:361} INFO - Cosmos performance (dbt_silver_gold_incremental__transform_silver) - [dbd63abba702|984]: It took 2.83s to parse the dbt project for DAG using dbt_ls_cache
[2026-07-22T01:45:54.198+0000] {converter.py:413} INFO - Cosmos performance (dbt_silver_gold_incremental__transform_silver) - [dbd63abba702|984]: It took 0.0148s to build the Airflow DAG.
[2026-07-22T01:45:54.199+0000] {converter.py:420} INFO - ::endgroup::Cosmos DAG parsing logs
[2026-07-22T01:45:54.201+0000] {converter.py:314} INFO - ::group::Cosmos DAG parsing logs
[2026-07-22T01:45:54.205+0000] {graph.py:869} INFO - Trying to parse the dbt project using dbt ls cache cosmos_cache__dbt_silver_gold_incremental__transform_gold...
[2026-07-22T01:45:57.642+0000] {cache.py:383} INFO - Cosmos performance: time to calculate cache identifier cosmos_cache__dbt_silver_gold_incremental__transform_gold for current version: 3.4277927680000175
[2026-07-22T01:45:57.643+0000] {graph.py:886} INFO - Cosmos performance [dbd63abba702|984]: The cache size for cosmos_cache__dbt_silver_gold_incremental__transform_gold is 35822
[2026-07-22T01:45:57.648+0000] {graph.py:898} INFO - Cosmos performance: Cache hit for cosmos_cache__dbt_silver_gold_incremental__transform_gold - 93fe86a1db8b3ecb7fd501463be0f888,304321e940a9403dceb380589bd0566f
[2026-07-22T01:45:57.649+0000] {graph.py:799} INFO - Total nodes: 39
[2026-07-22T01:45:57.651+0000] {graph.py:800} INFO - Total filtered nodes: 39
[2026-07-22T01:45:57.652+0000] {converter.py:361} INFO - Cosmos performance (dbt_silver_gold_incremental__transform_gold) - [dbd63abba702|984]: It took 3.45s to parse the dbt project for DAG using dbt_ls_cache
[2026-07-22T01:45:57.718+0000] {converter.py:413} INFO - Cosmos performance (dbt_silver_gold_incremental__transform_gold) - [dbd63abba702|984]: It took 0.066s to build the Airflow DAG.
[2026-07-22T01:45:57.721+0000] {converter.py:420} INFO - ::endgroup::Cosmos DAG parsing logs
[2026-07-22T01:45:57.724+0000] {converter.py:314} INFO - ::group::Cosmos DAG parsing logs
[2026-07-22T01:45:57.729+0000] {graph.py:869} INFO - Trying to parse the dbt project using dbt ls cache cosmos_cache__dbt_silver_gold_full_load__transform_silver...
[2026-07-22T01:46:00.974+0000] {cache.py:383} INFO - Cosmos performance: time to calculate cache identifier cosmos_cache__dbt_silver_gold_full_load__transform_silver for current version: 3.2293655009998474
[2026-07-22T01:46:00.975+0000] {graph.py:886} INFO - Cosmos performance [dbd63abba702|984]: The cache size for cosmos_cache__dbt_silver_gold_full_load__transform_silver is 5952
[2026-07-22T01:46:00.976+0000] {graph.py:898} INFO - Cosmos performance: Cache hit for cosmos_cache__dbt_silver_gold_full_load__transform_silver - 93fe86a1db8b3ecb7fd501463be0f888,5e34606eb5f2b3dea81a8e19fa3ba138
[2026-07-22T01:46:00.977+0000] {graph.py:799} INFO - Total nodes: 7
[2026-07-22T01:46:00.978+0000] {graph.py:800} INFO - Total filtered nodes: 7
[2026-07-22T01:46:00.979+0000] {converter.py:361} INFO - Cosmos performance (dbt_silver_gold_full_load__transform_silver) - [dbd63abba702|984]: It took 3.25s to parse the dbt project for DAG using dbt_ls_cache
[2026-07-22T01:46:00.991+0000] {converter.py:413} INFO - Cosmos performance (dbt_silver_gold_full_load__transform_silver) - [dbd63abba702|984]: It took 0.0116s to build the Airflow DAG.
[2026-07-22T01:46:00.992+0000] {converter.py:420} INFO - ::endgroup::Cosmos DAG parsing logs
[2026-07-22T01:46:00.994+0000] {converter.py:314} INFO - ::group::Cosmos DAG parsing logs
[2026-07-22T01:46:00.997+0000] {graph.py:869} INFO - Trying to parse the dbt project using dbt ls cache cosmos_cache__dbt_silver_gold_full_load__transform_gold...
[2026-07-22T01:46:03.795+0000] {cache.py:383} INFO - Cosmos performance: time to calculate cache identifier cosmos_cache__dbt_silver_gold_full_load__transform_gold for current version: 2.786998003000008
[2026-07-22T01:46:03.796+0000] {graph.py:886} INFO - Cosmos performance [dbd63abba702|984]: The cache size for cosmos_cache__dbt_silver_gold_full_load__transform_gold is 35822
[2026-07-22T01:46:03.799+0000] {graph.py:898} INFO - Cosmos performance: Cache hit for cosmos_cache__dbt_silver_gold_full_load__transform_gold - 93fe86a1db8b3ecb7fd501463be0f888,304321e940a9403dceb380589bd0566f
[2026-07-22T01:46:03.800+0000] {graph.py:799} INFO - Total nodes: 39
[2026-07-22T01:46:03.802+0000] {graph.py:800} INFO - Total filtered nodes: 39
[2026-07-22T01:46:03.803+0000] {converter.py:361} INFO - Cosmos performance (dbt_silver_gold_full_load__transform_gold) - [dbd63abba702|984]: It took 2.81s to parse the dbt project for DAG using dbt_ls_cache
[2026-07-22T01:46:03.843+0000] {converter.py:413} INFO - Cosmos performance (dbt_silver_gold_full_load__transform_gold) - [dbd63abba702|984]: It took 0.0404s to build the Airflow DAG.
[2026-07-22T01:46:03.844+0000] {converter.py:420} INFO - ::endgroup::Cosmos DAG parsing logs
[2026-07-22T01:46:04.413+0000] {logging_mixin.py:190} INFO - 01:46:04  Installing dbt-labs/dbt_utils
[2026-07-22T01:46:05.048+0000] {logging_mixin.py:190} INFO - 01:46:05  Installed from version 1.3.0
[2026-07-22T01:46:05.050+0000] {logging_mixin.py:190} INFO - 01:46:05  Updated version available: 1.4.1
[2026-07-22T01:46:05.052+0000] {logging_mixin.py:190} INFO - 01:46:05  Installing metaplane/dbt_expectations
[2026-07-22T01:46:07.451+0000] {logging_mixin.py:190} INFO - 01:46:07  Installed from version 0.10.8
[2026-07-22T01:46:07.453+0000] {logging_mixin.py:190} INFO - 01:46:07  Updated version available: 0.10.10
[2026-07-22T01:46:07.456+0000] {logging_mixin.py:190} INFO - 01:46:07  Installing godatadriven/dbt_date
[2026-07-22T01:46:08.016+0000] {logging_mixin.py:190} INFO - 01:46:08  Installed from version 0.15.0
[2026-07-22T01:46:08.018+0000] {logging_mixin.py:190} INFO - 01:46:08  Up to date!
[2026-07-22T01:46:08.020+0000] {logging_mixin.py:190} INFO - 01:46:08
[2026-07-22T01:46:08.023+0000] {logging_mixin.py:190} INFO - 01:46:08  Updates available for packages: ['dbt-labs/dbt_utils', 'metaplane/dbt_expectations']                 
Update your versions in packages.yml, then run dbt deps
[2026-07-22T01:46:09.280+0000] {runner.py:95} INFO - Trying to run dbtRunner with:
 ['run', '--select', 'fqn:consumer_complaints_transformation.staging.stg__consumer_complaints', '--project-dir', '/tmp/tmp4v62pvhw', '--profiles-dir', '/opt/airflow/dbt_transform', '--profile', 'lakehouse_dbt', '--target', 'dev', '--no-static-parser']
 in /tmp/tmp4v62pvhw
[2026-07-22T01:46:09.320+0000] {logging_mixin.py:190} INFO - 01:46:09  Running with dbt=1.8.8
[2026-07-22T01:46:09.351+0000] {auth.py:343} INFO - keyring module not found. OAuth2 token will not be stored in keyring.
[2026-07-22T01:46:09.359+0000] {auth.py:343} INFO - keyring module not found. OAuth2 token will not be stored in keyring.
[2026-07-22T01:46:09.490+0000] {logging_mixin.py:190} INFO - 01:46:09  Registered adapter: trino=1.8.5
[2026-07-22T01:46:09.829+0000] {logging_mixin.py:190} INFO - 01:46:09  Unable to do partial parsing because config vars, config profile, or config target have changed
[2026-07-22T01:46:11.619+0000] {logging_mixin.py:190} INFO - 01:46:11  [WARNING]: Deprecated functionality
The `tests` config has been renamed to `data_tests`. Please see
https://docs.getdbt.com/docs/build/data-tests#new-data_tests-syntax for more
information.
[2026-07-22T01:46:12.395+0000] {logging_mixin.py:190} INFO - 01:46:12  Found 8 models, 40 data tests, 1 source, 9 metrics, 839 macros, 5 semantic models
[2026-07-22T01:46:12.400+0000] {logging_mixin.py:190} INFO - 01:46:12
[2026-07-22T01:46:12.427+0000] {logging_mixin.py:190} INFO - 01:46:12  [WARNING]: SSL certificate validation is disabled by default. It is legacy behavior which will be changed in future releases. It is strongly advised to enable `require_certificate_validation` flag or explicitly set `cert` configuration to `True` for security reasons. You may receive an error after that if your SSL setup is incorrect.
You may opt into the new behavior sooner by setting `flags.require_certificate_validation` to `True` in `dbt_project.yml`.
Visit https://docs.getdbt.com/reference/global-configs/behavior-changes for more information.
[2026-07-22T01:46:12.866+0000] {logging_mixin.py:190} INFO - 01:46:12  Concurrency: 1 threads (target='dev')
[2026-07-22T01:46:12.869+0000] {logging_mixin.py:190} INFO - 01:46:12
[2026-07-22T01:46:12.878+0000] {logging_mixin.py:190} INFO - 01:46:12  1 of 1 START sql incremental model silver.stg__consumer_complaints ............. [RUN]
[2026-07-22T01:46:18.038+0000] {logging_mixin.py:190} INFO - 01:46:18  1 of 1 OK created sql incremental model silver.stg__consumer_complaints ........ [MERGE (44 rows) in 5.15s]
[2026-07-22T01:46:18.044+0000] {logging_mixin.py:190} INFO - 01:46:18
[2026-07-22T01:46:18.046+0000] {logging_mixin.py:190} INFO - 01:46:18  Finished running 1 incremental model in 0 hours 0 minutes and 5.64 seconds (5.64s).
[2026-07-22T01:46:18.096+0000] {logging_mixin.py:190} INFO - 01:46:18
[2026-07-22T01:46:18.099+0000] {logging_mixin.py:190} INFO - 01:46:18  Completed successfully
[2026-07-22T01:46:18.101+0000] {logging_mixin.py:190} INFO - 01:46:18
[2026-07-22T01:46:18.102+0000] {logging_mixin.py:190} INFO - 01:46:18  Done. PASS=1 WARN=0 ERROR=0 SKIP=0 TOTAL=1
[2026-07-22T01:46:19.309+0000] {local.py:196} WARNING - Artifact schema version: https://schemas.getdbt.com/dbt/manifest/v12.json is above dbt-ol supported version 7. This might cause errors.
[2026-07-22T01:46:19.317+0000] {local.py:594} INFO - Inlets: []
[2026-07-22T01:46:19.318+0000] {local.py:595} INFO - Outlets: []
[2026-07-22T01:46:19.319+0000] {local.py:886} INFO - Assigning inlets/outlets with DatasetAlias in Airflow 2
[2026-07-22T01:46:19.370+0000] {taskinstance.py:340} INFO - ::group::Post task execution logs
[2026-07-22T01:46:19.373+0000] {taskinstance.py:352} INFO - Marking task as SUCCESS. dag_id=dbt_silver_gold_incremental, task_id=transform_silver.stg__consumer_complaints.run, run_id=manual__2026-07-22T01:45:37.359304+00:00, execution_date=20260722T014537, start_date=20260722T014549, end_date=20260722T014619
[2026-07-22T01:46:20.184+0000] {_client.py:1026} INFO - HTTP Request: GET https://astronomer.gateway.scarf.sh/astronomer-cosmos/v3/task_instance?cosmos_version=1.15.0&airflow_version=2.10.2&python_version=3.10.15&platform_system=Linux&platform_machine=x86_64&status=success&operator_name=DbtRunLocalOperator&is_cosmos_operator_subclass=False&invocation_mode=dbt_runner&execution_mode=local&profile_strategy=yaml_file&profile_mapping_class=None&database=trino&is_mapped_task=False&dbt_command=run&install_deps=True&has_callback=False&duration=29.610208 "HTTP/1.1 200 OK"
[2026-07-22T01:46:20.226+0000] {local_task_job_runner.py:266} INFO - Task exited with return code 0
[2026-07-22T01:46:20.256+0000] {taskinstance.py:3900} INFO - 0 downstream tasks scheduled from follow-on schedule check
[2026-07-22T01:46:20.258+0000] {local_task_job_runner.py:245} INFO - ::endgroup::
