[2026-07-20T03:16:48.046+0000] {local_task_job_runner.py:123} INFO - ::group::Pre task execution logs
[2026-07-20T03:16:48.105+0000] {taskinstance.py:2612} INFO - Dependencies all met for dep_context=non-requeueable deps ti=<TaskInstance: dbt_silver_gold_incremental.transform_gold.dim_products.run manual__2026-07-20T03:15:27.574610+00:00 [queued]>
[2026-07-20T03:16:48.128+0000] {taskinstance.py:2612} INFO - Dependencies all met for dep_context=requeueable deps ti=<TaskInstance: dbt_silver_gold_incremental.transform_gold.dim_products.run manual__2026-07-20T03:15:27.574610+00:00 [queued]>
[2026-07-20T03:16:48.130+0000] {taskinstance.py:2865} INFO - Starting attempt 1 of 2
[2026-07-20T03:16:48.162+0000] {taskinstance.py:2888} INFO - Executing <Task(DbtRunLocalOperator): transform_gold.dim_products.run> on 2026-07-20 03:15:27.574610+00:00
[2026-07-20T03:16:48.176+0000] {standard_task_runner.py:72} INFO - Started process 1519 to run task
[2026-07-20T03:16:48.190+0000] {standard_task_runner.py:104} INFO - Running: ['airflow', 'tasks', 'run', 'dbt_silver_gold_incremental', 'transform_gold.dim_products.run', 'manual__2026-07-20T03:15:27.574610+00:00', '--job-id', '18', '--raw', '--subdir', 'DAGS_FOLDER/dbt_silver_gold.py', '--cfg-path', '/tmp/tmpvux_as2s']
[2026-07-20T03:16:48.199+0000] {standard_task_runner.py:105} INFO - Job 18: Subtask transform_gold.dim_products.run
[2026-07-20T03:16:48.380+0000] {task_command.py:467} INFO - Running <TaskInstance: dbt_silver_gold_incremental.transform_gold.dim_products.run manual__2026-07-20T03:15:27.574610+00:00 [running]> on host f5e745c7acdb
[2026-07-20T03:16:48.548+0000] {taskinstance.py:3131} INFO - Exporting env vars: AIRFLOW_CTX_DAG_OWNER='data_engineer' AIRFLOW_CTX_DAG_ID='dbt_silver_gold_incremental' AIRFLOW_CTX_TASK_ID='transform_gold.dim_products.run' AIRFLOW_CTX_EXECUTION_DATE='2026-07-20T03:15:27.574610+00:00' AIRFLOW_CTX_TRY_NUMBER='1' AIRFLOW_CTX_DAG_RUN_ID='manual__2026-07-20T03:15:27.574610+00:00'
[2026-07-20T03:16:48.552+0000] {taskinstance.py:731} INFO - ::endgroup::
[2026-07-20T03:16:51.083+0000] {local.py:294} INFO - dbtRunner is available. Using dbtRunner for invoking dbt.
[2026-07-20T03:16:51.085+0000] {local.py:518} INFO - Cloning project to writable temp directory /tmp/tmpvttjbxoz from /opt/airflow/dbt_transform
[2026-07-20T03:16:51.099+0000] {local.py:538} INFO - Partial parse is enabled and the latest partial parse file is /tmp/cosmos/dbt_silver_gold_incremental__transform_gold/target/partial_parse.msgpack
[2026-07-20T03:16:51.142+0000] {config.py:395} INFO - Using user-supplied profiles.yml at /opt/airflow/dbt_transform/profiles.yml
[2026-07-20T03:16:51.158+0000] {runner.py:95} INFO - Trying to run dbtRunner with:
 ['deps', '--project-dir', '/tmp/tmpvttjbxoz', '--profiles-dir', '/opt/airflow/dbt_transform', '--profile', 'lakehouse_dbt', '--target', 'dev', '--no-static-parser']
 in /tmp/tmpvttjbxoz
[2026-07-20T03:16:51.273+0000] {logging_mixin.py:190} INFO - 03:16:51  Running with dbt=1.8.8
[2026-07-20T03:16:51.489+0000] {converter.py:314} INFO - ::group::Cosmos DAG parsing logs
[2026-07-20T03:16:51.494+0000] {graph.py:869} INFO - Trying to parse the dbt project using dbt ls cache cosmos_cache__dbt_silver_gold_incremental__transform_silver...
[2026-07-20T03:16:53.577+0000] {cache.py:383} INFO - Cosmos performance: time to calculate cache identifier cosmos_cache__dbt_silver_gold_incremental__transform_silver for current version: 2.0639715629999955
[2026-07-20T03:16:53.578+0000] {graph.py:886} INFO - Cosmos performance [f5e745c7acdb|1519]: The cache size for cosmos_cache__dbt_silver_gold_incremental__transform_silver is 5960
[2026-07-20T03:16:53.580+0000] {graph.py:898} INFO - Cosmos performance: Cache hit for cosmos_cache__dbt_silver_gold_incremental__transform_silver - ccb89f537d6e9098d854bb64f1ff230b,5e34606eb5f2b3dea81a8e19fa3ba138
[2026-07-20T03:16:53.581+0000] {graph.py:799} INFO - Total nodes: 7
[2026-07-20T03:16:53.583+0000] {graph.py:800} INFO - Total filtered nodes: 7
[2026-07-20T03:16:53.585+0000] {converter.py:361} INFO - Cosmos performance (dbt_silver_gold_incremental__transform_silver) - [f5e745c7acdb|1519]: It took 2.09s to parse the dbt project for DAG using dbt_ls_cache
[2026-07-20T03:16:53.597+0000] {converter.py:413} INFO - Cosmos performance (dbt_silver_gold_incremental__transform_silver) - [f5e745c7acdb|1519]: It took 0.011s to build the Airflow DAG.
[2026-07-20T03:16:53.599+0000] {converter.py:420} INFO - ::endgroup::Cosmos DAG parsing logs
[2026-07-20T03:16:53.600+0000] {converter.py:314} INFO - ::group::Cosmos DAG parsing logs
[2026-07-20T03:16:53.605+0000] {graph.py:869} INFO - Trying to parse the dbt project using dbt ls cache cosmos_cache__dbt_silver_gold_incremental__transform_gold...
[2026-07-20T03:16:55.634+0000] {cache.py:383} INFO - Cosmos performance: time to calculate cache identifier cosmos_cache__dbt_silver_gold_incremental__transform_gold for current version: 2.0185080989999733
[2026-07-20T03:16:55.636+0000] {graph.py:886} INFO - Cosmos performance [f5e745c7acdb|1519]: The cache size for cosmos_cache__dbt_silver_gold_incremental__transform_gold is 35986
[2026-07-20T03:16:55.638+0000] {graph.py:898} INFO - Cosmos performance: Cache hit for cosmos_cache__dbt_silver_gold_incremental__transform_gold - ccb89f537d6e9098d854bb64f1ff230b,304321e940a9403dceb380589bd0566f
[2026-07-20T03:16:55.639+0000] {graph.py:799} INFO - Total nodes: 39
[2026-07-20T03:16:55.641+0000] {graph.py:800} INFO - Total filtered nodes: 39
[2026-07-20T03:16:55.642+0000] {converter.py:361} INFO - Cosmos performance (dbt_silver_gold_incremental__transform_gold) - [f5e745c7acdb|1519]: It took 2.04s to parse the dbt project for DAG using dbt_ls_cache
[2026-07-20T03:16:55.678+0000] {converter.py:413} INFO - Cosmos performance (dbt_silver_gold_incremental__transform_gold) - [f5e745c7acdb|1519]: It took 0.0352s to build the Airflow DAG.
[2026-07-20T03:16:55.679+0000] {converter.py:420} INFO - ::endgroup::Cosmos DAG parsing logs
[2026-07-20T03:16:55.681+0000] {converter.py:314} INFO - ::group::Cosmos DAG parsing logs
[2026-07-20T03:16:55.685+0000] {graph.py:869} INFO - Trying to parse the dbt project using dbt ls cache cosmos_cache__dbt_silver_gold_full_load__transform_silver...
[2026-07-20T03:16:59.081+0000] {cache.py:383} INFO - Cosmos performance: time to calculate cache identifier cosmos_cache__dbt_silver_gold_full_load__transform_silver for current version: 3.383626639999875
[2026-07-20T03:16:59.083+0000] {graph.py:886} INFO - Cosmos performance [f5e745c7acdb|1519]: The cache size for cosmos_cache__dbt_silver_gold_full_load__transform_silver is 5960
[2026-07-20T03:16:59.084+0000] {graph.py:898} INFO - Cosmos performance: Cache hit for cosmos_cache__dbt_silver_gold_full_load__transform_silver - ccb89f537d6e9098d854bb64f1ff230b,5e34606eb5f2b3dea81a8e19fa3ba138
[2026-07-20T03:16:59.085+0000] {graph.py:799} INFO - Total nodes: 7
[2026-07-20T03:16:59.087+0000] {graph.py:800} INFO - Total filtered nodes: 7
[2026-07-20T03:16:59.087+0000] {converter.py:361} INFO - Cosmos performance (dbt_silver_gold_full_load__transform_silver) - [f5e745c7acdb|1519]: It took 3.4s to parse the dbt project for DAG using dbt_ls_cache
[2026-07-20T03:16:59.100+0000] {converter.py:413} INFO - Cosmos performance (dbt_silver_gold_full_load__transform_silver) - [f5e745c7acdb|1519]: It took 0.0124s to build the Airflow DAG.
[2026-07-20T03:16:59.101+0000] {converter.py:420} INFO - ::endgroup::Cosmos DAG parsing logs
[2026-07-20T03:16:59.103+0000] {converter.py:314} INFO - ::group::Cosmos DAG parsing logs
[2026-07-20T03:16:59.107+0000] {graph.py:869} INFO - Trying to parse the dbt project using dbt ls cache cosmos_cache__dbt_silver_gold_full_load__transform_gold...
[2026-07-20T03:17:02.429+0000] {cache.py:383} INFO - Cosmos performance: time to calculate cache identifier cosmos_cache__dbt_silver_gold_full_load__transform_gold for current version: 3.3121862229995713
[2026-07-20T03:17:02.430+0000] {graph.py:886} INFO - Cosmos performance [f5e745c7acdb|1519]: The cache size for cosmos_cache__dbt_silver_gold_full_load__transform_gold is 35986
[2026-07-20T03:17:02.431+0000] {graph.py:898} INFO - Cosmos performance: Cache hit for cosmos_cache__dbt_silver_gold_full_load__transform_gold - ccb89f537d6e9098d854bb64f1ff230b,304321e940a9403dceb380589bd0566f
[2026-07-20T03:17:02.433+0000] {graph.py:799} INFO - Total nodes: 39
[2026-07-20T03:17:02.434+0000] {graph.py:800} INFO - Total filtered nodes: 39
[2026-07-20T03:17:02.435+0000] {converter.py:361} INFO - Cosmos performance (dbt_silver_gold_full_load__transform_gold) - [f5e745c7acdb|1519]: It took 3.33s to parse the dbt project for DAG using dbt_ls_cache
[2026-07-20T03:17:02.477+0000] {converter.py:413} INFO - Cosmos performance (dbt_silver_gold_full_load__transform_gold) - [f5e745c7acdb|1519]: It took 0.0423s to build the Airflow DAG.
[2026-07-20T03:17:02.478+0000] {converter.py:420} INFO - ::endgroup::Cosmos DAG parsing logs
[2026-07-20T03:17:02.926+0000] {logging_mixin.py:190} INFO - 03:17:02  Installing dbt-labs/dbt_utils
[2026-07-20T03:17:03.608+0000] {logging_mixin.py:190} INFO - 03:17:03  Installed from version 1.3.0
[2026-07-20T03:17:03.610+0000] {logging_mixin.py:190} INFO - 03:17:03  Updated version available: 1.4.1
[2026-07-20T03:17:03.613+0000] {logging_mixin.py:190} INFO - 03:17:03  Installing metaplane/dbt_expectations
[2026-07-20T03:17:07.485+0000] {logging_mixin.py:190} INFO - 03:17:07  Installed from version 0.10.8
[2026-07-20T03:17:07.491+0000] {logging_mixin.py:190} INFO - 03:17:07  Updated version available: 0.10.10
[2026-07-20T03:17:07.494+0000] {logging_mixin.py:190} INFO - 03:17:07  Installing godatadriven/dbt_date
[2026-07-20T03:17:08.107+0000] {logging_mixin.py:190} INFO - 03:17:08  Installed from version 0.15.0
[2026-07-20T03:17:08.110+0000] {logging_mixin.py:190} INFO - 03:17:08  Up to date!
[2026-07-20T03:17:08.113+0000] {logging_mixin.py:190} INFO - 03:17:08
[2026-07-20T03:17:08.116+0000] {logging_mixin.py:190} INFO - 03:17:08  Updates available for packages: ['dbt-labs/dbt_utils', 'metaplane/dbt_expectations']                 
Update your versions in packages.yml, then run dbt deps
[2026-07-20T03:17:09.078+0000] {local_task_job_runner.py:127} ERROR - Received SIGTERM. Terminating subprocesses
[2026-07-20T03:17:09.102+0000] {process_utils.py:132} INFO - Sending 15 to group 1519. PIDs of all processes in the group: [1519]
[2026-07-20T03:17:09.136+0000] {process_utils.py:87} INFO - Sending the signal 15 to group 1519
[2026-07-20T03:17:09.140+0000] {taskinstance.py:3092} ERROR - Received SIGTERM. Terminating subprocesses.
[2026-07-20T03:17:09.445+0000] {runner.py:95} INFO - Trying to run dbtRunner with:
 ['run', '--select', 'fqn:consumer_complaints_transformation.marts.dim_products', '--project-dir', '/tmp/tmpvttjbxoz', '--profiles-dir', '/opt/airflow/dbt_transform', '--profile', 'lakehouse_dbt', '--target', 'dev', '--no-static-parser']
 in /tmp/tmpvttjbxoz
[2026-07-20T03:17:09.496+0000] {logging_mixin.py:190} INFO - 03:17:09  Running with dbt=1.8.8
[2026-07-20T03:17:09.572+0000] {auth.py:343} INFO - keyring module not found. OAuth2 token will not be stored in keyring.
[2026-07-20T03:17:09.582+0000] {auth.py:343} INFO - keyring module not found. OAuth2 token will not be stored in keyring.
[2026-07-20T03:17:09.916+0000] {logging_mixin.py:190} INFO - 03:17:09  Registered adapter: trino=1.8.5
