[2026-06-29T01:23:40.076+0000] {taskinstance.py:1979} INFO - Dependencies all met for dep_context=non-requeueable deps ti=<TaskInstance: setup_lakehouse_infrastructure.deploy_schemas_and_tables manual__2026-06-29T01:23:38.541019+00:00 [queued]>
[2026-06-29T01:23:40.086+0000] {taskinstance.py:1979} INFO - Dependencies all met for dep_context=requeueable deps ti=<TaskInstance: setup_lakehouse_infrastructure.deploy_schemas_and_tables manual__2026-06-29T01:23:38.541019+00:00 [queued]>
[2026-06-29T01:23:40.086+0000] {taskinstance.py:2193} INFO - Starting attempt 1 of 1
[2026-06-29T01:23:40.097+0000] {taskinstance.py:2214} INFO - Executing <Task(_PythonDecoratedOperator): deploy_schemas_and_tables> on 2026-06-29 01:23:38.541019+00:00
[2026-06-29T01:23:40.101+0000] {standard_task_runner.py:60} INFO - Started process 188 to run task
[2026-06-29T01:23:40.105+0000] {standard_task_runner.py:87} INFO - Running: ['airflow', 'tasks', 'run', 'setup_lakehouse_infrastructure', 'deploy_schemas_and_tables', 'manual__2026-06-29T01:23:38.541019+00:00', '--job-id', '4', '--raw', '--subdir', 'DAGS_FOLDER/setup_infrastructure_dag.py', '--cfg-path', '/tmp/tmpvyvaxr6a']
[2026-06-29T01:23:40.108+0000] {standard_task_runner.py:88} INFO - Job 4: Subtask deploy_schemas_and_tables
[2026-06-29T01:23:40.187+0000] {task_command.py:423} INFO - Running <TaskInstance: setup_lakehouse_infrastructure.deploy_schemas_and_tables manual__2026-06-29T01:23:38.541019+00:00 [running]> on host c487cd56f5d0
[2026-06-29T01:23:40.276+0000] {taskinstance.py:2510} INFO - Exporting env vars: AIRFLOW_CTX_DAG_OWNER='airflow' AIRFLOW_CTX_DAG_ID='setup_lakehouse_infrastructure' AIRFLOW_CTX_TASK_ID='deploy_schemas_and_tables' AIRFLOW_CTX_EXECUTION_DATE='2026-06-29T01:23:38.541019+00:00' AIRFLOW_CTX_TRY_NUMBER='1' AIRFLOW_CTX_DAG_RUN_ID='manual__2026-06-29T01:23:38.541019+00:00'
[2026-06-29T01:23:40.283+0000] {setup_infrastructure_dag.py:71} INFO - === ĐANG DEPLOY TẦNG: LANDING_LAYER ===
[2026-06-29T01:23:40.285+0000] {base.py:83} INFO - Using connection ID 'trino_default' for task execution.
[2026-06-29T01:23:40.286+0000] {base.py:83} INFO - Using connection ID 'trino_default' for task execution.
[2026-06-29T01:23:40.294+0000] {sql.py:457} INFO - Running statement: CREATE SCHEMA IF NOT EXISTS minio_landing.default, parameters: None
[2026-06-29T01:23:40.536+0000] {taskinstance.py:2728} ERROR - Task failed with exception
Traceback (most recent call last):
  File "/home/airflow/.local/lib/python3.8/site-packages/airflow/models/taskinstance.py", line 444, in _execute_task
    result = _execute_callable(context=context, **execute_callable_kwargs)
  File "/home/airflow/.local/lib/python3.8/site-packages/airflow/models/taskinstance.py", line 414, in _execute_callable
    return execute_callable(context=context, **execute_callable_kwargs)
  File "/home/airflow/.local/lib/python3.8/site-packages/airflow/decorators/base.py", line 241, in execute
    return_value = super().execute(context)
  File "/home/airflow/.local/lib/python3.8/site-packages/airflow/operators/python.py", line 200, in execute
    return_value = self.execute_callable()
  File "/home/airflow/.local/lib/python3.8/site-packages/airflow/operators/python.py", line 217, in execute_callable
    return self.python_callable(*self.op_args, **self.op_kwargs)
  File "/opt/airflow/dags/setup_infrastructure_dag.py", line 73, in deploy_schemas_and_tables
    trino_hook.run(f"CREATE SCHEMA IF NOT EXISTS {catalog}.{schema}")
  File "/home/airflow/.local/lib/python3.8/site-packages/airflow/providers/common/sql/hooks/sql.py", line 404, in run
    self._run_command(cur, sql_statement, parameters)
  File "/home/airflow/.local/lib/python3.8/site-packages/airflow/providers/common/sql/hooks/sql.py", line 462, in _run_command
    cur.execute(sql_statement)
  File "/home/airflow/.local/lib/python3.8/site-packages/trino/dbapi.py", line 589, in execute
    self._iterator = iter(self._query.execute())
  File "/home/airflow/.local/lib/python3.8/site-packages/trino/client.py", line 829, in execute
    self._result.rows += self.fetch()
  File "/home/airflow/.local/lib/python3.8/site-packages/trino/client.py", line 849, in fetch
    status = self._request.process(response)
  File "/home/airflow/.local/lib/python3.8/site-packages/trino/client.py", line 621, in process
    raise self._process_error(response["error"], response.get("id"))
  File "/home/airflow/.local/lib/python3.8/site-packages/trino/client.py", line 591, in _process_error
    raise exceptions.TrinoExternalError(error, query_id)
trino.exceptions.TrinoExternalError: TrinoExternalError(type=EXTERNAL, name=HIVE_METASTORE_ERROR, message="Could not read database schema", query_id=20260629_012340_00000_89zkz)
[2026-06-29T01:23:40.566+0000] {taskinstance.py:1149} INFO - Marking task as FAILED. dag_id=setup_lakehouse_infrastructure, task_id=deploy_schemas_and_tables, execution_date=20260629T012338, start_date=20260629T012340, end_date=20260629T012340
[2026-06-29T01:23:40.587+0000] {standard_task_runner.py:107} ERROR - Failed to execute job 4 for task deploy_schemas_and_tables (TrinoExternalError(type=EXTERNAL, name=HIVE_METASTORE_ERROR, message="Could not read database schema", query_id=20260629_012340_00000_89zkz); 188)
[2026-06-29T01:23:40.599+0000] {local_task_job_runner.py:234} INFO - Task exited with return code 1
[2026-06-29T01:23:40.636+0000] {taskinstance.py:3309} INFO - 0 downstream tasks scheduled from follow-on schedule check
