[2026-08-05T07:34:08.076+0000] {local_task_job_runner.py:123} INFO - ::group::Pre task execution logs
[2026-08-05T07:34:08.098+0000] {taskinstance.py:2612} INFO - Dependencies all met for dep_context=non-requeueable deps ti=<TaskInstance: logistics_orders_full_load.extract_and_upload_full manual__2026-08-05T07:34:03.698545+00:00 map_index=0 [queued]>
[2026-08-05T07:34:08.109+0000] {taskinstance.py:2612} INFO - Dependencies all met for dep_context=requeueable deps ti=<TaskInstance: logistics_orders_full_load.extract_and_upload_full manual__2026-08-05T07:34:03.698545+00:00 map_index=0 [queued]>
[2026-08-05T07:34:08.110+0000] {taskinstance.py:2865} INFO - Starting attempt 1 of 1
[2026-08-05T07:34:08.122+0000] {taskinstance.py:2888} INFO - Executing <Mapped(_PythonDecoratedOperator): extract_and_upload_full> on 2026-08-05 07:34:03.698545+00:00
[2026-08-05T07:34:08.128+0000] {standard_task_runner.py:72} INFO - Started process 600 to run task
[2026-08-05T07:34:08.133+0000] {standard_task_runner.py:104} INFO - Running: ['airflow', 'tasks', 'run', 'logistics_orders_full_load', 'extract_and_upload_full', 'manual__2026-08-05T07:34:03.698545+00:00', '--job-id', '7', '--raw', '--subdir', 'DAGS_FOLDER/logistics_full_load.py', '--cfg-path', '/tmp/tmp07zwho0c', '--map-index', '0']
[2026-08-05T07:34:08.135+0000] {standard_task_runner.py:105} INFO - Job 7: Subtask extract_and_upload_full
[2026-08-05T07:34:08.219+0000] {task_command.py:467} INFO - Running <TaskInstance: logistics_orders_full_load.extract_and_upload_full manual__2026-08-05T07:34:03.698545+00:00 map_index=0 [running]> on host 6707e4cb1eff
[2026-08-05T07:34:08.326+0000] {taskinstance.py:3131} INFO - Exporting env vars: AIRFLOW_CTX_DAG_OWNER='airflow' AIRFLOW_CTX_DAG_ID='logistics_orders_full_load' AIRFLOW_CTX_TASK_ID='extract_and_upload_full' AIRFLOW_CTX_EXECUTION_DATE='2026-08-05T07:34:03.698545+00:00' AIRFLOW_CTX_TRY_NUMBER='1' AIRFLOW_CTX_DAG_RUN_ID='manual__2026-08-05T07:34:03.698545+00:00'
[2026-08-05T07:34:08.329+0000] {taskinstance.py:731} INFO - ::endgroup::
[2026-08-05T07:34:08.335+0000] {orders_api_client.py:65} INFO - Khởi tạo luồng kéo dữ liệu Batch (Keyset Stream) cho city_id: SGN
[2026-08-05T07:34:14.252+0000] {orders_api_client.py:83} INFO -   ➜ Đã kéo được 10,000 records...
[2026-08-05T07:34:21.887+0000] {orders_api_client.py:83} INFO -   ➜ Đã kéo được 20,000 records...
[2026-08-05T07:34:28.490+0000] {orders_api_client.py:83} INFO -   ➜ Đã kéo được 30,000 records...
[2026-08-05T07:34:35.904+0000] {orders_api_client.py:83} INFO -   ➜ Đã kéo được 40,000 records...
[2026-08-05T07:34:42.848+0000] {orders_api_client.py:83} INFO -   ➜ Đã kéo được 50,000 records...
[2026-08-05T07:34:49.681+0000] {orders_api_client.py:83} INFO -   ➜ Đã kéo được 60,000 records...
[2026-08-05T07:34:58.565+0000] {orders_api_client.py:83} INFO -   ➜ Đã kéo được 70,000 records...
[2026-08-05T07:35:06.534+0000] {orders_api_client.py:83} INFO -   ➜ Đã kéo được 80,000 records...
[2026-08-05T07:35:13.574+0000] {orders_api_client.py:83} INFO -   ➜ Đã kéo được 90,000 records...
[2026-08-05T07:35:17.685+0000] {orders_api_client.py:83} INFO -   ➜ Đã kéo được 100,000 records...
[2026-08-05T07:35:22.349+0000] {orders_api_client.py:83} INFO -   ➜ Đã kéo được 110,000 records...
[2026-08-05T07:35:26.462+0000] {orders_api_client.py:83} INFO -   ➜ Đã kéo được 120,000 records...
[2026-08-05T07:35:30.820+0000] {orders_api_client.py:83} INFO -   ➜ Đã kéo được 130,000 records...
[2026-08-05T07:35:35.581+0000] {orders_api_client.py:83} INFO -   ➜ Đã kéo được 140,000 records...
[2026-08-05T07:35:39.960+0000] {orders_api_client.py:83} INFO -   ➜ Đã kéo được 150,000 records...
[2026-08-05T07:35:44.772+0000] {orders_api_client.py:83} INFO -   ➜ Đã kéo được 160,000 records...
[2026-08-05T07:35:49.999+0000] {orders_api_client.py:83} INFO -   ➜ Đã kéo được 170,000 records...
[2026-08-05T07:35:55.431+0000] {orders_api_client.py:83} INFO -   ➜ Đã kéo được 180,000 records...
[2026-08-05T07:36:00.504+0000] {orders_api_client.py:83} INFO -   ➜ Đã kéo được 190,000 records...
[2026-08-05T07:36:05.045+0000] {orders_api_client.py:83} INFO -   ➜ Đã kéo được 200,000 records...
[2026-08-05T07:36:10.075+0000] {orders_api_client.py:83} INFO -   ➜ Đã kéo được 210,000 records...
[2026-08-05T07:36:14.724+0000] {orders_api_client.py:83} INFO -   ➜ Đã kéo được 220,000 records...
[2026-08-05T07:36:20.760+0000] {orders_api_client.py:83} INFO -   ➜ Đã kéo được 230,000 records...
[2026-08-05T07:36:20.992+0000] {local_task_job_runner.py:127} ERROR - Received SIGTERM. Terminating subprocesses
[2026-08-05T07:36:21.141+0000] {process_utils.py:132} INFO - Sending 15 to group 600. PIDs of all processes in the group: [600]
[2026-08-05T07:36:21.236+0000] {process_utils.py:87} INFO - Sending the signal 15 to group 600
[2026-08-05T07:36:21.273+0000] {taskinstance.py:3092} ERROR - Received SIGTERM. Terminating subprocesses.
[2026-08-05T07:36:21.862+0000] {orders_api_client.py:167} INFO - Orders API client session closed
[2026-08-05T07:36:21.918+0000] {taskinstance.py:3310} ERROR - Task failed with exception
Traceback (most recent call last):
  File "/home/airflow/.local/lib/python3.10/site-packages/airflow/models/taskinstance.py", line 767, in _execute_task
    result = _execute_callable(context=context, **execute_callable_kwargs)
  File "/home/airflow/.local/lib/python3.10/site-packages/airflow/models/taskinstance.py", line 733, in _execute_callable
    return ExecutionCallableRunner(
  File "/home/airflow/.local/lib/python3.10/site-packages/airflow/utils/operator_helpers.py", line 252, in run
    return self.func(*args, **kwargs)
  File "/home/airflow/.local/lib/python3.10/site-packages/airflow/models/baseoperator.py", line 406, in wrapper
    return func(self, *args, **kwargs)
  File "/home/airflow/.local/lib/python3.10/site-packages/airflow/decorators/base.py", line 266, in execute
    return_value = super().execute(context)
  File "/home/airflow/.local/lib/python3.10/site-packages/airflow/models/baseoperator.py", line 406, in wrapper
    return func(self, *args, **kwargs)
  File "/home/airflow/.local/lib/python3.10/site-packages/airflow/operators/python.py", line 238, in execute
    return_value = self.execute_callable()
  File "/home/airflow/.local/lib/python3.10/site-packages/airflow/operators/python.py", line 256, in execute_callable
    return runner.run(*self.op_args, **self.op_kwargs)
  File "/home/airflow/.local/lib/python3.10/site-packages/airflow/utils/operator_helpers.py", line 252, in run
    return self.func(*args, **kwargs)
  File "/opt/airflow/dags/logistics_full_load.py", line 112, in extract_and_upload_full
    for chunk in api_client.get_batch_orders(city_id=city_id):
  File "/opt/airflow/dags/utils/orders_api_client.py", line 74, in get_batch_orders
    response = self._call_api("orders/batch", params)
  File "/opt/airflow/dags/utils/orders_api_client.py", line 54, in _call_api
    response = self.session.get(url, params=params, timeout=self.timeout)
  File "/home/airflow/.local/lib/python3.10/site-packages/requests/sessions.py", line 602, in get
    return self.request("GET", url, **kwargs)
  File "/home/airflow/.local/lib/python3.10/site-packages/requests/sessions.py", line 589, in request
    resp = self.send(prep, **send_kwargs)
  File "/home/airflow/.local/lib/python3.10/site-packages/requests/sessions.py", line 703, in send
    r = adapter.send(request, **kwargs)
  File "/home/airflow/.local/lib/python3.10/site-packages/requests/adapters.py", line 667, in send
    resp = conn.urlopen(
  File "/home/airflow/.local/lib/python3.10/site-packages/urllib3/connectionpool.py", line 789, in urlopen
    response = self._make_request(
  File "/home/airflow/.local/lib/python3.10/site-packages/urllib3/connectionpool.py", line 536, in _make_request
    response = conn.getresponse()
  File "/home/airflow/.local/lib/python3.10/site-packages/urllib3/connection.py", line 464, in getresponse
    httplib_response = super().getresponse()
  File "/usr/local/lib/python3.10/http/client.py", line 1375, in getresponse
    response.begin()
  File "/usr/local/lib/python3.10/http/client.py", line 318, in begin
    version, status, reason = self._read_status()
  File "/usr/local/lib/python3.10/http/client.py", line 279, in _read_status
    line = str(self.fp.readline(_MAXLINE + 1), "iso-8859-1")
  File "/usr/local/lib/python3.10/socket.py", line 717, in readinto
    return self._sock.recv_into(b)
  File "/home/airflow/.local/lib/python3.10/site-packages/airflow/models/taskinstance.py", line 3094, in signal_handler
    raise AirflowTaskTerminated("Task received SIGTERM signal")
airflow.exceptions.AirflowTaskTerminated: Task received SIGTERM signal
[2026-08-05T07:36:22.005+0000] {taskinstance.py:1225} INFO - Marking task as FAILED. dag_id=logistics_orders_full_load, task_id=extract_and_upload_full, run_id=manual__2026-08-05T07:34:03.698545+00:00, map_index=0, execution_date=20260805T073403, start_date=20260805T073408, end_date=20260805T073622
