[2026-07-23T03:04:41.542+0000] {local_task_job_runner.py:123} INFO - ::group::Pre task execution logs
[2026-07-23T03:04:41.568+0000] {taskinstance.py:2612} INFO - Dependencies all met for dep_context=non-requeueable deps ti=<TaskInstance: dbt_silver_gold_incremental.transform_gold.dim_products.run manual__2026-07-23T03:03:20.158846+00:00 [queued]>
[2026-07-23T03:04:41.582+0000] {taskinstance.py:2612} INFO - Dependencies all met for dep_context=requeueable deps ti=<TaskInstance: dbt_silver_gold_incremental.transform_gold.dim_products.run manual__2026-07-23T03:03:20.158846+00:00 [queued]>
[2026-07-23T03:04:41.584+0000] {taskinstance.py:2865} INFO - Starting attempt 1 of 2
[2026-07-23T03:04:41.602+0000] {taskinstance.py:2888} INFO - Executing <Task(DbtRunLocalOperator): transform_gold.dim_products.run> on 2026-07-23 03:03:20.158846+00:00
[2026-07-23T03:04:41.608+0000] {standard_task_runner.py:72} INFO - Started process 1450 to run task
[2026-07-23T03:04:41.613+0000] {standard_task_runner.py:104} INFO - Running: ['airflow', 'tasks', 'run', 'dbt_silver_gold_incremental', 'transform_gold.dim_products.run', 'manual__2026-07-23T03:03:20.158846+00:00', '--job-id', '17', '--raw', '--subdir', 'DAGS_FOLDER/dbt_silver_gold.py', '--cfg-path', '/tmp/tmpkz781di1']
[2026-07-23T03:04:41.617+0000] {standard_task_runner.py:105} INFO - Job 17: Subtask transform_gold.dim_products.run
[2026-07-23T03:04:41.716+0000] {task_command.py:467} INFO - Running <TaskInstance: dbt_silver_gold_incremental.transform_gold.dim_products.run manual__2026-07-23T03:03:20.158846+00:00 [running]> on host b3f56365d5f7
[2026-07-23T03:04:41.840+0000] {taskinstance.py:3131} INFO - Exporting env vars: AIRFLOW_CTX_DAG_OWNER='data_engineer' AIRFLOW_CTX_DAG_ID='dbt_silver_gold_incremental' AIRFLOW_CTX_TASK_ID='transform_gold.dim_products.run' AIRFLOW_CTX_EXECUTION_DATE='2026-07-23T03:03:20.158846+00:00' AIRFLOW_CTX_TRY_NUMBER='1' AIRFLOW_CTX_DAG_RUN_ID='manual__2026-07-23T03:03:20.158846+00:00'
[2026-07-23T03:04:41.843+0000] {taskinstance.py:731} INFO - ::endgroup::
[2026-07-23T03:04:44.066+0000] {local.py:294} INFO - dbtRunner is available. Using dbtRunner for invoking dbt.
[2026-07-23T03:04:44.070+0000] {local.py:518} INFO - Cloning project to writable temp directory /tmp/tmp1z7ocsdg from /opt/airflow/dbt_transform
[2026-07-23T03:04:44.091+0000] {local.py:538} INFO - Partial parse is enabled and the latest partial parse file is /tmp/cosmos/dbt_silver_gold_incremental__transform_gold/target/partial_parse.msgpack
[2026-07-23T03:04:44.154+0000] {config.py:395} INFO - Using user-supplied profiles.yml at /opt/airflow/dbt_transform/profiles.yml
[2026-07-23T03:04:44.169+0000] {runner.py:95} INFO - Trying to run dbtRunner with:
 ['deps', '--project-dir', '/tmp/tmp1z7ocsdg', '--profiles-dir', '/opt/airflow/dbt_transform', '--profile', 'lakehouse_dbt', '--target', 'dev', '--no-static-parser']
 in /tmp/tmp1z7ocsdg
[2026-07-23T03:04:44.299+0000] {logging_mixin.py:190} INFO - 03:04:44  Running with dbt=1.8.8
[2026-07-23T03:04:44.485+0000] {converter.py:314} INFO - ::group::Cosmos DAG parsing logs
[2026-07-23T03:04:44.490+0000] {graph.py:869} INFO - Trying to parse the dbt project using dbt ls cache cosmos_cache__dbt_silver_gold_incremental__transform_silver...
[2026-07-23T03:04:48.147+0000] {cache.py:383} INFO - Cosmos performance: time to calculate cache identifier cosmos_cache__dbt_silver_gold_incremental__transform_silver for current version: 3.6386087240007328
[2026-07-23T03:04:48.149+0000] {graph.py:886} INFO - Cosmos performance [b3f56365d5f7|1450]: The cache size for cosmos_cache__dbt_silver_gold_incremental__transform_silver is 6096
[2026-07-23T03:04:48.151+0000] {graph.py:898} INFO - Cosmos performance: Cache hit for cosmos_cache__dbt_silver_gold_incremental__transform_silver - 9b626e6fba26632fa4ad2bd4be515378,5e34606eb5f2b3dea81a8e19fa3ba138
[2026-07-23T03:04:48.153+0000] {graph.py:799} INFO - Total nodes: 7
[2026-07-23T03:04:48.154+0000] {graph.py:800} INFO - Total filtered nodes: 7
[2026-07-23T03:04:48.156+0000] {converter.py:361} INFO - Cosmos performance (dbt_silver_gold_incremental__transform_silver) - [b3f56365d5f7|1450]: It took 3.67s to parse the dbt project for DAG using dbt_ls_cache
[2026-07-23T03:04:48.171+0000] {converter.py:413} INFO - Cosmos performance (dbt_silver_gold_incremental__transform_silver) - [b3f56365d5f7|1450]: It took 0.0147s to build the Airflow DAG.
[2026-07-23T03:04:48.172+0000] {converter.py:420} INFO - ::endgroup::Cosmos DAG parsing logs
[2026-07-23T03:04:48.175+0000] {converter.py:314} INFO - ::group::Cosmos DAG parsing logs
[2026-07-23T03:04:48.179+0000] {graph.py:869} INFO - Trying to parse the dbt project using dbt ls cache cosmos_cache__dbt_silver_gold_incremental__transform_gold...
[2026-07-23T03:04:50.856+0000] {cache.py:383} INFO - Cosmos performance: time to calculate cache identifier cosmos_cache__dbt_silver_gold_incremental__transform_gold for current version: 2.659064787999341
[2026-07-23T03:04:50.857+0000] {graph.py:886} INFO - Cosmos performance [b3f56365d5f7|1450]: The cache size for cosmos_cache__dbt_silver_gold_incremental__transform_gold is 35980
[2026-07-23T03:04:50.860+0000] {graph.py:898} INFO - Cosmos performance: Cache hit for cosmos_cache__dbt_silver_gold_incremental__transform_gold - 9b626e6fba26632fa4ad2bd4be515378,304321e940a9403dceb380589bd0566f
[2026-07-23T03:04:50.862+0000] {graph.py:799} INFO - Total nodes: 39
[2026-07-23T03:04:50.863+0000] {graph.py:800} INFO - Total filtered nodes: 39
[2026-07-23T03:04:50.865+0000] {converter.py:361} INFO - Cosmos performance (dbt_silver_gold_incremental__transform_gold) - [b3f56365d5f7|1450]: It took 2.69s to parse the dbt project for DAG using dbt_ls_cache
[2026-07-23T03:04:50.915+0000] {converter.py:413} INFO - Cosmos performance (dbt_silver_gold_incremental__transform_gold) - [b3f56365d5f7|1450]: It took 0.0495s to build the Airflow DAG.
[2026-07-23T03:04:50.916+0000] {converter.py:420} INFO - ::endgroup::Cosmos DAG parsing logs
[2026-07-23T03:04:50.919+0000] {converter.py:314} INFO - ::group::Cosmos DAG parsing logs
[2026-07-23T03:04:50.924+0000] {graph.py:869} INFO - Trying to parse the dbt project using dbt ls cache cosmos_cache__dbt_silver_gold_full_load__transform_silver...
[2026-07-23T03:04:53.769+0000] {cache.py:383} INFO - Cosmos performance: time to calculate cache identifier cosmos_cache__dbt_silver_gold_full_load__transform_silver for current version: 2.833256672999596
[2026-07-23T03:04:53.770+0000] {graph.py:886} INFO - Cosmos performance [b3f56365d5f7|1450]: The cache size for cosmos_cache__dbt_silver_gold_full_load__transform_silver is 6096
[2026-07-23T03:04:53.772+0000] {graph.py:898} INFO - Cosmos performance: Cache hit for cosmos_cache__dbt_silver_gold_full_load__transform_silver - 9b626e6fba26632fa4ad2bd4be515378,5e34606eb5f2b3dea81a8e19fa3ba138
[2026-07-23T03:04:53.773+0000] {graph.py:799} INFO - Total nodes: 7
[2026-07-23T03:04:53.774+0000] {graph.py:800} INFO - Total filtered nodes: 7
[2026-07-23T03:04:53.776+0000] {converter.py:361} INFO - Cosmos performance (dbt_silver_gold_full_load__transform_silver) - [b3f56365d5f7|1450]: It took 2.85s to parse the dbt project for DAG using dbt_ls_cache
[2026-07-23T03:04:53.791+0000] {converter.py:413} INFO - Cosmos performance (dbt_silver_gold_full_load__transform_silver) - [b3f56365d5f7|1450]: It took 0.0149s to build the Airflow DAG.
[2026-07-23T03:04:53.792+0000] {converter.py:420} INFO - ::endgroup::Cosmos DAG parsing logs
[2026-07-23T03:04:53.794+0000] {converter.py:314} INFO - ::group::Cosmos DAG parsing logs
[2026-07-23T03:04:53.798+0000] {graph.py:869} INFO - Trying to parse the dbt project using dbt ls cache cosmos_cache__dbt_silver_gold_full_load__transform_gold...
[2026-07-23T03:04:55.954+0000] {cache.py:383} INFO - Cosmos performance: time to calculate cache identifier cosmos_cache__dbt_silver_gold_full_load__transform_gold for current version: 2.144034429000385
[2026-07-23T03:04:55.956+0000] {graph.py:886} INFO - Cosmos performance [b3f56365d5f7|1450]: The cache size for cosmos_cache__dbt_silver_gold_full_load__transform_gold is 35980
[2026-07-23T03:04:55.958+0000] {graph.py:898} INFO - Cosmos performance: Cache hit for cosmos_cache__dbt_silver_gold_full_load__transform_gold - 9b626e6fba26632fa4ad2bd4be515378,304321e940a9403dceb380589bd0566f
[2026-07-23T03:04:55.959+0000] {graph.py:799} INFO - Total nodes: 39
[2026-07-23T03:04:55.960+0000] {graph.py:800} INFO - Total filtered nodes: 39
[2026-07-23T03:04:55.962+0000] {converter.py:361} INFO - Cosmos performance (dbt_silver_gold_full_load__transform_gold) - [b3f56365d5f7|1450]: It took 2.16s to parse the dbt project for DAG using dbt_ls_cache
[2026-07-23T03:04:56.010+0000] {converter.py:413} INFO - Cosmos performance (dbt_silver_gold_full_load__transform_gold) - [b3f56365d5f7|1450]: It took 0.0488s to build the Airflow DAG.
[2026-07-23T03:04:56.012+0000] {converter.py:420} INFO - ::endgroup::Cosmos DAG parsing logs
[2026-07-23T03:04:56.438+0000] {logging_mixin.py:190} INFO - 03:04:56  Installing dbt-labs/dbt_utils
[2026-07-23T03:04:56.964+0000] {logging_mixin.py:190} INFO - 03:04:56  Installed from version 1.3.0
[2026-07-23T03:04:56.967+0000] {logging_mixin.py:190} INFO - 03:04:56  Updated version available: 1.4.1
[2026-07-23T03:04:56.970+0000] {logging_mixin.py:190} INFO - 03:04:56  Installing metaplane/dbt_expectations
[2026-07-23T03:04:58.324+0000] {logging_mixin.py:190} INFO - 03:04:58  Installed from version 0.10.8
[2026-07-23T03:04:58.327+0000] {logging_mixin.py:190} INFO - 03:04:58  Updated version available: 0.10.10
[2026-07-23T03:04:58.330+0000] {logging_mixin.py:190} INFO - 03:04:58  Installing godatadriven/dbt_date
[2026-07-23T03:04:58.992+0000] {logging_mixin.py:190} INFO - 03:04:58  Installed from version 0.15.0
[2026-07-23T03:04:58.995+0000] {logging_mixin.py:190} INFO - 03:04:58  Up to date!
[2026-07-23T03:04:58.998+0000] {logging_mixin.py:190} INFO - 03:04:58
[2026-07-23T03:04:59.000+0000] {logging_mixin.py:190} INFO - 03:04:59  Updates available for packages: ['dbt-labs/dbt_utils', 'metaplane/dbt_expectations']                 
Update your versions in packages.yml, then run dbt deps
[2026-07-23T03:05:00.159+0000] {runner.py:95} INFO - Trying to run dbtRunner with:
 ['run', '--select', 'fqn:consumer_complaints_transformation.marts.dim_products', '--project-dir', '/tmp/tmp1z7ocsdg', '--profiles-dir', '/opt/airflow/dbt_transform', '--profile', 'lakehouse_dbt', '--target', 'dev', '--no-static-parser']
 in /tmp/tmp1z7ocsdg
[2026-07-23T03:05:00.188+0000] {logging_mixin.py:190} INFO - 03:05:00  Running with dbt=1.8.8
[2026-07-23T03:05:00.232+0000] {auth.py:343} INFO - keyring module not found. OAuth2 token will not be stored in keyring.
[2026-07-23T03:05:00.238+0000] {auth.py:343} INFO - keyring module not found. OAuth2 token will not be stored in keyring.
[2026-07-23T03:05:00.414+0000] {logging_mixin.py:190} INFO - 03:05:00  Registered adapter: trino=1.8.5
[2026-07-23T03:05:01.110+0000] {logging_mixin.py:190} INFO - 03:05:01  Unable to do partial parsing because config vars, config profile, or config target have changed
[2026-07-23T03:05:05.172+0000] {logging_mixin.py:190} INFO - 03:05:05  [WARNING]: Deprecated functionality
The `tests` config has been renamed to `data_tests`. Please see
https://docs.getdbt.com/docs/build/data-tests#new-data_tests-syntax for more
information.
[2026-07-23T03:05:07.382+0000] {logging_mixin.py:190} INFO - 03:05:07  Found 8 models, 40 data tests, 1 source, 9 metrics, 839 macros, 5 semantic models
[2026-07-23T03:05:07.391+0000] {logging_mixin.py:190} INFO - 03:05:07
[2026-07-23T03:05:07.483+0000] {logging_mixin.py:190} INFO - 03:05:07  [WARNING]: SSL certificate validation is disabled by default. It is legacy behavior which will be changed in future releases. It is strongly advised to enable `require_certificate_validation` flag or explicitly set `cert` configuration to `True` for security reasons. You may receive an error after that if your SSL setup is incorrect.
You may opt into the new behavior sooner by setting `flags.require_certificate_validation` to `True` in `dbt_project.yml`.
Visit https://docs.getdbt.com/reference/global-configs/behavior-changes for more information.
[2026-07-23T03:05:08.741+0000] {logging_mixin.py:190} INFO - 03:05:08  Concurrency: 1 threads (target='dev')
[2026-07-23T03:05:08.745+0000] {logging_mixin.py:190} INFO - 03:05:08
[2026-07-23T03:05:08.753+0000] {logging_mixin.py:190} INFO - 03:05:08  1 of 1 START sql incremental model gold.dim_products ........................... [RUN]
[2026-07-23T03:05:09.613+0000] {logging_mixin.py:190} INFO - 03:05:09  1 of 1 OK created sql incremental model gold.dim_products ...................... [CREATE TABLE (8 rows) in 0.85s]
[2026-07-23T03:05:09.618+0000] {logging_mixin.py:190} INFO - 03:05:09
[2026-07-23T03:05:09.620+0000] {logging_mixin.py:190} INFO - 03:05:09  Finished running 1 incremental model in 0 hours 0 minutes and 2.22 seconds (2.22s).
[2026-07-23T03:05:09.671+0000] {logging_mixin.py:190} INFO - 03:05:09
[2026-07-23T03:05:09.674+0000] {logging_mixin.py:190} INFO - 03:05:09  Completed successfully
[2026-07-23T03:05:09.676+0000] {logging_mixin.py:190} INFO - 03:05:09
[2026-07-23T03:05:09.678+0000] {logging_mixin.py:190} INFO - 03:05:09  Done. PASS=1 WARN=0 ERROR=0 SKIP=0 TOTAL=1
[2026-07-23T03:05:10.902+0000] {local.py:196} WARNING - Artifact schema version: https://schemas.getdbt.com/dbt/manifest/v12.json is above dbt-ol supported version 7. This might cause errors.
[2026-07-23T03:05:10.913+0000] {local.py:594} INFO - Inlets: []
[2026-07-23T03:05:10.915+0000] {local.py:595} INFO - Outlets: []
[2026-07-23T03:05:10.917+0000] {local.py:886} INFO - Assigning inlets/outlets with DatasetAlias in Airflow 2
[2026-07-23T03:05:11.043+0000] {taskinstance.py:340} INFO - ::group::Post task execution logs
[2026-07-23T03:05:11.048+0000] {taskinstance.py:352} INFO - Marking task as SUCCESS. dag_id=dbt_silver_gold_incremental, task_id=transform_gold.dim_products.run, run_id=manual__2026-07-23T03:03:20.158846+00:00, execution_date=20260723T030320, start_date=20260723T030441, end_date=20260723T030511
[2026-07-23T03:05:11.865+0000] {_client.py:1026} INFO - HTTP Request: GET https://astronomer.gateway.scarf.sh/astronomer-cosmos/v3/task_instance?cosmos_version=1.15.0&airflow_version=2.10.2&python_version=3.10.15&platform_system=Linux&platform_machine=x86_64&status=success&operator_name=DbtRunLocalOperator&is_cosmos_operator_subclass=False&invocation_mode=dbt_runner&execution_mode=local&profile_strategy=yaml_file&profile_mapping_class=None&database=trino&is_mapped_task=False&dbt_command=run&install_deps=True&has_callback=False&duration=29.475691 "HTTP/1.1 200 OK"
[2026-07-23T03:05:11.887+0000] {local_task_job_runner.py:266} INFO - Task exited with return code 0
[2026-07-23T03:05:11.921+0000] {taskinstance.py:3900} INFO - 0 downstream tasks scheduled from follow-on schedule check
[2026-07-23T03:05:11.924+0000] {local_task_job_runner.py:245} INFO - ::endgroup::
