[2026-07-23T02:01:34.671+0000] {local_task_job_runner.py:123} INFO - ::group::Pre task execution logs
[2026-07-23T02:01:34.690+0000] {taskinstance.py:2612} INFO - Dependencies all met for dep_context=non-requeueable deps ti=<TaskInstance: wap_incremental_cfpb_pipeline.aggregate_metrics scheduled__2026-07-22T00:00:00+00:00 [queued]>
[2026-07-23T02:01:34.698+0000] {taskinstance.py:2612} INFO - Dependencies all met for dep_context=requeueable deps ti=<TaskInstance: wap_incremental_cfpb_pipeline.aggregate_metrics scheduled__2026-07-22T00:00:00+00:00 [queued]>
[2026-07-23T02:01:34.700+0000] {taskinstance.py:2865} INFO - Starting attempt 1 of 1
[2026-07-23T02:01:34.711+0000] {taskinstance.py:2888} INFO - Executing <Task(_PythonDecoratedOperator): aggregate_metrics> on 2026-07-22 00:00:00+00:00
[2026-07-23T02:01:34.716+0000] {standard_task_runner.py:72} INFO - Started process 1491 to run task
[2026-07-23T02:01:34.719+0000] {standard_task_runner.py:104} INFO - Running: ['airflow', 'tasks', 'run', 'wap_incremental_cfpb_pipeline', 'aggregate_metrics', 'scheduled__2026-07-22T00:00:00+00:00', '--job-id', '8', '--raw', '--subdir', 'DAGS_FOLDER/wap_incremental_cfpb_pipeline.py', '--cfg-path', '/tmp/tmpddorf03j']
[2026-07-23T02:01:34.722+0000] {standard_task_runner.py:105} INFO - Job 8: Subtask aggregate_metrics
[2026-07-23T02:01:34.793+0000] {task_command.py:467} INFO - Running <TaskInstance: wap_incremental_cfpb_pipeline.aggregate_metrics scheduled__2026-07-22T00:00:00+00:00 [running]> on host d0280eba3cdf
[2026-07-23T02:01:34.877+0000] {taskinstance.py:3131} INFO - Exporting env vars: AIRFLOW_CTX_DAG_OWNER='airflow' AIRFLOW_CTX_DAG_ID='wap_incremental_cfpb_pipeline' AIRFLOW_CTX_TASK_ID='aggregate_metrics' AIRFLOW_CTX_EXECUTION_DATE='2026-07-22T00:00:00+00:00' AIRFLOW_CTX_TRY_NUMBER='1' AIRFLOW_CTX_DAG_RUN_ID='scheduled__2026-07-22T00:00:00+00:00'
[2026-07-23T02:01:34.879+0000] {taskinstance.py:731} INFO - ::endgroup::
[2026-07-23T02:01:34.891+0000] {python.py:240} INFO - Done. Returned value was: 31
[2026-07-23T02:01:34.909+0000] {taskinstance.py:340} INFO - ::group::Post task execution logs
[2026-07-23T02:01:34.911+0000] {taskinstance.py:352} INFO - Marking task as SUCCESS. dag_id=wap_incremental_cfpb_pipeline, task_id=aggregate_metrics, run_id=scheduled__2026-07-22T00:00:00+00:00, execution_date=20260722T000000, start_date=20260723T020134, end_date=20260723T020134
[2026-07-23T02:01:34.935+0000] {local_task_job_runner.py:266} INFO - Task exited with return code 0
[2026-07-23T02:01:34.963+0000] {taskinstance.py:3900} INFO - 1 downstream tasks scheduled from follow-on schedule check
[2026-07-23T02:01:34.966+0000] {local_task_job_runner.py:245} INFO - ::endgroup::
[2026-07-23T03:03:12.052+0000] {local_task_job_runner.py:123} INFO - ::group::Pre task execution logs
[2026-07-23T03:03:12.076+0000] {taskinstance.py:2612} INFO - Dependencies all met for dep_context=non-requeueable deps ti=<TaskInstance: wap_incremental_cfpb_pipeline.aggregate_metrics scheduled__2026-07-22T00:00:00+00:00 [queued]>
[2026-07-23T03:03:12.086+0000] {taskinstance.py:2612} INFO - Dependencies all met for dep_context=requeueable deps ti=<TaskInstance: wap_incremental_cfpb_pipeline.aggregate_metrics scheduled__2026-07-22T00:00:00+00:00 [queued]>
[2026-07-23T03:03:12.087+0000] {taskinstance.py:2865} INFO - Starting attempt 1 of 1
[2026-07-23T03:03:12.102+0000] {taskinstance.py:2888} INFO - Executing <Task(_PythonDecoratedOperator): aggregate_metrics> on 2026-07-22 00:00:00+00:00
[2026-07-23T03:03:12.108+0000] {standard_task_runner.py:72} INFO - Started process 805 to run task
[2026-07-23T03:03:12.112+0000] {standard_task_runner.py:104} INFO - Running: ['airflow', 'tasks', 'run', 'wap_incremental_cfpb_pipeline', 'aggregate_metrics', 'scheduled__2026-07-22T00:00:00+00:00', '--job-id', '8', '--raw', '--subdir', 'DAGS_FOLDER/wap_incremental_cfpb_pipeline.py', '--cfg-path', '/tmp/tmp16gjh8fl']
[2026-07-23T03:03:12.113+0000] {standard_task_runner.py:105} INFO - Job 8: Subtask aggregate_metrics
[2026-07-23T03:03:12.196+0000] {task_command.py:467} INFO - Running <TaskInstance: wap_incremental_cfpb_pipeline.aggregate_metrics scheduled__2026-07-22T00:00:00+00:00 [running]> on host b3f56365d5f7
[2026-07-23T03:03:12.297+0000] {taskinstance.py:3131} INFO - Exporting env vars: AIRFLOW_CTX_DAG_OWNER='airflow' AIRFLOW_CTX_DAG_ID='wap_incremental_cfpb_pipeline' AIRFLOW_CTX_TASK_ID='aggregate_metrics' AIRFLOW_CTX_EXECUTION_DATE='2026-07-22T00:00:00+00:00' AIRFLOW_CTX_TRY_NUMBER='1' AIRFLOW_CTX_DAG_RUN_ID='scheduled__2026-07-22T00:00:00+00:00'
[2026-07-23T03:03:12.300+0000] {taskinstance.py:731} INFO - ::endgroup::
[2026-07-23T03:03:12.316+0000] {python.py:240} INFO - Done. Returned value was: 31
[2026-07-23T03:03:12.339+0000] {taskinstance.py:340} INFO - ::group::Post task execution logs
[2026-07-23T03:03:12.341+0000] {taskinstance.py:352} INFO - Marking task as SUCCESS. dag_id=wap_incremental_cfpb_pipeline, task_id=aggregate_metrics, run_id=scheduled__2026-07-22T00:00:00+00:00, execution_date=20260722T000000, start_date=20260723T030312, end_date=20260723T030312
[2026-07-23T03:03:12.368+0000] {local_task_job_runner.py:266} INFO - Task exited with return code 0
[2026-07-23T03:03:12.396+0000] {taskinstance.py:3900} INFO - 1 downstream tasks scheduled from follow-on schedule check
[2026-07-23T03:03:12.400+0000] {local_task_job_runner.py:245} INFO - ::endgroup::
[2026-07-23T03:45:16.724+0000] {local_task_job_runner.py:123} INFO - ::group::Pre task execution logs
[2026-07-23T03:45:16.743+0000] {taskinstance.py:2612} INFO - Dependencies all met for dep_context=non-requeueable deps ti=<TaskInstance: wap_incremental_cfpb_pipeline.aggregate_metrics scheduled__2026-07-22T00:00:00+00:00 [queued]>
[2026-07-23T03:45:16.751+0000] {taskinstance.py:2612} INFO - Dependencies all met for dep_context=requeueable deps ti=<TaskInstance: wap_incremental_cfpb_pipeline.aggregate_metrics scheduled__2026-07-22T00:00:00+00:00 [queued]>
[2026-07-23T03:45:16.753+0000] {taskinstance.py:2865} INFO - Starting attempt 1 of 1
[2026-07-23T03:45:16.765+0000] {taskinstance.py:2888} INFO - Executing <Task(_PythonDecoratedOperator): aggregate_metrics> on 2026-07-22 00:00:00+00:00
[2026-07-23T03:45:16.770+0000] {standard_task_runner.py:72} INFO - Started process 827 to run task
[2026-07-23T03:45:16.774+0000] {standard_task_runner.py:104} INFO - Running: ['airflow', 'tasks', 'run', 'wap_incremental_cfpb_pipeline', 'aggregate_metrics', 'scheduled__2026-07-22T00:00:00+00:00', '--job-id', '8', '--raw', '--subdir', 'DAGS_FOLDER/wap_incremental_cfpb_pipeline.py', '--cfg-path', '/tmp/tmp9ae47ew6']
[2026-07-23T03:45:16.776+0000] {standard_task_runner.py:105} INFO - Job 8: Subtask aggregate_metrics
[2026-07-23T03:45:16.847+0000] {task_command.py:467} INFO - Running <TaskInstance: wap_incremental_cfpb_pipeline.aggregate_metrics scheduled__2026-07-22T00:00:00+00:00 [running]> on host 260824ef083b
[2026-07-23T03:45:16.937+0000] {taskinstance.py:3131} INFO - Exporting env vars: AIRFLOW_CTX_DAG_OWNER='airflow' AIRFLOW_CTX_DAG_ID='wap_incremental_cfpb_pipeline' AIRFLOW_CTX_TASK_ID='aggregate_metrics' AIRFLOW_CTX_EXECUTION_DATE='2026-07-22T00:00:00+00:00' AIRFLOW_CTX_TRY_NUMBER='1' AIRFLOW_CTX_DAG_RUN_ID='scheduled__2026-07-22T00:00:00+00:00'
[2026-07-23T03:45:16.940+0000] {taskinstance.py:731} INFO - ::endgroup::
[2026-07-23T03:45:16.955+0000] {python.py:240} INFO - Done. Returned value was: 31
[2026-07-23T03:45:16.973+0000] {taskinstance.py:340} INFO - ::group::Post task execution logs
[2026-07-23T03:45:16.975+0000] {taskinstance.py:352} INFO - Marking task as SUCCESS. dag_id=wap_incremental_cfpb_pipeline, task_id=aggregate_metrics, run_id=scheduled__2026-07-22T00:00:00+00:00, execution_date=20260722T000000, start_date=20260723T034516, end_date=20260723T034516
[2026-07-23T03:45:17.029+0000] {local_task_job_runner.py:266} INFO - Task exited with return code 0
[2026-07-23T03:45:17.056+0000] {taskinstance.py:3900} INFO - 1 downstream tasks scheduled from follow-on schedule check
[2026-07-23T03:45:17.059+0000] {local_task_job_runner.py:245} INFO - ::endgroup::
