[2026-07-23T03:46:48.304+0000] {local_task_job_runner.py:123} INFO - ::group::Pre task execution logs
[2026-07-23T03:46:48.332+0000] {taskinstance.py:2612} INFO - Dependencies all met for dep_context=non-requeueable deps ti=<TaskInstance: dbt_silver_gold_incremental.transform_gold.dim_products.run manual__2026-07-23T03:45:23.116802+00:00 [queued]>
[2026-07-23T03:46:48.349+0000] {taskinstance.py:2612} INFO - Dependencies all met for dep_context=requeueable deps ti=<TaskInstance: dbt_silver_gold_incremental.transform_gold.dim_products.run manual__2026-07-23T03:45:23.116802+00:00 [queued]>
[2026-07-23T03:46:48.350+0000] {taskinstance.py:2865} INFO - Starting attempt 1 of 2
[2026-07-23T03:46:48.367+0000] {taskinstance.py:2888} INFO - Executing <Task(DbtRunLocalOperator): transform_gold.dim_products.run> on 2026-07-23 03:45:23.116802+00:00
[2026-07-23T03:46:48.373+0000] {standard_task_runner.py:72} INFO - Started process 1499 to run task
[2026-07-23T03:46:48.380+0000] {standard_task_runner.py:104} INFO - Running: ['airflow', 'tasks', 'run', 'dbt_silver_gold_incremental', 'transform_gold.dim_products.run', 'manual__2026-07-23T03:45:23.116802+00:00', '--job-id', '21', '--raw', '--subdir', 'DAGS_FOLDER/dbt_silver_gold.py', '--cfg-path', '/tmp/tmp9dg_36es']
[2026-07-23T03:46:48.386+0000] {standard_task_runner.py:105} INFO - Job 21: Subtask transform_gold.dim_products.run
[2026-07-23T03:46:48.504+0000] {task_command.py:467} INFO - Running <TaskInstance: dbt_silver_gold_incremental.transform_gold.dim_products.run manual__2026-07-23T03:45:23.116802+00:00 [running]> on host 260824ef083b
[2026-07-23T03:46:48.624+0000] {taskinstance.py:3131} INFO - Exporting env vars: AIRFLOW_CTX_DAG_OWNER='data_engineer' AIRFLOW_CTX_DAG_ID='dbt_silver_gold_incremental' AIRFLOW_CTX_TASK_ID='transform_gold.dim_products.run' AIRFLOW_CTX_EXECUTION_DATE='2026-07-23T03:45:23.116802+00:00' AIRFLOW_CTX_TRY_NUMBER='1' AIRFLOW_CTX_DAG_RUN_ID='manual__2026-07-23T03:45:23.116802+00:00'
[2026-07-23T03:46:48.627+0000] {taskinstance.py:731} INFO - ::endgroup::
[2026-07-23T03:46:50.542+0000] {local.py:294} INFO - dbtRunner is available. Using dbtRunner for invoking dbt.
[2026-07-23T03:46:50.544+0000] {local.py:518} INFO - Cloning project to writable temp directory /tmp/tmperej0qb7 from /opt/airflow/dbt_transform
[2026-07-23T03:46:50.558+0000] {local.py:538} INFO - Partial parse is enabled and the latest partial parse file is /tmp/cosmos/dbt_silver_gold_incremental__transform_gold/target/partial_parse.msgpack
[2026-07-23T03:46:50.576+0000] {config.py:395} INFO - Using user-supplied profiles.yml at /opt/airflow/dbt_transform/profiles.yml
[2026-07-23T03:46:50.588+0000] {runner.py:95} INFO - Trying to run dbtRunner with:
 ['deps', '--project-dir', '/tmp/tmperej0qb7', '--profiles-dir', '/opt/airflow/dbt_transform', '--profile', 'lakehouse_dbt', '--target', 'dev', '--no-static-parser']
 in /tmp/tmperej0qb7
[2026-07-23T03:46:50.668+0000] {logging_mixin.py:190} INFO - 03:46:50  Running with dbt=1.8.8
[2026-07-23T03:46:50.927+0000] {converter.py:314} INFO - ::group::Cosmos DAG parsing logs
[2026-07-23T03:46:50.932+0000] {graph.py:869} INFO - Trying to parse the dbt project using dbt ls cache cosmos_cache__dbt_silver_gold_incremental__transform_silver...
[2026-07-23T03:46:54.217+0000] {cache.py:383} INFO - Cosmos performance: time to calculate cache identifier cosmos_cache__dbt_silver_gold_incremental__transform_silver for current version: 3.274741437000557
[2026-07-23T03:46:54.220+0000] {graph.py:886} INFO - Cosmos performance [260824ef083b|1499]: The cache size for cosmos_cache__dbt_silver_gold_incremental__transform_silver is 6096
[2026-07-23T03:46:54.223+0000] {graph.py:898} INFO - Cosmos performance: Cache hit for cosmos_cache__dbt_silver_gold_incremental__transform_silver - 9b626e6fba26632fa4ad2bd4be515378,5e34606eb5f2b3dea81a8e19fa3ba138
[2026-07-23T03:46:54.225+0000] {graph.py:799} INFO - Total nodes: 7
[2026-07-23T03:46:54.228+0000] {graph.py:800} INFO - Total filtered nodes: 7
[2026-07-23T03:46:54.229+0000] {converter.py:361} INFO - Cosmos performance (dbt_silver_gold_incremental__transform_silver) - [260824ef083b|1499]: It took 3.3s to parse the dbt project for DAG using dbt_ls_cache
[2026-07-23T03:46:54.246+0000] {converter.py:413} INFO - Cosmos performance (dbt_silver_gold_incremental__transform_silver) - [260824ef083b|1499]: It took 0.0166s to build the Airflow DAG.
[2026-07-23T03:46:54.247+0000] {converter.py:420} INFO - ::endgroup::Cosmos DAG parsing logs
[2026-07-23T03:46:54.249+0000] {converter.py:314} INFO - ::group::Cosmos DAG parsing logs
[2026-07-23T03:46:54.254+0000] {graph.py:869} INFO - Trying to parse the dbt project using dbt ls cache cosmos_cache__dbt_silver_gold_incremental__transform_gold...
[2026-07-23T03:46:57.686+0000] {cache.py:383} INFO - Cosmos performance: time to calculate cache identifier cosmos_cache__dbt_silver_gold_incremental__transform_gold for current version: 3.412692716001402
[2026-07-23T03:46:57.688+0000] {graph.py:886} INFO - Cosmos performance [260824ef083b|1499]: The cache size for cosmos_cache__dbt_silver_gold_incremental__transform_gold is 35980
[2026-07-23T03:46:57.690+0000] {graph.py:898} INFO - Cosmos performance: Cache hit for cosmos_cache__dbt_silver_gold_incremental__transform_gold - 9b626e6fba26632fa4ad2bd4be515378,304321e940a9403dceb380589bd0566f
[2026-07-23T03:46:57.692+0000] {graph.py:799} INFO - Total nodes: 39
[2026-07-23T03:46:57.693+0000] {graph.py:800} INFO - Total filtered nodes: 39
[2026-07-23T03:46:57.694+0000] {converter.py:361} INFO - Cosmos performance (dbt_silver_gold_incremental__transform_gold) - [260824ef083b|1499]: It took 3.44s to parse the dbt project for DAG using dbt_ls_cache
[2026-07-23T03:46:57.743+0000] {converter.py:413} INFO - Cosmos performance (dbt_silver_gold_incremental__transform_gold) - [260824ef083b|1499]: It took 0.0483s to build the Airflow DAG.
[2026-07-23T03:46:57.744+0000] {converter.py:420} INFO - ::endgroup::Cosmos DAG parsing logs
[2026-07-23T03:46:57.746+0000] {converter.py:314} INFO - ::group::Cosmos DAG parsing logs
[2026-07-23T03:46:57.750+0000] {graph.py:869} INFO - Trying to parse the dbt project using dbt ls cache cosmos_cache__dbt_silver_gold_full_load__transform_silver...
[2026-07-23T03:47:01.358+0000] {cache.py:383} INFO - Cosmos performance: time to calculate cache identifier cosmos_cache__dbt_silver_gold_full_load__transform_silver for current version: 3.5933268440003303
[2026-07-23T03:47:01.360+0000] {graph.py:886} INFO - Cosmos performance [260824ef083b|1499]: The cache size for cosmos_cache__dbt_silver_gold_full_load__transform_silver is 6096
[2026-07-23T03:47:01.362+0000] {graph.py:898} INFO - Cosmos performance: Cache hit for cosmos_cache__dbt_silver_gold_full_load__transform_silver - 9b626e6fba26632fa4ad2bd4be515378,5e34606eb5f2b3dea81a8e19fa3ba138
[2026-07-23T03:47:01.363+0000] {graph.py:799} INFO - Total nodes: 7
[2026-07-23T03:47:01.364+0000] {graph.py:800} INFO - Total filtered nodes: 7
[2026-07-23T03:47:01.366+0000] {converter.py:361} INFO - Cosmos performance (dbt_silver_gold_full_load__transform_silver) - [260824ef083b|1499]: It took 3.62s to parse the dbt project for DAG using dbt_ls_cache
[2026-07-23T03:47:01.380+0000] {converter.py:413} INFO - Cosmos performance (dbt_silver_gold_full_load__transform_silver) - [260824ef083b|1499]: It took 0.0138s to build the Airflow DAG.
[2026-07-23T03:47:01.381+0000] {converter.py:420} INFO - ::endgroup::Cosmos DAG parsing logs
[2026-07-23T03:47:01.383+0000] {converter.py:314} INFO - ::group::Cosmos DAG parsing logs
[2026-07-23T03:47:01.387+0000] {graph.py:869} INFO - Trying to parse the dbt project using dbt ls cache cosmos_cache__dbt_silver_gold_full_load__transform_gold...
[2026-07-23T03:47:05.665+0000] {cache.py:383} INFO - Cosmos performance: time to calculate cache identifier cosmos_cache__dbt_silver_gold_full_load__transform_gold for current version: 4.258446529000139
[2026-07-23T03:47:05.669+0000] {graph.py:886} INFO - Cosmos performance [260824ef083b|1499]: The cache size for cosmos_cache__dbt_silver_gold_full_load__transform_gold is 35980
[2026-07-23T03:47:05.679+0000] {graph.py:898} INFO - Cosmos performance: Cache hit for cosmos_cache__dbt_silver_gold_full_load__transform_gold - 9b626e6fba26632fa4ad2bd4be515378,304321e940a9403dceb380589bd0566f
[2026-07-23T03:47:05.683+0000] {graph.py:799} INFO - Total nodes: 39
[2026-07-23T03:47:05.685+0000] {graph.py:800} INFO - Total filtered nodes: 39
[2026-07-23T03:47:05.688+0000] {converter.py:361} INFO - Cosmos performance (dbt_silver_gold_full_load__transform_gold) - [260824ef083b|1499]: It took 4.3s to parse the dbt project for DAG using dbt_ls_cache
[2026-07-23T03:47:05.801+0000] {converter.py:413} INFO - Cosmos performance (dbt_silver_gold_full_load__transform_gold) - [260824ef083b|1499]: It took 0.113s to build the Airflow DAG.
[2026-07-23T03:47:05.807+0000] {converter.py:420} INFO - ::endgroup::Cosmos DAG parsing logs
[2026-07-23T03:47:06.494+0000] {logging_mixin.py:190} INFO - 03:47:06  Installing dbt-labs/dbt_utils
[2026-07-23T03:47:07.246+0000] {logging_mixin.py:190} INFO - 03:47:07  Installed from version 1.3.0
[2026-07-23T03:47:07.250+0000] {logging_mixin.py:190} INFO - 03:47:07  Updated version available: 1.4.1
[2026-07-23T03:47:07.257+0000] {logging_mixin.py:190} INFO - 03:47:07  Installing metaplane/dbt_expectations
[2026-07-23T03:47:08.698+0000] {logging_mixin.py:190} INFO - 03:47:08  Installed from version 0.10.8
[2026-07-23T03:47:08.702+0000] {logging_mixin.py:190} INFO - 03:47:08  Updated version available: 0.10.10
[2026-07-23T03:47:08.709+0000] {logging_mixin.py:190} INFO - 03:47:08  Installing godatadriven/dbt_date
[2026-07-23T03:47:09.310+0000] {logging_mixin.py:190} INFO - 03:47:09  Installed from version 0.15.0
[2026-07-23T03:47:09.313+0000] {logging_mixin.py:190} INFO - 03:47:09  Up to date!
[2026-07-23T03:47:09.316+0000] {logging_mixin.py:190} INFO - 03:47:09
[2026-07-23T03:47:09.319+0000] {logging_mixin.py:190} INFO - 03:47:09  Updates available for packages: ['dbt-labs/dbt_utils', 'metaplane/dbt_expectations']                 
Update your versions in packages.yml, then run dbt deps
[2026-07-23T03:47:10.648+0000] {runner.py:95} INFO - Trying to run dbtRunner with:
 ['run', '--select', 'fqn:consumer_complaints_transformation.marts.dim_products', '--project-dir', '/tmp/tmperej0qb7', '--profiles-dir', '/opt/airflow/dbt_transform', '--profile', 'lakehouse_dbt', '--target', 'dev', '--no-static-parser']
 in /tmp/tmperej0qb7
[2026-07-23T03:47:10.706+0000] {logging_mixin.py:190} INFO - 03:47:10  Running with dbt=1.8.8
[2026-07-23T03:47:10.806+0000] {auth.py:343} INFO - keyring module not found. OAuth2 token will not be stored in keyring.
[2026-07-23T03:47:10.815+0000] {auth.py:343} INFO - keyring module not found. OAuth2 token will not be stored in keyring.
[2026-07-23T03:47:11.076+0000] {logging_mixin.py:190} INFO - 03:47:11  Registered adapter: trino=1.8.5
[2026-07-23T03:47:11.721+0000] {logging_mixin.py:190} INFO - 03:47:11  Unable to do partial parsing because config vars, config profile, or config target have changed
[2026-07-23T03:47:14.086+0000] {logging_mixin.py:190} INFO - 03:47:14  [WARNING]: Deprecated functionality
The `tests` config has been renamed to `data_tests`. Please see
https://docs.getdbt.com/docs/build/data-tests#new-data_tests-syntax for more
information.
[2026-07-23T03:47:15.133+0000] {logging_mixin.py:190} INFO - 03:47:15  Found 8 models, 40 data tests, 1 source, 9 metrics, 839 macros, 5 semantic models
[2026-07-23T03:47:15.141+0000] {logging_mixin.py:190} INFO - 03:47:15
[2026-07-23T03:47:15.199+0000] {logging_mixin.py:190} INFO - 03:47:15  [WARNING]: SSL certificate validation is disabled by default. It is legacy behavior which will be changed in future releases. It is strongly advised to enable `require_certificate_validation` flag or explicitly set `cert` configuration to `True` for security reasons. You may receive an error after that if your SSL setup is incorrect.
You may opt into the new behavior sooner by setting `flags.require_certificate_validation` to `True` in `dbt_project.yml`.
Visit https://docs.getdbt.com/reference/global-configs/behavior-changes for more information.
[2026-07-23T03:47:15.969+0000] {logging_mixin.py:190} INFO - 03:47:15  Concurrency: 1 threads (target='dev')
[2026-07-23T03:47:15.974+0000] {logging_mixin.py:190} INFO - 03:47:15
[2026-07-23T03:47:15.981+0000] {logging_mixin.py:190} INFO - 03:47:15  1 of 1 START sql incremental model gold.dim_products ........................... [RUN]
[2026-07-23T03:47:16.808+0000] {logging_mixin.py:190} INFO - 03:47:16  1 of 1 OK created sql incremental model gold.dim_products ...................... [CREATE TABLE (8 rows) in 0.82s]
[2026-07-23T03:47:16.814+0000] {logging_mixin.py:190} INFO - 03:47:16
[2026-07-23T03:47:16.816+0000] {logging_mixin.py:190} INFO - 03:47:16  Finished running 1 incremental model in 0 hours 0 minutes and 1.67 seconds (1.67s).
[2026-07-23T03:47:16.879+0000] {logging_mixin.py:190} INFO - 03:47:16
[2026-07-23T03:47:16.881+0000] {logging_mixin.py:190} INFO - 03:47:16  Completed successfully
[2026-07-23T03:47:16.883+0000] {logging_mixin.py:190} INFO - 03:47:16
[2026-07-23T03:47:16.885+0000] {logging_mixin.py:190} INFO - 03:47:16  Done. PASS=1 WARN=0 ERROR=0 SKIP=0 TOTAL=1
[2026-07-23T03:47:18.099+0000] {local.py:196} WARNING - Artifact schema version: https://schemas.getdbt.com/dbt/manifest/v12.json is above dbt-ol supported version 7. This might cause errors.
[2026-07-23T03:47:18.106+0000] {local.py:594} INFO - Inlets: []
[2026-07-23T03:47:18.108+0000] {local.py:595} INFO - Outlets: []
[2026-07-23T03:47:18.110+0000] {local.py:886} INFO - Assigning inlets/outlets with DatasetAlias in Airflow 2
[2026-07-23T03:47:18.171+0000] {taskinstance.py:340} INFO - ::group::Post task execution logs
[2026-07-23T03:47:18.172+0000] {taskinstance.py:352} INFO - Marking task as SUCCESS. dag_id=dbt_silver_gold_incremental, task_id=transform_gold.dim_products.run, run_id=manual__2026-07-23T03:45:23.116802+00:00, execution_date=20260723T034523, start_date=20260723T034648, end_date=20260723T034718
[2026-07-23T03:47:19.028+0000] {_client.py:1026} INFO - HTTP Request: GET https://astronomer.gateway.scarf.sh/astronomer-cosmos/v3/task_instance?cosmos_version=1.15.0&airflow_version=2.10.2&python_version=3.10.15&platform_system=Linux&platform_machine=x86_64&status=success&operator_name=DbtRunLocalOperator&is_cosmos_operator_subclass=False&invocation_mode=dbt_runner&execution_mode=local&profile_strategy=yaml_file&profile_mapping_class=None&database=trino&is_mapped_task=False&dbt_command=run&install_deps=True&has_callback=False&duration=29.838353 "HTTP/1.1 200 OK"
[2026-07-23T03:47:19.079+0000] {local_task_job_runner.py:266} INFO - Task exited with return code 0
[2026-07-23T03:47:19.108+0000] {taskinstance.py:3900} INFO - 0 downstream tasks scheduled from follow-on schedule check
[2026-07-23T03:47:19.111+0000] {local_task_job_runner.py:245} INFO - ::endgroup::
