[2026-07-19T04:35:03.178+0000] {local_task_job_runner.py:123} INFO - ::group::Pre task execution logs
[2026-07-19T04:35:03.211+0000] {taskinstance.py:2612} INFO - Dependencies all met for dep_context=non-requeueable deps ti=<TaskInstance: dbt_silver_gold_incremental.transform_gold.dim_products.run manual__2026-07-19T04:32:25.721206+00:00 [queued]>
[2026-07-19T04:35:03.226+0000] {taskinstance.py:2612} INFO - Dependencies all met for dep_context=requeueable deps ti=<TaskInstance: dbt_silver_gold_incremental.transform_gold.dim_products.run manual__2026-07-19T04:32:25.721206+00:00 [queued]>
[2026-07-19T04:35:03.228+0000] {taskinstance.py:2865} INFO - Starting attempt 1 of 2
[2026-07-19T04:35:03.245+0000] {taskinstance.py:2888} INFO - Executing <Task(DbtRunLocalOperator): transform_gold.dim_products.run> on 2026-07-19 04:32:25.721206+00:00
[2026-07-19T04:35:03.253+0000] {standard_task_runner.py:72} INFO - Started process 1322 to run task
[2026-07-19T04:35:03.258+0000] {standard_task_runner.py:104} INFO - Running: ['airflow', 'tasks', 'run', 'dbt_silver_gold_incremental', 'transform_gold.dim_products.run', 'manual__2026-07-19T04:32:25.721206+00:00', '--job-id', '19', '--raw', '--subdir', 'DAGS_FOLDER/dbt_silver_gold.py', '--cfg-path', '/tmp/tmpbmy7h78p']
[2026-07-19T04:35:03.263+0000] {standard_task_runner.py:105} INFO - Job 19: Subtask transform_gold.dim_products.run
[2026-07-19T04:35:03.363+0000] {task_command.py:467} INFO - Running <TaskInstance: dbt_silver_gold_incremental.transform_gold.dim_products.run manual__2026-07-19T04:32:25.721206+00:00 [running]> on host 634783a6dfed
[2026-07-19T04:35:03.499+0000] {taskinstance.py:3131} INFO - Exporting env vars: AIRFLOW_CTX_DAG_OWNER='data_engineer' AIRFLOW_CTX_DAG_ID='dbt_silver_gold_incremental' AIRFLOW_CTX_TASK_ID='transform_gold.dim_products.run' AIRFLOW_CTX_EXECUTION_DATE='2026-07-19T04:32:25.721206+00:00' AIRFLOW_CTX_TRY_NUMBER='1' AIRFLOW_CTX_DAG_RUN_ID='manual__2026-07-19T04:32:25.721206+00:00'
[2026-07-19T04:35:03.502+0000] {taskinstance.py:731} INFO - ::endgroup::
[2026-07-19T04:35:05.263+0000] {local.py:294} INFO - dbtRunner is available. Using dbtRunner for invoking dbt.
[2026-07-19T04:35:05.265+0000] {local.py:518} INFO - Cloning project to writable temp directory /tmp/tmp1acos4lc from /opt/airflow/dbt_transform
[2026-07-19T04:35:05.278+0000] {local.py:538} INFO - Partial parse is enabled and the latest partial parse file is /tmp/cosmos/dbt_silver_gold_incremental__transform_gold/target/partial_parse.msgpack
[2026-07-19T04:35:05.314+0000] {config.py:395} INFO - Using user-supplied profiles.yml at /opt/airflow/dbt_transform/profiles.yml
[2026-07-19T04:35:05.328+0000] {runner.py:95} INFO - Trying to run dbtRunner with:
 ['deps', '--project-dir', '/tmp/tmp1acos4lc', '--profiles-dir', '/opt/airflow/dbt_transform', '--profile', 'lakehouse_dbt', '--target', 'dev', '--no-static-parser']
 in /tmp/tmp1acos4lc
[2026-07-19T04:35:05.423+0000] {logging_mixin.py:190} INFO - 04:35:05  Running with dbt=1.8.8
[2026-07-19T04:35:05.598+0000] {converter.py:314} INFO - ::group::Cosmos DAG parsing logs
[2026-07-19T04:35:05.603+0000] {graph.py:869} INFO - Trying to parse the dbt project using dbt ls cache cosmos_cache__dbt_silver_gold_incremental__transform_silver...
[2026-07-19T04:35:07.694+0000] {cache.py:383} INFO - Cosmos performance: time to calculate cache identifier cosmos_cache__dbt_silver_gold_incremental__transform_silver for current version: 2.078598513999168
[2026-07-19T04:35:07.696+0000] {graph.py:886} INFO - Cosmos performance [634783a6dfed|1322]: The cache size for cosmos_cache__dbt_silver_gold_incremental__transform_silver is 5960
[2026-07-19T04:35:07.698+0000] {graph.py:898} INFO - Cosmos performance: Cache hit for cosmos_cache__dbt_silver_gold_incremental__transform_silver - ccb89f537d6e9098d854bb64f1ff230b,5e34606eb5f2b3dea81a8e19fa3ba138
[2026-07-19T04:35:07.700+0000] {graph.py:799} INFO - Total nodes: 7
[2026-07-19T04:35:07.701+0000] {graph.py:800} INFO - Total filtered nodes: 7
[2026-07-19T04:35:07.703+0000] {converter.py:361} INFO - Cosmos performance (dbt_silver_gold_incremental__transform_silver) - [634783a6dfed|1322]: It took 2.1s to parse the dbt project for DAG using dbt_ls_cache
[2026-07-19T04:35:07.717+0000] {converter.py:413} INFO - Cosmos performance (dbt_silver_gold_incremental__transform_silver) - [634783a6dfed|1322]: It took 0.0142s to build the Airflow DAG.
[2026-07-19T04:35:07.718+0000] {converter.py:420} INFO - ::endgroup::Cosmos DAG parsing logs
[2026-07-19T04:35:07.720+0000] {converter.py:314} INFO - ::group::Cosmos DAG parsing logs
[2026-07-19T04:35:07.724+0000] {graph.py:869} INFO - Trying to parse the dbt project using dbt ls cache cosmos_cache__dbt_silver_gold_incremental__transform_gold...
[2026-07-19T04:35:09.711+0000] {cache.py:383} INFO - Cosmos performance: time to calculate cache identifier cosmos_cache__dbt_silver_gold_incremental__transform_gold for current version: 1.9704084109998803
[2026-07-19T04:35:09.713+0000] {graph.py:886} INFO - Cosmos performance [634783a6dfed|1322]: The cache size for cosmos_cache__dbt_silver_gold_incremental__transform_gold is 35986
[2026-07-19T04:35:09.715+0000] {graph.py:898} INFO - Cosmos performance: Cache hit for cosmos_cache__dbt_silver_gold_incremental__transform_gold - ccb89f537d6e9098d854bb64f1ff230b,304321e940a9403dceb380589bd0566f
[2026-07-19T04:35:09.717+0000] {graph.py:799} INFO - Total nodes: 39
[2026-07-19T04:35:09.718+0000] {graph.py:800} INFO - Total filtered nodes: 39
[2026-07-19T04:35:09.721+0000] {converter.py:361} INFO - Cosmos performance (dbt_silver_gold_incremental__transform_gold) - [634783a6dfed|1322]: It took 2s to parse the dbt project for DAG using dbt_ls_cache
[2026-07-19T04:35:09.771+0000] {converter.py:413} INFO - Cosmos performance (dbt_silver_gold_incremental__transform_gold) - [634783a6dfed|1322]: It took 0.05s to build the Airflow DAG.
[2026-07-19T04:35:09.772+0000] {converter.py:420} INFO - ::endgroup::Cosmos DAG parsing logs
[2026-07-19T04:35:09.775+0000] {converter.py:314} INFO - ::group::Cosmos DAG parsing logs
[2026-07-19T04:35:09.780+0000] {graph.py:869} INFO - Trying to parse the dbt project using dbt ls cache cosmos_cache__dbt_silver_gold_full_load__transform_silver...
[2026-07-19T04:35:11.779+0000] {cache.py:383} INFO - Cosmos performance: time to calculate cache identifier cosmos_cache__dbt_silver_gold_full_load__transform_silver for current version: 1.985005000999081
[2026-07-19T04:35:11.780+0000] {graph.py:886} INFO - Cosmos performance [634783a6dfed|1322]: The cache size for cosmos_cache__dbt_silver_gold_full_load__transform_silver is 5960
[2026-07-19T04:35:11.783+0000] {graph.py:898} INFO - Cosmos performance: Cache hit for cosmos_cache__dbt_silver_gold_full_load__transform_silver - ccb89f537d6e9098d854bb64f1ff230b,5e34606eb5f2b3dea81a8e19fa3ba138
[2026-07-19T04:35:11.784+0000] {graph.py:799} INFO - Total nodes: 7
[2026-07-19T04:35:11.785+0000] {graph.py:800} INFO - Total filtered nodes: 7
[2026-07-19T04:35:11.786+0000] {converter.py:361} INFO - Cosmos performance (dbt_silver_gold_full_load__transform_silver) - [634783a6dfed|1322]: It took 2.01s to parse the dbt project for DAG using dbt_ls_cache
[2026-07-19T04:35:11.798+0000] {converter.py:413} INFO - Cosmos performance (dbt_silver_gold_full_load__transform_silver) - [634783a6dfed|1322]: It took 0.0119s to build the Airflow DAG.
[2026-07-19T04:35:11.799+0000] {converter.py:420} INFO - ::endgroup::Cosmos DAG parsing logs
[2026-07-19T04:35:11.801+0000] {converter.py:314} INFO - ::group::Cosmos DAG parsing logs
[2026-07-19T04:35:11.803+0000] {graph.py:869} INFO - Trying to parse the dbt project using dbt ls cache cosmos_cache__dbt_silver_gold_full_load__transform_gold...
[2026-07-19T04:35:13.781+0000] {cache.py:383} INFO - Cosmos performance: time to calculate cache identifier cosmos_cache__dbt_silver_gold_full_load__transform_gold for current version: 1.9658963410001888
[2026-07-19T04:35:13.782+0000] {graph.py:886} INFO - Cosmos performance [634783a6dfed|1322]: The cache size for cosmos_cache__dbt_silver_gold_full_load__transform_gold is 35986
[2026-07-19T04:35:13.785+0000] {graph.py:898} INFO - Cosmos performance: Cache hit for cosmos_cache__dbt_silver_gold_full_load__transform_gold - ccb89f537d6e9098d854bb64f1ff230b,304321e940a9403dceb380589bd0566f
[2026-07-19T04:35:13.786+0000] {graph.py:799} INFO - Total nodes: 39
[2026-07-19T04:35:13.788+0000] {graph.py:800} INFO - Total filtered nodes: 39
[2026-07-19T04:35:13.789+0000] {converter.py:361} INFO - Cosmos performance (dbt_silver_gold_full_load__transform_gold) - [634783a6dfed|1322]: It took 1.99s to parse the dbt project for DAG using dbt_ls_cache
[2026-07-19T04:35:13.830+0000] {converter.py:413} INFO - Cosmos performance (dbt_silver_gold_full_load__transform_gold) - [634783a6dfed|1322]: It took 0.0413s to build the Airflow DAG.
[2026-07-19T04:35:13.832+0000] {converter.py:420} INFO - ::endgroup::Cosmos DAG parsing logs
[2026-07-19T04:35:14.317+0000] {logging_mixin.py:190} INFO - 04:35:14  Installing dbt-labs/dbt_utils
[2026-07-19T04:35:14.878+0000] {logging_mixin.py:190} INFO - 04:35:14  Installed from version 1.3.0
[2026-07-19T04:35:14.880+0000] {logging_mixin.py:190} INFO - 04:35:14  Updated version available: 1.4.1
[2026-07-19T04:35:14.883+0000] {logging_mixin.py:190} INFO - 04:35:14  Installing metaplane/dbt_expectations
[2026-07-19T04:35:19.400+0000] {logging_mixin.py:190} INFO - 04:35:19  Installed from version 0.10.8
[2026-07-19T04:35:19.402+0000] {logging_mixin.py:190} INFO - 04:35:19  Updated version available: 0.10.10
[2026-07-19T04:35:19.403+0000] {logging_mixin.py:190} INFO - 04:35:19  Installing godatadriven/dbt_date
[2026-07-19T04:35:20.046+0000] {logging_mixin.py:190} INFO - 04:35:20  Installed from version 0.15.0
[2026-07-19T04:35:20.048+0000] {logging_mixin.py:190} INFO - 04:35:20  Up to date!
[2026-07-19T04:35:20.051+0000] {logging_mixin.py:190} INFO - 04:35:20
[2026-07-19T04:35:20.053+0000] {logging_mixin.py:190} INFO - 04:35:20  Updates available for packages: ['dbt-labs/dbt_utils', 'metaplane/dbt_expectations']                 
Update your versions in packages.yml, then run dbt deps
[2026-07-19T04:35:21.167+0000] {runner.py:95} INFO - Trying to run dbtRunner with:
 ['run', '--select', 'fqn:consumer_complaints_transformation.marts.dim_products', '--project-dir', '/tmp/tmp1acos4lc', '--profiles-dir', '/opt/airflow/dbt_transform', '--profile', 'lakehouse_dbt', '--target', 'dev', '--no-static-parser']
 in /tmp/tmp1acos4lc
[2026-07-19T04:35:21.194+0000] {logging_mixin.py:190} INFO - 04:35:21  Running with dbt=1.8.8
[2026-07-19T04:35:21.230+0000] {auth.py:343} INFO - keyring module not found. OAuth2 token will not be stored in keyring.
[2026-07-19T04:35:21.235+0000] {auth.py:343} INFO - keyring module not found. OAuth2 token will not be stored in keyring.
[2026-07-19T04:35:21.371+0000] {logging_mixin.py:190} INFO - 04:35:21  Registered adapter: trino=1.8.5
[2026-07-19T04:35:21.799+0000] {logging_mixin.py:190} INFO - 04:35:21  Unable to do partial parsing because config vars, config profile, or config target have changed
[2026-07-19T04:35:24.466+0000] {logging_mixin.py:190} INFO - 04:35:24  [WARNING]: Deprecated functionality
The `tests` config has been renamed to `data_tests`. Please see
https://docs.getdbt.com/docs/build/data-tests#new-data_tests-syntax for more
information.
[2026-07-19T04:35:25.960+0000] {logging_mixin.py:190} INFO - 04:35:25  Found 8 models, 40 data tests, 1 source, 9 metrics, 839 macros, 5 semantic models
[2026-07-19T04:35:25.965+0000] {logging_mixin.py:190} INFO - 04:35:25
[2026-07-19T04:35:26.006+0000] {logging_mixin.py:190} INFO - 04:35:26  [WARNING]: SSL certificate validation is disabled by default. It is legacy behavior which will be changed in future releases. It is strongly advised to enable `require_certificate_validation` flag or explicitly set `cert` configuration to `True` for security reasons. You may receive an error after that if your SSL setup is incorrect.
You may opt into the new behavior sooner by setting `flags.require_certificate_validation` to `True` in `dbt_project.yml`.
Visit https://docs.getdbt.com/reference/global-configs/behavior-changes for more information.
[2026-07-19T04:35:26.743+0000] {logging_mixin.py:190} INFO - 04:35:26  Concurrency: 1 threads (target='dev')
[2026-07-19T04:35:26.747+0000] {logging_mixin.py:190} INFO - 04:35:26
[2026-07-19T04:35:26.757+0000] {logging_mixin.py:190} INFO - 04:35:26  1 of 1 START sql incremental model silver.dim_products ......................... [RUN]
[2026-07-19T04:35:28.542+0000] {logging_mixin.py:190} INFO - 04:35:28  1 of 1 OK created sql incremental model silver.dim_products .................... [CREATE TABLE (12 rows) in 1.77s]
[2026-07-19T04:35:28.566+0000] {logging_mixin.py:190} INFO - 04:35:28
[2026-07-19T04:35:28.572+0000] {logging_mixin.py:190} INFO - 04:35:28  Finished running 1 incremental model in 0 hours 0 minutes and 2.60 seconds (2.60s).
[2026-07-19T04:35:28.703+0000] {logging_mixin.py:190} INFO - 04:35:28
[2026-07-19T04:35:28.707+0000] {logging_mixin.py:190} INFO - 04:35:28  Completed successfully
[2026-07-19T04:35:28.713+0000] {logging_mixin.py:190} INFO - 04:35:28
[2026-07-19T04:35:28.720+0000] {logging_mixin.py:190} INFO - 04:35:28  Done. PASS=1 WARN=0 ERROR=0 SKIP=0 TOTAL=1
[2026-07-19T04:35:30.231+0000] {local.py:196} WARNING - Artifact schema version: https://schemas.getdbt.com/dbt/manifest/v12.json is above dbt-ol supported version 7. This might cause errors.
[2026-07-19T04:35:30.246+0000] {local.py:594} INFO - Inlets: []
[2026-07-19T04:35:30.256+0000] {local.py:595} INFO - Outlets: []
[2026-07-19T04:35:30.274+0000] {local.py:886} INFO - Assigning inlets/outlets with DatasetAlias in Airflow 2
[2026-07-19T04:35:30.439+0000] {taskinstance.py:340} INFO - ::group::Post task execution logs
[2026-07-19T04:35:30.445+0000] {taskinstance.py:352} INFO - Marking task as SUCCESS. dag_id=dbt_silver_gold_incremental, task_id=transform_gold.dim_products.run, run_id=manual__2026-07-19T04:32:25.721206+00:00, execution_date=20260719T043225, start_date=20260719T043503, end_date=20260719T043530
[2026-07-19T04:35:31.288+0000] {_client.py:1026} INFO - HTTP Request: GET https://astronomer.gateway.scarf.sh/astronomer-cosmos/v3/task_instance?cosmos_version=1.15.0&airflow_version=2.10.2&python_version=3.10.15&platform_system=Linux&platform_machine=x86_64&status=success&operator_name=DbtRunLocalOperator&is_cosmos_operator_subclass=False&invocation_mode=dbt_runner&execution_mode=local&profile_strategy=yaml_file&profile_mapping_class=None&database=trino&is_mapped_task=False&dbt_command=run&install_deps=True&has_callback=False&duration=27.229578 "HTTP/1.1 200 OK"
[2026-07-19T04:35:31.332+0000] {local_task_job_runner.py:266} INFO - Task exited with return code 0
[2026-07-19T04:35:31.374+0000] {taskinstance.py:3900} INFO - 0 downstream tasks scheduled from follow-on schedule check
[2026-07-19T04:35:31.378+0000] {local_task_job_runner.py:245} INFO - ::endgroup::
