[2026-06-30T04:55:14.309+0000] {taskinstance.py:1979} INFO - Dependencies all met for dep_context=non-requeueable deps ti=<TaskInstance: setup_lakehouse_infrastructure.deploy_schemas_and_tables manual__2026-06-30T04:55:12.165721+00:00 [queued]>
[2026-06-30T04:55:14.318+0000] {taskinstance.py:1979} INFO - Dependencies all met for dep_context=requeueable deps ti=<TaskInstance: setup_lakehouse_infrastructure.deploy_schemas_and_tables manual__2026-06-30T04:55:12.165721+00:00 [queued]>
[2026-06-30T04:55:14.319+0000] {taskinstance.py:2193} INFO - Starting attempt 1 of 1
[2026-06-30T04:55:14.332+0000] {taskinstance.py:2214} INFO - Executing <Task(_PythonDecoratedOperator): deploy_schemas_and_tables> on 2026-06-30 04:55:12.165721+00:00
[2026-06-30T04:55:14.337+0000] {standard_task_runner.py:60} INFO - Started process 290 to run task
[2026-06-30T04:55:14.339+0000] {standard_task_runner.py:87} INFO - Running: ['airflow', 'tasks', 'run', 'setup_lakehouse_infrastructure', 'deploy_schemas_and_tables', 'manual__2026-06-30T04:55:12.165721+00:00', '--job-id', '4', '--raw', '--subdir', 'DAGS_FOLDER/setup_infrastructure_dag.py', '--cfg-path', '/tmp/tmpcei6inds']
[2026-06-30T04:55:14.341+0000] {standard_task_runner.py:88} INFO - Job 4: Subtask deploy_schemas_and_tables
[2026-06-30T04:55:14.596+0000] {task_command.py:423} INFO - Running <TaskInstance: setup_lakehouse_infrastructure.deploy_schemas_and_tables manual__2026-06-30T04:55:12.165721+00:00 [running]> on host 821448003d8f
[2026-06-30T04:55:14.676+0000] {taskinstance.py:2510} INFO - Exporting env vars: AIRFLOW_CTX_DAG_OWNER='airflow' AIRFLOW_CTX_DAG_ID='setup_lakehouse_infrastructure' AIRFLOW_CTX_TASK_ID='deploy_schemas_and_tables' AIRFLOW_CTX_EXECUTION_DATE='2026-06-30T04:55:12.165721+00:00' AIRFLOW_CTX_TRY_NUMBER='1' AIRFLOW_CTX_DAG_RUN_ID='manual__2026-06-30T04:55:12.165721+00:00'
[2026-06-30T04:55:14.682+0000] {setup_infrastructure_dag.py:71} INFO - === ĐANG DEPLOY TẦNG: LANDING_LAYER ===
[2026-06-30T04:55:14.683+0000] {base.py:83} INFO - Using connection ID 'trino_default' for task execution.
[2026-06-30T04:55:14.684+0000] {base.py:83} INFO - Using connection ID 'trino_default' for task execution.
[2026-06-30T04:55:14.696+0000] {sql.py:457} INFO - Running statement: CREATE SCHEMA IF NOT EXISTS minio_landing.default, parameters: None
[2026-06-30T04:55:15.330+0000] {base.py:83} INFO - Using connection ID 'trino_default' for task execution.
[2026-06-30T04:55:15.332+0000] {base.py:83} INFO - Using connection ID 'trino_default' for task execution.
[2026-06-30T04:55:15.333+0000] {sql.py:457} INFO - Running statement: 
            CREATE TABLE IF NOT EXISTS minio_landing.default.raw_json_complaints (
                complaint_id VARCHAR,
    company VARCHAR,
    date_received VARCHAR,
    product VARCHAR,
    issue VARCHAR,
    state VARCHAR,
    zip_code VARCHAR,
    submitted_via VARCHAR,
    company_response_to_consumer VARCHAR,
    timely_response VARCHAR,
    consumer_disputed VARCHAR
            )
            WITH (format = 'JSON', external_location = 's3://lakehouse/landing/consumer_complaints/'), parameters: None
[2026-06-30T04:55:15.697+0000] {setup_infrastructure_dag.py:87} INFO - ✓ Đã deploy thành công bảng: minio_landing.default.raw_json_complaints
[2026-06-30T04:55:15.699+0000] {setup_infrastructure_dag.py:71} INFO - === ĐANG DEPLOY TẦNG: BRONZE_LAYER ===
[2026-06-30T04:55:15.700+0000] {base.py:83} INFO - Using connection ID 'trino_default' for task execution.
[2026-06-30T04:55:15.701+0000] {base.py:83} INFO - Using connection ID 'trino_default' for task execution.
[2026-06-30T04:55:15.702+0000] {sql.py:457} INFO - Running statement: CREATE SCHEMA IF NOT EXISTS lakehouse.bronze, parameters: None
[2026-06-30T04:55:16.937+0000] {base.py:83} INFO - Using connection ID 'trino_default' for task execution.
[2026-06-30T04:55:16.938+0000] {base.py:83} INFO - Using connection ID 'trino_default' for task execution.
[2026-06-30T04:55:16.939+0000] {sql.py:457} INFO - Running statement: 
            CREATE TABLE IF NOT EXISTS lakehouse.bronze.raw_consumer_complaints (
                complaint_id VARCHAR,
    company VARCHAR,
    date_received VARCHAR,
    product VARCHAR,
    issue VARCHAR,
    state VARCHAR,
    zip_code VARCHAR,
    submitted_via VARCHAR,
    company_response_to_consumer VARCHAR,
    timely_response VARCHAR,
    consumer_disputed VARCHAR,
    _ingest_time TIMESTAMP(6) WITH TIME ZONE,
    _run_id VARCHAR,
    _source_system VARCHAR
            )
            , parameters: None
[2026-06-30T04:55:17.671+0000] {setup_infrastructure_dag.py:87} INFO - ✓ Đã deploy thành công bảng: lakehouse.bronze.raw_consumer_complaints
[2026-06-30T04:55:17.672+0000] {python.py:202} INFO - Done. Returned value was: None
[2026-06-30T04:55:17.685+0000] {taskinstance.py:1149} INFO - Marking task as SUCCESS. dag_id=setup_lakehouse_infrastructure, task_id=deploy_schemas_and_tables, execution_date=20260630T045512, start_date=20260630T045514, end_date=20260630T045517
[2026-06-30T04:55:17.729+0000] {local_task_job_runner.py:234} INFO - Task exited with return code 0
[2026-06-30T04:55:17.905+0000] {taskinstance.py:3309} INFO - 0 downstream tasks scheduled from follow-on schedule check
