[2026-08-12T07:59:11.614+0000] {processor.py:186} INFO - Started process (PID=213) to work on /opt/airflow/dags/dbt_to_qdrant_dag.py
[2026-08-12T07:59:11.615+0000] {processor.py:914} INFO - Processing file /opt/airflow/dags/dbt_to_qdrant_dag.py for tasks to queue
[2026-08-12T07:59:11.620+0000] {logging_mixin.py:190} INFO - [2026-08-12T07:59:11.619+0000] {dagbag.py:588} INFO - Filling up the DagBag from /opt/airflow/dags/dbt_to_qdrant_dag.py
[2026-08-12T07:59:11.657+0000] {processor.py:925} INFO - DAG(s) 'dbt_to_qdrant_minio_sync' retrieved from /opt/airflow/dags/dbt_to_qdrant_dag.py
[2026-08-12T07:59:11.698+0000] {logging_mixin.py:190} INFO - [2026-08-12T07:59:11.697+0000] {dag.py:3239} INFO - Sync 1 DAGs
[2026-08-12T07:59:11.735+0000] {logging_mixin.py:190} INFO - [2026-08-12T07:59:11.734+0000] {dag.py:4180} INFO - Setting next_dagrun for dbt_to_qdrant_minio_sync to None, run_after=None
[2026-08-12T07:59:11.786+0000] {processor.py:208} INFO - Processing /opt/airflow/dags/dbt_to_qdrant_dag.py took 0.178 seconds
[2026-08-12T07:59:43.870+0000] {processor.py:186} INFO - Started process (PID=358) to work on /opt/airflow/dags/dbt_to_qdrant_dag.py
[2026-08-12T07:59:43.872+0000] {processor.py:914} INFO - Processing file /opt/airflow/dags/dbt_to_qdrant_dag.py for tasks to queue
[2026-08-12T07:59:43.876+0000] {logging_mixin.py:190} INFO - [2026-08-12T07:59:43.875+0000] {dagbag.py:588} INFO - Filling up the DagBag from /opt/airflow/dags/dbt_to_qdrant_dag.py
[2026-08-12T07:59:43.915+0000] {processor.py:925} INFO - DAG(s) 'dbt_to_qdrant_minio_sync' retrieved from /opt/airflow/dags/dbt_to_qdrant_dag.py
[2026-08-12T07:59:43.951+0000] {logging_mixin.py:190} INFO - [2026-08-12T07:59:43.951+0000] {dag.py:3239} INFO - Sync 1 DAGs
[2026-08-12T07:59:43.980+0000] {logging_mixin.py:190} INFO - [2026-08-12T07:59:43.980+0000] {dag.py:4180} INFO - Setting next_dagrun for dbt_to_qdrant_minio_sync to None, run_after=None
[2026-08-12T07:59:44.010+0000] {processor.py:208} INFO - Processing /opt/airflow/dags/dbt_to_qdrant_dag.py took 0.149 seconds
[2026-08-12T08:00:14.159+0000] {processor.py:186} INFO - Started process (PID=488) to work on /opt/airflow/dags/dbt_to_qdrant_dag.py
[2026-08-12T08:00:14.161+0000] {processor.py:914} INFO - Processing file /opt/airflow/dags/dbt_to_qdrant_dag.py for tasks to queue
[2026-08-12T08:00:14.164+0000] {logging_mixin.py:190} INFO - [2026-08-12T08:00:14.163+0000] {dagbag.py:588} INFO - Filling up the DagBag from /opt/airflow/dags/dbt_to_qdrant_dag.py
[2026-08-12T08:00:14.207+0000] {processor.py:925} INFO - DAG(s) 'dbt_to_qdrant_minio_sync' retrieved from /opt/airflow/dags/dbt_to_qdrant_dag.py
[2026-08-12T08:00:14.249+0000] {logging_mixin.py:190} INFO - [2026-08-12T08:00:14.248+0000] {dag.py:3239} INFO - Sync 1 DAGs
[2026-08-12T08:00:14.279+0000] {logging_mixin.py:190} INFO - [2026-08-12T08:00:14.278+0000] {dag.py:4180} INFO - Setting next_dagrun for dbt_to_qdrant_minio_sync to None, run_after=None
[2026-08-12T08:00:14.318+0000] {processor.py:208} INFO - Processing /opt/airflow/dags/dbt_to_qdrant_dag.py took 0.169 seconds
[2026-08-12T08:00:46.256+0000] {processor.py:186} INFO - Started process (PID=646) to work on /opt/airflow/dags/dbt_to_qdrant_dag.py
[2026-08-12T08:00:46.257+0000] {processor.py:914} INFO - Processing file /opt/airflow/dags/dbt_to_qdrant_dag.py for tasks to queue
[2026-08-12T08:00:46.260+0000] {logging_mixin.py:190} INFO - [2026-08-12T08:00:46.259+0000] {dagbag.py:588} INFO - Filling up the DagBag from /opt/airflow/dags/dbt_to_qdrant_dag.py
[2026-08-12T08:00:46.303+0000] {processor.py:925} INFO - DAG(s) 'dbt_to_qdrant_minio_sync' retrieved from /opt/airflow/dags/dbt_to_qdrant_dag.py
[2026-08-12T08:00:46.351+0000] {logging_mixin.py:190} INFO - [2026-08-12T08:00:46.350+0000] {dag.py:3239} INFO - Sync 1 DAGs
[2026-08-12T08:00:46.385+0000] {logging_mixin.py:190} INFO - [2026-08-12T08:00:46.385+0000] {dag.py:4180} INFO - Setting next_dagrun for dbt_to_qdrant_minio_sync to None, run_after=None
[2026-08-12T08:00:46.420+0000] {processor.py:208} INFO - Processing /opt/airflow/dags/dbt_to_qdrant_dag.py took 0.172 seconds
[2026-08-12T08:01:16.977+0000] {processor.py:186} INFO - Started process (PID=772) to work on /opt/airflow/dags/dbt_to_qdrant_dag.py
[2026-08-12T08:01:16.978+0000] {processor.py:914} INFO - Processing file /opt/airflow/dags/dbt_to_qdrant_dag.py for tasks to queue
[2026-08-12T08:01:16.981+0000] {logging_mixin.py:190} INFO - [2026-08-12T08:01:16.980+0000] {dagbag.py:588} INFO - Filling up the DagBag from /opt/airflow/dags/dbt_to_qdrant_dag.py
[2026-08-12T08:01:17.009+0000] {processor.py:925} INFO - DAG(s) 'dbt_to_qdrant_minio_sync' retrieved from /opt/airflow/dags/dbt_to_qdrant_dag.py
[2026-08-12T08:01:17.032+0000] {logging_mixin.py:190} INFO - [2026-08-12T08:01:17.032+0000] {dag.py:3239} INFO - Sync 1 DAGs
[2026-08-12T08:01:17.046+0000] {logging_mixin.py:190} INFO - [2026-08-12T08:01:17.046+0000] {dag.py:4180} INFO - Setting next_dagrun for dbt_to_qdrant_minio_sync to None, run_after=None
[2026-08-12T08:01:17.071+0000] {processor.py:208} INFO - Processing /opt/airflow/dags/dbt_to_qdrant_dag.py took 0.100 seconds
[2026-08-12T08:01:47.371+0000] {processor.py:186} INFO - Started process (PID=906) to work on /opt/airflow/dags/dbt_to_qdrant_dag.py
[2026-08-12T08:01:47.372+0000] {processor.py:914} INFO - Processing file /opt/airflow/dags/dbt_to_qdrant_dag.py for tasks to queue
[2026-08-12T08:01:47.373+0000] {logging_mixin.py:190} INFO - [2026-08-12T08:01:47.373+0000] {dagbag.py:588} INFO - Filling up the DagBag from /opt/airflow/dags/dbt_to_qdrant_dag.py
[2026-08-12T08:01:47.401+0000] {processor.py:925} INFO - DAG(s) 'dbt_to_qdrant_minio_sync' retrieved from /opt/airflow/dags/dbt_to_qdrant_dag.py
[2026-08-12T08:01:47.425+0000] {logging_mixin.py:190} INFO - [2026-08-12T08:01:47.424+0000] {dag.py:3239} INFO - Sync 1 DAGs
[2026-08-12T08:01:47.441+0000] {logging_mixin.py:190} INFO - [2026-08-12T08:01:47.440+0000] {dag.py:4180} INFO - Setting next_dagrun for dbt_to_qdrant_minio_sync to None, run_after=None
[2026-08-12T08:01:47.472+0000] {processor.py:208} INFO - Processing /opt/airflow/dags/dbt_to_qdrant_dag.py took 0.106 seconds
[2026-08-12T08:02:17.739+0000] {processor.py:186} INFO - Started process (PID=1041) to work on /opt/airflow/dags/dbt_to_qdrant_dag.py
[2026-08-12T08:02:17.740+0000] {processor.py:914} INFO - Processing file /opt/airflow/dags/dbt_to_qdrant_dag.py for tasks to queue
[2026-08-12T08:02:17.742+0000] {logging_mixin.py:190} INFO - [2026-08-12T08:02:17.741+0000] {dagbag.py:588} INFO - Filling up the DagBag from /opt/airflow/dags/dbt_to_qdrant_dag.py
[2026-08-12T08:02:17.766+0000] {processor.py:925} INFO - DAG(s) 'dbt_to_qdrant_minio_sync' retrieved from /opt/airflow/dags/dbt_to_qdrant_dag.py
[2026-08-12T08:02:17.792+0000] {logging_mixin.py:190} INFO - [2026-08-12T08:02:17.792+0000] {dag.py:3239} INFO - Sync 1 DAGs
[2026-08-12T08:02:17.807+0000] {logging_mixin.py:190} INFO - [2026-08-12T08:02:17.807+0000] {dag.py:4180} INFO - Setting next_dagrun for dbt_to_qdrant_minio_sync to None, run_after=None
[2026-08-12T08:02:17.829+0000] {processor.py:208} INFO - Processing /opt/airflow/dags/dbt_to_qdrant_dag.py took 0.094 seconds
[2026-08-12T08:02:47.913+0000] {processor.py:186} INFO - Started process (PID=1180) to work on /opt/airflow/dags/dbt_to_qdrant_dag.py
[2026-08-12T08:02:47.914+0000] {processor.py:914} INFO - Processing file /opt/airflow/dags/dbt_to_qdrant_dag.py for tasks to queue
[2026-08-12T08:02:47.916+0000] {logging_mixin.py:190} INFO - [2026-08-12T08:02:47.915+0000] {dagbag.py:588} INFO - Filling up the DagBag from /opt/airflow/dags/dbt_to_qdrant_dag.py
[2026-08-12T08:02:47.942+0000] {processor.py:925} INFO - DAG(s) 'dbt_to_qdrant_minio_sync' retrieved from /opt/airflow/dags/dbt_to_qdrant_dag.py
[2026-08-12T08:02:47.966+0000] {logging_mixin.py:190} INFO - [2026-08-12T08:02:47.965+0000] {dag.py:3239} INFO - Sync 1 DAGs
[2026-08-12T08:02:47.980+0000] {logging_mixin.py:190} INFO - [2026-08-12T08:02:47.980+0000] {dag.py:4180} INFO - Setting next_dagrun for dbt_to_qdrant_minio_sync to None, run_after=None
[2026-08-12T08:02:48.001+0000] {processor.py:208} INFO - Processing /opt/airflow/dags/dbt_to_qdrant_dag.py took 0.093 seconds
[2026-08-12T08:03:18.278+0000] {processor.py:186} INFO - Started process (PID=1323) to work on /opt/airflow/dags/dbt_to_qdrant_dag.py
[2026-08-12T08:03:18.279+0000] {processor.py:914} INFO - Processing file /opt/airflow/dags/dbt_to_qdrant_dag.py for tasks to queue
[2026-08-12T08:03:18.281+0000] {logging_mixin.py:190} INFO - [2026-08-12T08:03:18.280+0000] {dagbag.py:588} INFO - Filling up the DagBag from /opt/airflow/dags/dbt_to_qdrant_dag.py
[2026-08-12T08:03:18.319+0000] {processor.py:925} INFO - DAG(s) 'dbt_to_qdrant_minio_sync' retrieved from /opt/airflow/dags/dbt_to_qdrant_dag.py
[2026-08-12T08:03:18.347+0000] {logging_mixin.py:190} INFO - [2026-08-12T08:03:18.347+0000] {dag.py:3239} INFO - Sync 1 DAGs
[2026-08-12T08:03:18.364+0000] {logging_mixin.py:190} INFO - [2026-08-12T08:03:18.364+0000] {dag.py:4180} INFO - Setting next_dagrun for dbt_to_qdrant_minio_sync to None, run_after=None
[2026-08-12T08:03:18.391+0000] {processor.py:208} INFO - Processing /opt/airflow/dags/dbt_to_qdrant_dag.py took 0.120 seconds
[2026-08-12T08:03:49.338+0000] {processor.py:186} INFO - Started process (PID=1460) to work on /opt/airflow/dags/dbt_to_qdrant_dag.py
[2026-08-12T08:03:49.339+0000] {processor.py:914} INFO - Processing file /opt/airflow/dags/dbt_to_qdrant_dag.py for tasks to queue
[2026-08-12T08:03:49.341+0000] {logging_mixin.py:190} INFO - [2026-08-12T08:03:49.340+0000] {dagbag.py:588} INFO - Filling up the DagBag from /opt/airflow/dags/dbt_to_qdrant_dag.py
[2026-08-12T08:03:49.366+0000] {processor.py:925} INFO - DAG(s) 'dbt_to_qdrant_minio_sync' retrieved from /opt/airflow/dags/dbt_to_qdrant_dag.py
[2026-08-12T08:03:49.387+0000] {logging_mixin.py:190} INFO - [2026-08-12T08:03:49.387+0000] {dag.py:3239} INFO - Sync 1 DAGs
[2026-08-12T08:03:49.400+0000] {logging_mixin.py:190} INFO - [2026-08-12T08:03:49.400+0000] {dag.py:4180} INFO - Setting next_dagrun for dbt_to_qdrant_minio_sync to None, run_after=None
[2026-08-12T08:03:49.417+0000] {processor.py:208} INFO - Processing /opt/airflow/dags/dbt_to_qdrant_dag.py took 0.084 seconds
[2026-08-12T08:04:20.111+0000] {processor.py:186} INFO - Started process (PID=1592) to work on /opt/airflow/dags/dbt_to_qdrant_dag.py
[2026-08-12T08:04:20.113+0000] {processor.py:914} INFO - Processing file /opt/airflow/dags/dbt_to_qdrant_dag.py for tasks to queue
[2026-08-12T08:04:20.114+0000] {logging_mixin.py:190} INFO - [2026-08-12T08:04:20.114+0000] {dagbag.py:588} INFO - Filling up the DagBag from /opt/airflow/dags/dbt_to_qdrant_dag.py
[2026-08-12T08:04:20.149+0000] {processor.py:925} INFO - DAG(s) 'dbt_to_qdrant_minio_sync' retrieved from /opt/airflow/dags/dbt_to_qdrant_dag.py
[2026-08-12T08:04:20.176+0000] {logging_mixin.py:190} INFO - [2026-08-12T08:04:20.176+0000] {dag.py:3239} INFO - Sync 1 DAGs
[2026-08-12T08:04:20.191+0000] {logging_mixin.py:190} INFO - [2026-08-12T08:04:20.191+0000] {dag.py:4180} INFO - Setting next_dagrun for dbt_to_qdrant_minio_sync to None, run_after=None
[2026-08-12T08:04:20.216+0000] {processor.py:208} INFO - Processing /opt/airflow/dags/dbt_to_qdrant_dag.py took 0.111 seconds
[2026-08-12T08:04:51.007+0000] {processor.py:186} INFO - Started process (PID=1729) to work on /opt/airflow/dags/dbt_to_qdrant_dag.py
[2026-08-12T08:04:51.009+0000] {processor.py:914} INFO - Processing file /opt/airflow/dags/dbt_to_qdrant_dag.py for tasks to queue
[2026-08-12T08:04:51.011+0000] {logging_mixin.py:190} INFO - [2026-08-12T08:04:51.010+0000] {dagbag.py:588} INFO - Filling up the DagBag from /opt/airflow/dags/dbt_to_qdrant_dag.py
[2026-08-12T08:04:51.044+0000] {processor.py:925} INFO - DAG(s) 'dbt_to_qdrant_minio_sync' retrieved from /opt/airflow/dags/dbt_to_qdrant_dag.py
[2026-08-12T08:04:51.073+0000] {logging_mixin.py:190} INFO - [2026-08-12T08:04:51.073+0000] {dag.py:3239} INFO - Sync 1 DAGs
[2026-08-12T08:04:51.090+0000] {logging_mixin.py:190} INFO - [2026-08-12T08:04:51.090+0000] {dag.py:4180} INFO - Setting next_dagrun for dbt_to_qdrant_minio_sync to None, run_after=None
[2026-08-12T08:04:51.118+0000] {processor.py:208} INFO - Processing /opt/airflow/dags/dbt_to_qdrant_dag.py took 0.117 seconds
[2026-08-12T08:05:21.325+0000] {processor.py:186} INFO - Started process (PID=1851) to work on /opt/airflow/dags/dbt_to_qdrant_dag.py
[2026-08-12T08:05:21.326+0000] {processor.py:914} INFO - Processing file /opt/airflow/dags/dbt_to_qdrant_dag.py for tasks to queue
[2026-08-12T08:05:21.327+0000] {logging_mixin.py:190} INFO - [2026-08-12T08:05:21.327+0000] {dagbag.py:588} INFO - Filling up the DagBag from /opt/airflow/dags/dbt_to_qdrant_dag.py
[2026-08-12T08:05:21.357+0000] {processor.py:925} INFO - DAG(s) 'dbt_to_qdrant_minio_sync' retrieved from /opt/airflow/dags/dbt_to_qdrant_dag.py
[2026-08-12T08:05:21.382+0000] {logging_mixin.py:190} INFO - [2026-08-12T08:05:21.381+0000] {dag.py:3239} INFO - Sync 1 DAGs
[2026-08-12T08:05:21.396+0000] {logging_mixin.py:190} INFO - [2026-08-12T08:05:21.396+0000] {dag.py:4180} INFO - Setting next_dagrun for dbt_to_qdrant_minio_sync to None, run_after=None
[2026-08-12T08:05:21.415+0000] {processor.py:208} INFO - Processing /opt/airflow/dags/dbt_to_qdrant_dag.py took 0.095 seconds
[2026-08-12T08:05:51.848+0000] {processor.py:186} INFO - Started process (PID=1986) to work on /opt/airflow/dags/dbt_to_qdrant_dag.py
[2026-08-12T08:05:51.849+0000] {processor.py:914} INFO - Processing file /opt/airflow/dags/dbt_to_qdrant_dag.py for tasks to queue
[2026-08-12T08:05:51.850+0000] {logging_mixin.py:190} INFO - [2026-08-12T08:05:51.850+0000] {dagbag.py:588} INFO - Filling up the DagBag from /opt/airflow/dags/dbt_to_qdrant_dag.py
[2026-08-12T08:05:51.875+0000] {processor.py:925} INFO - DAG(s) 'dbt_to_qdrant_minio_sync' retrieved from /opt/airflow/dags/dbt_to_qdrant_dag.py
[2026-08-12T08:05:51.896+0000] {logging_mixin.py:190} INFO - [2026-08-12T08:05:51.896+0000] {dag.py:3239} INFO - Sync 1 DAGs
[2026-08-12T08:05:51.909+0000] {logging_mixin.py:190} INFO - [2026-08-12T08:05:51.909+0000] {dag.py:4180} INFO - Setting next_dagrun for dbt_to_qdrant_minio_sync to None, run_after=None
[2026-08-12T08:05:51.926+0000] {processor.py:208} INFO - Processing /opt/airflow/dags/dbt_to_qdrant_dag.py took 0.083 seconds
[2026-08-12T08:07:13.062+0000] {processor.py:186} INFO - Started process (PID=211) to work on /opt/airflow/dags/dbt_to_qdrant_dag.py
[2026-08-12T08:07:13.063+0000] {processor.py:914} INFO - Processing file /opt/airflow/dags/dbt_to_qdrant_dag.py for tasks to queue
[2026-08-12T08:07:13.067+0000] {logging_mixin.py:190} INFO - [2026-08-12T08:07:13.067+0000] {dagbag.py:588} INFO - Filling up the DagBag from /opt/airflow/dags/dbt_to_qdrant_dag.py
[2026-08-12T08:07:13.100+0000] {processor.py:925} INFO - DAG(s) 'dbt_to_qdrant_minio_sync' retrieved from /opt/airflow/dags/dbt_to_qdrant_dag.py
[2026-08-12T08:07:13.148+0000] {logging_mixin.py:190} INFO - [2026-08-12T08:07:13.148+0000] {dag.py:3239} INFO - Sync 1 DAGs
[2026-08-12T08:07:13.178+0000] {logging_mixin.py:190} INFO - [2026-08-12T08:07:13.178+0000] {dag.py:4180} INFO - Setting next_dagrun for dbt_to_qdrant_minio_sync to None, run_after=None
[2026-08-12T08:07:13.211+0000] {processor.py:208} INFO - Processing /opt/airflow/dags/dbt_to_qdrant_dag.py took 0.157 seconds
[2026-08-12T08:07:43.607+0000] {processor.py:186} INFO - Started process (PID=348) to work on /opt/airflow/dags/dbt_to_qdrant_dag.py
[2026-08-12T08:07:43.609+0000] {processor.py:914} INFO - Processing file /opt/airflow/dags/dbt_to_qdrant_dag.py for tasks to queue
[2026-08-12T08:07:43.611+0000] {logging_mixin.py:190} INFO - [2026-08-12T08:07:43.611+0000] {dagbag.py:588} INFO - Filling up the DagBag from /opt/airflow/dags/dbt_to_qdrant_dag.py
[2026-08-12T08:07:43.649+0000] {processor.py:925} INFO - DAG(s) 'dbt_to_qdrant_minio_sync' retrieved from /opt/airflow/dags/dbt_to_qdrant_dag.py
[2026-08-12T08:07:43.679+0000] {logging_mixin.py:190} INFO - [2026-08-12T08:07:43.678+0000] {dag.py:3239} INFO - Sync 1 DAGs
[2026-08-12T08:07:43.695+0000] {logging_mixin.py:190} INFO - [2026-08-12T08:07:43.694+0000] {dag.py:4180} INFO - Setting next_dagrun for dbt_to_qdrant_minio_sync to None, run_after=None
[2026-08-12T08:07:43.717+0000] {processor.py:208} INFO - Processing /opt/airflow/dags/dbt_to_qdrant_dag.py took 0.117 seconds
[2026-08-12T08:08:14.973+0000] {processor.py:186} INFO - Started process (PID=486) to work on /opt/airflow/dags/dbt_to_qdrant_dag.py
[2026-08-12T08:08:14.974+0000] {processor.py:914} INFO - Processing file /opt/airflow/dags/dbt_to_qdrant_dag.py for tasks to queue
[2026-08-12T08:08:14.976+0000] {logging_mixin.py:190} INFO - [2026-08-12T08:08:14.976+0000] {dagbag.py:588} INFO - Filling up the DagBag from /opt/airflow/dags/dbt_to_qdrant_dag.py
[2026-08-12T08:08:15.002+0000] {processor.py:925} INFO - DAG(s) 'dbt_to_qdrant_minio_sync' retrieved from /opt/airflow/dags/dbt_to_qdrant_dag.py
[2026-08-12T08:08:15.028+0000] {logging_mixin.py:190} INFO - [2026-08-12T08:08:15.027+0000] {dag.py:3239} INFO - Sync 1 DAGs
[2026-08-12T08:08:15.041+0000] {logging_mixin.py:190} INFO - [2026-08-12T08:08:15.040+0000] {dag.py:4180} INFO - Setting next_dagrun for dbt_to_qdrant_minio_sync to None, run_after=None
[2026-08-12T08:08:15.060+0000] {processor.py:208} INFO - Processing /opt/airflow/dags/dbt_to_qdrant_dag.py took 0.092 seconds
[2026-08-12T08:08:45.848+0000] {processor.py:186} INFO - Started process (PID=618) to work on /opt/airflow/dags/dbt_to_qdrant_dag.py
[2026-08-12T08:08:45.849+0000] {processor.py:914} INFO - Processing file /opt/airflow/dags/dbt_to_qdrant_dag.py for tasks to queue
[2026-08-12T08:08:45.852+0000] {logging_mixin.py:190} INFO - [2026-08-12T08:08:45.852+0000] {dagbag.py:588} INFO - Filling up the DagBag from /opt/airflow/dags/dbt_to_qdrant_dag.py
[2026-08-12T08:08:45.891+0000] {processor.py:925} INFO - DAG(s) 'dbt_to_qdrant_minio_sync' retrieved from /opt/airflow/dags/dbt_to_qdrant_dag.py
[2026-08-12T08:08:45.914+0000] {logging_mixin.py:190} INFO - [2026-08-12T08:08:45.914+0000] {dag.py:3239} INFO - Sync 1 DAGs
[2026-08-12T08:08:45.930+0000] {logging_mixin.py:190} INFO - [2026-08-12T08:08:45.930+0000] {dag.py:4180} INFO - Setting next_dagrun for dbt_to_qdrant_minio_sync to None, run_after=None
[2026-08-12T08:08:45.949+0000] {processor.py:208} INFO - Processing /opt/airflow/dags/dbt_to_qdrant_dag.py took 0.107 seconds
[2026-08-12T08:09:17.212+0000] {processor.py:186} INFO - Started process (PID=757) to work on /opt/airflow/dags/dbt_to_qdrant_dag.py
[2026-08-12T08:09:17.213+0000] {processor.py:914} INFO - Processing file /opt/airflow/dags/dbt_to_qdrant_dag.py for tasks to queue
[2026-08-12T08:09:17.215+0000] {logging_mixin.py:190} INFO - [2026-08-12T08:09:17.214+0000] {dagbag.py:588} INFO - Filling up the DagBag from /opt/airflow/dags/dbt_to_qdrant_dag.py
[2026-08-12T08:09:17.239+0000] {processor.py:925} INFO - DAG(s) 'dbt_to_qdrant_minio_sync' retrieved from /opt/airflow/dags/dbt_to_qdrant_dag.py
[2026-08-12T08:09:17.263+0000] {logging_mixin.py:190} INFO - [2026-08-12T08:09:17.263+0000] {dag.py:3239} INFO - Sync 1 DAGs
[2026-08-12T08:09:17.278+0000] {logging_mixin.py:190} INFO - [2026-08-12T08:09:17.278+0000] {dag.py:4180} INFO - Setting next_dagrun for dbt_to_qdrant_minio_sync to None, run_after=None
[2026-08-12T08:09:17.301+0000] {processor.py:208} INFO - Processing /opt/airflow/dags/dbt_to_qdrant_dag.py took 0.095 seconds
[2026-08-12T08:09:48.256+0000] {processor.py:186} INFO - Started process (PID=892) to work on /opt/airflow/dags/dbt_to_qdrant_dag.py
[2026-08-12T08:09:48.257+0000] {processor.py:914} INFO - Processing file /opt/airflow/dags/dbt_to_qdrant_dag.py for tasks to queue
[2026-08-12T08:09:48.260+0000] {logging_mixin.py:190} INFO - [2026-08-12T08:09:48.260+0000] {dagbag.py:588} INFO - Filling up the DagBag from /opt/airflow/dags/dbt_to_qdrant_dag.py
[2026-08-12T08:09:48.304+0000] {processor.py:925} INFO - DAG(s) 'dbt_to_qdrant_minio_sync' retrieved from /opt/airflow/dags/dbt_to_qdrant_dag.py
[2026-08-12T08:09:48.330+0000] {logging_mixin.py:190} INFO - [2026-08-12T08:09:48.329+0000] {dag.py:3239} INFO - Sync 1 DAGs
[2026-08-12T08:09:48.358+0000] {logging_mixin.py:190} INFO - [2026-08-12T08:09:48.358+0000] {dag.py:4180} INFO - Setting next_dagrun for dbt_to_qdrant_minio_sync to None, run_after=None
[2026-08-12T08:09:48.412+0000] {processor.py:208} INFO - Processing /opt/airflow/dags/dbt_to_qdrant_dag.py took 0.161 seconds
[2026-08-12T08:10:19.430+0000] {processor.py:186} INFO - Started process (PID=1029) to work on /opt/airflow/dags/dbt_to_qdrant_dag.py
[2026-08-12T08:10:19.431+0000] {processor.py:914} INFO - Processing file /opt/airflow/dags/dbt_to_qdrant_dag.py for tasks to queue
[2026-08-12T08:10:19.433+0000] {logging_mixin.py:190} INFO - [2026-08-12T08:10:19.433+0000] {dagbag.py:588} INFO - Filling up the DagBag from /opt/airflow/dags/dbt_to_qdrant_dag.py
[2026-08-12T08:10:19.458+0000] {processor.py:925} INFO - DAG(s) 'dbt_to_qdrant_minio_sync' retrieved from /opt/airflow/dags/dbt_to_qdrant_dag.py
[2026-08-12T08:10:19.481+0000] {logging_mixin.py:190} INFO - [2026-08-12T08:10:19.481+0000] {dag.py:3239} INFO - Sync 1 DAGs
[2026-08-12T08:10:19.493+0000] {logging_mixin.py:190} INFO - [2026-08-12T08:10:19.493+0000] {dag.py:4180} INFO - Setting next_dagrun for dbt_to_qdrant_minio_sync to None, run_after=None
[2026-08-12T08:10:19.511+0000] {processor.py:208} INFO - Processing /opt/airflow/dags/dbt_to_qdrant_dag.py took 0.086 seconds
[2026-08-12T08:11:47.318+0000] {processor.py:186} INFO - Started process (PID=212) to work on /opt/airflow/dags/dbt_to_qdrant_dag.py
[2026-08-12T08:11:47.319+0000] {processor.py:914} INFO - Processing file /opt/airflow/dags/dbt_to_qdrant_dag.py for tasks to queue
[2026-08-12T08:11:47.325+0000] {logging_mixin.py:190} INFO - [2026-08-12T08:11:47.324+0000] {dagbag.py:588} INFO - Filling up the DagBag from /opt/airflow/dags/dbt_to_qdrant_dag.py
[2026-08-12T08:11:47.364+0000] {processor.py:925} INFO - DAG(s) 'dbt_to_qdrant_minio_sync' retrieved from /opt/airflow/dags/dbt_to_qdrant_dag.py
[2026-08-12T08:11:47.416+0000] {logging_mixin.py:190} INFO - [2026-08-12T08:11:47.416+0000] {dag.py:3239} INFO - Sync 1 DAGs
[2026-08-12T08:11:47.444+0000] {logging_mixin.py:190} INFO - [2026-08-12T08:11:47.444+0000] {dag.py:4180} INFO - Setting next_dagrun for dbt_to_qdrant_minio_sync to None, run_after=None
[2026-08-12T08:11:47.483+0000] {processor.py:208} INFO - Processing /opt/airflow/dags/dbt_to_qdrant_dag.py took 0.176 seconds
[2026-08-12T08:12:18.169+0000] {processor.py:186} INFO - Started process (PID=352) to work on /opt/airflow/dags/dbt_to_qdrant_dag.py
[2026-08-12T08:12:18.171+0000] {processor.py:914} INFO - Processing file /opt/airflow/dags/dbt_to_qdrant_dag.py for tasks to queue
[2026-08-12T08:12:18.175+0000] {logging_mixin.py:190} INFO - [2026-08-12T08:12:18.175+0000] {dagbag.py:588} INFO - Filling up the DagBag from /opt/airflow/dags/dbt_to_qdrant_dag.py
[2026-08-12T08:12:18.209+0000] {processor.py:925} INFO - DAG(s) 'dbt_to_qdrant_minio_sync' retrieved from /opt/airflow/dags/dbt_to_qdrant_dag.py
[2026-08-12T08:12:18.251+0000] {logging_mixin.py:190} INFO - [2026-08-12T08:12:18.250+0000] {dag.py:3239} INFO - Sync 1 DAGs
[2026-08-12T08:12:18.281+0000] {logging_mixin.py:190} INFO - [2026-08-12T08:12:18.281+0000] {dag.py:4180} INFO - Setting next_dagrun for dbt_to_qdrant_minio_sync to None, run_after=None
[2026-08-12T08:12:18.307+0000] {processor.py:208} INFO - Processing /opt/airflow/dags/dbt_to_qdrant_dag.py took 0.143 seconds
[2026-08-12T08:12:49.491+0000] {processor.py:186} INFO - Started process (PID=487) to work on /opt/airflow/dags/dbt_to_qdrant_dag.py
[2026-08-12T08:12:49.492+0000] {processor.py:914} INFO - Processing file /opt/airflow/dags/dbt_to_qdrant_dag.py for tasks to queue
[2026-08-12T08:12:49.494+0000] {logging_mixin.py:190} INFO - [2026-08-12T08:12:49.494+0000] {dagbag.py:588} INFO - Filling up the DagBag from /opt/airflow/dags/dbt_to_qdrant_dag.py
[2026-08-12T08:12:49.521+0000] {processor.py:925} INFO - DAG(s) 'dbt_to_qdrant_minio_sync' retrieved from /opt/airflow/dags/dbt_to_qdrant_dag.py
[2026-08-12T08:12:49.544+0000] {logging_mixin.py:190} INFO - [2026-08-12T08:12:49.544+0000] {dag.py:3239} INFO - Sync 1 DAGs
[2026-08-12T08:12:49.557+0000] {logging_mixin.py:190} INFO - [2026-08-12T08:12:49.557+0000] {dag.py:4180} INFO - Setting next_dagrun for dbt_to_qdrant_minio_sync to None, run_after=None
[2026-08-12T08:12:49.576+0000] {processor.py:208} INFO - Processing /opt/airflow/dags/dbt_to_qdrant_dag.py took 0.091 seconds
[2026-08-12T08:13:19.723+0000] {processor.py:186} INFO - Started process (PID=619) to work on /opt/airflow/dags/dbt_to_qdrant_dag.py
[2026-08-12T08:13:19.724+0000] {processor.py:914} INFO - Processing file /opt/airflow/dags/dbt_to_qdrant_dag.py for tasks to queue
[2026-08-12T08:13:19.727+0000] {logging_mixin.py:190} INFO - [2026-08-12T08:13:19.727+0000] {dagbag.py:588} INFO - Filling up the DagBag from /opt/airflow/dags/dbt_to_qdrant_dag.py
[2026-08-12T08:13:19.757+0000] {processor.py:925} INFO - DAG(s) 'dbt_to_qdrant_minio_sync' retrieved from /opt/airflow/dags/dbt_to_qdrant_dag.py
[2026-08-12T08:13:19.785+0000] {logging_mixin.py:190} INFO - [2026-08-12T08:13:19.784+0000] {dag.py:3239} INFO - Sync 1 DAGs
[2026-08-12T08:13:19.805+0000] {logging_mixin.py:190} INFO - [2026-08-12T08:13:19.805+0000] {dag.py:4180} INFO - Setting next_dagrun for dbt_to_qdrant_minio_sync to None, run_after=None
[2026-08-12T08:13:19.833+0000] {processor.py:208} INFO - Processing /opt/airflow/dags/dbt_to_qdrant_dag.py took 0.116 seconds
[2026-08-12T08:13:50.886+0000] {processor.py:186} INFO - Started process (PID=758) to work on /opt/airflow/dags/dbt_to_qdrant_dag.py
[2026-08-12T08:13:50.887+0000] {processor.py:914} INFO - Processing file /opt/airflow/dags/dbt_to_qdrant_dag.py for tasks to queue
[2026-08-12T08:13:50.889+0000] {logging_mixin.py:190} INFO - [2026-08-12T08:13:50.889+0000] {dagbag.py:588} INFO - Filling up the DagBag from /opt/airflow/dags/dbt_to_qdrant_dag.py
[2026-08-12T08:13:50.915+0000] {processor.py:925} INFO - DAG(s) 'dbt_to_qdrant_minio_sync' retrieved from /opt/airflow/dags/dbt_to_qdrant_dag.py
[2026-08-12T08:13:50.940+0000] {logging_mixin.py:190} INFO - [2026-08-12T08:13:50.939+0000] {dag.py:3239} INFO - Sync 1 DAGs
[2026-08-12T08:13:50.954+0000] {logging_mixin.py:190} INFO - [2026-08-12T08:13:50.954+0000] {dag.py:4180} INFO - Setting next_dagrun for dbt_to_qdrant_minio_sync to None, run_after=None
[2026-08-12T08:13:50.976+0000] {processor.py:208} INFO - Processing /opt/airflow/dags/dbt_to_qdrant_dag.py took 0.096 seconds
[2026-08-12T09:24:50.995+0000] {processor.py:186} INFO - Started process (PID=212) to work on /opt/airflow/dags/dbt_to_qdrant_dag.py
[2026-08-12T09:24:50.996+0000] {processor.py:914} INFO - Processing file /opt/airflow/dags/dbt_to_qdrant_dag.py for tasks to queue
[2026-08-12T09:24:51.000+0000] {logging_mixin.py:190} INFO - [2026-08-12T09:24:51.999+0000] {dagbag.py:588} INFO - Filling up the DagBag from /opt/airflow/dags/dbt_to_qdrant_dag.py
[2026-08-12T09:24:51.034+0000] {processor.py:925} INFO - DAG(s) 'dbt_to_qdrant_minio_sync' retrieved from /opt/airflow/dags/dbt_to_qdrant_dag.py
[2026-08-12T09:24:51.074+0000] {logging_mixin.py:190} INFO - [2026-08-12T09:24:51.073+0000] {dag.py:3239} INFO - Sync 1 DAGs
[2026-08-12T09:24:51.103+0000] {logging_mixin.py:190} INFO - [2026-08-12T09:24:51.103+0000] {dag.py:4180} INFO - Setting next_dagrun for dbt_to_qdrant_minio_sync to None, run_after=None
[2026-08-12T09:24:51.140+0000] {processor.py:208} INFO - Processing /opt/airflow/dags/dbt_to_qdrant_dag.py took 0.152 seconds
[2026-08-12T09:25:22.424+0000] {processor.py:186} INFO - Started process (PID=349) to work on /opt/airflow/dags/dbt_to_qdrant_dag.py
[2026-08-12T09:25:22.425+0000] {processor.py:914} INFO - Processing file /opt/airflow/dags/dbt_to_qdrant_dag.py for tasks to queue
[2026-08-12T09:25:22.428+0000] {logging_mixin.py:190} INFO - [2026-08-12T09:25:22.427+0000] {dagbag.py:588} INFO - Filling up the DagBag from /opt/airflow/dags/dbt_to_qdrant_dag.py
[2026-08-12T09:25:22.460+0000] {processor.py:925} INFO - DAG(s) 'dbt_to_qdrant_minio_sync' retrieved from /opt/airflow/dags/dbt_to_qdrant_dag.py
[2026-08-12T09:25:22.494+0000] {logging_mixin.py:190} INFO - [2026-08-12T09:25:22.494+0000] {dag.py:3239} INFO - Sync 1 DAGs
[2026-08-12T09:25:22.515+0000] {logging_mixin.py:190} INFO - [2026-08-12T09:25:22.515+0000] {dag.py:4180} INFO - Setting next_dagrun for dbt_to_qdrant_minio_sync to None, run_after=None
[2026-08-12T09:25:22.545+0000] {processor.py:208} INFO - Processing /opt/airflow/dags/dbt_to_qdrant_dag.py took 0.129 seconds
[2026-08-12T09:25:53.267+0000] {processor.py:186} INFO - Started process (PID=484) to work on /opt/airflow/dags/dbt_to_qdrant_dag.py
[2026-08-12T09:25:53.269+0000] {processor.py:914} INFO - Processing file /opt/airflow/dags/dbt_to_qdrant_dag.py for tasks to queue
[2026-08-12T09:25:53.270+0000] {logging_mixin.py:190} INFO - [2026-08-12T09:25:53.270+0000] {dagbag.py:588} INFO - Filling up the DagBag from /opt/airflow/dags/dbt_to_qdrant_dag.py
[2026-08-12T09:25:53.302+0000] {processor.py:925} INFO - DAG(s) 'dbt_to_qdrant_minio_sync' retrieved from /opt/airflow/dags/dbt_to_qdrant_dag.py
[2026-08-12T09:25:53.335+0000] {logging_mixin.py:190} INFO - [2026-08-12T09:25:53.334+0000] {dag.py:3239} INFO - Sync 1 DAGs
[2026-08-12T09:25:53.353+0000] {logging_mixin.py:190} INFO - [2026-08-12T09:25:53.353+0000] {dag.py:4180} INFO - Setting next_dagrun for dbt_to_qdrant_minio_sync to None, run_after=None
[2026-08-12T09:25:53.382+0000] {processor.py:208} INFO - Processing /opt/airflow/dags/dbt_to_qdrant_dag.py took 0.121 seconds
[2026-08-12T09:26:26.119+0000] {processor.py:186} INFO - Started process (PID=625) to work on /opt/airflow/dags/dbt_to_qdrant_dag.py
[2026-08-12T09:26:26.120+0000] {processor.py:914} INFO - Processing file /opt/airflow/dags/dbt_to_qdrant_dag.py for tasks to queue
[2026-08-12T09:26:26.123+0000] {logging_mixin.py:190} INFO - [2026-08-12T09:26:26.122+0000] {dagbag.py:588} INFO - Filling up the DagBag from /opt/airflow/dags/dbt_to_qdrant_dag.py
[2026-08-12T09:26:26.167+0000] {processor.py:925} INFO - DAG(s) 'dbt_to_qdrant_minio_sync' retrieved from /opt/airflow/dags/dbt_to_qdrant_dag.py
[2026-08-12T09:26:26.241+0000] {logging_mixin.py:190} INFO - [2026-08-12T09:26:26.241+0000] {dag.py:3239} INFO - Sync 1 DAGs
[2026-08-12T09:26:26.311+0000] {logging_mixin.py:190} INFO - [2026-08-12T09:26:26.311+0000] {dag.py:4180} INFO - Setting next_dagrun for dbt_to_qdrant_minio_sync to None, run_after=None
[2026-08-12T09:26:26.362+0000] {processor.py:208} INFO - Processing /opt/airflow/dags/dbt_to_qdrant_dag.py took 0.252 seconds
[2026-08-12T09:26:57.128+0000] {processor.py:186} INFO - Started process (PID=759) to work on /opt/airflow/dags/dbt_to_qdrant_dag.py
[2026-08-12T09:26:57.129+0000] {processor.py:914} INFO - Processing file /opt/airflow/dags/dbt_to_qdrant_dag.py for tasks to queue
[2026-08-12T09:26:57.130+0000] {logging_mixin.py:190} INFO - [2026-08-12T09:26:57.130+0000] {dagbag.py:588} INFO - Filling up the DagBag from /opt/airflow/dags/dbt_to_qdrant_dag.py
[2026-08-12T09:26:57.160+0000] {processor.py:925} INFO - DAG(s) 'dbt_to_qdrant_minio_sync' retrieved from /opt/airflow/dags/dbt_to_qdrant_dag.py
[2026-08-12T09:26:57.182+0000] {logging_mixin.py:190} INFO - [2026-08-12T09:26:57.182+0000] {dag.py:3239} INFO - Sync 1 DAGs
[2026-08-12T09:26:57.196+0000] {logging_mixin.py:190} INFO - [2026-08-12T09:26:57.196+0000] {dag.py:4180} INFO - Setting next_dagrun for dbt_to_qdrant_minio_sync to None, run_after=None
[2026-08-12T09:26:57.214+0000] {processor.py:208} INFO - Processing /opt/airflow/dags/dbt_to_qdrant_dag.py took 0.091 seconds
[2026-08-12T09:27:27.330+0000] {processor.py:186} INFO - Started process (PID=891) to work on /opt/airflow/dags/dbt_to_qdrant_dag.py
[2026-08-12T09:27:27.331+0000] {processor.py:914} INFO - Processing file /opt/airflow/dags/dbt_to_qdrant_dag.py for tasks to queue
[2026-08-12T09:27:27.332+0000] {logging_mixin.py:190} INFO - [2026-08-12T09:27:27.332+0000] {dagbag.py:588} INFO - Filling up the DagBag from /opt/airflow/dags/dbt_to_qdrant_dag.py
[2026-08-12T09:27:27.357+0000] {processor.py:925} INFO - DAG(s) 'dbt_to_qdrant_minio_sync' retrieved from /opt/airflow/dags/dbt_to_qdrant_dag.py
[2026-08-12T09:27:27.385+0000] {logging_mixin.py:190} INFO - [2026-08-12T09:27:27.385+0000] {dag.py:3239} INFO - Sync 1 DAGs
[2026-08-12T09:27:27.405+0000] {logging_mixin.py:190} INFO - [2026-08-12T09:27:27.405+0000] {dag.py:4180} INFO - Setting next_dagrun for dbt_to_qdrant_minio_sync to None, run_after=None
[2026-08-12T09:27:27.430+0000] {processor.py:208} INFO - Processing /opt/airflow/dags/dbt_to_qdrant_dag.py took 0.107 seconds
[2026-08-12T09:27:57.741+0000] {processor.py:186} INFO - Started process (PID=1027) to work on /opt/airflow/dags/dbt_to_qdrant_dag.py
[2026-08-12T09:27:57.743+0000] {processor.py:914} INFO - Processing file /opt/airflow/dags/dbt_to_qdrant_dag.py for tasks to queue
[2026-08-12T09:27:57.744+0000] {logging_mixin.py:190} INFO - [2026-08-12T09:27:57.744+0000] {dagbag.py:588} INFO - Filling up the DagBag from /opt/airflow/dags/dbt_to_qdrant_dag.py
[2026-08-12T09:27:57.771+0000] {processor.py:925} INFO - DAG(s) 'dbt_to_qdrant_minio_sync' retrieved from /opt/airflow/dags/dbt_to_qdrant_dag.py
[2026-08-12T09:27:57.795+0000] {logging_mixin.py:190} INFO - [2026-08-12T09:27:57.795+0000] {dag.py:3239} INFO - Sync 1 DAGs
[2026-08-12T09:27:57.809+0000] {logging_mixin.py:190} INFO - [2026-08-12T09:27:57.808+0000] {dag.py:4180} INFO - Setting next_dagrun for dbt_to_qdrant_minio_sync to None, run_after=None
[2026-08-12T09:27:57.827+0000] {processor.py:208} INFO - Processing /opt/airflow/dags/dbt_to_qdrant_dag.py took 0.092 seconds
[2026-08-12T09:28:28.024+0000] {processor.py:186} INFO - Started process (PID=1160) to work on /opt/airflow/dags/dbt_to_qdrant_dag.py
[2026-08-12T09:28:28.025+0000] {processor.py:914} INFO - Processing file /opt/airflow/dags/dbt_to_qdrant_dag.py for tasks to queue
[2026-08-12T09:28:28.026+0000] {logging_mixin.py:190} INFO - [2026-08-12T09:28:28.026+0000] {dagbag.py:588} INFO - Filling up the DagBag from /opt/airflow/dags/dbt_to_qdrant_dag.py
[2026-08-12T09:28:28.050+0000] {processor.py:925} INFO - DAG(s) 'dbt_to_qdrant_minio_sync' retrieved from /opt/airflow/dags/dbt_to_qdrant_dag.py
[2026-08-12T09:28:28.067+0000] {logging_mixin.py:190} INFO - [2026-08-12T09:28:28.067+0000] {dag.py:3239} INFO - Sync 1 DAGs
[2026-08-12T09:28:28.083+0000] {logging_mixin.py:190} INFO - [2026-08-12T09:28:28.082+0000] {dag.py:4180} INFO - Setting next_dagrun for dbt_to_qdrant_minio_sync to None, run_after=None
[2026-08-12T09:28:28.107+0000] {processor.py:208} INFO - Processing /opt/airflow/dags/dbt_to_qdrant_dag.py took 0.088 seconds
[2026-08-12T09:28:58.929+0000] {processor.py:186} INFO - Started process (PID=1297) to work on /opt/airflow/dags/dbt_to_qdrant_dag.py
[2026-08-12T09:28:58.930+0000] {processor.py:914} INFO - Processing file /opt/airflow/dags/dbt_to_qdrant_dag.py for tasks to queue
[2026-08-12T09:28:58.931+0000] {logging_mixin.py:190} INFO - [2026-08-12T09:28:58.931+0000] {dagbag.py:588} INFO - Filling up the DagBag from /opt/airflow/dags/dbt_to_qdrant_dag.py
[2026-08-12T09:28:58.958+0000] {processor.py:925} INFO - DAG(s) 'dbt_to_qdrant_minio_sync' retrieved from /opt/airflow/dags/dbt_to_qdrant_dag.py
[2026-08-12T09:28:59.020+0000] {logging_mixin.py:190} INFO - [2026-08-12T09:28:59.020+0000] {dag.py:3239} INFO - Sync 1 DAGs
[2026-08-12T09:28:59.031+0000] {logging_mixin.py:190} INFO - [2026-08-12T09:28:59.031+0000] {dag.py:4180} INFO - Setting next_dagrun for dbt_to_qdrant_minio_sync to None, run_after=None
[2026-08-12T09:28:59.052+0000] {processor.py:208} INFO - Processing /opt/airflow/dags/dbt_to_qdrant_dag.py took 0.128 seconds
[2026-08-12T09:29:29.409+0000] {processor.py:186} INFO - Started process (PID=1429) to work on /opt/airflow/dags/dbt_to_qdrant_dag.py
[2026-08-12T09:29:29.411+0000] {processor.py:914} INFO - Processing file /opt/airflow/dags/dbt_to_qdrant_dag.py for tasks to queue
[2026-08-12T09:29:29.413+0000] {logging_mixin.py:190} INFO - [2026-08-12T09:29:29.412+0000] {dagbag.py:588} INFO - Filling up the DagBag from /opt/airflow/dags/dbt_to_qdrant_dag.py
[2026-08-12T09:29:29.450+0000] {processor.py:925} INFO - DAG(s) 'dbt_to_qdrant_minio_sync' retrieved from /opt/airflow/dags/dbt_to_qdrant_dag.py
[2026-08-12T09:29:29.477+0000] {logging_mixin.py:190} INFO - [2026-08-12T09:29:29.477+0000] {dag.py:3239} INFO - Sync 1 DAGs
[2026-08-12T09:29:29.493+0000] {logging_mixin.py:190} INFO - [2026-08-12T09:29:29.492+0000] {dag.py:4180} INFO - Setting next_dagrun for dbt_to_qdrant_minio_sync to None, run_after=None
[2026-08-12T09:29:29.513+0000] {processor.py:208} INFO - Processing /opt/airflow/dags/dbt_to_qdrant_dag.py took 0.110 seconds
[2026-08-12T09:30:00.035+0000] {processor.py:186} INFO - Started process (PID=1566) to work on /opt/airflow/dags/dbt_to_qdrant_dag.py
[2026-08-12T09:30:00.036+0000] {processor.py:914} INFO - Processing file /opt/airflow/dags/dbt_to_qdrant_dag.py for tasks to queue
[2026-08-12T09:30:00.039+0000] {logging_mixin.py:190} INFO - [2026-08-12T09:30:00.038+0000] {dagbag.py:588} INFO - Filling up the DagBag from /opt/airflow/dags/dbt_to_qdrant_dag.py
[2026-08-12T09:30:00.063+0000] {processor.py:925} INFO - DAG(s) 'dbt_to_qdrant_minio_sync' retrieved from /opt/airflow/dags/dbt_to_qdrant_dag.py
[2026-08-12T09:30:00.095+0000] {logging_mixin.py:190} INFO - [2026-08-12T09:30:00.094+0000] {dag.py:3239} INFO - Sync 1 DAGs
[2026-08-12T09:30:00.111+0000] {logging_mixin.py:190} INFO - [2026-08-12T09:30:00.111+0000] {dag.py:4180} INFO - Setting next_dagrun for dbt_to_qdrant_minio_sync to None, run_after=None
[2026-08-12T09:30:00.138+0000] {processor.py:208} INFO - Processing /opt/airflow/dags/dbt_to_qdrant_dag.py took 0.111 seconds
[2026-08-12T09:30:30.607+0000] {processor.py:186} INFO - Started process (PID=1686) to work on /opt/airflow/dags/dbt_to_qdrant_dag.py
[2026-08-12T09:30:30.608+0000] {processor.py:914} INFO - Processing file /opt/airflow/dags/dbt_to_qdrant_dag.py for tasks to queue
[2026-08-12T09:30:30.609+0000] {logging_mixin.py:190} INFO - [2026-08-12T09:30:30.609+0000] {dagbag.py:588} INFO - Filling up the DagBag from /opt/airflow/dags/dbt_to_qdrant_dag.py
[2026-08-12T09:30:30.640+0000] {processor.py:925} INFO - DAG(s) 'dbt_to_qdrant_minio_sync' retrieved from /opt/airflow/dags/dbt_to_qdrant_dag.py
[2026-08-12T09:30:30.662+0000] {logging_mixin.py:190} INFO - [2026-08-12T09:30:30.662+0000] {dag.py:3239} INFO - Sync 1 DAGs
[2026-08-12T09:30:30.676+0000] {logging_mixin.py:190} INFO - [2026-08-12T09:30:30.676+0000] {dag.py:4180} INFO - Setting next_dagrun for dbt_to_qdrant_minio_sync to None, run_after=None
[2026-08-12T09:30:30.696+0000] {processor.py:208} INFO - Processing /opt/airflow/dags/dbt_to_qdrant_dag.py took 0.094 seconds
[2026-08-12T09:31:01.061+0000] {processor.py:186} INFO - Started process (PID=1818) to work on /opt/airflow/dags/dbt_to_qdrant_dag.py
[2026-08-12T09:31:01.063+0000] {processor.py:914} INFO - Processing file /opt/airflow/dags/dbt_to_qdrant_dag.py for tasks to queue
[2026-08-12T09:31:01.065+0000] {logging_mixin.py:190} INFO - [2026-08-12T09:31:01.065+0000] {dagbag.py:588} INFO - Filling up the DagBag from /opt/airflow/dags/dbt_to_qdrant_dag.py
[2026-08-12T09:31:01.100+0000] {processor.py:925} INFO - DAG(s) 'dbt_to_qdrant_minio_sync' retrieved from /opt/airflow/dags/dbt_to_qdrant_dag.py
[2026-08-12T09:31:01.125+0000] {logging_mixin.py:190} INFO - [2026-08-12T09:31:01.125+0000] {dag.py:3239} INFO - Sync 1 DAGs
[2026-08-12T09:31:01.143+0000] {logging_mixin.py:190} INFO - [2026-08-12T09:31:01.143+0000] {dag.py:4180} INFO - Setting next_dagrun for dbt_to_qdrant_minio_sync to None, run_after=None
[2026-08-12T09:31:01.171+0000] {processor.py:208} INFO - Processing /opt/airflow/dags/dbt_to_qdrant_dag.py took 0.115 seconds
[2026-08-12T09:31:31.385+0000] {processor.py:186} INFO - Started process (PID=1940) to work on /opt/airflow/dags/dbt_to_qdrant_dag.py
[2026-08-12T09:31:31.387+0000] {processor.py:914} INFO - Processing file /opt/airflow/dags/dbt_to_qdrant_dag.py for tasks to queue
[2026-08-12T09:31:31.388+0000] {logging_mixin.py:190} INFO - [2026-08-12T09:31:31.388+0000] {dagbag.py:588} INFO - Filling up the DagBag from /opt/airflow/dags/dbt_to_qdrant_dag.py
[2026-08-12T09:31:31.416+0000] {processor.py:925} INFO - DAG(s) 'dbt_to_qdrant_minio_sync' retrieved from /opt/airflow/dags/dbt_to_qdrant_dag.py
[2026-08-12T09:31:31.439+0000] {logging_mixin.py:190} INFO - [2026-08-12T09:31:31.438+0000] {dag.py:3239} INFO - Sync 1 DAGs
[2026-08-12T09:31:31.453+0000] {logging_mixin.py:190} INFO - [2026-08-12T09:31:31.453+0000] {dag.py:4180} INFO - Setting next_dagrun for dbt_to_qdrant_minio_sync to None, run_after=None
[2026-08-12T09:31:31.474+0000] {processor.py:208} INFO - Processing /opt/airflow/dags/dbt_to_qdrant_dag.py took 0.093 seconds
[2026-08-12T09:32:01.638+0000] {processor.py:186} INFO - Started process (PID=2075) to work on /opt/airflow/dags/dbt_to_qdrant_dag.py
[2026-08-12T09:32:01.639+0000] {processor.py:914} INFO - Processing file /opt/airflow/dags/dbt_to_qdrant_dag.py for tasks to queue
[2026-08-12T09:32:01.640+0000] {logging_mixin.py:190} INFO - [2026-08-12T09:32:01.640+0000] {dagbag.py:588} INFO - Filling up the DagBag from /opt/airflow/dags/dbt_to_qdrant_dag.py
[2026-08-12T09:32:01.672+0000] {processor.py:925} INFO - DAG(s) 'dbt_to_qdrant_minio_sync' retrieved from /opt/airflow/dags/dbt_to_qdrant_dag.py
[2026-08-12T09:32:01.703+0000] {logging_mixin.py:190} INFO - [2026-08-12T09:32:01.703+0000] {dag.py:3239} INFO - Sync 1 DAGs
[2026-08-12T09:32:01.721+0000] {logging_mixin.py:190} INFO - [2026-08-12T09:32:01.720+0000] {dag.py:4180} INFO - Setting next_dagrun for dbt_to_qdrant_minio_sync to None, run_after=None
[2026-08-12T09:32:01.745+0000] {processor.py:208} INFO - Processing /opt/airflow/dags/dbt_to_qdrant_dag.py took 0.113 seconds
[2026-08-12T09:32:32.250+0000] {processor.py:186} INFO - Started process (PID=2207) to work on /opt/airflow/dags/dbt_to_qdrant_dag.py
[2026-08-12T09:32:32.251+0000] {processor.py:914} INFO - Processing file /opt/airflow/dags/dbt_to_qdrant_dag.py for tasks to queue
[2026-08-12T09:32:32.254+0000] {logging_mixin.py:190} INFO - [2026-08-12T09:32:32.253+0000] {dagbag.py:588} INFO - Filling up the DagBag from /opt/airflow/dags/dbt_to_qdrant_dag.py
[2026-08-12T09:32:32.282+0000] {processor.py:925} INFO - DAG(s) 'dbt_to_qdrant_minio_sync' retrieved from /opt/airflow/dags/dbt_to_qdrant_dag.py
[2026-08-12T09:32:32.309+0000] {logging_mixin.py:190} INFO - [2026-08-12T09:32:32.309+0000] {dag.py:3239} INFO - Sync 1 DAGs
[2026-08-12T09:32:32.329+0000] {logging_mixin.py:190} INFO - [2026-08-12T09:32:32.329+0000] {dag.py:4180} INFO - Setting next_dagrun for dbt_to_qdrant_minio_sync to None, run_after=None
[2026-08-12T09:32:32.356+0000] {processor.py:208} INFO - Processing /opt/airflow/dags/dbt_to_qdrant_dag.py took 0.112 seconds
[2026-08-12T09:33:03.011+0000] {processor.py:186} INFO - Started process (PID=2344) to work on /opt/airflow/dags/dbt_to_qdrant_dag.py
[2026-08-12T09:33:03.012+0000] {processor.py:914} INFO - Processing file /opt/airflow/dags/dbt_to_qdrant_dag.py for tasks to queue
[2026-08-12T09:33:03.014+0000] {logging_mixin.py:190} INFO - [2026-08-12T09:33:03.014+0000] {dagbag.py:588} INFO - Filling up the DagBag from /opt/airflow/dags/dbt_to_qdrant_dag.py
[2026-08-12T09:33:03.042+0000] {processor.py:925} INFO - DAG(s) 'dbt_to_qdrant_minio_sync' retrieved from /opt/airflow/dags/dbt_to_qdrant_dag.py
[2026-08-12T09:33:03.070+0000] {logging_mixin.py:190} INFO - [2026-08-12T09:33:03.070+0000] {dag.py:3239} INFO - Sync 1 DAGs
[2026-08-12T09:33:03.088+0000] {logging_mixin.py:190} INFO - [2026-08-12T09:33:03.088+0000] {dag.py:4180} INFO - Setting next_dagrun for dbt_to_qdrant_minio_sync to None, run_after=None
[2026-08-12T09:33:03.112+0000] {processor.py:208} INFO - Processing /opt/airflow/dags/dbt_to_qdrant_dag.py took 0.106 seconds
[2026-08-12T09:33:33.649+0000] {processor.py:186} INFO - Started process (PID=2481) to work on /opt/airflow/dags/dbt_to_qdrant_dag.py
[2026-08-12T09:33:33.650+0000] {processor.py:914} INFO - Processing file /opt/airflow/dags/dbt_to_qdrant_dag.py for tasks to queue
[2026-08-12T09:33:33.652+0000] {logging_mixin.py:190} INFO - [2026-08-12T09:33:33.651+0000] {dagbag.py:588} INFO - Filling up the DagBag from /opt/airflow/dags/dbt_to_qdrant_dag.py
[2026-08-12T09:33:33.675+0000] {processor.py:925} INFO - DAG(s) 'dbt_to_qdrant_minio_sync' retrieved from /opt/airflow/dags/dbt_to_qdrant_dag.py
[2026-08-12T09:33:33.705+0000] {logging_mixin.py:190} INFO - [2026-08-12T09:33:33.705+0000] {dag.py:3239} INFO - Sync 1 DAGs
[2026-08-12T09:33:33.722+0000] {logging_mixin.py:190} INFO - [2026-08-12T09:33:33.722+0000] {dag.py:4180} INFO - Setting next_dagrun for dbt_to_qdrant_minio_sync to None, run_after=None
[2026-08-12T09:33:33.749+0000] {processor.py:208} INFO - Processing /opt/airflow/dags/dbt_to_qdrant_dag.py took 0.105 seconds
[2026-08-12T09:34:04.242+0000] {processor.py:186} INFO - Started process (PID=2618) to work on /opt/airflow/dags/dbt_to_qdrant_dag.py
[2026-08-12T09:34:04.243+0000] {processor.py:914} INFO - Processing file /opt/airflow/dags/dbt_to_qdrant_dag.py for tasks to queue
[2026-08-12T09:34:04.244+0000] {logging_mixin.py:190} INFO - [2026-08-12T09:34:04.244+0000] {dagbag.py:588} INFO - Filling up the DagBag from /opt/airflow/dags/dbt_to_qdrant_dag.py
[2026-08-12T09:34:04.273+0000] {processor.py:925} INFO - DAG(s) 'dbt_to_qdrant_minio_sync' retrieved from /opt/airflow/dags/dbt_to_qdrant_dag.py
[2026-08-12T09:34:04.302+0000] {logging_mixin.py:190} INFO - [2026-08-12T09:34:04.302+0000] {dag.py:3239} INFO - Sync 1 DAGs
[2026-08-12T09:34:04.318+0000] {logging_mixin.py:190} INFO - [2026-08-12T09:34:04.318+0000] {dag.py:4180} INFO - Setting next_dagrun for dbt_to_qdrant_minio_sync to None, run_after=None
[2026-08-12T09:34:04.340+0000] {processor.py:208} INFO - Processing /opt/airflow/dags/dbt_to_qdrant_dag.py took 0.106 seconds
[2026-08-12T09:34:35.089+0000] {processor.py:186} INFO - Started process (PID=2750) to work on /opt/airflow/dags/dbt_to_qdrant_dag.py
[2026-08-12T09:34:35.090+0000] {processor.py:914} INFO - Processing file /opt/airflow/dags/dbt_to_qdrant_dag.py for tasks to queue
[2026-08-12T09:34:35.092+0000] {logging_mixin.py:190} INFO - [2026-08-12T09:34:35.092+0000] {dagbag.py:588} INFO - Filling up the DagBag from /opt/airflow/dags/dbt_to_qdrant_dag.py
[2026-08-12T09:34:35.118+0000] {processor.py:925} INFO - DAG(s) 'dbt_to_qdrant_minio_sync' retrieved from /opt/airflow/dags/dbt_to_qdrant_dag.py
[2026-08-12T09:34:35.140+0000] {logging_mixin.py:190} INFO - [2026-08-12T09:34:35.140+0000] {dag.py:3239} INFO - Sync 1 DAGs
[2026-08-12T09:34:35.154+0000] {logging_mixin.py:190} INFO - [2026-08-12T09:34:35.154+0000] {dag.py:4180} INFO - Setting next_dagrun for dbt_to_qdrant_minio_sync to None, run_after=None
[2026-08-12T09:34:35.175+0000] {processor.py:208} INFO - Processing /opt/airflow/dags/dbt_to_qdrant_dag.py took 0.091 seconds
[2026-08-12T09:35:05.954+0000] {processor.py:186} INFO - Started process (PID=2887) to work on /opt/airflow/dags/dbt_to_qdrant_dag.py
[2026-08-12T09:35:05.955+0000] {processor.py:914} INFO - Processing file /opt/airflow/dags/dbt_to_qdrant_dag.py for tasks to queue
[2026-08-12T09:35:05.957+0000] {logging_mixin.py:190} INFO - [2026-08-12T09:35:05.957+0000] {dagbag.py:588} INFO - Filling up the DagBag from /opt/airflow/dags/dbt_to_qdrant_dag.py
[2026-08-12T09:35:05.988+0000] {processor.py:925} INFO - DAG(s) 'dbt_to_qdrant_minio_sync' retrieved from /opt/airflow/dags/dbt_to_qdrant_dag.py
[2026-08-12T09:35:06.016+0000] {logging_mixin.py:190} INFO - [2026-08-12T09:35:06.015+0000] {dag.py:3239} INFO - Sync 1 DAGs
[2026-08-12T09:35:06.032+0000] {logging_mixin.py:190} INFO - [2026-08-12T09:35:06.031+0000] {dag.py:4180} INFO - Setting next_dagrun for dbt_to_qdrant_minio_sync to None, run_after=None
[2026-08-12T09:35:06.055+0000] {processor.py:208} INFO - Processing /opt/airflow/dags/dbt_to_qdrant_dag.py took 0.108 seconds
[2026-08-12T09:35:36.282+0000] {processor.py:186} INFO - Started process (PID=3024) to work on /opt/airflow/dags/dbt_to_qdrant_dag.py
[2026-08-12T09:35:36.283+0000] {processor.py:914} INFO - Processing file /opt/airflow/dags/dbt_to_qdrant_dag.py for tasks to queue
[2026-08-12T09:35:36.284+0000] {logging_mixin.py:190} INFO - [2026-08-12T09:35:36.284+0000] {dagbag.py:588} INFO - Filling up the DagBag from /opt/airflow/dags/dbt_to_qdrant_dag.py
[2026-08-12T09:35:36.311+0000] {processor.py:925} INFO - DAG(s) 'dbt_to_qdrant_minio_sync' retrieved from /opt/airflow/dags/dbt_to_qdrant_dag.py
[2026-08-12T09:35:36.333+0000] {logging_mixin.py:190} INFO - [2026-08-12T09:35:36.333+0000] {dag.py:3239} INFO - Sync 1 DAGs
[2026-08-12T09:35:36.350+0000] {logging_mixin.py:190} INFO - [2026-08-12T09:35:36.350+0000] {dag.py:4180} INFO - Setting next_dagrun for dbt_to_qdrant_minio_sync to None, run_after=None
[2026-08-12T09:35:36.370+0000] {processor.py:208} INFO - Processing /opt/airflow/dags/dbt_to_qdrant_dag.py took 0.094 seconds
