[2026-08-12T07:59:12.294+0000] {processor.py:186} INFO - Started process (PID=239) to work on /opt/airflow/dags/wap_incremental_cfpb_pipeline.py
[2026-08-12T07:59:12.295+0000] {processor.py:914} INFO - Processing file /opt/airflow/dags/wap_incremental_cfpb_pipeline.py for tasks to queue
[2026-08-12T07:59:12.300+0000] {logging_mixin.py:190} INFO - [2026-08-12T07:59:12.299+0000] {dagbag.py:588} INFO - Filling up the DagBag from /opt/airflow/dags/wap_incremental_cfpb_pipeline.py
[2026-08-12T07:59:12.900+0000] {processor.py:925} INFO - DAG(s) 'wap_incremental_cfpb_pipeline' retrieved from /opt/airflow/dags/wap_incremental_cfpb_pipeline.py
[2026-08-12T07:59:12.958+0000] {logging_mixin.py:190} INFO - [2026-08-12T07:59:12.958+0000] {dag.py:3239} INFO - Sync 1 DAGs
[2026-08-12T07:59:13.019+0000] {logging_mixin.py:190} INFO - [2026-08-12T07:59:13.018+0000] {dag.py:4180} INFO - Setting next_dagrun for wap_incremental_cfpb_pipeline to 2026-08-11 00:00:00+00:00, run_after=2026-08-12 00:00:00+00:00
[2026-08-12T07:59:13.058+0000] {processor.py:208} INFO - Processing /opt/airflow/dags/wap_incremental_cfpb_pipeline.py took 0.776 seconds
[2026-08-12T07:59:45.254+0000] {processor.py:186} INFO - Started process (PID=395) to work on /opt/airflow/dags/wap_incremental_cfpb_pipeline.py
[2026-08-12T07:59:45.256+0000] {processor.py:914} INFO - Processing file /opt/airflow/dags/wap_incremental_cfpb_pipeline.py for tasks to queue
[2026-08-12T07:59:45.259+0000] {logging_mixin.py:190} INFO - [2026-08-12T07:59:45.259+0000] {dagbag.py:588} INFO - Filling up the DagBag from /opt/airflow/dags/wap_incremental_cfpb_pipeline.py
[2026-08-12T07:59:45.610+0000] {processor.py:925} INFO - DAG(s) 'wap_incremental_cfpb_pipeline' retrieved from /opt/airflow/dags/wap_incremental_cfpb_pipeline.py
[2026-08-12T07:59:45.642+0000] {logging_mixin.py:190} INFO - [2026-08-12T07:59:45.642+0000] {dag.py:3239} INFO - Sync 1 DAGs
[2026-08-12T07:59:45.669+0000] {logging_mixin.py:190} INFO - [2026-08-12T07:59:45.669+0000] {dag.py:4180} INFO - Setting next_dagrun for wap_incremental_cfpb_pipeline to 2026-08-11 00:00:00+00:00, run_after=2026-08-12 00:00:00+00:00
[2026-08-12T07:59:45.710+0000] {processor.py:208} INFO - Processing /opt/airflow/dags/wap_incremental_cfpb_pipeline.py took 0.462 seconds
[2026-08-12T08:00:15.841+0000] {processor.py:186} INFO - Started process (PID=513) to work on /opt/airflow/dags/wap_incremental_cfpb_pipeline.py
[2026-08-12T08:00:15.843+0000] {processor.py:914} INFO - Processing file /opt/airflow/dags/wap_incremental_cfpb_pipeline.py for tasks to queue
[2026-08-12T08:00:15.845+0000] {logging_mixin.py:190} INFO - [2026-08-12T08:00:15.844+0000] {dagbag.py:588} INFO - Filling up the DagBag from /opt/airflow/dags/wap_incremental_cfpb_pipeline.py
[2026-08-12T08:00:16.353+0000] {processor.py:925} INFO - DAG(s) 'wap_incremental_cfpb_pipeline' retrieved from /opt/airflow/dags/wap_incremental_cfpb_pipeline.py
[2026-08-12T08:00:16.392+0000] {logging_mixin.py:190} INFO - [2026-08-12T08:00:16.392+0000] {dag.py:3239} INFO - Sync 1 DAGs
[2026-08-12T08:00:16.434+0000] {logging_mixin.py:190} INFO - [2026-08-12T08:00:16.433+0000] {dag.py:4180} INFO - Setting next_dagrun for wap_incremental_cfpb_pipeline to 2026-08-11 00:00:00+00:00, run_after=2026-08-12 00:00:00+00:00
[2026-08-12T08:00:16.468+0000] {processor.py:208} INFO - Processing /opt/airflow/dags/wap_incremental_cfpb_pipeline.py took 0.635 seconds
[2026-08-12T08:00:47.720+0000] {processor.py:186} INFO - Started process (PID=683) to work on /opt/airflow/dags/wap_incremental_cfpb_pipeline.py
[2026-08-12T08:00:47.722+0000] {processor.py:914} INFO - Processing file /opt/airflow/dags/wap_incremental_cfpb_pipeline.py for tasks to queue
[2026-08-12T08:00:47.725+0000] {logging_mixin.py:190} INFO - [2026-08-12T08:00:47.724+0000] {dagbag.py:588} INFO - Filling up the DagBag from /opt/airflow/dags/wap_incremental_cfpb_pipeline.py
[2026-08-12T08:00:48.471+0000] {processor.py:925} INFO - DAG(s) 'wap_incremental_cfpb_pipeline' retrieved from /opt/airflow/dags/wap_incremental_cfpb_pipeline.py
[2026-08-12T08:00:48.524+0000] {logging_mixin.py:190} INFO - [2026-08-12T08:00:48.524+0000] {dag.py:3239} INFO - Sync 1 DAGs
[2026-08-12T08:00:48.578+0000] {logging_mixin.py:190} INFO - [2026-08-12T08:00:48.578+0000] {dag.py:4180} INFO - Setting next_dagrun for wap_incremental_cfpb_pipeline to 2026-08-11 00:00:00+00:00, run_after=2026-08-12 00:00:00+00:00
[2026-08-12T08:00:48.639+0000] {processor.py:208} INFO - Processing /opt/airflow/dags/wap_incremental_cfpb_pipeline.py took 0.929 seconds
[2026-08-12T08:01:18.896+0000] {processor.py:186} INFO - Started process (PID=823) to work on /opt/airflow/dags/wap_incremental_cfpb_pipeline.py
[2026-08-12T08:01:18.897+0000] {processor.py:914} INFO - Processing file /opt/airflow/dags/wap_incremental_cfpb_pipeline.py for tasks to queue
[2026-08-12T08:01:18.899+0000] {logging_mixin.py:190} INFO - [2026-08-12T08:01:18.898+0000] {dagbag.py:588} INFO - Filling up the DagBag from /opt/airflow/dags/wap_incremental_cfpb_pipeline.py
[2026-08-12T08:01:19.186+0000] {processor.py:925} INFO - DAG(s) 'wap_incremental_cfpb_pipeline' retrieved from /opt/airflow/dags/wap_incremental_cfpb_pipeline.py
[2026-08-12T08:01:19.209+0000] {logging_mixin.py:190} INFO - [2026-08-12T08:01:19.209+0000] {dag.py:3239} INFO - Sync 1 DAGs
[2026-08-12T08:01:19.230+0000] {logging_mixin.py:190} INFO - [2026-08-12T08:01:19.229+0000] {dag.py:4180} INFO - Setting next_dagrun for wap_incremental_cfpb_pipeline to 2026-08-11 00:00:00+00:00, run_after=2026-08-12 00:00:00+00:00
[2026-08-12T08:01:19.250+0000] {processor.py:208} INFO - Processing /opt/airflow/dags/wap_incremental_cfpb_pipeline.py took 0.359 seconds
[2026-08-12T08:01:49.315+0000] {processor.py:186} INFO - Started process (PID=958) to work on /opt/airflow/dags/wap_incremental_cfpb_pipeline.py
[2026-08-12T08:01:49.316+0000] {processor.py:914} INFO - Processing file /opt/airflow/dags/wap_incremental_cfpb_pipeline.py for tasks to queue
[2026-08-12T08:01:49.317+0000] {logging_mixin.py:190} INFO - [2026-08-12T08:01:49.317+0000] {dagbag.py:588} INFO - Filling up the DagBag from /opt/airflow/dags/wap_incremental_cfpb_pipeline.py
[2026-08-12T08:01:49.637+0000] {processor.py:925} INFO - DAG(s) 'wap_incremental_cfpb_pipeline' retrieved from /opt/airflow/dags/wap_incremental_cfpb_pipeline.py
[2026-08-12T08:01:49.662+0000] {logging_mixin.py:190} INFO - [2026-08-12T08:01:49.661+0000] {dag.py:3239} INFO - Sync 1 DAGs
[2026-08-12T08:01:49.684+0000] {logging_mixin.py:190} INFO - [2026-08-12T08:01:49.684+0000] {dag.py:4180} INFO - Setting next_dagrun for wap_incremental_cfpb_pipeline to 2026-08-11 00:00:00+00:00, run_after=2026-08-12 00:00:00+00:00
[2026-08-12T08:01:49.704+0000] {processor.py:208} INFO - Processing /opt/airflow/dags/wap_incremental_cfpb_pipeline.py took 0.394 seconds
[2026-08-12T08:02:20.160+0000] {processor.py:186} INFO - Started process (PID=1095) to work on /opt/airflow/dags/wap_incremental_cfpb_pipeline.py
[2026-08-12T08:02:20.161+0000] {processor.py:914} INFO - Processing file /opt/airflow/dags/wap_incremental_cfpb_pipeline.py for tasks to queue
[2026-08-12T08:02:20.162+0000] {logging_mixin.py:190} INFO - [2026-08-12T08:02:20.162+0000] {dagbag.py:588} INFO - Filling up the DagBag from /opt/airflow/dags/wap_incremental_cfpb_pipeline.py
[2026-08-12T08:02:20.452+0000] {processor.py:925} INFO - DAG(s) 'wap_incremental_cfpb_pipeline' retrieved from /opt/airflow/dags/wap_incremental_cfpb_pipeline.py
[2026-08-12T08:02:20.485+0000] {logging_mixin.py:190} INFO - [2026-08-12T08:02:20.484+0000] {dag.py:3239} INFO - Sync 1 DAGs
[2026-08-12T08:02:20.505+0000] {logging_mixin.py:190} INFO - [2026-08-12T08:02:20.505+0000] {dag.py:4180} INFO - Setting next_dagrun for wap_incremental_cfpb_pipeline to 2026-08-11 00:00:00+00:00, run_after=2026-08-12 00:00:00+00:00
[2026-08-12T08:02:20.524+0000] {processor.py:208} INFO - Processing /opt/airflow/dags/wap_incremental_cfpb_pipeline.py took 0.370 seconds
[2026-08-12T08:02:50.617+0000] {processor.py:186} INFO - Started process (PID=1220) to work on /opt/airflow/dags/wap_incremental_cfpb_pipeline.py
[2026-08-12T08:02:50.618+0000] {processor.py:914} INFO - Processing file /opt/airflow/dags/wap_incremental_cfpb_pipeline.py for tasks to queue
[2026-08-12T08:02:50.620+0000] {logging_mixin.py:190} INFO - [2026-08-12T08:02:50.620+0000] {dagbag.py:588} INFO - Filling up the DagBag from /opt/airflow/dags/wap_incremental_cfpb_pipeline.py
[2026-08-12T08:02:50.978+0000] {processor.py:925} INFO - DAG(s) 'wap_incremental_cfpb_pipeline' retrieved from /opt/airflow/dags/wap_incremental_cfpb_pipeline.py
[2026-08-12T08:02:51.003+0000] {logging_mixin.py:190} INFO - [2026-08-12T08:02:51.003+0000] {dag.py:3239} INFO - Sync 1 DAGs
[2026-08-12T08:02:51.023+0000] {logging_mixin.py:190} INFO - [2026-08-12T08:02:51.023+0000] {dag.py:4180} INFO - Setting next_dagrun for wap_incremental_cfpb_pipeline to 2026-08-11 00:00:00+00:00, run_after=2026-08-12 00:00:00+00:00
[2026-08-12T08:02:51.043+0000] {processor.py:208} INFO - Processing /opt/airflow/dags/wap_incremental_cfpb_pipeline.py took 0.432 seconds
[2026-08-12T08:03:21.163+0000] {processor.py:186} INFO - Started process (PID=1365) to work on /opt/airflow/dags/wap_incremental_cfpb_pipeline.py
[2026-08-12T08:03:21.164+0000] {processor.py:914} INFO - Processing file /opt/airflow/dags/wap_incremental_cfpb_pipeline.py for tasks to queue
[2026-08-12T08:03:21.165+0000] {logging_mixin.py:190} INFO - [2026-08-12T08:03:21.165+0000] {dagbag.py:588} INFO - Filling up the DagBag from /opt/airflow/dags/wap_incremental_cfpb_pipeline.py
[2026-08-12T08:03:21.433+0000] {processor.py:925} INFO - DAG(s) 'wap_incremental_cfpb_pipeline' retrieved from /opt/airflow/dags/wap_incremental_cfpb_pipeline.py
[2026-08-12T08:03:21.460+0000] {logging_mixin.py:190} INFO - [2026-08-12T08:03:21.460+0000] {dag.py:3239} INFO - Sync 1 DAGs
[2026-08-12T08:03:21.678+0000] {logging_mixin.py:190} INFO - [2026-08-12T08:03:21.678+0000] {dag.py:4180} INFO - Setting next_dagrun for wap_incremental_cfpb_pipeline to 2026-08-11 00:00:00+00:00, run_after=2026-08-12 00:00:00+00:00
[2026-08-12T08:03:21.700+0000] {processor.py:208} INFO - Processing /opt/airflow/dags/wap_incremental_cfpb_pipeline.py took 0.542 seconds
[2026-08-12T08:03:51.916+0000] {processor.py:186} INFO - Started process (PID=1502) to work on /opt/airflow/dags/wap_incremental_cfpb_pipeline.py
[2026-08-12T08:03:51.918+0000] {processor.py:914} INFO - Processing file /opt/airflow/dags/wap_incremental_cfpb_pipeline.py for tasks to queue
[2026-08-12T08:03:51.919+0000] {logging_mixin.py:190} INFO - [2026-08-12T08:03:51.919+0000] {dagbag.py:588} INFO - Filling up the DagBag from /opt/airflow/dags/wap_incremental_cfpb_pipeline.py
[2026-08-12T08:03:52.320+0000] {processor.py:925} INFO - DAG(s) 'wap_incremental_cfpb_pipeline' retrieved from /opt/airflow/dags/wap_incremental_cfpb_pipeline.py
[2026-08-12T08:03:52.340+0000] {logging_mixin.py:190} INFO - [2026-08-12T08:03:52.340+0000] {dag.py:3239} INFO - Sync 1 DAGs
[2026-08-12T08:03:52.358+0000] {logging_mixin.py:190} INFO - [2026-08-12T08:03:52.358+0000] {dag.py:4180} INFO - Setting next_dagrun for wap_incremental_cfpb_pipeline to 2026-08-11 00:00:00+00:00, run_after=2026-08-12 00:00:00+00:00
[2026-08-12T08:03:52.389+0000] {processor.py:208} INFO - Processing /opt/airflow/dags/wap_incremental_cfpb_pipeline.py took 0.478 seconds
[2026-08-12T08:04:23.358+0000] {processor.py:186} INFO - Started process (PID=1651) to work on /opt/airflow/dags/wap_incremental_cfpb_pipeline.py
[2026-08-12T08:04:23.359+0000] {processor.py:914} INFO - Processing file /opt/airflow/dags/wap_incremental_cfpb_pipeline.py for tasks to queue
[2026-08-12T08:04:23.360+0000] {logging_mixin.py:190} INFO - [2026-08-12T08:04:23.360+0000] {dagbag.py:588} INFO - Filling up the DagBag from /opt/airflow/dags/wap_incremental_cfpb_pipeline.py
[2026-08-12T08:04:23.778+0000] {processor.py:925} INFO - DAG(s) 'wap_incremental_cfpb_pipeline' retrieved from /opt/airflow/dags/wap_incremental_cfpb_pipeline.py
[2026-08-12T08:04:23.799+0000] {logging_mixin.py:190} INFO - [2026-08-12T08:04:23.799+0000] {dag.py:3239} INFO - Sync 1 DAGs
[2026-08-12T08:04:23.817+0000] {logging_mixin.py:190} INFO - [2026-08-12T08:04:23.817+0000] {dag.py:4180} INFO - Setting next_dagrun for wap_incremental_cfpb_pipeline to 2026-08-11 00:00:00+00:00, run_after=2026-08-12 00:00:00+00:00
[2026-08-12T08:04:23.835+0000] {processor.py:208} INFO - Processing /opt/airflow/dags/wap_incremental_cfpb_pipeline.py took 0.482 seconds
[2026-08-12T08:04:53.979+0000] {processor.py:186} INFO - Started process (PID=1783) to work on /opt/airflow/dags/wap_incremental_cfpb_pipeline.py
[2026-08-12T08:04:53.980+0000] {processor.py:914} INFO - Processing file /opt/airflow/dags/wap_incremental_cfpb_pipeline.py for tasks to queue
[2026-08-12T08:04:53.982+0000] {logging_mixin.py:190} INFO - [2026-08-12T08:04:53.982+0000] {dagbag.py:588} INFO - Filling up the DagBag from /opt/airflow/dags/wap_incremental_cfpb_pipeline.py
[2026-08-12T08:04:54.424+0000] {processor.py:925} INFO - DAG(s) 'wap_incremental_cfpb_pipeline' retrieved from /opt/airflow/dags/wap_incremental_cfpb_pipeline.py
[2026-08-12T08:04:54.445+0000] {logging_mixin.py:190} INFO - [2026-08-12T08:04:54.445+0000] {dag.py:3239} INFO - Sync 1 DAGs
[2026-08-12T08:04:54.464+0000] {logging_mixin.py:190} INFO - [2026-08-12T08:04:54.464+0000] {dag.py:4180} INFO - Setting next_dagrun for wap_incremental_cfpb_pipeline to 2026-08-11 00:00:00+00:00, run_after=2026-08-12 00:00:00+00:00
[2026-08-12T08:04:54.483+0000] {processor.py:208} INFO - Processing /opt/airflow/dags/wap_incremental_cfpb_pipeline.py took 0.509 seconds
[2026-08-12T08:05:25.036+0000] {processor.py:186} INFO - Started process (PID=1922) to work on /opt/airflow/dags/wap_incremental_cfpb_pipeline.py
[2026-08-12T08:05:25.037+0000] {processor.py:914} INFO - Processing file /opt/airflow/dags/wap_incremental_cfpb_pipeline.py for tasks to queue
[2026-08-12T08:05:25.039+0000] {logging_mixin.py:190} INFO - [2026-08-12T08:05:25.038+0000] {dagbag.py:588} INFO - Filling up the DagBag from /opt/airflow/dags/wap_incremental_cfpb_pipeline.py
[2026-08-12T08:05:25.444+0000] {processor.py:925} INFO - DAG(s) 'wap_incremental_cfpb_pipeline' retrieved from /opt/airflow/dags/wap_incremental_cfpb_pipeline.py
[2026-08-12T08:05:25.463+0000] {logging_mixin.py:190} INFO - [2026-08-12T08:05:25.463+0000] {dag.py:3239} INFO - Sync 1 DAGs
[2026-08-12T08:05:25.484+0000] {logging_mixin.py:190} INFO - [2026-08-12T08:05:25.484+0000] {dag.py:4180} INFO - Setting next_dagrun for wap_incremental_cfpb_pipeline to 2026-08-11 00:00:00+00:00, run_after=2026-08-12 00:00:00+00:00
[2026-08-12T08:05:25.507+0000] {processor.py:208} INFO - Processing /opt/airflow/dags/wap_incremental_cfpb_pipeline.py took 0.476 seconds
[2026-08-12T08:05:55.971+0000] {processor.py:186} INFO - Started process (PID=2057) to work on /opt/airflow/dags/wap_incremental_cfpb_pipeline.py
[2026-08-12T08:05:55.972+0000] {processor.py:914} INFO - Processing file /opt/airflow/dags/wap_incremental_cfpb_pipeline.py for tasks to queue
[2026-08-12T08:05:55.973+0000] {logging_mixin.py:190} INFO - [2026-08-12T08:05:55.973+0000] {dagbag.py:588} INFO - Filling up the DagBag from /opt/airflow/dags/wap_incremental_cfpb_pipeline.py
[2026-08-12T08:05:56.367+0000] {processor.py:925} INFO - DAG(s) 'wap_incremental_cfpb_pipeline' retrieved from /opt/airflow/dags/wap_incremental_cfpb_pipeline.py
[2026-08-12T08:05:56.387+0000] {logging_mixin.py:190} INFO - [2026-08-12T08:05:56.387+0000] {dag.py:3239} INFO - Sync 1 DAGs
[2026-08-12T08:05:56.406+0000] {logging_mixin.py:190} INFO - [2026-08-12T08:05:56.405+0000] {dag.py:4180} INFO - Setting next_dagrun for wap_incremental_cfpb_pipeline to 2026-08-11 00:00:00+00:00, run_after=2026-08-12 00:00:00+00:00
[2026-08-12T08:05:56.423+0000] {processor.py:208} INFO - Processing /opt/airflow/dags/wap_incremental_cfpb_pipeline.py took 0.457 seconds
[2026-08-12T08:07:13.707+0000] {processor.py:186} INFO - Started process (PID=246) to work on /opt/airflow/dags/wap_incremental_cfpb_pipeline.py
[2026-08-12T08:07:13.709+0000] {processor.py:914} INFO - Processing file /opt/airflow/dags/wap_incremental_cfpb_pipeline.py for tasks to queue
[2026-08-12T08:07:13.714+0000] {logging_mixin.py:190} INFO - [2026-08-12T08:07:13.713+0000] {dagbag.py:588} INFO - Filling up the DagBag from /opt/airflow/dags/wap_incremental_cfpb_pipeline.py
[2026-08-12T08:07:14.130+0000] {processor.py:925} INFO - DAG(s) 'wap_incremental_cfpb_pipeline' retrieved from /opt/airflow/dags/wap_incremental_cfpb_pipeline.py
[2026-08-12T08:07:14.172+0000] {logging_mixin.py:190} INFO - [2026-08-12T08:07:14.172+0000] {dag.py:3239} INFO - Sync 1 DAGs
[2026-08-12T08:07:14.205+0000] {logging_mixin.py:190} INFO - [2026-08-12T08:07:14.205+0000] {dag.py:4180} INFO - Setting next_dagrun for wap_incremental_cfpb_pipeline to 2026-08-11 00:00:00+00:00, run_after=2026-08-12 00:00:00+00:00
[2026-08-12T08:07:14.238+0000] {processor.py:208} INFO - Processing /opt/airflow/dags/wap_incremental_cfpb_pipeline.py took 0.543 seconds
[2026-08-12T08:07:44.630+0000] {processor.py:186} INFO - Started process (PID=385) to work on /opt/airflow/dags/wap_incremental_cfpb_pipeline.py
[2026-08-12T08:07:44.632+0000] {processor.py:914} INFO - Processing file /opt/airflow/dags/wap_incremental_cfpb_pipeline.py for tasks to queue
[2026-08-12T08:07:44.634+0000] {logging_mixin.py:190} INFO - [2026-08-12T08:07:44.634+0000] {dagbag.py:588} INFO - Filling up the DagBag from /opt/airflow/dags/wap_incremental_cfpb_pipeline.py
[2026-08-12T08:07:44.949+0000] {processor.py:925} INFO - DAG(s) 'wap_incremental_cfpb_pipeline' retrieved from /opt/airflow/dags/wap_incremental_cfpb_pipeline.py
[2026-08-12T08:07:44.979+0000] {logging_mixin.py:190} INFO - [2026-08-12T08:07:44.979+0000] {dag.py:3239} INFO - Sync 1 DAGs
[2026-08-12T08:07:45.004+0000] {logging_mixin.py:190} INFO - [2026-08-12T08:07:45.004+0000] {dag.py:4180} INFO - Setting next_dagrun for wap_incremental_cfpb_pipeline to 2026-08-11 00:00:00+00:00, run_after=2026-08-12 00:00:00+00:00
[2026-08-12T08:07:45.027+0000] {processor.py:208} INFO - Processing /opt/airflow/dags/wap_incremental_cfpb_pipeline.py took 0.403 seconds
[2026-08-12T08:08:15.877+0000] {processor.py:186} INFO - Started process (PID=525) to work on /opt/airflow/dags/wap_incremental_cfpb_pipeline.py
[2026-08-12T08:08:15.878+0000] {processor.py:914} INFO - Processing file /opt/airflow/dags/wap_incremental_cfpb_pipeline.py for tasks to queue
[2026-08-12T08:08:15.880+0000] {logging_mixin.py:190} INFO - [2026-08-12T08:08:15.880+0000] {dagbag.py:588} INFO - Filling up the DagBag from /opt/airflow/dags/wap_incremental_cfpb_pipeline.py
[2026-08-12T08:08:16.181+0000] {processor.py:925} INFO - DAG(s) 'wap_incremental_cfpb_pipeline' retrieved from /opt/airflow/dags/wap_incremental_cfpb_pipeline.py
[2026-08-12T08:08:16.208+0000] {logging_mixin.py:190} INFO - [2026-08-12T08:08:16.208+0000] {dag.py:3239} INFO - Sync 1 DAGs
[2026-08-12T08:08:16.232+0000] {logging_mixin.py:190} INFO - [2026-08-12T08:08:16.232+0000] {dag.py:4180} INFO - Setting next_dagrun for wap_incremental_cfpb_pipeline to 2026-08-11 00:00:00+00:00, run_after=2026-08-12 00:00:00+00:00
[2026-08-12T08:08:16.256+0000] {processor.py:208} INFO - Processing /opt/airflow/dags/wap_incremental_cfpb_pipeline.py took 0.385 seconds
[2026-08-12T08:08:47.543+0000] {processor.py:186} INFO - Started process (PID=660) to work on /opt/airflow/dags/wap_incremental_cfpb_pipeline.py
[2026-08-12T08:08:47.545+0000] {processor.py:914} INFO - Processing file /opt/airflow/dags/wap_incremental_cfpb_pipeline.py for tasks to queue
[2026-08-12T08:08:47.547+0000] {logging_mixin.py:190} INFO - [2026-08-12T08:08:47.547+0000] {dagbag.py:588} INFO - Filling up the DagBag from /opt/airflow/dags/wap_incremental_cfpb_pipeline.py
[2026-08-12T08:08:47.834+0000] {processor.py:925} INFO - DAG(s) 'wap_incremental_cfpb_pipeline' retrieved from /opt/airflow/dags/wap_incremental_cfpb_pipeline.py
[2026-08-12T08:08:47.861+0000] {logging_mixin.py:190} INFO - [2026-08-12T08:08:47.861+0000] {dag.py:3239} INFO - Sync 1 DAGs
[2026-08-12T08:08:47.885+0000] {logging_mixin.py:190} INFO - [2026-08-12T08:08:47.885+0000] {dag.py:4180} INFO - Setting next_dagrun for wap_incremental_cfpb_pipeline to 2026-08-11 00:00:00+00:00, run_after=2026-08-12 00:00:00+00:00
[2026-08-12T08:08:47.906+0000] {processor.py:208} INFO - Processing /opt/airflow/dags/wap_incremental_cfpb_pipeline.py took 0.368 seconds
[2026-08-12T08:09:18.069+0000] {processor.py:186} INFO - Started process (PID=794) to work on /opt/airflow/dags/wap_incremental_cfpb_pipeline.py
[2026-08-12T08:09:18.070+0000] {processor.py:914} INFO - Processing file /opt/airflow/dags/wap_incremental_cfpb_pipeline.py for tasks to queue
[2026-08-12T08:09:18.073+0000] {logging_mixin.py:190} INFO - [2026-08-12T08:09:18.072+0000] {dagbag.py:588} INFO - Filling up the DagBag from /opt/airflow/dags/wap_incremental_cfpb_pipeline.py
[2026-08-12T08:09:18.341+0000] {processor.py:925} INFO - DAG(s) 'wap_incremental_cfpb_pipeline' retrieved from /opt/airflow/dags/wap_incremental_cfpb_pipeline.py
[2026-08-12T08:09:18.364+0000] {logging_mixin.py:190} INFO - [2026-08-12T08:09:18.364+0000] {dag.py:3239} INFO - Sync 1 DAGs
[2026-08-12T08:09:18.386+0000] {logging_mixin.py:190} INFO - [2026-08-12T08:09:18.386+0000] {dag.py:4180} INFO - Setting next_dagrun for wap_incremental_cfpb_pipeline to 2026-08-11 00:00:00+00:00, run_after=2026-08-12 00:00:00+00:00
[2026-08-12T08:09:18.408+0000] {processor.py:208} INFO - Processing /opt/airflow/dags/wap_incremental_cfpb_pipeline.py took 0.344 seconds
[2026-08-12T08:09:48.780+0000] {processor.py:186} INFO - Started process (PID=917) to work on /opt/airflow/dags/wap_incremental_cfpb_pipeline.py
[2026-08-12T08:09:48.782+0000] {processor.py:914} INFO - Processing file /opt/airflow/dags/wap_incremental_cfpb_pipeline.py for tasks to queue
[2026-08-12T08:09:48.786+0000] {logging_mixin.py:190} INFO - [2026-08-12T08:09:48.785+0000] {dagbag.py:588} INFO - Filling up the DagBag from /opt/airflow/dags/wap_incremental_cfpb_pipeline.py
[2026-08-12T08:09:49.117+0000] {processor.py:925} INFO - DAG(s) 'wap_incremental_cfpb_pipeline' retrieved from /opt/airflow/dags/wap_incremental_cfpb_pipeline.py
[2026-08-12T08:09:49.145+0000] {logging_mixin.py:190} INFO - [2026-08-12T08:09:49.145+0000] {dag.py:3239} INFO - Sync 1 DAGs
[2026-08-12T08:09:49.173+0000] {logging_mixin.py:190} INFO - [2026-08-12T08:09:49.172+0000] {dag.py:4180} INFO - Setting next_dagrun for wap_incremental_cfpb_pipeline to 2026-08-11 00:00:00+00:00, run_after=2026-08-12 00:00:00+00:00
[2026-08-12T08:09:49.227+0000] {processor.py:208} INFO - Processing /opt/airflow/dags/wap_incremental_cfpb_pipeline.py took 0.453 seconds
[2026-08-12T08:10:20.320+0000] {processor.py:186} INFO - Started process (PID=1066) to work on /opt/airflow/dags/wap_incremental_cfpb_pipeline.py
[2026-08-12T08:10:20.321+0000] {processor.py:914} INFO - Processing file /opt/airflow/dags/wap_incremental_cfpb_pipeline.py for tasks to queue
[2026-08-12T08:10:20.324+0000] {logging_mixin.py:190} INFO - [2026-08-12T08:10:20.323+0000] {dagbag.py:588} INFO - Filling up the DagBag from /opt/airflow/dags/wap_incremental_cfpb_pipeline.py
[2026-08-12T08:10:20.611+0000] {processor.py:925} INFO - DAG(s) 'wap_incremental_cfpb_pipeline' retrieved from /opt/airflow/dags/wap_incremental_cfpb_pipeline.py
[2026-08-12T08:10:20.636+0000] {logging_mixin.py:190} INFO - [2026-08-12T08:10:20.636+0000] {dag.py:3239} INFO - Sync 1 DAGs
[2026-08-12T08:10:20.660+0000] {logging_mixin.py:190} INFO - [2026-08-12T08:10:20.660+0000] {dag.py:4180} INFO - Setting next_dagrun for wap_incremental_cfpb_pipeline to 2026-08-11 00:00:00+00:00, run_after=2026-08-12 00:00:00+00:00
[2026-08-12T08:10:20.684+0000] {processor.py:208} INFO - Processing /opt/airflow/dags/wap_incremental_cfpb_pipeline.py took 0.370 seconds
[2026-08-12T08:11:47.918+0000] {processor.py:186} INFO - Started process (PID=235) to work on /opt/airflow/dags/wap_incremental_cfpb_pipeline.py
[2026-08-12T08:11:47.920+0000] {processor.py:914} INFO - Processing file /opt/airflow/dags/wap_incremental_cfpb_pipeline.py for tasks to queue
[2026-08-12T08:11:47.924+0000] {logging_mixin.py:190} INFO - [2026-08-12T08:11:47.924+0000] {dagbag.py:588} INFO - Filling up the DagBag from /opt/airflow/dags/wap_incremental_cfpb_pipeline.py
[2026-08-12T08:11:48.415+0000] {processor.py:925} INFO - DAG(s) 'wap_incremental_cfpb_pipeline' retrieved from /opt/airflow/dags/wap_incremental_cfpb_pipeline.py
[2026-08-12T08:11:48.462+0000] {logging_mixin.py:190} INFO - [2026-08-12T08:11:48.462+0000] {dag.py:3239} INFO - Sync 1 DAGs
[2026-08-12T08:11:48.488+0000] {logging_mixin.py:190} INFO - [2026-08-12T08:11:48.488+0000] {dag.py:4180} INFO - Setting next_dagrun for wap_incremental_cfpb_pipeline to 2026-08-11 00:00:00+00:00, run_after=2026-08-12 00:00:00+00:00
[2026-08-12T08:11:48.525+0000] {processor.py:208} INFO - Processing /opt/airflow/dags/wap_incremental_cfpb_pipeline.py took 0.614 seconds
[2026-08-12T08:12:18.634+0000] {processor.py:186} INFO - Started process (PID=375) to work on /opt/airflow/dags/wap_incremental_cfpb_pipeline.py
[2026-08-12T08:12:18.635+0000] {processor.py:914} INFO - Processing file /opt/airflow/dags/wap_incremental_cfpb_pipeline.py for tasks to queue
[2026-08-12T08:12:18.639+0000] {logging_mixin.py:190} INFO - [2026-08-12T08:12:18.638+0000] {dagbag.py:588} INFO - Filling up the DagBag from /opt/airflow/dags/wap_incremental_cfpb_pipeline.py
[2026-08-12T08:12:18.980+0000] {processor.py:925} INFO - DAG(s) 'wap_incremental_cfpb_pipeline' retrieved from /opt/airflow/dags/wap_incremental_cfpb_pipeline.py
[2026-08-12T08:12:19.010+0000] {logging_mixin.py:190} INFO - [2026-08-12T08:12:19.010+0000] {dag.py:3239} INFO - Sync 1 DAGs
[2026-08-12T08:12:19.037+0000] {logging_mixin.py:190} INFO - [2026-08-12T08:12:19.037+0000] {dag.py:4180} INFO - Setting next_dagrun for wap_incremental_cfpb_pipeline to 2026-08-11 00:00:00+00:00, run_after=2026-08-12 00:00:00+00:00
[2026-08-12T08:12:19.065+0000] {processor.py:208} INFO - Processing /opt/airflow/dags/wap_incremental_cfpb_pipeline.py took 0.438 seconds
[2026-08-12T08:12:50.259+0000] {processor.py:186} INFO - Started process (PID=524) to work on /opt/airflow/dags/wap_incremental_cfpb_pipeline.py
[2026-08-12T08:12:50.260+0000] {processor.py:914} INFO - Processing file /opt/airflow/dags/wap_incremental_cfpb_pipeline.py for tasks to queue
[2026-08-12T08:12:50.263+0000] {logging_mixin.py:190} INFO - [2026-08-12T08:12:50.263+0000] {dagbag.py:588} INFO - Filling up the DagBag from /opt/airflow/dags/wap_incremental_cfpb_pipeline.py
[2026-08-12T08:12:50.565+0000] {processor.py:925} INFO - DAG(s) 'wap_incremental_cfpb_pipeline' retrieved from /opt/airflow/dags/wap_incremental_cfpb_pipeline.py
[2026-08-12T08:12:50.587+0000] {logging_mixin.py:190} INFO - [2026-08-12T08:12:50.587+0000] {dag.py:3239} INFO - Sync 1 DAGs
[2026-08-12T08:12:50.609+0000] {logging_mixin.py:190} INFO - [2026-08-12T08:12:50.609+0000] {dag.py:4180} INFO - Setting next_dagrun for wap_incremental_cfpb_pipeline to 2026-08-11 00:00:00+00:00, run_after=2026-08-12 00:00:00+00:00
[2026-08-12T08:12:50.626+0000] {processor.py:208} INFO - Processing /opt/airflow/dags/wap_incremental_cfpb_pipeline.py took 0.376 seconds
[2026-08-12T08:13:21.651+0000] {processor.py:186} INFO - Started process (PID=661) to work on /opt/airflow/dags/wap_incremental_cfpb_pipeline.py
[2026-08-12T08:13:21.653+0000] {processor.py:914} INFO - Processing file /opt/airflow/dags/wap_incremental_cfpb_pipeline.py for tasks to queue
[2026-08-12T08:13:21.655+0000] {logging_mixin.py:190} INFO - [2026-08-12T08:13:21.655+0000] {dagbag.py:588} INFO - Filling up the DagBag from /opt/airflow/dags/wap_incremental_cfpb_pipeline.py
[2026-08-12T08:13:21.920+0000] {processor.py:925} INFO - DAG(s) 'wap_incremental_cfpb_pipeline' retrieved from /opt/airflow/dags/wap_incremental_cfpb_pipeline.py
[2026-08-12T08:13:21.945+0000] {logging_mixin.py:190} INFO - [2026-08-12T08:13:21.944+0000] {dag.py:3239} INFO - Sync 1 DAGs
[2026-08-12T08:13:21.965+0000] {logging_mixin.py:190} INFO - [2026-08-12T08:13:21.965+0000] {dag.py:4180} INFO - Setting next_dagrun for wap_incremental_cfpb_pipeline to 2026-08-11 00:00:00+00:00, run_after=2026-08-12 00:00:00+00:00
[2026-08-12T08:13:21.986+0000] {processor.py:208} INFO - Processing /opt/airflow/dags/wap_incremental_cfpb_pipeline.py took 0.339 seconds
[2026-08-12T08:13:52.224+0000] {processor.py:186} INFO - Started process (PID=781) to work on /opt/airflow/dags/wap_incremental_cfpb_pipeline.py
[2026-08-12T08:13:52.225+0000] {processor.py:914} INFO - Processing file /opt/airflow/dags/wap_incremental_cfpb_pipeline.py for tasks to queue
[2026-08-12T08:13:52.227+0000] {logging_mixin.py:190} INFO - [2026-08-12T08:13:52.227+0000] {dagbag.py:588} INFO - Filling up the DagBag from /opt/airflow/dags/wap_incremental_cfpb_pipeline.py
[2026-08-12T08:13:52.500+0000] {processor.py:925} INFO - DAG(s) 'wap_incremental_cfpb_pipeline' retrieved from /opt/airflow/dags/wap_incremental_cfpb_pipeline.py
[2026-08-12T08:13:52.525+0000] {logging_mixin.py:190} INFO - [2026-08-12T08:13:52.525+0000] {dag.py:3239} INFO - Sync 1 DAGs
[2026-08-12T08:13:52.549+0000] {logging_mixin.py:190} INFO - [2026-08-12T08:13:52.548+0000] {dag.py:4180} INFO - Setting next_dagrun for wap_incremental_cfpb_pipeline to 2026-08-11 00:00:00+00:00, run_after=2026-08-12 00:00:00+00:00
[2026-08-12T08:13:52.572+0000] {processor.py:208} INFO - Processing /opt/airflow/dags/wap_incremental_cfpb_pipeline.py took 0.354 seconds
[2026-08-12T09:24:51.658+0000] {processor.py:186} INFO - Started process (PID=247) to work on /opt/airflow/dags/wap_incremental_cfpb_pipeline.py
[2026-08-12T09:24:51.660+0000] {processor.py:914} INFO - Processing file /opt/airflow/dags/wap_incremental_cfpb_pipeline.py for tasks to queue
[2026-08-12T09:24:51.671+0000] {logging_mixin.py:190} INFO - [2026-08-12T09:24:51.670+0000] {dagbag.py:588} INFO - Filling up the DagBag from /opt/airflow/dags/wap_incremental_cfpb_pipeline.py
[2026-08-12T09:24:52.127+0000] {processor.py:925} INFO - DAG(s) 'wap_incremental_cfpb_pipeline' retrieved from /opt/airflow/dags/wap_incremental_cfpb_pipeline.py
[2026-08-12T09:24:52.168+0000] {logging_mixin.py:190} INFO - [2026-08-12T09:24:52.168+0000] {dag.py:3239} INFO - Sync 1 DAGs
[2026-08-12T09:24:52.203+0000] {logging_mixin.py:190} INFO - [2026-08-12T09:24:52.203+0000] {dag.py:4180} INFO - Setting next_dagrun for wap_incremental_cfpb_pipeline to 2026-08-11 00:00:00+00:00, run_after=2026-08-12 00:00:00+00:00
[2026-08-12T09:24:52.233+0000] {processor.py:208} INFO - Processing /opt/airflow/dags/wap_incremental_cfpb_pipeline.py took 0.582 seconds
[2026-08-12T09:25:23.541+0000] {processor.py:186} INFO - Started process (PID=386) to work on /opt/airflow/dags/wap_incremental_cfpb_pipeline.py
[2026-08-12T09:25:23.542+0000] {processor.py:914} INFO - Processing file /opt/airflow/dags/wap_incremental_cfpb_pipeline.py for tasks to queue
[2026-08-12T09:25:23.544+0000] {logging_mixin.py:190} INFO - [2026-08-12T09:25:23.544+0000] {dagbag.py:588} INFO - Filling up the DagBag from /opt/airflow/dags/wap_incremental_cfpb_pipeline.py
[2026-08-12T09:25:23.924+0000] {processor.py:925} INFO - DAG(s) 'wap_incremental_cfpb_pipeline' retrieved from /opt/airflow/dags/wap_incremental_cfpb_pipeline.py
[2026-08-12T09:25:23.956+0000] {logging_mixin.py:190} INFO - [2026-08-12T09:25:23.955+0000] {dag.py:3239} INFO - Sync 1 DAGs
[2026-08-12T09:25:23.988+0000] {logging_mixin.py:190} INFO - [2026-08-12T09:25:23.987+0000] {dag.py:4180} INFO - Setting next_dagrun for wap_incremental_cfpb_pipeline to 2026-08-11 00:00:00+00:00, run_after=2026-08-12 00:00:00+00:00
[2026-08-12T09:25:24.019+0000] {processor.py:208} INFO - Processing /opt/airflow/dags/wap_incremental_cfpb_pipeline.py took 0.483 seconds
[2026-08-12T09:25:54.170+0000] {processor.py:186} INFO - Started process (PID=521) to work on /opt/airflow/dags/wap_incremental_cfpb_pipeline.py
[2026-08-12T09:25:54.172+0000] {processor.py:914} INFO - Processing file /opt/airflow/dags/wap_incremental_cfpb_pipeline.py for tasks to queue
[2026-08-12T09:25:54.175+0000] {logging_mixin.py:190} INFO - [2026-08-12T09:25:54.174+0000] {dagbag.py:588} INFO - Filling up the DagBag from /opt/airflow/dags/wap_incremental_cfpb_pipeline.py
[2026-08-12T09:25:54.504+0000] {processor.py:925} INFO - DAG(s) 'wap_incremental_cfpb_pipeline' retrieved from /opt/airflow/dags/wap_incremental_cfpb_pipeline.py
[2026-08-12T09:25:54.533+0000] {logging_mixin.py:190} INFO - [2026-08-12T09:25:54.532+0000] {dag.py:3239} INFO - Sync 1 DAGs
[2026-08-12T09:25:54.555+0000] {logging_mixin.py:190} INFO - [2026-08-12T09:25:54.555+0000] {dag.py:4180} INFO - Setting next_dagrun for wap_incremental_cfpb_pipeline to 2026-08-11 00:00:00+00:00, run_after=2026-08-12 00:00:00+00:00
[2026-08-12T09:25:54.580+0000] {processor.py:208} INFO - Processing /opt/airflow/dags/wap_incremental_cfpb_pipeline.py took 0.417 seconds
[2026-08-12T09:26:28.517+0000] {processor.py:186} INFO - Started process (PID=662) to work on /opt/airflow/dags/wap_incremental_cfpb_pipeline.py
[2026-08-12T09:26:28.520+0000] {processor.py:914} INFO - Processing file /opt/airflow/dags/wap_incremental_cfpb_pipeline.py for tasks to queue
[2026-08-12T09:26:28.522+0000] {logging_mixin.py:190} INFO - [2026-08-12T09:26:28.521+0000] {dagbag.py:588} INFO - Filling up the DagBag from /opt/airflow/dags/wap_incremental_cfpb_pipeline.py
[2026-08-12T09:26:29.038+0000] {processor.py:925} INFO - DAG(s) 'wap_incremental_cfpb_pipeline' retrieved from /opt/airflow/dags/wap_incremental_cfpb_pipeline.py
[2026-08-12T09:26:29.099+0000] {logging_mixin.py:190} INFO - [2026-08-12T09:26:29.098+0000] {dag.py:3239} INFO - Sync 1 DAGs
[2026-08-12T09:26:29.141+0000] {logging_mixin.py:190} INFO - [2026-08-12T09:26:29.141+0000] {dag.py:4180} INFO - Setting next_dagrun for wap_incremental_cfpb_pipeline to 2026-08-11 00:00:00+00:00, run_after=2026-08-12 00:00:00+00:00
[2026-08-12T09:26:29.185+0000] {processor.py:208} INFO - Processing /opt/airflow/dags/wap_incremental_cfpb_pipeline.py took 0.678 seconds
[2026-08-12T09:26:59.702+0000] {processor.py:186} INFO - Started process (PID=796) to work on /opt/airflow/dags/wap_incremental_cfpb_pipeline.py
[2026-08-12T09:26:59.703+0000] {processor.py:914} INFO - Processing file /opt/airflow/dags/wap_incremental_cfpb_pipeline.py for tasks to queue
[2026-08-12T09:26:59.704+0000] {logging_mixin.py:190} INFO - [2026-08-12T09:26:59.704+0000] {dagbag.py:588} INFO - Filling up the DagBag from /opt/airflow/dags/wap_incremental_cfpb_pipeline.py
[2026-08-12T09:27:00.019+0000] {processor.py:925} INFO - DAG(s) 'wap_incremental_cfpb_pipeline' retrieved from /opt/airflow/dags/wap_incremental_cfpb_pipeline.py
[2026-08-12T09:27:00.045+0000] {logging_mixin.py:190} INFO - [2026-08-12T09:27:00.045+0000] {dag.py:3239} INFO - Sync 1 DAGs
[2026-08-12T09:27:00.067+0000] {logging_mixin.py:190} INFO - [2026-08-12T09:27:00.067+0000] {dag.py:4180} INFO - Setting next_dagrun for wap_incremental_cfpb_pipeline to 2026-08-11 00:00:00+00:00, run_after=2026-08-12 00:00:00+00:00
[2026-08-12T09:27:00.086+0000] {processor.py:208} INFO - Processing /opt/airflow/dags/wap_incremental_cfpb_pipeline.py took 0.390 seconds
[2026-08-12T09:27:30.212+0000] {processor.py:186} INFO - Started process (PID=928) to work on /opt/airflow/dags/wap_incremental_cfpb_pipeline.py
[2026-08-12T09:27:30.214+0000] {processor.py:914} INFO - Processing file /opt/airflow/dags/wap_incremental_cfpb_pipeline.py for tasks to queue
[2026-08-12T09:27:30.216+0000] {logging_mixin.py:190} INFO - [2026-08-12T09:27:30.216+0000] {dagbag.py:588} INFO - Filling up the DagBag from /opt/airflow/dags/wap_incremental_cfpb_pipeline.py
[2026-08-12T09:27:30.508+0000] {processor.py:925} INFO - DAG(s) 'wap_incremental_cfpb_pipeline' retrieved from /opt/airflow/dags/wap_incremental_cfpb_pipeline.py
[2026-08-12T09:27:30.531+0000] {logging_mixin.py:190} INFO - [2026-08-12T09:27:30.530+0000] {dag.py:3239} INFO - Sync 1 DAGs
[2026-08-12T09:27:30.552+0000] {logging_mixin.py:190} INFO - [2026-08-12T09:27:30.552+0000] {dag.py:4180} INFO - Setting next_dagrun for wap_incremental_cfpb_pipeline to 2026-08-11 00:00:00+00:00, run_after=2026-08-12 00:00:00+00:00
[2026-08-12T09:27:30.571+0000] {processor.py:208} INFO - Processing /opt/airflow/dags/wap_incremental_cfpb_pipeline.py took 0.364 seconds
[2026-08-12T09:28:00.658+0000] {processor.py:186} INFO - Started process (PID=1064) to work on /opt/airflow/dags/wap_incremental_cfpb_pipeline.py
[2026-08-12T09:28:00.659+0000] {processor.py:914} INFO - Processing file /opt/airflow/dags/wap_incremental_cfpb_pipeline.py for tasks to queue
[2026-08-12T09:28:00.660+0000] {logging_mixin.py:190} INFO - [2026-08-12T09:28:00.660+0000] {dagbag.py:588} INFO - Filling up the DagBag from /opt/airflow/dags/wap_incremental_cfpb_pipeline.py
[2026-08-12T09:28:00.974+0000] {processor.py:925} INFO - DAG(s) 'wap_incremental_cfpb_pipeline' retrieved from /opt/airflow/dags/wap_incremental_cfpb_pipeline.py
[2026-08-12T09:28:00.997+0000] {logging_mixin.py:190} INFO - [2026-08-12T09:28:00.997+0000] {dag.py:3239} INFO - Sync 1 DAGs
[2026-08-12T09:28:01.018+0000] {logging_mixin.py:190} INFO - [2026-08-12T09:28:01.018+0000] {dag.py:4180} INFO - Setting next_dagrun for wap_incremental_cfpb_pipeline to 2026-08-11 00:00:00+00:00, run_after=2026-08-12 00:00:00+00:00
[2026-08-12T09:28:01.037+0000] {processor.py:208} INFO - Processing /opt/airflow/dags/wap_incremental_cfpb_pipeline.py took 0.385 seconds
[2026-08-12T09:28:31.192+0000] {processor.py:186} INFO - Started process (PID=1199) to work on /opt/airflow/dags/wap_incremental_cfpb_pipeline.py
[2026-08-12T09:28:31.193+0000] {processor.py:914} INFO - Processing file /opt/airflow/dags/wap_incremental_cfpb_pipeline.py for tasks to queue
[2026-08-12T09:28:31.194+0000] {logging_mixin.py:190} INFO - [2026-08-12T09:28:31.194+0000] {dagbag.py:588} INFO - Filling up the DagBag from /opt/airflow/dags/wap_incremental_cfpb_pipeline.py
[2026-08-12T09:28:31.476+0000] {processor.py:925} INFO - DAG(s) 'wap_incremental_cfpb_pipeline' retrieved from /opt/airflow/dags/wap_incremental_cfpb_pipeline.py
[2026-08-12T09:28:31.501+0000] {logging_mixin.py:190} INFO - [2026-08-12T09:28:31.501+0000] {dag.py:3239} INFO - Sync 1 DAGs
[2026-08-12T09:28:31.521+0000] {logging_mixin.py:190} INFO - [2026-08-12T09:28:31.521+0000] {dag.py:4180} INFO - Setting next_dagrun for wap_incremental_cfpb_pipeline to 2026-08-11 00:00:00+00:00, run_after=2026-08-12 00:00:00+00:00
[2026-08-12T09:28:31.543+0000] {processor.py:208} INFO - Processing /opt/airflow/dags/wap_incremental_cfpb_pipeline.py took 0.356 seconds
[2026-08-12T09:29:02.035+0000] {processor.py:186} INFO - Started process (PID=1334) to work on /opt/airflow/dags/wap_incremental_cfpb_pipeline.py
[2026-08-12T09:29:02.036+0000] {processor.py:914} INFO - Processing file /opt/airflow/dags/wap_incremental_cfpb_pipeline.py for tasks to queue
[2026-08-12T09:29:02.037+0000] {logging_mixin.py:190} INFO - [2026-08-12T09:29:02.037+0000] {dagbag.py:588} INFO - Filling up the DagBag from /opt/airflow/dags/wap_incremental_cfpb_pipeline.py
[2026-08-12T09:29:02.322+0000] {processor.py:925} INFO - DAG(s) 'wap_incremental_cfpb_pipeline' retrieved from /opt/airflow/dags/wap_incremental_cfpb_pipeline.py
[2026-08-12T09:29:02.346+0000] {logging_mixin.py:190} INFO - [2026-08-12T09:29:02.345+0000] {dag.py:3239} INFO - Sync 1 DAGs
[2026-08-12T09:29:02.495+0000] {logging_mixin.py:190} INFO - [2026-08-12T09:29:02.495+0000] {dag.py:4180} INFO - Setting next_dagrun for wap_incremental_cfpb_pipeline to 2026-08-11 00:00:00+00:00, run_after=2026-08-12 00:00:00+00:00
[2026-08-12T09:29:02.510+0000] {processor.py:208} INFO - Processing /opt/airflow/dags/wap_incremental_cfpb_pipeline.py took 0.482 seconds
[2026-08-12T09:29:32.705+0000] {processor.py:186} INFO - Started process (PID=1468) to work on /opt/airflow/dags/wap_incremental_cfpb_pipeline.py
[2026-08-12T09:29:32.706+0000] {processor.py:914} INFO - Processing file /opt/airflow/dags/wap_incremental_cfpb_pipeline.py for tasks to queue
[2026-08-12T09:29:32.707+0000] {logging_mixin.py:190} INFO - [2026-08-12T09:29:32.707+0000] {dagbag.py:588} INFO - Filling up the DagBag from /opt/airflow/dags/wap_incremental_cfpb_pipeline.py
[2026-08-12T09:29:33.146+0000] {processor.py:925} INFO - DAG(s) 'wap_incremental_cfpb_pipeline' retrieved from /opt/airflow/dags/wap_incremental_cfpb_pipeline.py
[2026-08-12T09:29:33.167+0000] {logging_mixin.py:190} INFO - [2026-08-12T09:29:33.166+0000] {dag.py:3239} INFO - Sync 1 DAGs
[2026-08-12T09:29:33.188+0000] {logging_mixin.py:190} INFO - [2026-08-12T09:29:33.188+0000] {dag.py:4180} INFO - Setting next_dagrun for wap_incremental_cfpb_pipeline to 2026-08-11 00:00:00+00:00, run_after=2026-08-12 00:00:00+00:00
[2026-08-12T09:29:33.204+0000] {processor.py:208} INFO - Processing /opt/airflow/dags/wap_incremental_cfpb_pipeline.py took 0.505 seconds
[2026-08-12T09:30:03.315+0000] {processor.py:186} INFO - Started process (PID=1605) to work on /opt/airflow/dags/wap_incremental_cfpb_pipeline.py
[2026-08-12T09:30:03.317+0000] {processor.py:914} INFO - Processing file /opt/airflow/dags/wap_incremental_cfpb_pipeline.py for tasks to queue
[2026-08-12T09:30:03.318+0000] {logging_mixin.py:190} INFO - [2026-08-12T09:30:03.318+0000] {dagbag.py:588} INFO - Filling up the DagBag from /opt/airflow/dags/wap_incremental_cfpb_pipeline.py
[2026-08-12T09:30:03.817+0000] {processor.py:925} INFO - DAG(s) 'wap_incremental_cfpb_pipeline' retrieved from /opt/airflow/dags/wap_incremental_cfpb_pipeline.py
[2026-08-12T09:30:03.847+0000] {logging_mixin.py:190} INFO - [2026-08-12T09:30:03.847+0000] {dag.py:3239} INFO - Sync 1 DAGs
[2026-08-12T09:30:03.874+0000] {logging_mixin.py:190} INFO - [2026-08-12T09:30:03.874+0000] {dag.py:4180} INFO - Setting next_dagrun for wap_incremental_cfpb_pipeline to 2026-08-11 00:00:00+00:00, run_after=2026-08-12 00:00:00+00:00
[2026-08-12T09:30:03.899+0000] {processor.py:208} INFO - Processing /opt/airflow/dags/wap_incremental_cfpb_pipeline.py took 0.589 seconds
[2026-08-12T09:30:34.188+0000] {processor.py:186} INFO - Started process (PID=1740) to work on /opt/airflow/dags/wap_incremental_cfpb_pipeline.py
[2026-08-12T09:30:34.190+0000] {processor.py:914} INFO - Processing file /opt/airflow/dags/wap_incremental_cfpb_pipeline.py for tasks to queue
[2026-08-12T09:30:34.191+0000] {logging_mixin.py:190} INFO - [2026-08-12T09:30:34.191+0000] {dagbag.py:588} INFO - Filling up the DagBag from /opt/airflow/dags/wap_incremental_cfpb_pipeline.py
[2026-08-12T09:30:34.612+0000] {processor.py:925} INFO - DAG(s) 'wap_incremental_cfpb_pipeline' retrieved from /opt/airflow/dags/wap_incremental_cfpb_pipeline.py
[2026-08-12T09:30:34.636+0000] {logging_mixin.py:190} INFO - [2026-08-12T09:30:34.635+0000] {dag.py:3239} INFO - Sync 1 DAGs
[2026-08-12T09:30:34.657+0000] {logging_mixin.py:190} INFO - [2026-08-12T09:30:34.657+0000] {dag.py:4180} INFO - Setting next_dagrun for wap_incremental_cfpb_pipeline to 2026-08-11 00:00:00+00:00, run_after=2026-08-12 00:00:00+00:00
[2026-08-12T09:30:34.678+0000] {processor.py:208} INFO - Processing /opt/airflow/dags/wap_incremental_cfpb_pipeline.py took 0.495 seconds
[2026-08-12T09:31:05.228+0000] {processor.py:186} INFO - Started process (PID=1877) to work on /opt/airflow/dags/wap_incremental_cfpb_pipeline.py
[2026-08-12T09:31:05.230+0000] {processor.py:914} INFO - Processing file /opt/airflow/dags/wap_incremental_cfpb_pipeline.py for tasks to queue
[2026-08-12T09:31:05.232+0000] {logging_mixin.py:190} INFO - [2026-08-12T09:31:05.232+0000] {dagbag.py:588} INFO - Filling up the DagBag from /opt/airflow/dags/wap_incremental_cfpb_pipeline.py
[2026-08-12T09:31:05.660+0000] {processor.py:925} INFO - DAG(s) 'wap_incremental_cfpb_pipeline' retrieved from /opt/airflow/dags/wap_incremental_cfpb_pipeline.py
[2026-08-12T09:31:05.681+0000] {logging_mixin.py:190} INFO - [2026-08-12T09:31:05.681+0000] {dag.py:3239} INFO - Sync 1 DAGs
[2026-08-12T09:31:05.703+0000] {logging_mixin.py:190} INFO - [2026-08-12T09:31:05.702+0000] {dag.py:4180} INFO - Setting next_dagrun for wap_incremental_cfpb_pipeline to 2026-08-11 00:00:00+00:00, run_after=2026-08-12 00:00:00+00:00
[2026-08-12T09:31:05.723+0000] {processor.py:208} INFO - Processing /opt/airflow/dags/wap_incremental_cfpb_pipeline.py took 0.501 seconds
[2026-08-12T09:31:35.840+0000] {processor.py:186} INFO - Started process (PID=2011) to work on /opt/airflow/dags/wap_incremental_cfpb_pipeline.py
[2026-08-12T09:31:35.841+0000] {processor.py:914} INFO - Processing file /opt/airflow/dags/wap_incremental_cfpb_pipeline.py for tasks to queue
[2026-08-12T09:31:35.843+0000] {logging_mixin.py:190} INFO - [2026-08-12T09:31:35.842+0000] {dagbag.py:588} INFO - Filling up the DagBag from /opt/airflow/dags/wap_incremental_cfpb_pipeline.py
[2026-08-12T09:31:36.306+0000] {processor.py:925} INFO - DAG(s) 'wap_incremental_cfpb_pipeline' retrieved from /opt/airflow/dags/wap_incremental_cfpb_pipeline.py
[2026-08-12T09:31:36.333+0000] {logging_mixin.py:190} INFO - [2026-08-12T09:31:36.332+0000] {dag.py:3239} INFO - Sync 1 DAGs
[2026-08-12T09:31:36.357+0000] {logging_mixin.py:190} INFO - [2026-08-12T09:31:36.356+0000] {dag.py:4180} INFO - Setting next_dagrun for wap_incremental_cfpb_pipeline to 2026-08-11 00:00:00+00:00, run_after=2026-08-12 00:00:00+00:00
[2026-08-12T09:31:36.383+0000] {processor.py:208} INFO - Processing /opt/airflow/dags/wap_incremental_cfpb_pipeline.py took 0.548 seconds
[2026-08-12T09:32:06.814+0000] {processor.py:186} INFO - Started process (PID=2148) to work on /opt/airflow/dags/wap_incremental_cfpb_pipeline.py
[2026-08-12T09:32:06.815+0000] {processor.py:914} INFO - Processing file /opt/airflow/dags/wap_incremental_cfpb_pipeline.py for tasks to queue
[2026-08-12T09:32:06.817+0000] {logging_mixin.py:190} INFO - [2026-08-12T09:32:06.816+0000] {dagbag.py:588} INFO - Filling up the DagBag from /opt/airflow/dags/wap_incremental_cfpb_pipeline.py
[2026-08-12T09:32:07.245+0000] {processor.py:925} INFO - DAG(s) 'wap_incremental_cfpb_pipeline' retrieved from /opt/airflow/dags/wap_incremental_cfpb_pipeline.py
[2026-08-12T09:32:07.267+0000] {logging_mixin.py:190} INFO - [2026-08-12T09:32:07.266+0000] {dag.py:3239} INFO - Sync 1 DAGs
[2026-08-12T09:32:07.284+0000] {logging_mixin.py:190} INFO - [2026-08-12T09:32:07.284+0000] {dag.py:4180} INFO - Setting next_dagrun for wap_incremental_cfpb_pipeline to 2026-08-11 00:00:00+00:00, run_after=2026-08-12 00:00:00+00:00
[2026-08-12T09:32:07.302+0000] {processor.py:208} INFO - Processing /opt/airflow/dags/wap_incremental_cfpb_pipeline.py took 0.493 seconds
[2026-08-12T09:32:37.823+0000] {processor.py:186} INFO - Started process (PID=2283) to work on /opt/airflow/dags/wap_incremental_cfpb_pipeline.py
[2026-08-12T09:32:37.824+0000] {processor.py:914} INFO - Processing file /opt/airflow/dags/wap_incremental_cfpb_pipeline.py for tasks to queue
[2026-08-12T09:32:37.825+0000] {logging_mixin.py:190} INFO - [2026-08-12T09:32:37.825+0000] {dagbag.py:588} INFO - Filling up the DagBag from /opt/airflow/dags/wap_incremental_cfpb_pipeline.py
[2026-08-12T09:32:38.292+0000] {processor.py:925} INFO - DAG(s) 'wap_incremental_cfpb_pipeline' retrieved from /opt/airflow/dags/wap_incremental_cfpb_pipeline.py
[2026-08-12T09:32:38.314+0000] {logging_mixin.py:190} INFO - [2026-08-12T09:32:38.314+0000] {dag.py:3239} INFO - Sync 1 DAGs
[2026-08-12T09:32:38.336+0000] {logging_mixin.py:190} INFO - [2026-08-12T09:32:38.335+0000] {dag.py:4180} INFO - Setting next_dagrun for wap_incremental_cfpb_pipeline to 2026-08-11 00:00:00+00:00, run_after=2026-08-12 00:00:00+00:00
[2026-08-12T09:32:38.354+0000] {processor.py:208} INFO - Processing /opt/airflow/dags/wap_incremental_cfpb_pipeline.py took 0.538 seconds
[2026-08-12T09:33:09.136+0000] {processor.py:186} INFO - Started process (PID=2417) to work on /opt/airflow/dags/wap_incremental_cfpb_pipeline.py
[2026-08-12T09:33:09.137+0000] {processor.py:914} INFO - Processing file /opt/airflow/dags/wap_incremental_cfpb_pipeline.py for tasks to queue
[2026-08-12T09:33:09.139+0000] {logging_mixin.py:190} INFO - [2026-08-12T09:33:09.139+0000] {dagbag.py:588} INFO - Filling up the DagBag from /opt/airflow/dags/wap_incremental_cfpb_pipeline.py
[2026-08-12T09:33:09.584+0000] {processor.py:925} INFO - DAG(s) 'wap_incremental_cfpb_pipeline' retrieved from /opt/airflow/dags/wap_incremental_cfpb_pipeline.py
[2026-08-12T09:33:09.607+0000] {logging_mixin.py:190} INFO - [2026-08-12T09:33:09.607+0000] {dag.py:3239} INFO - Sync 1 DAGs
[2026-08-12T09:33:09.627+0000] {logging_mixin.py:190} INFO - [2026-08-12T09:33:09.627+0000] {dag.py:4180} INFO - Setting next_dagrun for wap_incremental_cfpb_pipeline to 2026-08-11 00:00:00+00:00, run_after=2026-08-12 00:00:00+00:00
[2026-08-12T09:33:09.653+0000] {processor.py:208} INFO - Processing /opt/airflow/dags/wap_incremental_cfpb_pipeline.py took 0.523 seconds
[2026-08-12T09:33:39.984+0000] {processor.py:186} INFO - Started process (PID=2554) to work on /opt/airflow/dags/wap_incremental_cfpb_pipeline.py
[2026-08-12T09:33:39.985+0000] {processor.py:914} INFO - Processing file /opt/airflow/dags/wap_incremental_cfpb_pipeline.py for tasks to queue
[2026-08-12T09:33:39.988+0000] {logging_mixin.py:190} INFO - [2026-08-12T09:33:39.988+0000] {dagbag.py:588} INFO - Filling up the DagBag from /opt/airflow/dags/wap_incremental_cfpb_pipeline.py
[2026-08-12T09:33:40.443+0000] {processor.py:925} INFO - DAG(s) 'wap_incremental_cfpb_pipeline' retrieved from /opt/airflow/dags/wap_incremental_cfpb_pipeline.py
[2026-08-12T09:33:40.468+0000] {logging_mixin.py:190} INFO - [2026-08-12T09:33:40.468+0000] {dag.py:3239} INFO - Sync 1 DAGs
[2026-08-12T09:33:40.490+0000] {logging_mixin.py:190} INFO - [2026-08-12T09:33:40.490+0000] {dag.py:4180} INFO - Setting next_dagrun for wap_incremental_cfpb_pipeline to 2026-08-11 00:00:00+00:00, run_after=2026-08-12 00:00:00+00:00
[2026-08-12T09:33:40.511+0000] {processor.py:208} INFO - Processing /opt/airflow/dags/wap_incremental_cfpb_pipeline.py took 0.532 seconds
[2026-08-12T09:34:10.735+0000] {processor.py:186} INFO - Started process (PID=2689) to work on /opt/airflow/dags/wap_incremental_cfpb_pipeline.py
[2026-08-12T09:34:10.737+0000] {processor.py:914} INFO - Processing file /opt/airflow/dags/wap_incremental_cfpb_pipeline.py for tasks to queue
[2026-08-12T09:34:10.738+0000] {logging_mixin.py:190} INFO - [2026-08-12T09:34:10.738+0000] {dagbag.py:588} INFO - Filling up the DagBag from /opt/airflow/dags/wap_incremental_cfpb_pipeline.py
[2026-08-12T09:34:11.261+0000] {processor.py:925} INFO - DAG(s) 'wap_incremental_cfpb_pipeline' retrieved from /opt/airflow/dags/wap_incremental_cfpb_pipeline.py
[2026-08-12T09:34:11.283+0000] {logging_mixin.py:190} INFO - [2026-08-12T09:34:11.283+0000] {dag.py:3239} INFO - Sync 1 DAGs
[2026-08-12T09:34:11.305+0000] {logging_mixin.py:190} INFO - [2026-08-12T09:34:11.305+0000] {dag.py:4180} INFO - Setting next_dagrun for wap_incremental_cfpb_pipeline to 2026-08-11 00:00:00+00:00, run_after=2026-08-12 00:00:00+00:00
[2026-08-12T09:34:11.324+0000] {processor.py:208} INFO - Processing /opt/airflow/dags/wap_incremental_cfpb_pipeline.py took 0.594 seconds
[2026-08-12T09:34:41.904+0000] {processor.py:186} INFO - Started process (PID=2823) to work on /opt/airflow/dags/wap_incremental_cfpb_pipeline.py
[2026-08-12T09:34:41.905+0000] {processor.py:914} INFO - Processing file /opt/airflow/dags/wap_incremental_cfpb_pipeline.py for tasks to queue
[2026-08-12T09:34:41.906+0000] {logging_mixin.py:190} INFO - [2026-08-12T09:34:41.906+0000] {dagbag.py:588} INFO - Filling up the DagBag from /opt/airflow/dags/wap_incremental_cfpb_pipeline.py
[2026-08-12T09:34:42.297+0000] {processor.py:925} INFO - DAG(s) 'wap_incremental_cfpb_pipeline' retrieved from /opt/airflow/dags/wap_incremental_cfpb_pipeline.py
[2026-08-12T09:34:42.316+0000] {logging_mixin.py:190} INFO - [2026-08-12T09:34:42.316+0000] {dag.py:3239} INFO - Sync 1 DAGs
[2026-08-12T09:34:42.335+0000] {logging_mixin.py:190} INFO - [2026-08-12T09:34:42.335+0000] {dag.py:4180} INFO - Setting next_dagrun for wap_incremental_cfpb_pipeline to 2026-08-11 00:00:00+00:00, run_after=2026-08-12 00:00:00+00:00
[2026-08-12T09:34:42.355+0000] {processor.py:208} INFO - Processing /opt/airflow/dags/wap_incremental_cfpb_pipeline.py took 0.457 seconds
[2026-08-12T09:35:12.569+0000] {processor.py:186} INFO - Started process (PID=2960) to work on /opt/airflow/dags/wap_incremental_cfpb_pipeline.py
[2026-08-12T09:35:12.571+0000] {processor.py:914} INFO - Processing file /opt/airflow/dags/wap_incremental_cfpb_pipeline.py for tasks to queue
[2026-08-12T09:35:12.572+0000] {logging_mixin.py:190} INFO - [2026-08-12T09:35:12.572+0000] {dagbag.py:588} INFO - Filling up the DagBag from /opt/airflow/dags/wap_incremental_cfpb_pipeline.py
[2026-08-12T09:35:12.984+0000] {processor.py:925} INFO - DAG(s) 'wap_incremental_cfpb_pipeline' retrieved from /opt/airflow/dags/wap_incremental_cfpb_pipeline.py
[2026-08-12T09:35:13.005+0000] {logging_mixin.py:190} INFO - [2026-08-12T09:35:13.004+0000] {dag.py:3239} INFO - Sync 1 DAGs
[2026-08-12T09:35:13.024+0000] {logging_mixin.py:190} INFO - [2026-08-12T09:35:13.023+0000] {dag.py:4180} INFO - Setting next_dagrun for wap_incremental_cfpb_pipeline to 2026-08-11 00:00:00+00:00, run_after=2026-08-12 00:00:00+00:00
[2026-08-12T09:35:13.044+0000] {processor.py:208} INFO - Processing /opt/airflow/dags/wap_incremental_cfpb_pipeline.py took 0.479 seconds
[2026-08-12T09:35:43.371+0000] {processor.py:186} INFO - Started process (PID=3097) to work on /opt/airflow/dags/wap_incremental_cfpb_pipeline.py
[2026-08-12T09:35:43.372+0000] {processor.py:914} INFO - Processing file /opt/airflow/dags/wap_incremental_cfpb_pipeline.py for tasks to queue
[2026-08-12T09:35:43.374+0000] {logging_mixin.py:190} INFO - [2026-08-12T09:35:43.374+0000] {dagbag.py:588} INFO - Filling up the DagBag from /opt/airflow/dags/wap_incremental_cfpb_pipeline.py
[2026-08-12T09:35:43.770+0000] {processor.py:925} INFO - DAG(s) 'wap_incremental_cfpb_pipeline' retrieved from /opt/airflow/dags/wap_incremental_cfpb_pipeline.py
[2026-08-12T09:35:43.792+0000] {logging_mixin.py:190} INFO - [2026-08-12T09:35:43.791+0000] {dag.py:3239} INFO - Sync 1 DAGs
[2026-08-12T09:35:43.811+0000] {logging_mixin.py:190} INFO - [2026-08-12T09:35:43.811+0000] {dag.py:4180} INFO - Setting next_dagrun for wap_incremental_cfpb_pipeline to 2026-08-11 00:00:00+00:00, run_after=2026-08-12 00:00:00+00:00
[2026-08-12T09:35:43.829+0000] {processor.py:208} INFO - Processing /opt/airflow/dags/wap_incremental_cfpb_pipeline.py took 0.466 seconds
