[2026-08-14T14:15:49.321+0000] {local_task_job_runner.py:123} INFO - ::group::Pre task execution logs
[2026-08-14T14:15:49.382+0000] {taskinstance.py:2612} INFO - Dependencies all met for dep_context=non-requeueable deps ti=<TaskInstance: dbt_gold_full_load.transform_gold.dim_user.run manual__2026-08-14T14:15:40.543876+00:00 [queued]>
[2026-08-14T14:15:49.402+0000] {taskinstance.py:2612} INFO - Dependencies all met for dep_context=requeueable deps ti=<TaskInstance: dbt_gold_full_load.transform_gold.dim_user.run manual__2026-08-14T14:15:40.543876+00:00 [queued]>
[2026-08-14T14:15:49.404+0000] {taskinstance.py:2865} INFO - Starting attempt 1 of 2
[2026-08-14T14:15:49.443+0000] {taskinstance.py:2888} INFO - Executing <Task(DbtRunLocalOperator): transform_gold.dim_user.run> on 2026-08-14 14:15:40.543876+00:00
[2026-08-14T14:15:49.457+0000] {standard_task_runner.py:72} INFO - Started process 756 to run task
[2026-08-14T14:15:49.463+0000] {standard_task_runner.py:104} INFO - Running: ['airflow', 'tasks', 'run', 'dbt_gold_full_load', 'transform_gold.dim_user.run', 'manual__2026-08-14T14:15:40.543876+00:00', '--job-id', '208', '--raw', '--subdir', 'DAGS_FOLDER/dbt_gold.py', '--cfg-path', '/tmp/tmpd1_69dey']
[2026-08-14T14:15:49.472+0000] {standard_task_runner.py:105} INFO - Job 208: Subtask transform_gold.dim_user.run
[2026-08-14T14:15:49.677+0000] {task_command.py:467} INFO - Running <TaskInstance: dbt_gold_full_load.transform_gold.dim_user.run manual__2026-08-14T14:15:40.543876+00:00 [running]> on host 240eeb7f2bab
[2026-08-14T14:15:49.926+0000] {taskinstance.py:3131} INFO - Exporting env vars: AIRFLOW_CTX_DAG_OWNER='data-platform-team' AIRFLOW_CTX_DAG_ID='dbt_gold_full_load' AIRFLOW_CTX_TASK_ID='transform_gold.dim_user.run' AIRFLOW_CTX_EXECUTION_DATE='2026-08-14T14:15:40.543876+00:00' AIRFLOW_CTX_TRY_NUMBER='1' AIRFLOW_CTX_DAG_RUN_ID='manual__2026-08-14T14:15:40.543876+00:00'
[2026-08-14T14:15:49.928+0000] {taskinstance.py:731} INFO - ::endgroup::
[2026-08-14T14:15:52.646+0000] {local.py:294} INFO - dbtRunner is available. Using dbtRunner for invoking dbt.
[2026-08-14T14:15:52.648+0000] {local.py:518} INFO - Cloning project to writable temp directory /tmp/tmp_zm_or2q from /opt/airflow/dbt_transform
[2026-08-14T14:15:52.664+0000] {local.py:538} INFO - Partial parse is enabled and the latest partial parse file is /tmp/cosmos/dbt_gold_full_load__transform_gold/target/partial_parse.msgpack
[2026-08-14T14:15:52.677+0000] {config.py:395} INFO - Using user-supplied profiles.yml at /opt/airflow/dbt_transform/profiles.yml
[2026-08-14T14:15:52.698+0000] {runner.py:95} INFO - Trying to run dbtRunner with:
 ['deps', '--project-dir', '/tmp/tmp_zm_or2q', '--profiles-dir', '/opt/airflow/dbt_transform', '--profile', 'lakehouse_dbt', '--target', 'dev', '--no-static-parser']
 in /tmp/tmp_zm_or2q
[2026-08-14T14:15:52.786+0000] {logging_mixin.py:190} INFO - 14:15:52  Running with dbt=1.8.8
[2026-08-14T14:15:53.038+0000] {converter.py:314} INFO - ::group::Cosmos DAG parsing logs
[2026-08-14T14:15:53.044+0000] {graph.py:869} INFO - Trying to parse the dbt project using dbt ls cache cosmos_cache__dbt_gold_incremental__transform_gold...
[2026-08-14T14:15:57.856+0000] {cache.py:383} INFO - Cosmos performance: time to calculate cache identifier cosmos_cache__dbt_gold_incremental__transform_gold for current version: 4.798835566999969
[2026-08-14T14:15:57.858+0000] {graph.py:886} INFO - Cosmos performance [240eeb7f2bab|756]: The cache size for cosmos_cache__dbt_gold_incremental__transform_gold is 27667
[2026-08-14T14:15:57.860+0000] {graph.py:898} INFO - Cosmos performance: Cache hit for cosmos_cache__dbt_gold_incremental__transform_gold - 350ae0d0d0c2a20a07fa8b81946e3a66,304321e940a9403dceb380589bd0566f
[2026-08-14T14:15:57.863+0000] {graph.py:799} INFO - Total nodes: 32
[2026-08-14T14:15:57.864+0000] {graph.py:800} INFO - Total filtered nodes: 32
[2026-08-14T14:15:57.865+0000] {converter.py:361} INFO - Cosmos performance (dbt_gold_incremental__transform_gold) - [240eeb7f2bab|756]: It took 4.82s to parse the dbt project for DAG using dbt_ls_cache
[2026-08-14T14:15:57.927+0000] {converter.py:413} INFO - Cosmos performance (dbt_gold_incremental__transform_gold) - [240eeb7f2bab|756]: It took 0.0616s to build the Airflow DAG.
[2026-08-14T14:15:57.929+0000] {converter.py:420} INFO - ::endgroup::Cosmos DAG parsing logs
[2026-08-14T14:15:57.931+0000] {converter.py:314} INFO - ::group::Cosmos DAG parsing logs
[2026-08-14T14:15:57.937+0000] {graph.py:869} INFO - Trying to parse the dbt project using dbt ls cache cosmos_cache__dbt_gold_full_load__transform_gold...
[2026-08-14T14:16:01.693+0000] {cache.py:383} INFO - Cosmos performance: time to calculate cache identifier cosmos_cache__dbt_gold_full_load__transform_gold for current version: 3.745426855000005
[2026-08-14T14:16:01.695+0000] {graph.py:886} INFO - Cosmos performance [240eeb7f2bab|756]: The cache size for cosmos_cache__dbt_gold_full_load__transform_gold is 27667
[2026-08-14T14:16:01.697+0000] {graph.py:898} INFO - Cosmos performance: Cache hit for cosmos_cache__dbt_gold_full_load__transform_gold - 350ae0d0d0c2a20a07fa8b81946e3a66,304321e940a9403dceb380589bd0566f
[2026-08-14T14:16:01.699+0000] {graph.py:799} INFO - Total nodes: 32
[2026-08-14T14:16:01.701+0000] {graph.py:800} INFO - Total filtered nodes: 32
[2026-08-14T14:16:01.702+0000] {converter.py:361} INFO - Cosmos performance (dbt_gold_full_load__transform_gold) - [240eeb7f2bab|756]: It took 3.77s to parse the dbt project for DAG using dbt_ls_cache
[2026-08-14T14:16:01.764+0000] {converter.py:413} INFO - Cosmos performance (dbt_gold_full_load__transform_gold) - [240eeb7f2bab|756]: It took 0.0614s to build the Airflow DAG.
[2026-08-14T14:16:01.765+0000] {converter.py:420} INFO - ::endgroup::Cosmos DAG parsing logs
[2026-08-14T14:16:01.779+0000] {converter.py:314} INFO - ::group::Cosmos DAG parsing logs
[2026-08-14T14:16:01.787+0000] {graph.py:869} INFO - Trying to parse the dbt project using dbt ls cache cosmos_cache__dbt_silver_gold_incremental__transform_silver...
[2026-08-14T14:16:06.215+0000] {cache.py:383} INFO - Cosmos performance: time to calculate cache identifier cosmos_cache__dbt_silver_gold_incremental__transform_silver for current version: 4.416867952999837
[2026-08-14T14:16:06.217+0000] {graph.py:886} INFO - Cosmos performance [240eeb7f2bab|756]: The cache size for cosmos_cache__dbt_silver_gold_incremental__transform_silver is 11366
[2026-08-14T14:16:06.220+0000] {graph.py:898} INFO - Cosmos performance: Cache hit for cosmos_cache__dbt_silver_gold_incremental__transform_silver - 350ae0d0d0c2a20a07fa8b81946e3a66,5e34606eb5f2b3dea81a8e19fa3ba138
[2026-08-14T14:16:06.222+0000] {graph.py:799} INFO - Total nodes: 13
[2026-08-14T14:16:06.223+0000] {graph.py:800} INFO - Total filtered nodes: 13
[2026-08-14T14:16:06.226+0000] {converter.py:361} INFO - Cosmos performance (dbt_silver_gold_incremental__transform_silver) - [240eeb7f2bab|756]: It took 4.44s to parse the dbt project for DAG using dbt_ls_cache
[2026-08-14T14:16:06.253+0000] {converter.py:413} INFO - Cosmos performance (dbt_silver_gold_incremental__transform_silver) - [240eeb7f2bab|756]: It took 0.0271s to build the Airflow DAG.
[2026-08-14T14:16:06.256+0000] {converter.py:420} INFO - ::endgroup::Cosmos DAG parsing logs
[2026-08-14T14:16:06.258+0000] {converter.py:314} INFO - ::group::Cosmos DAG parsing logs
[2026-08-14T14:16:06.264+0000] {graph.py:869} INFO - Trying to parse the dbt project using dbt ls cache cosmos_cache__dbt_silver_gold_incremental__transform_gold...
[2026-08-14T14:16:08.851+0000] {cache.py:383} INFO - Cosmos performance: time to calculate cache identifier cosmos_cache__dbt_silver_gold_incremental__transform_gold for current version: 2.565003961000002
[2026-08-14T14:16:08.853+0000] {graph.py:886} INFO - Cosmos performance [240eeb7f2bab|756]: The cache size for cosmos_cache__dbt_silver_gold_incremental__transform_gold is 27667
[2026-08-14T14:16:08.855+0000] {graph.py:898} INFO - Cosmos performance: Cache hit for cosmos_cache__dbt_silver_gold_incremental__transform_gold - 350ae0d0d0c2a20a07fa8b81946e3a66,304321e940a9403dceb380589bd0566f
[2026-08-14T14:16:08.856+0000] {graph.py:799} INFO - Total nodes: 32
[2026-08-14T14:16:08.858+0000] {graph.py:800} INFO - Total filtered nodes: 32
[2026-08-14T14:16:08.859+0000] {converter.py:361} INFO - Cosmos performance (dbt_silver_gold_incremental__transform_gold) - [240eeb7f2bab|756]: It took 2.59s to parse the dbt project for DAG using dbt_ls_cache
[2026-08-14T14:16:08.906+0000] {converter.py:413} INFO - Cosmos performance (dbt_silver_gold_incremental__transform_gold) - [240eeb7f2bab|756]: It took 0.0467s to build the Airflow DAG.
[2026-08-14T14:16:08.908+0000] {converter.py:420} INFO - ::endgroup::Cosmos DAG parsing logs
[2026-08-14T14:16:08.910+0000] {converter.py:314} INFO - ::group::Cosmos DAG parsing logs
[2026-08-14T14:16:08.915+0000] {graph.py:869} INFO - Trying to parse the dbt project using dbt ls cache cosmos_cache__dbt_silver_gold_full_load__transform_silver...
[2026-08-14T14:16:12.851+0000] {cache.py:383} INFO - Cosmos performance: time to calculate cache identifier cosmos_cache__dbt_silver_gold_full_load__transform_silver for current version: 3.9240863749996606
[2026-08-14T14:16:12.853+0000] {graph.py:886} INFO - Cosmos performance [240eeb7f2bab|756]: The cache size for cosmos_cache__dbt_silver_gold_full_load__transform_silver is 11366
[2026-08-14T14:16:12.855+0000] {graph.py:898} INFO - Cosmos performance: Cache hit for cosmos_cache__dbt_silver_gold_full_load__transform_silver - 350ae0d0d0c2a20a07fa8b81946e3a66,5e34606eb5f2b3dea81a8e19fa3ba138
[2026-08-14T14:16:12.856+0000] {graph.py:799} INFO - Total nodes: 13
[2026-08-14T14:16:12.857+0000] {graph.py:800} INFO - Total filtered nodes: 13
[2026-08-14T14:16:12.857+0000] {converter.py:361} INFO - Cosmos performance (dbt_silver_gold_full_load__transform_silver) - [240eeb7f2bab|756]: It took 3.94s to parse the dbt project for DAG using dbt_ls_cache
[2026-08-14T14:16:12.875+0000] {converter.py:413} INFO - Cosmos performance (dbt_silver_gold_full_load__transform_silver) - [240eeb7f2bab|756]: It took 0.0176s to build the Airflow DAG.
[2026-08-14T14:16:12.876+0000] {converter.py:420} INFO - ::endgroup::Cosmos DAG parsing logs
[2026-08-14T14:16:12.877+0000] {converter.py:314} INFO - ::group::Cosmos DAG parsing logs
[2026-08-14T14:16:12.880+0000] {graph.py:869} INFO - Trying to parse the dbt project using dbt ls cache cosmos_cache__dbt_silver_gold_full_load__transform_gold...
[2026-08-14T14:16:16.651+0000] {cache.py:383} INFO - Cosmos performance: time to calculate cache identifier cosmos_cache__dbt_silver_gold_full_load__transform_gold for current version: 3.763570082000115
[2026-08-14T14:16:16.652+0000] {graph.py:886} INFO - Cosmos performance [240eeb7f2bab|756]: The cache size for cosmos_cache__dbt_silver_gold_full_load__transform_gold is 27667
[2026-08-14T14:16:16.654+0000] {graph.py:898} INFO - Cosmos performance: Cache hit for cosmos_cache__dbt_silver_gold_full_load__transform_gold - 350ae0d0d0c2a20a07fa8b81946e3a66,304321e940a9403dceb380589bd0566f
[2026-08-14T14:16:16.654+0000] {graph.py:799} INFO - Total nodes: 32
[2026-08-14T14:16:16.656+0000] {graph.py:800} INFO - Total filtered nodes: 32
[2026-08-14T14:16:16.661+0000] {converter.py:361} INFO - Cosmos performance (dbt_silver_gold_full_load__transform_gold) - [240eeb7f2bab|756]: It took 3.78s to parse the dbt project for DAG using dbt_ls_cache
[2026-08-14T14:16:16.741+0000] {converter.py:413} INFO - Cosmos performance (dbt_silver_gold_full_load__transform_gold) - [240eeb7f2bab|756]: It took 0.0804s to build the Airflow DAG.
[2026-08-14T14:16:16.744+0000] {converter.py:420} INFO - ::endgroup::Cosmos DAG parsing logs
[2026-08-14T14:16:17.294+0000] {logging_mixin.py:190} INFO - 14:16:17  Installing dbt-labs/dbt_utils
[2026-08-14T14:16:17.997+0000] {logging_mixin.py:190} INFO - 14:16:17  Installed from version 1.3.0
[2026-08-14T14:16:18.001+0000] {logging_mixin.py:190} INFO - 14:16:18  Updated version available: 1.4.1
[2026-08-14T14:16:18.003+0000] {logging_mixin.py:190} INFO - 14:16:18  Installing metaplane/dbt_expectations
[2026-08-14T14:16:19.067+0000] {logging_mixin.py:190} INFO - 14:16:19  Installed from version 0.10.8
[2026-08-14T14:16:19.070+0000] {logging_mixin.py:190} INFO - 14:16:19  Updated version available: 0.10.10
[2026-08-14T14:16:19.074+0000] {logging_mixin.py:190} INFO - 14:16:19  Installing godatadriven/dbt_date
[2026-08-14T14:16:19.701+0000] {logging_mixin.py:190} INFO - 14:16:19  Installed from version 0.15.0
[2026-08-14T14:16:19.706+0000] {logging_mixin.py:190} INFO - 14:16:19  Up to date!
[2026-08-14T14:16:19.711+0000] {logging_mixin.py:190} INFO - 14:16:19
[2026-08-14T14:16:19.717+0000] {logging_mixin.py:190} INFO - 14:16:19  Updates available for packages: ['dbt-labs/dbt_utils', 'metaplane/dbt_expectations']                 
Update your versions in packages.yml, then run dbt deps
[2026-08-14T14:16:21.140+0000] {runner.py:95} INFO - Trying to run dbtRunner with:
 ['run', '--select', 'fqn:logistics_transformation.marts.dim_user', '--full-refresh', '--project-dir', '/tmp/tmp_zm_or2q', '--profiles-dir', '/opt/airflow/dbt_transform', '--profile', 'lakehouse_dbt', '--target', 'dev', '--no-static-parser']
 in /tmp/tmp_zm_or2q
[2026-08-14T14:16:21.180+0000] {logging_mixin.py:190} INFO - 14:16:21  Running with dbt=1.8.8
[2026-08-14T14:16:21.245+0000] {auth.py:343} INFO - keyring module not found. OAuth2 token will not be stored in keyring.
[2026-08-14T14:16:21.255+0000] {auth.py:343} INFO - keyring module not found. OAuth2 token will not be stored in keyring.
[2026-08-14T14:16:21.421+0000] {logging_mixin.py:190} INFO - 14:16:21  Registered adapter: trino=1.8.5
[2026-08-14T14:16:21.865+0000] {logging_mixin.py:190} INFO - 14:16:21  Unable to do partial parsing because config vars, config profile, or config target have changed
[2026-08-14T14:16:21.868+0000] {logging_mixin.py:190} INFO - 14:16:21  Unable to do partial parsing because a project dependency has been added
[2026-08-14T14:16:24.193+0000] {logging_mixin.py:190} INFO - 14:16:24  [WARNING]: Deprecated functionality
The `tests` config has been renamed to `data_tests`. Please see
https://docs.getdbt.com/docs/build/data-tests#new-data_tests-syntax for more
information.
[2026-08-14T14:16:24.768+0000] {logging_mixin.py:190} INFO - 14:16:24  Found 11 models, 36 data tests, 1 source, 839 macros
[2026-08-14T14:16:24.771+0000] {logging_mixin.py:190} INFO - 14:16:24
[2026-08-14T14:16:24.794+0000] {logging_mixin.py:190} INFO - 14:16:24  [WARNING]: SSL certificate validation is disabled by default. It is legacy behavior which will be changed in future releases. It is strongly advised to enable `require_certificate_validation` flag or explicitly set `cert` configuration to `True` for security reasons. You may receive an error after that if your SSL setup is incorrect.
You may opt into the new behavior sooner by setting `flags.require_certificate_validation` to `True` in `dbt_project.yml`.
Visit https://docs.getdbt.com/reference/global-configs/behavior-changes for more information.
[2026-08-14T14:16:24.809+0000] {logging_mixin.py:190} INFO - 14:16:24
[2026-08-14T14:16:24.811+0000] {logging_mixin.py:190} INFO - 14:16:24  Finished running  in 0 hours 0 minutes and 0.04 seconds (0.04s).
[2026-08-14T14:16:24.814+0000] {logging_mixin.py:190} INFO - 14:16:24  Encountered an error:
Database Error
  TrinoUserError(type=USER_ERROR, name=CATALOG_NOT_FOUND, message="Catalog 'iceberg' not found", query_id=20260814_141624_00010_b5asc)
[2026-08-14T14:16:25.930+0000] {local.py:196} WARNING - Artifact schema version: https://schemas.getdbt.com/dbt/manifest/v12.json is above dbt-ol supported version 7. This might cause errors.
[2026-08-14T14:16:25.932+0000] {local.py:594} INFO - Inlets: []
[2026-08-14T14:16:25.934+0000] {local.py:595} INFO - Outlets: []
[2026-08-14T14:16:25.935+0000] {local.py:886} INFO - Assigning inlets/outlets with DatasetAlias in Airflow 2
[2026-08-14T14:16:25.960+0000] {taskinstance.py:3310} ERROR - Task failed with exception
Traceback (most recent call last):
  File "/home/airflow/.local/lib/python3.10/site-packages/airflow/models/taskinstance.py", line 767, in _execute_task
    result = _execute_callable(context=context, **execute_callable_kwargs)
  File "/home/airflow/.local/lib/python3.10/site-packages/airflow/models/taskinstance.py", line 733, in _execute_callable
    return ExecutionCallableRunner(
  File "/home/airflow/.local/lib/python3.10/site-packages/airflow/utils/operator_helpers.py", line 252, in run
    return self.func(*args, **kwargs)
  File "/home/airflow/.local/lib/python3.10/site-packages/cosmos/operators/base.py", line 346, in execute
    self.build_and_run_cmd(context=context, cmd_flags=self.add_cmd_flags(), **kwargs)
  File "/home/airflow/.local/lib/python3.10/site-packages/cosmos/operators/local.py", line 968, in build_and_run_cmd
    result = self.run_command(
  File "/home/airflow/.local/lib/python3.10/site-packages/cosmos/operators/local.py", line 743, in run_command
    self.handle_exception(result)
  File "/home/airflow/.local/lib/python3.10/site-packages/cosmos/operators/local.py", line 308, in handle_exception_dbt_runner
    return dbt_runner.handle_exception_if_needed(result)
  File "/home/airflow/.local/lib/python3.10/site-packages/cosmos/dbt/runner.py", line 152, in handle_exception_if_needed
    raise CosmosDbtRunError(f"dbt invocation did not complete with unhandled error: {result.exception}")
cosmos.exceptions.CosmosDbtRunError: dbt invocation did not complete with unhandled error: Database Error
  TrinoUserError(type=USER_ERROR, name=CATALOG_NOT_FOUND, message="Catalog 'iceberg' not found", query_id=20260814_141624_00010_b5asc)
[2026-08-14T14:16:26.623+0000] {_client.py:1026} INFO - HTTP Request: GET https://astronomer.gateway.scarf.sh/astronomer-cosmos/v3/task_instance?cosmos_version=1.15.0&airflow_version=2.10.2&python_version=3.10.15&platform_system=Linux&platform_machine=x86_64&status=failed&operator_name=DbtRunLocalOperator&is_cosmos_operator_subclass=False&invocation_mode=dbt_runner&execution_mode=local&profile_strategy=yaml_file&profile_mapping_class=None&database=trino&is_mapped_task=False&dbt_command=run&install_deps=True&has_callback=False&duration=36.585531 "HTTP/1.1 200 OK"
[2026-08-14T14:16:26.625+0000] {taskinstance.py:1225} INFO - Marking task as UP_FOR_RETRY. dag_id=dbt_gold_full_load, task_id=transform_gold.dim_user.run, run_id=manual__2026-08-14T14:15:40.543876+00:00, execution_date=20260814T141540, start_date=20260814T141549, end_date=20260814T141625
[2026-08-14T14:16:26.643+0000] {taskinstance.py:340} INFO - ::group::Post task execution logs
[2026-08-14T14:16:26.645+0000] {standard_task_runner.py:124} ERROR - Failed to execute job 208 for task transform_gold.dim_user.run (dbt invocation did not complete with unhandled error: Database Error
  TrinoUserError(type=USER_ERROR, name=CATALOG_NOT_FOUND, message="Catalog 'iceberg' not found", query_id=20260814_141624_00010_b5asc); 756)
Traceback (most recent call last):
  File "/home/airflow/.local/lib/python3.10/site-packages/airflow/task/task_runner/standard_task_runner.py", line 117, in _start_by_fork
    ret = args.func(args, dag=self.dag)
  File "/home/airflow/.local/lib/python3.10/site-packages/airflow/cli/cli_config.py", line 49, in command
    return func(*args, **kwargs)
  File "/home/airflow/.local/lib/python3.10/site-packages/airflow/utils/cli.py", line 115, in wrapper
    return f(*args, **kwargs)
  File "/home/airflow/.local/lib/python3.10/site-packages/airflow/cli/commands/task_command.py", line 483, in task_run
    task_return_code = _run_task_by_selected_method(args, _dag, ti)
  File "/home/airflow/.local/lib/python3.10/site-packages/airflow/cli/commands/task_command.py", line 256, in _run_task_by_selected_method
    return _run_raw_task(args, ti)
  File "/home/airflow/.local/lib/python3.10/site-packages/airflow/cli/commands/task_command.py", line 341, in _run_raw_task
    return ti._run_raw_task(
  File "/home/airflow/.local/lib/python3.10/site-packages/airflow/utils/session.py", line 97, in wrapper
    return func(*args, session=session, **kwargs)
  File "/home/airflow/.local/lib/python3.10/site-packages/airflow/models/taskinstance.py", line 3004, in _run_raw_task
    return _run_raw_task(
  File "/home/airflow/.local/lib/python3.10/site-packages/airflow/models/taskinstance.py", line 273, in _run_raw_task
    TaskInstance._execute_task_with_callbacks(
  File "/home/airflow/.local/lib/python3.10/site-packages/airflow/models/taskinstance.py", line 3158, in _execute_task_with_callbacks
    result = self._execute_task(context, task_orig)
  File "/home/airflow/.local/lib/python3.10/site-packages/airflow/models/taskinstance.py", line 3182, in _execute_task
    return _execute_task(self, context, task_orig)
  File "/home/airflow/.local/lib/python3.10/site-packages/airflow/models/taskinstance.py", line 767, in _execute_task
    result = _execute_callable(context=context, **execute_callable_kwargs)
  File "/home/airflow/.local/lib/python3.10/site-packages/airflow/models/taskinstance.py", line 733, in _execute_callable
    return ExecutionCallableRunner(
  File "/home/airflow/.local/lib/python3.10/site-packages/airflow/utils/operator_helpers.py", line 252, in run
    return self.func(*args, **kwargs)
  File "/home/airflow/.local/lib/python3.10/site-packages/cosmos/operators/base.py", line 346, in execute
    self.build_and_run_cmd(context=context, cmd_flags=self.add_cmd_flags(), **kwargs)
  File "/home/airflow/.local/lib/python3.10/site-packages/cosmos/operators/local.py", line 968, in build_and_run_cmd
    result = self.run_command(
  File "/home/airflow/.local/lib/python3.10/site-packages/cosmos/operators/local.py", line 743, in run_command
    self.handle_exception(result)
  File "/home/airflow/.local/lib/python3.10/site-packages/cosmos/operators/local.py", line 308, in handle_exception_dbt_runner
    return dbt_runner.handle_exception_if_needed(result)
  File "/home/airflow/.local/lib/python3.10/site-packages/cosmos/dbt/runner.py", line 152, in handle_exception_if_needed
    raise CosmosDbtRunError(f"dbt invocation did not complete with unhandled error: {result.exception}")
cosmos.exceptions.CosmosDbtRunError: dbt invocation did not complete with unhandled error: Database Error
  TrinoUserError(type=USER_ERROR, name=CATALOG_NOT_FOUND, message="Catalog 'iceberg' not found", query_id=20260814_141624_00010_b5asc)
[2026-08-14T14:16:26.688+0000] {local_task_job_runner.py:266} INFO - Task exited with return code 1
[2026-08-14T14:16:26.715+0000] {taskinstance.py:3900} INFO - 0 downstream tasks scheduled from follow-on schedule check
[2026-08-14T14:16:26.718+0000] {local_task_job_runner.py:245} INFO - ::endgroup::
