[2026-07-21T02:03:04.922+0000] {local_task_job_runner.py:123} INFO - ::group::Pre task execution logs
[2026-07-21T02:03:04.940+0000] {taskinstance.py:2612} INFO - Dependencies all met for dep_context=non-requeueable deps ti=<TaskInstance: wap_incremental_cfpb_pipeline.drop_wap_branch scheduled__2026-07-20T00:00:00+00:00 [queued]>
[2026-07-21T02:03:04.947+0000] {taskinstance.py:2612} INFO - Dependencies all met for dep_context=requeueable deps ti=<TaskInstance: wap_incremental_cfpb_pipeline.drop_wap_branch scheduled__2026-07-20T00:00:00+00:00 [queued]>
[2026-07-21T02:03:04.948+0000] {taskinstance.py:2865} INFO - Starting attempt 1 of 1
[2026-07-21T02:03:04.959+0000] {taskinstance.py:2888} INFO - Executing <Task(_PythonDecoratedOperator): drop_wap_branch> on 2026-07-20 00:00:00+00:00
[2026-07-21T02:03:04.965+0000] {standard_task_runner.py:72} INFO - Started process 2119 to run task
[2026-07-21T02:03:04.969+0000] {standard_task_runner.py:104} INFO - Running: ['airflow', 'tasks', 'run', 'wap_incremental_cfpb_pipeline', 'drop_wap_branch', 'scheduled__2026-07-20T00:00:00+00:00', '--job-id', '10', '--raw', '--subdir', 'DAGS_FOLDER/wap_incremental_cfpb_pipeline.py', '--cfg-path', '/tmp/tmpkjgyjodq']
[2026-07-21T02:03:04.971+0000] {standard_task_runner.py:105} INFO - Job 10: Subtask drop_wap_branch
[2026-07-21T02:03:05.043+0000] {task_command.py:467} INFO - Running <TaskInstance: wap_incremental_cfpb_pipeline.drop_wap_branch scheduled__2026-07-20T00:00:00+00:00 [running]> on host d9a28099bef6
[2026-07-21T02:03:05.131+0000] {taskinstance.py:3131} INFO - Exporting env vars: AIRFLOW_CTX_DAG_OWNER='airflow' AIRFLOW_CTX_DAG_ID='wap_incremental_cfpb_pipeline' AIRFLOW_CTX_TASK_ID='drop_wap_branch' AIRFLOW_CTX_EXECUTION_DATE='2026-07-20T00:00:00+00:00' AIRFLOW_CTX_TRY_NUMBER='1' AIRFLOW_CTX_DAG_RUN_ID='scheduled__2026-07-20T00:00:00+00:00'
[2026-07-21T02:03:05.133+0000] {taskinstance.py:731} INFO - ::endgroup::
[2026-07-21T02:03:05.136+0000] {base.py:84} INFO - Retrieving connection 'nessie_api_default'
[2026-07-21T02:03:05.170+0000] {nessie_client.py:72} INFO - 🗑️ Đã dọn dẹp nhánh tạm 'etl_20260720_scheduled202607'.
[2026-07-21T02:03:05.171+0000] {wap_incremental_cfpb_pipeline.py:259} INFO - 🗑️ CLEANUP: Đã xóa an toàn nhánh tạm etl_20260720_scheduled202607.
[2026-07-21T02:03:05.173+0000] {python.py:240} INFO - Done. Returned value was: None
[2026-07-21T02:03:05.185+0000] {taskinstance.py:340} INFO - ::group::Post task execution logs
[2026-07-21T02:03:05.186+0000] {taskinstance.py:352} INFO - Marking task as SUCCESS. dag_id=wap_incremental_cfpb_pipeline, task_id=drop_wap_branch, run_id=scheduled__2026-07-20T00:00:00+00:00, execution_date=20260720T000000, start_date=20260721T020304, end_date=20260721T020305
[2026-07-21T02:03:05.223+0000] {local_task_job_runner.py:266} INFO - Task exited with return code 0
[2026-07-21T02:03:05.240+0000] {taskinstance.py:3900} INFO - 0 downstream tasks scheduled from follow-on schedule check
[2026-07-21T02:03:05.243+0000] {local_task_job_runner.py:245} INFO - ::endgroup::
[2026-07-21T02:16:56.801+0000] {local_task_job_runner.py:123} INFO - ::group::Pre task execution logs
[2026-07-21T02:16:56.820+0000] {taskinstance.py:2612} INFO - Dependencies all met for dep_context=non-requeueable deps ti=<TaskInstance: wap_incremental_cfpb_pipeline.drop_wap_branch scheduled__2026-07-20T00:00:00+00:00 [queued]>
[2026-07-21T02:16:56.828+0000] {taskinstance.py:2612} INFO - Dependencies all met for dep_context=requeueable deps ti=<TaskInstance: wap_incremental_cfpb_pipeline.drop_wap_branch scheduled__2026-07-20T00:00:00+00:00 [queued]>
[2026-07-21T02:16:56.830+0000] {taskinstance.py:2865} INFO - Starting attempt 1 of 1
[2026-07-21T02:16:56.840+0000] {taskinstance.py:2888} INFO - Executing <Task(_PythonDecoratedOperator): drop_wap_branch> on 2026-07-20 00:00:00+00:00
[2026-07-21T02:16:56.846+0000] {standard_task_runner.py:72} INFO - Started process 4211 to run task
[2026-07-21T02:16:56.850+0000] {standard_task_runner.py:104} INFO - Running: ['airflow', 'tasks', 'run', 'wap_incremental_cfpb_pipeline', 'drop_wap_branch', 'scheduled__2026-07-20T00:00:00+00:00', '--job-id', '21', '--raw', '--subdir', 'DAGS_FOLDER/wap_incremental_cfpb_pipeline.py', '--cfg-path', '/tmp/tmpa6d2xm7t']
[2026-07-21T02:16:56.852+0000] {standard_task_runner.py:105} INFO - Job 21: Subtask drop_wap_branch
[2026-07-21T02:16:56.936+0000] {task_command.py:467} INFO - Running <TaskInstance: wap_incremental_cfpb_pipeline.drop_wap_branch scheduled__2026-07-20T00:00:00+00:00 [running]> on host d9a28099bef6
[2026-07-21T02:16:57.029+0000] {taskinstance.py:3131} INFO - Exporting env vars: AIRFLOW_CTX_DAG_OWNER='airflow' AIRFLOW_CTX_DAG_ID='wap_incremental_cfpb_pipeline' AIRFLOW_CTX_TASK_ID='drop_wap_branch' AIRFLOW_CTX_EXECUTION_DATE='2026-07-20T00:00:00+00:00' AIRFLOW_CTX_TRY_NUMBER='1' AIRFLOW_CTX_DAG_RUN_ID='scheduled__2026-07-20T00:00:00+00:00'
[2026-07-21T02:16:57.031+0000] {taskinstance.py:731} INFO - ::endgroup::
[2026-07-21T02:16:57.035+0000] {base.py:84} INFO - Retrieving connection 'nessie_api_default'
[2026-07-21T02:16:57.069+0000] {nessie_client.py:72} INFO - 🗑️ Đã dọn dẹp nhánh tạm 'etl_20260720_scheduled202607'.
[2026-07-21T02:16:57.070+0000] {wap_incremental_cfpb_pipeline.py:259} INFO - 🗑️ CLEANUP: Đã xóa an toàn nhánh tạm etl_20260720_scheduled202607.
[2026-07-21T02:16:57.071+0000] {python.py:240} INFO - Done. Returned value was: None
[2026-07-21T02:16:57.085+0000] {taskinstance.py:340} INFO - ::group::Post task execution logs
[2026-07-21T02:16:57.087+0000] {taskinstance.py:352} INFO - Marking task as SUCCESS. dag_id=wap_incremental_cfpb_pipeline, task_id=drop_wap_branch, run_id=scheduled__2026-07-20T00:00:00+00:00, execution_date=20260720T000000, start_date=20260721T021656, end_date=20260721T021657
[2026-07-21T02:16:57.105+0000] {local_task_job_runner.py:266} INFO - Task exited with return code 0
[2026-07-21T02:16:57.124+0000] {taskinstance.py:3900} INFO - 0 downstream tasks scheduled from follow-on schedule check
[2026-07-21T02:16:57.126+0000] {local_task_job_runner.py:245} INFO - ::endgroup::
[2026-07-21T02:33:04.822+0000] {local_task_job_runner.py:123} INFO - ::group::Pre task execution logs
[2026-07-21T02:33:04.840+0000] {taskinstance.py:2612} INFO - Dependencies all met for dep_context=non-requeueable deps ti=<TaskInstance: wap_incremental_cfpb_pipeline.drop_wap_branch scheduled__2026-07-20T00:00:00+00:00 [queued]>
[2026-07-21T02:33:04.849+0000] {taskinstance.py:2612} INFO - Dependencies all met for dep_context=requeueable deps ti=<TaskInstance: wap_incremental_cfpb_pipeline.drop_wap_branch scheduled__2026-07-20T00:00:00+00:00 [queued]>
[2026-07-21T02:33:04.851+0000] {taskinstance.py:2865} INFO - Starting attempt 1 of 1
[2026-07-21T02:33:04.864+0000] {taskinstance.py:2888} INFO - Executing <Task(_PythonDecoratedOperator): drop_wap_branch> on 2026-07-20 00:00:00+00:00
[2026-07-21T02:33:04.872+0000] {standard_task_runner.py:72} INFO - Started process 1266 to run task
[2026-07-21T02:33:04.877+0000] {standard_task_runner.py:104} INFO - Running: ['airflow', 'tasks', 'run', 'wap_incremental_cfpb_pipeline', 'drop_wap_branch', 'scheduled__2026-07-20T00:00:00+00:00', '--job-id', '13', '--raw', '--subdir', 'DAGS_FOLDER/wap_incremental_cfpb_pipeline.py', '--cfg-path', '/tmp/tmpvrzrsi_b']
[2026-07-21T02:33:04.879+0000] {standard_task_runner.py:105} INFO - Job 13: Subtask drop_wap_branch
[2026-07-21T02:33:04.975+0000] {task_command.py:467} INFO - Running <TaskInstance: wap_incremental_cfpb_pipeline.drop_wap_branch scheduled__2026-07-20T00:00:00+00:00 [running]> on host 18b5701cc869
[2026-07-21T02:33:05.081+0000] {taskinstance.py:3131} INFO - Exporting env vars: AIRFLOW_CTX_DAG_OWNER='airflow' AIRFLOW_CTX_DAG_ID='wap_incremental_cfpb_pipeline' AIRFLOW_CTX_TASK_ID='drop_wap_branch' AIRFLOW_CTX_EXECUTION_DATE='2026-07-20T00:00:00+00:00' AIRFLOW_CTX_TRY_NUMBER='1' AIRFLOW_CTX_DAG_RUN_ID='scheduled__2026-07-20T00:00:00+00:00'
[2026-07-21T02:33:05.084+0000] {taskinstance.py:731} INFO - ::endgroup::
[2026-07-21T02:33:05.088+0000] {base.py:84} INFO - Retrieving connection 'nessie_api_default'
[2026-07-21T02:33:05.131+0000] {nessie_client.py:72} INFO - 🗑️ Đã dọn dẹp nhánh tạm 'etl_20260720_scheduled202607'.
[2026-07-21T02:33:05.133+0000] {wap_incremental_cfpb_pipeline.py:259} INFO - 🗑️ CLEANUP: Đã xóa an toàn nhánh tạm etl_20260720_scheduled202607.
[2026-07-21T02:33:05.135+0000] {python.py:240} INFO - Done. Returned value was: None
[2026-07-21T02:33:05.147+0000] {taskinstance.py:340} INFO - ::group::Post task execution logs
[2026-07-21T02:33:05.149+0000] {taskinstance.py:352} INFO - Marking task as SUCCESS. dag_id=wap_incremental_cfpb_pipeline, task_id=drop_wap_branch, run_id=scheduled__2026-07-20T00:00:00+00:00, execution_date=20260720T000000, start_date=20260721T023304, end_date=20260721T023305
[2026-07-21T02:33:05.173+0000] {local_task_job_runner.py:266} INFO - Task exited with return code 0
[2026-07-21T02:33:05.205+0000] {taskinstance.py:3900} INFO - 0 downstream tasks scheduled from follow-on schedule check
[2026-07-21T02:33:05.210+0000] {local_task_job_runner.py:245} INFO - ::endgroup::
[2026-07-21T03:32:02.406+0000] {local_task_job_runner.py:123} INFO - ::group::Pre task execution logs
[2026-07-21T03:32:02.436+0000] {taskinstance.py:2612} INFO - Dependencies all met for dep_context=non-requeueable deps ti=<TaskInstance: wap_incremental_cfpb_pipeline.drop_wap_branch scheduled__2026-07-20T00:00:00+00:00 [queued]>
[2026-07-21T03:32:02.451+0000] {taskinstance.py:2612} INFO - Dependencies all met for dep_context=requeueable deps ti=<TaskInstance: wap_incremental_cfpb_pipeline.drop_wap_branch scheduled__2026-07-20T00:00:00+00:00 [queued]>
[2026-07-21T03:32:02.455+0000] {taskinstance.py:2865} INFO - Starting attempt 1 of 1
[2026-07-21T03:32:02.472+0000] {taskinstance.py:2888} INFO - Executing <Task(_PythonDecoratedOperator): drop_wap_branch> on 2026-07-20 00:00:00+00:00
[2026-07-21T03:32:02.480+0000] {standard_task_runner.py:72} INFO - Started process 1418 to run task
[2026-07-21T03:32:02.485+0000] {standard_task_runner.py:104} INFO - Running: ['airflow', 'tasks', 'run', 'wap_incremental_cfpb_pipeline', 'drop_wap_branch', 'scheduled__2026-07-20T00:00:00+00:00', '--job-id', '12', '--raw', '--subdir', 'DAGS_FOLDER/wap_incremental_cfpb_pipeline.py', '--cfg-path', '/tmp/tmpmncxsayr']
[2026-07-21T03:32:02.488+0000] {standard_task_runner.py:105} INFO - Job 12: Subtask drop_wap_branch
[2026-07-21T03:32:02.592+0000] {task_command.py:467} INFO - Running <TaskInstance: wap_incremental_cfpb_pipeline.drop_wap_branch scheduled__2026-07-20T00:00:00+00:00 [running]> on host ea33bf3a5570
[2026-07-21T03:32:02.736+0000] {taskinstance.py:3131} INFO - Exporting env vars: AIRFLOW_CTX_DAG_OWNER='airflow' AIRFLOW_CTX_DAG_ID='wap_incremental_cfpb_pipeline' AIRFLOW_CTX_TASK_ID='drop_wap_branch' AIRFLOW_CTX_EXECUTION_DATE='2026-07-20T00:00:00+00:00' AIRFLOW_CTX_TRY_NUMBER='1' AIRFLOW_CTX_DAG_RUN_ID='scheduled__2026-07-20T00:00:00+00:00'
[2026-07-21T03:32:02.740+0000] {taskinstance.py:731} INFO - ::endgroup::
[2026-07-21T03:32:02.746+0000] {base.py:84} INFO - Retrieving connection 'nessie_api_default'
[2026-07-21T03:32:02.792+0000] {nessie_client.py:72} INFO - 🗑️ Đã dọn dẹp nhánh tạm 'etl_20260720_scheduled202607'.
[2026-07-21T03:32:02.794+0000] {wap_incremental_cfpb_pipeline.py:259} INFO - 🗑️ CLEANUP: Đã xóa an toàn nhánh tạm etl_20260720_scheduled202607.
[2026-07-21T03:32:02.796+0000] {python.py:240} INFO - Done. Returned value was: None
[2026-07-21T03:32:02.809+0000] {taskinstance.py:340} INFO - ::group::Post task execution logs
[2026-07-21T03:32:02.812+0000] {taskinstance.py:352} INFO - Marking task as SUCCESS. dag_id=wap_incremental_cfpb_pipeline, task_id=drop_wap_branch, run_id=scheduled__2026-07-20T00:00:00+00:00, execution_date=20260720T000000, start_date=20260721T033202, end_date=20260721T033202
[2026-07-21T03:32:02.862+0000] {local_task_job_runner.py:266} INFO - Task exited with return code 0
[2026-07-21T03:32:02.885+0000] {taskinstance.py:3900} INFO - 0 downstream tasks scheduled from follow-on schedule check
[2026-07-21T03:32:02.889+0000] {local_task_job_runner.py:245} INFO - ::endgroup::
[2026-07-21T04:35:15.915+0000] {local_task_job_runner.py:123} INFO - ::group::Pre task execution logs
[2026-07-21T04:35:15.934+0000] {taskinstance.py:2612} INFO - Dependencies all met for dep_context=non-requeueable deps ti=<TaskInstance: wap_incremental_cfpb_pipeline.drop_wap_branch scheduled__2026-07-20T00:00:00+00:00 [queued]>
[2026-07-21T04:35:15.944+0000] {taskinstance.py:2612} INFO - Dependencies all met for dep_context=requeueable deps ti=<TaskInstance: wap_incremental_cfpb_pipeline.drop_wap_branch scheduled__2026-07-20T00:00:00+00:00 [queued]>
[2026-07-21T04:35:15.945+0000] {taskinstance.py:2865} INFO - Starting attempt 1 of 1
[2026-07-21T04:35:15.958+0000] {taskinstance.py:2888} INFO - Executing <Task(_PythonDecoratedOperator): drop_wap_branch> on 2026-07-20 00:00:00+00:00
[2026-07-21T04:35:15.965+0000] {standard_task_runner.py:72} INFO - Started process 1198 to run task
[2026-07-21T04:35:15.969+0000] {standard_task_runner.py:104} INFO - Running: ['airflow', 'tasks', 'run', 'wap_incremental_cfpb_pipeline', 'drop_wap_branch', 'scheduled__2026-07-20T00:00:00+00:00', '--job-id', '13', '--raw', '--subdir', 'DAGS_FOLDER/wap_incremental_cfpb_pipeline.py', '--cfg-path', '/tmp/tmpso3sj_cp']
[2026-07-21T04:35:15.971+0000] {standard_task_runner.py:105} INFO - Job 13: Subtask drop_wap_branch
[2026-07-21T04:35:16.061+0000] {task_command.py:467} INFO - Running <TaskInstance: wap_incremental_cfpb_pipeline.drop_wap_branch scheduled__2026-07-20T00:00:00+00:00 [running]> on host f323e2c81486
[2026-07-21T04:35:16.168+0000] {taskinstance.py:3131} INFO - Exporting env vars: AIRFLOW_CTX_DAG_OWNER='airflow' AIRFLOW_CTX_DAG_ID='wap_incremental_cfpb_pipeline' AIRFLOW_CTX_TASK_ID='drop_wap_branch' AIRFLOW_CTX_EXECUTION_DATE='2026-07-20T00:00:00+00:00' AIRFLOW_CTX_TRY_NUMBER='1' AIRFLOW_CTX_DAG_RUN_ID='scheduled__2026-07-20T00:00:00+00:00'
[2026-07-21T04:35:16.171+0000] {taskinstance.py:731} INFO - ::endgroup::
[2026-07-21T04:35:16.175+0000] {base.py:84} INFO - Retrieving connection 'nessie_api_default'
[2026-07-21T04:35:16.216+0000] {nessie_client.py:72} INFO - 🗑️ Đã dọn dẹp nhánh tạm 'etl_20260720_scheduled202607'.
[2026-07-21T04:35:16.218+0000] {wap_incremental_cfpb_pipeline.py:259} INFO - 🗑️ CLEANUP: Đã xóa an toàn nhánh tạm etl_20260720_scheduled202607.
[2026-07-21T04:35:16.219+0000] {python.py:240} INFO - Done. Returned value was: None
[2026-07-21T04:35:16.235+0000] {taskinstance.py:340} INFO - ::group::Post task execution logs
[2026-07-21T04:35:16.236+0000] {taskinstance.py:352} INFO - Marking task as SUCCESS. dag_id=wap_incremental_cfpb_pipeline, task_id=drop_wap_branch, run_id=scheduled__2026-07-20T00:00:00+00:00, execution_date=20260720T000000, start_date=20260721T043515, end_date=20260721T043516
[2026-07-21T04:35:16.267+0000] {local_task_job_runner.py:266} INFO - Task exited with return code 0
[2026-07-21T04:35:16.287+0000] {taskinstance.py:3900} INFO - 0 downstream tasks scheduled from follow-on schedule check
[2026-07-21T04:35:16.291+0000] {local_task_job_runner.py:245} INFO - ::endgroup::
[2026-07-21T07:20:33.510+0000] {local_task_job_runner.py:123} INFO - ::group::Pre task execution logs
[2026-07-21T07:20:33.530+0000] {taskinstance.py:2612} INFO - Dependencies all met for dep_context=non-requeueable deps ti=<TaskInstance: wap_incremental_cfpb_pipeline.drop_wap_branch scheduled__2026-07-20T00:00:00+00:00 [queued]>
[2026-07-21T07:20:33.541+0000] {taskinstance.py:2612} INFO - Dependencies all met for dep_context=requeueable deps ti=<TaskInstance: wap_incremental_cfpb_pipeline.drop_wap_branch scheduled__2026-07-20T00:00:00+00:00 [queued]>
[2026-07-21T07:20:33.544+0000] {taskinstance.py:2865} INFO - Starting attempt 1 of 1
[2026-07-21T07:20:33.558+0000] {taskinstance.py:2888} INFO - Executing <Task(_PythonDecoratedOperator): drop_wap_branch> on 2026-07-20 00:00:00+00:00
[2026-07-21T07:20:33.564+0000] {standard_task_runner.py:72} INFO - Started process 1069 to run task
[2026-07-21T07:20:33.569+0000] {standard_task_runner.py:104} INFO - Running: ['airflow', 'tasks', 'run', 'wap_incremental_cfpb_pipeline', 'drop_wap_branch', 'scheduled__2026-07-20T00:00:00+00:00', '--job-id', '12', '--raw', '--subdir', 'DAGS_FOLDER/wap_incremental_cfpb_pipeline.py', '--cfg-path', '/tmp/tmpakgq1q7g']
[2026-07-21T07:20:33.571+0000] {standard_task_runner.py:105} INFO - Job 12: Subtask drop_wap_branch
[2026-07-21T07:20:33.687+0000] {task_command.py:467} INFO - Running <TaskInstance: wap_incremental_cfpb_pipeline.drop_wap_branch scheduled__2026-07-20T00:00:00+00:00 [running]> on host d9d01f23f376
[2026-07-21T07:20:33.800+0000] {taskinstance.py:3131} INFO - Exporting env vars: AIRFLOW_CTX_DAG_OWNER='airflow' AIRFLOW_CTX_DAG_ID='wap_incremental_cfpb_pipeline' AIRFLOW_CTX_TASK_ID='drop_wap_branch' AIRFLOW_CTX_EXECUTION_DATE='2026-07-20T00:00:00+00:00' AIRFLOW_CTX_TRY_NUMBER='1' AIRFLOW_CTX_DAG_RUN_ID='scheduled__2026-07-20T00:00:00+00:00'
[2026-07-21T07:20:33.804+0000] {taskinstance.py:731} INFO - ::endgroup::
[2026-07-21T07:20:33.809+0000] {base.py:84} INFO - Retrieving connection 'nessie_api_default'
[2026-07-21T07:20:33.851+0000] {nessie_client.py:72} INFO - 🗑️ Đã dọn dẹp nhánh tạm 'etl_20260720_scheduled202607'.
[2026-07-21T07:20:33.852+0000] {wap_incremental_cfpb_pipeline.py:259} INFO - 🗑️ CLEANUP: Đã xóa an toàn nhánh tạm etl_20260720_scheduled202607.
[2026-07-21T07:20:33.854+0000] {python.py:240} INFO - Done. Returned value was: None
[2026-07-21T07:20:33.868+0000] {taskinstance.py:340} INFO - ::group::Post task execution logs
[2026-07-21T07:20:33.873+0000] {taskinstance.py:352} INFO - Marking task as SUCCESS. dag_id=wap_incremental_cfpb_pipeline, task_id=drop_wap_branch, run_id=scheduled__2026-07-20T00:00:00+00:00, execution_date=20260720T000000, start_date=20260721T072033, end_date=20260721T072033
[2026-07-21T07:20:33.905+0000] {local_task_job_runner.py:266} INFO - Task exited with return code 0
[2026-07-21T07:20:33.927+0000] {taskinstance.py:3900} INFO - 0 downstream tasks scheduled from follow-on schedule check
[2026-07-21T07:20:33.930+0000] {local_task_job_runner.py:245} INFO - ::endgroup::
