[2026-08-13T04:12:38.607+0000] {local_task_job_runner.py:123} INFO - ::group::Pre task execution logs
[2026-08-13T04:12:38.635+0000] {taskinstance.py:2612} INFO - Dependencies all met for dep_context=non-requeueable deps ti=<TaskInstance: setup_lakehouse_infrastructure_v3.wait_for_trino_ready manual__2026-08-13T04:12:37.893396+00:00 [queued]>
[2026-08-13T04:12:38.650+0000] {taskinstance.py:2612} INFO - Dependencies all met for dep_context=requeueable deps ti=<TaskInstance: setup_lakehouse_infrastructure_v3.wait_for_trino_ready manual__2026-08-13T04:12:37.893396+00:00 [queued]>
[2026-08-13T04:12:38.653+0000] {taskinstance.py:2865} INFO - Starting attempt 1 of 1
[2026-08-13T04:12:38.674+0000] {taskinstance.py:2888} INFO - Executing <Task(HttpSensor): wait_for_trino_ready> on 2026-08-13 04:12:37.893396+00:00
[2026-08-13T04:12:38.680+0000] {standard_task_runner.py:72} INFO - Started process 776 to run task
[2026-08-13T04:12:38.686+0000] {standard_task_runner.py:104} INFO - Running: ['airflow', 'tasks', 'run', 'setup_lakehouse_infrastructure_v3', 'wait_for_trino_ready', 'manual__2026-08-13T04:12:37.893396+00:00', '--job-id', '97', '--raw', '--subdir', 'DAGS_FOLDER/setup_lakehouse_infrastructure_v3.py', '--cfg-path', '/tmp/tmptq5egima']
[2026-08-13T04:12:38.695+0000] {standard_task_runner.py:105} INFO - Job 97: Subtask wait_for_trino_ready
[2026-08-13T04:12:38.803+0000] {task_command.py:467} INFO - Running <TaskInstance: setup_lakehouse_infrastructure_v3.wait_for_trino_ready manual__2026-08-13T04:12:37.893396+00:00 [running]> on host 7414d2c946fa
[2026-08-13T04:12:38.900+0000] {taskinstance.py:3131} INFO - Exporting env vars: AIRFLOW_CTX_DAG_OWNER='airflow' AIRFLOW_CTX_DAG_ID='setup_lakehouse_infrastructure_v3' AIRFLOW_CTX_TASK_ID='wait_for_trino_ready' AIRFLOW_CTX_EXECUTION_DATE='2026-08-13T04:12:37.893396+00:00' AIRFLOW_CTX_TRY_NUMBER='1' AIRFLOW_CTX_DAG_RUN_ID='manual__2026-08-13T04:12:37.893396+00:00'
[2026-08-13T04:12:38.904+0000] {taskinstance.py:731} INFO - ::endgroup::
[2026-08-13T04:12:38.906+0000] {baseoperator.py:405} WARNING - HttpSensor.execute cannot be called outside TaskInstance!
[2026-08-13T04:12:38.907+0000] {http.py:137} INFO - Poking: v1/info
[2026-08-13T04:12:38.910+0000] {base.py:84} INFO - Retrieving connection 'trino_api_conn'
[2026-08-13T04:12:38.918+0000] {base.py:336} INFO - Success criteria met. Exiting.
[2026-08-13T04:12:38.933+0000] {taskinstance.py:340} INFO - ::group::Post task execution logs
[2026-08-13T04:12:38.935+0000] {taskinstance.py:352} INFO - Marking task as SUCCESS. dag_id=setup_lakehouse_infrastructure_v3, task_id=wait_for_trino_ready, run_id=manual__2026-08-13T04:12:37.893396+00:00, execution_date=20260813T041237, start_date=20260813T041238, end_date=20260813T041238
[2026-08-13T04:12:38.982+0000] {local_task_job_runner.py:266} INFO - Task exited with return code 0
[2026-08-13T04:12:39.020+0000] {taskinstance.py:3900} INFO - 1 downstream tasks scheduled from follow-on schedule check
[2026-08-13T04:12:39.030+0000] {local_task_job_runner.py:245} INFO - ::endgroup::
