[2026-08-14T15:00:18.834+0000] {local_task_job_runner.py:123} INFO - ::group::Pre task execution logs
[2026-08-14T15:00:18.861+0000] {taskinstance.py:2612} INFO - Dependencies all met for dep_context=non-requeueable deps ti=<TaskInstance: dbt_gold_full_load.transform_gold.fact_order_stops.run manual__2026-08-14T15:00:12.236553+00:00 [queued]>
[2026-08-14T15:00:18.875+0000] {taskinstance.py:2612} INFO - Dependencies all met for dep_context=requeueable deps ti=<TaskInstance: dbt_gold_full_load.transform_gold.fact_order_stops.run manual__2026-08-14T15:00:12.236553+00:00 [queued]>
[2026-08-14T15:00:18.877+0000] {taskinstance.py:2865} INFO - Starting attempt 1 of 2
[2026-08-14T15:00:18.906+0000] {taskinstance.py:2888} INFO - Executing <Task(DbtRunLocalOperator): transform_gold.fact_order_stops.run> on 2026-08-14 15:00:12.236553+00:00
[2026-08-14T15:00:18.915+0000] {standard_task_runner.py:72} INFO - Started process 1099 to run task
[2026-08-14T15:00:18.920+0000] {standard_task_runner.py:104} INFO - Running: ['airflow', 'tasks', 'run', 'dbt_gold_full_load', 'transform_gold.fact_order_stops.run', 'manual__2026-08-14T15:00:12.236553+00:00', '--job-id', '220', '--raw', '--subdir', 'DAGS_FOLDER/dbt_gold.py', '--cfg-path', '/tmp/tmpz41y452p']
[2026-08-14T15:00:18.926+0000] {standard_task_runner.py:105} INFO - Job 220: Subtask transform_gold.fact_order_stops.run
[2026-08-14T15:00:19.029+0000] {task_command.py:467} INFO - Running <TaskInstance: dbt_gold_full_load.transform_gold.fact_order_stops.run manual__2026-08-14T15:00:12.236553+00:00 [running]> on host 748b80a5696f
[2026-08-14T15:00:19.150+0000] {taskinstance.py:3131} INFO - Exporting env vars: AIRFLOW_CTX_DAG_OWNER='data_engineer' AIRFLOW_CTX_DAG_ID='dbt_gold_full_load' AIRFLOW_CTX_TASK_ID='transform_gold.fact_order_stops.run' AIRFLOW_CTX_EXECUTION_DATE='2026-08-14T15:00:12.236553+00:00' AIRFLOW_CTX_TRY_NUMBER='1' AIRFLOW_CTX_DAG_RUN_ID='manual__2026-08-14T15:00:12.236553+00:00'
[2026-08-14T15:00:19.154+0000] {taskinstance.py:731} INFO - ::endgroup::
[2026-08-14T15:00:21.195+0000] {local.py:294} INFO - dbtRunner is available. Using dbtRunner for invoking dbt.
[2026-08-14T15:00:21.197+0000] {local.py:518} INFO - Cloning project to writable temp directory /tmp/tmpqv70xd28 from /opt/airflow/dbt_transform
[2026-08-14T15:00:21.213+0000] {local.py:538} INFO - Partial parse is enabled and the latest partial parse file is /tmp/cosmos/dbt_gold_full_load__transform_gold/target/partial_parse.msgpack
[2026-08-14T15:00:21.235+0000] {config.py:395} INFO - Using user-supplied profiles.yml at /opt/airflow/dbt_transform/profiles.yml
[2026-08-14T15:00:21.257+0000] {runner.py:95} INFO - Trying to run dbtRunner with:
 ['deps', '--project-dir', '/tmp/tmpqv70xd28', '--profiles-dir', '/opt/airflow/dbt_transform', '--profile', 'lakehouse_dbt', '--target', 'dev', '--no-static-parser']
 in /tmp/tmpqv70xd28
[2026-08-14T15:00:21.399+0000] {logging_mixin.py:190} INFO - 15:00:21  Running with dbt=1.8.8
[2026-08-14T15:00:21.763+0000] {converter.py:314} INFO - ::group::Cosmos DAG parsing logs
[2026-08-14T15:00:21.785+0000] {graph.py:869} INFO - Trying to parse the dbt project using dbt ls cache cosmos_cache__dbt_gold_incremental__transform_gold...
[2026-08-14T15:00:24.780+0000] {cache.py:383} INFO - Cosmos performance: time to calculate cache identifier cosmos_cache__dbt_gold_incremental__transform_gold for current version: 2.978828321999572
[2026-08-14T15:00:24.781+0000] {graph.py:886} INFO - Cosmos performance [748b80a5696f|1099]: The cache size for cosmos_cache__dbt_gold_incremental__transform_gold is 27520
[2026-08-14T15:00:24.784+0000] {graph.py:898} INFO - Cosmos performance: Cache hit for cosmos_cache__dbt_gold_incremental__transform_gold - 12dc5a13bec5ac1466b69e4edf9d9b5f,304321e940a9403dceb380589bd0566f
[2026-08-14T15:00:24.787+0000] {graph.py:799} INFO - Total nodes: 32
[2026-08-14T15:00:24.788+0000] {graph.py:800} INFO - Total filtered nodes: 32
[2026-08-14T15:00:24.791+0000] {converter.py:361} INFO - Cosmos performance (dbt_gold_incremental__transform_gold) - [748b80a5696f|1099]: It took 3.01s to parse the dbt project for DAG using dbt_ls_cache
[2026-08-14T15:00:24.855+0000] {converter.py:413} INFO - Cosmos performance (dbt_gold_incremental__transform_gold) - [748b80a5696f|1099]: It took 0.0642s to build the Airflow DAG.
[2026-08-14T15:00:24.857+0000] {converter.py:420} INFO - ::endgroup::Cosmos DAG parsing logs
[2026-08-14T15:00:24.860+0000] {converter.py:314} INFO - ::group::Cosmos DAG parsing logs
[2026-08-14T15:00:24.865+0000] {graph.py:869} INFO - Trying to parse the dbt project using dbt ls cache cosmos_cache__dbt_gold_full_load__transform_gold...
[2026-08-14T15:00:27.571+0000] {cache.py:383} INFO - Cosmos performance: time to calculate cache identifier cosmos_cache__dbt_gold_full_load__transform_gold for current version: 2.69305325500045
[2026-08-14T15:00:27.573+0000] {graph.py:886} INFO - Cosmos performance [748b80a5696f|1099]: The cache size for cosmos_cache__dbt_gold_full_load__transform_gold is 27520
[2026-08-14T15:00:27.575+0000] {graph.py:898} INFO - Cosmos performance: Cache hit for cosmos_cache__dbt_gold_full_load__transform_gold - 12dc5a13bec5ac1466b69e4edf9d9b5f,304321e940a9403dceb380589bd0566f
[2026-08-14T15:00:27.577+0000] {graph.py:799} INFO - Total nodes: 32
[2026-08-14T15:00:27.579+0000] {graph.py:800} INFO - Total filtered nodes: 32
[2026-08-14T15:00:27.581+0000] {converter.py:361} INFO - Cosmos performance (dbt_gold_full_load__transform_gold) - [748b80a5696f|1099]: It took 2.72s to parse the dbt project for DAG using dbt_ls_cache
[2026-08-14T15:00:27.620+0000] {converter.py:413} INFO - Cosmos performance (dbt_gold_full_load__transform_gold) - [748b80a5696f|1099]: It took 0.0389s to build the Airflow DAG.
[2026-08-14T15:00:27.621+0000] {converter.py:420} INFO - ::endgroup::Cosmos DAG parsing logs
[2026-08-14T15:00:27.634+0000] {converter.py:314} INFO - ::group::Cosmos DAG parsing logs
[2026-08-14T15:00:27.639+0000] {graph.py:869} INFO - Trying to parse the dbt project using dbt ls cache cosmos_cache__dbt_silver_gold_incremental__transform_silver...
[2026-08-14T15:00:30.367+0000] {cache.py:383} INFO - Cosmos performance: time to calculate cache identifier cosmos_cache__dbt_silver_gold_incremental__transform_silver for current version: 2.7117709379999724
[2026-08-14T15:00:30.369+0000] {graph.py:886} INFO - Cosmos performance [748b80a5696f|1099]: The cache size for cosmos_cache__dbt_silver_gold_incremental__transform_silver is 11366
[2026-08-14T15:00:30.372+0000] {graph.py:898} INFO - Cosmos performance: Cache hit for cosmos_cache__dbt_silver_gold_incremental__transform_silver - 12dc5a13bec5ac1466b69e4edf9d9b5f,5e34606eb5f2b3dea81a8e19fa3ba138
[2026-08-14T15:00:30.373+0000] {graph.py:799} INFO - Total nodes: 13
[2026-08-14T15:00:30.375+0000] {graph.py:800} INFO - Total filtered nodes: 13
[2026-08-14T15:00:30.376+0000] {converter.py:361} INFO - Cosmos performance (dbt_silver_gold_incremental__transform_silver) - [748b80a5696f|1099]: It took 2.74s to parse the dbt project for DAG using dbt_ls_cache
[2026-08-14T15:00:30.394+0000] {converter.py:413} INFO - Cosmos performance (dbt_silver_gold_incremental__transform_silver) - [748b80a5696f|1099]: It took 0.0177s to build the Airflow DAG.
[2026-08-14T15:00:30.396+0000] {converter.py:420} INFO - ::endgroup::Cosmos DAG parsing logs
[2026-08-14T15:00:30.397+0000] {converter.py:314} INFO - ::group::Cosmos DAG parsing logs
[2026-08-14T15:00:30.401+0000] {graph.py:869} INFO - Trying to parse the dbt project using dbt ls cache cosmos_cache__dbt_silver_gold_incremental__transform_gold...
[2026-08-14T15:00:33.551+0000] {cache.py:383} INFO - Cosmos performance: time to calculate cache identifier cosmos_cache__dbt_silver_gold_incremental__transform_gold for current version: 3.1358702389998143
[2026-08-14T15:00:33.552+0000] {graph.py:886} INFO - Cosmos performance [748b80a5696f|1099]: The cache size for cosmos_cache__dbt_silver_gold_incremental__transform_gold is 27520
[2026-08-14T15:00:33.557+0000] {graph.py:898} INFO - Cosmos performance: Cache hit for cosmos_cache__dbt_silver_gold_incremental__transform_gold - 12dc5a13bec5ac1466b69e4edf9d9b5f,304321e940a9403dceb380589bd0566f
[2026-08-14T15:00:33.559+0000] {graph.py:799} INFO - Total nodes: 32
[2026-08-14T15:00:33.560+0000] {graph.py:800} INFO - Total filtered nodes: 32
[2026-08-14T15:00:33.562+0000] {converter.py:361} INFO - Cosmos performance (dbt_silver_gold_incremental__transform_gold) - [748b80a5696f|1099]: It took 3.16s to parse the dbt project for DAG using dbt_ls_cache
[2026-08-14T15:00:33.628+0000] {converter.py:413} INFO - Cosmos performance (dbt_silver_gold_incremental__transform_gold) - [748b80a5696f|1099]: It took 0.0661s to build the Airflow DAG.
[2026-08-14T15:00:33.629+0000] {converter.py:420} INFO - ::endgroup::Cosmos DAG parsing logs
[2026-08-14T15:00:33.632+0000] {converter.py:314} INFO - ::group::Cosmos DAG parsing logs
[2026-08-14T15:00:33.636+0000] {graph.py:869} INFO - Trying to parse the dbt project using dbt ls cache cosmos_cache__dbt_silver_gold_full_load__transform_silver...
[2026-08-14T15:00:36.881+0000] {cache.py:383} INFO - Cosmos performance: time to calculate cache identifier cosmos_cache__dbt_silver_gold_full_load__transform_silver for current version: 3.2337453360005384
[2026-08-14T15:00:36.882+0000] {graph.py:886} INFO - Cosmos performance [748b80a5696f|1099]: The cache size for cosmos_cache__dbt_silver_gold_full_load__transform_silver is 11366
[2026-08-14T15:00:36.884+0000] {graph.py:898} INFO - Cosmos performance: Cache hit for cosmos_cache__dbt_silver_gold_full_load__transform_silver - 12dc5a13bec5ac1466b69e4edf9d9b5f,5e34606eb5f2b3dea81a8e19fa3ba138
[2026-08-14T15:00:36.885+0000] {graph.py:799} INFO - Total nodes: 13
[2026-08-14T15:00:36.887+0000] {graph.py:800} INFO - Total filtered nodes: 13
[2026-08-14T15:00:36.889+0000] {converter.py:361} INFO - Cosmos performance (dbt_silver_gold_full_load__transform_silver) - [748b80a5696f|1099]: It took 3.25s to parse the dbt project for DAG using dbt_ls_cache
[2026-08-14T15:00:36.908+0000] {converter.py:413} INFO - Cosmos performance (dbt_silver_gold_full_load__transform_silver) - [748b80a5696f|1099]: It took 0.0193s to build the Airflow DAG.
[2026-08-14T15:00:36.910+0000] {converter.py:420} INFO - ::endgroup::Cosmos DAG parsing logs
[2026-08-14T15:00:36.912+0000] {converter.py:314} INFO - ::group::Cosmos DAG parsing logs
[2026-08-14T15:00:36.917+0000] {graph.py:869} INFO - Trying to parse the dbt project using dbt ls cache cosmos_cache__dbt_silver_gold_full_load__transform_gold...
[2026-08-14T15:00:40.097+0000] {cache.py:383} INFO - Cosmos performance: time to calculate cache identifier cosmos_cache__dbt_silver_gold_full_load__transform_gold for current version: 3.1661459940005443
[2026-08-14T15:00:40.099+0000] {graph.py:886} INFO - Cosmos performance [748b80a5696f|1099]: The cache size for cosmos_cache__dbt_silver_gold_full_load__transform_gold is 27520
[2026-08-14T15:00:40.101+0000] {graph.py:898} INFO - Cosmos performance: Cache hit for cosmos_cache__dbt_silver_gold_full_load__transform_gold - 12dc5a13bec5ac1466b69e4edf9d9b5f,304321e940a9403dceb380589bd0566f
[2026-08-14T15:00:40.102+0000] {graph.py:799} INFO - Total nodes: 32
[2026-08-14T15:00:40.104+0000] {graph.py:800} INFO - Total filtered nodes: 32
[2026-08-14T15:00:40.105+0000] {converter.py:361} INFO - Cosmos performance (dbt_silver_gold_full_load__transform_gold) - [748b80a5696f|1099]: It took 3.19s to parse the dbt project for DAG using dbt_ls_cache
[2026-08-14T15:00:40.154+0000] {converter.py:413} INFO - Cosmos performance (dbt_silver_gold_full_load__transform_gold) - [748b80a5696f|1099]: It took 0.0488s to build the Airflow DAG.
[2026-08-14T15:00:40.156+0000] {converter.py:420} INFO - ::endgroup::Cosmos DAG parsing logs
[2026-08-14T15:00:42.299+0000] {logging_mixin.py:190} INFO - 15:00:42  Installing dbt-labs/dbt_utils
[2026-08-14T15:00:42.778+0000] {logging_mixin.py:190} INFO - 15:00:42  Installed from version 1.3.0
[2026-08-14T15:00:42.780+0000] {logging_mixin.py:190} INFO - 15:00:42  Updated version available: 1.4.1
[2026-08-14T15:00:42.783+0000] {logging_mixin.py:190} INFO - 15:00:42  Installing metaplane/dbt_expectations
[2026-08-14T15:00:43.814+0000] {logging_mixin.py:190} INFO - 15:00:43  Installed from version 0.10.8
[2026-08-14T15:00:43.820+0000] {logging_mixin.py:190} INFO - 15:00:43  Updated version available: 0.10.10
[2026-08-14T15:00:43.824+0000] {logging_mixin.py:190} INFO - 15:00:43  Installing godatadriven/dbt_date
[2026-08-14T15:00:44.296+0000] {logging_mixin.py:190} INFO - 15:00:44  Installed from version 0.15.0
[2026-08-14T15:00:44.298+0000] {logging_mixin.py:190} INFO - 15:00:44  Up to date!
[2026-08-14T15:00:44.300+0000] {logging_mixin.py:190} INFO - 15:00:44
[2026-08-14T15:00:44.301+0000] {logging_mixin.py:190} INFO - 15:00:44  Updates available for packages: ['dbt-labs/dbt_utils', 'metaplane/dbt_expectations']                 
Update your versions in packages.yml, then run dbt deps
[2026-08-14T15:00:45.693+0000] {runner.py:95} INFO - Trying to run dbtRunner with:
 ['run', '--select', 'fqn:logistics_transformation.marts.fact_order_stops', '--full-refresh', '--project-dir', '/tmp/tmpqv70xd28', '--profiles-dir', '/opt/airflow/dbt_transform', '--profile', 'lakehouse_dbt', '--target', 'dev', '--no-static-parser']
 in /tmp/tmpqv70xd28
[2026-08-14T15:00:45.722+0000] {logging_mixin.py:190} INFO - 15:00:45  Running with dbt=1.8.8
[2026-08-14T15:00:45.751+0000] {auth.py:343} INFO - keyring module not found. OAuth2 token will not be stored in keyring.
[2026-08-14T15:00:45.755+0000] {auth.py:343} INFO - keyring module not found. OAuth2 token will not be stored in keyring.
[2026-08-14T15:00:45.906+0000] {logging_mixin.py:190} INFO - 15:00:45  Registered adapter: trino=1.8.5
[2026-08-14T15:00:46.702+0000] {logging_mixin.py:190} INFO - 15:00:46  Found 11 models, 36 data tests, 1 source, 839 macros
[2026-08-14T15:00:46.705+0000] {logging_mixin.py:190} INFO - 15:00:46
[2026-08-14T15:00:46.731+0000] {logging_mixin.py:190} INFO - 15:00:46  [WARNING]: SSL certificate validation is disabled by default. It is legacy behavior which will be changed in future releases. It is strongly advised to enable `require_certificate_validation` flag or explicitly set `cert` configuration to `True` for security reasons. You may receive an error after that if your SSL setup is incorrect.
You may opt into the new behavior sooner by setting `flags.require_certificate_validation` to `True` in `dbt_project.yml`.
Visit https://docs.getdbt.com/reference/global-configs/behavior-changes for more information.
[2026-08-14T15:00:46.745+0000] {logging_mixin.py:190} INFO - 15:00:46
[2026-08-14T15:00:46.747+0000] {logging_mixin.py:190} INFO - 15:00:46  Finished running  in 0 hours 0 minutes and 0.04 seconds (0.04s).
[2026-08-14T15:00:46.748+0000] {logging_mixin.py:190} INFO - 15:00:46  Encountered an error:
Database Error
  TrinoUserError(type=USER_ERROR, name=CATALOG_NOT_FOUND, message="Catalog 'iceberg' not found", query_id=20260814_150046_00012_mgeqp)
[2026-08-14T15:00:49.666+0000] {local.py:196} WARNING - Artifact schema version: https://schemas.getdbt.com/dbt/manifest/v12.json is above dbt-ol supported version 7. This might cause errors.
[2026-08-14T15:00:49.668+0000] {local.py:594} INFO - Inlets: []
[2026-08-14T15:00:49.670+0000] {local.py:595} INFO - Outlets: []
[2026-08-14T15:00:49.672+0000] {local.py:886} INFO - Assigning inlets/outlets with DatasetAlias in Airflow 2
[2026-08-14T15:00:49.698+0000] {taskinstance.py:3310} ERROR - Task failed with exception
Traceback (most recent call last):
  File "/home/airflow/.local/lib/python3.10/site-packages/airflow/models/taskinstance.py", line 767, in _execute_task
    result = _execute_callable(context=context, **execute_callable_kwargs)
  File "/home/airflow/.local/lib/python3.10/site-packages/airflow/models/taskinstance.py", line 733, in _execute_callable
    return ExecutionCallableRunner(
  File "/home/airflow/.local/lib/python3.10/site-packages/airflow/utils/operator_helpers.py", line 252, in run
    return self.func(*args, **kwargs)
  File "/home/airflow/.local/lib/python3.10/site-packages/cosmos/operators/base.py", line 346, in execute
    self.build_and_run_cmd(context=context, cmd_flags=self.add_cmd_flags(), **kwargs)
  File "/home/airflow/.local/lib/python3.10/site-packages/cosmos/operators/local.py", line 968, in build_and_run_cmd
    result = self.run_command(
  File "/home/airflow/.local/lib/python3.10/site-packages/cosmos/operators/local.py", line 743, in run_command
    self.handle_exception(result)
  File "/home/airflow/.local/lib/python3.10/site-packages/cosmos/operators/local.py", line 308, in handle_exception_dbt_runner
    return dbt_runner.handle_exception_if_needed(result)
  File "/home/airflow/.local/lib/python3.10/site-packages/cosmos/dbt/runner.py", line 152, in handle_exception_if_needed
    raise CosmosDbtRunError(f"dbt invocation did not complete with unhandled error: {result.exception}")
cosmos.exceptions.CosmosDbtRunError: dbt invocation did not complete with unhandled error: Database Error
  TrinoUserError(type=USER_ERROR, name=CATALOG_NOT_FOUND, message="Catalog 'iceberg' not found", query_id=20260814_150046_00012_mgeqp)
[2026-08-14T15:00:50.459+0000] {_client.py:1026} INFO - HTTP Request: GET https://astronomer.gateway.scarf.sh/astronomer-cosmos/v3/task_instance?cosmos_version=1.15.0&airflow_version=2.10.2&python_version=3.10.15&platform_system=Linux&platform_machine=x86_64&status=failed&operator_name=DbtRunLocalOperator&is_cosmos_operator_subclass=False&invocation_mode=dbt_runner&execution_mode=local&profile_strategy=yaml_file&profile_mapping_class=None&database=trino&is_mapped_task=False&dbt_command=run&install_deps=True&has_callback=False&duration=30.848089 "HTTP/1.1 200 OK"
[2026-08-14T15:00:50.461+0000] {taskinstance.py:1225} INFO - Marking task as UP_FOR_RETRY. dag_id=dbt_gold_full_load, task_id=transform_gold.fact_order_stops.run, run_id=manual__2026-08-14T15:00:12.236553+00:00, execution_date=20260814T150012, start_date=20260814T150018, end_date=20260814T150049
[2026-08-14T15:00:50.476+0000] {taskinstance.py:340} INFO - ::group::Post task execution logs
[2026-08-14T15:00:50.477+0000] {standard_task_runner.py:124} ERROR - Failed to execute job 220 for task transform_gold.fact_order_stops.run (dbt invocation did not complete with unhandled error: Database Error
  TrinoUserError(type=USER_ERROR, name=CATALOG_NOT_FOUND, message="Catalog 'iceberg' not found", query_id=20260814_150046_00012_mgeqp); 1099)
Traceback (most recent call last):
  File "/home/airflow/.local/lib/python3.10/site-packages/airflow/task/task_runner/standard_task_runner.py", line 117, in _start_by_fork
    ret = args.func(args, dag=self.dag)
  File "/home/airflow/.local/lib/python3.10/site-packages/airflow/cli/cli_config.py", line 49, in command
    return func(*args, **kwargs)
  File "/home/airflow/.local/lib/python3.10/site-packages/airflow/utils/cli.py", line 115, in wrapper
    return f(*args, **kwargs)
  File "/home/airflow/.local/lib/python3.10/site-packages/airflow/cli/commands/task_command.py", line 483, in task_run
    task_return_code = _run_task_by_selected_method(args, _dag, ti)
  File "/home/airflow/.local/lib/python3.10/site-packages/airflow/cli/commands/task_command.py", line 256, in _run_task_by_selected_method
    return _run_raw_task(args, ti)
  File "/home/airflow/.local/lib/python3.10/site-packages/airflow/cli/commands/task_command.py", line 341, in _run_raw_task
    return ti._run_raw_task(
  File "/home/airflow/.local/lib/python3.10/site-packages/airflow/utils/session.py", line 97, in wrapper
    return func(*args, session=session, **kwargs)
  File "/home/airflow/.local/lib/python3.10/site-packages/airflow/models/taskinstance.py", line 3004, in _run_raw_task
    return _run_raw_task(
  File "/home/airflow/.local/lib/python3.10/site-packages/airflow/models/taskinstance.py", line 273, in _run_raw_task
    TaskInstance._execute_task_with_callbacks(
  File "/home/airflow/.local/lib/python3.10/site-packages/airflow/models/taskinstance.py", line 3158, in _execute_task_with_callbacks
    result = self._execute_task(context, task_orig)
  File "/home/airflow/.local/lib/python3.10/site-packages/airflow/models/taskinstance.py", line 3182, in _execute_task
    return _execute_task(self, context, task_orig)
  File "/home/airflow/.local/lib/python3.10/site-packages/airflow/models/taskinstance.py", line 767, in _execute_task
    result = _execute_callable(context=context, **execute_callable_kwargs)
  File "/home/airflow/.local/lib/python3.10/site-packages/airflow/models/taskinstance.py", line 733, in _execute_callable
    return ExecutionCallableRunner(
  File "/home/airflow/.local/lib/python3.10/site-packages/airflow/utils/operator_helpers.py", line 252, in run
    return self.func(*args, **kwargs)
  File "/home/airflow/.local/lib/python3.10/site-packages/cosmos/operators/base.py", line 346, in execute
    self.build_and_run_cmd(context=context, cmd_flags=self.add_cmd_flags(), **kwargs)
  File "/home/airflow/.local/lib/python3.10/site-packages/cosmos/operators/local.py", line 968, in build_and_run_cmd
    result = self.run_command(
  File "/home/airflow/.local/lib/python3.10/site-packages/cosmos/operators/local.py", line 743, in run_command
    self.handle_exception(result)
  File "/home/airflow/.local/lib/python3.10/site-packages/cosmos/operators/local.py", line 308, in handle_exception_dbt_runner
    return dbt_runner.handle_exception_if_needed(result)
  File "/home/airflow/.local/lib/python3.10/site-packages/cosmos/dbt/runner.py", line 152, in handle_exception_if_needed
    raise CosmosDbtRunError(f"dbt invocation did not complete with unhandled error: {result.exception}")
cosmos.exceptions.CosmosDbtRunError: dbt invocation did not complete with unhandled error: Database Error
  TrinoUserError(type=USER_ERROR, name=CATALOG_NOT_FOUND, message="Catalog 'iceberg' not found", query_id=20260814_150046_00012_mgeqp)
[2026-08-14T15:00:50.518+0000] {local_task_job_runner.py:266} INFO - Task exited with return code 1
[2026-08-14T15:00:50.546+0000] {taskinstance.py:3900} INFO - 0 downstream tasks scheduled from follow-on schedule check
[2026-08-14T15:00:50.550+0000] {local_task_job_runner.py:245} INFO - ::endgroup::
