[2026-07-07T04:54:38.671+0000] {taskinstance.py:1979} INFO - Dependencies all met for dep_context=non-requeueable deps ti=<TaskInstance: consumer_complaints_incremental_load.extract_and_rescue_api_to_local scheduled__2026-01-03T00:00:00+00:00 [queued]>
[2026-07-07T04:54:38.679+0000] {taskinstance.py:1979} INFO - Dependencies all met for dep_context=requeueable deps ti=<TaskInstance: consumer_complaints_incremental_load.extract_and_rescue_api_to_local scheduled__2026-01-03T00:00:00+00:00 [queued]>
[2026-07-07T04:54:38.679+0000] {taskinstance.py:2193} INFO - Starting attempt 1 of 1
[2026-07-07T04:54:38.690+0000] {taskinstance.py:2214} INFO - Executing <Task(_PythonDecoratedOperator): extract_and_rescue_api_to_local> on 2026-01-03 00:00:00+00:00
[2026-07-07T04:54:38.696+0000] {standard_task_runner.py:60} INFO - Started process 386 to run task
[2026-07-07T04:54:38.699+0000] {standard_task_runner.py:87} INFO - Running: ['airflow', 'tasks', 'run', 'consumer_complaints_incremental_load', 'extract_and_rescue_api_to_local', 'scheduled__2026-01-03T00:00:00+00:00', '--job-id', '12', '--raw', '--subdir', 'DAGS_FOLDER/consumer_complaints_incremental_dag.py', '--cfg-path', '/tmp/tmp_oo_gh5x']
[2026-07-07T04:54:38.701+0000] {standard_task_runner.py:88} INFO - Job 12: Subtask extract_and_rescue_api_to_local
[2026-07-07T04:54:38.779+0000] {task_command.py:423} INFO - Running <TaskInstance: consumer_complaints_incremental_load.extract_and_rescue_api_to_local scheduled__2026-01-03T00:00:00+00:00 [running]> on host 7c9da0b9f835
[2026-07-07T04:54:38.864+0000] {taskinstance.py:2510} INFO - Exporting env vars: AIRFLOW_CTX_DAG_OWNER='airflow' AIRFLOW_CTX_DAG_ID='consumer_complaints_incremental_load' AIRFLOW_CTX_TASK_ID='extract_and_rescue_api_to_local' AIRFLOW_CTX_EXECUTION_DATE='2026-01-03T00:00:00+00:00' AIRFLOW_CTX_TRY_NUMBER='1' AIRFLOW_CTX_DAG_RUN_ID='scheduled__2026-01-03T00:00:00+00:00'
[2026-07-07T04:54:38.871+0000] {cfpb_api_client.py:486} INFO - 🛡️ Khởi động lưới lọc Rescued Data cho công ty: JPMORGAN CHASE & CO.
[2026-07-07T04:54:38.871+0000] {cfpb_api_client.py:460} INFO - 🏢 Khởi tạo luồng kéo dữ liệu cho công ty: JPMORGAN CHASE & CO.
[2026-07-07T04:54:38.871+0000] {cfpb_api_client.py:389} INFO - 🚀 BẮT ĐẦU: Kéo luồng dữ liệu từ 2025-12-27 đến 2026-01-03
[2026-07-07T04:54:39.875+0000] {cfpb_api_client.py:438} INFO -   ➜ Đã kéo được 507 / 507 records...
[2026-07-07T04:54:39.876+0000] {cfpb_api_client.py:442} INFO - ✅ HOÀN TẤT: Đã lấy toàn bộ 507 khiếu nại có sẵn.
[2026-07-07T04:54:39.877+0000] {cfpb_api_client.py:486} INFO - 🛡️ Khởi động lưới lọc Rescued Data cho công ty: BANK OF AMERICA, NATIONAL ASSOCIATION
[2026-07-07T04:54:39.877+0000] {cfpb_api_client.py:460} INFO - 🏢 Khởi tạo luồng kéo dữ liệu cho công ty: BANK OF AMERICA, NATIONAL ASSOCIATION
[2026-07-07T04:54:39.877+0000] {cfpb_api_client.py:389} INFO - 🚀 BẮT ĐẦU: Kéo luồng dữ liệu từ 2025-12-27 đến 2026-01-03
[2026-07-07T04:54:40.752+0000] {cfpb_api_client.py:438} INFO -   ➜ Đã kéo được 453 / 453 records...
[2026-07-07T04:54:40.753+0000] {cfpb_api_client.py:442} INFO - ✅ HOÀN TẤT: Đã lấy toàn bộ 453 khiếu nại có sẵn.
[2026-07-07T04:54:40.755+0000] {python.py:202} INFO - Done. Returned value was: {'files': {'JPMORGAN CHASE & CO.': '/tmp/inc_2026-01-03_jpmorgan_chase_&_co._complaints.json', 'BANK OF AMERICA, NATIONAL ASSOCIATION': '/tmp/inc_2026-01-03_bank_of_america_national_association_complaints.json'}, 'run_date': '2026-01-03'}
[2026-07-07T04:54:40.809+0000] {taskinstance.py:1149} INFO - Marking task as SUCCESS. dag_id=consumer_complaints_incremental_load, task_id=extract_and_rescue_api_to_local, execution_date=20260103T000000, start_date=20260707T045438, end_date=20260707T045440
[2026-07-07T04:54:40.846+0000] {local_task_job_runner.py:234} INFO - Task exited with return code 0
[2026-07-07T04:54:40.870+0000] {taskinstance.py:3309} INFO - 1 downstream tasks scheduled from follow-on schedule check
