[2026-08-11T09:18:11.214+0000] {local_task_job_runner.py:123} INFO - ::group::Pre task execution logs
[2026-08-11T09:18:11.282+0000] {taskinstance.py:2612} INFO - Dependencies all met for dep_context=non-requeueable deps ti=<TaskInstance: logistics_orders_full_load.audit_rescued_data_alert manual__2026-08-11T09:14:38.931486+00:00 [queued]>
[2026-08-11T09:18:11.310+0000] {taskinstance.py:2612} INFO - Dependencies all met for dep_context=requeueable deps ti=<TaskInstance: logistics_orders_full_load.audit_rescued_data_alert manual__2026-08-11T09:14:38.931486+00:00 [queued]>
[2026-08-11T09:18:11.314+0000] {taskinstance.py:2865} INFO - Starting attempt 1 of 1
[2026-08-11T09:18:11.345+0000] {taskinstance.py:2888} INFO - Executing <Task(_PythonDecoratedOperator): audit_rescued_data_alert> on 2026-08-11 09:14:38.931486+00:00
[2026-08-11T09:18:11.360+0000] {standard_task_runner.py:72} INFO - Started process 2667 to run task
[2026-08-11T09:18:11.370+0000] {standard_task_runner.py:104} INFO - Running: ['airflow', 'tasks', 'run', 'logistics_orders_full_load', 'audit_rescued_data_alert', 'manual__2026-08-11T09:14:38.931486+00:00', '--job-id', '10', '--raw', '--subdir', 'DAGS_FOLDER/logistics_full_load.py', '--cfg-path', '/tmp/tmpqbw2n_08']
[2026-08-11T09:18:11.377+0000] {standard_task_runner.py:105} INFO - Job 10: Subtask audit_rescued_data_alert
[2026-08-11T09:18:11.549+0000] {task_command.py:467} INFO - Running <TaskInstance: logistics_orders_full_load.audit_rescued_data_alert manual__2026-08-11T09:14:38.931486+00:00 [running]> on host b92e7356d1ec
[2026-08-11T09:18:11.807+0000] {taskinstance.py:3131} INFO - Exporting env vars: AIRFLOW_CTX_DAG_OWNER='airflow' AIRFLOW_CTX_DAG_ID='logistics_orders_full_load' AIRFLOW_CTX_TASK_ID='audit_rescued_data_alert' AIRFLOW_CTX_EXECUTION_DATE='2026-08-11T09:14:38.931486+00:00' AIRFLOW_CTX_TRY_NUMBER='1' AIRFLOW_CTX_DAG_RUN_ID='manual__2026-08-11T09:14:38.931486+00:00'
[2026-08-11T09:18:11.813+0000] {taskinstance.py:731} INFO - ::endgroup::
[2026-08-11T09:18:11.822+0000] {base.py:84} INFO - Retrieving connection 'trino_default'
[2026-08-11T09:18:11.825+0000] {base.py:84} INFO - Retrieving connection 'trino_default'
[2026-08-11T09:18:11.838+0000] {sql.py:509} INFO - Running statement: SELECT COUNT(*) 
            FROM lakehouse.bronze.raw_orders 
            WHERE _run_id = 'manual__2026-08-11T09:14:38.931486+00:00' 
              AND _rescued_data IS NOT NULL, parameters: None
[2026-08-11T09:18:14.487+0000] {logistics_full_load.py:203} INFO - ✅ Dữ liệu an toàn. Không phát hiện Rescued Data.
[2026-08-11T09:18:14.490+0000] {python.py:240} INFO - Done. Returned value was: {'inserted_run_id': 'manual__2026-08-11T09:14:38.931486+00:00', 'total_extracted_rows': 200000, 'total_inserted_rows': 200000, 'total_rescued_rows': 0}
[2026-08-11T09:18:14.600+0000] {taskinstance.py:340} INFO - ::group::Post task execution logs
[2026-08-11T09:18:14.603+0000] {taskinstance.py:352} INFO - Marking task as SUCCESS. dag_id=logistics_orders_full_load, task_id=audit_rescued_data_alert, run_id=manual__2026-08-11T09:14:38.931486+00:00, execution_date=20260811T091438, start_date=20260811T091811, end_date=20260811T091814
[2026-08-11T09:18:14.653+0000] {local_task_job_runner.py:266} INFO - Task exited with return code 0
[2026-08-11T09:18:14.697+0000] {taskinstance.py:3900} INFO - 1 downstream tasks scheduled from follow-on schedule check
[2026-08-11T09:18:14.703+0000] {local_task_job_runner.py:245} INFO - ::endgroup::
