[2026-06-30T04:55:39.838+0000] {taskinstance.py:1979} INFO - Dependencies all met for dep_context=non-requeueable deps ti=<TaskInstance: consumer_complaints_elt_lakehouse.load_landing_to_bronze scheduled__2026-06-29T00:00:00+00:00 [queued]>
[2026-06-30T04:55:39.846+0000] {taskinstance.py:1979} INFO - Dependencies all met for dep_context=requeueable deps ti=<TaskInstance: consumer_complaints_elt_lakehouse.load_landing_to_bronze scheduled__2026-06-29T00:00:00+00:00 [queued]>
[2026-06-30T04:55:39.846+0000] {taskinstance.py:2193} INFO - Starting attempt 1 of 2
[2026-06-30T04:55:39.858+0000] {taskinstance.py:2214} INFO - Executing <Task(_PythonDecoratedOperator): load_landing_to_bronze> on 2026-06-29 00:00:00+00:00
[2026-06-30T04:55:39.863+0000] {standard_task_runner.py:60} INFO - Started process 321 to run task
[2026-06-30T04:55:39.867+0000] {standard_task_runner.py:87} INFO - Running: ['airflow', 'tasks', 'run', 'consumer_complaints_elt_lakehouse', 'load_landing_to_bronze', 'scheduled__2026-06-29T00:00:00+00:00', '--job-id', '8', '--raw', '--subdir', 'DAGS_FOLDER/consumer_complaints_elt.py', '--cfg-path', '/tmp/tmpuwba7kkt']
[2026-06-30T04:55:39.869+0000] {standard_task_runner.py:88} INFO - Job 8: Subtask load_landing_to_bronze
[2026-06-30T04:55:39.947+0000] {task_command.py:423} INFO - Running <TaskInstance: consumer_complaints_elt_lakehouse.load_landing_to_bronze scheduled__2026-06-29T00:00:00+00:00 [running]> on host 821448003d8f
[2026-06-30T04:55:40.042+0000] {taskinstance.py:2510} INFO - Exporting env vars: AIRFLOW_CTX_DAG_OWNER='data_engineering' AIRFLOW_CTX_DAG_ID='consumer_complaints_elt_lakehouse' AIRFLOW_CTX_TASK_ID='load_landing_to_bronze' AIRFLOW_CTX_EXECUTION_DATE='2026-06-29T00:00:00+00:00' AIRFLOW_CTX_TRY_NUMBER='1' AIRFLOW_CTX_DAG_RUN_ID='scheduled__2026-06-29T00:00:00+00:00'
[2026-06-30T04:55:40.045+0000] {consumer_complaints_elt.py:145} INFO - Đang dọn dẹp dữ liệu cũ trong bảng Bronze...
[2026-06-30T04:55:40.046+0000] {base.py:83} INFO - Using connection ID 'trino_default' for task execution.
[2026-06-30T04:55:40.047+0000] {base.py:83} INFO - Using connection ID 'trino_default' for task execution.
[2026-06-30T04:55:40.050+0000] {sql.py:457} INFO - Running statement: DELETE FROM lakehouse.bronze.raw_consumer_complaints, parameters: None
[2026-06-30T04:55:40.889+0000] {consumer_complaints_elt.py:149} INFO - Đang ra lệnh cho Trino load data từ Landing -> Bronze và inject Metadata...
[2026-06-30T04:55:40.892+0000] {base.py:83} INFO - Using connection ID 'trino_default' for task execution.
[2026-06-30T04:55:40.893+0000] {base.py:83} INFO - Using connection ID 'trino_default' for task execution.
[2026-06-30T04:55:40.894+0000] {sql.py:457} INFO - Running statement: 
                INSERT INTO lakehouse.bronze.raw_consumer_complaints
                SELECT 
                    complaint_id, 
                    company, 
                    date_received, 
                    product, 
                    issue, 
                    state, 
                    zip_code, 
                    submitted_via, 
                    company_response_to_consumer, 
                    timely_response, 
                    consumer_disputed,
                    CURRENT_TIMESTAMP AS _ingest_time,
                    'scheduled__2026-06-29T00:00:00+00:00' AS _run_id,
                    'cfpb_api' AS _source_system
                FROM minio_landing.default.raw_json_complaints
            , parameters: None
[2026-06-30T04:55:43.804+0000] {sql.py:466} INFO - Rows affected: 15475
[2026-06-30T04:55:43.812+0000] {base.py:83} INFO - Using connection ID 'trino_default' for task execution.
[2026-06-30T04:55:43.813+0000] {base.py:83} INFO - Using connection ID 'trino_default' for task execution.
[2026-06-30T04:55:43.815+0000] {sql.py:457} INFO - Running statement: SELECT COUNT(*) FROM lakehouse.bronze.raw_consumer_complaints, parameters: None
[2026-06-30T04:55:44.114+0000] {logging_mixin.py:188} WARNING - /home/airflow/.local/lib/python3.8/site-packages/airflow/providers/common/sql/hooks/sql.py:407 AirflowProviderDeprecationWarning: Call to deprecated method _make_common_data_structure. (The `_make_serializable` method is deprecated and support will be removed in a future version of the common.sql provider. Please update the DbApiHook's provider to a version based on common.sql >= 1.9.1.)
[2026-06-30T04:55:44.115+0000] {consumer_complaints_elt.py:176} INFO - ✓ Pushdown Compute hoàn tất! Đã load 15475 dòng kèm Audit Metadata.
[2026-06-30T04:55:44.116+0000] {python.py:202} INFO - Done. Returned value was: {'rows_loaded': 15475}
[2026-06-30T04:55:44.157+0000] {taskinstance.py:1149} INFO - Marking task as SUCCESS. dag_id=consumer_complaints_elt_lakehouse, task_id=load_landing_to_bronze, execution_date=20260629T000000, start_date=20260630T045539, end_date=20260630T045544
[2026-06-30T04:55:44.185+0000] {local_task_job_runner.py:234} INFO - Task exited with return code 0
[2026-06-30T04:55:44.207+0000] {taskinstance.py:3309} INFO - 1 downstream tasks scheduled from follow-on schedule check
