[2026-08-11T09:14:42.796+0000] {local_task_job_runner.py:123} INFO - ::group::Pre task execution logs
[2026-08-11T09:14:42.839+0000] {taskinstance.py:2612} INFO - Dependencies all met for dep_context=non-requeueable deps ti=<TaskInstance: logistics_orders_full_load.prepare_and_clean_target manual__2026-08-11T09:14:38.931486+00:00 [queued]>
[2026-08-11T09:14:42.856+0000] {taskinstance.py:2612} INFO - Dependencies all met for dep_context=requeueable deps ti=<TaskInstance: logistics_orders_full_load.prepare_and_clean_target manual__2026-08-11T09:14:38.931486+00:00 [queued]>
[2026-08-11T09:14:42.858+0000] {taskinstance.py:2865} INFO - Starting attempt 1 of 1
[2026-08-11T09:14:42.883+0000] {taskinstance.py:2888} INFO - Executing <Task(_PythonDecoratedOperator): prepare_and_clean_target> on 2026-08-11 09:14:38.931486+00:00
[2026-08-11T09:14:42.893+0000] {standard_task_runner.py:72} INFO - Started process 1612 to run task
[2026-08-11T09:14:42.902+0000] {standard_task_runner.py:104} INFO - Running: ['airflow', 'tasks', 'run', 'logistics_orders_full_load', 'prepare_and_clean_target', 'manual__2026-08-11T09:14:38.931486+00:00', '--job-id', '7', '--raw', '--subdir', 'DAGS_FOLDER/logistics_full_load.py', '--cfg-path', '/tmp/tmpk23tkk6s']
[2026-08-11T09:14:42.908+0000] {standard_task_runner.py:105} INFO - Job 7: Subtask prepare_and_clean_target
[2026-08-11T09:14:43.079+0000] {task_command.py:467} INFO - Running <TaskInstance: logistics_orders_full_load.prepare_and_clean_target manual__2026-08-11T09:14:38.931486+00:00 [running]> on host b92e7356d1ec
[2026-08-11T09:14:43.311+0000] {taskinstance.py:3131} INFO - Exporting env vars: AIRFLOW_CTX_DAG_OWNER='airflow' AIRFLOW_CTX_DAG_ID='logistics_orders_full_load' AIRFLOW_CTX_TASK_ID='prepare_and_clean_target' AIRFLOW_CTX_EXECUTION_DATE='2026-08-11T09:14:38.931486+00:00' AIRFLOW_CTX_TRY_NUMBER='1' AIRFLOW_CTX_DAG_RUN_ID='manual__2026-08-11T09:14:38.931486+00:00'
[2026-08-11T09:14:43.318+0000] {taskinstance.py:731} INFO - ::endgroup::
[2026-08-11T09:14:43.329+0000] {crypto.py:82} WARNING - empty cryptography key - values will not be stored encrypted.
[2026-08-11T09:14:43.334+0000] {base.py:84} INFO - Retrieving connection 'minio_default'
[2026-08-11T09:14:43.339+0000] {connection_wrapper.py:388} INFO - AWS Connection (conn_id='minio_default', conn_type='aws') credentials retrieved from login and ***.
[2026-08-11T09:14:45.227+0000] {logistics_full_load.py:54} INFO - ✅ [LANDING] Đã dọn dẹp TOÀN BỘ thư mục Landing cho luồng Full Load.
[2026-08-11T09:14:45.230+0000] {logistics_full_load.py:62} INFO - 🧹 [BRONZE] Đang chạy TRUNCATE cho bảng lakehouse.bronze.raw_orders...
[2026-08-11T09:14:45.234+0000] {base.py:84} INFO - Retrieving connection 'trino_default'
[2026-08-11T09:14:45.238+0000] {base.py:84} INFO - Retrieving connection 'trino_default'
[2026-08-11T09:14:45.249+0000] {sql.py:509} INFO - Running statement: TRUNCATE TABLE lakehouse.bronze.raw_orders, parameters: None
[2026-08-11T09:14:46.250+0000] {logistics_full_load.py:65} INFO - ✅ [BRONZE] Đã TRUNCATE thành công. Bảng đã sạch sẽ, sẵn sàng nạp Full Load.
[2026-08-11T09:14:46.253+0000] {python.py:240} INFO - Done. Returned value was: 2026-08-11
[2026-08-11T09:14:46.328+0000] {taskinstance.py:340} INFO - ::group::Post task execution logs
[2026-08-11T09:14:46.331+0000] {taskinstance.py:352} INFO - Marking task as SUCCESS. dag_id=logistics_orders_full_load, task_id=prepare_and_clean_target, run_id=manual__2026-08-11T09:14:38.931486+00:00, execution_date=20260811T091438, start_date=20260811T091442, end_date=20260811T091446
[2026-08-11T09:14:46.431+0000] {local_task_job_runner.py:266} INFO - Task exited with return code 0
[2026-08-11T09:14:46.530+0000] {taskinstance.py:3900} INFO - 1 downstream tasks scheduled from follow-on schedule check
[2026-08-11T09:14:46.537+0000] {local_task_job_runner.py:245} INFO - ::endgroup::
