[2026-07-23T03:04:41.548+0000] {local_task_job_runner.py:123} INFO - ::group::Pre task execution logs
[2026-07-23T03:04:41.573+0000] {taskinstance.py:2612} INFO - Dependencies all met for dep_context=non-requeueable deps ti=<TaskInstance: dbt_silver_gold_incremental.transform_gold.fct_complaints.run manual__2026-07-23T03:03:20.158846+00:00 [queued]>
[2026-07-23T03:04:41.586+0000] {taskinstance.py:2612} INFO - Dependencies all met for dep_context=requeueable deps ti=<TaskInstance: dbt_silver_gold_incremental.transform_gold.fct_complaints.run manual__2026-07-23T03:03:20.158846+00:00 [queued]>
[2026-07-23T03:04:41.587+0000] {taskinstance.py:2865} INFO - Starting attempt 1 of 2
[2026-07-23T03:04:41.606+0000] {taskinstance.py:2888} INFO - Executing <Task(DbtRunLocalOperator): transform_gold.fct_complaints.run> on 2026-07-23 03:03:20.158846+00:00
[2026-07-23T03:04:41.614+0000] {standard_task_runner.py:72} INFO - Started process 1454 to run task
[2026-07-23T03:04:41.618+0000] {standard_task_runner.py:104} INFO - Running: ['airflow', 'tasks', 'run', 'dbt_silver_gold_incremental', 'transform_gold.fct_complaints.run', 'manual__2026-07-23T03:03:20.158846+00:00', '--job-id', '20', '--raw', '--subdir', 'DAGS_FOLDER/dbt_silver_gold.py', '--cfg-path', '/tmp/tmpde8brb_u']
[2026-07-23T03:04:41.622+0000] {standard_task_runner.py:105} INFO - Job 20: Subtask transform_gold.fct_complaints.run
[2026-07-23T03:04:41.719+0000] {task_command.py:467} INFO - Running <TaskInstance: dbt_silver_gold_incremental.transform_gold.fct_complaints.run manual__2026-07-23T03:03:20.158846+00:00 [running]> on host b3f56365d5f7
[2026-07-23T03:04:41.844+0000] {taskinstance.py:3131} INFO - Exporting env vars: AIRFLOW_CTX_DAG_OWNER='data_engineer' AIRFLOW_CTX_DAG_ID='dbt_silver_gold_incremental' AIRFLOW_CTX_TASK_ID='transform_gold.fct_complaints.run' AIRFLOW_CTX_EXECUTION_DATE='2026-07-23T03:03:20.158846+00:00' AIRFLOW_CTX_TRY_NUMBER='1' AIRFLOW_CTX_DAG_RUN_ID='manual__2026-07-23T03:03:20.158846+00:00'
[2026-07-23T03:04:41.847+0000] {taskinstance.py:731} INFO - ::endgroup::
[2026-07-23T03:04:43.950+0000] {local.py:294} INFO - dbtRunner is available. Using dbtRunner for invoking dbt.
[2026-07-23T03:04:43.954+0000] {local.py:518} INFO - Cloning project to writable temp directory /tmp/tmpyxikd7d6 from /opt/airflow/dbt_transform
[2026-07-23T03:04:43.969+0000] {local.py:538} INFO - Partial parse is enabled and the latest partial parse file is /tmp/cosmos/dbt_silver_gold_incremental__transform_gold/target/partial_parse.msgpack
[2026-07-23T03:04:43.995+0000] {config.py:395} INFO - Using user-supplied profiles.yml at /opt/airflow/dbt_transform/profiles.yml
[2026-07-23T03:04:44.012+0000] {runner.py:95} INFO - Trying to run dbtRunner with:
 ['deps', '--project-dir', '/tmp/tmpyxikd7d6', '--profiles-dir', '/opt/airflow/dbt_transform', '--profile', 'lakehouse_dbt', '--target', 'dev', '--no-static-parser']
 in /tmp/tmpyxikd7d6
[2026-07-23T03:04:44.162+0000] {logging_mixin.py:190} INFO - 03:04:44  Running with dbt=1.8.8
[2026-07-23T03:04:44.361+0000] {converter.py:314} INFO - ::group::Cosmos DAG parsing logs
[2026-07-23T03:04:44.365+0000] {graph.py:869} INFO - Trying to parse the dbt project using dbt ls cache cosmos_cache__dbt_silver_gold_incremental__transform_silver...
[2026-07-23T03:04:46.846+0000] {cache.py:383} INFO - Cosmos performance: time to calculate cache identifier cosmos_cache__dbt_silver_gold_incremental__transform_silver for current version: 2.45783135199963
[2026-07-23T03:04:46.848+0000] {graph.py:886} INFO - Cosmos performance [b3f56365d5f7|1454]: The cache size for cosmos_cache__dbt_silver_gold_incremental__transform_silver is 6096
[2026-07-23T03:04:46.850+0000] {graph.py:898} INFO - Cosmos performance: Cache hit for cosmos_cache__dbt_silver_gold_incremental__transform_silver - 9b626e6fba26632fa4ad2bd4be515378,5e34606eb5f2b3dea81a8e19fa3ba138
[2026-07-23T03:04:46.852+0000] {graph.py:799} INFO - Total nodes: 7
[2026-07-23T03:04:46.853+0000] {graph.py:800} INFO - Total filtered nodes: 7
[2026-07-23T03:04:46.855+0000] {converter.py:361} INFO - Cosmos performance (dbt_silver_gold_incremental__transform_silver) - [b3f56365d5f7|1454]: It took 2.49s to parse the dbt project for DAG using dbt_ls_cache
[2026-07-23T03:04:46.871+0000] {converter.py:413} INFO - Cosmos performance (dbt_silver_gold_incremental__transform_silver) - [b3f56365d5f7|1454]: It took 0.016s to build the Airflow DAG.
[2026-07-23T03:04:46.872+0000] {converter.py:420} INFO - ::endgroup::Cosmos DAG parsing logs
[2026-07-23T03:04:46.874+0000] {converter.py:314} INFO - ::group::Cosmos DAG parsing logs
[2026-07-23T03:04:46.879+0000] {graph.py:869} INFO - Trying to parse the dbt project using dbt ls cache cosmos_cache__dbt_silver_gold_incremental__transform_gold...
[2026-07-23T03:04:50.531+0000] {cache.py:383} INFO - Cosmos performance: time to calculate cache identifier cosmos_cache__dbt_silver_gold_incremental__transform_gold for current version: 3.639965699999266
[2026-07-23T03:04:50.532+0000] {graph.py:886} INFO - Cosmos performance [b3f56365d5f7|1454]: The cache size for cosmos_cache__dbt_silver_gold_incremental__transform_gold is 35980
[2026-07-23T03:04:50.535+0000] {graph.py:898} INFO - Cosmos performance: Cache hit for cosmos_cache__dbt_silver_gold_incremental__transform_gold - 9b626e6fba26632fa4ad2bd4be515378,304321e940a9403dceb380589bd0566f
[2026-07-23T03:04:50.536+0000] {graph.py:799} INFO - Total nodes: 39
[2026-07-23T03:04:50.537+0000] {graph.py:800} INFO - Total filtered nodes: 39
[2026-07-23T03:04:50.538+0000] {converter.py:361} INFO - Cosmos performance (dbt_silver_gold_incremental__transform_gold) - [b3f56365d5f7|1454]: It took 3.66s to parse the dbt project for DAG using dbt_ls_cache
[2026-07-23T03:04:50.596+0000] {converter.py:413} INFO - Cosmos performance (dbt_silver_gold_incremental__transform_gold) - [b3f56365d5f7|1454]: It took 0.0577s to build the Airflow DAG.
[2026-07-23T03:04:50.598+0000] {converter.py:420} INFO - ::endgroup::Cosmos DAG parsing logs
[2026-07-23T03:04:50.601+0000] {converter.py:314} INFO - ::group::Cosmos DAG parsing logs
[2026-07-23T03:04:50.606+0000] {graph.py:869} INFO - Trying to parse the dbt project using dbt ls cache cosmos_cache__dbt_silver_gold_full_load__transform_silver...
[2026-07-23T03:04:53.082+0000] {cache.py:383} INFO - Cosmos performance: time to calculate cache identifier cosmos_cache__dbt_silver_gold_full_load__transform_silver for current version: 2.4635940950001896
[2026-07-23T03:04:53.084+0000] {graph.py:886} INFO - Cosmos performance [b3f56365d5f7|1454]: The cache size for cosmos_cache__dbt_silver_gold_full_load__transform_silver is 6096
[2026-07-23T03:04:53.085+0000] {graph.py:898} INFO - Cosmos performance: Cache hit for cosmos_cache__dbt_silver_gold_full_load__transform_silver - 9b626e6fba26632fa4ad2bd4be515378,5e34606eb5f2b3dea81a8e19fa3ba138
[2026-07-23T03:04:53.086+0000] {graph.py:799} INFO - Total nodes: 7
[2026-07-23T03:04:53.088+0000] {graph.py:800} INFO - Total filtered nodes: 7
[2026-07-23T03:04:53.089+0000] {converter.py:361} INFO - Cosmos performance (dbt_silver_gold_full_load__transform_silver) - [b3f56365d5f7|1454]: It took 2.48s to parse the dbt project for DAG using dbt_ls_cache
[2026-07-23T03:04:53.099+0000] {converter.py:413} INFO - Cosmos performance (dbt_silver_gold_full_load__transform_silver) - [b3f56365d5f7|1454]: It took 0.0091s to build the Airflow DAG.
[2026-07-23T03:04:53.100+0000] {converter.py:420} INFO - ::endgroup::Cosmos DAG parsing logs
[2026-07-23T03:04:53.101+0000] {converter.py:314} INFO - ::group::Cosmos DAG parsing logs
[2026-07-23T03:04:53.105+0000] {graph.py:869} INFO - Trying to parse the dbt project using dbt ls cache cosmos_cache__dbt_silver_gold_full_load__transform_gold...
[2026-07-23T03:04:55.851+0000] {cache.py:383} INFO - Cosmos performance: time to calculate cache identifier cosmos_cache__dbt_silver_gold_full_load__transform_gold for current version: 2.732867194999926
[2026-07-23T03:04:55.852+0000] {graph.py:886} INFO - Cosmos performance [b3f56365d5f7|1454]: The cache size for cosmos_cache__dbt_silver_gold_full_load__transform_gold is 35980
[2026-07-23T03:04:55.855+0000] {graph.py:898} INFO - Cosmos performance: Cache hit for cosmos_cache__dbt_silver_gold_full_load__transform_gold - 9b626e6fba26632fa4ad2bd4be515378,304321e940a9403dceb380589bd0566f
[2026-07-23T03:04:55.856+0000] {graph.py:799} INFO - Total nodes: 39
[2026-07-23T03:04:55.857+0000] {graph.py:800} INFO - Total filtered nodes: 39
[2026-07-23T03:04:55.859+0000] {converter.py:361} INFO - Cosmos performance (dbt_silver_gold_full_load__transform_gold) - [b3f56365d5f7|1454]: It took 2.75s to parse the dbt project for DAG using dbt_ls_cache
[2026-07-23T03:04:55.906+0000] {converter.py:413} INFO - Cosmos performance (dbt_silver_gold_full_load__transform_gold) - [b3f56365d5f7|1454]: It took 0.0472s to build the Airflow DAG.
[2026-07-23T03:04:55.907+0000] {converter.py:420} INFO - ::endgroup::Cosmos DAG parsing logs
[2026-07-23T03:04:56.332+0000] {logging_mixin.py:190} INFO - 03:04:56  Installing dbt-labs/dbt_utils
[2026-07-23T03:04:56.856+0000] {logging_mixin.py:190} INFO - 03:04:56  Installed from version 1.3.0
[2026-07-23T03:04:56.858+0000] {logging_mixin.py:190} INFO - 03:04:56  Updated version available: 1.4.1
[2026-07-23T03:04:56.860+0000] {logging_mixin.py:190} INFO - 03:04:56  Installing metaplane/dbt_expectations
[2026-07-23T03:04:57.937+0000] {logging_mixin.py:190} INFO - 03:04:57  Installed from version 0.10.8
[2026-07-23T03:04:57.938+0000] {logging_mixin.py:190} INFO - 03:04:57  Updated version available: 0.10.10
[2026-07-23T03:04:57.940+0000] {logging_mixin.py:190} INFO - 03:04:57  Installing godatadriven/dbt_date
[2026-07-23T03:04:58.486+0000] {logging_mixin.py:190} INFO - 03:04:58  Installed from version 0.15.0
[2026-07-23T03:04:58.488+0000] {logging_mixin.py:190} INFO - 03:04:58  Up to date!
[2026-07-23T03:04:58.490+0000] {logging_mixin.py:190} INFO - 03:04:58
[2026-07-23T03:04:58.493+0000] {logging_mixin.py:190} INFO - 03:04:58  Updates available for packages: ['dbt-labs/dbt_utils', 'metaplane/dbt_expectations']                 
Update your versions in packages.yml, then run dbt deps
[2026-07-23T03:04:59.630+0000] {runner.py:95} INFO - Trying to run dbtRunner with:
 ['run', '--select', 'fqn:consumer_complaints_transformation.marts.fct_complaints', '--project-dir', '/tmp/tmpyxikd7d6', '--profiles-dir', '/opt/airflow/dbt_transform', '--profile', 'lakehouse_dbt', '--target', 'dev', '--no-static-parser']
 in /tmp/tmpyxikd7d6
[2026-07-23T03:04:59.658+0000] {logging_mixin.py:190} INFO - 03:04:59  Running with dbt=1.8.8
[2026-07-23T03:04:59.700+0000] {auth.py:343} INFO - keyring module not found. OAuth2 token will not be stored in keyring.
[2026-07-23T03:04:59.706+0000] {auth.py:343} INFO - keyring module not found. OAuth2 token will not be stored in keyring.
[2026-07-23T03:04:59.890+0000] {logging_mixin.py:190} INFO - 03:04:59  Registered adapter: trino=1.8.5
[2026-07-23T03:05:00.396+0000] {logging_mixin.py:190} INFO - 03:05:00  Unable to do partial parsing because config vars, config profile, or config target have changed
[2026-07-23T03:05:04.540+0000] {logging_mixin.py:190} INFO - 03:05:04  [WARNING]: Deprecated functionality
The `tests` config has been renamed to `data_tests`. Please see
https://docs.getdbt.com/docs/build/data-tests#new-data_tests-syntax for more
information.
[2026-07-23T03:05:05.828+0000] {logging_mixin.py:190} INFO - 03:05:05  Found 8 models, 40 data tests, 1 source, 9 metrics, 839 macros, 5 semantic models
[2026-07-23T03:05:05.840+0000] {logging_mixin.py:190} INFO - 03:05:05
[2026-07-23T03:05:05.920+0000] {logging_mixin.py:190} INFO - 03:05:05  [WARNING]: SSL certificate validation is disabled by default. It is legacy behavior which will be changed in future releases. It is strongly advised to enable `require_certificate_validation` flag or explicitly set `cert` configuration to `True` for security reasons. You may receive an error after that if your SSL setup is incorrect.
You may opt into the new behavior sooner by setting `flags.require_certificate_validation` to `True` in `dbt_project.yml`.
Visit https://docs.getdbt.com/reference/global-configs/behavior-changes for more information.
[2026-07-23T03:05:07.198+0000] {logging_mixin.py:190} INFO - 03:05:07  Concurrency: 1 threads (target='dev')
[2026-07-23T03:05:07.208+0000] {logging_mixin.py:190} INFO - 03:05:07
[2026-07-23T03:05:07.218+0000] {logging_mixin.py:190} INFO - 03:05:07  1 of 1 START sql incremental model gold.fct_complaints ......................... [RUN]
[2026-07-23T03:05:08.972+0000] {logging_mixin.py:190} INFO - 03:05:08  1 of 1 OK created sql incremental model gold.fct_complaints .................... [CREATE TABLE (31 rows) in 1.75s]
[2026-07-23T03:05:08.979+0000] {logging_mixin.py:190} INFO - 03:05:08
[2026-07-23T03:05:08.984+0000] {logging_mixin.py:190} INFO - 03:05:08  Finished running 1 incremental model in 0 hours 0 minutes and 3.13 seconds (3.13s).
[2026-07-23T03:05:09.074+0000] {logging_mixin.py:190} INFO - 03:05:09
[2026-07-23T03:05:09.077+0000] {logging_mixin.py:190} INFO - 03:05:09  Completed successfully
[2026-07-23T03:05:09.079+0000] {logging_mixin.py:190} INFO - 03:05:09
[2026-07-23T03:05:09.082+0000] {logging_mixin.py:190} INFO - 03:05:09  Done. PASS=1 WARN=0 ERROR=0 SKIP=0 TOTAL=1
[2026-07-23T03:05:10.262+0000] {local.py:196} WARNING - Artifact schema version: https://schemas.getdbt.com/dbt/manifest/v12.json is above dbt-ol supported version 7. This might cause errors.
[2026-07-23T03:05:10.271+0000] {local.py:594} INFO - Inlets: []
[2026-07-23T03:05:10.273+0000] {local.py:595} INFO - Outlets: []
[2026-07-23T03:05:10.274+0000] {local.py:886} INFO - Assigning inlets/outlets with DatasetAlias in Airflow 2
[2026-07-23T03:05:10.351+0000] {taskinstance.py:340} INFO - ::group::Post task execution logs
[2026-07-23T03:05:10.353+0000] {taskinstance.py:352} INFO - Marking task as SUCCESS. dag_id=dbt_silver_gold_incremental, task_id=transform_gold.fct_complaints.run, run_id=manual__2026-07-23T03:03:20.158846+00:00, execution_date=20260723T030320, start_date=20260723T030441, end_date=20260723T030510
[2026-07-23T03:05:11.138+0000] {_client.py:1026} INFO - HTTP Request: GET https://astronomer.gateway.scarf.sh/astronomer-cosmos/v3/task_instance?cosmos_version=1.15.0&airflow_version=2.10.2&python_version=3.10.15&platform_system=Linux&platform_machine=x86_64&status=success&operator_name=DbtRunLocalOperator&is_cosmos_operator_subclass=False&invocation_mode=dbt_runner&execution_mode=local&profile_strategy=yaml_file&profile_mapping_class=None&database=trino&is_mapped_task=False&dbt_command=run&install_deps=True&has_callback=False&duration=28.778072 "HTTP/1.1 200 OK"
[2026-07-23T03:05:11.185+0000] {local_task_job_runner.py:266} INFO - Task exited with return code 0
[2026-07-23T03:05:11.229+0000] {taskinstance.py:3900} INFO - 0 downstream tasks scheduled from follow-on schedule check
[2026-07-23T03:05:11.233+0000] {local_task_job_runner.py:245} INFO - ::endgroup::
