[2026-07-17T00:47:43.737+0000] {local_task_job_runner.py:123} INFO - ::group::Pre task execution logs
[2026-07-17T00:47:43.758+0000] {taskinstance.py:2612} INFO - Dependencies all met for dep_context=non-requeueable deps ti=<TaskInstance: wap_consumer_complaints_pipeline.init_wap_environment scheduled__2026-07-16T00:00:00+00:00 [queued]>
[2026-07-17T00:47:43.768+0000] {taskinstance.py:2612} INFO - Dependencies all met for dep_context=requeueable deps ti=<TaskInstance: wap_consumer_complaints_pipeline.init_wap_environment scheduled__2026-07-16T00:00:00+00:00 [queued]>
[2026-07-17T00:47:43.770+0000] {taskinstance.py:2865} INFO - Starting attempt 1 of 2
[2026-07-17T00:47:43.783+0000] {taskinstance.py:2888} INFO - Executing <Task(_PythonDecoratedOperator): init_wap_environment> on 2026-07-16 00:00:00+00:00
[2026-07-17T00:47:43.790+0000] {standard_task_runner.py:72} INFO - Started process 614 to run task
[2026-07-17T00:47:43.794+0000] {standard_task_runner.py:104} INFO - Running: ['airflow', 'tasks', 'run', 'wap_consumer_complaints_pipeline', 'init_wap_environment', 'scheduled__2026-07-16T00:00:00+00:00', '--job-id', '4', '--raw', '--subdir', 'DAGS_FOLDER/wap_consumer_complaints_pipeline.py', '--cfg-path', '/tmp/tmp71vysivy']
[2026-07-17T00:47:43.797+0000] {standard_task_runner.py:105} INFO - Job 4: Subtask init_wap_environment
[2026-07-17T00:47:43.891+0000] {task_command.py:467} INFO - Running <TaskInstance: wap_consumer_complaints_pipeline.init_wap_environment scheduled__2026-07-16T00:00:00+00:00 [running]> on host 6e4bd04e8f25
[2026-07-17T00:47:43.988+0000] {taskinstance.py:3131} INFO - Exporting env vars: AIRFLOW_CTX_DAG_OWNER='data_engineer' AIRFLOW_CTX_DAG_ID='wap_consumer_complaints_pipeline' AIRFLOW_CTX_TASK_ID='init_wap_environment' AIRFLOW_CTX_EXECUTION_DATE='2026-07-16T00:00:00+00:00' AIRFLOW_CTX_TRY_NUMBER='1' AIRFLOW_CTX_DAG_RUN_ID='scheduled__2026-07-16T00:00:00+00:00'
[2026-07-17T00:47:43.990+0000] {taskinstance.py:731} INFO - ::endgroup::
[2026-07-17T00:47:43.997+0000] {crypto.py:82} WARNING - empty cryptography key - values will not be stored encrypted.
[2026-07-17T00:47:43.999+0000] {base.py:84} INFO - Retrieving connection 'minio_default'
[2026-07-17T00:47:44.001+0000] {connection_wrapper.py:388} INFO - AWS Connection (conn_id='minio_default', conn_type='aws') credentials retrieved from login and ***.
[2026-07-17T00:47:44.655+0000] {minio_loader.py:188} INFO - ℹ️ Phân vùng landing/consumer_complaints/run_date=2026-07-16 đang trống.
[2026-07-17T00:47:44.656+0000] {wap_consumer_complaints_pipeline.py:79} INFO - ✅ Đã dọn dẹp MinIO cho phân vùng: 2026-07-16
[2026-07-17T00:47:44.658+0000] {base.py:84} INFO - Retrieving connection 'nessie_api_default'
[2026-07-17T00:47:44.712+0000] {nessie_client.py:46} INFO - 🌿 Đã tạo nhánh 'etl_20260716_000000' (Hash: 61545c22)
[2026-07-17T00:47:44.714+0000] {python.py:240} INFO - Done. Returned value was: {'run_date': '2026-07-16', 'start_date': '2026-07-09', 'end_date': '2026-07-16', 'run_id': 'scheduled__2026-07-16T00:00:00+00:00', 'branch_name': 'etl_20260716_000000'}
[2026-07-17T00:47:44.751+0000] {taskinstance.py:340} INFO - ::group::Post task execution logs
[2026-07-17T00:47:44.752+0000] {taskinstance.py:352} INFO - Marking task as SUCCESS. dag_id=wap_consumer_complaints_pipeline, task_id=init_wap_environment, run_id=scheduled__2026-07-16T00:00:00+00:00, execution_date=20260716T000000, start_date=20260717T004743, end_date=20260717T004744
[2026-07-17T00:47:44.772+0000] {local_task_job_runner.py:266} INFO - Task exited with return code 0
[2026-07-17T00:47:44.826+0000] {taskinstance.py:3900} INFO - 2 downstream tasks scheduled from follow-on schedule check
[2026-07-17T00:47:44.828+0000] {local_task_job_runner.py:245} INFO - ::endgroup::
[2026-07-17T00:55:04.342+0000] {local_task_job_runner.py:123} INFO - ::group::Pre task execution logs
[2026-07-17T00:55:04.364+0000] {taskinstance.py:2612} INFO - Dependencies all met for dep_context=non-requeueable deps ti=<TaskInstance: wap_consumer_complaints_pipeline.init_wap_environment scheduled__2026-07-16T00:00:00+00:00 [queued]>
[2026-07-17T00:55:04.376+0000] {taskinstance.py:2612} INFO - Dependencies all met for dep_context=requeueable deps ti=<TaskInstance: wap_consumer_complaints_pipeline.init_wap_environment scheduled__2026-07-16T00:00:00+00:00 [queued]>
[2026-07-17T00:55:04.377+0000] {taskinstance.py:2865} INFO - Starting attempt 1 of 2
[2026-07-17T00:55:04.393+0000] {taskinstance.py:2888} INFO - Executing <Task(_PythonDecoratedOperator): init_wap_environment> on 2026-07-16 00:00:00+00:00
[2026-07-17T00:55:04.401+0000] {standard_task_runner.py:72} INFO - Started process 455 to run task
[2026-07-17T00:55:04.406+0000] {standard_task_runner.py:104} INFO - Running: ['airflow', 'tasks', 'run', 'wap_consumer_complaints_pipeline', 'init_wap_environment', 'scheduled__2026-07-16T00:00:00+00:00', '--job-id', '4', '--raw', '--subdir', 'DAGS_FOLDER/wap_consumer_complaints_pipeline.py', '--cfg-path', '/tmp/tmpsqzs_qmi']
[2026-07-17T00:55:04.409+0000] {standard_task_runner.py:105} INFO - Job 4: Subtask init_wap_environment
[2026-07-17T00:55:04.512+0000] {task_command.py:467} INFO - Running <TaskInstance: wap_consumer_complaints_pipeline.init_wap_environment scheduled__2026-07-16T00:00:00+00:00 [running]> on host 5c7fcb628b2a
[2026-07-17T00:55:04.612+0000] {taskinstance.py:3131} INFO - Exporting env vars: AIRFLOW_CTX_DAG_OWNER='data_engineer' AIRFLOW_CTX_DAG_ID='wap_consumer_complaints_pipeline' AIRFLOW_CTX_TASK_ID='init_wap_environment' AIRFLOW_CTX_EXECUTION_DATE='2026-07-16T00:00:00+00:00' AIRFLOW_CTX_TRY_NUMBER='1' AIRFLOW_CTX_DAG_RUN_ID='scheduled__2026-07-16T00:00:00+00:00'
[2026-07-17T00:55:04.616+0000] {taskinstance.py:731} INFO - ::endgroup::
[2026-07-17T00:55:04.624+0000] {crypto.py:82} WARNING - empty cryptography key - values will not be stored encrypted.
[2026-07-17T00:55:04.628+0000] {base.py:84} INFO - Retrieving connection 'minio_default'
[2026-07-17T00:55:04.631+0000] {connection_wrapper.py:388} INFO - AWS Connection (conn_id='minio_default', conn_type='aws') credentials retrieved from login and ***.
[2026-07-17T00:55:05.067+0000] {minio_loader.py:188} INFO - ℹ️ Phân vùng landing/consumer_complaints/run_date=2026-07-16 đang trống.
[2026-07-17T00:55:05.069+0000] {wap_consumer_complaints_pipeline.py:79} INFO - ✅ Đã dọn dẹp MinIO cho phân vùng: 2026-07-16
[2026-07-17T00:55:05.071+0000] {base.py:84} INFO - Retrieving connection 'nessie_api_default'
[2026-07-17T00:55:05.118+0000] {nessie_client.py:46} INFO - 🌿 Đã tạo nhánh 'etl_20260716_000000' (Hash: 152efb2a)
[2026-07-17T00:55:05.121+0000] {python.py:240} INFO - Done. Returned value was: {'run_date': '2026-07-16', 'start_date': '2026-07-09', 'end_date': '2026-07-16', 'run_id': 'scheduled__2026-07-16T00:00:00+00:00', 'branch_name': 'etl_20260716_000000'}
[2026-07-17T00:55:05.166+0000] {taskinstance.py:340} INFO - ::group::Post task execution logs
[2026-07-17T00:55:05.168+0000] {taskinstance.py:352} INFO - Marking task as SUCCESS. dag_id=wap_consumer_complaints_pipeline, task_id=init_wap_environment, run_id=scheduled__2026-07-16T00:00:00+00:00, execution_date=20260716T000000, start_date=20260717T005504, end_date=20260717T005505
[2026-07-17T00:55:05.224+0000] {local_task_job_runner.py:266} INFO - Task exited with return code 0
[2026-07-17T00:55:05.274+0000] {taskinstance.py:3900} INFO - 2 downstream tasks scheduled from follow-on schedule check
[2026-07-17T00:55:05.279+0000] {local_task_job_runner.py:245} INFO - ::endgroup::
[2026-07-17T01:15:27.320+0000] {local_task_job_runner.py:123} INFO - ::group::Pre task execution logs
[2026-07-17T01:15:27.337+0000] {taskinstance.py:2612} INFO - Dependencies all met for dep_context=non-requeueable deps ti=<TaskInstance: wap_consumer_complaints_pipeline.init_wap_environment scheduled__2026-07-16T00:00:00+00:00 [queued]>
[2026-07-17T01:15:27.345+0000] {taskinstance.py:2612} INFO - Dependencies all met for dep_context=requeueable deps ti=<TaskInstance: wap_consumer_complaints_pipeline.init_wap_environment scheduled__2026-07-16T00:00:00+00:00 [queued]>
[2026-07-17T01:15:27.347+0000] {taskinstance.py:2865} INFO - Starting attempt 1 of 2
[2026-07-17T01:15:27.357+0000] {taskinstance.py:2888} INFO - Executing <Task(_PythonDecoratedOperator): init_wap_environment> on 2026-07-16 00:00:00+00:00
[2026-07-17T01:15:27.362+0000] {standard_task_runner.py:72} INFO - Started process 1647 to run task
[2026-07-17T01:15:27.366+0000] {standard_task_runner.py:104} INFO - Running: ['airflow', 'tasks', 'run', 'wap_consumer_complaints_pipeline', 'init_wap_environment', 'scheduled__2026-07-16T00:00:00+00:00', '--job-id', '4', '--raw', '--subdir', 'DAGS_FOLDER/wap_consumer_complaints_pipeline.py', '--cfg-path', '/tmp/tmpzqmdm5_6']
[2026-07-17T01:15:27.368+0000] {standard_task_runner.py:105} INFO - Job 4: Subtask init_wap_environment
[2026-07-17T01:15:27.450+0000] {task_command.py:467} INFO - Running <TaskInstance: wap_consumer_complaints_pipeline.init_wap_environment scheduled__2026-07-16T00:00:00+00:00 [running]> on host 3c5c45fc8844
[2026-07-17T01:15:27.534+0000] {taskinstance.py:3131} INFO - Exporting env vars: AIRFLOW_CTX_DAG_OWNER='data_engineer' AIRFLOW_CTX_DAG_ID='wap_consumer_complaints_pipeline' AIRFLOW_CTX_TASK_ID='init_wap_environment' AIRFLOW_CTX_EXECUTION_DATE='2026-07-16T00:00:00+00:00' AIRFLOW_CTX_TRY_NUMBER='1' AIRFLOW_CTX_DAG_RUN_ID='scheduled__2026-07-16T00:00:00+00:00'
[2026-07-17T01:15:27.537+0000] {taskinstance.py:731} INFO - ::endgroup::
[2026-07-17T01:15:27.541+0000] {crypto.py:82} WARNING - empty cryptography key - values will not be stored encrypted.
[2026-07-17T01:15:27.544+0000] {base.py:84} INFO - Retrieving connection 'minio_default'
[2026-07-17T01:15:27.545+0000] {connection_wrapper.py:388} INFO - AWS Connection (conn_id='minio_default', conn_type='aws') credentials retrieved from login and ***.
[2026-07-17T01:15:27.943+0000] {minio_loader.py:188} INFO - ℹ️ Phân vùng landing/consumer_complaints/run_date=2026-07-16 đang trống.
[2026-07-17T01:15:27.944+0000] {wap_consumer_complaints_pipeline.py:79} INFO - ✅ Đã dọn dẹp MinIO cho phân vùng: 2026-07-16
[2026-07-17T01:15:27.946+0000] {base.py:84} INFO - Retrieving connection 'nessie_api_default'
[2026-07-17T01:15:27.994+0000] {nessie_client.py:46} INFO - 🌿 Đã tạo nhánh 'etl_20260716_000000' (Hash: 2a87ddc2)
[2026-07-17T01:15:27.996+0000] {python.py:240} INFO - Done. Returned value was: {'run_date': '2026-07-16', 'start_date': '2026-07-09', 'end_date': '2026-07-16', 'run_id': 'scheduled__2026-07-16T00:00:00+00:00', 'branch_name': 'etl_20260716_000000'}
[2026-07-17T01:15:28.033+0000] {taskinstance.py:340} INFO - ::group::Post task execution logs
[2026-07-17T01:15:28.034+0000] {taskinstance.py:352} INFO - Marking task as SUCCESS. dag_id=wap_consumer_complaints_pipeline, task_id=init_wap_environment, run_id=scheduled__2026-07-16T00:00:00+00:00, execution_date=20260716T000000, start_date=20260717T011527, end_date=20260717T011528
[2026-07-17T01:15:28.063+0000] {local_task_job_runner.py:266} INFO - Task exited with return code 0
[2026-07-17T01:15:28.108+0000] {taskinstance.py:3900} INFO - 2 downstream tasks scheduled from follow-on schedule check
[2026-07-17T01:15:28.111+0000] {local_task_job_runner.py:245} INFO - ::endgroup::
[2026-07-17T01:37:13.912+0000] {local_task_job_runner.py:123} INFO - ::group::Pre task execution logs
[2026-07-17T01:37:13.934+0000] {taskinstance.py:2612} INFO - Dependencies all met for dep_context=non-requeueable deps ti=<TaskInstance: wap_consumer_complaints_pipeline.init_wap_environment scheduled__2026-07-16T00:00:00+00:00 [queued]>
[2026-07-17T01:37:13.946+0000] {taskinstance.py:2612} INFO - Dependencies all met for dep_context=requeueable deps ti=<TaskInstance: wap_consumer_complaints_pipeline.init_wap_environment scheduled__2026-07-16T00:00:00+00:00 [queued]>
[2026-07-17T01:37:13.948+0000] {taskinstance.py:2865} INFO - Starting attempt 1 of 2
[2026-07-17T01:37:13.961+0000] {taskinstance.py:2888} INFO - Executing <Task(_PythonDecoratedOperator): init_wap_environment> on 2026-07-16 00:00:00+00:00
[2026-07-17T01:37:13.968+0000] {standard_task_runner.py:72} INFO - Started process 2415 to run task
[2026-07-17T01:37:13.972+0000] {standard_task_runner.py:104} INFO - Running: ['airflow', 'tasks', 'run', 'wap_consumer_complaints_pipeline', 'init_wap_environment', 'scheduled__2026-07-16T00:00:00+00:00', '--job-id', '5', '--raw', '--subdir', 'DAGS_FOLDER/wap_consumer_complaints_pipeline.py', '--cfg-path', '/tmp/tmpfi7k1_it']
[2026-07-17T01:37:13.974+0000] {standard_task_runner.py:105} INFO - Job 5: Subtask init_wap_environment
[2026-07-17T01:37:14.063+0000] {task_command.py:467} INFO - Running <TaskInstance: wap_consumer_complaints_pipeline.init_wap_environment scheduled__2026-07-16T00:00:00+00:00 [running]> on host 46ae8afe9fc1
[2026-07-17T01:37:14.169+0000] {taskinstance.py:3131} INFO - Exporting env vars: AIRFLOW_CTX_DAG_OWNER='data_engineer' AIRFLOW_CTX_DAG_ID='wap_consumer_complaints_pipeline' AIRFLOW_CTX_TASK_ID='init_wap_environment' AIRFLOW_CTX_EXECUTION_DATE='2026-07-16T00:00:00+00:00' AIRFLOW_CTX_TRY_NUMBER='1' AIRFLOW_CTX_DAG_RUN_ID='scheduled__2026-07-16T00:00:00+00:00'
[2026-07-17T01:37:14.171+0000] {taskinstance.py:731} INFO - ::endgroup::
[2026-07-17T01:37:14.177+0000] {base.py:84} INFO - Retrieving connection 'minio_default'
[2026-07-17T01:37:14.179+0000] {connection_wrapper.py:388} INFO - AWS Connection (conn_id='minio_default', conn_type='aws') credentials retrieved from login and ***.
[2026-07-17T01:37:14.314+0000] {minio_loader.py:188} INFO - ℹ️ Phân vùng landing/consumer_complaints/run_date=2026-07-16 đang trống.
[2026-07-17T01:37:14.315+0000] {wap_consumer_complaints_pipeline.py:79} INFO - ✅ Đã dọn dẹp MinIO cho phân vùng: 2026-07-16
[2026-07-17T01:37:14.317+0000] {base.py:84} INFO - Retrieving connection 'nessie_api_default'
[2026-07-17T01:37:14.368+0000] {nessie_client.py:46} INFO - 🌿 Đã tạo nhánh 'etl_20260716_000000' (Hash: eea9bf61)
[2026-07-17T01:37:14.370+0000] {python.py:240} INFO - Done. Returned value was: {'run_date': '2026-07-16', 'start_date': '2026-07-09', 'end_date': '2026-07-16', 'run_id': 'scheduled__2026-07-16T00:00:00+00:00', 'branch_name': 'etl_20260716_000000'}
[2026-07-17T01:37:14.408+0000] {taskinstance.py:340} INFO - ::group::Post task execution logs
[2026-07-17T01:37:14.410+0000] {taskinstance.py:352} INFO - Marking task as SUCCESS. dag_id=wap_consumer_complaints_pipeline, task_id=init_wap_environment, run_id=scheduled__2026-07-16T00:00:00+00:00, execution_date=20260716T000000, start_date=20260717T013713, end_date=20260717T013714
[2026-07-17T01:37:14.467+0000] {local_task_job_runner.py:266} INFO - Task exited with return code 0
[2026-07-17T01:37:14.525+0000] {taskinstance.py:3900} INFO - 3 downstream tasks scheduled from follow-on schedule check
[2026-07-17T01:37:14.530+0000] {local_task_job_runner.py:245} INFO - ::endgroup::
[2026-07-17T02:03:40.204+0000] {local_task_job_runner.py:123} INFO - ::group::Pre task execution logs
[2026-07-17T02:03:40.226+0000] {taskinstance.py:2612} INFO - Dependencies all met for dep_context=non-requeueable deps ti=<TaskInstance: wap_consumer_complaints_pipeline.init_wap_environment scheduled__2026-07-16T00:00:00+00:00 [queued]>
[2026-07-17T02:03:40.236+0000] {taskinstance.py:2612} INFO - Dependencies all met for dep_context=requeueable deps ti=<TaskInstance: wap_consumer_complaints_pipeline.init_wap_environment scheduled__2026-07-16T00:00:00+00:00 [queued]>
[2026-07-17T02:03:40.237+0000] {taskinstance.py:2865} INFO - Starting attempt 1 of 2
[2026-07-17T02:03:40.250+0000] {taskinstance.py:2888} INFO - Executing <Task(_PythonDecoratedOperator): init_wap_environment> on 2026-07-16 00:00:00+00:00
[2026-07-17T02:03:40.257+0000] {standard_task_runner.py:72} INFO - Started process 2207 to run task
[2026-07-17T02:03:40.261+0000] {standard_task_runner.py:104} INFO - Running: ['airflow', 'tasks', 'run', 'wap_consumer_complaints_pipeline', 'init_wap_environment', 'scheduled__2026-07-16T00:00:00+00:00', '--job-id', '5', '--raw', '--subdir', 'DAGS_FOLDER/wap_consumer_complaints_pipeline.py', '--cfg-path', '/tmp/tmpm8d5ct5f']
[2026-07-17T02:03:40.263+0000] {standard_task_runner.py:105} INFO - Job 5: Subtask init_wap_environment
[2026-07-17T02:03:40.342+0000] {task_command.py:467} INFO - Running <TaskInstance: wap_consumer_complaints_pipeline.init_wap_environment scheduled__2026-07-16T00:00:00+00:00 [running]> on host e6c7c1682e85
[2026-07-17T02:03:40.440+0000] {taskinstance.py:3131} INFO - Exporting env vars: AIRFLOW_CTX_DAG_OWNER='data_engineer' AIRFLOW_CTX_DAG_ID='wap_consumer_complaints_pipeline' AIRFLOW_CTX_TASK_ID='init_wap_environment' AIRFLOW_CTX_EXECUTION_DATE='2026-07-16T00:00:00+00:00' AIRFLOW_CTX_TRY_NUMBER='1' AIRFLOW_CTX_DAG_RUN_ID='scheduled__2026-07-16T00:00:00+00:00'
[2026-07-17T02:03:40.445+0000] {taskinstance.py:731} INFO - ::endgroup::
[2026-07-17T02:03:40.451+0000] {base.py:84} INFO - Retrieving connection 'minio_default'
[2026-07-17T02:03:40.453+0000] {connection_wrapper.py:388} INFO - AWS Connection (conn_id='minio_default', conn_type='aws') credentials retrieved from login and ***.
[2026-07-17T02:03:40.614+0000] {minio_loader.py:188} INFO - ℹ️ Phân vùng landing/consumer_complaints/run_date=2026-07-16 đang trống.
[2026-07-17T02:03:40.616+0000] {wap_consumer_complaints_pipeline.py:79} INFO - ✅ Đã dọn dẹp MinIO cho phân vùng: 2026-07-16
[2026-07-17T02:03:40.618+0000] {base.py:84} INFO - Retrieving connection 'nessie_api_default'
[2026-07-17T02:03:40.672+0000] {nessie_client.py:46} INFO - 🌿 Đã tạo nhánh 'etl_20260716_000000' (Hash: d7a5168b)
[2026-07-17T02:03:40.674+0000] {python.py:240} INFO - Done. Returned value was: {'run_date': '2026-07-16', 'start_date': '2026-07-09', 'end_date': '2026-07-16', 'run_id': 'scheduled__2026-07-16T00:00:00+00:00', 'branch_name': 'etl_20260716_000000'}
[2026-07-17T02:03:40.718+0000] {taskinstance.py:340} INFO - ::group::Post task execution logs
[2026-07-17T02:03:40.720+0000] {taskinstance.py:352} INFO - Marking task as SUCCESS. dag_id=wap_consumer_complaints_pipeline, task_id=init_wap_environment, run_id=scheduled__2026-07-16T00:00:00+00:00, execution_date=20260716T000000, start_date=20260717T020340, end_date=20260717T020340
[2026-07-17T02:03:40.759+0000] {local_task_job_runner.py:266} INFO - Task exited with return code 0
[2026-07-17T02:03:40.808+0000] {taskinstance.py:3900} INFO - 3 downstream tasks scheduled from follow-on schedule check
[2026-07-17T02:03:40.812+0000] {local_task_job_runner.py:245} INFO - ::endgroup::
[2026-07-17T02:32:27.804+0000] {local_task_job_runner.py:123} INFO - ::group::Pre task execution logs
[2026-07-17T02:32:27.823+0000] {taskinstance.py:2612} INFO - Dependencies all met for dep_context=non-requeueable deps ti=<TaskInstance: wap_consumer_complaints_pipeline.init_wap_environment scheduled__2026-07-16T00:00:00+00:00 [queued]>
[2026-07-17T02:32:27.831+0000] {taskinstance.py:2612} INFO - Dependencies all met for dep_context=requeueable deps ti=<TaskInstance: wap_consumer_complaints_pipeline.init_wap_environment scheduled__2026-07-16T00:00:00+00:00 [queued]>
[2026-07-17T02:32:27.833+0000] {taskinstance.py:2865} INFO - Starting attempt 1 of 2
[2026-07-17T02:32:27.844+0000] {taskinstance.py:2888} INFO - Executing <Task(_PythonDecoratedOperator): init_wap_environment> on 2026-07-16 00:00:00+00:00
[2026-07-17T02:32:27.850+0000] {standard_task_runner.py:72} INFO - Started process 548 to run task
[2026-07-17T02:32:27.854+0000] {standard_task_runner.py:104} INFO - Running: ['airflow', 'tasks', 'run', 'wap_consumer_complaints_pipeline', 'init_wap_environment', 'scheduled__2026-07-16T00:00:00+00:00', '--job-id', '5', '--raw', '--subdir', 'DAGS_FOLDER/wap_consumer_complaints_pipeline.py', '--cfg-path', '/tmp/tmp0a8n04la']
[2026-07-17T02:32:27.856+0000] {standard_task_runner.py:105} INFO - Job 5: Subtask init_wap_environment
[2026-07-17T02:32:27.938+0000] {task_command.py:467} INFO - Running <TaskInstance: wap_consumer_complaints_pipeline.init_wap_environment scheduled__2026-07-16T00:00:00+00:00 [running]> on host 0b96ba8d3379
[2026-07-17T02:32:28.016+0000] {taskinstance.py:3131} INFO - Exporting env vars: AIRFLOW_CTX_DAG_OWNER='data_engineer' AIRFLOW_CTX_DAG_ID='wap_consumer_complaints_pipeline' AIRFLOW_CTX_TASK_ID='init_wap_environment' AIRFLOW_CTX_EXECUTION_DATE='2026-07-16T00:00:00+00:00' AIRFLOW_CTX_TRY_NUMBER='1' AIRFLOW_CTX_DAG_RUN_ID='scheduled__2026-07-16T00:00:00+00:00'
[2026-07-17T02:32:28.019+0000] {taskinstance.py:731} INFO - ::endgroup::
[2026-07-17T02:32:28.024+0000] {base.py:84} INFO - Retrieving connection 'minio_default'
[2026-07-17T02:32:28.025+0000] {connection_wrapper.py:388} INFO - AWS Connection (conn_id='minio_default', conn_type='aws') credentials retrieved from login and ***.
[2026-07-17T02:32:28.278+0000] {minio_loader.py:188} INFO - ℹ️ Phân vùng landing/consumer_complaints/run_date=2026-07-16 đang trống.
[2026-07-17T02:32:28.280+0000] {wap_consumer_complaints_pipeline.py:79} INFO - ✅ Đã dọn dẹp MinIO cho phân vùng: 2026-07-16
[2026-07-17T02:32:28.282+0000] {base.py:84} INFO - Retrieving connection 'nessie_api_default'
[2026-07-17T02:32:28.322+0000] {nessie_client.py:46} INFO - 🌿 Đã tạo nhánh 'etl_20260716_000000' (Hash: 81bf8ced)
[2026-07-17T02:32:28.324+0000] {python.py:240} INFO - Done. Returned value was: {'run_date': '2026-07-16', 'start_date': '2026-07-09', 'end_date': '2026-07-16', 'run_id': 'scheduled__2026-07-16T00:00:00+00:00', 'branch_name': 'etl_20260716_000000'}
[2026-07-17T02:32:28.361+0000] {taskinstance.py:340} INFO - ::group::Post task execution logs
[2026-07-17T02:32:28.362+0000] {taskinstance.py:352} INFO - Marking task as SUCCESS. dag_id=wap_consumer_complaints_pipeline, task_id=init_wap_environment, run_id=scheduled__2026-07-16T00:00:00+00:00, execution_date=20260716T000000, start_date=20260717T023227, end_date=20260717T023228
[2026-07-17T02:32:28.390+0000] {local_task_job_runner.py:266} INFO - Task exited with return code 0
[2026-07-17T02:32:28.440+0000] {taskinstance.py:3900} INFO - 3 downstream tasks scheduled from follow-on schedule check
[2026-07-17T02:32:28.444+0000] {local_task_job_runner.py:245} INFO - ::endgroup::
[2026-07-17T02:41:00.483+0000] {local_task_job_runner.py:123} INFO - ::group::Pre task execution logs
[2026-07-17T02:41:00.513+0000] {taskinstance.py:2612} INFO - Dependencies all met for dep_context=non-requeueable deps ti=<TaskInstance: wap_consumer_complaints_pipeline.init_wap_environment scheduled__2026-07-16T00:00:00+00:00 [queued]>
[2026-07-17T02:41:00.527+0000] {taskinstance.py:2612} INFO - Dependencies all met for dep_context=requeueable deps ti=<TaskInstance: wap_consumer_complaints_pipeline.init_wap_environment scheduled__2026-07-16T00:00:00+00:00 [queued]>
[2026-07-17T02:41:00.529+0000] {taskinstance.py:2865} INFO - Starting attempt 1 of 2
[2026-07-17T02:41:00.543+0000] {taskinstance.py:2888} INFO - Executing <Task(_PythonDecoratedOperator): init_wap_environment> on 2026-07-16 00:00:00+00:00
[2026-07-17T02:41:00.551+0000] {standard_task_runner.py:72} INFO - Started process 622 to run task
[2026-07-17T02:41:00.556+0000] {standard_task_runner.py:104} INFO - Running: ['airflow', 'tasks', 'run', 'wap_consumer_complaints_pipeline', 'init_wap_environment', 'scheduled__2026-07-16T00:00:00+00:00', '--job-id', '5', '--raw', '--subdir', 'DAGS_FOLDER/wap_consumer_complaints_pipeline.py', '--cfg-path', '/tmp/tmpi1wc25k9']
[2026-07-17T02:41:00.558+0000] {standard_task_runner.py:105} INFO - Job 5: Subtask init_wap_environment
[2026-07-17T02:41:00.650+0000] {task_command.py:467} INFO - Running <TaskInstance: wap_consumer_complaints_pipeline.init_wap_environment scheduled__2026-07-16T00:00:00+00:00 [running]> on host ca61bab0d237
[2026-07-17T02:41:00.751+0000] {taskinstance.py:3131} INFO - Exporting env vars: AIRFLOW_CTX_DAG_OWNER='data_engineer' AIRFLOW_CTX_DAG_ID='wap_consumer_complaints_pipeline' AIRFLOW_CTX_TASK_ID='init_wap_environment' AIRFLOW_CTX_EXECUTION_DATE='2026-07-16T00:00:00+00:00' AIRFLOW_CTX_TRY_NUMBER='1' AIRFLOW_CTX_DAG_RUN_ID='scheduled__2026-07-16T00:00:00+00:00'
[2026-07-17T02:41:00.754+0000] {taskinstance.py:731} INFO - ::endgroup::
[2026-07-17T02:41:00.763+0000] {base.py:84} INFO - Retrieving connection 'minio_default'
[2026-07-17T02:41:00.765+0000] {connection_wrapper.py:388} INFO - AWS Connection (conn_id='minio_default', conn_type='aws') credentials retrieved from login and ***.
[2026-07-17T02:41:00.913+0000] {minio_loader.py:188} INFO - ℹ️ Phân vùng landing/consumer_complaints/run_date=2026-07-16 đang trống.
[2026-07-17T02:41:00.914+0000] {wap_consumer_complaints_pipeline.py:79} INFO - ✅ Đã dọn dẹp MinIO cho phân vùng: 2026-07-16
[2026-07-17T02:41:00.917+0000] {base.py:84} INFO - Retrieving connection 'nessie_api_default'
[2026-07-17T02:41:00.966+0000] {nessie_client.py:46} INFO - 🌿 Đã tạo nhánh 'etl_20260716_000000' (Hash: 9d780c11)
[2026-07-17T02:41:00.969+0000] {python.py:240} INFO - Done. Returned value was: {'run_date': '2026-07-16', 'start_date': '2026-07-09', 'end_date': '2026-07-16', 'run_id': 'scheduled__2026-07-16T00:00:00+00:00', 'branch_name': 'etl_20260716_000000'}
[2026-07-17T02:41:01.011+0000] {taskinstance.py:340} INFO - ::group::Post task execution logs
[2026-07-17T02:41:01.013+0000] {taskinstance.py:352} INFO - Marking task as SUCCESS. dag_id=wap_consumer_complaints_pipeline, task_id=init_wap_environment, run_id=scheduled__2026-07-16T00:00:00+00:00, execution_date=20260716T000000, start_date=20260717T024100, end_date=20260717T024101
[2026-07-17T02:41:01.053+0000] {local_task_job_runner.py:266} INFO - Task exited with return code 0
[2026-07-17T02:41:01.098+0000] {taskinstance.py:3900} INFO - 3 downstream tasks scheduled from follow-on schedule check
[2026-07-17T02:41:01.101+0000] {local_task_job_runner.py:245} INFO - ::endgroup::
[2026-07-17T02:54:26.886+0000] {local_task_job_runner.py:123} INFO - ::group::Pre task execution logs
[2026-07-17T02:54:26.903+0000] {taskinstance.py:2612} INFO - Dependencies all met for dep_context=non-requeueable deps ti=<TaskInstance: wap_consumer_complaints_pipeline.init_wap_environment scheduled__2026-07-16T00:00:00+00:00 [queued]>
[2026-07-17T02:54:26.911+0000] {taskinstance.py:2612} INFO - Dependencies all met for dep_context=requeueable deps ti=<TaskInstance: wap_consumer_complaints_pipeline.init_wap_environment scheduled__2026-07-16T00:00:00+00:00 [queued]>
[2026-07-17T02:54:26.912+0000] {taskinstance.py:2865} INFO - Starting attempt 1 of 2
[2026-07-17T02:54:26.923+0000] {taskinstance.py:2888} INFO - Executing <Task(_PythonDecoratedOperator): init_wap_environment> on 2026-07-16 00:00:00+00:00
[2026-07-17T02:54:26.929+0000] {standard_task_runner.py:72} INFO - Started process 796 to run task
[2026-07-17T02:54:26.932+0000] {standard_task_runner.py:104} INFO - Running: ['airflow', 'tasks', 'run', 'wap_consumer_complaints_pipeline', 'init_wap_environment', 'scheduled__2026-07-16T00:00:00+00:00', '--job-id', '5', '--raw', '--subdir', 'DAGS_FOLDER/wap_consumer_complaints_pipeline.py', '--cfg-path', '/tmp/tmp4vvwzdrk']
[2026-07-17T02:54:26.934+0000] {standard_task_runner.py:105} INFO - Job 5: Subtask init_wap_environment
[2026-07-17T02:54:27.003+0000] {task_command.py:467} INFO - Running <TaskInstance: wap_consumer_complaints_pipeline.init_wap_environment scheduled__2026-07-16T00:00:00+00:00 [running]> on host e3287f191908
[2026-07-17T02:54:27.075+0000] {taskinstance.py:3131} INFO - Exporting env vars: AIRFLOW_CTX_DAG_OWNER='data_engineer' AIRFLOW_CTX_DAG_ID='wap_consumer_complaints_pipeline' AIRFLOW_CTX_TASK_ID='init_wap_environment' AIRFLOW_CTX_EXECUTION_DATE='2026-07-16T00:00:00+00:00' AIRFLOW_CTX_TRY_NUMBER='1' AIRFLOW_CTX_DAG_RUN_ID='scheduled__2026-07-16T00:00:00+00:00'
[2026-07-17T02:54:27.077+0000] {taskinstance.py:731} INFO - ::endgroup::
[2026-07-17T02:54:27.082+0000] {base.py:84} INFO - Retrieving connection 'minio_default'
[2026-07-17T02:54:27.084+0000] {connection_wrapper.py:388} INFO - AWS Connection (conn_id='minio_default', conn_type='aws') credentials retrieved from login and ***.
[2026-07-17T02:54:27.314+0000] {minio_loader.py:188} INFO - ℹ️ Phân vùng landing/consumer_complaints/run_date=2026-07-16 đang trống.
[2026-07-17T02:54:27.315+0000] {wap_consumer_complaints_pipeline.py:79} INFO - ✅ Đã dọn dẹp MinIO cho phân vùng: 2026-07-16
[2026-07-17T02:54:27.317+0000] {base.py:84} INFO - Retrieving connection 'nessie_api_default'
[2026-07-17T02:54:27.365+0000] {nessie_client.py:46} INFO - 🌿 Đã tạo nhánh 'etl_20260716_000000' (Hash: a4f95dbe)
[2026-07-17T02:54:27.368+0000] {python.py:240} INFO - Done. Returned value was: {'run_date': '2026-07-16', 'start_date': '2026-07-09', 'end_date': '2026-07-16', 'run_id': 'scheduled__2026-07-16T00:00:00+00:00', 'branch_name': 'etl_20260716_000000'}
[2026-07-17T02:54:27.400+0000] {taskinstance.py:340} INFO - ::group::Post task execution logs
[2026-07-17T02:54:27.402+0000] {taskinstance.py:352} INFO - Marking task as SUCCESS. dag_id=wap_consumer_complaints_pipeline, task_id=init_wap_environment, run_id=scheduled__2026-07-16T00:00:00+00:00, execution_date=20260716T000000, start_date=20260717T025426, end_date=20260717T025427
[2026-07-17T02:54:27.429+0000] {local_task_job_runner.py:266} INFO - Task exited with return code 0
[2026-07-17T02:54:27.474+0000] {taskinstance.py:3900} INFO - 3 downstream tasks scheduled from follow-on schedule check
[2026-07-17T02:54:27.480+0000] {local_task_job_runner.py:245} INFO - ::endgroup::
[2026-07-17T03:05:23.173+0000] {local_task_job_runner.py:123} INFO - ::group::Pre task execution logs
[2026-07-17T03:05:23.193+0000] {taskinstance.py:2612} INFO - Dependencies all met for dep_context=non-requeueable deps ti=<TaskInstance: wap_consumer_complaints_pipeline.init_wap_environment scheduled__2026-07-16T00:00:00+00:00 [queued]>
[2026-07-17T03:05:23.201+0000] {taskinstance.py:2612} INFO - Dependencies all met for dep_context=requeueable deps ti=<TaskInstance: wap_consumer_complaints_pipeline.init_wap_environment scheduled__2026-07-16T00:00:00+00:00 [queued]>
[2026-07-17T03:05:23.202+0000] {taskinstance.py:2865} INFO - Starting attempt 1 of 2
[2026-07-17T03:05:23.213+0000] {taskinstance.py:2888} INFO - Executing <Task(_PythonDecoratedOperator): init_wap_environment> on 2026-07-16 00:00:00+00:00
[2026-07-17T03:05:23.220+0000] {standard_task_runner.py:72} INFO - Started process 618 to run task
[2026-07-17T03:05:23.223+0000] {standard_task_runner.py:104} INFO - Running: ['airflow', 'tasks', 'run', 'wap_consumer_complaints_pipeline', 'init_wap_environment', 'scheduled__2026-07-16T00:00:00+00:00', '--job-id', '5', '--raw', '--subdir', 'DAGS_FOLDER/wap_consumer_complaints_pipeline.py', '--cfg-path', '/tmp/tmpo5r52ees']
[2026-07-17T03:05:23.225+0000] {standard_task_runner.py:105} INFO - Job 5: Subtask init_wap_environment
[2026-07-17T03:05:23.298+0000] {task_command.py:467} INFO - Running <TaskInstance: wap_consumer_complaints_pipeline.init_wap_environment scheduled__2026-07-16T00:00:00+00:00 [running]> on host a3cdeedf1561
[2026-07-17T03:05:23.380+0000] {taskinstance.py:3131} INFO - Exporting env vars: AIRFLOW_CTX_DAG_OWNER='data_engineer' AIRFLOW_CTX_DAG_ID='wap_consumer_complaints_pipeline' AIRFLOW_CTX_TASK_ID='init_wap_environment' AIRFLOW_CTX_EXECUTION_DATE='2026-07-16T00:00:00+00:00' AIRFLOW_CTX_TRY_NUMBER='1' AIRFLOW_CTX_DAG_RUN_ID='scheduled__2026-07-16T00:00:00+00:00'
[2026-07-17T03:05:23.382+0000] {taskinstance.py:731} INFO - ::endgroup::
[2026-07-17T03:05:23.387+0000] {base.py:84} INFO - Retrieving connection 'minio_default'
[2026-07-17T03:05:23.389+0000] {connection_wrapper.py:388} INFO - AWS Connection (conn_id='minio_default', conn_type='aws') credentials retrieved from login and ***.
[2026-07-17T03:05:23.521+0000] {minio_loader.py:188} INFO - ℹ️ Phân vùng landing/consumer_complaints/run_date=2026-07-16 đang trống.
[2026-07-17T03:05:23.522+0000] {wap_consumer_complaints_pipeline.py:79} INFO - ✅ Đã dọn dẹp MinIO cho phân vùng: 2026-07-16
[2026-07-17T03:05:23.524+0000] {base.py:84} INFO - Retrieving connection 'nessie_api_default'
[2026-07-17T03:05:23.565+0000] {nessie_client.py:46} INFO - 🌿 Đã tạo nhánh 'etl_20260716_000000' (Hash: 40d5a2c9)
[2026-07-17T03:05:23.567+0000] {python.py:240} INFO - Done. Returned value was: {'run_date': '2026-07-16', 'start_date': '2026-07-09', 'end_date': '2026-07-16', 'run_id': 'scheduled__2026-07-16T00:00:00+00:00', 'branch_name': 'etl_20260716_000000'}
[2026-07-17T03:05:23.603+0000] {taskinstance.py:340} INFO - ::group::Post task execution logs
[2026-07-17T03:05:23.607+0000] {taskinstance.py:352} INFO - Marking task as SUCCESS. dag_id=wap_consumer_complaints_pipeline, task_id=init_wap_environment, run_id=scheduled__2026-07-16T00:00:00+00:00, execution_date=20260716T000000, start_date=20260717T030523, end_date=20260717T030523
[2026-07-17T03:05:23.638+0000] {local_task_job_runner.py:266} INFO - Task exited with return code 0
[2026-07-17T03:05:23.696+0000] {taskinstance.py:3900} INFO - 0 downstream tasks scheduled from follow-on schedule check
[2026-07-17T03:05:23.699+0000] {local_task_job_runner.py:245} INFO - ::endgroup::
[2026-07-17T03:47:42.135+0000] {local_task_job_runner.py:123} INFO - ::group::Pre task execution logs
[2026-07-17T03:47:42.157+0000] {taskinstance.py:2612} INFO - Dependencies all met for dep_context=non-requeueable deps ti=<TaskInstance: wap_consumer_complaints_pipeline.init_wap_environment scheduled__2026-07-16T00:00:00+00:00 [queued]>
[2026-07-17T03:47:42.170+0000] {taskinstance.py:2612} INFO - Dependencies all met for dep_context=requeueable deps ti=<TaskInstance: wap_consumer_complaints_pipeline.init_wap_environment scheduled__2026-07-16T00:00:00+00:00 [queued]>
[2026-07-17T03:47:42.172+0000] {taskinstance.py:2865} INFO - Starting attempt 1 of 2
[2026-07-17T03:47:42.186+0000] {taskinstance.py:2888} INFO - Executing <Task(_PythonDecoratedOperator): init_wap_environment> on 2026-07-16 00:00:00+00:00
[2026-07-17T03:47:42.193+0000] {standard_task_runner.py:72} INFO - Started process 853 to run task
[2026-07-17T03:47:42.197+0000] {standard_task_runner.py:104} INFO - Running: ['airflow', 'tasks', 'run', 'wap_consumer_complaints_pipeline', 'init_wap_environment', 'scheduled__2026-07-16T00:00:00+00:00', '--job-id', '5', '--raw', '--subdir', 'DAGS_FOLDER/wap_consumer_complaints_pipeline.py', '--cfg-path', '/tmp/tmpzapcnm1x']
[2026-07-17T03:47:42.199+0000] {standard_task_runner.py:105} INFO - Job 5: Subtask init_wap_environment
[2026-07-17T03:47:42.285+0000] {task_command.py:467} INFO - Running <TaskInstance: wap_consumer_complaints_pipeline.init_wap_environment scheduled__2026-07-16T00:00:00+00:00 [running]> on host 179ba2ea9fa0
[2026-07-17T03:47:42.371+0000] {taskinstance.py:3131} INFO - Exporting env vars: AIRFLOW_CTX_DAG_OWNER='data_engineer' AIRFLOW_CTX_DAG_ID='wap_consumer_complaints_pipeline' AIRFLOW_CTX_TASK_ID='init_wap_environment' AIRFLOW_CTX_EXECUTION_DATE='2026-07-16T00:00:00+00:00' AIRFLOW_CTX_TRY_NUMBER='1' AIRFLOW_CTX_DAG_RUN_ID='scheduled__2026-07-16T00:00:00+00:00'
[2026-07-17T03:47:42.374+0000] {taskinstance.py:731} INFO - ::endgroup::
[2026-07-17T03:47:42.381+0000] {base.py:84} INFO - Retrieving connection 'minio_default'
[2026-07-17T03:47:42.383+0000] {connection_wrapper.py:388} INFO - AWS Connection (conn_id='minio_default', conn_type='aws') credentials retrieved from login and ***.
[2026-07-17T03:47:42.644+0000] {minio_loader.py:188} INFO - ℹ️ Phân vùng landing/consumer_complaints/run_date=2026-07-16 đang trống.
[2026-07-17T03:47:42.646+0000] {wap_consumer_complaints_pipeline.py:79} INFO - ✅ Đã dọn dẹp MinIO cho phân vùng: 2026-07-16
[2026-07-17T03:47:42.647+0000] {base.py:84} INFO - Retrieving connection 'nessie_api_default'
[2026-07-17T03:47:42.694+0000] {nessie_client.py:46} INFO - 🌿 Đã tạo nhánh 'etl_20260716_000000' (Hash: 96ab637f)
[2026-07-17T03:47:42.696+0000] {python.py:240} INFO - Done. Returned value was: {'run_date': '2026-07-16', 'start_date': '2026-07-09', 'end_date': '2026-07-16', 'run_id': 'scheduled__2026-07-16T00:00:00+00:00', 'branch_name': 'etl_20260716_000000'}
[2026-07-17T03:47:42.735+0000] {taskinstance.py:340} INFO - ::group::Post task execution logs
[2026-07-17T03:47:42.737+0000] {taskinstance.py:352} INFO - Marking task as SUCCESS. dag_id=wap_consumer_complaints_pipeline, task_id=init_wap_environment, run_id=scheduled__2026-07-16T00:00:00+00:00, execution_date=20260716T000000, start_date=20260717T034742, end_date=20260717T034742
[2026-07-17T03:47:42.773+0000] {local_task_job_runner.py:266} INFO - Task exited with return code 0
[2026-07-17T03:47:42.821+0000] {taskinstance.py:3900} INFO - 3 downstream tasks scheduled from follow-on schedule check
[2026-07-17T03:47:42.825+0000] {local_task_job_runner.py:245} INFO - ::endgroup::
[2026-07-17T03:56:45.993+0000] {local_task_job_runner.py:123} INFO - ::group::Pre task execution logs
[2026-07-17T03:56:46.013+0000] {taskinstance.py:2612} INFO - Dependencies all met for dep_context=non-requeueable deps ti=<TaskInstance: wap_consumer_complaints_pipeline.init_wap_environment scheduled__2026-07-16T00:00:00+00:00 [queued]>
[2026-07-17T03:56:46.023+0000] {taskinstance.py:2612} INFO - Dependencies all met for dep_context=requeueable deps ti=<TaskInstance: wap_consumer_complaints_pipeline.init_wap_environment scheduled__2026-07-16T00:00:00+00:00 [queued]>
[2026-07-17T03:56:46.024+0000] {taskinstance.py:2865} INFO - Starting attempt 1 of 2
[2026-07-17T03:56:46.035+0000] {taskinstance.py:2888} INFO - Executing <Task(_PythonDecoratedOperator): init_wap_environment> on 2026-07-16 00:00:00+00:00
[2026-07-17T03:56:46.043+0000] {standard_task_runner.py:72} INFO - Started process 637 to run task
[2026-07-17T03:56:46.046+0000] {standard_task_runner.py:104} INFO - Running: ['airflow', 'tasks', 'run', 'wap_consumer_complaints_pipeline', 'init_wap_environment', 'scheduled__2026-07-16T00:00:00+00:00', '--job-id', '5', '--raw', '--subdir', 'DAGS_FOLDER/wap_consumer_complaints_pipeline.py', '--cfg-path', '/tmp/tmpb4v6j5jl']
[2026-07-17T03:56:46.048+0000] {standard_task_runner.py:105} INFO - Job 5: Subtask init_wap_environment
[2026-07-17T03:56:46.132+0000] {task_command.py:467} INFO - Running <TaskInstance: wap_consumer_complaints_pipeline.init_wap_environment scheduled__2026-07-16T00:00:00+00:00 [running]> on host 5264aaac7eea
[2026-07-17T03:56:46.213+0000] {taskinstance.py:3131} INFO - Exporting env vars: AIRFLOW_CTX_DAG_OWNER='data_engineer' AIRFLOW_CTX_DAG_ID='wap_consumer_complaints_pipeline' AIRFLOW_CTX_TASK_ID='init_wap_environment' AIRFLOW_CTX_EXECUTION_DATE='2026-07-16T00:00:00+00:00' AIRFLOW_CTX_TRY_NUMBER='1' AIRFLOW_CTX_DAG_RUN_ID='scheduled__2026-07-16T00:00:00+00:00'
[2026-07-17T03:56:46.216+0000] {taskinstance.py:731} INFO - ::endgroup::
[2026-07-17T03:56:46.221+0000] {base.py:84} INFO - Retrieving connection 'minio_default'
[2026-07-17T03:56:46.224+0000] {connection_wrapper.py:388} INFO - AWS Connection (conn_id='minio_default', conn_type='aws') credentials retrieved from login and ***.
[2026-07-17T03:56:46.342+0000] {minio_loader.py:188} INFO - ℹ️ Phân vùng landing/consumer_complaints/run_date=2026-07-16 đang trống.
[2026-07-17T03:56:46.343+0000] {wap_consumer_complaints_pipeline.py:79} INFO - ✅ Đã dọn dẹp MinIO cho phân vùng: 2026-07-16
[2026-07-17T03:56:46.345+0000] {base.py:84} INFO - Retrieving connection 'nessie_api_default'
[2026-07-17T03:56:46.391+0000] {nessie_client.py:46} INFO - 🌿 Đã tạo nhánh 'etl_20260716_000000' (Hash: 468c6258)
[2026-07-17T03:56:46.393+0000] {python.py:240} INFO - Done. Returned value was: {'run_date': '2026-07-16', 'start_date': '2026-07-09', 'end_date': '2026-07-16', 'run_id': 'scheduled__2026-07-16T00:00:00+00:00', 'branch_name': 'etl_20260716_000000'}
[2026-07-17T03:56:46.429+0000] {taskinstance.py:340} INFO - ::group::Post task execution logs
[2026-07-17T03:56:46.431+0000] {taskinstance.py:352} INFO - Marking task as SUCCESS. dag_id=wap_consumer_complaints_pipeline, task_id=init_wap_environment, run_id=scheduled__2026-07-16T00:00:00+00:00, execution_date=20260716T000000, start_date=20260717T035646, end_date=20260717T035646
[2026-07-17T03:56:46.463+0000] {local_task_job_runner.py:266} INFO - Task exited with return code 0
[2026-07-17T03:56:46.508+0000] {taskinstance.py:3900} INFO - 3 downstream tasks scheduled from follow-on schedule check
[2026-07-17T03:56:46.512+0000] {local_task_job_runner.py:245} INFO - ::endgroup::
