[2026-08-05T08:10:06.076+0000] {local_task_job_runner.py:123} INFO - ::group::Pre task execution logs
[2026-08-05T08:10:06.098+0000] {taskinstance.py:2612} INFO - Dependencies all met for dep_context=non-requeueable deps ti=<TaskInstance: logistics_orders_full_load.extract_and_upload_full manual__2026-08-05T08:10:02.075131+00:00 [queued]>
[2026-08-05T08:10:06.107+0000] {taskinstance.py:2612} INFO - Dependencies all met for dep_context=requeueable deps ti=<TaskInstance: logistics_orders_full_load.extract_and_upload_full manual__2026-08-05T08:10:02.075131+00:00 [queued]>
[2026-08-05T08:10:06.108+0000] {taskinstance.py:2865} INFO - Starting attempt 1 of 1
[2026-08-05T08:10:06.121+0000] {taskinstance.py:2888} INFO - Executing <Task(_PythonDecoratedOperator): extract_and_upload_full> on 2026-08-05 08:10:02.075131+00:00
[2026-08-05T08:10:06.127+0000] {standard_task_runner.py:72} INFO - Started process 591 to run task
[2026-08-05T08:10:06.130+0000] {standard_task_runner.py:104} INFO - Running: ['airflow', 'tasks', 'run', 'logistics_orders_full_load', 'extract_and_upload_full', 'manual__2026-08-05T08:10:02.075131+00:00', '--job-id', '6', '--raw', '--subdir', 'DAGS_FOLDER/logistics_full_load.py', '--cfg-path', '/tmp/tmphjobqrj_']
[2026-08-05T08:10:06.133+0000] {standard_task_runner.py:105} INFO - Job 6: Subtask extract_and_upload_full
[2026-08-05T08:10:06.203+0000] {task_command.py:467} INFO - Running <TaskInstance: logistics_orders_full_load.extract_and_upload_full manual__2026-08-05T08:10:02.075131+00:00 [running]> on host 0bb1d40618d6
[2026-08-05T08:10:06.296+0000] {taskinstance.py:3131} INFO - Exporting env vars: AIRFLOW_CTX_DAG_OWNER='airflow' AIRFLOW_CTX_DAG_ID='logistics_orders_full_load' AIRFLOW_CTX_TASK_ID='extract_and_upload_full' AIRFLOW_CTX_EXECUTION_DATE='2026-08-05T08:10:02.075131+00:00' AIRFLOW_CTX_TRY_NUMBER='1' AIRFLOW_CTX_DAG_RUN_ID='manual__2026-08-05T08:10:02.075131+00:00'
[2026-08-05T08:10:06.298+0000] {taskinstance.py:731} INFO - ::endgroup::
[2026-08-05T08:10:06.307+0000] {orders_api_client.py:65} INFO - 🚀 Khởi tạo luồng kéo TOÀN BỘ dữ liệu Batch (Keyset Stream)
[2026-08-05T08:10:09.848+0000] {orders_api_client.py:81} INFO -   ➜ Đã kéo được 10,000 records...
[2026-08-05T08:10:09.849+0000] {orders_api_client.py:99} ERROR - 🚨 CRITICAL: Backend thiếu next_cursor và record không có _db_id!
[2026-08-05T08:10:09.850+0000] {orders_api_client.py:102} INFO - ✅ HOÀN TẤT: Đã lấy tổng cộng 10,000 bản ghi từ Batch API.
[2026-08-05T08:10:09.852+0000] {minio_loader.py:139} INFO - 📤 Đang upload full_2026-08-05_all_orders.json lên s3://lakehouse/landing/logistics_orders/run_date=2026-08-05/full_2026-08-05_all_orders.json
[2026-08-05T08:10:09.854+0000] {crypto.py:82} WARNING - empty cryptography key - values will not be stored encrypted.
[2026-08-05T08:10:09.855+0000] {base.py:84} INFO - Retrieving connection 'minio_default'
[2026-08-05T08:10:09.856+0000] {connection_wrapper.py:388} INFO - AWS Connection (conn_id='minio_default', conn_type='aws') credentials retrieved from login and ***.
[2026-08-05T08:10:10.388+0000] {orders_api_client.py:165} INFO - Orders API client session closed
[2026-08-05T08:10:10.410+0000] {python.py:240} INFO - Done. Returned value was: 10000
[2026-08-05T08:10:10.441+0000] {taskinstance.py:340} INFO - ::group::Post task execution logs
[2026-08-05T08:10:10.443+0000] {taskinstance.py:352} INFO - Marking task as SUCCESS. dag_id=logistics_orders_full_load, task_id=extract_and_upload_full, run_id=manual__2026-08-05T08:10:02.075131+00:00, execution_date=20260805T081002, start_date=20260805T081006, end_date=20260805T081010
[2026-08-05T08:10:10.479+0000] {local_task_job_runner.py:266} INFO - Task exited with return code 0
[2026-08-05T08:10:10.507+0000] {taskinstance.py:3900} INFO - 1 downstream tasks scheduled from follow-on schedule check
[2026-08-05T08:10:10.509+0000] {local_task_job_runner.py:245} INFO - ::endgroup::
