[2026-07-22T03:52:48.123+0000] {local_task_job_runner.py:123} INFO - ::group::Pre task execution logs
[2026-07-22T03:52:48.162+0000] {taskinstance.py:2612} INFO - Dependencies all met for dep_context=non-requeueable deps ti=<TaskInstance: dbt_silver_gold_incremental.transform_gold.dim_issues.run manual__2026-07-22T03:51:17.112246+00:00 [queued]>
[2026-07-22T03:52:48.180+0000] {taskinstance.py:2612} INFO - Dependencies all met for dep_context=requeueable deps ti=<TaskInstance: dbt_silver_gold_incremental.transform_gold.dim_issues.run manual__2026-07-22T03:51:17.112246+00:00 [queued]>
[2026-07-22T03:52:48.182+0000] {taskinstance.py:2865} INFO - Starting attempt 1 of 2
[2026-07-22T03:52:48.204+0000] {taskinstance.py:2888} INFO - Executing <Task(DbtRunLocalOperator): transform_gold.dim_issues.run> on 2026-07-22 03:51:17.112246+00:00
[2026-07-22T03:52:48.214+0000] {standard_task_runner.py:72} INFO - Started process 1461 to run task
[2026-07-22T03:52:48.236+0000] {standard_task_runner.py:104} INFO - Running: ['airflow', 'tasks', 'run', 'dbt_silver_gold_incremental', 'transform_gold.dim_issues.run', 'manual__2026-07-22T03:51:17.112246+00:00', '--job-id', '21', '--raw', '--subdir', 'DAGS_FOLDER/dbt_silver_gold.py', '--cfg-path', '/tmp/tmp_ugede44']
[2026-07-22T03:52:48.244+0000] {standard_task_runner.py:105} INFO - Job 21: Subtask transform_gold.dim_issues.run
[2026-07-22T03:52:48.566+0000] {task_command.py:467} INFO - Running <TaskInstance: dbt_silver_gold_incremental.transform_gold.dim_issues.run manual__2026-07-22T03:51:17.112246+00:00 [running]> on host 793e7e004e3d
[2026-07-22T03:52:48.847+0000] {taskinstance.py:3131} INFO - Exporting env vars: AIRFLOW_CTX_DAG_OWNER='data_engineer' AIRFLOW_CTX_DAG_ID='dbt_silver_gold_incremental' AIRFLOW_CTX_TASK_ID='transform_gold.dim_issues.run' AIRFLOW_CTX_EXECUTION_DATE='2026-07-22T03:51:17.112246+00:00' AIRFLOW_CTX_TRY_NUMBER='1' AIRFLOW_CTX_DAG_RUN_ID='manual__2026-07-22T03:51:17.112246+00:00'
[2026-07-22T03:52:48.856+0000] {taskinstance.py:731} INFO - ::endgroup::
[2026-07-22T03:52:52.123+0000] {local.py:294} INFO - dbtRunner is available. Using dbtRunner for invoking dbt.
[2026-07-22T03:52:52.127+0000] {local.py:518} INFO - Cloning project to writable temp directory /tmp/tmp_gjehgiv from /opt/airflow/dbt_transform
[2026-07-22T03:52:52.147+0000] {local.py:538} INFO - Partial parse is enabled and the latest partial parse file is /tmp/cosmos/dbt_silver_gold_incremental__transform_gold/target/partial_parse.msgpack
[2026-07-22T03:52:52.184+0000] {config.py:395} INFO - Using user-supplied profiles.yml at /opt/airflow/dbt_transform/profiles.yml
[2026-07-22T03:52:52.201+0000] {runner.py:95} INFO - Trying to run dbtRunner with:
 ['deps', '--project-dir', '/tmp/tmp_gjehgiv', '--profiles-dir', '/opt/airflow/dbt_transform', '--profile', 'lakehouse_dbt', '--target', 'dev', '--no-static-parser']
 in /tmp/tmp_gjehgiv
[2026-07-22T03:52:52.322+0000] {logging_mixin.py:190} INFO - 03:52:52  Running with dbt=1.8.8
[2026-07-22T03:52:52.511+0000] {converter.py:314} INFO - ::group::Cosmos DAG parsing logs
[2026-07-22T03:52:52.517+0000] {graph.py:869} INFO - Trying to parse the dbt project using dbt ls cache cosmos_cache__dbt_silver_gold_incremental__transform_silver...
[2026-07-22T03:52:55.827+0000] {cache.py:383} INFO - Cosmos performance: time to calculate cache identifier cosmos_cache__dbt_silver_gold_incremental__transform_silver for current version: 3.282515859000341
[2026-07-22T03:52:55.829+0000] {graph.py:886} INFO - Cosmos performance [793e7e004e3d|1461]: The cache size for cosmos_cache__dbt_silver_gold_incremental__transform_silver is 5999
[2026-07-22T03:52:55.831+0000] {graph.py:898} INFO - Cosmos performance: Cache hit for cosmos_cache__dbt_silver_gold_incremental__transform_silver - 9aa4df77d039abac7b46dfbd4481bf58,5e34606eb5f2b3dea81a8e19fa3ba138
[2026-07-22T03:52:55.833+0000] {graph.py:799} INFO - Total nodes: 7
[2026-07-22T03:52:55.834+0000] {graph.py:800} INFO - Total filtered nodes: 7
[2026-07-22T03:52:55.836+0000] {converter.py:361} INFO - Cosmos performance (dbt_silver_gold_incremental__transform_silver) - [793e7e004e3d|1461]: It took 3.32s to parse the dbt project for DAG using dbt_ls_cache
[2026-07-22T03:52:55.847+0000] {converter.py:413} INFO - Cosmos performance (dbt_silver_gold_incremental__transform_silver) - [793e7e004e3d|1461]: It took 0.0115s to build the Airflow DAG.
[2026-07-22T03:52:55.850+0000] {converter.py:420} INFO - ::endgroup::Cosmos DAG parsing logs
[2026-07-22T03:52:55.851+0000] {converter.py:314} INFO - ::group::Cosmos DAG parsing logs
[2026-07-22T03:52:55.857+0000] {graph.py:869} INFO - Trying to parse the dbt project using dbt ls cache cosmos_cache__dbt_silver_gold_incremental__transform_gold...
[2026-07-22T03:52:57.912+0000] {cache.py:383} INFO - Cosmos performance: time to calculate cache identifier cosmos_cache__dbt_silver_gold_incremental__transform_gold for current version: 2.0376491960005296
[2026-07-22T03:52:57.914+0000] {graph.py:886} INFO - Cosmos performance [793e7e004e3d|1461]: The cache size for cosmos_cache__dbt_silver_gold_incremental__transform_gold is 35868
[2026-07-22T03:52:57.919+0000] {graph.py:898} INFO - Cosmos performance: Cache hit for cosmos_cache__dbt_silver_gold_incremental__transform_gold - 9aa4df77d039abac7b46dfbd4481bf58,304321e940a9403dceb380589bd0566f
[2026-07-22T03:52:57.922+0000] {graph.py:799} INFO - Total nodes: 39
[2026-07-22T03:52:57.924+0000] {graph.py:800} INFO - Total filtered nodes: 39
[2026-07-22T03:52:57.929+0000] {converter.py:361} INFO - Cosmos performance (dbt_silver_gold_incremental__transform_gold) - [793e7e004e3d|1461]: It took 2.07s to parse the dbt project for DAG using dbt_ls_cache
[2026-07-22T03:52:57.997+0000] {converter.py:413} INFO - Cosmos performance (dbt_silver_gold_incremental__transform_gold) - [793e7e004e3d|1461]: It took 0.0683s to build the Airflow DAG.
[2026-07-22T03:52:57.999+0000] {converter.py:420} INFO - ::endgroup::Cosmos DAG parsing logs
[2026-07-22T03:52:58.004+0000] {converter.py:314} INFO - ::group::Cosmos DAG parsing logs
[2026-07-22T03:52:58.011+0000] {graph.py:869} INFO - Trying to parse the dbt project using dbt ls cache cosmos_cache__dbt_silver_gold_full_load__transform_silver...
[2026-07-22T03:53:00.292+0000] {cache.py:383} INFO - Cosmos performance: time to calculate cache identifier cosmos_cache__dbt_silver_gold_full_load__transform_silver for current version: 2.256870632000755
[2026-07-22T03:53:00.294+0000] {graph.py:886} INFO - Cosmos performance [793e7e004e3d|1461]: The cache size for cosmos_cache__dbt_silver_gold_full_load__transform_silver is 5999
[2026-07-22T03:53:00.296+0000] {graph.py:898} INFO - Cosmos performance: Cache hit for cosmos_cache__dbt_silver_gold_full_load__transform_silver - 9aa4df77d039abac7b46dfbd4481bf58,5e34606eb5f2b3dea81a8e19fa3ba138
[2026-07-22T03:53:00.297+0000] {graph.py:799} INFO - Total nodes: 7
[2026-07-22T03:53:00.299+0000] {graph.py:800} INFO - Total filtered nodes: 7
[2026-07-22T03:53:00.300+0000] {converter.py:361} INFO - Cosmos performance (dbt_silver_gold_full_load__transform_silver) - [793e7e004e3d|1461]: It took 2.29s to parse the dbt project for DAG using dbt_ls_cache
[2026-07-22T03:53:00.312+0000] {converter.py:413} INFO - Cosmos performance (dbt_silver_gold_full_load__transform_silver) - [793e7e004e3d|1461]: It took 0.0122s to build the Airflow DAG.
[2026-07-22T03:53:00.313+0000] {converter.py:420} INFO - ::endgroup::Cosmos DAG parsing logs
[2026-07-22T03:53:00.314+0000] {converter.py:314} INFO - ::group::Cosmos DAG parsing logs
[2026-07-22T03:53:00.319+0000] {graph.py:869} INFO - Trying to parse the dbt project using dbt ls cache cosmos_cache__dbt_silver_gold_full_load__transform_gold...
[2026-07-22T03:53:04.931+0000] {cache.py:383} INFO - Cosmos performance: time to calculate cache identifier cosmos_cache__dbt_silver_gold_full_load__transform_gold for current version: 4.5955976610002836
[2026-07-22T03:53:04.932+0000] {graph.py:886} INFO - Cosmos performance [793e7e004e3d|1461]: The cache size for cosmos_cache__dbt_silver_gold_full_load__transform_gold is 35868
[2026-07-22T03:53:04.936+0000] {graph.py:898} INFO - Cosmos performance: Cache hit for cosmos_cache__dbt_silver_gold_full_load__transform_gold - 9aa4df77d039abac7b46dfbd4481bf58,304321e940a9403dceb380589bd0566f
[2026-07-22T03:53:04.938+0000] {graph.py:799} INFO - Total nodes: 39
[2026-07-22T03:53:04.939+0000] {graph.py:800} INFO - Total filtered nodes: 39
[2026-07-22T03:53:04.941+0000] {converter.py:361} INFO - Cosmos performance (dbt_silver_gold_full_load__transform_gold) - [793e7e004e3d|1461]: It took 4.62s to parse the dbt project for DAG using dbt_ls_cache
[2026-07-22T03:53:05.006+0000] {converter.py:413} INFO - Cosmos performance (dbt_silver_gold_full_load__transform_gold) - [793e7e004e3d|1461]: It took 0.065s to build the Airflow DAG.
[2026-07-22T03:53:05.007+0000] {converter.py:420} INFO - ::endgroup::Cosmos DAG parsing logs
[2026-07-22T03:53:05.454+0000] {logging_mixin.py:190} INFO - 03:53:05  Installing dbt-labs/dbt_utils
[2026-07-22T03:53:06.033+0000] {logging_mixin.py:190} INFO - 03:53:06  Installed from version 1.3.0
[2026-07-22T03:53:06.035+0000] {logging_mixin.py:190} INFO - 03:53:06  Updated version available: 1.4.1
[2026-07-22T03:53:06.039+0000] {logging_mixin.py:190} INFO - 03:53:06  Installing metaplane/dbt_expectations
[2026-07-22T03:53:07.316+0000] {logging_mixin.py:190} INFO - 03:53:07  Installed from version 0.10.8
[2026-07-22T03:53:07.320+0000] {logging_mixin.py:190} INFO - 03:53:07  Updated version available: 0.10.10
[2026-07-22T03:53:07.327+0000] {logging_mixin.py:190} INFO - 03:53:07  Installing godatadriven/dbt_date
[2026-07-22T03:53:08.102+0000] {logging_mixin.py:190} INFO - 03:53:08  Installed from version 0.15.0
[2026-07-22T03:53:08.114+0000] {logging_mixin.py:190} INFO - 03:53:08  Up to date!
[2026-07-22T03:53:08.122+0000] {logging_mixin.py:190} INFO - 03:53:08
[2026-07-22T03:53:08.172+0000] {logging_mixin.py:190} INFO - 03:53:08  Updates available for packages: ['dbt-labs/dbt_utils', 'metaplane/dbt_expectations']                 
Update your versions in packages.yml, then run dbt deps
[2026-07-22T03:53:09.786+0000] {runner.py:95} INFO - Trying to run dbtRunner with:
 ['run', '--select', 'fqn:consumer_complaints_transformation.marts.dim_issues', '--project-dir', '/tmp/tmp_gjehgiv', '--profiles-dir', '/opt/airflow/dbt_transform', '--profile', 'lakehouse_dbt', '--target', 'dev', '--no-static-parser']
 in /tmp/tmp_gjehgiv
[2026-07-22T03:53:09.889+0000] {logging_mixin.py:190} INFO - 03:53:09  Running with dbt=1.8.8
[2026-07-22T03:53:10.025+0000] {auth.py:343} INFO - keyring module not found. OAuth2 token will not be stored in keyring.
[2026-07-22T03:53:10.036+0000] {auth.py:343} INFO - keyring module not found. OAuth2 token will not be stored in keyring.
[2026-07-22T03:53:10.503+0000] {logging_mixin.py:190} INFO - 03:53:10  Registered adapter: trino=1.8.5
[2026-07-22T03:53:12.039+0000] {logging_mixin.py:190} INFO - 03:53:12  Unable to do partial parsing because config vars, config profile, or config target have changed
[2026-07-22T03:53:15.785+0000] {logging_mixin.py:190} INFO - 03:53:15  [WARNING]: Deprecated functionality
The `tests` config has been renamed to `data_tests`. Please see
https://docs.getdbt.com/docs/build/data-tests#new-data_tests-syntax for more
information.
[2026-07-22T03:53:17.718+0000] {logging_mixin.py:190} INFO - 03:53:17  Found 8 models, 40 data tests, 1 source, 9 metrics, 839 macros, 5 semantic models
[2026-07-22T03:53:17.722+0000] {logging_mixin.py:190} INFO - 03:53:17
[2026-07-22T03:53:17.755+0000] {logging_mixin.py:190} INFO - 03:53:17  [WARNING]: SSL certificate validation is disabled by default. It is legacy behavior which will be changed in future releases. It is strongly advised to enable `require_certificate_validation` flag or explicitly set `cert` configuration to `True` for security reasons. You may receive an error after that if your SSL setup is incorrect.
You may opt into the new behavior sooner by setting `flags.require_certificate_validation` to `True` in `dbt_project.yml`.
Visit https://docs.getdbt.com/reference/global-configs/behavior-changes for more information.
[2026-07-22T03:53:18.515+0000] {logging_mixin.py:190} INFO - 03:53:18  Concurrency: 1 threads (target='dev')
[2026-07-22T03:53:18.518+0000] {logging_mixin.py:190} INFO - 03:53:18
[2026-07-22T03:53:18.524+0000] {logging_mixin.py:190} INFO - 03:53:18  1 of 1 START sql incremental model gold.dim_issues ............................. [RUN]
[2026-07-22T03:53:19.621+0000] {logging_mixin.py:190} INFO - 03:53:19  1 of 1 OK created sql incremental model gold.dim_issues ........................ [CREATE TABLE (23 rows) in 1.09s]
[2026-07-22T03:53:19.630+0000] {logging_mixin.py:190} INFO - 03:53:19
[2026-07-22T03:53:19.633+0000] {logging_mixin.py:190} INFO - 03:53:19  Finished running 1 incremental model in 0 hours 0 minutes and 1.91 seconds (1.91s).
[2026-07-22T03:53:19.718+0000] {logging_mixin.py:190} INFO - 03:53:19
[2026-07-22T03:53:19.720+0000] {logging_mixin.py:190} INFO - 03:53:19  Completed successfully
[2026-07-22T03:53:19.722+0000] {logging_mixin.py:190} INFO - 03:53:19
[2026-07-22T03:53:19.725+0000] {logging_mixin.py:190} INFO - 03:53:19  Done. PASS=1 WARN=0 ERROR=0 SKIP=0 TOTAL=1
[2026-07-22T03:53:20.903+0000] {local.py:196} WARNING - Artifact schema version: https://schemas.getdbt.com/dbt/manifest/v12.json is above dbt-ol supported version 7. This might cause errors.
[2026-07-22T03:53:20.911+0000] {local.py:594} INFO - Inlets: []
[2026-07-22T03:53:20.913+0000] {local.py:595} INFO - Outlets: []
[2026-07-22T03:53:20.915+0000] {local.py:886} INFO - Assigning inlets/outlets with DatasetAlias in Airflow 2
[2026-07-22T03:53:20.987+0000] {taskinstance.py:340} INFO - ::group::Post task execution logs
[2026-07-22T03:53:20.989+0000] {taskinstance.py:352} INFO - Marking task as SUCCESS. dag_id=dbt_silver_gold_incremental, task_id=transform_gold.dim_issues.run, run_id=manual__2026-07-22T03:51:17.112246+00:00, execution_date=20260722T035117, start_date=20260722T035248, end_date=20260722T035320
[2026-07-22T03:53:21.693+0000] {_client.py:1026} INFO - HTTP Request: GET https://astronomer.gateway.scarf.sh/astronomer-cosmos/v3/task_instance?cosmos_version=1.15.0&airflow_version=2.10.2&python_version=3.10.15&platform_system=Linux&platform_machine=x86_64&status=success&operator_name=DbtRunLocalOperator&is_cosmos_operator_subclass=False&invocation_mode=dbt_runner&execution_mode=local&profile_strategy=yaml_file&profile_mapping_class=None&database=trino&is_mapped_task=False&dbt_command=run&install_deps=True&has_callback=False&duration=32.824998 "HTTP/1.1 200 OK"
[2026-07-22T03:53:21.728+0000] {local_task_job_runner.py:266} INFO - Task exited with return code 0
[2026-07-22T03:53:21.771+0000] {taskinstance.py:3900} INFO - 0 downstream tasks scheduled from follow-on schedule check
[2026-07-22T03:53:21.776+0000] {local_task_job_runner.py:245} INFO - ::endgroup::
