[2026-07-25T12:02:22.662+0000] {local_task_job_runner.py:123} INFO - ::group::Pre task execution logs
[2026-07-25T12:02:22.683+0000] {taskinstance.py:2612} INFO - Dependencies all met for dep_context=non-requeueable deps ti=<TaskInstance: dbt_metadata_to_qdrant_api_sync.trigger_qdrant_indexer_api manual__2026-07-25T12:02:20.644407+00:00 [queued]>
[2026-07-25T12:02:22.694+0000] {taskinstance.py:2612} INFO - Dependencies all met for dep_context=requeueable deps ti=<TaskInstance: dbt_metadata_to_qdrant_api_sync.trigger_qdrant_indexer_api manual__2026-07-25T12:02:20.644407+00:00 [queued]>
[2026-07-25T12:02:22.695+0000] {taskinstance.py:2865} INFO - Starting attempt 1 of 4
[2026-07-25T12:02:22.709+0000] {taskinstance.py:2888} INFO - Executing <Task(SimpleHttpOperator): trigger_qdrant_indexer_api> on 2026-07-25 12:02:20.644407+00:00
[2026-07-25T12:02:22.714+0000] {standard_task_runner.py:72} INFO - Started process 350 to run task
[2026-07-25T12:02:22.719+0000] {standard_task_runner.py:104} INFO - Running: ['airflow', 'tasks', 'run', 'dbt_metadata_to_qdrant_api_sync', 'trigger_qdrant_indexer_api', 'manual__2026-07-25T12:02:20.644407+00:00', '--job-id', '3', '--raw', '--subdir', 'DAGS_FOLDER/dbt_to_qdrant_dag.py', '--cfg-path', '/tmp/tmpxox4g7ys']
[2026-07-25T12:02:22.721+0000] {standard_task_runner.py:105} INFO - Job 3: Subtask trigger_qdrant_indexer_api
[2026-07-25T12:02:22.832+0000] {task_command.py:467} INFO - Running <TaskInstance: dbt_metadata_to_qdrant_api_sync.trigger_qdrant_indexer_api manual__2026-07-25T12:02:20.644407+00:00 [running]> on host 3718ca0ca8d4
[2026-07-25T12:02:22.927+0000] {taskinstance.py:3131} INFO - Exporting env vars: AIRFLOW_CTX_DAG_OWNER='data_engineer' AIRFLOW_CTX_DAG_ID='dbt_metadata_to_qdrant_api_sync' AIRFLOW_CTX_TASK_ID='trigger_qdrant_indexer_api' AIRFLOW_CTX_EXECUTION_DATE='2026-07-25T12:02:20.644407+00:00' AIRFLOW_CTX_TRY_NUMBER='1' AIRFLOW_CTX_DAG_RUN_ID='manual__2026-07-25T12:02:20.644407+00:00'
[2026-07-25T12:02:22.929+0000] {taskinstance.py:731} INFO - ::endgroup::
[2026-07-25T12:02:22.945+0000] {http.py:173} INFO - Calling HTTP method
[2026-07-25T12:02:22.948+0000] {base.py:84} INFO - Retrieving connection 'ai_agent_api'
[2026-07-25T12:02:22.951+0000] {base.py:84} INFO - Retrieving connection 'ai_agent_api'
[2026-07-25T12:02:25.023+0000] {http.py:222} INFO - {"status":"success","message":"Đã đồng bộ dbt metadata lên Qdrant thành công!","details":{"source":"airflow","schemas_to_sync":["marts","gold"]}}
[2026-07-25T12:02:25.057+0000] {taskinstance.py:340} INFO - ::group::Post task execution logs
[2026-07-25T12:02:25.059+0000] {taskinstance.py:352} INFO - Marking task as SUCCESS. dag_id=dbt_metadata_to_qdrant_api_sync, task_id=trigger_qdrant_indexer_api, run_id=manual__2026-07-25T12:02:20.644407+00:00, execution_date=20260725T120220, start_date=20260725T120222, end_date=20260725T120225
[2026-07-25T12:02:25.102+0000] {local_task_job_runner.py:266} INFO - Task exited with return code 0
[2026-07-25T12:02:25.119+0000] {logging_mixin.py:190} WARNING - /home/airflow/.local/lib/python3.10/site-packages/airflow/models/baseoperator.py:1378 AirflowProviderDeprecationWarning: Call to deprecated class SimpleHttpOperator. (Class `SimpleHttpOperator` is deprecated and will be removed in a future release. Please use `HttpOperator` instead.)
[2026-07-25T12:02:25.127+0000] {taskinstance.py:3900} INFO - 0 downstream tasks scheduled from follow-on schedule check
[2026-07-25T12:02:25.131+0000] {local_task_job_runner.py:245} INFO - ::endgroup::
