[2026-07-18T01:28:34.955+0000] {local_task_job_runner.py:123} INFO - ::group::Pre task execution logs
[2026-07-18T01:28:34.977+0000] {taskinstance.py:2612} INFO - Dependencies all met for dep_context=non-requeueable deps ti=<TaskInstance: consumer_complaints_ingestion_wap.extract_and_upload_company scheduled__2026-07-17T00:00:00+00:00 map_index=1 [queued]>
[2026-07-18T01:28:34.988+0000] {taskinstance.py:2612} INFO - Dependencies all met for dep_context=requeueable deps ti=<TaskInstance: consumer_complaints_ingestion_wap.extract_and_upload_company scheduled__2026-07-17T00:00:00+00:00 map_index=1 [queued]>
[2026-07-18T01:28:34.991+0000] {taskinstance.py:2865} INFO - Starting attempt 1 of 1
[2026-07-18T01:28:35.003+0000] {taskinstance.py:2888} INFO - Executing <Mapped(_PythonDecoratedOperator): extract_and_upload_company> on 2026-07-17 00:00:00+00:00
[2026-07-18T01:28:35.008+0000] {standard_task_runner.py:72} INFO - Started process 998 to run task
[2026-07-18T01:28:35.013+0000] {standard_task_runner.py:104} INFO - Running: ['airflow', 'tasks', 'run', 'consumer_complaints_ingestion_wap', 'extract_and_upload_company', 'scheduled__2026-07-17T00:00:00+00:00', '--job-id', '6', '--raw', '--subdir', 'DAGS_FOLDER/wap_consumer_complaints_pipeline.py', '--cfg-path', '/tmp/tmpo1iezl1x', '--map-index', '1']
[2026-07-18T01:28:35.017+0000] {standard_task_runner.py:105} INFO - Job 6: Subtask extract_and_upload_company
[2026-07-18T01:28:35.109+0000] {task_command.py:467} INFO - Running <TaskInstance: consumer_complaints_ingestion_wap.extract_and_upload_company scheduled__2026-07-17T00:00:00+00:00 map_index=1 [running]> on host ac6ebf98646b
[2026-07-18T01:28:35.217+0000] {taskinstance.py:3131} INFO - Exporting env vars: AIRFLOW_CTX_DAG_OWNER='airflow' AIRFLOW_CTX_DAG_ID='consumer_complaints_ingestion_wap' AIRFLOW_CTX_TASK_ID='extract_and_upload_company' AIRFLOW_CTX_EXECUTION_DATE='2026-07-17T00:00:00+00:00' AIRFLOW_CTX_TRY_NUMBER='1' AIRFLOW_CTX_DAG_RUN_ID='scheduled__2026-07-17T00:00:00+00:00'
[2026-07-18T01:28:35.220+0000] {taskinstance.py:731} INFO - ::endgroup::
[2026-07-18T01:28:35.227+0000] {cfpb_api_client.py:487} INFO - 🛡️ Khởi động lưới lọc Rescued Data cho công ty: BANK OF AMERICA, NATIONAL ASSOCIATION
[2026-07-18T01:28:35.228+0000] {cfpb_api_client.py:460} INFO - 🏢 Khởi tạo luồng kéo dữ liệu cho công ty: BANK OF AMERICA, NATIONAL ASSOCIATION
[2026-07-18T01:28:35.229+0000] {cfpb_api_client.py:389} INFO - 🚀 BẮT ĐẦU: Kéo luồng dữ liệu từ 2026-07-10 đến 2026-07-17
[2026-07-18T01:28:36.293+0000] {cfpb_api_client.py:438} INFO -   ➜ Đã kéo được 24 / 24 records...
[2026-07-18T01:28:36.294+0000] {cfpb_api_client.py:442} INFO - ✅ HOÀN TẤT: Đã lấy toàn bộ 24 khiếu nại có sẵn.
[2026-07-18T01:28:36.296+0000] {minio_loader.py:203} INFO - 📤 Đang upload inc_2026-07-17_bank_of_america_national_association_complaints.json lên s3://lakehouse/landing/consumer_complaints/run_date=2026-07-17/inc_2026-07-17_bank_of_america_national_association_complaints.json
[2026-07-18T01:28:36.299+0000] {crypto.py:82} WARNING - empty cryptography key - values will not be stored encrypted.
[2026-07-18T01:28:36.302+0000] {base.py:84} INFO - Retrieving connection 'minio_default'
[2026-07-18T01:28:36.305+0000] {connection_wrapper.py:388} INFO - AWS Connection (conn_id='minio_default', conn_type='aws') credentials retrieved from login and ***.
[2026-07-18T01:28:36.749+0000] {python.py:240} INFO - Done. Returned value was: 24
[2026-07-18T01:28:36.781+0000] {taskinstance.py:340} INFO - ::group::Post task execution logs
[2026-07-18T01:28:36.784+0000] {taskinstance.py:352} INFO - Marking task as SUCCESS. dag_id=consumer_complaints_ingestion_wap, task_id=extract_and_upload_company, run_id=scheduled__2026-07-17T00:00:00+00:00, map_index=1, execution_date=20260717T000000, start_date=20260718T012834, end_date=20260718T012836
[2026-07-18T01:28:36.837+0000] {local_task_job_runner.py:266} INFO - Task exited with return code 0
[2026-07-18T01:28:36.869+0000] {taskinstance.py:3900} INFO - 1 downstream tasks scheduled from follow-on schedule check
[2026-07-18T01:28:36.872+0000] {local_task_job_runner.py:245} INFO - ::endgroup::
[2026-07-18T01:39:27.530+0000] {local_task_job_runner.py:123} INFO - ::group::Pre task execution logs
[2026-07-18T01:39:27.562+0000] {taskinstance.py:2612} INFO - Dependencies all met for dep_context=non-requeueable deps ti=<TaskInstance: consumer_complaints_ingestion_wap.extract_and_upload_company scheduled__2026-07-17T00:00:00+00:00 map_index=1 [queued]>
[2026-07-18T01:39:27.578+0000] {taskinstance.py:2612} INFO - Dependencies all met for dep_context=requeueable deps ti=<TaskInstance: consumer_complaints_ingestion_wap.extract_and_upload_company scheduled__2026-07-17T00:00:00+00:00 map_index=1 [queued]>
[2026-07-18T01:39:27.581+0000] {taskinstance.py:2865} INFO - Starting attempt 1 of 1
[2026-07-18T01:39:27.595+0000] {taskinstance.py:2888} INFO - Executing <Mapped(_PythonDecoratedOperator): extract_and_upload_company> on 2026-07-17 00:00:00+00:00
[2026-07-18T01:39:27.603+0000] {standard_task_runner.py:72} INFO - Started process 471 to run task
[2026-07-18T01:39:27.611+0000] {standard_task_runner.py:104} INFO - Running: ['airflow', 'tasks', 'run', 'consumer_complaints_ingestion_wap', 'extract_and_upload_company', 'scheduled__2026-07-17T00:00:00+00:00', '--job-id', '6', '--raw', '--subdir', 'DAGS_FOLDER/wap_consumer_complaints_pipeline.py', '--cfg-path', '/tmp/tmpwvz6fwa_', '--map-index', '1']
[2026-07-18T01:39:27.614+0000] {standard_task_runner.py:105} INFO - Job 6: Subtask extract_and_upload_company
[2026-07-18T01:39:27.722+0000] {task_command.py:467} INFO - Running <TaskInstance: consumer_complaints_ingestion_wap.extract_and_upload_company scheduled__2026-07-17T00:00:00+00:00 map_index=1 [running]> on host 93246aa1c53f
[2026-07-18T01:39:27.859+0000] {taskinstance.py:3131} INFO - Exporting env vars: AIRFLOW_CTX_DAG_OWNER='airflow' AIRFLOW_CTX_DAG_ID='consumer_complaints_ingestion_wap' AIRFLOW_CTX_TASK_ID='extract_and_upload_company' AIRFLOW_CTX_EXECUTION_DATE='2026-07-17T00:00:00+00:00' AIRFLOW_CTX_TRY_NUMBER='1' AIRFLOW_CTX_DAG_RUN_ID='scheduled__2026-07-17T00:00:00+00:00'
[2026-07-18T01:39:27.863+0000] {taskinstance.py:731} INFO - ::endgroup::
[2026-07-18T01:39:27.874+0000] {cfpb_api_client.py:487} INFO - 🛡️ Khởi động lưới lọc Rescued Data cho công ty: BANK OF AMERICA, NATIONAL ASSOCIATION
[2026-07-18T01:39:27.876+0000] {cfpb_api_client.py:460} INFO - 🏢 Khởi tạo luồng kéo dữ liệu cho công ty: BANK OF AMERICA, NATIONAL ASSOCIATION
[2026-07-18T01:39:27.877+0000] {cfpb_api_client.py:389} INFO - 🚀 BẮT ĐẦU: Kéo luồng dữ liệu từ 2026-07-10 đến 2026-07-17
[2026-07-18T01:39:28.215+0000] {cfpb_api_client.py:438} INFO -   ➜ Đã kéo được 24 / 24 records...
[2026-07-18T01:39:28.216+0000] {cfpb_api_client.py:442} INFO - ✅ HOÀN TẤT: Đã lấy toàn bộ 24 khiếu nại có sẵn.
[2026-07-18T01:39:28.218+0000] {minio_loader.py:203} INFO - 📤 Đang upload inc_2026-07-17_bank_of_america_national_association_complaints.json lên s3://lakehouse/landing/consumer_complaints/run_date=2026-07-17/inc_2026-07-17_bank_of_america_national_association_complaints.json
[2026-07-18T01:39:28.221+0000] {crypto.py:82} WARNING - empty cryptography key - values will not be stored encrypted.
[2026-07-18T01:39:28.224+0000] {base.py:84} INFO - Retrieving connection 'minio_default'
[2026-07-18T01:39:28.225+0000] {connection_wrapper.py:388} INFO - AWS Connection (conn_id='minio_default', conn_type='aws') credentials retrieved from login and ***.
[2026-07-18T01:39:28.669+0000] {python.py:240} INFO - Done. Returned value was: 24
[2026-07-18T01:39:28.704+0000] {taskinstance.py:340} INFO - ::group::Post task execution logs
[2026-07-18T01:39:28.706+0000] {taskinstance.py:352} INFO - Marking task as SUCCESS. dag_id=consumer_complaints_ingestion_wap, task_id=extract_and_upload_company, run_id=scheduled__2026-07-17T00:00:00+00:00, map_index=1, execution_date=20260717T000000, start_date=20260718T013927, end_date=20260718T013928
[2026-07-18T01:39:28.752+0000] {local_task_job_runner.py:266} INFO - Task exited with return code 0
[2026-07-18T01:39:28.780+0000] {taskinstance.py:3900} INFO - 0 downstream tasks scheduled from follow-on schedule check
[2026-07-18T01:39:28.783+0000] {local_task_job_runner.py:245} INFO - ::endgroup::
[2026-07-18T01:50:35.418+0000] {local_task_job_runner.py:123} INFO - ::group::Pre task execution logs
[2026-07-18T01:50:35.446+0000] {taskinstance.py:2612} INFO - Dependencies all met for dep_context=non-requeueable deps ti=<TaskInstance: consumer_complaints_ingestion_wap.extract_and_upload_company scheduled__2026-07-17T00:00:00+00:00 map_index=1 [queued]>
[2026-07-18T01:50:35.461+0000] {taskinstance.py:2612} INFO - Dependencies all met for dep_context=requeueable deps ti=<TaskInstance: consumer_complaints_ingestion_wap.extract_and_upload_company scheduled__2026-07-17T00:00:00+00:00 map_index=1 [queued]>
[2026-07-18T01:50:35.463+0000] {taskinstance.py:2865} INFO - Starting attempt 1 of 1
[2026-07-18T01:50:35.483+0000] {taskinstance.py:2888} INFO - Executing <Mapped(_PythonDecoratedOperator): extract_and_upload_company> on 2026-07-17 00:00:00+00:00
[2026-07-18T01:50:35.495+0000] {standard_task_runner.py:72} INFO - Started process 387 to run task
[2026-07-18T01:50:35.503+0000] {standard_task_runner.py:104} INFO - Running: ['airflow', 'tasks', 'run', 'consumer_complaints_ingestion_wap', 'extract_and_upload_company', 'scheduled__2026-07-17T00:00:00+00:00', '--job-id', '6', '--raw', '--subdir', 'DAGS_FOLDER/wap_consumer_complaints_pipeline.py', '--cfg-path', '/tmp/tmppbcbf0g4', '--map-index', '1']
[2026-07-18T01:50:35.507+0000] {standard_task_runner.py:105} INFO - Job 6: Subtask extract_and_upload_company
[2026-07-18T01:50:35.609+0000] {task_command.py:467} INFO - Running <TaskInstance: consumer_complaints_ingestion_wap.extract_and_upload_company scheduled__2026-07-17T00:00:00+00:00 map_index=1 [running]> on host a48e29a78335
[2026-07-18T01:50:35.741+0000] {taskinstance.py:3131} INFO - Exporting env vars: AIRFLOW_CTX_DAG_OWNER='airflow' AIRFLOW_CTX_DAG_ID='consumer_complaints_ingestion_wap' AIRFLOW_CTX_TASK_ID='extract_and_upload_company' AIRFLOW_CTX_EXECUTION_DATE='2026-07-17T00:00:00+00:00' AIRFLOW_CTX_TRY_NUMBER='1' AIRFLOW_CTX_DAG_RUN_ID='scheduled__2026-07-17T00:00:00+00:00'
[2026-07-18T01:50:35.744+0000] {taskinstance.py:731} INFO - ::endgroup::
[2026-07-18T01:50:35.751+0000] {cfpb_api_client.py:487} INFO - 🛡️ Khởi động lưới lọc Rescued Data cho công ty: BANK OF AMERICA, NATIONAL ASSOCIATION
[2026-07-18T01:50:35.753+0000] {cfpb_api_client.py:460} INFO - 🏢 Khởi tạo luồng kéo dữ liệu cho công ty: BANK OF AMERICA, NATIONAL ASSOCIATION
[2026-07-18T01:50:35.754+0000] {cfpb_api_client.py:389} INFO - 🚀 BẮT ĐẦU: Kéo luồng dữ liệu từ 2026-07-10 đến 2026-07-17
[2026-07-18T01:50:36.153+0000] {cfpb_api_client.py:438} INFO -   ➜ Đã kéo được 24 / 24 records...
[2026-07-18T01:50:36.155+0000] {cfpb_api_client.py:442} INFO - ✅ HOÀN TẤT: Đã lấy toàn bộ 24 khiếu nại có sẵn.
[2026-07-18T01:50:36.157+0000] {minio_loader.py:203} INFO - 📤 Đang upload inc_2026-07-17_bank_of_america_national_association_complaints.json lên s3://lakehouse/landing/consumer_complaints/run_date=2026-07-17/inc_2026-07-17_bank_of_america_national_association_complaints.json
[2026-07-18T01:50:36.159+0000] {crypto.py:82} WARNING - empty cryptography key - values will not be stored encrypted.
[2026-07-18T01:50:36.162+0000] {base.py:84} INFO - Retrieving connection 'minio_default'
[2026-07-18T01:50:36.164+0000] {connection_wrapper.py:388} INFO - AWS Connection (conn_id='minio_default', conn_type='aws') credentials retrieved from login and ***.
[2026-07-18T01:50:36.777+0000] {python.py:240} INFO - Done. Returned value was: 24
[2026-07-18T01:50:36.817+0000] {taskinstance.py:340} INFO - ::group::Post task execution logs
[2026-07-18T01:50:36.819+0000] {taskinstance.py:352} INFO - Marking task as SUCCESS. dag_id=consumer_complaints_ingestion_wap, task_id=extract_and_upload_company, run_id=scheduled__2026-07-17T00:00:00+00:00, map_index=1, execution_date=20260717T000000, start_date=20260718T015035, end_date=20260718T015036
[2026-07-18T01:50:36.885+0000] {local_task_job_runner.py:266} INFO - Task exited with return code 0
[2026-07-18T01:50:36.928+0000] {taskinstance.py:3900} INFO - 1 downstream tasks scheduled from follow-on schedule check
[2026-07-18T01:50:36.932+0000] {local_task_job_runner.py:245} INFO - ::endgroup::
[2026-07-18T02:22:16.624+0000] {local_task_job_runner.py:123} INFO - ::group::Pre task execution logs
[2026-07-18T02:22:16.658+0000] {taskinstance.py:2612} INFO - Dependencies all met for dep_context=non-requeueable deps ti=<TaskInstance: consumer_complaints_ingestion_wap.extract_and_upload_company scheduled__2026-07-17T00:00:00+00:00 map_index=1 [queued]>
[2026-07-18T02:22:16.676+0000] {taskinstance.py:2612} INFO - Dependencies all met for dep_context=requeueable deps ti=<TaskInstance: consumer_complaints_ingestion_wap.extract_and_upload_company scheduled__2026-07-17T00:00:00+00:00 map_index=1 [queued]>
[2026-07-18T02:22:16.678+0000] {taskinstance.py:2865} INFO - Starting attempt 1 of 1
[2026-07-18T02:22:16.692+0000] {taskinstance.py:2888} INFO - Executing <Mapped(_PythonDecoratedOperator): extract_and_upload_company> on 2026-07-17 00:00:00+00:00
[2026-07-18T02:22:16.699+0000] {standard_task_runner.py:72} INFO - Started process 422 to run task
[2026-07-18T02:22:16.702+0000] {standard_task_runner.py:104} INFO - Running: ['airflow', 'tasks', 'run', 'consumer_complaints_ingestion_wap', 'extract_and_upload_company', 'scheduled__2026-07-17T00:00:00+00:00', '--job-id', '6', '--raw', '--subdir', 'DAGS_FOLDER/wap_consumer_complaints_pipeline.py', '--cfg-path', '/tmp/tmpt5agzin3', '--map-index', '1']
[2026-07-18T02:22:16.704+0000] {standard_task_runner.py:105} INFO - Job 6: Subtask extract_and_upload_company
[2026-07-18T02:22:16.790+0000] {task_command.py:467} INFO - Running <TaskInstance: consumer_complaints_ingestion_wap.extract_and_upload_company scheduled__2026-07-17T00:00:00+00:00 map_index=1 [running]> on host 407f07aaae66
[2026-07-18T02:22:16.888+0000] {taskinstance.py:3131} INFO - Exporting env vars: AIRFLOW_CTX_DAG_OWNER='airflow' AIRFLOW_CTX_DAG_ID='consumer_complaints_ingestion_wap' AIRFLOW_CTX_TASK_ID='extract_and_upload_company' AIRFLOW_CTX_EXECUTION_DATE='2026-07-17T00:00:00+00:00' AIRFLOW_CTX_TRY_NUMBER='1' AIRFLOW_CTX_DAG_RUN_ID='scheduled__2026-07-17T00:00:00+00:00'
[2026-07-18T02:22:16.890+0000] {taskinstance.py:731} INFO - ::endgroup::
[2026-07-18T02:22:16.899+0000] {cfpb_api_client.py:487} INFO - 🛡️ Khởi động lưới lọc Rescued Data cho công ty: BANK OF AMERICA, NATIONAL ASSOCIATION
[2026-07-18T02:22:16.900+0000] {cfpb_api_client.py:460} INFO - 🏢 Khởi tạo luồng kéo dữ liệu cho công ty: BANK OF AMERICA, NATIONAL ASSOCIATION
[2026-07-18T02:22:16.902+0000] {cfpb_api_client.py:389} INFO - 🚀 BẮT ĐẦU: Kéo luồng dữ liệu từ 2026-07-10 đến 2026-07-17
[2026-07-18T02:22:17.270+0000] {cfpb_api_client.py:438} INFO -   ➜ Đã kéo được 24 / 24 records...
[2026-07-18T02:22:17.272+0000] {cfpb_api_client.py:442} INFO - ✅ HOÀN TẤT: Đã lấy toàn bộ 24 khiếu nại có sẵn.
[2026-07-18T02:22:17.274+0000] {minio_loader.py:203} INFO - 📤 Đang upload inc_2026-07-17_bank_of_america_national_association_complaints.json lên s3://lakehouse/landing/consumer_complaints/run_date=2026-07-17/inc_2026-07-17_bank_of_america_national_association_complaints.json
[2026-07-18T02:22:17.280+0000] {crypto.py:82} WARNING - empty cryptography key - values will not be stored encrypted.
[2026-07-18T02:22:17.283+0000] {base.py:84} INFO - Retrieving connection 'minio_default'
[2026-07-18T02:22:17.285+0000] {connection_wrapper.py:388} INFO - AWS Connection (conn_id='minio_default', conn_type='aws') credentials retrieved from login and ***.
[2026-07-18T02:22:17.858+0000] {python.py:240} INFO - Done. Returned value was: 24
[2026-07-18T02:22:17.890+0000] {taskinstance.py:340} INFO - ::group::Post task execution logs
[2026-07-18T02:22:17.892+0000] {taskinstance.py:352} INFO - Marking task as SUCCESS. dag_id=consumer_complaints_ingestion_wap, task_id=extract_and_upload_company, run_id=scheduled__2026-07-17T00:00:00+00:00, map_index=1, execution_date=20260717T000000, start_date=20260718T022216, end_date=20260718T022217
[2026-07-18T02:22:17.922+0000] {local_task_job_runner.py:266} INFO - Task exited with return code 0
[2026-07-18T02:22:17.939+0000] {local_task_job_runner.py:245} INFO - ::endgroup::
[2026-07-18T02:31:42.600+0000] {local_task_job_runner.py:123} INFO - ::group::Pre task execution logs
[2026-07-18T02:31:42.626+0000] {taskinstance.py:2612} INFO - Dependencies all met for dep_context=non-requeueable deps ti=<TaskInstance: consumer_complaints_ingestion_wap.extract_and_upload_company scheduled__2026-07-17T00:00:00+00:00 map_index=1 [queued]>
[2026-07-18T02:31:42.638+0000] {taskinstance.py:2612} INFO - Dependencies all met for dep_context=requeueable deps ti=<TaskInstance: consumer_complaints_ingestion_wap.extract_and_upload_company scheduled__2026-07-17T00:00:00+00:00 map_index=1 [queued]>
[2026-07-18T02:31:42.640+0000] {taskinstance.py:2865} INFO - Starting attempt 1 of 1
[2026-07-18T02:31:42.657+0000] {taskinstance.py:2888} INFO - Executing <Mapped(_PythonDecoratedOperator): extract_and_upload_company> on 2026-07-17 00:00:00+00:00
[2026-07-18T02:31:42.665+0000] {standard_task_runner.py:72} INFO - Started process 510 to run task
[2026-07-18T02:31:42.669+0000] {standard_task_runner.py:104} INFO - Running: ['airflow', 'tasks', 'run', 'consumer_complaints_ingestion_wap', 'extract_and_upload_company', 'scheduled__2026-07-17T00:00:00+00:00', '--job-id', '5', '--raw', '--subdir', 'DAGS_FOLDER/wap_consumer_complaints_pipeline.py', '--cfg-path', '/tmp/tmpy9050vjr', '--map-index', '1']
[2026-07-18T02:31:42.670+0000] {standard_task_runner.py:105} INFO - Job 5: Subtask extract_and_upload_company
[2026-07-18T02:31:42.781+0000] {task_command.py:467} INFO - Running <TaskInstance: consumer_complaints_ingestion_wap.extract_and_upload_company scheduled__2026-07-17T00:00:00+00:00 map_index=1 [running]> on host e28a35e52d18
[2026-07-18T02:31:42.920+0000] {taskinstance.py:3131} INFO - Exporting env vars: AIRFLOW_CTX_DAG_OWNER='airflow' AIRFLOW_CTX_DAG_ID='consumer_complaints_ingestion_wap' AIRFLOW_CTX_TASK_ID='extract_and_upload_company' AIRFLOW_CTX_EXECUTION_DATE='2026-07-17T00:00:00+00:00' AIRFLOW_CTX_TRY_NUMBER='1' AIRFLOW_CTX_DAG_RUN_ID='scheduled__2026-07-17T00:00:00+00:00'
[2026-07-18T02:31:42.923+0000] {taskinstance.py:731} INFO - ::endgroup::
[2026-07-18T02:31:42.933+0000] {cfpb_api_client.py:487} INFO - 🛡️ Khởi động lưới lọc Rescued Data cho công ty: BANK OF AMERICA, NATIONAL ASSOCIATION
[2026-07-18T02:31:42.935+0000] {cfpb_api_client.py:460} INFO - 🏢 Khởi tạo luồng kéo dữ liệu cho công ty: BANK OF AMERICA, NATIONAL ASSOCIATION
[2026-07-18T02:31:42.936+0000] {cfpb_api_client.py:389} INFO - 🚀 BẮT ĐẦU: Kéo luồng dữ liệu từ 2026-07-10 đến 2026-07-17
[2026-07-18T02:31:43.295+0000] {cfpb_api_client.py:438} INFO -   ➜ Đã kéo được 24 / 24 records...
[2026-07-18T02:31:43.297+0000] {cfpb_api_client.py:442} INFO - ✅ HOÀN TẤT: Đã lấy toàn bộ 24 khiếu nại có sẵn.
[2026-07-18T02:31:43.298+0000] {minio_loader.py:203} INFO - 📤 Đang upload inc_2026-07-17_bank_of_america_national_association_complaints.json lên s3://lakehouse/landing/consumer_complaints/run_date=2026-07-17/inc_2026-07-17_bank_of_america_national_association_complaints.json
[2026-07-18T02:31:43.301+0000] {crypto.py:82} WARNING - empty cryptography key - values will not be stored encrypted.
[2026-07-18T02:31:43.303+0000] {base.py:84} INFO - Retrieving connection 'minio_default'
[2026-07-18T02:31:43.304+0000] {connection_wrapper.py:388} INFO - AWS Connection (conn_id='minio_default', conn_type='aws') credentials retrieved from login and ***.
[2026-07-18T02:31:43.799+0000] {python.py:240} INFO - Done. Returned value was: 24
[2026-07-18T02:31:43.842+0000] {taskinstance.py:340} INFO - ::group::Post task execution logs
[2026-07-18T02:31:43.845+0000] {taskinstance.py:352} INFO - Marking task as SUCCESS. dag_id=consumer_complaints_ingestion_wap, task_id=extract_and_upload_company, run_id=scheduled__2026-07-17T00:00:00+00:00, map_index=1, execution_date=20260717T000000, start_date=20260718T023142, end_date=20260718T023143
[2026-07-18T02:31:43.890+0000] {local_task_job_runner.py:266} INFO - Task exited with return code 0
[2026-07-18T02:31:43.924+0000] {taskinstance.py:3900} INFO - 1 downstream tasks scheduled from follow-on schedule check
[2026-07-18T02:31:43.929+0000] {local_task_job_runner.py:245} INFO - ::endgroup::
