[2026-07-14T04:32:52.157+0000] {local_task_job_runner.py:123} INFO - ::group::Pre task execution logs
[2026-07-14T04:32:52.180+0000] {taskinstance.py:2612} INFO - Dependencies all met for dep_context=non-requeueable deps ti=<TaskInstance: dbt_silver_gold_incremental.transform_silver.stg__consumer_complaints.run manual__2026-07-14T04:31:55.184258+00:00 [queued]>
[2026-07-14T04:32:52.189+0000] {taskinstance.py:2612} INFO - Dependencies all met for dep_context=requeueable deps ti=<TaskInstance: dbt_silver_gold_incremental.transform_silver.stg__consumer_complaints.run manual__2026-07-14T04:31:55.184258+00:00 [queued]>
[2026-07-14T04:32:52.192+0000] {taskinstance.py:2865} INFO - Starting attempt 1 of 2
[2026-07-14T04:32:52.206+0000] {taskinstance.py:2888} INFO - Executing <Task(DbtRunLocalOperator): transform_silver.stg__consumer_complaints.run> on 2026-07-14 04:31:55.184258+00:00
[2026-07-14T04:32:52.212+0000] {standard_task_runner.py:72} INFO - Started process 448 to run task
[2026-07-14T04:32:52.216+0000] {standard_task_runner.py:104} INFO - Running: ['airflow', 'tasks', 'run', 'dbt_silver_gold_incremental', 'transform_silver.stg__consumer_complaints.run', 'manual__2026-07-14T04:31:55.184258+00:00', '--job-id', '15', '--raw', '--subdir', 'DAGS_FOLDER/dbt_silver_gold.py', '--cfg-path', '/tmp/tmpfwrwv3xt']
[2026-07-14T04:32:52.218+0000] {standard_task_runner.py:105} INFO - Job 15: Subtask transform_silver.stg__consumer_complaints.run
[2026-07-14T04:32:52.297+0000] {task_command.py:467} INFO - Running <TaskInstance: dbt_silver_gold_incremental.transform_silver.stg__consumer_complaints.run manual__2026-07-14T04:31:55.184258+00:00 [running]> on host 80fd30456490
[2026-07-14T04:32:52.383+0000] {taskinstance.py:3131} INFO - Exporting env vars: AIRFLOW_CTX_DAG_OWNER='data_engineer' AIRFLOW_CTX_DAG_ID='dbt_silver_gold_incremental' AIRFLOW_CTX_TASK_ID='transform_silver.stg__consumer_complaints.run' AIRFLOW_CTX_EXECUTION_DATE='2026-07-14T04:31:55.184258+00:00' AIRFLOW_CTX_TRY_NUMBER='1' AIRFLOW_CTX_DAG_RUN_ID='manual__2026-07-14T04:31:55.184258+00:00'
[2026-07-14T04:32:52.387+0000] {taskinstance.py:731} INFO - ::endgroup::
[2026-07-14T04:32:52.392+0000] {local.py:294} INFO - dbtRunner is available. Using dbtRunner for invoking dbt.
[2026-07-14T04:32:52.397+0000] {local.py:518} INFO - Cloning project to writable temp directory /tmp/tmpflvwu4p1 from /opt/airflow/dbt_transform
[2026-07-14T04:32:52.412+0000] {local.py:538} INFO - Partial parse is enabled and the latest partial parse file is None
[2026-07-14T04:32:52.414+0000] {config.py:395} INFO - Using user-supplied profiles.yml at /opt/airflow/dbt_transform/profiles.yml
[2026-07-14T04:32:52.429+0000] {runner.py:95} INFO - Trying to run dbtRunner with:
 ['deps', '--project-dir', '/tmp/tmpflvwu4p1', '--profiles-dir', '/opt/airflow/dbt_transform', '--profile', 'lakehouse_dbt', '--target', 'dev', '--no-static-parser']
 in /tmp/tmpflvwu4p1
[2026-07-14T04:32:52.468+0000] {logging_mixin.py:190} INFO - 04:32:52  Running with dbt=1.8.8
[2026-07-14T04:32:52.531+0000] {logging_mixin.py:190} INFO - 04:32:52  Installing dbt-labs/dbt_utils
[2026-07-14T04:32:53.113+0000] {logging_mixin.py:190} INFO - 04:32:53  Installed from version 1.3.0
[2026-07-14T04:32:53.116+0000] {logging_mixin.py:190} INFO - 04:32:53  Updated version available: 1.4.1
[2026-07-14T04:32:53.119+0000] {logging_mixin.py:190} INFO - 04:32:53  Installing metaplane/dbt_expectations
[2026-07-14T04:32:54.028+0000] {logging_mixin.py:190} INFO - 04:32:54  Installed from version 0.10.8
[2026-07-14T04:32:54.030+0000] {logging_mixin.py:190} INFO - 04:32:54  Updated version available: 0.10.10
[2026-07-14T04:32:54.033+0000] {logging_mixin.py:190} INFO - 04:32:54  Installing godatadriven/dbt_date
[2026-07-14T04:32:54.577+0000] {logging_mixin.py:190} INFO - 04:32:54  Installed from version 0.15.0
[2026-07-14T04:32:54.581+0000] {logging_mixin.py:190} INFO - 04:32:54  Up to date!
[2026-07-14T04:32:54.583+0000] {logging_mixin.py:190} INFO - 04:32:54
[2026-07-14T04:32:54.585+0000] {logging_mixin.py:190} INFO - 04:32:54  Updates available for packages: ['dbt-labs/dbt_utils', 'metaplane/dbt_expectations']                 
Update your versions in packages.yml, then run dbt deps
[2026-07-14T04:32:55.872+0000] {runner.py:95} INFO - Trying to run dbtRunner with:
 ['run', '--select', 'fqn:consumer_complaints_transformation.staging.stg__consumer_complaints', '--project-dir', '/tmp/tmpflvwu4p1', '--profiles-dir', '/opt/airflow/dbt_transform', '--profile', 'lakehouse_dbt', '--target', 'dev', '--no-static-parser']
 in /tmp/tmpflvwu4p1
[2026-07-14T04:32:55.904+0000] {logging_mixin.py:190} INFO - 04:32:55  Running with dbt=1.8.8
[2026-07-14T04:32:55.958+0000] {logging_mixin.py:190} INFO - 04:32:55  Registered adapter: trino=1.8.5
[2026-07-14T04:32:55.988+0000] {logging_mixin.py:190} INFO - 04:32:55  Unable to do partial parsing because saved manifest not found. Starting full parse.
[2026-07-14T04:32:57.685+0000] {logging_mixin.py:190} INFO - 04:32:57  Found 8 models, 40 data tests, 1 source, 9 metrics, 838 macros, 5 semantic models
[2026-07-14T04:32:57.691+0000] {logging_mixin.py:190} INFO - 04:32:57
[2026-07-14T04:32:57.719+0000] {logging_mixin.py:190} INFO - 04:32:57  [WARNING]: SSL certificate validation is disabled by default. It is legacy behavior which will be changed in future releases. It is strongly advised to enable `require_certificate_validation` flag or explicitly set `cert` configuration to `True` for security reasons. You may receive an error after that if your SSL setup is incorrect.
You may opt into the new behavior sooner by setting `flags.require_certificate_validation` to `True` in `dbt_project.yml`.
Visit https://docs.getdbt.com/reference/global-configs/behavior-changes for more information.
[2026-07-14T04:33:00.555+0000] {logging_mixin.py:190} INFO - 04:33:00  Concurrency: 4 threads (target='dev')
[2026-07-14T04:33:00.559+0000] {logging_mixin.py:190} INFO - 04:33:00
[2026-07-14T04:33:00.570+0000] {logging_mixin.py:190} INFO - 04:33:00  1 of 1 START sql incremental model silver.stg__consumer_complaints ............. [RUN]
[2026-07-14T04:33:01.370+0000] {logging_mixin.py:190} INFO - 04:33:01  1 of 1 ERROR creating sql incremental model silver.stg__consumer_complaints .... [ERROR in 0.80s]
[2026-07-14T04:33:01.376+0000] {logging_mixin.py:190} INFO - 04:33:01
[2026-07-14T04:33:01.379+0000] {logging_mixin.py:190} INFO - 04:33:01  Finished running 1 incremental model in 0 hours 0 minutes and 3.68 seconds (3.68s).
[2026-07-14T04:33:01.426+0000] {logging_mixin.py:190} INFO - 04:33:01
[2026-07-14T04:33:01.429+0000] {logging_mixin.py:190} INFO - 04:33:01  Completed with 1 error and 0 warnings:
[2026-07-14T04:33:01.430+0000] {logging_mixin.py:190} INFO - 04:33:01
[2026-07-14T04:33:01.432+0000] {logging_mixin.py:190} INFO - 04:33:01    Database Error in model stg__consumer_complaints (models/staging/stg__consumer_complaints.sql)
  TrinoUserError(type=USER_ERROR, name=NOT_SUPPORTED, message="createView is not supported for Iceberg Nessie catalogs", query_id=20260714_043300_00007_8xicz)
[2026-07-14T04:33:01.434+0000] {logging_mixin.py:190} INFO - 04:33:01
[2026-07-14T04:33:01.436+0000] {logging_mixin.py:190} INFO - 04:33:01  Done. PASS=0 WARN=0 ERROR=1 SKIP=0 TOTAL=1
[2026-07-14T04:33:03.355+0000] {local.py:196} WARNING - Artifact schema version: https://schemas.getdbt.com/dbt/manifest/v12.json is above dbt-ol supported version 7. This might cause errors.
[2026-07-14T04:33:03.364+0000] {local.py:594} INFO - Inlets: []
[2026-07-14T04:33:03.365+0000] {local.py:595} INFO - Outlets: []
[2026-07-14T04:33:03.367+0000] {local.py:886} INFO - Assigning inlets/outlets with DatasetAlias in Airflow 2
[2026-07-14T04:33:03.392+0000] {taskinstance.py:3310} ERROR - Task failed with exception
Traceback (most recent call last):
  File "/home/airflow/.local/lib/python3.10/site-packages/airflow/models/taskinstance.py", line 767, in _execute_task
    result = _execute_callable(context=context, **execute_callable_kwargs)
  File "/home/airflow/.local/lib/python3.10/site-packages/airflow/models/taskinstance.py", line 733, in _execute_callable
    return ExecutionCallableRunner(
  File "/home/airflow/.local/lib/python3.10/site-packages/airflow/utils/operator_helpers.py", line 252, in run
    return self.func(*args, **kwargs)
  File "/home/airflow/.local/lib/python3.10/site-packages/cosmos/operators/base.py", line 346, in execute
    self.build_and_run_cmd(context=context, cmd_flags=self.add_cmd_flags(), **kwargs)
  File "/home/airflow/.local/lib/python3.10/site-packages/cosmos/operators/local.py", line 968, in build_and_run_cmd
    result = self.run_command(
  File "/home/airflow/.local/lib/python3.10/site-packages/cosmos/operators/local.py", line 743, in run_command
    self.handle_exception(result)
  File "/home/airflow/.local/lib/python3.10/site-packages/cosmos/operators/local.py", line 308, in handle_exception_dbt_runner
    return dbt_runner.handle_exception_if_needed(result)
  File "/home/airflow/.local/lib/python3.10/site-packages/cosmos/dbt/runner.py", line 156, in handle_exception_if_needed
    raise CosmosDbtRunError(f"dbt invocation completed with errors: {error_message}")
cosmos.exceptions.CosmosDbtRunError: dbt invocation completed with errors: stg__consumer_complaints: Database Error in model stg__consumer_complaints (models/staging/stg__consumer_complaints.sql)
  TrinoUserError(type=USER_ERROR, name=NOT_SUPPORTED, message="createView is not supported for Iceberg Nessie catalogs", query_id=20260714_043300_00007_8xicz)
[2026-07-14T04:33:04.232+0000] {_client.py:1026} INFO - HTTP Request: GET https://astronomer.gateway.scarf.sh/astronomer-cosmos/v3/task_instance?cosmos_version=1.15.0&airflow_version=2.10.2&python_version=3.10.15&platform_system=Linux&platform_machine=x86_64&status=failed&operator_name=DbtRunLocalOperator&is_cosmos_operator_subclass=False&invocation_mode=dbt_runner&execution_mode=local&profile_strategy=yaml_file&profile_mapping_class=None&database=trino&is_mapped_task=False&dbt_command=run&install_deps=True&has_callback=False&duration=11.222878 "HTTP/1.1 200 OK"
[2026-07-14T04:33:04.234+0000] {taskinstance.py:1225} INFO - Marking task as UP_FOR_RETRY. dag_id=dbt_silver_gold_incremental, task_id=transform_silver.stg__consumer_complaints.run, run_id=manual__2026-07-14T04:31:55.184258+00:00, execution_date=20260714T043155, start_date=20260714T043252, end_date=20260714T043303
[2026-07-14T04:33:04.251+0000] {taskinstance.py:340} INFO - ::group::Post task execution logs
[2026-07-14T04:33:04.253+0000] {standard_task_runner.py:124} ERROR - Failed to execute job 15 for task transform_silver.stg__consumer_complaints.run (dbt invocation completed with errors: stg__consumer_complaints: Database Error in model stg__consumer_complaints (models/staging/stg__consumer_complaints.sql)
  TrinoUserError(type=USER_ERROR, name=NOT_SUPPORTED, message="createView is not supported for Iceberg Nessie catalogs", query_id=20260714_043300_00007_8xicz); 448)
Traceback (most recent call last):
  File "/home/airflow/.local/lib/python3.10/site-packages/airflow/task/task_runner/standard_task_runner.py", line 117, in _start_by_fork
    ret = args.func(args, dag=self.dag)
  File "/home/airflow/.local/lib/python3.10/site-packages/airflow/cli/cli_config.py", line 49, in command
    return func(*args, **kwargs)
  File "/home/airflow/.local/lib/python3.10/site-packages/airflow/utils/cli.py", line 115, in wrapper
    return f(*args, **kwargs)
  File "/home/airflow/.local/lib/python3.10/site-packages/airflow/cli/commands/task_command.py", line 483, in task_run
    task_return_code = _run_task_by_selected_method(args, _dag, ti)
  File "/home/airflow/.local/lib/python3.10/site-packages/airflow/cli/commands/task_command.py", line 256, in _run_task_by_selected_method
    return _run_raw_task(args, ti)
  File "/home/airflow/.local/lib/python3.10/site-packages/airflow/cli/commands/task_command.py", line 341, in _run_raw_task
    return ti._run_raw_task(
  File "/home/airflow/.local/lib/python3.10/site-packages/airflow/utils/session.py", line 97, in wrapper
    return func(*args, session=session, **kwargs)
  File "/home/airflow/.local/lib/python3.10/site-packages/airflow/models/taskinstance.py", line 3004, in _run_raw_task
    return _run_raw_task(
  File "/home/airflow/.local/lib/python3.10/site-packages/airflow/models/taskinstance.py", line 273, in _run_raw_task
    TaskInstance._execute_task_with_callbacks(
  File "/home/airflow/.local/lib/python3.10/site-packages/airflow/models/taskinstance.py", line 3158, in _execute_task_with_callbacks
    result = self._execute_task(context, task_orig)
  File "/home/airflow/.local/lib/python3.10/site-packages/airflow/models/taskinstance.py", line 3182, in _execute_task
    return _execute_task(self, context, task_orig)
  File "/home/airflow/.local/lib/python3.10/site-packages/airflow/models/taskinstance.py", line 767, in _execute_task
    result = _execute_callable(context=context, **execute_callable_kwargs)
  File "/home/airflow/.local/lib/python3.10/site-packages/airflow/models/taskinstance.py", line 733, in _execute_callable
    return ExecutionCallableRunner(
  File "/home/airflow/.local/lib/python3.10/site-packages/airflow/utils/operator_helpers.py", line 252, in run
    return self.func(*args, **kwargs)
  File "/home/airflow/.local/lib/python3.10/site-packages/cosmos/operators/base.py", line 346, in execute
    self.build_and_run_cmd(context=context, cmd_flags=self.add_cmd_flags(), **kwargs)
  File "/home/airflow/.local/lib/python3.10/site-packages/cosmos/operators/local.py", line 968, in build_and_run_cmd
    result = self.run_command(
  File "/home/airflow/.local/lib/python3.10/site-packages/cosmos/operators/local.py", line 743, in run_command
    self.handle_exception(result)
  File "/home/airflow/.local/lib/python3.10/site-packages/cosmos/operators/local.py", line 308, in handle_exception_dbt_runner
    return dbt_runner.handle_exception_if_needed(result)
  File "/home/airflow/.local/lib/python3.10/site-packages/cosmos/dbt/runner.py", line 156, in handle_exception_if_needed
    raise CosmosDbtRunError(f"dbt invocation completed with errors: {error_message}")
cosmos.exceptions.CosmosDbtRunError: dbt invocation completed with errors: stg__consumer_complaints: Database Error in model stg__consumer_complaints (models/staging/stg__consumer_complaints.sql)
  TrinoUserError(type=USER_ERROR, name=NOT_SUPPORTED, message="createView is not supported for Iceberg Nessie catalogs", query_id=20260714_043300_00007_8xicz)
[2026-07-14T04:33:04.274+0000] {local_task_job_runner.py:266} INFO - Task exited with return code 1
[2026-07-14T04:33:04.302+0000] {taskinstance.py:3900} INFO - 0 downstream tasks scheduled from follow-on schedule check
[2026-07-14T04:33:04.307+0000] {local_task_job_runner.py:245} INFO - ::endgroup::
