[2026-07-05T02:42:57.882+0000] {processor.py:161} INFO - Started process (PID=194) to work on /opt/airflow/dags/setup_infrastructure_dag.py
[2026-07-05T02:42:57.884+0000] {processor.py:830} INFO - Processing file /opt/airflow/dags/setup_infrastructure_dag.py for tasks to queue
[2026-07-05T02:42:57.886+0000] {logging_mixin.py:188} INFO - [2026-07-05T02:42:57.885+0000] {dagbag.py:540} INFO - Filling up the DagBag from /opt/airflow/dags/setup_infrastructure_dag.py
[2026-07-05T02:42:58.104+0000] {processor.py:840} INFO - DAG(s) 'setup_lakehouse_infrastructure' retrieved from /opt/airflow/dags/setup_infrastructure_dag.py
[2026-07-05T02:42:58.169+0000] {logging_mixin.py:188} INFO - [2026-07-05T02:42:58.169+0000] {override.py:1769} INFO - Created Permission View: can edit on DAG:setup_lakehouse_infrastructure
[2026-07-05T02:42:58.180+0000] {logging_mixin.py:188} INFO - [2026-07-05T02:42:58.180+0000] {override.py:1769} INFO - Created Permission View: can delete on DAG:setup_lakehouse_infrastructure
[2026-07-05T02:42:58.190+0000] {logging_mixin.py:188} INFO - [2026-07-05T02:42:58.190+0000] {override.py:1769} INFO - Created Permission View: can read on DAG:setup_lakehouse_infrastructure
[2026-07-05T02:42:58.191+0000] {logging_mixin.py:188} INFO - [2026-07-05T02:42:58.191+0000] {dag.py:3047} INFO - Sync 1 DAGs
[2026-07-05T02:42:58.202+0000] {logging_mixin.py:188} INFO - [2026-07-05T02:42:58.202+0000] {dag.py:3069} INFO - Creating ORM DAG for setup_lakehouse_infrastructure
[2026-07-05T02:42:58.213+0000] {logging_mixin.py:188} INFO - [2026-07-05T02:42:58.212+0000] {dag.py:3834} INFO - Setting next_dagrun for setup_lakehouse_infrastructure to 2024-01-01 00:00:00+00:00, run_after=2024-01-01 00:00:00+00:00
[2026-07-05T02:42:58.238+0000] {processor.py:183} INFO - Processing /opt/airflow/dags/setup_infrastructure_dag.py took 0.362 seconds
[2026-07-05T02:43:28.806+0000] {processor.py:161} INFO - Started process (PID=223) to work on /opt/airflow/dags/setup_infrastructure_dag.py
[2026-07-05T02:43:28.808+0000] {processor.py:830} INFO - Processing file /opt/airflow/dags/setup_infrastructure_dag.py for tasks to queue
[2026-07-05T02:43:28.809+0000] {logging_mixin.py:188} INFO - [2026-07-05T02:43:28.809+0000] {dagbag.py:540} INFO - Filling up the DagBag from /opt/airflow/dags/setup_infrastructure_dag.py
[2026-07-05T02:43:28.836+0000] {processor.py:840} INFO - DAG(s) 'setup_lakehouse_infrastructure' retrieved from /opt/airflow/dags/setup_infrastructure_dag.py
[2026-07-05T02:43:28.859+0000] {logging_mixin.py:188} INFO - [2026-07-05T02:43:28.858+0000] {dag.py:3047} INFO - Sync 1 DAGs
[2026-07-05T02:43:28.877+0000] {logging_mixin.py:188} INFO - [2026-07-05T02:43:28.877+0000] {dag.py:3834} INFO - Setting next_dagrun for setup_lakehouse_infrastructure to 2024-01-01 00:00:00+00:00, run_after=2024-01-01 00:00:00+00:00
[2026-07-05T02:43:28.897+0000] {processor.py:183} INFO - Processing /opt/airflow/dags/setup_infrastructure_dag.py took 0.093 seconds
[2026-07-05T02:43:59.272+0000] {processor.py:161} INFO - Started process (PID=242) to work on /opt/airflow/dags/setup_infrastructure_dag.py
[2026-07-05T02:43:59.274+0000] {processor.py:830} INFO - Processing file /opt/airflow/dags/setup_infrastructure_dag.py for tasks to queue
[2026-07-05T02:43:59.276+0000] {logging_mixin.py:188} INFO - [2026-07-05T02:43:59.276+0000] {dagbag.py:540} INFO - Filling up the DagBag from /opt/airflow/dags/setup_infrastructure_dag.py
[2026-07-05T02:43:59.313+0000] {processor.py:840} INFO - DAG(s) 'setup_lakehouse_infrastructure' retrieved from /opt/airflow/dags/setup_infrastructure_dag.py
[2026-07-05T02:43:59.370+0000] {logging_mixin.py:188} INFO - [2026-07-05T02:43:59.370+0000] {dag.py:3047} INFO - Sync 1 DAGs
[2026-07-05T02:43:59.415+0000] {logging_mixin.py:188} INFO - [2026-07-05T02:43:59.415+0000] {dag.py:3834} INFO - Setting next_dagrun for setup_lakehouse_infrastructure to 2024-01-01 00:00:00+00:00, run_after=2024-01-01 00:00:00+00:00
[2026-07-05T02:43:59.453+0000] {processor.py:183} INFO - Processing /opt/airflow/dags/setup_infrastructure_dag.py took 0.186 seconds
[2026-07-05T02:44:29.840+0000] {processor.py:161} INFO - Started process (PID=263) to work on /opt/airflow/dags/setup_infrastructure_dag.py
[2026-07-05T02:44:29.842+0000] {processor.py:830} INFO - Processing file /opt/airflow/dags/setup_infrastructure_dag.py for tasks to queue
[2026-07-05T02:44:29.843+0000] {logging_mixin.py:188} INFO - [2026-07-05T02:44:29.842+0000] {dagbag.py:540} INFO - Filling up the DagBag from /opt/airflow/dags/setup_infrastructure_dag.py
[2026-07-05T02:44:29.870+0000] {processor.py:840} INFO - DAG(s) 'setup_lakehouse_infrastructure' retrieved from /opt/airflow/dags/setup_infrastructure_dag.py
[2026-07-05T02:44:29.898+0000] {logging_mixin.py:188} INFO - [2026-07-05T02:44:29.898+0000] {dag.py:3047} INFO - Sync 1 DAGs
[2026-07-05T02:44:29.924+0000] {logging_mixin.py:188} INFO - [2026-07-05T02:44:29.924+0000] {dag.py:3834} INFO - Setting next_dagrun for setup_lakehouse_infrastructure to 2024-01-01 00:00:00+00:00, run_after=2024-01-01 00:00:00+00:00
[2026-07-05T02:44:29.954+0000] {processor.py:183} INFO - Processing /opt/airflow/dags/setup_infrastructure_dag.py took 0.116 seconds
[2026-07-05T02:45:00.094+0000] {processor.py:161} INFO - Started process (PID=281) to work on /opt/airflow/dags/setup_infrastructure_dag.py
[2026-07-05T02:45:00.096+0000] {processor.py:830} INFO - Processing file /opt/airflow/dags/setup_infrastructure_dag.py for tasks to queue
[2026-07-05T02:45:00.097+0000] {logging_mixin.py:188} INFO - [2026-07-05T02:45:00.096+0000] {dagbag.py:540} INFO - Filling up the DagBag from /opt/airflow/dags/setup_infrastructure_dag.py
[2026-07-05T02:45:00.122+0000] {processor.py:840} INFO - DAG(s) 'setup_lakehouse_infrastructure' retrieved from /opt/airflow/dags/setup_infrastructure_dag.py
[2026-07-05T02:45:00.145+0000] {logging_mixin.py:188} INFO - [2026-07-05T02:45:00.145+0000] {dag.py:3047} INFO - Sync 1 DAGs
[2026-07-05T02:45:00.165+0000] {logging_mixin.py:188} INFO - [2026-07-05T02:45:00.165+0000] {dag.py:3834} INFO - Setting next_dagrun for setup_lakehouse_infrastructure to 2024-01-01 00:00:00+00:00, run_after=2024-01-01 00:00:00+00:00
[2026-07-05T02:45:00.188+0000] {processor.py:183} INFO - Processing /opt/airflow/dags/setup_infrastructure_dag.py took 0.097 seconds
[2026-07-05T02:45:30.448+0000] {processor.py:161} INFO - Started process (PID=302) to work on /opt/airflow/dags/setup_infrastructure_dag.py
[2026-07-05T02:45:30.449+0000] {processor.py:830} INFO - Processing file /opt/airflow/dags/setup_infrastructure_dag.py for tasks to queue
[2026-07-05T02:45:30.450+0000] {logging_mixin.py:188} INFO - [2026-07-05T02:45:30.450+0000] {dagbag.py:540} INFO - Filling up the DagBag from /opt/airflow/dags/setup_infrastructure_dag.py
[2026-07-05T02:45:30.466+0000] {processor.py:840} INFO - DAG(s) 'setup_lakehouse_infrastructure' retrieved from /opt/airflow/dags/setup_infrastructure_dag.py
[2026-07-05T02:45:30.489+0000] {logging_mixin.py:188} INFO - [2026-07-05T02:45:30.488+0000] {dag.py:3047} INFO - Sync 1 DAGs
[2026-07-05T02:45:30.507+0000] {logging_mixin.py:188} INFO - [2026-07-05T02:45:30.507+0000] {dag.py:3834} INFO - Setting next_dagrun for setup_lakehouse_infrastructure to 2024-01-01 00:00:00+00:00, run_after=2024-01-01 00:00:00+00:00
[2026-07-05T02:45:30.528+0000] {processor.py:183} INFO - Processing /opt/airflow/dags/setup_infrastructure_dag.py took 0.082 seconds
[2026-07-05T02:46:00.948+0000] {processor.py:161} INFO - Started process (PID=321) to work on /opt/airflow/dags/setup_infrastructure_dag.py
[2026-07-05T02:46:00.949+0000] {processor.py:830} INFO - Processing file /opt/airflow/dags/setup_infrastructure_dag.py for tasks to queue
[2026-07-05T02:46:00.950+0000] {logging_mixin.py:188} INFO - [2026-07-05T02:46:00.950+0000] {dagbag.py:540} INFO - Filling up the DagBag from /opt/airflow/dags/setup_infrastructure_dag.py
[2026-07-05T02:46:00.974+0000] {processor.py:840} INFO - DAG(s) 'setup_lakehouse_infrastructure' retrieved from /opt/airflow/dags/setup_infrastructure_dag.py
[2026-07-05T02:46:01.001+0000] {logging_mixin.py:188} INFO - [2026-07-05T02:46:01.001+0000] {dag.py:3047} INFO - Sync 1 DAGs
[2026-07-05T02:46:01.021+0000] {logging_mixin.py:188} INFO - [2026-07-05T02:46:01.021+0000] {dag.py:3834} INFO - Setting next_dagrun for setup_lakehouse_infrastructure to 2024-01-01 00:00:00+00:00, run_after=2024-01-01 00:00:00+00:00
[2026-07-05T02:46:01.040+0000] {processor.py:183} INFO - Processing /opt/airflow/dags/setup_infrastructure_dag.py took 0.095 seconds
[2026-07-05T02:46:31.156+0000] {processor.py:161} INFO - Started process (PID=339) to work on /opt/airflow/dags/setup_infrastructure_dag.py
[2026-07-05T02:46:31.157+0000] {processor.py:830} INFO - Processing file /opt/airflow/dags/setup_infrastructure_dag.py for tasks to queue
[2026-07-05T02:46:31.158+0000] {logging_mixin.py:188} INFO - [2026-07-05T02:46:31.158+0000] {dagbag.py:540} INFO - Filling up the DagBag from /opt/airflow/dags/setup_infrastructure_dag.py
[2026-07-05T02:46:31.174+0000] {processor.py:840} INFO - DAG(s) 'setup_lakehouse_infrastructure' retrieved from /opt/airflow/dags/setup_infrastructure_dag.py
[2026-07-05T02:46:31.198+0000] {logging_mixin.py:188} INFO - [2026-07-05T02:46:31.198+0000] {dag.py:3047} INFO - Sync 1 DAGs
[2026-07-05T02:46:31.216+0000] {logging_mixin.py:188} INFO - [2026-07-05T02:46:31.216+0000] {dag.py:3834} INFO - Setting next_dagrun for setup_lakehouse_infrastructure to 2024-01-01 00:00:00+00:00, run_after=2024-01-01 00:00:00+00:00
[2026-07-05T02:46:31.236+0000] {processor.py:183} INFO - Processing /opt/airflow/dags/setup_infrastructure_dag.py took 0.084 seconds
[2026-07-05T02:47:01.420+0000] {processor.py:161} INFO - Started process (PID=360) to work on /opt/airflow/dags/setup_infrastructure_dag.py
[2026-07-05T02:47:01.421+0000] {processor.py:830} INFO - Processing file /opt/airflow/dags/setup_infrastructure_dag.py for tasks to queue
[2026-07-05T02:47:01.422+0000] {logging_mixin.py:188} INFO - [2026-07-05T02:47:01.422+0000] {dagbag.py:540} INFO - Filling up the DagBag from /opt/airflow/dags/setup_infrastructure_dag.py
[2026-07-05T02:47:01.443+0000] {processor.py:840} INFO - DAG(s) 'setup_lakehouse_infrastructure' retrieved from /opt/airflow/dags/setup_infrastructure_dag.py
[2026-07-05T02:47:01.466+0000] {logging_mixin.py:188} INFO - [2026-07-05T02:47:01.466+0000] {dag.py:3047} INFO - Sync 1 DAGs
[2026-07-05T02:47:01.484+0000] {logging_mixin.py:188} INFO - [2026-07-05T02:47:01.484+0000] {dag.py:3834} INFO - Setting next_dagrun for setup_lakehouse_infrastructure to 2024-01-01 00:00:00+00:00, run_after=2024-01-01 00:00:00+00:00
[2026-07-05T02:47:01.505+0000] {processor.py:183} INFO - Processing /opt/airflow/dags/setup_infrastructure_dag.py took 0.088 seconds
[2026-07-05T02:47:31.770+0000] {processor.py:161} INFO - Started process (PID=381) to work on /opt/airflow/dags/setup_infrastructure_dag.py
[2026-07-05T02:47:31.771+0000] {processor.py:830} INFO - Processing file /opt/airflow/dags/setup_infrastructure_dag.py for tasks to queue
[2026-07-05T02:47:31.772+0000] {logging_mixin.py:188} INFO - [2026-07-05T02:47:31.772+0000] {dagbag.py:540} INFO - Filling up the DagBag from /opt/airflow/dags/setup_infrastructure_dag.py
[2026-07-05T02:47:31.796+0000] {processor.py:840} INFO - DAG(s) 'setup_lakehouse_infrastructure' retrieved from /opt/airflow/dags/setup_infrastructure_dag.py
[2026-07-05T02:47:31.820+0000] {logging_mixin.py:188} INFO - [2026-07-05T02:47:31.820+0000] {dag.py:3047} INFO - Sync 1 DAGs
[2026-07-05T02:47:31.838+0000] {logging_mixin.py:188} INFO - [2026-07-05T02:47:31.838+0000] {dag.py:3834} INFO - Setting next_dagrun for setup_lakehouse_infrastructure to 2024-01-01 00:00:00+00:00, run_after=2024-01-01 00:00:00+00:00
[2026-07-05T02:47:31.859+0000] {processor.py:183} INFO - Processing /opt/airflow/dags/setup_infrastructure_dag.py took 0.091 seconds
[2026-07-05T02:48:01.936+0000] {processor.py:161} INFO - Started process (PID=402) to work on /opt/airflow/dags/setup_infrastructure_dag.py
[2026-07-05T02:48:01.937+0000] {processor.py:830} INFO - Processing file /opt/airflow/dags/setup_infrastructure_dag.py for tasks to queue
[2026-07-05T02:48:01.938+0000] {logging_mixin.py:188} INFO - [2026-07-05T02:48:01.938+0000] {dagbag.py:540} INFO - Filling up the DagBag from /opt/airflow/dags/setup_infrastructure_dag.py
[2026-07-05T02:48:01.968+0000] {processor.py:840} INFO - DAG(s) 'setup_lakehouse_infrastructure' retrieved from /opt/airflow/dags/setup_infrastructure_dag.py
[2026-07-05T02:48:01.992+0000] {logging_mixin.py:188} INFO - [2026-07-05T02:48:01.991+0000] {dag.py:3047} INFO - Sync 1 DAGs
[2026-07-05T02:48:02.015+0000] {logging_mixin.py:188} INFO - [2026-07-05T02:48:02.015+0000] {dag.py:3834} INFO - Setting next_dagrun for setup_lakehouse_infrastructure to 2024-01-01 00:00:00+00:00, run_after=2024-01-01 00:00:00+00:00
[2026-07-05T02:48:02.038+0000] {processor.py:183} INFO - Processing /opt/airflow/dags/setup_infrastructure_dag.py took 0.104 seconds
[2026-07-05T02:48:32.654+0000] {processor.py:161} INFO - Started process (PID=423) to work on /opt/airflow/dags/setup_infrastructure_dag.py
[2026-07-05T02:48:32.655+0000] {processor.py:830} INFO - Processing file /opt/airflow/dags/setup_infrastructure_dag.py for tasks to queue
[2026-07-05T02:48:32.656+0000] {logging_mixin.py:188} INFO - [2026-07-05T02:48:32.655+0000] {dagbag.py:540} INFO - Filling up the DagBag from /opt/airflow/dags/setup_infrastructure_dag.py
[2026-07-05T02:48:32.677+0000] {processor.py:840} INFO - DAG(s) 'setup_lakehouse_infrastructure' retrieved from /opt/airflow/dags/setup_infrastructure_dag.py
[2026-07-05T02:48:32.700+0000] {logging_mixin.py:188} INFO - [2026-07-05T02:48:32.700+0000] {dag.py:3047} INFO - Sync 1 DAGs
[2026-07-05T02:48:32.720+0000] {logging_mixin.py:188} INFO - [2026-07-05T02:48:32.720+0000] {dag.py:3834} INFO - Setting next_dagrun for setup_lakehouse_infrastructure to 2024-01-01 00:00:00+00:00, run_after=2024-01-01 00:00:00+00:00
[2026-07-05T02:48:32.738+0000] {processor.py:183} INFO - Processing /opt/airflow/dags/setup_infrastructure_dag.py took 0.087 seconds
[2026-07-05T02:49:03.166+0000] {processor.py:161} INFO - Started process (PID=444) to work on /opt/airflow/dags/setup_infrastructure_dag.py
[2026-07-05T02:49:03.167+0000] {processor.py:830} INFO - Processing file /opt/airflow/dags/setup_infrastructure_dag.py for tasks to queue
[2026-07-05T02:49:03.168+0000] {logging_mixin.py:188} INFO - [2026-07-05T02:49:03.167+0000] {dagbag.py:540} INFO - Filling up the DagBag from /opt/airflow/dags/setup_infrastructure_dag.py
[2026-07-05T02:49:03.190+0000] {processor.py:840} INFO - DAG(s) 'setup_lakehouse_infrastructure' retrieved from /opt/airflow/dags/setup_infrastructure_dag.py
[2026-07-05T02:49:03.214+0000] {logging_mixin.py:188} INFO - [2026-07-05T02:49:03.214+0000] {dag.py:3047} INFO - Sync 1 DAGs
[2026-07-05T02:49:03.232+0000] {logging_mixin.py:188} INFO - [2026-07-05T02:49:03.232+0000] {dag.py:3834} INFO - Setting next_dagrun for setup_lakehouse_infrastructure to 2024-01-01 00:00:00+00:00, run_after=2024-01-01 00:00:00+00:00
[2026-07-05T02:49:03.252+0000] {processor.py:183} INFO - Processing /opt/airflow/dags/setup_infrastructure_dag.py took 0.089 seconds
[2026-07-05T02:49:33.690+0000] {processor.py:161} INFO - Started process (PID=463) to work on /opt/airflow/dags/setup_infrastructure_dag.py
[2026-07-05T02:49:33.691+0000] {processor.py:830} INFO - Processing file /opt/airflow/dags/setup_infrastructure_dag.py for tasks to queue
[2026-07-05T02:49:33.692+0000] {logging_mixin.py:188} INFO - [2026-07-05T02:49:33.692+0000] {dagbag.py:540} INFO - Filling up the DagBag from /opt/airflow/dags/setup_infrastructure_dag.py
[2026-07-05T02:49:33.719+0000] {processor.py:840} INFO - DAG(s) 'setup_lakehouse_infrastructure' retrieved from /opt/airflow/dags/setup_infrastructure_dag.py
[2026-07-05T02:49:33.744+0000] {logging_mixin.py:188} INFO - [2026-07-05T02:49:33.744+0000] {dag.py:3047} INFO - Sync 1 DAGs
[2026-07-05T02:49:33.763+0000] {logging_mixin.py:188} INFO - [2026-07-05T02:49:33.763+0000] {dag.py:3834} INFO - Setting next_dagrun for setup_lakehouse_infrastructure to 2024-01-01 00:00:00+00:00, run_after=2024-01-01 00:00:00+00:00
[2026-07-05T02:49:33.781+0000] {processor.py:183} INFO - Processing /opt/airflow/dags/setup_infrastructure_dag.py took 0.095 seconds
[2026-07-05T02:50:04.249+0000] {processor.py:161} INFO - Started process (PID=481) to work on /opt/airflow/dags/setup_infrastructure_dag.py
[2026-07-05T02:50:04.251+0000] {processor.py:830} INFO - Processing file /opt/airflow/dags/setup_infrastructure_dag.py for tasks to queue
[2026-07-05T02:50:04.252+0000] {logging_mixin.py:188} INFO - [2026-07-05T02:50:04.252+0000] {dagbag.py:540} INFO - Filling up the DagBag from /opt/airflow/dags/setup_infrastructure_dag.py
[2026-07-05T02:50:04.281+0000] {processor.py:840} INFO - DAG(s) 'setup_lakehouse_infrastructure' retrieved from /opt/airflow/dags/setup_infrastructure_dag.py
[2026-07-05T02:50:04.308+0000] {logging_mixin.py:188} INFO - [2026-07-05T02:50:04.308+0000] {dag.py:3047} INFO - Sync 1 DAGs
[2026-07-05T02:50:04.333+0000] {logging_mixin.py:188} INFO - [2026-07-05T02:50:04.333+0000] {dag.py:3834} INFO - Setting next_dagrun for setup_lakehouse_infrastructure to 2024-01-01 00:00:00+00:00, run_after=2024-01-01 00:00:00+00:00
[2026-07-05T02:50:04.359+0000] {processor.py:183} INFO - Processing /opt/airflow/dags/setup_infrastructure_dag.py took 0.113 seconds
[2026-07-05T02:50:35.083+0000] {processor.py:161} INFO - Started process (PID=502) to work on /opt/airflow/dags/setup_infrastructure_dag.py
[2026-07-05T02:50:35.084+0000] {processor.py:830} INFO - Processing file /opt/airflow/dags/setup_infrastructure_dag.py for tasks to queue
[2026-07-05T02:50:35.086+0000] {logging_mixin.py:188} INFO - [2026-07-05T02:50:35.085+0000] {dagbag.py:540} INFO - Filling up the DagBag from /opt/airflow/dags/setup_infrastructure_dag.py
[2026-07-05T02:50:35.118+0000] {processor.py:840} INFO - DAG(s) 'setup_lakehouse_infrastructure' retrieved from /opt/airflow/dags/setup_infrastructure_dag.py
[2026-07-05T02:50:35.150+0000] {logging_mixin.py:188} INFO - [2026-07-05T02:50:35.150+0000] {dag.py:3047} INFO - Sync 1 DAGs
[2026-07-05T02:50:35.175+0000] {logging_mixin.py:188} INFO - [2026-07-05T02:50:35.175+0000] {dag.py:3834} INFO - Setting next_dagrun for setup_lakehouse_infrastructure to 2024-01-01 00:00:00+00:00, run_after=2024-01-01 00:00:00+00:00
[2026-07-05T02:50:35.199+0000] {processor.py:183} INFO - Processing /opt/airflow/dags/setup_infrastructure_dag.py took 0.120 seconds
[2026-07-05T02:51:05.385+0000] {processor.py:161} INFO - Started process (PID=523) to work on /opt/airflow/dags/setup_infrastructure_dag.py
[2026-07-05T02:51:05.387+0000] {processor.py:830} INFO - Processing file /opt/airflow/dags/setup_infrastructure_dag.py for tasks to queue
[2026-07-05T02:51:05.388+0000] {logging_mixin.py:188} INFO - [2026-07-05T02:51:05.387+0000] {dagbag.py:540} INFO - Filling up the DagBag from /opt/airflow/dags/setup_infrastructure_dag.py
[2026-07-05T02:51:05.423+0000] {processor.py:840} INFO - DAG(s) 'setup_lakehouse_infrastructure' retrieved from /opt/airflow/dags/setup_infrastructure_dag.py
[2026-07-05T02:51:05.454+0000] {logging_mixin.py:188} INFO - [2026-07-05T02:51:05.454+0000] {dag.py:3047} INFO - Sync 1 DAGs
[2026-07-05T02:51:05.481+0000] {logging_mixin.py:188} INFO - [2026-07-05T02:51:05.481+0000] {dag.py:3834} INFO - Setting next_dagrun for setup_lakehouse_infrastructure to 2024-01-01 00:00:00+00:00, run_after=2024-01-01 00:00:00+00:00
[2026-07-05T02:51:05.509+0000] {processor.py:183} INFO - Processing /opt/airflow/dags/setup_infrastructure_dag.py took 0.127 seconds
[2026-07-05T02:51:35.904+0000] {processor.py:161} INFO - Started process (PID=544) to work on /opt/airflow/dags/setup_infrastructure_dag.py
[2026-07-05T02:51:35.905+0000] {processor.py:830} INFO - Processing file /opt/airflow/dags/setup_infrastructure_dag.py for tasks to queue
[2026-07-05T02:51:35.906+0000] {logging_mixin.py:188} INFO - [2026-07-05T02:51:35.905+0000] {dagbag.py:540} INFO - Filling up the DagBag from /opt/airflow/dags/setup_infrastructure_dag.py
[2026-07-05T02:51:35.927+0000] {processor.py:840} INFO - DAG(s) 'setup_lakehouse_infrastructure' retrieved from /opt/airflow/dags/setup_infrastructure_dag.py
[2026-07-05T02:51:35.950+0000] {logging_mixin.py:188} INFO - [2026-07-05T02:51:35.950+0000] {dag.py:3047} INFO - Sync 1 DAGs
[2026-07-05T02:51:35.969+0000] {logging_mixin.py:188} INFO - [2026-07-05T02:51:35.969+0000] {dag.py:3834} INFO - Setting next_dagrun for setup_lakehouse_infrastructure to 2024-01-01 00:00:00+00:00, run_after=2024-01-01 00:00:00+00:00
[2026-07-05T02:51:35.990+0000] {processor.py:183} INFO - Processing /opt/airflow/dags/setup_infrastructure_dag.py took 0.089 seconds
[2026-07-05T02:52:06.043+0000] {processor.py:161} INFO - Started process (PID=565) to work on /opt/airflow/dags/setup_infrastructure_dag.py
[2026-07-05T02:52:06.044+0000] {processor.py:830} INFO - Processing file /opt/airflow/dags/setup_infrastructure_dag.py for tasks to queue
[2026-07-05T02:52:06.045+0000] {logging_mixin.py:188} INFO - [2026-07-05T02:52:06.045+0000] {dagbag.py:540} INFO - Filling up the DagBag from /opt/airflow/dags/setup_infrastructure_dag.py
[2026-07-05T02:52:06.070+0000] {processor.py:840} INFO - DAG(s) 'setup_lakehouse_infrastructure' retrieved from /opt/airflow/dags/setup_infrastructure_dag.py
[2026-07-05T02:52:06.092+0000] {logging_mixin.py:188} INFO - [2026-07-05T02:52:06.092+0000] {dag.py:3047} INFO - Sync 1 DAGs
[2026-07-05T02:52:06.111+0000] {logging_mixin.py:188} INFO - [2026-07-05T02:52:06.111+0000] {dag.py:3834} INFO - Setting next_dagrun for setup_lakehouse_infrastructure to 2024-01-01 00:00:00+00:00, run_after=2024-01-01 00:00:00+00:00
[2026-07-05T02:52:06.135+0000] {processor.py:183} INFO - Processing /opt/airflow/dags/setup_infrastructure_dag.py took 0.096 seconds
[2026-07-05T02:52:36.644+0000] {processor.py:161} INFO - Started process (PID=586) to work on /opt/airflow/dags/setup_infrastructure_dag.py
[2026-07-05T02:52:36.645+0000] {processor.py:830} INFO - Processing file /opt/airflow/dags/setup_infrastructure_dag.py for tasks to queue
[2026-07-05T02:52:36.646+0000] {logging_mixin.py:188} INFO - [2026-07-05T02:52:36.646+0000] {dagbag.py:540} INFO - Filling up the DagBag from /opt/airflow/dags/setup_infrastructure_dag.py
[2026-07-05T02:52:36.666+0000] {processor.py:840} INFO - DAG(s) 'setup_lakehouse_infrastructure' retrieved from /opt/airflow/dags/setup_infrastructure_dag.py
[2026-07-05T02:52:36.690+0000] {logging_mixin.py:188} INFO - [2026-07-05T02:52:36.690+0000] {dag.py:3047} INFO - Sync 1 DAGs
[2026-07-05T02:52:36.708+0000] {logging_mixin.py:188} INFO - [2026-07-05T02:52:36.708+0000] {dag.py:3834} INFO - Setting next_dagrun for setup_lakehouse_infrastructure to 2024-01-01 00:00:00+00:00, run_after=2024-01-01 00:00:00+00:00
[2026-07-05T02:52:36.729+0000] {processor.py:183} INFO - Processing /opt/airflow/dags/setup_infrastructure_dag.py took 0.088 seconds
[2026-07-05T02:53:07.357+0000] {processor.py:161} INFO - Started process (PID=605) to work on /opt/airflow/dags/setup_infrastructure_dag.py
[2026-07-05T02:53:07.358+0000] {processor.py:830} INFO - Processing file /opt/airflow/dags/setup_infrastructure_dag.py for tasks to queue
[2026-07-05T02:53:07.359+0000] {logging_mixin.py:188} INFO - [2026-07-05T02:53:07.359+0000] {dagbag.py:540} INFO - Filling up the DagBag from /opt/airflow/dags/setup_infrastructure_dag.py
[2026-07-05T02:53:07.384+0000] {processor.py:840} INFO - DAG(s) 'setup_lakehouse_infrastructure' retrieved from /opt/airflow/dags/setup_infrastructure_dag.py
[2026-07-05T02:53:07.411+0000] {logging_mixin.py:188} INFO - [2026-07-05T02:53:07.411+0000] {dag.py:3047} INFO - Sync 1 DAGs
[2026-07-05T02:53:07.431+0000] {logging_mixin.py:188} INFO - [2026-07-05T02:53:07.430+0000] {dag.py:3834} INFO - Setting next_dagrun for setup_lakehouse_infrastructure to 2024-01-01 00:00:00+00:00, run_after=2024-01-01 00:00:00+00:00
[2026-07-05T02:53:07.448+0000] {processor.py:183} INFO - Processing /opt/airflow/dags/setup_infrastructure_dag.py took 0.094 seconds
[2026-07-05T02:53:38.037+0000] {processor.py:161} INFO - Started process (PID=623) to work on /opt/airflow/dags/setup_infrastructure_dag.py
[2026-07-05T02:53:38.038+0000] {processor.py:830} INFO - Processing file /opt/airflow/dags/setup_infrastructure_dag.py for tasks to queue
[2026-07-05T02:53:38.039+0000] {logging_mixin.py:188} INFO - [2026-07-05T02:53:38.039+0000] {dagbag.py:540} INFO - Filling up the DagBag from /opt/airflow/dags/setup_infrastructure_dag.py
[2026-07-05T02:53:38.072+0000] {processor.py:840} INFO - DAG(s) 'setup_lakehouse_infrastructure' retrieved from /opt/airflow/dags/setup_infrastructure_dag.py
[2026-07-05T02:53:38.097+0000] {logging_mixin.py:188} INFO - [2026-07-05T02:53:38.097+0000] {dag.py:3047} INFO - Sync 1 DAGs
[2026-07-05T02:53:38.116+0000] {logging_mixin.py:188} INFO - [2026-07-05T02:53:38.115+0000] {dag.py:3834} INFO - Setting next_dagrun for setup_lakehouse_infrastructure to 2024-01-01 00:00:00+00:00, run_after=2024-01-01 00:00:00+00:00
[2026-07-05T02:53:38.140+0000] {processor.py:183} INFO - Processing /opt/airflow/dags/setup_infrastructure_dag.py took 0.106 seconds
[2026-07-05T02:54:08.515+0000] {processor.py:161} INFO - Started process (PID=644) to work on /opt/airflow/dags/setup_infrastructure_dag.py
[2026-07-05T02:54:08.516+0000] {processor.py:830} INFO - Processing file /opt/airflow/dags/setup_infrastructure_dag.py for tasks to queue
[2026-07-05T02:54:08.517+0000] {logging_mixin.py:188} INFO - [2026-07-05T02:54:08.516+0000] {dagbag.py:540} INFO - Filling up the DagBag from /opt/airflow/dags/setup_infrastructure_dag.py
[2026-07-05T02:54:08.537+0000] {processor.py:840} INFO - DAG(s) 'setup_lakehouse_infrastructure' retrieved from /opt/airflow/dags/setup_infrastructure_dag.py
[2026-07-05T02:54:08.560+0000] {logging_mixin.py:188} INFO - [2026-07-05T02:54:08.560+0000] {dag.py:3047} INFO - Sync 1 DAGs
[2026-07-05T02:54:08.580+0000] {logging_mixin.py:188} INFO - [2026-07-05T02:54:08.579+0000] {dag.py:3834} INFO - Setting next_dagrun for setup_lakehouse_infrastructure to 2024-01-01 00:00:00+00:00, run_after=2024-01-01 00:00:00+00:00
[2026-07-05T02:54:08.604+0000] {processor.py:183} INFO - Processing /opt/airflow/dags/setup_infrastructure_dag.py took 0.092 seconds
[2026-07-05T02:54:38.993+0000] {processor.py:161} INFO - Started process (PID=665) to work on /opt/airflow/dags/setup_infrastructure_dag.py
[2026-07-05T02:54:38.994+0000] {processor.py:830} INFO - Processing file /opt/airflow/dags/setup_infrastructure_dag.py for tasks to queue
[2026-07-05T02:54:38.996+0000] {logging_mixin.py:188} INFO - [2026-07-05T02:54:38.995+0000] {dagbag.py:540} INFO - Filling up the DagBag from /opt/airflow/dags/setup_infrastructure_dag.py
[2026-07-05T02:54:39.022+0000] {processor.py:840} INFO - DAG(s) 'setup_lakehouse_infrastructure' retrieved from /opt/airflow/dags/setup_infrastructure_dag.py
[2026-07-05T02:54:39.046+0000] {logging_mixin.py:188} INFO - [2026-07-05T02:54:39.045+0000] {dag.py:3047} INFO - Sync 1 DAGs
[2026-07-05T02:54:39.066+0000] {logging_mixin.py:188} INFO - [2026-07-05T02:54:39.066+0000] {dag.py:3834} INFO - Setting next_dagrun for setup_lakehouse_infrastructure to 2024-01-01 00:00:00+00:00, run_after=2024-01-01 00:00:00+00:00
[2026-07-05T02:54:39.091+0000] {processor.py:183} INFO - Processing /opt/airflow/dags/setup_infrastructure_dag.py took 0.100 seconds
[2026-07-05T02:55:09.509+0000] {processor.py:161} INFO - Started process (PID=686) to work on /opt/airflow/dags/setup_infrastructure_dag.py
[2026-07-05T02:55:09.510+0000] {processor.py:830} INFO - Processing file /opt/airflow/dags/setup_infrastructure_dag.py for tasks to queue
[2026-07-05T02:55:09.512+0000] {logging_mixin.py:188} INFO - [2026-07-05T02:55:09.511+0000] {dagbag.py:540} INFO - Filling up the DagBag from /opt/airflow/dags/setup_infrastructure_dag.py
[2026-07-05T02:55:09.528+0000] {processor.py:840} INFO - DAG(s) 'setup_lakehouse_infrastructure' retrieved from /opt/airflow/dags/setup_infrastructure_dag.py
[2026-07-05T02:55:09.551+0000] {logging_mixin.py:188} INFO - [2026-07-05T02:55:09.551+0000] {dag.py:3047} INFO - Sync 1 DAGs
[2026-07-05T02:55:09.569+0000] {logging_mixin.py:188} INFO - [2026-07-05T02:55:09.569+0000] {dag.py:3834} INFO - Setting next_dagrun for setup_lakehouse_infrastructure to 2024-01-01 00:00:00+00:00, run_after=2024-01-01 00:00:00+00:00
[2026-07-05T02:55:09.589+0000] {processor.py:183} INFO - Processing /opt/airflow/dags/setup_infrastructure_dag.py took 0.083 seconds
[2026-07-05T02:55:40.211+0000] {processor.py:161} INFO - Started process (PID=707) to work on /opt/airflow/dags/setup_infrastructure_dag.py
[2026-07-05T02:55:40.212+0000] {processor.py:830} INFO - Processing file /opt/airflow/dags/setup_infrastructure_dag.py for tasks to queue
[2026-07-05T02:55:40.214+0000] {logging_mixin.py:188} INFO - [2026-07-05T02:55:40.213+0000] {dagbag.py:540} INFO - Filling up the DagBag from /opt/airflow/dags/setup_infrastructure_dag.py
[2026-07-05T02:55:40.238+0000] {processor.py:840} INFO - DAG(s) 'setup_lakehouse_infrastructure' retrieved from /opt/airflow/dags/setup_infrastructure_dag.py
[2026-07-05T02:55:40.265+0000] {logging_mixin.py:188} INFO - [2026-07-05T02:55:40.265+0000] {dag.py:3047} INFO - Sync 1 DAGs
[2026-07-05T02:55:40.283+0000] {logging_mixin.py:188} INFO - [2026-07-05T02:55:40.283+0000] {dag.py:3834} INFO - Setting next_dagrun for setup_lakehouse_infrastructure to 2024-01-01 00:00:00+00:00, run_after=2024-01-01 00:00:00+00:00
[2026-07-05T02:55:40.305+0000] {processor.py:183} INFO - Processing /opt/airflow/dags/setup_infrastructure_dag.py took 0.097 seconds
[2026-07-05T02:56:10.662+0000] {processor.py:161} INFO - Started process (PID=726) to work on /opt/airflow/dags/setup_infrastructure_dag.py
[2026-07-05T02:56:10.663+0000] {processor.py:830} INFO - Processing file /opt/airflow/dags/setup_infrastructure_dag.py for tasks to queue
[2026-07-05T02:56:10.665+0000] {logging_mixin.py:188} INFO - [2026-07-05T02:56:10.664+0000] {dagbag.py:540} INFO - Filling up the DagBag from /opt/airflow/dags/setup_infrastructure_dag.py
[2026-07-05T02:56:10.689+0000] {processor.py:840} INFO - DAG(s) 'setup_lakehouse_infrastructure' retrieved from /opt/airflow/dags/setup_infrastructure_dag.py
[2026-07-05T02:56:10.717+0000] {logging_mixin.py:188} INFO - [2026-07-05T02:56:10.717+0000] {dag.py:3047} INFO - Sync 1 DAGs
[2026-07-05T02:56:10.737+0000] {logging_mixin.py:188} INFO - [2026-07-05T02:56:10.737+0000] {dag.py:3834} INFO - Setting next_dagrun for setup_lakehouse_infrastructure to 2024-01-01 00:00:00+00:00, run_after=2024-01-01 00:00:00+00:00
[2026-07-05T02:56:10.755+0000] {processor.py:183} INFO - Processing /opt/airflow/dags/setup_infrastructure_dag.py took 0.096 seconds
[2026-07-05T02:56:41.375+0000] {processor.py:161} INFO - Started process (PID=747) to work on /opt/airflow/dags/setup_infrastructure_dag.py
[2026-07-05T02:56:41.376+0000] {processor.py:830} INFO - Processing file /opt/airflow/dags/setup_infrastructure_dag.py for tasks to queue
[2026-07-05T02:56:41.377+0000] {logging_mixin.py:188} INFO - [2026-07-05T02:56:41.377+0000] {dagbag.py:540} INFO - Filling up the DagBag from /opt/airflow/dags/setup_infrastructure_dag.py
[2026-07-05T02:56:41.405+0000] {processor.py:840} INFO - DAG(s) 'setup_lakehouse_infrastructure' retrieved from /opt/airflow/dags/setup_infrastructure_dag.py
[2026-07-05T02:56:41.434+0000] {logging_mixin.py:188} INFO - [2026-07-05T02:56:41.434+0000] {dag.py:3047} INFO - Sync 1 DAGs
[2026-07-05T02:56:41.456+0000] {logging_mixin.py:188} INFO - [2026-07-05T02:56:41.455+0000] {dag.py:3834} INFO - Setting next_dagrun for setup_lakehouse_infrastructure to 2024-01-01 00:00:00+00:00, run_after=2024-01-01 00:00:00+00:00
[2026-07-05T02:56:41.477+0000] {processor.py:183} INFO - Processing /opt/airflow/dags/setup_infrastructure_dag.py took 0.104 seconds
[2026-07-05T02:57:12.189+0000] {processor.py:161} INFO - Started process (PID=765) to work on /opt/airflow/dags/setup_infrastructure_dag.py
[2026-07-05T02:57:12.191+0000] {processor.py:830} INFO - Processing file /opt/airflow/dags/setup_infrastructure_dag.py for tasks to queue
[2026-07-05T02:57:12.192+0000] {logging_mixin.py:188} INFO - [2026-07-05T02:57:12.191+0000] {dagbag.py:540} INFO - Filling up the DagBag from /opt/airflow/dags/setup_infrastructure_dag.py
[2026-07-05T02:57:12.216+0000] {processor.py:840} INFO - DAG(s) 'setup_lakehouse_infrastructure' retrieved from /opt/airflow/dags/setup_infrastructure_dag.py
[2026-07-05T02:57:12.239+0000] {logging_mixin.py:188} INFO - [2026-07-05T02:57:12.239+0000] {dag.py:3047} INFO - Sync 1 DAGs
[2026-07-05T02:57:12.257+0000] {logging_mixin.py:188} INFO - [2026-07-05T02:57:12.257+0000] {dag.py:3834} INFO - Setting next_dagrun for setup_lakehouse_infrastructure to 2024-01-01 00:00:00+00:00, run_after=2024-01-01 00:00:00+00:00
[2026-07-05T02:57:12.280+0000] {processor.py:183} INFO - Processing /opt/airflow/dags/setup_infrastructure_dag.py took 0.094 seconds
[2026-07-05T02:57:43.111+0000] {processor.py:161} INFO - Started process (PID=786) to work on /opt/airflow/dags/setup_infrastructure_dag.py
[2026-07-05T02:57:43.112+0000] {processor.py:830} INFO - Processing file /opt/airflow/dags/setup_infrastructure_dag.py for tasks to queue
[2026-07-05T02:57:43.114+0000] {logging_mixin.py:188} INFO - [2026-07-05T02:57:43.114+0000] {dagbag.py:540} INFO - Filling up the DagBag from /opt/airflow/dags/setup_infrastructure_dag.py
[2026-07-05T02:57:43.155+0000] {processor.py:840} INFO - DAG(s) 'setup_lakehouse_infrastructure' retrieved from /opt/airflow/dags/setup_infrastructure_dag.py
[2026-07-05T02:57:43.180+0000] {logging_mixin.py:188} INFO - [2026-07-05T02:57:43.180+0000] {dag.py:3047} INFO - Sync 1 DAGs
[2026-07-05T02:57:43.202+0000] {logging_mixin.py:188} INFO - [2026-07-05T02:57:43.202+0000] {dag.py:3834} INFO - Setting next_dagrun for setup_lakehouse_infrastructure to 2024-01-01 00:00:00+00:00, run_after=2024-01-01 00:00:00+00:00
[2026-07-05T02:57:43.227+0000] {processor.py:183} INFO - Processing /opt/airflow/dags/setup_infrastructure_dag.py took 0.119 seconds
[2026-07-05T02:58:13.477+0000] {processor.py:161} INFO - Started process (PID=835) to work on /opt/airflow/dags/setup_infrastructure_dag.py
[2026-07-05T02:58:13.478+0000] {processor.py:830} INFO - Processing file /opt/airflow/dags/setup_infrastructure_dag.py for tasks to queue
[2026-07-05T02:58:13.479+0000] {logging_mixin.py:188} INFO - [2026-07-05T02:58:13.478+0000] {dagbag.py:540} INFO - Filling up the DagBag from /opt/airflow/dags/setup_infrastructure_dag.py
[2026-07-05T02:58:13.506+0000] {processor.py:840} INFO - DAG(s) 'setup_lakehouse_infrastructure' retrieved from /opt/airflow/dags/setup_infrastructure_dag.py
[2026-07-05T02:58:13.529+0000] {logging_mixin.py:188} INFO - [2026-07-05T02:58:13.529+0000] {dag.py:3047} INFO - Sync 1 DAGs
[2026-07-05T02:58:13.548+0000] {logging_mixin.py:188} INFO - [2026-07-05T02:58:13.548+0000] {dag.py:3834} INFO - Setting next_dagrun for setup_lakehouse_infrastructure to 2024-01-01 00:00:00+00:00, run_after=2024-01-01 00:00:00+00:00
[2026-07-05T02:58:13.574+0000] {processor.py:183} INFO - Processing /opt/airflow/dags/setup_infrastructure_dag.py took 0.100 seconds
