[2026-07-21T04:47:11.903+0000] {local_task_job_runner.py:123} INFO - ::group::Pre task execution logs
[2026-07-21T04:47:11.951+0000] {taskinstance.py:2612} INFO - Dependencies all met for dep_context=non-requeueable deps ti=<TaskInstance: lakehouse_incremental_compaction.run_incremental_optimize scheduled__2026-07-20T02:00:00+00:00 map_index=2 [queued]>
[2026-07-21T04:47:11.974+0000] {taskinstance.py:2612} INFO - Dependencies all met for dep_context=requeueable deps ti=<TaskInstance: lakehouse_incremental_compaction.run_incremental_optimize scheduled__2026-07-20T02:00:00+00:00 map_index=2 [queued]>
[2026-07-21T04:47:11.976+0000] {taskinstance.py:2865} INFO - Starting attempt 2 of 3
[2026-07-21T04:47:12.012+0000] {taskinstance.py:2888} INFO - Executing <Mapped(_PythonDecoratedOperator): run_incremental_optimize> on 2026-07-20 02:00:00+00:00
[2026-07-21T04:47:12.018+0000] {standard_task_runner.py:72} INFO - Started process 4066 to run task
[2026-07-21T04:47:12.022+0000] {standard_task_runner.py:104} INFO - Running: ['airflow', 'tasks', 'run', 'lakehouse_incremental_compaction', 'run_incremental_optimize', 'scheduled__2026-07-20T02:00:00+00:00', '--job-id', '43', '--raw', '--subdir', 'DAGS_FOLDER/lakehouse_incremental_compaction_dag.py', '--cfg-path', '/tmp/tmp99vua0ia', '--map-index', '2']
[2026-07-21T04:47:12.026+0000] {standard_task_runner.py:105} INFO - Job 43: Subtask run_incremental_optimize
[2026-07-21T04:47:12.137+0000] {task_command.py:467} INFO - Running <TaskInstance: lakehouse_incremental_compaction.run_incremental_optimize scheduled__2026-07-20T02:00:00+00:00 map_index=2 [running]> on host f323e2c81486
[2026-07-21T04:47:12.785+0000] {taskinstance.py:3131} INFO - Exporting env vars: AIRFLOW_CTX_DAG_OWNER='data_engineering_team' AIRFLOW_CTX_DAG_ID='lakehouse_incremental_compaction' AIRFLOW_CTX_TASK_ID='run_incremental_optimize' AIRFLOW_CTX_EXECUTION_DATE='2026-07-20T02:00:00+00:00' AIRFLOW_CTX_TRY_NUMBER='2' AIRFLOW_CTX_DAG_RUN_ID='scheduled__2026-07-20T02:00:00+00:00'
[2026-07-21T04:47:12.789+0000] {taskinstance.py:731} INFO - ::endgroup::
[2026-07-21T04:47:12.793+0000] {lakehouse_incremental_compaction_dag.py:137} INFO - 🚀 Bắt đầu tối ưu hóa: lakehouse.silver.dim_dates (Lookback: 14 days)
[2026-07-21T04:47:12.798+0000] {base.py:84} INFO - Retrieving connection 'trino_default'
[2026-07-21T04:47:12.801+0000] {base.py:84} INFO - Retrieving connection 'trino_default'
[2026-07-21T04:47:12.808+0000] {sql.py:509} INFO - Running statement: 
            ALTER TABLE lakehouse.silver.dim_dates 
            EXECUTE OPTIMIZE(file_size_threshold => '256MB')
            WHERE date_received >= current_date - interval '14' day
        , parameters: None
[2026-07-21T04:47:12.959+0000] {lakehouse_incremental_compaction_dag.py:165} ERROR - ❌ THẤT BẠI: Lỗi không xác định trên bảng lakehouse.silver.dim_dates: TrinoUserError(type=USER_ERROR, name=COLUMN_NOT_FOUND, message="line 4:19: Column 'date_received' cannot be resolved", query_id=20260721_044712_00101_pge26)
[2026-07-21T04:47:13.009+0000] {taskinstance.py:3310} ERROR - Task failed with exception
Traceback (most recent call last):
  File "/opt/airflow/dags/lakehouse_incremental_compaction_dag.py", line 141, in run_incremental_optimize
    trino_hook.run(optimize_sql)
  File "/home/airflow/.local/lib/python3.10/site-packages/airflow/providers/common/sql/hooks/sql.py", line 456, in run
    self._run_command(cur, sql_statement, parameters)
  File "/home/airflow/.local/lib/python3.10/site-packages/airflow/providers/common/sql/hooks/sql.py", line 514, in _run_command
    cur.execute(sql_statement)
  File "/home/airflow/.local/lib/python3.10/site-packages/trino/dbapi.py", line 589, in execute
    self._iterator = iter(self._query.execute())
  File "/home/airflow/.local/lib/python3.10/site-packages/trino/client.py", line 819, in execute
    self._result.rows += self.fetch()
  File "/home/airflow/.local/lib/python3.10/site-packages/trino/client.py", line 839, in fetch
    status = self._request.process(response)
  File "/home/airflow/.local/lib/python3.10/site-packages/trino/client.py", line 611, in process
    raise self._process_error(response["error"], response.get("id"))
trino.exceptions.TrinoUserError: TrinoUserError(type=USER_ERROR, name=COLUMN_NOT_FOUND, message="line 4:19: Column 'date_received' cannot be resolved", query_id=20260721_044712_00101_pge26)

During handling of the above exception, another exception occurred:

Traceback (most recent call last):
  File "/home/airflow/.local/lib/python3.10/site-packages/airflow/models/taskinstance.py", line 762, in _execute_task
    result = _execute_callable(context=context, **execute_callable_kwargs)
  File "/home/airflow/.local/lib/python3.10/site-packages/airflow/models/taskinstance.py", line 733, in _execute_callable
    return ExecutionCallableRunner(
  File "/home/airflow/.local/lib/python3.10/site-packages/airflow/utils/operator_helpers.py", line 252, in run
    return self.func(*args, **kwargs)
  File "/home/airflow/.local/lib/python3.10/site-packages/airflow/models/baseoperator.py", line 406, in wrapper
    return func(self, *args, **kwargs)
  File "/home/airflow/.local/lib/python3.10/site-packages/airflow/decorators/base.py", line 266, in execute
    return_value = super().execute(context)
  File "/home/airflow/.local/lib/python3.10/site-packages/airflow/models/baseoperator.py", line 406, in wrapper
    return func(self, *args, **kwargs)
  File "/home/airflow/.local/lib/python3.10/site-packages/airflow/operators/python.py", line 238, in execute
    return_value = self.execute_callable()
  File "/home/airflow/.local/lib/python3.10/site-packages/airflow/operators/python.py", line 256, in execute_callable
    return runner.run(*self.op_args, **self.op_kwargs)
  File "/home/airflow/.local/lib/python3.10/site-packages/airflow/utils/operator_helpers.py", line 252, in run
    return self.func(*args, **kwargs)
  File "/opt/airflow/dags/lakehouse_incremental_compaction_dag.py", line 166, in run_incremental_optimize
    raise AirflowException(f"Optimization failed for {full_table_name}")
airflow.exceptions.AirflowException: Optimization failed for lakehouse.silver.dim_dates
[2026-07-21T04:47:13.048+0000] {taskinstance.py:1225} INFO - Marking task as UP_FOR_RETRY. dag_id=lakehouse_incremental_compaction, task_id=run_incremental_optimize, run_id=scheduled__2026-07-20T02:00:00+00:00, map_index=2, execution_date=20260720T020000, start_date=20260721T044711, end_date=20260721T044713
[2026-07-21T04:47:13.094+0000] {taskinstance.py:340} INFO - ::group::Post task execution logs
[2026-07-21T04:47:13.099+0000] {standard_task_runner.py:124} ERROR - Failed to execute job 43 for task run_incremental_optimize (Optimization failed for lakehouse.silver.dim_dates; 4066)
Traceback (most recent call last):
  File "/opt/airflow/dags/lakehouse_incremental_compaction_dag.py", line 141, in run_incremental_optimize
    trino_hook.run(optimize_sql)
  File "/home/airflow/.local/lib/python3.10/site-packages/airflow/providers/common/sql/hooks/sql.py", line 456, in run
    self._run_command(cur, sql_statement, parameters)
  File "/home/airflow/.local/lib/python3.10/site-packages/airflow/providers/common/sql/hooks/sql.py", line 514, in _run_command
    cur.execute(sql_statement)
  File "/home/airflow/.local/lib/python3.10/site-packages/trino/dbapi.py", line 589, in execute
    self._iterator = iter(self._query.execute())
  File "/home/airflow/.local/lib/python3.10/site-packages/trino/client.py", line 819, in execute
    self._result.rows += self.fetch()
  File "/home/airflow/.local/lib/python3.10/site-packages/trino/client.py", line 839, in fetch
    status = self._request.process(response)
  File "/home/airflow/.local/lib/python3.10/site-packages/trino/client.py", line 611, in process
    raise self._process_error(response["error"], response.get("id"))
trino.exceptions.TrinoUserError: TrinoUserError(type=USER_ERROR, name=COLUMN_NOT_FOUND, message="line 4:19: Column 'date_received' cannot be resolved", query_id=20260721_044712_00101_pge26)

During handling of the above exception, another exception occurred:

Traceback (most recent call last):
  File "/home/airflow/.local/lib/python3.10/site-packages/airflow/task/task_runner/standard_task_runner.py", line 117, in _start_by_fork
    ret = args.func(args, dag=self.dag)
  File "/home/airflow/.local/lib/python3.10/site-packages/airflow/cli/cli_config.py", line 49, in command
    return func(*args, **kwargs)
  File "/home/airflow/.local/lib/python3.10/site-packages/airflow/utils/cli.py", line 115, in wrapper
    return f(*args, **kwargs)
  File "/home/airflow/.local/lib/python3.10/site-packages/airflow/cli/commands/task_command.py", line 483, in task_run
    task_return_code = _run_task_by_selected_method(args, _dag, ti)
  File "/home/airflow/.local/lib/python3.10/site-packages/airflow/cli/commands/task_command.py", line 256, in _run_task_by_selected_method
    return _run_raw_task(args, ti)
  File "/home/airflow/.local/lib/python3.10/site-packages/airflow/cli/commands/task_command.py", line 341, in _run_raw_task
    return ti._run_raw_task(
  File "/home/airflow/.local/lib/python3.10/site-packages/airflow/utils/session.py", line 97, in wrapper
    return func(*args, session=session, **kwargs)
  File "/home/airflow/.local/lib/python3.10/site-packages/airflow/models/taskinstance.py", line 3004, in _run_raw_task
    return _run_raw_task(
  File "/home/airflow/.local/lib/python3.10/site-packages/airflow/models/taskinstance.py", line 273, in _run_raw_task
    TaskInstance._execute_task_with_callbacks(
  File "/home/airflow/.local/lib/python3.10/site-packages/airflow/models/taskinstance.py", line 3158, in _execute_task_with_callbacks
    result = self._execute_task(context, task_orig)
  File "/home/airflow/.local/lib/python3.10/site-packages/airflow/models/taskinstance.py", line 3182, in _execute_task
    return _execute_task(self, context, task_orig)
  File "/home/airflow/.local/lib/python3.10/site-packages/airflow/models/taskinstance.py", line 762, in _execute_task
    result = _execute_callable(context=context, **execute_callable_kwargs)
  File "/home/airflow/.local/lib/python3.10/site-packages/airflow/models/taskinstance.py", line 733, in _execute_callable
    return ExecutionCallableRunner(
  File "/home/airflow/.local/lib/python3.10/site-packages/airflow/utils/operator_helpers.py", line 252, in run
    return self.func(*args, **kwargs)
  File "/home/airflow/.local/lib/python3.10/site-packages/airflow/models/baseoperator.py", line 406, in wrapper
    return func(self, *args, **kwargs)
  File "/home/airflow/.local/lib/python3.10/site-packages/airflow/decorators/base.py", line 266, in execute
    return_value = super().execute(context)
  File "/home/airflow/.local/lib/python3.10/site-packages/airflow/models/baseoperator.py", line 406, in wrapper
    return func(self, *args, **kwargs)
  File "/home/airflow/.local/lib/python3.10/site-packages/airflow/operators/python.py", line 238, in execute
    return_value = self.execute_callable()
  File "/home/airflow/.local/lib/python3.10/site-packages/airflow/operators/python.py", line 256, in execute_callable
    return runner.run(*self.op_args, **self.op_kwargs)
  File "/home/airflow/.local/lib/python3.10/site-packages/airflow/utils/operator_helpers.py", line 252, in run
    return self.func(*args, **kwargs)
  File "/opt/airflow/dags/lakehouse_incremental_compaction_dag.py", line 166, in run_incremental_optimize
    raise AirflowException(f"Optimization failed for {full_table_name}")
airflow.exceptions.AirflowException: Optimization failed for lakehouse.silver.dim_dates
[2026-07-21T04:47:13.127+0000] {local_task_job_runner.py:266} INFO - Task exited with return code 1
[2026-07-21T04:47:13.171+0000] {taskinstance.py:3900} INFO - 0 downstream tasks scheduled from follow-on schedule check
[2026-07-21T04:47:13.181+0000] {local_task_job_runner.py:245} INFO - ::endgroup::
