[2026-07-14T05:01:12.495+0000] {local_task_job_runner.py:123} INFO - ::group::Pre task execution logs
[2026-07-14T05:01:12.523+0000] {taskinstance.py:2612} INFO - Dependencies all met for dep_context=non-requeueable deps ti=<TaskInstance: dbt_silver_gold_incremental.transform_gold.dim_locations.run manual__2026-07-14T05:00:00.818467+00:00 [queued]>
[2026-07-14T05:01:12.536+0000] {taskinstance.py:2612} INFO - Dependencies all met for dep_context=requeueable deps ti=<TaskInstance: dbt_silver_gold_incremental.transform_gold.dim_locations.run manual__2026-07-14T05:00:00.818467+00:00 [queued]>
[2026-07-14T05:01:12.538+0000] {taskinstance.py:2865} INFO - Starting attempt 1 of 2
[2026-07-14T05:01:12.564+0000] {taskinstance.py:2888} INFO - Executing <Task(DbtRunLocalOperator): transform_gold.dim_locations.run> on 2026-07-14 05:00:00.818467+00:00
[2026-07-14T05:01:12.570+0000] {standard_task_runner.py:72} INFO - Started process 1676 to run task
[2026-07-14T05:01:12.576+0000] {standard_task_runner.py:104} INFO - Running: ['airflow', 'tasks', 'run', 'dbt_silver_gold_incremental', 'transform_gold.dim_locations.run', 'manual__2026-07-14T05:00:00.818467+00:00', '--job-id', '16', '--raw', '--subdir', 'DAGS_FOLDER/dbt_silver_gold.py', '--cfg-path', '/tmp/tmp9wyi5z_2']
[2026-07-14T05:01:12.581+0000] {standard_task_runner.py:105} INFO - Job 16: Subtask transform_gold.dim_locations.run
[2026-07-14T05:01:12.670+0000] {task_command.py:467} INFO - Running <TaskInstance: dbt_silver_gold_incremental.transform_gold.dim_locations.run manual__2026-07-14T05:00:00.818467+00:00 [running]> on host b9944f21a9b7
[2026-07-14T05:01:12.796+0000] {taskinstance.py:3131} INFO - Exporting env vars: AIRFLOW_CTX_DAG_OWNER='data_engineer' AIRFLOW_CTX_DAG_ID='dbt_silver_gold_incremental' AIRFLOW_CTX_TASK_ID='transform_gold.dim_locations.run' AIRFLOW_CTX_EXECUTION_DATE='2026-07-14T05:00:00.818467+00:00' AIRFLOW_CTX_TRY_NUMBER='1' AIRFLOW_CTX_DAG_RUN_ID='manual__2026-07-14T05:00:00.818467+00:00'
[2026-07-14T05:01:12.803+0000] {taskinstance.py:731} INFO - ::endgroup::
[2026-07-14T05:01:14.331+0000] {local.py:294} INFO - dbtRunner is available. Using dbtRunner for invoking dbt.
[2026-07-14T05:01:14.333+0000] {local.py:518} INFO - Cloning project to writable temp directory /tmp/tmp11xu_qn0 from /opt/airflow/dbt_transform
[2026-07-14T05:01:14.344+0000] {local.py:538} INFO - Partial parse is enabled and the latest partial parse file is None
[2026-07-14T05:01:14.346+0000] {config.py:395} INFO - Using user-supplied profiles.yml at /opt/airflow/dbt_transform/profiles.yml
[2026-07-14T05:01:14.359+0000] {runner.py:95} INFO - Trying to run dbtRunner with:
 ['deps', '--project-dir', '/tmp/tmp11xu_qn0', '--profiles-dir', '/opt/airflow/dbt_transform', '--profile', 'lakehouse_dbt', '--target', 'dev', '--no-static-parser']
 in /tmp/tmp11xu_qn0
[2026-07-14T05:01:14.457+0000] {logging_mixin.py:190} INFO - 05:01:14  Running with dbt=1.8.8
[2026-07-14T05:01:14.609+0000] {converter.py:314} INFO - ::group::Cosmos DAG parsing logs
[2026-07-14T05:01:14.613+0000] {graph.py:869} INFO - Trying to parse the dbt project using dbt ls cache cosmos_cache__dbt_silver_gold_incremental__transform_silver...
[2026-07-14T05:01:16.453+0000] {cache.py:383} INFO - Cosmos performance: time to calculate cache identifier cosmos_cache__dbt_silver_gold_incremental__transform_silver for current version: 1.8256434010017983
[2026-07-14T05:01:16.455+0000] {graph.py:886} INFO - Cosmos performance [b9944f21a9b7|1676]: The cache size for cosmos_cache__dbt_silver_gold_incremental__transform_silver is 5952
[2026-07-14T05:01:16.457+0000] {graph.py:898} INFO - Cosmos performance: Cache hit for cosmos_cache__dbt_silver_gold_incremental__transform_silver - 02ab851da9e5185d53b57d02face4d44,5e34606eb5f2b3dea81a8e19fa3ba138
[2026-07-14T05:01:16.458+0000] {graph.py:799} INFO - Total nodes: 7
[2026-07-14T05:01:16.460+0000] {graph.py:800} INFO - Total filtered nodes: 7
[2026-07-14T05:01:16.461+0000] {converter.py:361} INFO - Cosmos performance (dbt_silver_gold_incremental__transform_silver) - [b9944f21a9b7|1676]: It took 1.85s to parse the dbt project for DAG using dbt_ls_cache
[2026-07-14T05:01:16.470+0000] {converter.py:413} INFO - Cosmos performance (dbt_silver_gold_incremental__transform_silver) - [b9944f21a9b7|1676]: It took 0.00909s to build the Airflow DAG.
[2026-07-14T05:01:16.471+0000] {converter.py:420} INFO - ::endgroup::Cosmos DAG parsing logs
[2026-07-14T05:01:16.473+0000] {converter.py:314} INFO - ::group::Cosmos DAG parsing logs
[2026-07-14T05:01:16.476+0000] {graph.py:869} INFO - Trying to parse the dbt project using dbt ls cache cosmos_cache__dbt_silver_gold_incremental__transform_gold...
[2026-07-14T05:01:18.228+0000] {cache.py:383} INFO - Cosmos performance: time to calculate cache identifier cosmos_cache__dbt_silver_gold_incremental__transform_gold for current version: 1.7397893850011314
[2026-07-14T05:01:18.229+0000] {graph.py:886} INFO - Cosmos performance [b9944f21a9b7|1676]: The cache size for cosmos_cache__dbt_silver_gold_incremental__transform_gold is 35628
[2026-07-14T05:01:18.234+0000] {graph.py:898} INFO - Cosmos performance: Cache hit for cosmos_cache__dbt_silver_gold_incremental__transform_gold - 02ab851da9e5185d53b57d02face4d44,304321e940a9403dceb380589bd0566f
[2026-07-14T05:01:18.236+0000] {graph.py:799} INFO - Total nodes: 39
[2026-07-14T05:01:18.237+0000] {graph.py:800} INFO - Total filtered nodes: 39
[2026-07-14T05:01:18.238+0000] {converter.py:361} INFO - Cosmos performance (dbt_silver_gold_incremental__transform_gold) - [b9944f21a9b7|1676]: It took 1.76s to parse the dbt project for DAG using dbt_ls_cache
[2026-07-14T05:01:18.271+0000] {converter.py:413} INFO - Cosmos performance (dbt_silver_gold_incremental__transform_gold) - [b9944f21a9b7|1676]: It took 0.0325s to build the Airflow DAG.
[2026-07-14T05:01:18.272+0000] {converter.py:420} INFO - ::endgroup::Cosmos DAG parsing logs
[2026-07-14T05:01:18.275+0000] {converter.py:314} INFO - ::group::Cosmos DAG parsing logs
[2026-07-14T05:01:18.279+0000] {graph.py:869} INFO - Trying to parse the dbt project using dbt ls cache cosmos_cache__dbt_silver_gold_full_load__transform_silver...
[2026-07-14T05:01:20.154+0000] {cache.py:383} INFO - Cosmos performance: time to calculate cache identifier cosmos_cache__dbt_silver_gold_full_load__transform_silver for current version: 1.8567711599989707
[2026-07-14T05:01:20.155+0000] {graph.py:886} INFO - Cosmos performance [b9944f21a9b7|1676]: The cache size for cosmos_cache__dbt_silver_gold_full_load__transform_silver is 5952
[2026-07-14T05:01:20.157+0000] {graph.py:898} INFO - Cosmos performance: Cache hit for cosmos_cache__dbt_silver_gold_full_load__transform_silver - 02ab851da9e5185d53b57d02face4d44,5e34606eb5f2b3dea81a8e19fa3ba138
[2026-07-14T05:01:20.159+0000] {graph.py:799} INFO - Total nodes: 7
[2026-07-14T05:01:20.161+0000] {graph.py:800} INFO - Total filtered nodes: 7
[2026-07-14T05:01:20.162+0000] {converter.py:361} INFO - Cosmos performance (dbt_silver_gold_full_load__transform_silver) - [b9944f21a9b7|1676]: It took 1.88s to parse the dbt project for DAG using dbt_ls_cache
[2026-07-14T05:01:20.171+0000] {converter.py:413} INFO - Cosmos performance (dbt_silver_gold_full_load__transform_silver) - [b9944f21a9b7|1676]: It took 0.00851s to build the Airflow DAG.
[2026-07-14T05:01:20.172+0000] {converter.py:420} INFO - ::endgroup::Cosmos DAG parsing logs
[2026-07-14T05:01:20.174+0000] {converter.py:314} INFO - ::group::Cosmos DAG parsing logs
[2026-07-14T05:01:20.177+0000] {graph.py:869} INFO - Trying to parse the dbt project using dbt ls cache cosmos_cache__dbt_silver_gold_full_load__transform_gold...
[2026-07-14T05:01:22.118+0000] {cache.py:383} INFO - Cosmos performance: time to calculate cache identifier cosmos_cache__dbt_silver_gold_full_load__transform_gold for current version: 1.9231747379999433
[2026-07-14T05:01:22.119+0000] {graph.py:886} INFO - Cosmos performance [b9944f21a9b7|1676]: The cache size for cosmos_cache__dbt_silver_gold_full_load__transform_gold is 35628
[2026-07-14T05:01:22.122+0000] {graph.py:898} INFO - Cosmos performance: Cache hit for cosmos_cache__dbt_silver_gold_full_load__transform_gold - 02ab851da9e5185d53b57d02face4d44,304321e940a9403dceb380589bd0566f
[2026-07-14T05:01:22.124+0000] {graph.py:799} INFO - Total nodes: 39
[2026-07-14T05:01:22.125+0000] {graph.py:800} INFO - Total filtered nodes: 39
[2026-07-14T05:01:22.126+0000] {converter.py:361} INFO - Cosmos performance (dbt_silver_gold_full_load__transform_gold) - [b9944f21a9b7|1676]: It took 1.95s to parse the dbt project for DAG using dbt_ls_cache
[2026-07-14T05:01:22.157+0000] {converter.py:413} INFO - Cosmos performance (dbt_silver_gold_full_load__transform_gold) - [b9944f21a9b7|1676]: It took 0.0306s to build the Airflow DAG.
[2026-07-14T05:01:22.158+0000] {converter.py:420} INFO - ::endgroup::Cosmos DAG parsing logs
[2026-07-14T05:01:22.680+0000] {logging_mixin.py:190} INFO - 05:01:22  Installing dbt-labs/dbt_utils
[2026-07-14T05:01:23.307+0000] {logging_mixin.py:190} INFO - 05:01:23  Installed from version 1.3.0
[2026-07-14T05:01:23.310+0000] {logging_mixin.py:190} INFO - 05:01:23  Updated version available: 1.4.1
[2026-07-14T05:01:23.313+0000] {logging_mixin.py:190} INFO - 05:01:23  Installing metaplane/dbt_expectations
[2026-07-14T05:01:24.504+0000] {logging_mixin.py:190} INFO - 05:01:24  Installed from version 0.10.8
[2026-07-14T05:01:24.506+0000] {logging_mixin.py:190} INFO - 05:01:24  Updated version available: 0.10.10
[2026-07-14T05:01:24.508+0000] {logging_mixin.py:190} INFO - 05:01:24  Installing godatadriven/dbt_date
[2026-07-14T05:01:25.043+0000] {logging_mixin.py:190} INFO - 05:01:25  Installed from version 0.15.0
[2026-07-14T05:01:25.045+0000] {logging_mixin.py:190} INFO - 05:01:25  Up to date!
[2026-07-14T05:01:25.046+0000] {logging_mixin.py:190} INFO - 05:01:25
[2026-07-14T05:01:25.048+0000] {logging_mixin.py:190} INFO - 05:01:25  Updates available for packages: ['dbt-labs/dbt_utils', 'metaplane/dbt_expectations']                 
Update your versions in packages.yml, then run dbt deps
[2026-07-14T05:01:26.231+0000] {runner.py:95} INFO - Trying to run dbtRunner with:
 ['run', '--select', 'fqn:consumer_complaints_transformation.marts.dim_locations', '--project-dir', '/tmp/tmp11xu_qn0', '--profiles-dir', '/opt/airflow/dbt_transform', '--profile', 'lakehouse_dbt', '--target', 'dev', '--no-static-parser']
 in /tmp/tmp11xu_qn0
[2026-07-14T05:01:26.257+0000] {logging_mixin.py:190} INFO - 05:01:26  Running with dbt=1.8.8
[2026-07-14T05:01:26.300+0000] {auth.py:343} INFO - keyring module not found. OAuth2 token will not be stored in keyring.
[2026-07-14T05:01:26.305+0000] {auth.py:343} INFO - keyring module not found. OAuth2 token will not be stored in keyring.
[2026-07-14T05:01:26.482+0000] {logging_mixin.py:190} INFO - 05:01:26  Registered adapter: trino=1.8.5
[2026-07-14T05:01:26.769+0000] {logging_mixin.py:190} INFO - 05:01:26  Unable to do partial parsing because saved manifest not found. Starting full parse.
[2026-07-14T05:01:29.581+0000] {logging_mixin.py:190} INFO - 05:01:29  [WARNING]: Deprecated functionality
The `tests` config has been renamed to `data_tests`. Please see
https://docs.getdbt.com/docs/build/data-tests#new-data_tests-syntax for more
information.
[2026-07-14T05:01:31.282+0000] {logging_mixin.py:190} INFO - 05:01:31  Found 8 models, 40 data tests, 1 source, 9 metrics, 838 macros, 5 semantic models
[2026-07-14T05:01:31.291+0000] {logging_mixin.py:190} INFO - 05:01:31
[2026-07-14T05:01:31.360+0000] {logging_mixin.py:190} INFO - 05:01:31  [WARNING]: SSL certificate validation is disabled by default. It is legacy behavior which will be changed in future releases. It is strongly advised to enable `require_certificate_validation` flag or explicitly set `cert` configuration to `True` for security reasons. You may receive an error after that if your SSL setup is incorrect.
You may opt into the new behavior sooner by setting `flags.require_certificate_validation` to `True` in `dbt_project.yml`.
Visit https://docs.getdbt.com/reference/global-configs/behavior-changes for more information.
[2026-07-14T05:01:32.365+0000] {logging_mixin.py:190} INFO - 05:01:32  Concurrency: 4 threads (target='dev')
[2026-07-14T05:01:32.368+0000] {logging_mixin.py:190} INFO - 05:01:32
[2026-07-14T05:01:32.383+0000] {logging_mixin.py:190} INFO - 05:01:32  1 of 1 START sql incremental model gold.dim_locations .......................... [RUN]
[2026-07-14T05:01:34.417+0000] {logging_mixin.py:190} INFO - 05:01:34  1 of 1 OK created sql incremental model gold.dim_locations ..................... [CREATE TABLE (8 rows) in 2.03s]
[2026-07-14T05:01:34.427+0000] {logging_mixin.py:190} INFO - 05:01:34
[2026-07-14T05:01:34.430+0000] {logging_mixin.py:190} INFO - 05:01:34  Finished running 1 incremental model in 0 hours 0 minutes and 3.13 seconds (3.13s).
[2026-07-14T05:01:34.511+0000] {logging_mixin.py:190} INFO - 05:01:34
[2026-07-14T05:01:34.513+0000] {logging_mixin.py:190} INFO - 05:01:34  Completed successfully
[2026-07-14T05:01:34.516+0000] {logging_mixin.py:190} INFO - 05:01:34
[2026-07-14T05:01:34.518+0000] {logging_mixin.py:190} INFO - 05:01:34  Done. PASS=1 WARN=0 ERROR=0 SKIP=0 TOTAL=1
[2026-07-14T05:01:35.795+0000] {local.py:196} WARNING - Artifact schema version: https://schemas.getdbt.com/dbt/manifest/v12.json is above dbt-ol supported version 7. This might cause errors.
[2026-07-14T05:01:35.810+0000] {local.py:594} INFO - Inlets: []
[2026-07-14T05:01:35.813+0000] {local.py:595} INFO - Outlets: []
[2026-07-14T05:01:35.815+0000] {local.py:886} INFO - Assigning inlets/outlets with DatasetAlias in Airflow 2
[2026-07-14T05:01:35.979+0000] {taskinstance.py:340} INFO - ::group::Post task execution logs
[2026-07-14T05:01:35.983+0000] {taskinstance.py:352} INFO - Marking task as SUCCESS. dag_id=dbt_silver_gold_incremental, task_id=transform_gold.dim_locations.run, run_id=manual__2026-07-14T05:00:00.818467+00:00, execution_date=20260714T050000, start_date=20260714T050112, end_date=20260714T050135
[2026-07-14T05:01:36.718+0000] {_client.py:1026} INFO - HTTP Request: GET https://astronomer.gateway.scarf.sh/astronomer-cosmos/v3/task_instance?cosmos_version=1.15.0&airflow_version=2.10.2&python_version=3.10.15&platform_system=Linux&platform_machine=x86_64&status=success&operator_name=DbtRunLocalOperator&is_cosmos_operator_subclass=False&invocation_mode=dbt_runner&execution_mode=local&profile_strategy=yaml_file&profile_mapping_class=None&database=trino&is_mapped_task=False&dbt_command=run&install_deps=True&has_callback=False&duration=23.457838 "HTTP/1.1 200 OK"
[2026-07-14T05:01:36.783+0000] {local_task_job_runner.py:266} INFO - Task exited with return code 0
[2026-07-14T05:01:36.823+0000] {taskinstance.py:3900} INFO - 0 downstream tasks scheduled from follow-on schedule check
[2026-07-14T05:01:36.827+0000] {local_task_job_runner.py:245} INFO - ::endgroup::
