[2026-07-26T15:33:23.347+0000] {local_task_job_runner.py:123} INFO - ::group::Pre task execution logs
[2026-07-26T15:33:23.387+0000] {taskinstance.py:2612} INFO - Dependencies all met for dep_context=non-requeueable deps ti=<TaskInstance: dbt_silver_gold_full_load.transform_gold.dim_issues.run manual__2026-07-26T15:31:49.815535+00:00 [queued]>
[2026-07-26T15:33:23.401+0000] {taskinstance.py:2612} INFO - Dependencies all met for dep_context=requeueable deps ti=<TaskInstance: dbt_silver_gold_full_load.transform_gold.dim_issues.run manual__2026-07-26T15:31:49.815535+00:00 [queued]>
[2026-07-26T15:33:23.402+0000] {taskinstance.py:2865} INFO - Starting attempt 1 of 2
[2026-07-26T15:33:23.421+0000] {taskinstance.py:2888} INFO - Executing <Task(DbtRunLocalOperator): transform_gold.dim_issues.run> on 2026-07-26 15:31:49.815535+00:00
[2026-07-26T15:33:23.428+0000] {standard_task_runner.py:72} INFO - Started process 5856 to run task
[2026-07-26T15:33:23.433+0000] {standard_task_runner.py:104} INFO - Running: ['airflow', 'tasks', 'run', 'dbt_silver_gold_full_load', 'transform_gold.dim_issues.run', 'manual__2026-07-26T15:31:49.815535+00:00', '--job-id', '51', '--raw', '--subdir', 'DAGS_FOLDER/dbt_silver_gold.py', '--cfg-path', '/tmp/tmpa2p8b2nd']
[2026-07-26T15:33:23.438+0000] {standard_task_runner.py:105} INFO - Job 51: Subtask transform_gold.dim_issues.run
[2026-07-26T15:33:23.548+0000] {task_command.py:467} INFO - Running <TaskInstance: dbt_silver_gold_full_load.transform_gold.dim_issues.run manual__2026-07-26T15:31:49.815535+00:00 [running]> on host 755669804aca
[2026-07-26T15:33:23.668+0000] {taskinstance.py:3131} INFO - Exporting env vars: AIRFLOW_CTX_DAG_OWNER='data_engineer' AIRFLOW_CTX_DAG_ID='dbt_silver_gold_full_load' AIRFLOW_CTX_TASK_ID='transform_gold.dim_issues.run' AIRFLOW_CTX_EXECUTION_DATE='2026-07-26T15:31:49.815535+00:00' AIRFLOW_CTX_TRY_NUMBER='1' AIRFLOW_CTX_DAG_RUN_ID='manual__2026-07-26T15:31:49.815535+00:00'
[2026-07-26T15:33:23.680+0000] {taskinstance.py:731} INFO - ::endgroup::
[2026-07-26T15:33:26.085+0000] {local.py:294} INFO - dbtRunner is available. Using dbtRunner for invoking dbt.
[2026-07-26T15:33:26.088+0000] {local.py:518} INFO - Cloning project to writable temp directory /tmp/tmpwme48r61 from /opt/airflow/dbt_transform
[2026-07-26T15:33:26.103+0000] {local.py:538} INFO - Partial parse is enabled and the latest partial parse file is /opt/airflow/dbt_transform/target/partial_parse.msgpack
[2026-07-26T15:33:26.182+0000] {config.py:395} INFO - Using user-supplied profiles.yml at /opt/airflow/dbt_transform/profiles.yml
[2026-07-26T15:33:26.204+0000] {runner.py:95} INFO - Trying to run dbtRunner with:
 ['deps', '--project-dir', '/tmp/tmpwme48r61', '--profiles-dir', '/opt/airflow/dbt_transform', '--profile', 'lakehouse_dbt', '--target', 'dev', '--no-static-parser']
 in /tmp/tmpwme48r61
[2026-07-26T15:33:26.351+0000] {logging_mixin.py:190} INFO - 15:33:26  Running with dbt=1.8.8
[2026-07-26T15:33:26.986+0000] {converter.py:314} INFO - ::group::Cosmos DAG parsing logs
[2026-07-26T15:33:26.992+0000] {graph.py:869} INFO - Trying to parse the dbt project using dbt ls cache cosmos_cache__dbt_silver_gold_incremental__transform_silver...
[2026-07-26T15:33:31.159+0000] {cache.py:383} INFO - Cosmos performance: time to calculate cache identifier cosmos_cache__dbt_silver_gold_incremental__transform_silver for current version: 4.141580870000325
[2026-07-26T15:33:31.161+0000] {graph.py:886} INFO - Cosmos performance [755669804aca|5856]: The cache size for cosmos_cache__dbt_silver_gold_incremental__transform_silver is 6096
[2026-07-26T15:33:31.163+0000] {graph.py:898} INFO - Cosmos performance: Cache hit for cosmos_cache__dbt_silver_gold_incremental__transform_silver - 36e017c66e43a6824d84c1a8985368f3,5e34606eb5f2b3dea81a8e19fa3ba138
[2026-07-26T15:33:31.165+0000] {graph.py:799} INFO - Total nodes: 7
[2026-07-26T15:33:31.166+0000] {graph.py:800} INFO - Total filtered nodes: 7
[2026-07-26T15:33:31.168+0000] {converter.py:361} INFO - Cosmos performance (dbt_silver_gold_incremental__transform_silver) - [755669804aca|5856]: It took 4.18s to parse the dbt project for DAG using dbt_ls_cache
[2026-07-26T15:33:31.185+0000] {converter.py:413} INFO - Cosmos performance (dbt_silver_gold_incremental__transform_silver) - [755669804aca|5856]: It took 0.0173s to build the Airflow DAG.
[2026-07-26T15:33:31.187+0000] {converter.py:420} INFO - ::endgroup::Cosmos DAG parsing logs
[2026-07-26T15:33:31.189+0000] {converter.py:314} INFO - ::group::Cosmos DAG parsing logs
[2026-07-26T15:33:31.193+0000] {graph.py:869} INFO - Trying to parse the dbt project using dbt ls cache cosmos_cache__dbt_silver_gold_incremental__transform_gold...
[2026-07-26T15:33:34.591+0000] {cache.py:383} INFO - Cosmos performance: time to calculate cache identifier cosmos_cache__dbt_silver_gold_incremental__transform_gold for current version: 3.3852644389999114
[2026-07-26T15:33:34.593+0000] {graph.py:886} INFO - Cosmos performance [755669804aca|5856]: The cache size for cosmos_cache__dbt_silver_gold_incremental__transform_gold is 35980
[2026-07-26T15:33:34.595+0000] {graph.py:898} INFO - Cosmos performance: Cache hit for cosmos_cache__dbt_silver_gold_incremental__transform_gold - 36e017c66e43a6824d84c1a8985368f3,304321e940a9403dceb380589bd0566f
[2026-07-26T15:33:34.597+0000] {graph.py:799} INFO - Total nodes: 39
[2026-07-26T15:33:34.598+0000] {graph.py:800} INFO - Total filtered nodes: 39
[2026-07-26T15:33:34.599+0000] {converter.py:361} INFO - Cosmos performance (dbt_silver_gold_incremental__transform_gold) - [755669804aca|5856]: It took 3.41s to parse the dbt project for DAG using dbt_ls_cache
[2026-07-26T15:33:34.652+0000] {converter.py:413} INFO - Cosmos performance (dbt_silver_gold_incremental__transform_gold) - [755669804aca|5856]: It took 0.0535s to build the Airflow DAG.
[2026-07-26T15:33:34.653+0000] {converter.py:420} INFO - ::endgroup::Cosmos DAG parsing logs
[2026-07-26T15:33:34.656+0000] {converter.py:314} INFO - ::group::Cosmos DAG parsing logs
[2026-07-26T15:33:34.660+0000] {graph.py:869} INFO - Trying to parse the dbt project using dbt ls cache cosmos_cache__dbt_silver_gold_full_load__transform_silver...
[2026-07-26T15:33:37.983+0000] {cache.py:383} INFO - Cosmos performance: time to calculate cache identifier cosmos_cache__dbt_silver_gold_full_load__transform_silver for current version: 3.310798067000178
[2026-07-26T15:33:37.984+0000] {graph.py:886} INFO - Cosmos performance [755669804aca|5856]: The cache size for cosmos_cache__dbt_silver_gold_full_load__transform_silver is 6096
[2026-07-26T15:33:37.985+0000] {graph.py:898} INFO - Cosmos performance: Cache hit for cosmos_cache__dbt_silver_gold_full_load__transform_silver - 36e017c66e43a6824d84c1a8985368f3,5e34606eb5f2b3dea81a8e19fa3ba138
[2026-07-26T15:33:37.987+0000] {graph.py:799} INFO - Total nodes: 7
[2026-07-26T15:33:37.988+0000] {graph.py:800} INFO - Total filtered nodes: 7
[2026-07-26T15:33:37.989+0000] {converter.py:361} INFO - Cosmos performance (dbt_silver_gold_full_load__transform_silver) - [755669804aca|5856]: It took 3.33s to parse the dbt project for DAG using dbt_ls_cache
[2026-07-26T15:33:37.996+0000] {converter.py:413} INFO - Cosmos performance (dbt_silver_gold_full_load__transform_silver) - [755669804aca|5856]: It took 0.00747s to build the Airflow DAG.
[2026-07-26T15:33:37.997+0000] {converter.py:420} INFO - ::endgroup::Cosmos DAG parsing logs
[2026-07-26T15:33:37.999+0000] {converter.py:314} INFO - ::group::Cosmos DAG parsing logs
[2026-07-26T15:33:38.002+0000] {graph.py:869} INFO - Trying to parse the dbt project using dbt ls cache cosmos_cache__dbt_silver_gold_full_load__transform_gold...
[2026-07-26T15:33:40.019+0000] {cache.py:383} INFO - Cosmos performance: time to calculate cache identifier cosmos_cache__dbt_silver_gold_full_load__transform_gold for current version: 1.9992024399998627
[2026-07-26T15:33:40.020+0000] {graph.py:886} INFO - Cosmos performance [755669804aca|5856]: The cache size for cosmos_cache__dbt_silver_gold_full_load__transform_gold is 35980
[2026-07-26T15:33:40.022+0000] {graph.py:898} INFO - Cosmos performance: Cache hit for cosmos_cache__dbt_silver_gold_full_load__transform_gold - 36e017c66e43a6824d84c1a8985368f3,304321e940a9403dceb380589bd0566f
[2026-07-26T15:33:40.023+0000] {graph.py:799} INFO - Total nodes: 39
[2026-07-26T15:33:40.024+0000] {graph.py:800} INFO - Total filtered nodes: 39
[2026-07-26T15:33:40.026+0000] {converter.py:361} INFO - Cosmos performance (dbt_silver_gold_full_load__transform_gold) - [755669804aca|5856]: It took 2.02s to parse the dbt project for DAG using dbt_ls_cache
[2026-07-26T15:33:40.063+0000] {converter.py:413} INFO - Cosmos performance (dbt_silver_gold_full_load__transform_gold) - [755669804aca|5856]: It took 0.0376s to build the Airflow DAG.
[2026-07-26T15:33:40.065+0000] {converter.py:420} INFO - ::endgroup::Cosmos DAG parsing logs
[2026-07-26T15:33:40.507+0000] {logging_mixin.py:190} INFO - 15:33:40  Installing dbt-labs/dbt_utils
[2026-07-26T15:33:41.014+0000] {logging_mixin.py:190} INFO - 15:33:41  Installed from version 1.3.0
[2026-07-26T15:33:41.016+0000] {logging_mixin.py:190} INFO - 15:33:41  Updated version available: 1.4.1
[2026-07-26T15:33:41.018+0000] {logging_mixin.py:190} INFO - 15:33:41  Installing metaplane/dbt_expectations
[2026-07-26T15:33:41.992+0000] {logging_mixin.py:190} INFO - 15:33:41  Installed from version 0.10.8
[2026-07-26T15:33:41.996+0000] {logging_mixin.py:190} INFO - 15:33:41  Updated version available: 0.10.10
[2026-07-26T15:33:42.002+0000] {logging_mixin.py:190} INFO - 15:33:42  Installing godatadriven/dbt_date
[2026-07-26T15:33:42.606+0000] {logging_mixin.py:190} INFO - 15:33:42  Installed from version 0.15.0
[2026-07-26T15:33:42.610+0000] {logging_mixin.py:190} INFO - 15:33:42  Up to date!
[2026-07-26T15:33:42.612+0000] {logging_mixin.py:190} INFO - 15:33:42
[2026-07-26T15:33:42.614+0000] {logging_mixin.py:190} INFO - 15:33:42  Updates available for packages: ['dbt-labs/dbt_utils', 'metaplane/dbt_expectations']                 
Update your versions in packages.yml, then run dbt deps
[2026-07-26T15:33:43.798+0000] {runner.py:95} INFO - Trying to run dbtRunner with:
 ['run', '--select', 'fqn:consumer_complaints_transformation.marts.dim_issues', '--full-refresh', '--project-dir', '/tmp/tmpwme48r61', '--profiles-dir', '/opt/airflow/dbt_transform', '--profile', 'lakehouse_dbt', '--target', 'dev', '--no-static-parser']
 in /tmp/tmpwme48r61
[2026-07-26T15:33:43.827+0000] {logging_mixin.py:190} INFO - 15:33:43  Running with dbt=1.8.8
[2026-07-26T15:33:43.881+0000] {auth.py:343} INFO - keyring module not found. OAuth2 token will not be stored in keyring.
[2026-07-26T15:33:43.887+0000] {auth.py:343} INFO - keyring module not found. OAuth2 token will not be stored in keyring.
[2026-07-26T15:33:44.069+0000] {logging_mixin.py:190} INFO - 15:33:44  Registered adapter: trino=1.8.5
[2026-07-26T15:33:44.686+0000] {logging_mixin.py:190} INFO - 15:33:44  Unable to do partial parsing because config vars, config profile, or config target have changed
[2026-07-26T15:33:48.788+0000] {logging_mixin.py:190} INFO - 15:33:48  [WARNING]: Deprecated functionality
The `tests` config has been renamed to `data_tests`. Please see
https://docs.getdbt.com/docs/build/data-tests#new-data_tests-syntax for more
information.
[2026-07-26T15:33:50.958+0000] {logging_mixin.py:190} INFO - 15:33:50  Found 8 models, 40 data tests, 1 source, 9 metrics, 839 macros, 5 semantic models
[2026-07-26T15:33:50.967+0000] {logging_mixin.py:190} INFO - 15:33:50
[2026-07-26T15:33:51.036+0000] {logging_mixin.py:190} INFO - 15:33:51  [WARNING]: SSL certificate validation is disabled by default. It is legacy behavior which will be changed in future releases. It is strongly advised to enable `require_certificate_validation` flag or explicitly set `cert` configuration to `True` for security reasons. You may receive an error after that if your SSL setup is incorrect.
You may opt into the new behavior sooner by setting `flags.require_certificate_validation` to `True` in `dbt_project.yml`.
Visit https://docs.getdbt.com/reference/global-configs/behavior-changes for more information.
[2026-07-26T15:33:52.291+0000] {logging_mixin.py:190} INFO - 15:33:52  Concurrency: 1 threads (target='dev')
[2026-07-26T15:33:52.295+0000] {logging_mixin.py:190} INFO - 15:33:52
[2026-07-26T15:33:52.310+0000] {logging_mixin.py:190} INFO - 15:33:52  1 of 1 START sql incremental model gold.dim_issues ............................. [RUN]
[2026-07-26T15:33:54.866+0000] {logging_mixin.py:190} INFO - 15:33:54  1 of 1 OK created sql incremental model gold.dim_issues ........................ [CREATE TABLE (250 rows) in 2.54s]
[2026-07-26T15:33:54.876+0000] {logging_mixin.py:190} INFO - 15:33:54
[2026-07-26T15:33:54.880+0000] {logging_mixin.py:190} INFO - 15:33:54  Finished running 1 incremental model in 0 hours 0 minutes and 3.91 seconds (3.91s).
[2026-07-26T15:33:54.994+0000] {logging_mixin.py:190} INFO - 15:33:54
[2026-07-26T15:33:54.998+0000] {logging_mixin.py:190} INFO - 15:33:54  Completed successfully
[2026-07-26T15:33:55.002+0000] {logging_mixin.py:190} INFO - 15:33:55
[2026-07-26T15:33:55.005+0000] {logging_mixin.py:190} INFO - 15:33:55  Done. PASS=1 WARN=0 ERROR=0 SKIP=0 TOTAL=1
[2026-07-26T15:33:56.318+0000] {local.py:196} WARNING - Artifact schema version: https://schemas.getdbt.com/dbt/manifest/v12.json is above dbt-ol supported version 7. This might cause errors.
[2026-07-26T15:33:56.327+0000] {local.py:594} INFO - Inlets: []
[2026-07-26T15:33:56.329+0000] {local.py:595} INFO - Outlets: []
[2026-07-26T15:33:56.331+0000] {local.py:886} INFO - Assigning inlets/outlets with DatasetAlias in Airflow 2
[2026-07-26T15:33:56.432+0000] {taskinstance.py:340} INFO - ::group::Post task execution logs
[2026-07-26T15:33:56.434+0000] {taskinstance.py:352} INFO - Marking task as SUCCESS. dag_id=dbt_silver_gold_full_load, task_id=transform_gold.dim_issues.run, run_id=manual__2026-07-26T15:31:49.815535+00:00, execution_date=20260726T153149, start_date=20260726T153323, end_date=20260726T153356
[2026-07-26T15:33:57.248+0000] {_client.py:1026} INFO - HTTP Request: GET https://astronomer.gateway.scarf.sh/astronomer-cosmos/v3/task_instance?cosmos_version=1.15.0&airflow_version=2.10.2&python_version=3.10.15&platform_system=Linux&platform_machine=x86_64&status=success&operator_name=DbtRunLocalOperator&is_cosmos_operator_subclass=False&invocation_mode=dbt_runner&execution_mode=local&profile_strategy=yaml_file&profile_mapping_class=None&database=trino&is_mapped_task=False&dbt_command=run&install_deps=True&has_callback=False&duration=33.045055 "HTTP/1.1 200 OK"
[2026-07-26T15:33:57.280+0000] {local_task_job_runner.py:266} INFO - Task exited with return code 0
[2026-07-26T15:33:57.319+0000] {taskinstance.py:3900} INFO - 1 downstream tasks scheduled from follow-on schedule check
[2026-07-26T15:33:57.322+0000] {local_task_job_runner.py:245} INFO - ::endgroup::
