[2026-07-15T01:43:16.651+0000] {local_task_job_runner.py:123} INFO - ::group::Pre task execution logs
[2026-07-15T01:43:16.721+0000] {taskinstance.py:2612} INFO - Dependencies all met for dep_context=non-requeueable deps ti=<TaskInstance: dbt_silver_gold_incremental.transform_gold.dim_locations.run manual__2026-07-15T01:41:56.661054+00:00 [queued]>
[2026-07-15T01:43:16.746+0000] {taskinstance.py:2612} INFO - Dependencies all met for dep_context=requeueable deps ti=<TaskInstance: dbt_silver_gold_incremental.transform_gold.dim_locations.run manual__2026-07-15T01:41:56.661054+00:00 [queued]>
[2026-07-15T01:43:16.750+0000] {taskinstance.py:2865} INFO - Starting attempt 1 of 2
[2026-07-15T01:43:16.803+0000] {taskinstance.py:2888} INFO - Executing <Task(DbtRunLocalOperator): transform_gold.dim_locations.run> on 2026-07-15 01:41:56.661054+00:00
[2026-07-15T01:43:16.817+0000] {standard_task_runner.py:72} INFO - Started process 1288 to run task
[2026-07-15T01:43:16.834+0000] {standard_task_runner.py:104} INFO - Running: ['airflow', 'tasks', 'run', 'dbt_silver_gold_incremental', 'transform_gold.dim_locations.run', 'manual__2026-07-15T01:41:56.661054+00:00', '--job-id', '13', '--raw', '--subdir', 'DAGS_FOLDER/dbt_silver_gold.py', '--cfg-path', '/tmp/tmphfeefhbs']
[2026-07-15T01:43:16.844+0000] {standard_task_runner.py:105} INFO - Job 13: Subtask transform_gold.dim_locations.run
[2026-07-15T01:43:17.134+0000] {task_command.py:467} INFO - Running <TaskInstance: dbt_silver_gold_incremental.transform_gold.dim_locations.run manual__2026-07-15T01:41:56.661054+00:00 [running]> on host 46914d9ee5b9
[2026-07-15T01:43:17.427+0000] {taskinstance.py:3131} INFO - Exporting env vars: AIRFLOW_CTX_DAG_OWNER='data_engineer' AIRFLOW_CTX_DAG_ID='dbt_silver_gold_incremental' AIRFLOW_CTX_TASK_ID='transform_gold.dim_locations.run' AIRFLOW_CTX_EXECUTION_DATE='2026-07-15T01:41:56.661054+00:00' AIRFLOW_CTX_TRY_NUMBER='1' AIRFLOW_CTX_DAG_RUN_ID='manual__2026-07-15T01:41:56.661054+00:00'
[2026-07-15T01:43:17.431+0000] {taskinstance.py:731} INFO - ::endgroup::
[2026-07-15T01:43:21.043+0000] {local.py:294} INFO - dbtRunner is available. Using dbtRunner for invoking dbt.
[2026-07-15T01:43:21.047+0000] {local.py:518} INFO - Cloning project to writable temp directory /tmp/tmp9ymgpi9n from /opt/airflow/dbt_transform
[2026-07-15T01:43:21.065+0000] {local.py:538} INFO - Partial parse is enabled and the latest partial parse file is None
[2026-07-15T01:43:21.068+0000] {config.py:395} INFO - Using user-supplied profiles.yml at /opt/airflow/dbt_transform/profiles.yml
[2026-07-15T01:43:21.087+0000] {runner.py:95} INFO - Trying to run dbtRunner with:
 ['deps', '--project-dir', '/tmp/tmp9ymgpi9n', '--profiles-dir', '/opt/airflow/dbt_transform', '--profile', 'lakehouse_dbt', '--target', 'dev', '--no-static-parser']
 in /tmp/tmp9ymgpi9n
[2026-07-15T01:43:21.278+0000] {logging_mixin.py:190} INFO - 01:43:21  Running with dbt=1.8.8
[2026-07-15T01:43:21.635+0000] {converter.py:314} INFO - ::group::Cosmos DAG parsing logs
[2026-07-15T01:43:21.642+0000] {graph.py:869} INFO - Trying to parse the dbt project using dbt ls cache cosmos_cache__dbt_silver_gold_incremental__transform_silver...
[2026-07-15T01:43:24.684+0000] {cache.py:383} INFO - Cosmos performance: time to calculate cache identifier cosmos_cache__dbt_silver_gold_incremental__transform_silver for current version: 2.997310144000039
[2026-07-15T01:43:24.686+0000] {graph.py:886} INFO - Cosmos performance [46914d9ee5b9|1288]: The cache size for cosmos_cache__dbt_silver_gold_incremental__transform_silver is 5960
[2026-07-15T01:43:24.688+0000] {graph.py:898} INFO - Cosmos performance: Cache hit for cosmos_cache__dbt_silver_gold_incremental__transform_silver - b4d80079b94d2a343d6831c58115d578,5e34606eb5f2b3dea81a8e19fa3ba138
[2026-07-15T01:43:24.690+0000] {graph.py:799} INFO - Total nodes: 7
[2026-07-15T01:43:24.692+0000] {graph.py:800} INFO - Total filtered nodes: 7
[2026-07-15T01:43:24.694+0000] {converter.py:361} INFO - Cosmos performance (dbt_silver_gold_incremental__transform_silver) - [46914d9ee5b9|1288]: It took 3.05s to parse the dbt project for DAG using dbt_ls_cache
[2026-07-15T01:43:24.708+0000] {converter.py:413} INFO - Cosmos performance (dbt_silver_gold_incremental__transform_silver) - [46914d9ee5b9|1288]: It took 0.0135s to build the Airflow DAG.
[2026-07-15T01:43:24.710+0000] {converter.py:420} INFO - ::endgroup::Cosmos DAG parsing logs
[2026-07-15T01:43:24.713+0000] {converter.py:314} INFO - ::group::Cosmos DAG parsing logs
[2026-07-15T01:43:24.718+0000] {graph.py:869} INFO - Trying to parse the dbt project using dbt ls cache cosmos_cache__dbt_silver_gold_incremental__transform_gold...
[2026-07-15T01:43:27.486+0000] {cache.py:383} INFO - Cosmos performance: time to calculate cache identifier cosmos_cache__dbt_silver_gold_incremental__transform_gold for current version: 2.7483466270000463
[2026-07-15T01:43:27.488+0000] {graph.py:886} INFO - Cosmos performance [46914d9ee5b9|1288]: The cache size for cosmos_cache__dbt_silver_gold_incremental__transform_gold is 35989
[2026-07-15T01:43:27.493+0000] {graph.py:898} INFO - Cosmos performance: Cache hit for cosmos_cache__dbt_silver_gold_incremental__transform_gold - b4d80079b94d2a343d6831c58115d578,304321e940a9403dceb380589bd0566f
[2026-07-15T01:43:27.496+0000] {graph.py:799} INFO - Total nodes: 39
[2026-07-15T01:43:27.498+0000] {graph.py:800} INFO - Total filtered nodes: 39
[2026-07-15T01:43:27.500+0000] {converter.py:361} INFO - Cosmos performance (dbt_silver_gold_incremental__transform_gold) - [46914d9ee5b9|1288]: It took 2.78s to parse the dbt project for DAG using dbt_ls_cache
[2026-07-15T01:43:27.541+0000] {converter.py:413} INFO - Cosmos performance (dbt_silver_gold_incremental__transform_gold) - [46914d9ee5b9|1288]: It took 0.041s to build the Airflow DAG.
[2026-07-15T01:43:27.543+0000] {converter.py:420} INFO - ::endgroup::Cosmos DAG parsing logs
[2026-07-15T01:43:27.546+0000] {converter.py:314} INFO - ::group::Cosmos DAG parsing logs
[2026-07-15T01:43:27.551+0000] {graph.py:869} INFO - Trying to parse the dbt project using dbt ls cache cosmos_cache__dbt_silver_gold_full_load__transform_silver...
[2026-07-15T01:43:30.183+0000] {cache.py:383} INFO - Cosmos performance: time to calculate cache identifier cosmos_cache__dbt_silver_gold_full_load__transform_silver for current version: 2.60537573900001
[2026-07-15T01:43:30.185+0000] {graph.py:886} INFO - Cosmos performance [46914d9ee5b9|1288]: The cache size for cosmos_cache__dbt_silver_gold_full_load__transform_silver is 5960
[2026-07-15T01:43:30.187+0000] {graph.py:898} INFO - Cosmos performance: Cache hit for cosmos_cache__dbt_silver_gold_full_load__transform_silver - b4d80079b94d2a343d6831c58115d578,5e34606eb5f2b3dea81a8e19fa3ba138
[2026-07-15T01:43:30.189+0000] {graph.py:799} INFO - Total nodes: 7
[2026-07-15T01:43:30.191+0000] {graph.py:800} INFO - Total filtered nodes: 7
[2026-07-15T01:43:30.192+0000] {converter.py:361} INFO - Cosmos performance (dbt_silver_gold_full_load__transform_silver) - [46914d9ee5b9|1288]: It took 2.64s to parse the dbt project for DAG using dbt_ls_cache
[2026-07-15T01:43:30.203+0000] {converter.py:413} INFO - Cosmos performance (dbt_silver_gold_full_load__transform_silver) - [46914d9ee5b9|1288]: It took 0.0105s to build the Airflow DAG.
[2026-07-15T01:43:30.205+0000] {converter.py:420} INFO - ::endgroup::Cosmos DAG parsing logs
[2026-07-15T01:43:30.206+0000] {converter.py:314} INFO - ::group::Cosmos DAG parsing logs
[2026-07-15T01:43:30.211+0000] {graph.py:869} INFO - Trying to parse the dbt project using dbt ls cache cosmos_cache__dbt_silver_gold_full_load__transform_gold...
[2026-07-15T01:43:32.606+0000] {cache.py:383} INFO - Cosmos performance: time to calculate cache identifier cosmos_cache__dbt_silver_gold_full_load__transform_gold for current version: 2.371834194999792
[2026-07-15T01:43:32.608+0000] {graph.py:886} INFO - Cosmos performance [46914d9ee5b9|1288]: The cache size for cosmos_cache__dbt_silver_gold_full_load__transform_gold is 35989
[2026-07-15T01:43:32.611+0000] {graph.py:898} INFO - Cosmos performance: Cache hit for cosmos_cache__dbt_silver_gold_full_load__transform_gold - b4d80079b94d2a343d6831c58115d578,304321e940a9403dceb380589bd0566f
[2026-07-15T01:43:32.613+0000] {graph.py:799} INFO - Total nodes: 39
[2026-07-15T01:43:32.615+0000] {graph.py:800} INFO - Total filtered nodes: 39
[2026-07-15T01:43:32.617+0000] {converter.py:361} INFO - Cosmos performance (dbt_silver_gold_full_load__transform_gold) - [46914d9ee5b9|1288]: It took 2.41s to parse the dbt project for DAG using dbt_ls_cache
[2026-07-15T01:43:32.652+0000] {converter.py:413} INFO - Cosmos performance (dbt_silver_gold_full_load__transform_gold) - [46914d9ee5b9|1288]: It took 0.0351s to build the Airflow DAG.
[2026-07-15T01:43:32.654+0000] {converter.py:420} INFO - ::endgroup::Cosmos DAG parsing logs
[2026-07-15T01:43:33.233+0000] {logging_mixin.py:190} INFO - 01:43:33  Installing dbt-labs/dbt_utils
[2026-07-15T01:43:33.826+0000] {logging_mixin.py:190} INFO - 01:43:33  Installed from version 1.3.0
[2026-07-15T01:43:33.828+0000] {logging_mixin.py:190} INFO - 01:43:33  Updated version available: 1.4.1
[2026-07-15T01:43:33.833+0000] {logging_mixin.py:190} INFO - 01:43:33  Installing metaplane/dbt_expectations
[2026-07-15T01:43:35.152+0000] {logging_mixin.py:190} INFO - 01:43:35  Installed from version 0.10.8
[2026-07-15T01:43:35.154+0000] {logging_mixin.py:190} INFO - 01:43:35  Updated version available: 0.10.10
[2026-07-15T01:43:35.157+0000] {logging_mixin.py:190} INFO - 01:43:35  Installing godatadriven/dbt_date
[2026-07-15T01:43:35.693+0000] {logging_mixin.py:190} INFO - 01:43:35  Installed from version 0.15.0
[2026-07-15T01:43:35.696+0000] {logging_mixin.py:190} INFO - 01:43:35  Up to date!
[2026-07-15T01:43:35.699+0000] {logging_mixin.py:190} INFO - 01:43:35
[2026-07-15T01:43:35.702+0000] {logging_mixin.py:190} INFO - 01:43:35  Updates available for packages: ['dbt-labs/dbt_utils', 'metaplane/dbt_expectations']                 
Update your versions in packages.yml, then run dbt deps
[2026-07-15T01:43:36.952+0000] {runner.py:95} INFO - Trying to run dbtRunner with:
 ['run', '--select', 'fqn:consumer_complaints_transformation.marts.dim_locations', '--project-dir', '/tmp/tmp9ymgpi9n', '--profiles-dir', '/opt/airflow/dbt_transform', '--profile', 'lakehouse_dbt', '--target', 'dev', '--no-static-parser']
 in /tmp/tmp9ymgpi9n
[2026-07-15T01:43:36.979+0000] {logging_mixin.py:190} INFO - 01:43:36  Running with dbt=1.8.8
[2026-07-15T01:43:37.012+0000] {auth.py:343} INFO - keyring module not found. OAuth2 token will not be stored in keyring.
[2026-07-15T01:43:37.017+0000] {auth.py:343} INFO - keyring module not found. OAuth2 token will not be stored in keyring.
[2026-07-15T01:43:37.169+0000] {logging_mixin.py:190} INFO - 01:43:37  Registered adapter: trino=1.8.5
[2026-07-15T01:43:37.731+0000] {logging_mixin.py:190} INFO - 01:43:37  Unable to do partial parsing because saved manifest not found. Starting full parse.
[2026-07-15T01:43:42.045+0000] {logging_mixin.py:190} INFO - 01:43:42  [WARNING]: Deprecated functionality
The `tests` config has been renamed to `data_tests`. Please see
https://docs.getdbt.com/docs/build/data-tests#new-data_tests-syntax for more
information.
[2026-07-15T01:43:44.243+0000] {logging_mixin.py:190} INFO - 01:43:44  Found 8 models, 40 data tests, 1 source, 9 metrics, 838 macros, 5 semantic models
[2026-07-15T01:43:44.259+0000] {logging_mixin.py:190} INFO - 01:43:44
[2026-07-15T01:43:44.364+0000] {logging_mixin.py:190} INFO - 01:43:44  [WARNING]: SSL certificate validation is disabled by default. It is legacy behavior which will be changed in future releases. It is strongly advised to enable `require_certificate_validation` flag or explicitly set `cert` configuration to `True` for security reasons. You may receive an error after that if your SSL setup is incorrect.
You may opt into the new behavior sooner by setting `flags.require_certificate_validation` to `True` in `dbt_project.yml`.
Visit https://docs.getdbt.com/reference/global-configs/behavior-changes for more information.
[2026-07-15T01:43:45.777+0000] {logging_mixin.py:190} INFO - 01:43:45  Concurrency: 4 threads (target='dev')
[2026-07-15T01:43:45.783+0000] {logging_mixin.py:190} INFO - 01:43:45
[2026-07-15T01:43:45.809+0000] {logging_mixin.py:190} INFO - 01:43:45  1 of 1 START sql incremental model gold.dim_locations .......................... [RUN]
[2026-07-15T01:43:49.941+0000] {logging_mixin.py:190} INFO - 01:43:49  1 of 1 OK created sql incremental model gold.dim_locations ..................... [CREATE TABLE (18 rows) in 4.12s]
[2026-07-15T01:43:49.971+0000] {logging_mixin.py:190} INFO - 01:43:49
[2026-07-15T01:43:49.976+0000] {logging_mixin.py:190} INFO - 01:43:49  Finished running 1 incremental model in 0 hours 0 minutes and 5.70 seconds (5.70s).
[2026-07-15T01:43:50.180+0000] {logging_mixin.py:190} INFO - 01:43:50
[2026-07-15T01:43:50.186+0000] {logging_mixin.py:190} INFO - 01:43:50  Completed successfully
[2026-07-15T01:43:50.191+0000] {logging_mixin.py:190} INFO - 01:43:50
[2026-07-15T01:43:50.197+0000] {logging_mixin.py:190} INFO - 01:43:50  Done. PASS=1 WARN=0 ERROR=0 SKIP=0 TOTAL=1
[2026-07-15T01:43:51.551+0000] {local.py:196} WARNING - Artifact schema version: https://schemas.getdbt.com/dbt/manifest/v12.json is above dbt-ol supported version 7. This might cause errors.
[2026-07-15T01:43:51.568+0000] {local.py:594} INFO - Inlets: []
[2026-07-15T01:43:51.571+0000] {local.py:595} INFO - Outlets: []
[2026-07-15T01:43:51.574+0000] {local.py:886} INFO - Assigning inlets/outlets with DatasetAlias in Airflow 2
[2026-07-15T01:43:51.781+0000] {taskinstance.py:340} INFO - ::group::Post task execution logs
[2026-07-15T01:43:51.785+0000] {taskinstance.py:352} INFO - Marking task as SUCCESS. dag_id=dbt_silver_gold_incremental, task_id=transform_gold.dim_locations.run, run_id=manual__2026-07-15T01:41:56.661054+00:00, execution_date=20260715T014156, start_date=20260715T014316, end_date=20260715T014351
[2026-07-15T01:43:52.746+0000] {_client.py:1026} INFO - HTTP Request: GET https://astronomer.gateway.scarf.sh/astronomer-cosmos/v3/task_instance?cosmos_version=1.15.0&airflow_version=2.10.2&python_version=3.10.15&platform_system=Linux&platform_machine=x86_64&status=success&operator_name=DbtRunLocalOperator&is_cosmos_operator_subclass=False&invocation_mode=dbt_runner&execution_mode=local&profile_strategy=yaml_file&profile_mapping_class=None&database=trino&is_mapped_task=False&dbt_command=run&install_deps=True&has_callback=False&duration=35.061183 "HTTP/1.1 200 OK"
[2026-07-15T01:43:52.817+0000] {local_task_job_runner.py:266} INFO - Task exited with return code 0
[2026-07-15T01:43:52.923+0000] {taskinstance.py:3900} INFO - 0 downstream tasks scheduled from follow-on schedule check
[2026-07-15T01:43:52.931+0000] {local_task_job_runner.py:245} INFO - ::endgroup::
