[2026-08-14T15:07:09.027+0000] {local_task_job_runner.py:123} INFO - ::group::Pre task execution logs
[2026-08-14T15:07:09.051+0000] {taskinstance.py:2612} INFO - Dependencies all met for dep_context=non-requeueable deps ti=<TaskInstance: dbt_gold_full_load.transform_gold.fact_order_requests.run manual__2026-08-14T15:07:03.224541+00:00 [queued]>
[2026-08-14T15:07:09.061+0000] {taskinstance.py:2612} INFO - Dependencies all met for dep_context=requeueable deps ti=<TaskInstance: dbt_gold_full_load.transform_gold.fact_order_requests.run manual__2026-08-14T15:07:03.224541+00:00 [queued]>
[2026-08-14T15:07:09.066+0000] {taskinstance.py:2865} INFO - Starting attempt 1 of 2
[2026-08-14T15:07:09.086+0000] {taskinstance.py:2888} INFO - Executing <Task(DbtRunLocalOperator): transform_gold.fact_order_requests.run> on 2026-08-14 15:07:03.224541+00:00
[2026-08-14T15:07:09.095+0000] {standard_task_runner.py:72} INFO - Started process 912 to run task
[2026-08-14T15:07:09.101+0000] {standard_task_runner.py:104} INFO - Running: ['airflow', 'tasks', 'run', 'dbt_gold_full_load', 'transform_gold.fact_order_requests.run', 'manual__2026-08-14T15:07:03.224541+00:00', '--job-id', '228', '--raw', '--subdir', 'DAGS_FOLDER/dbt_gold.py', '--cfg-path', '/tmp/tmpyyar5vr7']
[2026-08-14T15:07:09.108+0000] {standard_task_runner.py:105} INFO - Job 228: Subtask transform_gold.fact_order_requests.run
[2026-08-14T15:07:09.212+0000] {task_command.py:467} INFO - Running <TaskInstance: dbt_gold_full_load.transform_gold.fact_order_requests.run manual__2026-08-14T15:07:03.224541+00:00 [running]> on host 7fc2afa82c37
[2026-08-14T15:07:09.356+0000] {taskinstance.py:3131} INFO - Exporting env vars: AIRFLOW_CTX_DAG_OWNER='data_engineer' AIRFLOW_CTX_DAG_ID='dbt_gold_full_load' AIRFLOW_CTX_TASK_ID='transform_gold.fact_order_requests.run' AIRFLOW_CTX_EXECUTION_DATE='2026-08-14T15:07:03.224541+00:00' AIRFLOW_CTX_TRY_NUMBER='1' AIRFLOW_CTX_DAG_RUN_ID='manual__2026-08-14T15:07:03.224541+00:00'
[2026-08-14T15:07:09.360+0000] {taskinstance.py:731} INFO - ::endgroup::
[2026-08-14T15:07:11.699+0000] {local.py:294} INFO - dbtRunner is available. Using dbtRunner for invoking dbt.
[2026-08-14T15:07:11.701+0000] {local.py:518} INFO - Cloning project to writable temp directory /tmp/tmp1plhc9bx from /opt/airflow/dbt_transform
[2026-08-14T15:07:11.722+0000] {local.py:538} INFO - Partial parse is enabled and the latest partial parse file is /opt/airflow/dbt_transform/target/partial_parse.msgpack
[2026-08-14T15:07:11.793+0000] {config.py:395} INFO - Using user-supplied profiles.yml at /opt/airflow/dbt_transform/profiles.yml
[2026-08-14T15:07:11.810+0000] {runner.py:95} INFO - Trying to run dbtRunner with:
 ['deps', '--project-dir', '/tmp/tmp1plhc9bx', '--profiles-dir', '/opt/airflow/dbt_transform', '--profile', 'lakehouse_dbt', '--target', 'dev', '--no-static-parser']
 in /tmp/tmp1plhc9bx
[2026-08-14T15:07:11.941+0000] {logging_mixin.py:190} INFO - 15:07:11  Running with dbt=1.8.8
[2026-08-14T15:07:12.363+0000] {converter.py:314} INFO - ::group::Cosmos DAG parsing logs
[2026-08-14T15:07:12.369+0000] {graph.py:869} INFO - Trying to parse the dbt project using dbt ls cache cosmos_cache__dbt_gold_incremental__transform_gold...
[2026-08-14T15:07:15.334+0000] {cache.py:383} INFO - Cosmos performance: time to calculate cache identifier cosmos_cache__dbt_gold_incremental__transform_gold for current version: 2.940925912000239
[2026-08-14T15:07:15.335+0000] {graph.py:886} INFO - Cosmos performance [7fc2afa82c37|912]: The cache size for cosmos_cache__dbt_gold_incremental__transform_gold is 27520
[2026-08-14T15:07:15.338+0000] {graph.py:898} INFO - Cosmos performance: Cache hit for cosmos_cache__dbt_gold_incremental__transform_gold - 12dc5a13bec5ac1466b69e4edf9d9b5f,304321e940a9403dceb380589bd0566f
[2026-08-14T15:07:15.339+0000] {graph.py:799} INFO - Total nodes: 32
[2026-08-14T15:07:15.341+0000] {graph.py:800} INFO - Total filtered nodes: 32
[2026-08-14T15:07:15.343+0000] {converter.py:361} INFO - Cosmos performance (dbt_gold_incremental__transform_gold) - [7fc2afa82c37|912]: It took 2.97s to parse the dbt project for DAG using dbt_ls_cache
[2026-08-14T15:07:15.418+0000] {converter.py:413} INFO - Cosmos performance (dbt_gold_incremental__transform_gold) - [7fc2afa82c37|912]: It took 0.0753s to build the Airflow DAG.
[2026-08-14T15:07:15.419+0000] {converter.py:420} INFO - ::endgroup::Cosmos DAG parsing logs
[2026-08-14T15:07:15.422+0000] {converter.py:314} INFO - ::group::Cosmos DAG parsing logs
[2026-08-14T15:07:15.429+0000] {graph.py:869} INFO - Trying to parse the dbt project using dbt ls cache cosmos_cache__dbt_gold_full_load__transform_gold...
[2026-08-14T15:07:18.374+0000] {cache.py:383} INFO - Cosmos performance: time to calculate cache identifier cosmos_cache__dbt_gold_full_load__transform_gold for current version: 2.928172001999883
[2026-08-14T15:07:18.375+0000] {graph.py:886} INFO - Cosmos performance [7fc2afa82c37|912]: The cache size for cosmos_cache__dbt_gold_full_load__transform_gold is 27520
[2026-08-14T15:07:18.379+0000] {graph.py:898} INFO - Cosmos performance: Cache hit for cosmos_cache__dbt_gold_full_load__transform_gold - 12dc5a13bec5ac1466b69e4edf9d9b5f,304321e940a9403dceb380589bd0566f
[2026-08-14T15:07:18.383+0000] {graph.py:799} INFO - Total nodes: 32
[2026-08-14T15:07:18.385+0000] {graph.py:800} INFO - Total filtered nodes: 32
[2026-08-14T15:07:18.388+0000] {converter.py:361} INFO - Cosmos performance (dbt_gold_full_load__transform_gold) - [7fc2afa82c37|912]: It took 2.96s to parse the dbt project for DAG using dbt_ls_cache
[2026-08-14T15:07:18.491+0000] {converter.py:413} INFO - Cosmos performance (dbt_gold_full_load__transform_gold) - [7fc2afa82c37|912]: It took 0.103s to build the Airflow DAG.
[2026-08-14T15:07:18.497+0000] {converter.py:420} INFO - ::endgroup::Cosmos DAG parsing logs
[2026-08-14T15:07:18.514+0000] {converter.py:314} INFO - ::group::Cosmos DAG parsing logs
[2026-08-14T15:07:18.523+0000] {graph.py:869} INFO - Trying to parse the dbt project using dbt ls cache cosmos_cache__dbt_silver_gold_incremental__transform_silver...
[2026-08-14T15:07:21.252+0000] {cache.py:383} INFO - Cosmos performance: time to calculate cache identifier cosmos_cache__dbt_silver_gold_incremental__transform_silver for current version: 2.7113067020000017
[2026-08-14T15:07:21.254+0000] {graph.py:886} INFO - Cosmos performance [7fc2afa82c37|912]: The cache size for cosmos_cache__dbt_silver_gold_incremental__transform_silver is 11366
[2026-08-14T15:07:21.255+0000] {graph.py:898} INFO - Cosmos performance: Cache hit for cosmos_cache__dbt_silver_gold_incremental__transform_silver - 12dc5a13bec5ac1466b69e4edf9d9b5f,5e34606eb5f2b3dea81a8e19fa3ba138
[2026-08-14T15:07:21.257+0000] {graph.py:799} INFO - Total nodes: 13
[2026-08-14T15:07:21.259+0000] {graph.py:800} INFO - Total filtered nodes: 13
[2026-08-14T15:07:21.260+0000] {converter.py:361} INFO - Cosmos performance (dbt_silver_gold_incremental__transform_silver) - [7fc2afa82c37|912]: It took 2.74s to parse the dbt project for DAG using dbt_ls_cache
[2026-08-14T15:07:21.282+0000] {converter.py:413} INFO - Cosmos performance (dbt_silver_gold_incremental__transform_silver) - [7fc2afa82c37|912]: It took 0.0223s to build the Airflow DAG.
[2026-08-14T15:07:21.287+0000] {converter.py:420} INFO - ::endgroup::Cosmos DAG parsing logs
[2026-08-14T15:07:21.290+0000] {converter.py:314} INFO - ::group::Cosmos DAG parsing logs
[2026-08-14T15:07:21.298+0000] {graph.py:869} INFO - Trying to parse the dbt project using dbt ls cache cosmos_cache__dbt_silver_gold_incremental__transform_gold...
[2026-08-14T15:07:24.130+0000] {cache.py:383} INFO - Cosmos performance: time to calculate cache identifier cosmos_cache__dbt_silver_gold_incremental__transform_gold for current version: 2.8216370810005174
[2026-08-14T15:07:24.132+0000] {graph.py:886} INFO - Cosmos performance [7fc2afa82c37|912]: The cache size for cosmos_cache__dbt_silver_gold_incremental__transform_gold is 27520
[2026-08-14T15:07:24.134+0000] {graph.py:898} INFO - Cosmos performance: Cache hit for cosmos_cache__dbt_silver_gold_incremental__transform_gold - 12dc5a13bec5ac1466b69e4edf9d9b5f,304321e940a9403dceb380589bd0566f
[2026-08-14T15:07:24.136+0000] {graph.py:799} INFO - Total nodes: 32
[2026-08-14T15:07:24.138+0000] {graph.py:800} INFO - Total filtered nodes: 32
[2026-08-14T15:07:24.139+0000] {converter.py:361} INFO - Cosmos performance (dbt_silver_gold_incremental__transform_gold) - [7fc2afa82c37|912]: It took 2.84s to parse the dbt project for DAG using dbt_ls_cache
[2026-08-14T15:07:24.192+0000] {converter.py:413} INFO - Cosmos performance (dbt_silver_gold_incremental__transform_gold) - [7fc2afa82c37|912]: It took 0.0526s to build the Airflow DAG.
[2026-08-14T15:07:24.193+0000] {converter.py:420} INFO - ::endgroup::Cosmos DAG parsing logs
[2026-08-14T15:07:24.195+0000] {converter.py:314} INFO - ::group::Cosmos DAG parsing logs
[2026-08-14T15:07:24.200+0000] {graph.py:869} INFO - Trying to parse the dbt project using dbt ls cache cosmos_cache__dbt_silver_gold_full_load__transform_silver...
[2026-08-14T15:07:26.783+0000] {cache.py:383} INFO - Cosmos performance: time to calculate cache identifier cosmos_cache__dbt_silver_gold_full_load__transform_silver for current version: 2.573002095999982
[2026-08-14T15:07:26.785+0000] {graph.py:886} INFO - Cosmos performance [7fc2afa82c37|912]: The cache size for cosmos_cache__dbt_silver_gold_full_load__transform_silver is 11366
[2026-08-14T15:07:26.787+0000] {graph.py:898} INFO - Cosmos performance: Cache hit for cosmos_cache__dbt_silver_gold_full_load__transform_silver - 12dc5a13bec5ac1466b69e4edf9d9b5f,5e34606eb5f2b3dea81a8e19fa3ba138
[2026-08-14T15:07:26.788+0000] {graph.py:799} INFO - Total nodes: 13
[2026-08-14T15:07:26.790+0000] {graph.py:800} INFO - Total filtered nodes: 13
[2026-08-14T15:07:26.791+0000] {converter.py:361} INFO - Cosmos performance (dbt_silver_gold_full_load__transform_silver) - [7fc2afa82c37|912]: It took 2.59s to parse the dbt project for DAG using dbt_ls_cache
[2026-08-14T15:07:26.819+0000] {converter.py:413} INFO - Cosmos performance (dbt_silver_gold_full_load__transform_silver) - [7fc2afa82c37|912]: It took 0.0282s to build the Airflow DAG.
[2026-08-14T15:07:26.821+0000] {converter.py:420} INFO - ::endgroup::Cosmos DAG parsing logs
[2026-08-14T15:07:26.823+0000] {converter.py:314} INFO - ::group::Cosmos DAG parsing logs
[2026-08-14T15:07:26.828+0000] {graph.py:869} INFO - Trying to parse the dbt project using dbt ls cache cosmos_cache__dbt_silver_gold_full_load__transform_gold...
[2026-08-14T15:07:30.547+0000] {cache.py:383} INFO - Cosmos performance: time to calculate cache identifier cosmos_cache__dbt_silver_gold_full_load__transform_gold for current version: 3.708197863999885
[2026-08-14T15:07:30.549+0000] {graph.py:886} INFO - Cosmos performance [7fc2afa82c37|912]: The cache size for cosmos_cache__dbt_silver_gold_full_load__transform_gold is 27520
[2026-08-14T15:07:30.551+0000] {graph.py:898} INFO - Cosmos performance: Cache hit for cosmos_cache__dbt_silver_gold_full_load__transform_gold - 12dc5a13bec5ac1466b69e4edf9d9b5f,304321e940a9403dceb380589bd0566f
[2026-08-14T15:07:30.552+0000] {graph.py:799} INFO - Total nodes: 32
[2026-08-14T15:07:30.553+0000] {graph.py:800} INFO - Total filtered nodes: 32
[2026-08-14T15:07:30.555+0000] {converter.py:361} INFO - Cosmos performance (dbt_silver_gold_full_load__transform_gold) - [7fc2afa82c37|912]: It took 3.73s to parse the dbt project for DAG using dbt_ls_cache
[2026-08-14T15:07:30.617+0000] {converter.py:413} INFO - Cosmos performance (dbt_silver_gold_full_load__transform_gold) - [7fc2afa82c37|912]: It took 0.0621s to build the Airflow DAG.
[2026-08-14T15:07:30.618+0000] {converter.py:420} INFO - ::endgroup::Cosmos DAG parsing logs
[2026-08-14T15:07:31.246+0000] {logging_mixin.py:190} INFO - 15:07:31  Installing dbt-labs/dbt_utils
[2026-08-14T15:07:32.082+0000] {logging_mixin.py:190} INFO - 15:07:32  Installed from version 1.3.0
[2026-08-14T15:07:32.083+0000] {logging_mixin.py:190} INFO - 15:07:32  Updated version available: 1.4.1
[2026-08-14T15:07:32.086+0000] {logging_mixin.py:190} INFO - 15:07:32  Installing metaplane/dbt_expectations
[2026-08-14T15:07:34.118+0000] {logging_mixin.py:190} INFO - 15:07:34  Installed from version 0.10.8
[2026-08-14T15:07:34.120+0000] {logging_mixin.py:190} INFO - 15:07:34  Updated version available: 0.10.10
[2026-08-14T15:07:34.123+0000] {logging_mixin.py:190} INFO - 15:07:34  Installing godatadriven/dbt_date
[2026-08-14T15:07:34.646+0000] {logging_mixin.py:190} INFO - 15:07:34  Installed from version 0.15.0
[2026-08-14T15:07:34.649+0000] {logging_mixin.py:190} INFO - 15:07:34  Up to date!
[2026-08-14T15:07:34.653+0000] {logging_mixin.py:190} INFO - 15:07:34
[2026-08-14T15:07:34.655+0000] {logging_mixin.py:190} INFO - 15:07:34  Updates available for packages: ['dbt-labs/dbt_utils', 'metaplane/dbt_expectations']                 
Update your versions in packages.yml, then run dbt deps
[2026-08-14T15:07:35.887+0000] {runner.py:95} INFO - Trying to run dbtRunner with:
 ['run', '--select', 'fqn:logistics_transformation.marts.fact_order_requests', '--full-refresh', '--project-dir', '/tmp/tmp1plhc9bx', '--profiles-dir', '/opt/airflow/dbt_transform', '--profile', 'lakehouse_dbt', '--target', 'dev', '--no-static-parser']
 in /tmp/tmp1plhc9bx
[2026-08-14T15:07:35.922+0000] {logging_mixin.py:190} INFO - 15:07:35  Running with dbt=1.8.8
[2026-08-14T15:07:35.954+0000] {auth.py:343} INFO - keyring module not found. OAuth2 token will not be stored in keyring.
[2026-08-14T15:07:35.960+0000] {auth.py:343} INFO - keyring module not found. OAuth2 token will not be stored in keyring.
[2026-08-14T15:07:36.193+0000] {logging_mixin.py:190} INFO - 15:07:36  Registered adapter: trino=1.8.5
[2026-08-14T15:07:37.064+0000] {logging_mixin.py:190} INFO - 15:07:37  Unable to do partial parsing because config vars, config profile, or config target have changed
[2026-08-14T15:07:37.072+0000] {logging_mixin.py:190} INFO - 15:07:37  Unable to do partial parsing because a project dependency has been added
[2026-08-14T15:07:40.327+0000] {logging_mixin.py:190} INFO - 15:07:40  [WARNING]: Deprecated functionality
The `tests` config has been renamed to `data_tests`. Please see
https://docs.getdbt.com/docs/build/data-tests#new-data_tests-syntax for more
information.
[2026-08-14T15:07:41.175+0000] {logging_mixin.py:190} INFO - 15:07:41  Found 11 models, 36 data tests, 1 source, 839 macros
[2026-08-14T15:07:41.186+0000] {logging_mixin.py:190} INFO - 15:07:41
[2026-08-14T15:07:41.215+0000] {logging_mixin.py:190} INFO - 15:07:41  [WARNING]: SSL certificate validation is disabled by default. It is legacy behavior which will be changed in future releases. It is strongly advised to enable `require_certificate_validation` flag or explicitly set `cert` configuration to `True` for security reasons. You may receive an error after that if your SSL setup is incorrect.
You may opt into the new behavior sooner by setting `flags.require_certificate_validation` to `True` in `dbt_project.yml`.
Visit https://docs.getdbt.com/reference/global-configs/behavior-changes for more information.
[2026-08-14T15:07:41.235+0000] {logging_mixin.py:190} INFO - 15:07:41
[2026-08-14T15:07:41.239+0000] {logging_mixin.py:190} INFO - 15:07:41  Finished running  in 0 hours 0 minutes and 0.05 seconds (0.05s).
[2026-08-14T15:07:41.242+0000] {logging_mixin.py:190} INFO - 15:07:41  Encountered an error:
Database Error
  TrinoUserError(type=USER_ERROR, name=CATALOG_NOT_FOUND, message="Catalog 'iceberg' not found", query_id=20260814_150741_00009_2gcre)
[2026-08-14T15:07:42.410+0000] {local.py:196} WARNING - Artifact schema version: https://schemas.getdbt.com/dbt/manifest/v12.json is above dbt-ol supported version 7. This might cause errors.
[2026-08-14T15:07:42.413+0000] {local.py:594} INFO - Inlets: []
[2026-08-14T15:07:42.415+0000] {local.py:595} INFO - Outlets: []
[2026-08-14T15:07:42.417+0000] {local.py:886} INFO - Assigning inlets/outlets with DatasetAlias in Airflow 2
[2026-08-14T15:07:42.444+0000] {taskinstance.py:3310} ERROR - Task failed with exception
Traceback (most recent call last):
  File "/home/airflow/.local/lib/python3.10/site-packages/airflow/models/taskinstance.py", line 767, in _execute_task
    result = _execute_callable(context=context, **execute_callable_kwargs)
  File "/home/airflow/.local/lib/python3.10/site-packages/airflow/models/taskinstance.py", line 733, in _execute_callable
    return ExecutionCallableRunner(
  File "/home/airflow/.local/lib/python3.10/site-packages/airflow/utils/operator_helpers.py", line 252, in run
    return self.func(*args, **kwargs)
  File "/home/airflow/.local/lib/python3.10/site-packages/cosmos/operators/base.py", line 346, in execute
    self.build_and_run_cmd(context=context, cmd_flags=self.add_cmd_flags(), **kwargs)
  File "/home/airflow/.local/lib/python3.10/site-packages/cosmos/operators/local.py", line 968, in build_and_run_cmd
    result = self.run_command(
  File "/home/airflow/.local/lib/python3.10/site-packages/cosmos/operators/local.py", line 743, in run_command
    self.handle_exception(result)
  File "/home/airflow/.local/lib/python3.10/site-packages/cosmos/operators/local.py", line 308, in handle_exception_dbt_runner
    return dbt_runner.handle_exception_if_needed(result)
  File "/home/airflow/.local/lib/python3.10/site-packages/cosmos/dbt/runner.py", line 152, in handle_exception_if_needed
    raise CosmosDbtRunError(f"dbt invocation did not complete with unhandled error: {result.exception}")
cosmos.exceptions.CosmosDbtRunError: dbt invocation did not complete with unhandled error: Database Error
  TrinoUserError(type=USER_ERROR, name=CATALOG_NOT_FOUND, message="Catalog 'iceberg' not found", query_id=20260814_150741_00009_2gcre)
[2026-08-14T15:07:43.194+0000] {_client.py:1026} INFO - HTTP Request: GET https://astronomer.gateway.scarf.sh/astronomer-cosmos/v3/task_instance?cosmos_version=1.15.0&airflow_version=2.10.2&python_version=3.10.15&platform_system=Linux&platform_machine=x86_64&status=failed&operator_name=DbtRunLocalOperator&is_cosmos_operator_subclass=False&invocation_mode=dbt_runner&execution_mode=local&profile_strategy=yaml_file&profile_mapping_class=None&database=trino&is_mapped_task=False&dbt_command=run&install_deps=True&has_callback=False&duration=33.405275 "HTTP/1.1 200 OK"
[2026-08-14T15:07:43.197+0000] {taskinstance.py:1225} INFO - Marking task as UP_FOR_RETRY. dag_id=dbt_gold_full_load, task_id=transform_gold.fact_order_requests.run, run_id=manual__2026-08-14T15:07:03.224541+00:00, execution_date=20260814T150703, start_date=20260814T150709, end_date=20260814T150742
[2026-08-14T15:07:43.212+0000] {taskinstance.py:340} INFO - ::group::Post task execution logs
[2026-08-14T15:07:43.214+0000] {standard_task_runner.py:124} ERROR - Failed to execute job 228 for task transform_gold.fact_order_requests.run (dbt invocation did not complete with unhandled error: Database Error
  TrinoUserError(type=USER_ERROR, name=CATALOG_NOT_FOUND, message="Catalog 'iceberg' not found", query_id=20260814_150741_00009_2gcre); 912)
Traceback (most recent call last):
  File "/home/airflow/.local/lib/python3.10/site-packages/airflow/task/task_runner/standard_task_runner.py", line 117, in _start_by_fork
    ret = args.func(args, dag=self.dag)
  File "/home/airflow/.local/lib/python3.10/site-packages/airflow/cli/cli_config.py", line 49, in command
    return func(*args, **kwargs)
  File "/home/airflow/.local/lib/python3.10/site-packages/airflow/utils/cli.py", line 115, in wrapper
    return f(*args, **kwargs)
  File "/home/airflow/.local/lib/python3.10/site-packages/airflow/cli/commands/task_command.py", line 483, in task_run
    task_return_code = _run_task_by_selected_method(args, _dag, ti)
  File "/home/airflow/.local/lib/python3.10/site-packages/airflow/cli/commands/task_command.py", line 256, in _run_task_by_selected_method
    return _run_raw_task(args, ti)
  File "/home/airflow/.local/lib/python3.10/site-packages/airflow/cli/commands/task_command.py", line 341, in _run_raw_task
    return ti._run_raw_task(
  File "/home/airflow/.local/lib/python3.10/site-packages/airflow/utils/session.py", line 97, in wrapper
    return func(*args, session=session, **kwargs)
  File "/home/airflow/.local/lib/python3.10/site-packages/airflow/models/taskinstance.py", line 3004, in _run_raw_task
    return _run_raw_task(
  File "/home/airflow/.local/lib/python3.10/site-packages/airflow/models/taskinstance.py", line 273, in _run_raw_task
    TaskInstance._execute_task_with_callbacks(
  File "/home/airflow/.local/lib/python3.10/site-packages/airflow/models/taskinstance.py", line 3158, in _execute_task_with_callbacks
    result = self._execute_task(context, task_orig)
  File "/home/airflow/.local/lib/python3.10/site-packages/airflow/models/taskinstance.py", line 3182, in _execute_task
    return _execute_task(self, context, task_orig)
  File "/home/airflow/.local/lib/python3.10/site-packages/airflow/models/taskinstance.py", line 767, in _execute_task
    result = _execute_callable(context=context, **execute_callable_kwargs)
  File "/home/airflow/.local/lib/python3.10/site-packages/airflow/models/taskinstance.py", line 733, in _execute_callable
    return ExecutionCallableRunner(
  File "/home/airflow/.local/lib/python3.10/site-packages/airflow/utils/operator_helpers.py", line 252, in run
    return self.func(*args, **kwargs)
  File "/home/airflow/.local/lib/python3.10/site-packages/cosmos/operators/base.py", line 346, in execute
    self.build_and_run_cmd(context=context, cmd_flags=self.add_cmd_flags(), **kwargs)
  File "/home/airflow/.local/lib/python3.10/site-packages/cosmos/operators/local.py", line 968, in build_and_run_cmd
    result = self.run_command(
  File "/home/airflow/.local/lib/python3.10/site-packages/cosmos/operators/local.py", line 743, in run_command
    self.handle_exception(result)
  File "/home/airflow/.local/lib/python3.10/site-packages/cosmos/operators/local.py", line 308, in handle_exception_dbt_runner
    return dbt_runner.handle_exception_if_needed(result)
  File "/home/airflow/.local/lib/python3.10/site-packages/cosmos/dbt/runner.py", line 152, in handle_exception_if_needed
    raise CosmosDbtRunError(f"dbt invocation did not complete with unhandled error: {result.exception}")
cosmos.exceptions.CosmosDbtRunError: dbt invocation did not complete with unhandled error: Database Error
  TrinoUserError(type=USER_ERROR, name=CATALOG_NOT_FOUND, message="Catalog 'iceberg' not found", query_id=20260814_150741_00009_2gcre)
[2026-08-14T15:07:43.243+0000] {local_task_job_runner.py:266} INFO - Task exited with return code 1
[2026-08-14T15:07:43.267+0000] {taskinstance.py:3900} INFO - 0 downstream tasks scheduled from follow-on schedule check
[2026-08-14T15:07:43.271+0000] {local_task_job_runner.py:245} INFO - ::endgroup::
