[2026-07-25T08:53:24.362+0000] {local_task_job_runner.py:123} INFO - ::group::Pre task execution logs
[2026-07-25T08:53:24.391+0000] {taskinstance.py:2612} INFO - Dependencies all met for dep_context=non-requeueable deps ti=<TaskInstance: dbt_metadata_to_qdrant_api_sync.trigger_qdrant_indexer_api manual__2026-07-25T08:53:23.399515+00:00 [queued]>
[2026-07-25T08:53:24.403+0000] {taskinstance.py:2612} INFO - Dependencies all met for dep_context=requeueable deps ti=<TaskInstance: dbt_metadata_to_qdrant_api_sync.trigger_qdrant_indexer_api manual__2026-07-25T08:53:23.399515+00:00 [queued]>
[2026-07-25T08:53:24.405+0000] {taskinstance.py:2865} INFO - Starting attempt 1 of 4
[2026-07-25T08:53:24.422+0000] {taskinstance.py:2888} INFO - Executing <Task(SimpleHttpOperator): trigger_qdrant_indexer_api> on 2026-07-25 08:53:23.399515+00:00
[2026-07-25T08:53:24.428+0000] {standard_task_runner.py:72} INFO - Started process 711 to run task
[2026-07-25T08:53:24.434+0000] {standard_task_runner.py:104} INFO - Running: ['airflow', 'tasks', 'run', 'dbt_metadata_to_qdrant_api_sync', 'trigger_qdrant_indexer_api', 'manual__2026-07-25T08:53:23.399515+00:00', '--job-id', '3', '--raw', '--subdir', 'DAGS_FOLDER/dbt_to_qdrant_dag.py', '--cfg-path', '/tmp/tmpa4gq015c']
[2026-07-25T08:53:24.437+0000] {standard_task_runner.py:105} INFO - Job 3: Subtask trigger_qdrant_indexer_api
[2026-07-25T08:53:24.575+0000] {task_command.py:467} INFO - Running <TaskInstance: dbt_metadata_to_qdrant_api_sync.trigger_qdrant_indexer_api manual__2026-07-25T08:53:23.399515+00:00 [running]> on host e6909613f7f1
[2026-07-25T08:53:24.734+0000] {taskinstance.py:3131} INFO - Exporting env vars: AIRFLOW_CTX_DAG_OWNER='data_engineer' AIRFLOW_CTX_DAG_ID='dbt_metadata_to_qdrant_api_sync' AIRFLOW_CTX_TASK_ID='trigger_qdrant_indexer_api' AIRFLOW_CTX_EXECUTION_DATE='2026-07-25T08:53:23.399515+00:00' AIRFLOW_CTX_TRY_NUMBER='1' AIRFLOW_CTX_DAG_RUN_ID='manual__2026-07-25T08:53:23.399515+00:00'
[2026-07-25T08:53:24.736+0000] {taskinstance.py:731} INFO - ::endgroup::
[2026-07-25T08:53:24.751+0000] {http.py:173} INFO - Calling HTTP method
[2026-07-25T08:53:24.755+0000] {base.py:84} INFO - Retrieving connection 'ai_agent_api'
[2026-07-25T08:53:24.759+0000] {base.py:84} INFO - Retrieving connection 'ai_agent_api'
[2026-07-25T08:53:24.823+0000] {http.py:222} INFO - {"status":"success","message":"API đã tiếp nhận tín hiệu. Tiến trình đồng bộ Qdrant đang chạy ngầm.","details":{"source":"airflow","schemas_to_sync":["marts","gold"]}}
[2026-07-25T08:53:24.860+0000] {taskinstance.py:340} INFO - ::group::Post task execution logs
[2026-07-25T08:53:24.862+0000] {taskinstance.py:352} INFO - Marking task as SUCCESS. dag_id=dbt_metadata_to_qdrant_api_sync, task_id=trigger_qdrant_indexer_api, run_id=manual__2026-07-25T08:53:23.399515+00:00, execution_date=20260725T085323, start_date=20260725T085324, end_date=20260725T085324
[2026-07-25T08:53:24.890+0000] {local_task_job_runner.py:266} INFO - Task exited with return code 0
[2026-07-25T08:53:24.907+0000] {logging_mixin.py:190} WARNING - /home/airflow/.local/lib/python3.10/site-packages/airflow/models/baseoperator.py:1378 AirflowProviderDeprecationWarning: Call to deprecated class SimpleHttpOperator. (Class `SimpleHttpOperator` is deprecated and will be removed in a future release. Please use `HttpOperator` instead.)
[2026-07-25T08:53:24.919+0000] {taskinstance.py:3900} INFO - 0 downstream tasks scheduled from follow-on schedule check
[2026-07-25T08:53:24.921+0000] {local_task_job_runner.py:245} INFO - ::endgroup::
