[2026-07-16T01:27:01.825+0000] {local_task_job_runner.py:123} INFO - ::group::Pre task execution logs
[2026-07-16T01:27:01.849+0000] {taskinstance.py:2612} INFO - Dependencies all met for dep_context=non-requeueable deps ti=<TaskInstance: wap_consumer_complaints_pipeline.aggregate_metrics scheduled__2026-07-15T00:00:00+00:00 [queued]>
[2026-07-16T01:27:01.859+0000] {taskinstance.py:2612} INFO - Dependencies all met for dep_context=requeueable deps ti=<TaskInstance: wap_consumer_complaints_pipeline.aggregate_metrics scheduled__2026-07-15T00:00:00+00:00 [queued]>
[2026-07-16T01:27:01.861+0000] {taskinstance.py:2865} INFO - Starting attempt 1 of 2
[2026-07-16T01:27:01.873+0000] {taskinstance.py:2888} INFO - Executing <Task(_PythonDecoratedOperator): aggregate_metrics> on 2026-07-15 00:00:00+00:00
[2026-07-16T01:27:01.879+0000] {standard_task_runner.py:72} INFO - Started process 595 to run task
[2026-07-16T01:27:01.883+0000] {standard_task_runner.py:104} INFO - Running: ['airflow', 'tasks', 'run', 'wap_consumer_complaints_pipeline', 'aggregate_metrics', 'scheduled__2026-07-15T00:00:00+00:00', '--job-id', '7', '--raw', '--subdir', 'DAGS_FOLDER/wap_consumer_complaints_pipeline.py', '--cfg-path', '/tmp/tmpl6829jm7']
[2026-07-16T01:27:01.886+0000] {standard_task_runner.py:105} INFO - Job 7: Subtask aggregate_metrics
[2026-07-16T01:27:01.961+0000] {task_command.py:467} INFO - Running <TaskInstance: wap_consumer_complaints_pipeline.aggregate_metrics scheduled__2026-07-15T00:00:00+00:00 [running]> on host ea8719a8a5a2
[2026-07-16T01:27:02.064+0000] {taskinstance.py:3131} INFO - Exporting env vars: AIRFLOW_CTX_DAG_OWNER='data_engineer' AIRFLOW_CTX_DAG_ID='wap_consumer_complaints_pipeline' AIRFLOW_CTX_TASK_ID='aggregate_metrics' AIRFLOW_CTX_EXECUTION_DATE='2026-07-15T00:00:00+00:00' AIRFLOW_CTX_TRY_NUMBER='1' AIRFLOW_CTX_DAG_RUN_ID='scheduled__2026-07-15T00:00:00+00:00'
[2026-07-16T01:27:02.066+0000] {taskinstance.py:731} INFO - ::endgroup::
[2026-07-16T01:27:02.080+0000] {python.py:240} INFO - Done. Returned value was: 22
[2026-07-16T01:27:02.101+0000] {taskinstance.py:340} INFO - ::group::Post task execution logs
[2026-07-16T01:27:02.102+0000] {taskinstance.py:352} INFO - Marking task as SUCCESS. dag_id=wap_consumer_complaints_pipeline, task_id=aggregate_metrics, run_id=scheduled__2026-07-15T00:00:00+00:00, execution_date=20260715T000000, start_date=20260716T012701, end_date=20260716T012702
[2026-07-16T01:27:02.139+0000] {local_task_job_runner.py:266} INFO - Task exited with return code 0
[2026-07-16T01:27:02.182+0000] {taskinstance.py:3900} INFO - 1 downstream tasks scheduled from follow-on schedule check
[2026-07-16T01:27:02.186+0000] {local_task_job_runner.py:245} INFO - ::endgroup::
[2026-07-16T01:40:59.311+0000] {local_task_job_runner.py:123} INFO - ::group::Pre task execution logs
[2026-07-16T01:40:59.332+0000] {taskinstance.py:2612} INFO - Dependencies all met for dep_context=non-requeueable deps ti=<TaskInstance: wap_consumer_complaints_pipeline.aggregate_metrics scheduled__2026-07-15T00:00:00+00:00 [queued]>
[2026-07-16T01:40:59.340+0000] {taskinstance.py:2612} INFO - Dependencies all met for dep_context=requeueable deps ti=<TaskInstance: wap_consumer_complaints_pipeline.aggregate_metrics scheduled__2026-07-15T00:00:00+00:00 [queued]>
[2026-07-16T01:40:59.342+0000] {taskinstance.py:2865} INFO - Starting attempt 1 of 2
[2026-07-16T01:40:59.355+0000] {taskinstance.py:2888} INFO - Executing <Task(_PythonDecoratedOperator): aggregate_metrics> on 2026-07-15 00:00:00+00:00
[2026-07-16T01:40:59.362+0000] {standard_task_runner.py:72} INFO - Started process 593 to run task
[2026-07-16T01:40:59.365+0000] {standard_task_runner.py:104} INFO - Running: ['airflow', 'tasks', 'run', 'wap_consumer_complaints_pipeline', 'aggregate_metrics', 'scheduled__2026-07-15T00:00:00+00:00', '--job-id', '7', '--raw', '--subdir', 'DAGS_FOLDER/wap_consumer_complaints_pipeline.py', '--cfg-path', '/tmp/tmp5ejhe6uo']
[2026-07-16T01:40:59.367+0000] {standard_task_runner.py:105} INFO - Job 7: Subtask aggregate_metrics
[2026-07-16T01:40:59.451+0000] {task_command.py:467} INFO - Running <TaskInstance: wap_consumer_complaints_pipeline.aggregate_metrics scheduled__2026-07-15T00:00:00+00:00 [running]> on host a7c65b19a05f
[2026-07-16T01:40:59.544+0000] {taskinstance.py:3131} INFO - Exporting env vars: AIRFLOW_CTX_DAG_OWNER='data_engineer' AIRFLOW_CTX_DAG_ID='wap_consumer_complaints_pipeline' AIRFLOW_CTX_TASK_ID='aggregate_metrics' AIRFLOW_CTX_EXECUTION_DATE='2026-07-15T00:00:00+00:00' AIRFLOW_CTX_TRY_NUMBER='1' AIRFLOW_CTX_DAG_RUN_ID='scheduled__2026-07-15T00:00:00+00:00'
[2026-07-16T01:40:59.547+0000] {taskinstance.py:731} INFO - ::endgroup::
[2026-07-16T01:40:59.560+0000] {python.py:240} INFO - Done. Returned value was: 22
[2026-07-16T01:40:59.579+0000] {taskinstance.py:340} INFO - ::group::Post task execution logs
[2026-07-16T01:40:59.581+0000] {taskinstance.py:352} INFO - Marking task as SUCCESS. dag_id=wap_consumer_complaints_pipeline, task_id=aggregate_metrics, run_id=scheduled__2026-07-15T00:00:00+00:00, execution_date=20260715T000000, start_date=20260716T014059, end_date=20260716T014059
[2026-07-16T01:40:59.620+0000] {local_task_job_runner.py:266} INFO - Task exited with return code 0
[2026-07-16T01:40:59.658+0000] {taskinstance.py:3900} INFO - 1 downstream tasks scheduled from follow-on schedule check
[2026-07-16T01:40:59.663+0000] {local_task_job_runner.py:245} INFO - ::endgroup::
[2026-07-16T02:13:02.468+0000] {local_task_job_runner.py:123} INFO - ::group::Pre task execution logs
[2026-07-16T02:13:02.488+0000] {taskinstance.py:2612} INFO - Dependencies all met for dep_context=non-requeueable deps ti=<TaskInstance: wap_consumer_complaints_pipeline.aggregate_metrics scheduled__2026-07-15T00:00:00+00:00 [queued]>
[2026-07-16T02:13:02.499+0000] {taskinstance.py:2612} INFO - Dependencies all met for dep_context=requeueable deps ti=<TaskInstance: wap_consumer_complaints_pipeline.aggregate_metrics scheduled__2026-07-15T00:00:00+00:00 [queued]>
[2026-07-16T02:13:02.501+0000] {taskinstance.py:2865} INFO - Starting attempt 1 of 2
[2026-07-16T02:13:02.511+0000] {taskinstance.py:2888} INFO - Executing <Task(_PythonDecoratedOperator): aggregate_metrics> on 2026-07-15 00:00:00+00:00
[2026-07-16T02:13:02.518+0000] {standard_task_runner.py:72} INFO - Started process 749 to run task
[2026-07-16T02:13:02.521+0000] {standard_task_runner.py:104} INFO - Running: ['airflow', 'tasks', 'run', 'wap_consumer_complaints_pipeline', 'aggregate_metrics', 'scheduled__2026-07-15T00:00:00+00:00', '--job-id', '7', '--raw', '--subdir', 'DAGS_FOLDER/wap_consumer_complaints_pipeline.py', '--cfg-path', '/tmp/tmp7mc63iri']
[2026-07-16T02:13:02.523+0000] {standard_task_runner.py:105} INFO - Job 7: Subtask aggregate_metrics
[2026-07-16T02:13:02.595+0000] {task_command.py:467} INFO - Running <TaskInstance: wap_consumer_complaints_pipeline.aggregate_metrics scheduled__2026-07-15T00:00:00+00:00 [running]> on host 61ab07fddcad
[2026-07-16T02:13:02.682+0000] {taskinstance.py:3131} INFO - Exporting env vars: AIRFLOW_CTX_DAG_OWNER='data_engineer' AIRFLOW_CTX_DAG_ID='wap_consumer_complaints_pipeline' AIRFLOW_CTX_TASK_ID='aggregate_metrics' AIRFLOW_CTX_EXECUTION_DATE='2026-07-15T00:00:00+00:00' AIRFLOW_CTX_TRY_NUMBER='1' AIRFLOW_CTX_DAG_RUN_ID='scheduled__2026-07-15T00:00:00+00:00'
[2026-07-16T02:13:02.684+0000] {taskinstance.py:731} INFO - ::endgroup::
[2026-07-16T02:13:02.697+0000] {python.py:240} INFO - Done. Returned value was: 22
[2026-07-16T02:13:02.715+0000] {taskinstance.py:340} INFO - ::group::Post task execution logs
[2026-07-16T02:13:02.718+0000] {taskinstance.py:352} INFO - Marking task as SUCCESS. dag_id=wap_consumer_complaints_pipeline, task_id=aggregate_metrics, run_id=scheduled__2026-07-15T00:00:00+00:00, execution_date=20260715T000000, start_date=20260716T021302, end_date=20260716T021302
[2026-07-16T02:13:02.736+0000] {local_task_job_runner.py:266} INFO - Task exited with return code 0
[2026-07-16T02:13:02.774+0000] {taskinstance.py:3900} INFO - 1 downstream tasks scheduled from follow-on schedule check
[2026-07-16T02:13:02.779+0000] {local_task_job_runner.py:245} INFO - ::endgroup::
[2026-07-16T02:46:43.252+0000] {local_task_job_runner.py:123} INFO - ::group::Pre task execution logs
[2026-07-16T02:46:43.271+0000] {taskinstance.py:2612} INFO - Dependencies all met for dep_context=non-requeueable deps ti=<TaskInstance: wap_consumer_complaints_pipeline.aggregate_metrics scheduled__2026-07-15T00:00:00+00:00 [queued]>
[2026-07-16T02:46:43.281+0000] {taskinstance.py:2612} INFO - Dependencies all met for dep_context=requeueable deps ti=<TaskInstance: wap_consumer_complaints_pipeline.aggregate_metrics scheduled__2026-07-15T00:00:00+00:00 [queued]>
[2026-07-16T02:46:43.282+0000] {taskinstance.py:2865} INFO - Starting attempt 1 of 2
[2026-07-16T02:46:43.293+0000] {taskinstance.py:2888} INFO - Executing <Task(_PythonDecoratedOperator): aggregate_metrics> on 2026-07-15 00:00:00+00:00
[2026-07-16T02:46:43.298+0000] {standard_task_runner.py:72} INFO - Started process 1259 to run task
[2026-07-16T02:46:43.302+0000] {standard_task_runner.py:104} INFO - Running: ['airflow', 'tasks', 'run', 'wap_consumer_complaints_pipeline', 'aggregate_metrics', 'scheduled__2026-07-15T00:00:00+00:00', '--job-id', '7', '--raw', '--subdir', 'DAGS_FOLDER/wap_consumer_complaints_pipeline.py', '--cfg-path', '/tmp/tmp2gz0chdp']
[2026-07-16T02:46:43.304+0000] {standard_task_runner.py:105} INFO - Job 7: Subtask aggregate_metrics
[2026-07-16T02:46:43.382+0000] {task_command.py:467} INFO - Running <TaskInstance: wap_consumer_complaints_pipeline.aggregate_metrics scheduled__2026-07-15T00:00:00+00:00 [running]> on host a13230b985ee
[2026-07-16T02:46:43.474+0000] {taskinstance.py:3131} INFO - Exporting env vars: AIRFLOW_CTX_DAG_OWNER='data_engineer' AIRFLOW_CTX_DAG_ID='wap_consumer_complaints_pipeline' AIRFLOW_CTX_TASK_ID='aggregate_metrics' AIRFLOW_CTX_EXECUTION_DATE='2026-07-15T00:00:00+00:00' AIRFLOW_CTX_TRY_NUMBER='1' AIRFLOW_CTX_DAG_RUN_ID='scheduled__2026-07-15T00:00:00+00:00'
[2026-07-16T02:46:43.477+0000] {taskinstance.py:731} INFO - ::endgroup::
[2026-07-16T02:46:43.488+0000] {python.py:240} INFO - Done. Returned value was: 22
[2026-07-16T02:46:43.506+0000] {taskinstance.py:340} INFO - ::group::Post task execution logs
[2026-07-16T02:46:43.507+0000] {taskinstance.py:352} INFO - Marking task as SUCCESS. dag_id=wap_consumer_complaints_pipeline, task_id=aggregate_metrics, run_id=scheduled__2026-07-15T00:00:00+00:00, execution_date=20260715T000000, start_date=20260716T024643, end_date=20260716T024643
[2026-07-16T02:46:43.556+0000] {local_task_job_runner.py:266} INFO - Task exited with return code 0
[2026-07-16T02:46:43.597+0000] {taskinstance.py:3900} INFO - 1 downstream tasks scheduled from follow-on schedule check
[2026-07-16T02:46:43.600+0000] {local_task_job_runner.py:245} INFO - ::endgroup::
[2026-07-16T03:02:40.997+0000] {local_task_job_runner.py:123} INFO - ::group::Pre task execution logs
[2026-07-16T03:02:41.016+0000] {taskinstance.py:2612} INFO - Dependencies all met for dep_context=non-requeueable deps ti=<TaskInstance: wap_consumer_complaints_pipeline.aggregate_metrics scheduled__2026-07-15T00:00:00+00:00 [queued]>
[2026-07-16T03:02:41.026+0000] {taskinstance.py:2612} INFO - Dependencies all met for dep_context=requeueable deps ti=<TaskInstance: wap_consumer_complaints_pipeline.aggregate_metrics scheduled__2026-07-15T00:00:00+00:00 [queued]>
[2026-07-16T03:02:41.027+0000] {taskinstance.py:2865} INFO - Starting attempt 1 of 2
[2026-07-16T03:02:41.038+0000] {taskinstance.py:2888} INFO - Executing <Task(_PythonDecoratedOperator): aggregate_metrics> on 2026-07-15 00:00:00+00:00
[2026-07-16T03:02:41.044+0000] {standard_task_runner.py:72} INFO - Started process 838 to run task
[2026-07-16T03:02:41.047+0000] {standard_task_runner.py:104} INFO - Running: ['airflow', 'tasks', 'run', 'wap_consumer_complaints_pipeline', 'aggregate_metrics', 'scheduled__2026-07-15T00:00:00+00:00', '--job-id', '7', '--raw', '--subdir', 'DAGS_FOLDER/wap_consumer_complaints_pipeline.py', '--cfg-path', '/tmp/tmpnlv5f51x']
[2026-07-16T03:02:41.050+0000] {standard_task_runner.py:105} INFO - Job 7: Subtask aggregate_metrics
[2026-07-16T03:02:41.114+0000] {task_command.py:467} INFO - Running <TaskInstance: wap_consumer_complaints_pipeline.aggregate_metrics scheduled__2026-07-15T00:00:00+00:00 [running]> on host 08cf7cf6ccff
[2026-07-16T03:02:41.208+0000] {taskinstance.py:3131} INFO - Exporting env vars: AIRFLOW_CTX_DAG_OWNER='data_engineer' AIRFLOW_CTX_DAG_ID='wap_consumer_complaints_pipeline' AIRFLOW_CTX_TASK_ID='aggregate_metrics' AIRFLOW_CTX_EXECUTION_DATE='2026-07-15T00:00:00+00:00' AIRFLOW_CTX_TRY_NUMBER='1' AIRFLOW_CTX_DAG_RUN_ID='scheduled__2026-07-15T00:00:00+00:00'
[2026-07-16T03:02:41.210+0000] {taskinstance.py:731} INFO - ::endgroup::
[2026-07-16T03:02:41.224+0000] {python.py:240} INFO - Done. Returned value was: 22
[2026-07-16T03:02:41.243+0000] {taskinstance.py:340} INFO - ::group::Post task execution logs
[2026-07-16T03:02:41.245+0000] {taskinstance.py:352} INFO - Marking task as SUCCESS. dag_id=wap_consumer_complaints_pipeline, task_id=aggregate_metrics, run_id=scheduled__2026-07-15T00:00:00+00:00, execution_date=20260715T000000, start_date=20260716T030241, end_date=20260716T030241
[2026-07-16T03:02:41.263+0000] {local_task_job_runner.py:266} INFO - Task exited with return code 0
[2026-07-16T03:02:41.301+0000] {taskinstance.py:3900} INFO - 1 downstream tasks scheduled from follow-on schedule check
[2026-07-16T03:02:41.305+0000] {local_task_job_runner.py:245} INFO - ::endgroup::
[2026-07-16T03:09:40.372+0000] {local_task_job_runner.py:123} INFO - ::group::Pre task execution logs
[2026-07-16T03:09:40.392+0000] {taskinstance.py:2612} INFO - Dependencies all met for dep_context=non-requeueable deps ti=<TaskInstance: wap_consumer_complaints_pipeline.aggregate_metrics scheduled__2026-07-15T00:00:00+00:00 [queued]>
[2026-07-16T03:09:40.403+0000] {taskinstance.py:2612} INFO - Dependencies all met for dep_context=requeueable deps ti=<TaskInstance: wap_consumer_complaints_pipeline.aggregate_metrics scheduled__2026-07-15T00:00:00+00:00 [queued]>
[2026-07-16T03:09:40.404+0000] {taskinstance.py:2865} INFO - Starting attempt 1 of 2
[2026-07-16T03:09:40.417+0000] {taskinstance.py:2888} INFO - Executing <Task(_PythonDecoratedOperator): aggregate_metrics> on 2026-07-15 00:00:00+00:00
[2026-07-16T03:09:40.422+0000] {standard_task_runner.py:72} INFO - Started process 487 to run task
[2026-07-16T03:09:40.428+0000] {standard_task_runner.py:104} INFO - Running: ['airflow', 'tasks', 'run', 'wap_consumer_complaints_pipeline', 'aggregate_metrics', 'scheduled__2026-07-15T00:00:00+00:00', '--job-id', '7', '--raw', '--subdir', 'DAGS_FOLDER/wap_consumer_complaints_pipeline.py', '--cfg-path', '/tmp/tmpujt91y95']
[2026-07-16T03:09:40.430+0000] {standard_task_runner.py:105} INFO - Job 7: Subtask aggregate_metrics
[2026-07-16T03:09:40.524+0000] {task_command.py:467} INFO - Running <TaskInstance: wap_consumer_complaints_pipeline.aggregate_metrics scheduled__2026-07-15T00:00:00+00:00 [running]> on host c2b93859cfca
[2026-07-16T03:09:40.629+0000] {taskinstance.py:3131} INFO - Exporting env vars: AIRFLOW_CTX_DAG_OWNER='data_engineer' AIRFLOW_CTX_DAG_ID='wap_consumer_complaints_pipeline' AIRFLOW_CTX_TASK_ID='aggregate_metrics' AIRFLOW_CTX_EXECUTION_DATE='2026-07-15T00:00:00+00:00' AIRFLOW_CTX_TRY_NUMBER='1' AIRFLOW_CTX_DAG_RUN_ID='scheduled__2026-07-15T00:00:00+00:00'
[2026-07-16T03:09:40.632+0000] {taskinstance.py:731} INFO - ::endgroup::
[2026-07-16T03:09:40.645+0000] {python.py:240} INFO - Done. Returned value was: 22
[2026-07-16T03:09:40.665+0000] {taskinstance.py:340} INFO - ::group::Post task execution logs
[2026-07-16T03:09:40.667+0000] {taskinstance.py:352} INFO - Marking task as SUCCESS. dag_id=wap_consumer_complaints_pipeline, task_id=aggregate_metrics, run_id=scheduled__2026-07-15T00:00:00+00:00, execution_date=20260715T000000, start_date=20260716T030940, end_date=20260716T030940
[2026-07-16T03:09:40.722+0000] {local_task_job_runner.py:266} INFO - Task exited with return code 0
[2026-07-16T03:09:40.762+0000] {taskinstance.py:3900} INFO - 0 downstream tasks scheduled from follow-on schedule check
[2026-07-16T03:09:40.765+0000] {local_task_job_runner.py:245} INFO - ::endgroup::
[2026-07-16T03:14:05.426+0000] {local_task_job_runner.py:123} INFO - ::group::Pre task execution logs
[2026-07-16T03:14:05.451+0000] {taskinstance.py:2612} INFO - Dependencies all met for dep_context=non-requeueable deps ti=<TaskInstance: wap_consumer_complaints_pipeline.aggregate_metrics scheduled__2026-07-15T00:00:00+00:00 [queued]>
[2026-07-16T03:14:05.461+0000] {taskinstance.py:2612} INFO - Dependencies all met for dep_context=requeueable deps ti=<TaskInstance: wap_consumer_complaints_pipeline.aggregate_metrics scheduled__2026-07-15T00:00:00+00:00 [queued]>
[2026-07-16T03:14:05.462+0000] {taskinstance.py:2865} INFO - Starting attempt 1 of 2
[2026-07-16T03:14:05.475+0000] {taskinstance.py:2888} INFO - Executing <Task(_PythonDecoratedOperator): aggregate_metrics> on 2026-07-15 00:00:00+00:00
[2026-07-16T03:14:05.480+0000] {standard_task_runner.py:72} INFO - Started process 1451 to run task
[2026-07-16T03:14:05.490+0000] {standard_task_runner.py:104} INFO - Running: ['airflow', 'tasks', 'run', 'wap_consumer_complaints_pipeline', 'aggregate_metrics', 'scheduled__2026-07-15T00:00:00+00:00', '--job-id', '14', '--raw', '--subdir', 'DAGS_FOLDER/wap_consumer_complaints_pipeline.py', '--cfg-path', '/tmp/tmpbug_lgjh']
[2026-07-16T03:14:05.492+0000] {standard_task_runner.py:105} INFO - Job 14: Subtask aggregate_metrics
[2026-07-16T03:14:05.581+0000] {task_command.py:467} INFO - Running <TaskInstance: wap_consumer_complaints_pipeline.aggregate_metrics scheduled__2026-07-15T00:00:00+00:00 [running]> on host c2b93859cfca
[2026-07-16T03:14:05.691+0000] {taskinstance.py:3131} INFO - Exporting env vars: AIRFLOW_CTX_DAG_OWNER='data_engineer' AIRFLOW_CTX_DAG_ID='wap_consumer_complaints_pipeline' AIRFLOW_CTX_TASK_ID='aggregate_metrics' AIRFLOW_CTX_EXECUTION_DATE='2026-07-15T00:00:00+00:00' AIRFLOW_CTX_TRY_NUMBER='1' AIRFLOW_CTX_DAG_RUN_ID='scheduled__2026-07-15T00:00:00+00:00'
[2026-07-16T03:14:05.693+0000] {taskinstance.py:731} INFO - ::endgroup::
[2026-07-16T03:14:05.708+0000] {python.py:240} INFO - Done. Returned value was: 22
[2026-07-16T03:14:05.729+0000] {taskinstance.py:340} INFO - ::group::Post task execution logs
[2026-07-16T03:14:05.730+0000] {taskinstance.py:352} INFO - Marking task as SUCCESS. dag_id=wap_consumer_complaints_pipeline, task_id=aggregate_metrics, run_id=scheduled__2026-07-15T00:00:00+00:00, execution_date=20260715T000000, start_date=20260716T031405, end_date=20260716T031405
[2026-07-16T03:14:05.783+0000] {local_task_job_runner.py:266} INFO - Task exited with return code 0
[2026-07-16T03:14:05.823+0000] {taskinstance.py:3900} INFO - 1 downstream tasks scheduled from follow-on schedule check
[2026-07-16T03:14:05.826+0000] {local_task_job_runner.py:245} INFO - ::endgroup::
[2026-07-16T03:56:39.560+0000] {local_task_job_runner.py:123} INFO - ::group::Pre task execution logs
[2026-07-16T03:56:39.580+0000] {taskinstance.py:2612} INFO - Dependencies all met for dep_context=non-requeueable deps ti=<TaskInstance: wap_consumer_complaints_pipeline.aggregate_metrics scheduled__2026-07-15T00:00:00+00:00 [queued]>
[2026-07-16T03:56:39.591+0000] {taskinstance.py:2612} INFO - Dependencies all met for dep_context=requeueable deps ti=<TaskInstance: wap_consumer_complaints_pipeline.aggregate_metrics scheduled__2026-07-15T00:00:00+00:00 [queued]>
[2026-07-16T03:56:39.592+0000] {taskinstance.py:2865} INFO - Starting attempt 1 of 2
[2026-07-16T03:56:39.604+0000] {taskinstance.py:2888} INFO - Executing <Task(_PythonDecoratedOperator): aggregate_metrics> on 2026-07-15 00:00:00+00:00
[2026-07-16T03:56:39.611+0000] {standard_task_runner.py:72} INFO - Started process 838 to run task
[2026-07-16T03:56:39.618+0000] {standard_task_runner.py:104} INFO - Running: ['airflow', 'tasks', 'run', 'wap_consumer_complaints_pipeline', 'aggregate_metrics', 'scheduled__2026-07-15T00:00:00+00:00', '--job-id', '7', '--raw', '--subdir', 'DAGS_FOLDER/wap_consumer_complaints_pipeline.py', '--cfg-path', '/tmp/tmpse5iza8h']
[2026-07-16T03:56:39.621+0000] {standard_task_runner.py:105} INFO - Job 7: Subtask aggregate_metrics
[2026-07-16T03:56:39.710+0000] {task_command.py:467} INFO - Running <TaskInstance: wap_consumer_complaints_pipeline.aggregate_metrics scheduled__2026-07-15T00:00:00+00:00 [running]> on host fb5e151b7902
[2026-07-16T03:56:39.828+0000] {taskinstance.py:3131} INFO - Exporting env vars: AIRFLOW_CTX_DAG_OWNER='data_engineer' AIRFLOW_CTX_DAG_ID='wap_consumer_complaints_pipeline' AIRFLOW_CTX_TASK_ID='aggregate_metrics' AIRFLOW_CTX_EXECUTION_DATE='2026-07-15T00:00:00+00:00' AIRFLOW_CTX_TRY_NUMBER='1' AIRFLOW_CTX_DAG_RUN_ID='scheduled__2026-07-15T00:00:00+00:00'
[2026-07-16T03:56:39.831+0000] {taskinstance.py:731} INFO - ::endgroup::
[2026-07-16T03:56:39.846+0000] {python.py:240} INFO - Done. Returned value was: 22
[2026-07-16T03:56:39.870+0000] {taskinstance.py:340} INFO - ::group::Post task execution logs
[2026-07-16T03:56:39.872+0000] {taskinstance.py:352} INFO - Marking task as SUCCESS. dag_id=wap_consumer_complaints_pipeline, task_id=aggregate_metrics, run_id=scheduled__2026-07-15T00:00:00+00:00, execution_date=20260715T000000, start_date=20260716T035639, end_date=20260716T035639
[2026-07-16T03:56:39.915+0000] {local_task_job_runner.py:266} INFO - Task exited with return code 0
[2026-07-16T03:56:39.956+0000] {taskinstance.py:3900} INFO - 1 downstream tasks scheduled from follow-on schedule check
[2026-07-16T03:56:39.960+0000] {local_task_job_runner.py:245} INFO - ::endgroup::
[2026-07-16T04:20:08.735+0000] {local_task_job_runner.py:123} INFO - ::group::Pre task execution logs
[2026-07-16T04:20:08.761+0000] {taskinstance.py:2612} INFO - Dependencies all met for dep_context=non-requeueable deps ti=<TaskInstance: wap_consumer_complaints_pipeline.aggregate_metrics scheduled__2026-07-15T00:00:00+00:00 [queued]>
[2026-07-16T04:20:08.771+0000] {taskinstance.py:2612} INFO - Dependencies all met for dep_context=requeueable deps ti=<TaskInstance: wap_consumer_complaints_pipeline.aggregate_metrics scheduled__2026-07-15T00:00:00+00:00 [queued]>
[2026-07-16T04:20:08.773+0000] {taskinstance.py:2865} INFO - Starting attempt 1 of 2
[2026-07-16T04:20:08.788+0000] {taskinstance.py:2888} INFO - Executing <Task(_PythonDecoratedOperator): aggregate_metrics> on 2026-07-15 00:00:00+00:00
[2026-07-16T04:20:08.795+0000] {standard_task_runner.py:72} INFO - Started process 660 to run task
[2026-07-16T04:20:08.801+0000] {standard_task_runner.py:104} INFO - Running: ['airflow', 'tasks', 'run', 'wap_consumer_complaints_pipeline', 'aggregate_metrics', 'scheduled__2026-07-15T00:00:00+00:00', '--job-id', '7', '--raw', '--subdir', 'DAGS_FOLDER/wap_consumer_complaints_pipeline.py', '--cfg-path', '/tmp/tmpq6dl4j6h']
[2026-07-16T04:20:08.803+0000] {standard_task_runner.py:105} INFO - Job 7: Subtask aggregate_metrics
[2026-07-16T04:20:08.893+0000] {task_command.py:467} INFO - Running <TaskInstance: wap_consumer_complaints_pipeline.aggregate_metrics scheduled__2026-07-15T00:00:00+00:00 [running]> on host 32badddb9ea4
[2026-07-16T04:20:08.997+0000] {taskinstance.py:3131} INFO - Exporting env vars: AIRFLOW_CTX_DAG_OWNER='data_engineer' AIRFLOW_CTX_DAG_ID='wap_consumer_complaints_pipeline' AIRFLOW_CTX_TASK_ID='aggregate_metrics' AIRFLOW_CTX_EXECUTION_DATE='2026-07-15T00:00:00+00:00' AIRFLOW_CTX_TRY_NUMBER='1' AIRFLOW_CTX_DAG_RUN_ID='scheduled__2026-07-15T00:00:00+00:00'
[2026-07-16T04:20:08.999+0000] {taskinstance.py:731} INFO - ::endgroup::
[2026-07-16T04:20:09.012+0000] {python.py:240} INFO - Done. Returned value was: 22
[2026-07-16T04:20:09.030+0000] {taskinstance.py:340} INFO - ::group::Post task execution logs
[2026-07-16T04:20:09.032+0000] {taskinstance.py:352} INFO - Marking task as SUCCESS. dag_id=wap_consumer_complaints_pipeline, task_id=aggregate_metrics, run_id=scheduled__2026-07-15T00:00:00+00:00, execution_date=20260715T000000, start_date=20260716T042008, end_date=20260716T042009
[2026-07-16T04:20:09.056+0000] {local_task_job_runner.py:266} INFO - Task exited with return code 0
[2026-07-16T04:20:09.096+0000] {taskinstance.py:3900} INFO - 1 downstream tasks scheduled from follow-on schedule check
[2026-07-16T04:20:09.100+0000] {local_task_job_runner.py:245} INFO - ::endgroup::
[2026-07-16T08:35:09.429+0000] {local_task_job_runner.py:123} INFO - ::group::Pre task execution logs
[2026-07-16T08:35:09.454+0000] {taskinstance.py:2612} INFO - Dependencies all met for dep_context=non-requeueable deps ti=<TaskInstance: wap_consumer_complaints_pipeline.aggregate_metrics scheduled__2026-07-15T00:00:00+00:00 [queued]>
[2026-07-16T08:35:09.465+0000] {taskinstance.py:2612} INFO - Dependencies all met for dep_context=requeueable deps ti=<TaskInstance: wap_consumer_complaints_pipeline.aggregate_metrics scheduled__2026-07-15T00:00:00+00:00 [queued]>
[2026-07-16T08:35:09.466+0000] {taskinstance.py:2865} INFO - Starting attempt 1 of 2
[2026-07-16T08:35:09.478+0000] {taskinstance.py:2888} INFO - Executing <Task(_PythonDecoratedOperator): aggregate_metrics> on 2026-07-15 00:00:00+00:00
[2026-07-16T08:35:09.484+0000] {standard_task_runner.py:72} INFO - Started process 606 to run task
[2026-07-16T08:35:09.489+0000] {standard_task_runner.py:104} INFO - Running: ['airflow', 'tasks', 'run', 'wap_consumer_complaints_pipeline', 'aggregate_metrics', 'scheduled__2026-07-15T00:00:00+00:00', '--job-id', '7', '--raw', '--subdir', 'DAGS_FOLDER/wap_consumer_complaints_pipeline.py', '--cfg-path', '/tmp/tmp4kzsqmju']
[2026-07-16T08:35:09.491+0000] {standard_task_runner.py:105} INFO - Job 7: Subtask aggregate_metrics
[2026-07-16T08:35:09.585+0000] {task_command.py:467} INFO - Running <TaskInstance: wap_consumer_complaints_pipeline.aggregate_metrics scheduled__2026-07-15T00:00:00+00:00 [running]> on host 099a2a11ba7b
[2026-07-16T08:35:09.681+0000] {taskinstance.py:3131} INFO - Exporting env vars: AIRFLOW_CTX_DAG_OWNER='data_engineer' AIRFLOW_CTX_DAG_ID='wap_consumer_complaints_pipeline' AIRFLOW_CTX_TASK_ID='aggregate_metrics' AIRFLOW_CTX_EXECUTION_DATE='2026-07-15T00:00:00+00:00' AIRFLOW_CTX_TRY_NUMBER='1' AIRFLOW_CTX_DAG_RUN_ID='scheduled__2026-07-15T00:00:00+00:00'
[2026-07-16T08:35:09.683+0000] {taskinstance.py:731} INFO - ::endgroup::
[2026-07-16T08:35:09.695+0000] {python.py:240} INFO - Done. Returned value was: 22
[2026-07-16T08:35:09.715+0000] {taskinstance.py:340} INFO - ::group::Post task execution logs
[2026-07-16T08:35:09.717+0000] {taskinstance.py:352} INFO - Marking task as SUCCESS. dag_id=wap_consumer_complaints_pipeline, task_id=aggregate_metrics, run_id=scheduled__2026-07-15T00:00:00+00:00, execution_date=20260715T000000, start_date=20260716T083509, end_date=20260716T083509
[2026-07-16T08:35:09.745+0000] {local_task_job_runner.py:266} INFO - Task exited with return code 0
[2026-07-16T08:35:09.788+0000] {taskinstance.py:3900} INFO - 1 downstream tasks scheduled from follow-on schedule check
[2026-07-16T08:35:09.792+0000] {local_task_job_runner.py:245} INFO - ::endgroup::
[2026-07-16T08:56:00.635+0000] {local_task_job_runner.py:123} INFO - ::group::Pre task execution logs
[2026-07-16T08:56:00.657+0000] {taskinstance.py:2612} INFO - Dependencies all met for dep_context=non-requeueable deps ti=<TaskInstance: wap_consumer_complaints_pipeline.aggregate_metrics scheduled__2026-07-15T00:00:00+00:00 [queued]>
[2026-07-16T08:56:00.665+0000] {taskinstance.py:2612} INFO - Dependencies all met for dep_context=requeueable deps ti=<TaskInstance: wap_consumer_complaints_pipeline.aggregate_metrics scheduled__2026-07-15T00:00:00+00:00 [queued]>
[2026-07-16T08:56:00.667+0000] {taskinstance.py:2865} INFO - Starting attempt 1 of 2
[2026-07-16T08:56:00.678+0000] {taskinstance.py:2888} INFO - Executing <Task(_PythonDecoratedOperator): aggregate_metrics> on 2026-07-15 00:00:00+00:00
[2026-07-16T08:56:00.684+0000] {standard_task_runner.py:72} INFO - Started process 574 to run task
[2026-07-16T08:56:00.687+0000] {standard_task_runner.py:104} INFO - Running: ['airflow', 'tasks', 'run', 'wap_consumer_complaints_pipeline', 'aggregate_metrics', 'scheduled__2026-07-15T00:00:00+00:00', '--job-id', '7', '--raw', '--subdir', 'DAGS_FOLDER/wap_consumer_complaints_pipeline.py', '--cfg-path', '/tmp/tmpctxgb1u9']
[2026-07-16T08:56:00.689+0000] {standard_task_runner.py:105} INFO - Job 7: Subtask aggregate_metrics
[2026-07-16T08:56:00.766+0000] {task_command.py:467} INFO - Running <TaskInstance: wap_consumer_complaints_pipeline.aggregate_metrics scheduled__2026-07-15T00:00:00+00:00 [running]> on host ff224703bff6
[2026-07-16T08:56:00.877+0000] {taskinstance.py:3131} INFO - Exporting env vars: AIRFLOW_CTX_DAG_OWNER='data_engineer' AIRFLOW_CTX_DAG_ID='wap_consumer_complaints_pipeline' AIRFLOW_CTX_TASK_ID='aggregate_metrics' AIRFLOW_CTX_EXECUTION_DATE='2026-07-15T00:00:00+00:00' AIRFLOW_CTX_TRY_NUMBER='1' AIRFLOW_CTX_DAG_RUN_ID='scheduled__2026-07-15T00:00:00+00:00'
[2026-07-16T08:56:00.879+0000] {taskinstance.py:731} INFO - ::endgroup::
[2026-07-16T08:56:00.891+0000] {python.py:240} INFO - Done. Returned value was: 22
[2026-07-16T08:56:00.908+0000] {taskinstance.py:340} INFO - ::group::Post task execution logs
[2026-07-16T08:56:00.910+0000] {taskinstance.py:352} INFO - Marking task as SUCCESS. dag_id=wap_consumer_complaints_pipeline, task_id=aggregate_metrics, run_id=scheduled__2026-07-15T00:00:00+00:00, execution_date=20260715T000000, start_date=20260716T085600, end_date=20260716T085600
[2026-07-16T08:56:00.942+0000] {local_task_job_runner.py:266} INFO - Task exited with return code 0
[2026-07-16T08:56:00.980+0000] {taskinstance.py:3900} INFO - 1 downstream tasks scheduled from follow-on schedule check
[2026-07-16T08:56:00.983+0000] {local_task_job_runner.py:245} INFO - ::endgroup::
[2026-07-16T09:06:25.968+0000] {local_task_job_runner.py:123} INFO - ::group::Pre task execution logs
[2026-07-16T09:06:25.991+0000] {taskinstance.py:2612} INFO - Dependencies all met for dep_context=non-requeueable deps ti=<TaskInstance: wap_consumer_complaints_pipeline.aggregate_metrics scheduled__2026-07-15T00:00:00+00:00 [queued]>
[2026-07-16T09:06:26.000+0000] {taskinstance.py:2612} INFO - Dependencies all met for dep_context=requeueable deps ti=<TaskInstance: wap_consumer_complaints_pipeline.aggregate_metrics scheduled__2026-07-15T00:00:00+00:00 [queued]>
[2026-07-16T09:06:26.002+0000] {taskinstance.py:2865} INFO - Starting attempt 1 of 2
[2026-07-16T09:06:26.016+0000] {taskinstance.py:2888} INFO - Executing <Task(_PythonDecoratedOperator): aggregate_metrics> on 2026-07-15 00:00:00+00:00
[2026-07-16T09:06:26.031+0000] {standard_task_runner.py:72} INFO - Started process 749 to run task
[2026-07-16T09:06:26.034+0000] {standard_task_runner.py:104} INFO - Running: ['airflow', 'tasks', 'run', 'wap_consumer_complaints_pipeline', 'aggregate_metrics', 'scheduled__2026-07-15T00:00:00+00:00', '--job-id', '7', '--raw', '--subdir', 'DAGS_FOLDER/wap_consumer_complaints_pipeline.py', '--cfg-path', '/tmp/tmp9tranrtv']
[2026-07-16T09:06:26.037+0000] {standard_task_runner.py:105} INFO - Job 7: Subtask aggregate_metrics
[2026-07-16T09:06:26.116+0000] {task_command.py:467} INFO - Running <TaskInstance: wap_consumer_complaints_pipeline.aggregate_metrics scheduled__2026-07-15T00:00:00+00:00 [running]> on host dc5ba7739cad
[2026-07-16T09:06:26.208+0000] {taskinstance.py:3131} INFO - Exporting env vars: AIRFLOW_CTX_DAG_OWNER='data_engineer' AIRFLOW_CTX_DAG_ID='wap_consumer_complaints_pipeline' AIRFLOW_CTX_TASK_ID='aggregate_metrics' AIRFLOW_CTX_EXECUTION_DATE='2026-07-15T00:00:00+00:00' AIRFLOW_CTX_TRY_NUMBER='1' AIRFLOW_CTX_DAG_RUN_ID='scheduled__2026-07-15T00:00:00+00:00'
[2026-07-16T09:06:26.210+0000] {taskinstance.py:731} INFO - ::endgroup::
[2026-07-16T09:06:26.223+0000] {python.py:240} INFO - Done. Returned value was: 22
[2026-07-16T09:06:26.243+0000] {taskinstance.py:340} INFO - ::group::Post task execution logs
[2026-07-16T09:06:26.244+0000] {taskinstance.py:352} INFO - Marking task as SUCCESS. dag_id=wap_consumer_complaints_pipeline, task_id=aggregate_metrics, run_id=scheduled__2026-07-15T00:00:00+00:00, execution_date=20260715T000000, start_date=20260716T090625, end_date=20260716T090626
[2026-07-16T09:06:26.290+0000] {local_task_job_runner.py:266} INFO - Task exited with return code 0
[2026-07-16T09:06:26.337+0000] {taskinstance.py:3900} INFO - 1 downstream tasks scheduled from follow-on schedule check
[2026-07-16T09:06:26.341+0000] {local_task_job_runner.py:245} INFO - ::endgroup::
[2026-07-16T09:29:57.844+0000] {local_task_job_runner.py:123} INFO - ::group::Pre task execution logs
[2026-07-16T09:29:57.867+0000] {taskinstance.py:2612} INFO - Dependencies all met for dep_context=non-requeueable deps ti=<TaskInstance: wap_consumer_complaints_pipeline.aggregate_metrics scheduled__2026-07-15T00:00:00+00:00 [queued]>
[2026-07-16T09:29:57.879+0000] {taskinstance.py:2612} INFO - Dependencies all met for dep_context=requeueable deps ti=<TaskInstance: wap_consumer_complaints_pipeline.aggregate_metrics scheduled__2026-07-15T00:00:00+00:00 [queued]>
[2026-07-16T09:29:57.881+0000] {taskinstance.py:2865} INFO - Starting attempt 1 of 2
[2026-07-16T09:29:57.894+0000] {taskinstance.py:2888} INFO - Executing <Task(_PythonDecoratedOperator): aggregate_metrics> on 2026-07-15 00:00:00+00:00
[2026-07-16T09:29:57.900+0000] {standard_task_runner.py:72} INFO - Started process 853 to run task
[2026-07-16T09:29:57.903+0000] {standard_task_runner.py:104} INFO - Running: ['airflow', 'tasks', 'run', 'wap_consumer_complaints_pipeline', 'aggregate_metrics', 'scheduled__2026-07-15T00:00:00+00:00', '--job-id', '8', '--raw', '--subdir', 'DAGS_FOLDER/wap_consumer_complaints_pipeline.py', '--cfg-path', '/tmp/tmpkrc75v35']
[2026-07-16T09:29:57.905+0000] {standard_task_runner.py:105} INFO - Job 8: Subtask aggregate_metrics
[2026-07-16T09:29:57.992+0000] {task_command.py:467} INFO - Running <TaskInstance: wap_consumer_complaints_pipeline.aggregate_metrics scheduled__2026-07-15T00:00:00+00:00 [running]> on host 9028e05e2e4e
[2026-07-16T09:29:58.095+0000] {taskinstance.py:3131} INFO - Exporting env vars: AIRFLOW_CTX_DAG_OWNER='data_engineer' AIRFLOW_CTX_DAG_ID='wap_consumer_complaints_pipeline' AIRFLOW_CTX_TASK_ID='aggregate_metrics' AIRFLOW_CTX_EXECUTION_DATE='2026-07-15T00:00:00+00:00' AIRFLOW_CTX_TRY_NUMBER='1' AIRFLOW_CTX_DAG_RUN_ID='scheduled__2026-07-15T00:00:00+00:00'
[2026-07-16T09:29:58.099+0000] {taskinstance.py:731} INFO - ::endgroup::
[2026-07-16T09:29:58.113+0000] {python.py:240} INFO - Done. Returned value was: 22
[2026-07-16T09:29:58.134+0000] {taskinstance.py:340} INFO - ::group::Post task execution logs
[2026-07-16T09:29:58.136+0000] {taskinstance.py:352} INFO - Marking task as SUCCESS. dag_id=wap_consumer_complaints_pipeline, task_id=aggregate_metrics, run_id=scheduled__2026-07-15T00:00:00+00:00, execution_date=20260715T000000, start_date=20260716T092957, end_date=20260716T092958
[2026-07-16T09:29:58.159+0000] {local_task_job_runner.py:266} INFO - Task exited with return code 0
[2026-07-16T09:29:58.197+0000] {taskinstance.py:3900} INFO - 1 downstream tasks scheduled from follow-on schedule check
[2026-07-16T09:29:58.202+0000] {local_task_job_runner.py:245} INFO - ::endgroup::
[2026-07-16T10:02:26.455+0000] {local_task_job_runner.py:123} INFO - ::group::Pre task execution logs
[2026-07-16T10:02:26.476+0000] {taskinstance.py:2612} INFO - Dependencies all met for dep_context=non-requeueable deps ti=<TaskInstance: wap_consumer_complaints_pipeline.aggregate_metrics scheduled__2026-07-15T00:00:00+00:00 [queued]>
[2026-07-16T10:02:26.486+0000] {taskinstance.py:2612} INFO - Dependencies all met for dep_context=requeueable deps ti=<TaskInstance: wap_consumer_complaints_pipeline.aggregate_metrics scheduled__2026-07-15T00:00:00+00:00 [queued]>
[2026-07-16T10:02:26.488+0000] {taskinstance.py:2865} INFO - Starting attempt 1 of 2
[2026-07-16T10:02:26.498+0000] {taskinstance.py:2888} INFO - Executing <Task(_PythonDecoratedOperator): aggregate_metrics> on 2026-07-15 00:00:00+00:00
[2026-07-16T10:02:26.504+0000] {standard_task_runner.py:72} INFO - Started process 675 to run task
[2026-07-16T10:02:26.508+0000] {standard_task_runner.py:104} INFO - Running: ['airflow', 'tasks', 'run', 'wap_consumer_complaints_pipeline', 'aggregate_metrics', 'scheduled__2026-07-15T00:00:00+00:00', '--job-id', '8', '--raw', '--subdir', 'DAGS_FOLDER/wap_consumer_complaints_pipeline.py', '--cfg-path', '/tmp/tmp9ihmjfq8']
[2026-07-16T10:02:26.509+0000] {standard_task_runner.py:105} INFO - Job 8: Subtask aggregate_metrics
[2026-07-16T10:02:26.590+0000] {task_command.py:467} INFO - Running <TaskInstance: wap_consumer_complaints_pipeline.aggregate_metrics scheduled__2026-07-15T00:00:00+00:00 [running]> on host b39c54b535d9
[2026-07-16T10:02:26.686+0000] {taskinstance.py:3131} INFO - Exporting env vars: AIRFLOW_CTX_DAG_OWNER='data_engineer' AIRFLOW_CTX_DAG_ID='wap_consumer_complaints_pipeline' AIRFLOW_CTX_TASK_ID='aggregate_metrics' AIRFLOW_CTX_EXECUTION_DATE='2026-07-15T00:00:00+00:00' AIRFLOW_CTX_TRY_NUMBER='1' AIRFLOW_CTX_DAG_RUN_ID='scheduled__2026-07-15T00:00:00+00:00'
[2026-07-16T10:02:26.688+0000] {taskinstance.py:731} INFO - ::endgroup::
[2026-07-16T10:02:26.703+0000] {python.py:240} INFO - Done. Returned value was: 40
[2026-07-16T10:02:26.723+0000] {taskinstance.py:340} INFO - ::group::Post task execution logs
[2026-07-16T10:02:26.724+0000] {taskinstance.py:352} INFO - Marking task as SUCCESS. dag_id=wap_consumer_complaints_pipeline, task_id=aggregate_metrics, run_id=scheduled__2026-07-15T00:00:00+00:00, execution_date=20260715T000000, start_date=20260716T100226, end_date=20260716T100226
[2026-07-16T10:02:26.763+0000] {local_task_job_runner.py:266} INFO - Task exited with return code 0
[2026-07-16T10:02:26.803+0000] {taskinstance.py:3900} INFO - 1 downstream tasks scheduled from follow-on schedule check
[2026-07-16T10:02:26.806+0000] {local_task_job_runner.py:245} INFO - ::endgroup::
