[2026-07-22T00:54:18.585+0000] {local_task_job_runner.py:123} INFO - ::group::Pre task execution logs
[2026-07-22T00:54:18.604+0000] {taskinstance.py:2612} INFO - Dependencies all met for dep_context=non-requeueable deps ti=<TaskInstance: wap_incremental_cfpb_pipeline.trigger_dbt_silver_gold scheduled__2026-07-21T00:00:00+00:00 [queued]>
[2026-07-22T00:54:18.613+0000] {taskinstance.py:2612} INFO - Dependencies all met for dep_context=requeueable deps ti=<TaskInstance: wap_incremental_cfpb_pipeline.trigger_dbt_silver_gold scheduled__2026-07-21T00:00:00+00:00 [queued]>
[2026-07-22T00:54:18.614+0000] {taskinstance.py:2865} INFO - Starting attempt 1 of 1
[2026-07-22T00:54:18.629+0000] {taskinstance.py:2888} INFO - Executing <Task(TriggerDagRunOperator): trigger_dbt_silver_gold> on 2026-07-21 00:00:00+00:00
[2026-07-22T00:54:18.635+0000] {standard_task_runner.py:72} INFO - Started process 625 to run task
[2026-07-22T00:54:18.640+0000] {standard_task_runner.py:104} INFO - Running: ['airflow', 'tasks', 'run', 'wap_incremental_cfpb_pipeline', 'trigger_dbt_silver_gold', 'scheduled__2026-07-21T00:00:00+00:00', '--job-id', '38', '--raw', '--subdir', 'DAGS_FOLDER/wap_incremental_cfpb_pipeline.py', '--cfg-path', '/tmp/tmpgmewu9br']
[2026-07-22T00:54:18.642+0000] {standard_task_runner.py:105} INFO - Job 38: Subtask trigger_dbt_silver_gold
[2026-07-22T00:54:18.724+0000] {task_command.py:467} INFO - Running <TaskInstance: wap_incremental_cfpb_pipeline.trigger_dbt_silver_gold scheduled__2026-07-21T00:00:00+00:00 [running]> on host 0d4d1ea5c457
[2026-07-22T00:54:18.812+0000] {taskinstance.py:3131} INFO - Exporting env vars: AIRFLOW_CTX_DAG_OWNER='airflow' AIRFLOW_CTX_DAG_ID='wap_incremental_cfpb_pipeline' AIRFLOW_CTX_TASK_ID='trigger_dbt_silver_gold' AIRFLOW_CTX_EXECUTION_DATE='2026-07-21T00:00:00+00:00' AIRFLOW_CTX_TRY_NUMBER='1' AIRFLOW_CTX_DAG_RUN_ID='scheduled__2026-07-21T00:00:00+00:00'
[2026-07-22T00:54:18.815+0000] {taskinstance.py:731} INFO - ::endgroup::
[2026-07-22T00:54:18.920+0000] {crypto.py:82} WARNING - empty cryptography key - values will not be stored encrypted.
[2026-07-22T00:54:18.938+0000] {taskinstance.py:288} INFO - Pausing task as DEFERRED. dag_id=wap_incremental_cfpb_pipeline, task_id=trigger_dbt_silver_gold, run_id=scheduled__2026-07-21T00:00:00+00:00, execution_date=20260721T000000, start_date=20260722T005418
[2026-07-22T00:54:18.940+0000] {taskinstance.py:340} INFO - ::group::Post task execution logs
[2026-07-22T00:54:18.975+0000] {local_task_job_runner.py:260} INFO - Task exited with return code 100 (task deferral)
[2026-07-22T00:54:18.976+0000] {local_task_job_runner.py:245} INFO - ::endgroup::
[2026-07-22T01:01:21.456+0000] {local_task_job_runner.py:123} INFO - ::group::Pre task execution logs
[2026-07-22T01:01:21.474+0000] {taskinstance.py:2612} INFO - Dependencies all met for dep_context=non-requeueable deps ti=<TaskInstance: wap_incremental_cfpb_pipeline.trigger_dbt_silver_gold scheduled__2026-07-21T00:00:00+00:00 [queued]>
[2026-07-22T01:01:21.484+0000] {taskinstance.py:2612} INFO - Dependencies all met for dep_context=requeueable deps ti=<TaskInstance: wap_incremental_cfpb_pipeline.trigger_dbt_silver_gold scheduled__2026-07-21T00:00:00+00:00 [queued]>
[2026-07-22T01:01:21.485+0000] {taskinstance.py:2863} INFO - Resuming after deferral
[2026-07-22T01:01:21.500+0000] {taskinstance.py:2888} INFO - Executing <Task(TriggerDagRunOperator): trigger_dbt_silver_gold> on 2026-07-21 00:00:00+00:00
[2026-07-22T01:01:21.507+0000] {standard_task_runner.py:72} INFO - Started process 2393 to run task
[2026-07-22T01:01:21.511+0000] {standard_task_runner.py:104} INFO - Running: ['airflow', 'tasks', 'run', 'wap_incremental_cfpb_pipeline', 'trigger_dbt_silver_gold', 'scheduled__2026-07-21T00:00:00+00:00', '--job-id', '54', '--raw', '--subdir', 'DAGS_FOLDER/wap_incremental_cfpb_pipeline.py', '--cfg-path', '/tmp/tmpe9ca02eu']
[2026-07-22T01:01:21.514+0000] {standard_task_runner.py:105} INFO - Job 54: Subtask trigger_dbt_silver_gold
[2026-07-22T01:01:21.598+0000] {task_command.py:467} INFO - Running <TaskInstance: wap_incremental_cfpb_pipeline.trigger_dbt_silver_gold scheduled__2026-07-21T00:00:00+00:00 [running]> on host 0d4d1ea5c457
[2026-07-22T01:01:21.674+0000] {taskinstance.py:731} INFO - ::endgroup::
[2026-07-22T01:01:21.696+0000] {taskinstance.py:3310} ERROR - Task failed with exception
Traceback (most recent call last):
  File "/home/airflow/.local/lib/python3.10/site-packages/airflow/models/taskinstance.py", line 767, in _execute_task
    result = _execute_callable(context=context, **execute_callable_kwargs)
  File "/home/airflow/.local/lib/python3.10/site-packages/airflow/models/taskinstance.py", line 733, in _execute_callable
    return ExecutionCallableRunner(
  File "/home/airflow/.local/lib/python3.10/site-packages/airflow/utils/operator_helpers.py", line 252, in run
    return self.func(*args, **kwargs)
  File "/home/airflow/.local/lib/python3.10/site-packages/airflow/models/baseoperator.py", line 1793, in resume_execution
    return execute_callable(context)
  File "/home/airflow/.local/lib/python3.10/site-packages/airflow/utils/session.py", line 97, in wrapper
    return func(*args, session=session, **kwargs)
  File "/home/airflow/.local/lib/python3.10/site-packages/airflow/operators/trigger_dagrun.py", line 293, in execute_complete
    raise AirflowException(f"{self.trigger_dag_id} failed with failed state {state}")
airflow.exceptions.AirflowException: dbt_silver_gold_incremental failed with failed state failed
[2026-07-22T01:01:21.702+0000] {taskinstance.py:1225} INFO - Marking task as FAILED. dag_id=wap_incremental_cfpb_pipeline, task_id=trigger_dbt_silver_gold, run_id=scheduled__2026-07-21T00:00:00+00:00, execution_date=20260721T000000, start_date=20260722T005418, end_date=20260722T010121
[2026-07-22T01:01:21.720+0000] {taskinstance.py:340} INFO - ::group::Post task execution logs
[2026-07-22T01:01:21.722+0000] {standard_task_runner.py:124} ERROR - Failed to execute job 54 for task trigger_dbt_silver_gold (dbt_silver_gold_incremental failed with failed state failed; 2393)
Traceback (most recent call last):
  File "/home/airflow/.local/lib/python3.10/site-packages/airflow/task/task_runner/standard_task_runner.py", line 117, in _start_by_fork
    ret = args.func(args, dag=self.dag)
  File "/home/airflow/.local/lib/python3.10/site-packages/airflow/cli/cli_config.py", line 49, in command
    return func(*args, **kwargs)
  File "/home/airflow/.local/lib/python3.10/site-packages/airflow/utils/cli.py", line 115, in wrapper
    return f(*args, **kwargs)
  File "/home/airflow/.local/lib/python3.10/site-packages/airflow/cli/commands/task_command.py", line 483, in task_run
    task_return_code = _run_task_by_selected_method(args, _dag, ti)
  File "/home/airflow/.local/lib/python3.10/site-packages/airflow/cli/commands/task_command.py", line 256, in _run_task_by_selected_method
    return _run_raw_task(args, ti)
  File "/home/airflow/.local/lib/python3.10/site-packages/airflow/cli/commands/task_command.py", line 341, in _run_raw_task
    return ti._run_raw_task(
  File "/home/airflow/.local/lib/python3.10/site-packages/airflow/utils/session.py", line 97, in wrapper
    return func(*args, session=session, **kwargs)
  File "/home/airflow/.local/lib/python3.10/site-packages/airflow/models/taskinstance.py", line 3004, in _run_raw_task
    return _run_raw_task(
  File "/home/airflow/.local/lib/python3.10/site-packages/airflow/models/taskinstance.py", line 273, in _run_raw_task
    TaskInstance._execute_task_with_callbacks(
  File "/home/airflow/.local/lib/python3.10/site-packages/airflow/models/taskinstance.py", line 3158, in _execute_task_with_callbacks
    result = self._execute_task(context, task_orig)
  File "/home/airflow/.local/lib/python3.10/site-packages/airflow/models/taskinstance.py", line 3182, in _execute_task
    return _execute_task(self, context, task_orig)
  File "/home/airflow/.local/lib/python3.10/site-packages/airflow/models/taskinstance.py", line 767, in _execute_task
    result = _execute_callable(context=context, **execute_callable_kwargs)
  File "/home/airflow/.local/lib/python3.10/site-packages/airflow/models/taskinstance.py", line 733, in _execute_callable
    return ExecutionCallableRunner(
  File "/home/airflow/.local/lib/python3.10/site-packages/airflow/utils/operator_helpers.py", line 252, in run
    return self.func(*args, **kwargs)
  File "/home/airflow/.local/lib/python3.10/site-packages/airflow/models/baseoperator.py", line 1793, in resume_execution
    return execute_callable(context)
  File "/home/airflow/.local/lib/python3.10/site-packages/airflow/utils/session.py", line 97, in wrapper
    return func(*args, session=session, **kwargs)
  File "/home/airflow/.local/lib/python3.10/site-packages/airflow/operators/trigger_dagrun.py", line 293, in execute_complete
    raise AirflowException(f"{self.trigger_dag_id} failed with failed state {state}")
airflow.exceptions.AirflowException: dbt_silver_gold_incremental failed with failed state failed
[2026-07-22T01:01:21.769+0000] {local_task_job_runner.py:266} INFO - Task exited with return code 1
[2026-07-22T01:01:21.790+0000] {taskinstance.py:3900} INFO - 0 downstream tasks scheduled from follow-on schedule check
[2026-07-22T01:01:21.794+0000] {local_task_job_runner.py:245} INFO - ::endgroup::
[2026-07-22T03:09:03.333+0000] {local_task_job_runner.py:123} INFO - ::group::Pre task execution logs
[2026-07-22T03:09:03.364+0000] {taskinstance.py:2612} INFO - Dependencies all met for dep_context=non-requeueable deps ti=<TaskInstance: wap_incremental_cfpb_pipeline.trigger_dbt_silver_gold scheduled__2026-07-21T00:00:00+00:00 [queued]>
[2026-07-22T03:09:03.376+0000] {taskinstance.py:2612} INFO - Dependencies all met for dep_context=requeueable deps ti=<TaskInstance: wap_incremental_cfpb_pipeline.trigger_dbt_silver_gold scheduled__2026-07-21T00:00:00+00:00 [queued]>
[2026-07-22T03:09:03.378+0000] {taskinstance.py:2865} INFO - Starting attempt 1 of 1
[2026-07-22T03:09:03.392+0000] {taskinstance.py:2888} INFO - Executing <Task(TriggerDagRunOperator): trigger_dbt_silver_gold> on 2026-07-21 00:00:00+00:00
[2026-07-22T03:09:03.398+0000] {standard_task_runner.py:72} INFO - Started process 1189 to run task
[2026-07-22T03:09:03.403+0000] {standard_task_runner.py:104} INFO - Running: ['airflow', 'tasks', 'run', 'wap_incremental_cfpb_pipeline', 'trigger_dbt_silver_gold', 'scheduled__2026-07-21T00:00:00+00:00', '--job-id', '12', '--raw', '--subdir', 'DAGS_FOLDER/wap_incremental_cfpb_pipeline.py', '--cfg-path', '/tmp/tmp_v4p5xa4']
[2026-07-22T03:09:03.405+0000] {standard_task_runner.py:105} INFO - Job 12: Subtask trigger_dbt_silver_gold
[2026-07-22T03:09:03.499+0000] {task_command.py:467} INFO - Running <TaskInstance: wap_incremental_cfpb_pipeline.trigger_dbt_silver_gold scheduled__2026-07-21T00:00:00+00:00 [running]> on host 55d72f6a8c76
[2026-07-22T03:09:03.596+0000] {taskinstance.py:3131} INFO - Exporting env vars: AIRFLOW_CTX_DAG_OWNER='airflow' AIRFLOW_CTX_DAG_ID='wap_incremental_cfpb_pipeline' AIRFLOW_CTX_TASK_ID='trigger_dbt_silver_gold' AIRFLOW_CTX_EXECUTION_DATE='2026-07-21T00:00:00+00:00' AIRFLOW_CTX_TRY_NUMBER='1' AIRFLOW_CTX_DAG_RUN_ID='scheduled__2026-07-21T00:00:00+00:00'
[2026-07-22T03:09:03.600+0000] {taskinstance.py:731} INFO - ::endgroup::
[2026-07-22T03:09:03.719+0000] {crypto.py:82} WARNING - empty cryptography key - values will not be stored encrypted.
[2026-07-22T03:09:03.744+0000] {taskinstance.py:288} INFO - Pausing task as DEFERRED. dag_id=wap_incremental_cfpb_pipeline, task_id=trigger_dbt_silver_gold, run_id=scheduled__2026-07-21T00:00:00+00:00, execution_date=20260721T000000, start_date=20260722T030903
[2026-07-22T03:09:03.746+0000] {taskinstance.py:340} INFO - ::group::Post task execution logs
[2026-07-22T03:09:03.779+0000] {local_task_job_runner.py:260} INFO - Task exited with return code 100 (task deferral)
[2026-07-22T03:09:03.781+0000] {local_task_job_runner.py:245} INFO - ::endgroup::
[2026-07-22T03:12:05.982+0000] {local_task_job_runner.py:123} INFO - ::group::Pre task execution logs
[2026-07-22T03:12:06.002+0000] {taskinstance.py:2612} INFO - Dependencies all met for dep_context=non-requeueable deps ti=<TaskInstance: wap_incremental_cfpb_pipeline.trigger_dbt_silver_gold scheduled__2026-07-21T00:00:00+00:00 [queued]>
[2026-07-22T03:12:06.010+0000] {taskinstance.py:2612} INFO - Dependencies all met for dep_context=requeueable deps ti=<TaskInstance: wap_incremental_cfpb_pipeline.trigger_dbt_silver_gold scheduled__2026-07-21T00:00:00+00:00 [queued]>
[2026-07-22T03:12:06.013+0000] {taskinstance.py:2863} INFO - Resuming after deferral
[2026-07-22T03:12:06.027+0000] {taskinstance.py:2888} INFO - Executing <Task(TriggerDagRunOperator): trigger_dbt_silver_gold> on 2026-07-21 00:00:00+00:00
[2026-07-22T03:12:06.033+0000] {standard_task_runner.py:72} INFO - Started process 2039 to run task
[2026-07-22T03:12:06.038+0000] {standard_task_runner.py:104} INFO - Running: ['airflow', 'tasks', 'run', 'wap_incremental_cfpb_pipeline', 'trigger_dbt_silver_gold', 'scheduled__2026-07-21T00:00:00+00:00', '--job-id', '28', '--raw', '--subdir', 'DAGS_FOLDER/wap_incremental_cfpb_pipeline.py', '--cfg-path', '/tmp/tmpszqifmkw']
[2026-07-22T03:12:06.041+0000] {standard_task_runner.py:105} INFO - Job 28: Subtask trigger_dbt_silver_gold
[2026-07-22T03:12:06.133+0000] {task_command.py:467} INFO - Running <TaskInstance: wap_incremental_cfpb_pipeline.trigger_dbt_silver_gold scheduled__2026-07-21T00:00:00+00:00 [running]> on host 55d72f6a8c76
[2026-07-22T03:12:06.209+0000] {taskinstance.py:731} INFO - ::endgroup::
[2026-07-22T03:12:06.226+0000] {trigger_dagrun.py:295} INFO - dbt_silver_gold_incremental finished with allowed state success
[2026-07-22T03:12:06.241+0000] {taskinstance.py:340} INFO - ::group::Post task execution logs
[2026-07-22T03:12:06.243+0000] {taskinstance.py:352} INFO - Marking task as SUCCESS. dag_id=wap_incremental_cfpb_pipeline, task_id=trigger_dbt_silver_gold, run_id=scheduled__2026-07-21T00:00:00+00:00, execution_date=20260721T000000, start_date=20260722T030903, end_date=20260722T031206
[2026-07-22T03:12:06.293+0000] {local_task_job_runner.py:266} INFO - Task exited with return code 0
[2026-07-22T03:12:06.319+0000] {taskinstance.py:3900} INFO - 0 downstream tasks scheduled from follow-on schedule check
[2026-07-22T03:12:06.324+0000] {local_task_job_runner.py:245} INFO - ::endgroup::
[2026-07-22T03:51:16.886+0000] {local_task_job_runner.py:123} INFO - ::group::Pre task execution logs
[2026-07-22T03:51:16.907+0000] {taskinstance.py:2612} INFO - Dependencies all met for dep_context=non-requeueable deps ti=<TaskInstance: wap_incremental_cfpb_pipeline.trigger_dbt_silver_gold scheduled__2026-07-21T00:00:00+00:00 [queued]>
[2026-07-22T03:51:16.916+0000] {taskinstance.py:2612} INFO - Dependencies all met for dep_context=requeueable deps ti=<TaskInstance: wap_incremental_cfpb_pipeline.trigger_dbt_silver_gold scheduled__2026-07-21T00:00:00+00:00 [queued]>
[2026-07-22T03:51:16.918+0000] {taskinstance.py:2865} INFO - Starting attempt 1 of 1
[2026-07-22T03:51:16.931+0000] {taskinstance.py:2888} INFO - Executing <Task(TriggerDagRunOperator): trigger_dbt_silver_gold> on 2026-07-21 00:00:00+00:00
[2026-07-22T03:51:16.937+0000] {standard_task_runner.py:72} INFO - Started process 1073 to run task
[2026-07-22T03:51:16.941+0000] {standard_task_runner.py:104} INFO - Running: ['airflow', 'tasks', 'run', 'wap_incremental_cfpb_pipeline', 'trigger_dbt_silver_gold', 'scheduled__2026-07-21T00:00:00+00:00', '--job-id', '12', '--raw', '--subdir', 'DAGS_FOLDER/wap_incremental_cfpb_pipeline.py', '--cfg-path', '/tmp/tmpm_t0j0le']
[2026-07-22T03:51:16.943+0000] {standard_task_runner.py:105} INFO - Job 12: Subtask trigger_dbt_silver_gold
[2026-07-22T03:51:17.018+0000] {task_command.py:467} INFO - Running <TaskInstance: wap_incremental_cfpb_pipeline.trigger_dbt_silver_gold scheduled__2026-07-21T00:00:00+00:00 [running]> on host 793e7e004e3d
[2026-07-22T03:51:17.103+0000] {taskinstance.py:3131} INFO - Exporting env vars: AIRFLOW_CTX_DAG_OWNER='airflow' AIRFLOW_CTX_DAG_ID='wap_incremental_cfpb_pipeline' AIRFLOW_CTX_TASK_ID='trigger_dbt_silver_gold' AIRFLOW_CTX_EXECUTION_DATE='2026-07-21T00:00:00+00:00' AIRFLOW_CTX_TRY_NUMBER='1' AIRFLOW_CTX_DAG_RUN_ID='scheduled__2026-07-21T00:00:00+00:00'
[2026-07-22T03:51:17.108+0000] {taskinstance.py:731} INFO - ::endgroup::
[2026-07-22T03:51:17.220+0000] {crypto.py:82} WARNING - empty cryptography key - values will not be stored encrypted.
[2026-07-22T03:51:17.237+0000] {taskinstance.py:288} INFO - Pausing task as DEFERRED. dag_id=wap_incremental_cfpb_pipeline, task_id=trigger_dbt_silver_gold, run_id=scheduled__2026-07-21T00:00:00+00:00, execution_date=20260721T000000, start_date=20260722T035116
[2026-07-22T03:51:17.239+0000] {taskinstance.py:340} INFO - ::group::Post task execution logs
[2026-07-22T03:51:17.277+0000] {local_task_job_runner.py:260} INFO - Task exited with return code 100 (task deferral)
[2026-07-22T03:51:17.279+0000] {local_task_job_runner.py:245} INFO - ::endgroup::
[2026-07-22T03:54:19.488+0000] {local_task_job_runner.py:123} INFO - ::group::Pre task execution logs
[2026-07-22T03:54:19.506+0000] {taskinstance.py:2612} INFO - Dependencies all met for dep_context=non-requeueable deps ti=<TaskInstance: wap_incremental_cfpb_pipeline.trigger_dbt_silver_gold scheduled__2026-07-21T00:00:00+00:00 [queued]>
[2026-07-22T03:54:19.514+0000] {taskinstance.py:2612} INFO - Dependencies all met for dep_context=requeueable deps ti=<TaskInstance: wap_incremental_cfpb_pipeline.trigger_dbt_silver_gold scheduled__2026-07-21T00:00:00+00:00 [queued]>
[2026-07-22T03:54:19.516+0000] {taskinstance.py:2863} INFO - Resuming after deferral
[2026-07-22T03:54:19.528+0000] {taskinstance.py:2888} INFO - Executing <Task(TriggerDagRunOperator): trigger_dbt_silver_gold> on 2026-07-21 00:00:00+00:00
[2026-07-22T03:54:19.535+0000] {standard_task_runner.py:72} INFO - Started process 1923 to run task
[2026-07-22T03:54:19.538+0000] {standard_task_runner.py:104} INFO - Running: ['airflow', 'tasks', 'run', 'wap_incremental_cfpb_pipeline', 'trigger_dbt_silver_gold', 'scheduled__2026-07-21T00:00:00+00:00', '--job-id', '28', '--raw', '--subdir', 'DAGS_FOLDER/wap_incremental_cfpb_pipeline.py', '--cfg-path', '/tmp/tmpb2bt8r07']
[2026-07-22T03:54:19.540+0000] {standard_task_runner.py:105} INFO - Job 28: Subtask trigger_dbt_silver_gold
[2026-07-22T03:54:19.620+0000] {task_command.py:467} INFO - Running <TaskInstance: wap_incremental_cfpb_pipeline.trigger_dbt_silver_gold scheduled__2026-07-21T00:00:00+00:00 [running]> on host 793e7e004e3d
[2026-07-22T03:54:19.681+0000] {taskinstance.py:731} INFO - ::endgroup::
[2026-07-22T03:54:19.694+0000] {trigger_dagrun.py:295} INFO - dbt_silver_gold_incremental finished with allowed state success
[2026-07-22T03:54:19.707+0000] {taskinstance.py:340} INFO - ::group::Post task execution logs
[2026-07-22T03:54:19.709+0000] {taskinstance.py:352} INFO - Marking task as SUCCESS. dag_id=wap_incremental_cfpb_pipeline, task_id=trigger_dbt_silver_gold, run_id=scheduled__2026-07-21T00:00:00+00:00, execution_date=20260721T000000, start_date=20260722T035116, end_date=20260722T035419
[2026-07-22T03:54:19.753+0000] {local_task_job_runner.py:266} INFO - Task exited with return code 0
[2026-07-22T03:54:19.771+0000] {taskinstance.py:3900} INFO - 0 downstream tasks scheduled from follow-on schedule check
[2026-07-22T03:54:19.775+0000] {local_task_job_runner.py:245} INFO - ::endgroup::
[2026-07-22T04:10:37.438+0000] {local_task_job_runner.py:123} INFO - ::group::Pre task execution logs
[2026-07-22T04:10:37.457+0000] {taskinstance.py:2612} INFO - Dependencies all met for dep_context=non-requeueable deps ti=<TaskInstance: wap_incremental_cfpb_pipeline.trigger_dbt_silver_gold scheduled__2026-07-21T00:00:00+00:00 [queued]>
[2026-07-22T04:10:37.467+0000] {taskinstance.py:2612} INFO - Dependencies all met for dep_context=requeueable deps ti=<TaskInstance: wap_incremental_cfpb_pipeline.trigger_dbt_silver_gold scheduled__2026-07-21T00:00:00+00:00 [queued]>
[2026-07-22T04:10:37.469+0000] {taskinstance.py:2865} INFO - Starting attempt 1 of 1
[2026-07-22T04:10:37.481+0000] {taskinstance.py:2888} INFO - Executing <Task(TriggerDagRunOperator): trigger_dbt_silver_gold> on 2026-07-21 00:00:00+00:00
[2026-07-22T04:10:37.486+0000] {standard_task_runner.py:72} INFO - Started process 1643 to run task
[2026-07-22T04:10:37.491+0000] {standard_task_runner.py:104} INFO - Running: ['airflow', 'tasks', 'run', 'wap_incremental_cfpb_pipeline', 'trigger_dbt_silver_gold', 'scheduled__2026-07-21T00:00:00+00:00', '--job-id', '13', '--raw', '--subdir', 'DAGS_FOLDER/wap_incremental_cfpb_pipeline.py', '--cfg-path', '/tmp/tmpjgcxdtza']
[2026-07-22T04:10:37.494+0000] {standard_task_runner.py:105} INFO - Job 13: Subtask trigger_dbt_silver_gold
[2026-07-22T04:10:37.581+0000] {task_command.py:467} INFO - Running <TaskInstance: wap_incremental_cfpb_pipeline.trigger_dbt_silver_gold scheduled__2026-07-21T00:00:00+00:00 [running]> on host 37aaa00f236d
[2026-07-22T04:10:37.673+0000] {taskinstance.py:3131} INFO - Exporting env vars: AIRFLOW_CTX_DAG_OWNER='airflow' AIRFLOW_CTX_DAG_ID='wap_incremental_cfpb_pipeline' AIRFLOW_CTX_TASK_ID='trigger_dbt_silver_gold' AIRFLOW_CTX_EXECUTION_DATE='2026-07-21T00:00:00+00:00' AIRFLOW_CTX_TRY_NUMBER='1' AIRFLOW_CTX_DAG_RUN_ID='scheduled__2026-07-21T00:00:00+00:00'
[2026-07-22T04:10:37.677+0000] {taskinstance.py:731} INFO - ::endgroup::
[2026-07-22T04:10:37.781+0000] {crypto.py:82} WARNING - empty cryptography key - values will not be stored encrypted.
[2026-07-22T04:10:37.801+0000] {taskinstance.py:288} INFO - Pausing task as DEFERRED. dag_id=wap_incremental_cfpb_pipeline, task_id=trigger_dbt_silver_gold, run_id=scheduled__2026-07-21T00:00:00+00:00, execution_date=20260721T000000, start_date=20260722T041037
[2026-07-22T04:10:37.804+0000] {taskinstance.py:340} INFO - ::group::Post task execution logs
[2026-07-22T04:10:37.826+0000] {local_task_job_runner.py:260} INFO - Task exited with return code 100 (task deferral)
[2026-07-22T04:10:37.828+0000] {local_task_job_runner.py:245} INFO - ::endgroup::
[2026-07-22T04:18:58.454+0000] {local_task_job_runner.py:123} INFO - ::group::Pre task execution logs
[2026-07-22T04:18:58.476+0000] {taskinstance.py:2612} INFO - Dependencies all met for dep_context=non-requeueable deps ti=<TaskInstance: wap_incremental_cfpb_pipeline.trigger_dbt_silver_gold scheduled__2026-07-21T00:00:00+00:00 [queued]>
[2026-07-22T04:18:58.485+0000] {taskinstance.py:2612} INFO - Dependencies all met for dep_context=requeueable deps ti=<TaskInstance: wap_incremental_cfpb_pipeline.trigger_dbt_silver_gold scheduled__2026-07-21T00:00:00+00:00 [queued]>
[2026-07-22T04:18:58.487+0000] {taskinstance.py:2865} INFO - Starting attempt 1 of 1
[2026-07-22T04:18:58.501+0000] {taskinstance.py:2888} INFO - Executing <Task(TriggerDagRunOperator): trigger_dbt_silver_gold> on 2026-07-21 00:00:00+00:00
[2026-07-22T04:18:58.508+0000] {standard_task_runner.py:72} INFO - Started process 1643 to run task
[2026-07-22T04:18:58.513+0000] {standard_task_runner.py:104} INFO - Running: ['airflow', 'tasks', 'run', 'wap_incremental_cfpb_pipeline', 'trigger_dbt_silver_gold', 'scheduled__2026-07-21T00:00:00+00:00', '--job-id', '12', '--raw', '--subdir', 'DAGS_FOLDER/wap_incremental_cfpb_pipeline.py', '--cfg-path', '/tmp/tmpnadbw3xk']
[2026-07-22T04:18:58.516+0000] {standard_task_runner.py:105} INFO - Job 12: Subtask trigger_dbt_silver_gold
[2026-07-22T04:18:58.614+0000] {task_command.py:467} INFO - Running <TaskInstance: wap_incremental_cfpb_pipeline.trigger_dbt_silver_gold scheduled__2026-07-21T00:00:00+00:00 [running]> on host 46567f661dca
[2026-07-22T04:18:58.705+0000] {taskinstance.py:3131} INFO - Exporting env vars: AIRFLOW_CTX_DAG_OWNER='airflow' AIRFLOW_CTX_DAG_ID='wap_incremental_cfpb_pipeline' AIRFLOW_CTX_TASK_ID='trigger_dbt_silver_gold' AIRFLOW_CTX_EXECUTION_DATE='2026-07-21T00:00:00+00:00' AIRFLOW_CTX_TRY_NUMBER='1' AIRFLOW_CTX_DAG_RUN_ID='scheduled__2026-07-21T00:00:00+00:00'
[2026-07-22T04:18:58.709+0000] {taskinstance.py:731} INFO - ::endgroup::
[2026-07-22T04:18:58.817+0000] {crypto.py:82} WARNING - empty cryptography key - values will not be stored encrypted.
[2026-07-22T04:18:58.841+0000] {taskinstance.py:288} INFO - Pausing task as DEFERRED. dag_id=wap_incremental_cfpb_pipeline, task_id=trigger_dbt_silver_gold, run_id=scheduled__2026-07-21T00:00:00+00:00, execution_date=20260721T000000, start_date=20260722T041858
[2026-07-22T04:18:58.843+0000] {taskinstance.py:340} INFO - ::group::Post task execution logs
[2026-07-22T04:18:58.890+0000] {local_task_job_runner.py:260} INFO - Task exited with return code 100 (task deferral)
[2026-07-22T04:18:58.892+0000] {local_task_job_runner.py:245} INFO - ::endgroup::
[2026-07-22T04:22:02.190+0000] {local_task_job_runner.py:123} INFO - ::group::Pre task execution logs
[2026-07-22T04:22:02.210+0000] {taskinstance.py:2612} INFO - Dependencies all met for dep_context=non-requeueable deps ti=<TaskInstance: wap_incremental_cfpb_pipeline.trigger_dbt_silver_gold scheduled__2026-07-21T00:00:00+00:00 [queued]>
[2026-07-22T04:22:02.218+0000] {taskinstance.py:2612} INFO - Dependencies all met for dep_context=requeueable deps ti=<TaskInstance: wap_incremental_cfpb_pipeline.trigger_dbt_silver_gold scheduled__2026-07-21T00:00:00+00:00 [queued]>
[2026-07-22T04:22:02.220+0000] {taskinstance.py:2863} INFO - Resuming after deferral
[2026-07-22T04:22:02.232+0000] {taskinstance.py:2888} INFO - Executing <Task(TriggerDagRunOperator): trigger_dbt_silver_gold> on 2026-07-21 00:00:00+00:00
[2026-07-22T04:22:02.239+0000] {standard_task_runner.py:72} INFO - Started process 2496 to run task
[2026-07-22T04:22:02.243+0000] {standard_task_runner.py:104} INFO - Running: ['airflow', 'tasks', 'run', 'wap_incremental_cfpb_pipeline', 'trigger_dbt_silver_gold', 'scheduled__2026-07-21T00:00:00+00:00', '--job-id', '28', '--raw', '--subdir', 'DAGS_FOLDER/wap_incremental_cfpb_pipeline.py', '--cfg-path', '/tmp/tmp7l_5oa4k']
[2026-07-22T04:22:02.245+0000] {standard_task_runner.py:105} INFO - Job 28: Subtask trigger_dbt_silver_gold
[2026-07-22T04:22:02.330+0000] {task_command.py:467} INFO - Running <TaskInstance: wap_incremental_cfpb_pipeline.trigger_dbt_silver_gold scheduled__2026-07-21T00:00:00+00:00 [running]> on host 46567f661dca
[2026-07-22T04:22:02.395+0000] {taskinstance.py:731} INFO - ::endgroup::
[2026-07-22T04:22:02.410+0000] {trigger_dagrun.py:295} INFO - dbt_silver_gold_incremental finished with allowed state success
[2026-07-22T04:22:02.425+0000] {taskinstance.py:340} INFO - ::group::Post task execution logs
[2026-07-22T04:22:02.427+0000] {taskinstance.py:352} INFO - Marking task as SUCCESS. dag_id=wap_incremental_cfpb_pipeline, task_id=trigger_dbt_silver_gold, run_id=scheduled__2026-07-21T00:00:00+00:00, execution_date=20260721T000000, start_date=20260722T041858, end_date=20260722T042202
[2026-07-22T04:22:02.457+0000] {local_task_job_runner.py:266} INFO - Task exited with return code 0
[2026-07-22T04:22:02.478+0000] {taskinstance.py:3900} INFO - 0 downstream tasks scheduled from follow-on schedule check
[2026-07-22T04:22:02.482+0000] {local_task_job_runner.py:245} INFO - ::endgroup::
