[2026-07-21T03:33:23.863+0000] {local_task_job_runner.py:123} INFO - ::group::Pre task execution logs
[2026-07-21T03:33:23.896+0000] {taskinstance.py:2612} INFO - Dependencies all met for dep_context=non-requeueable deps ti=<TaskInstance: dbt_silver_gold_incremental.transform_gold.dim_companies.run manual__2026-07-21T03:32:02.723421+00:00 [queued]>
[2026-07-21T03:33:23.911+0000] {taskinstance.py:2612} INFO - Dependencies all met for dep_context=requeueable deps ti=<TaskInstance: dbt_silver_gold_incremental.transform_gold.dim_companies.run manual__2026-07-21T03:32:02.723421+00:00 [queued]>
[2026-07-21T03:33:23.913+0000] {taskinstance.py:2865} INFO - Starting attempt 1 of 2
[2026-07-21T03:33:23.933+0000] {taskinstance.py:2888} INFO - Executing <Task(DbtRunLocalOperator): transform_gold.dim_companies.run> on 2026-07-21 03:32:02.723421+00:00
[2026-07-21T03:33:23.942+0000] {standard_task_runner.py:72} INFO - Started process 1797 to run task
[2026-07-21T03:33:23.946+0000] {standard_task_runner.py:104} INFO - Running: ['airflow', 'tasks', 'run', 'dbt_silver_gold_incremental', 'transform_gold.dim_companies.run', 'manual__2026-07-21T03:32:02.723421+00:00', '--job-id', '19', '--raw', '--subdir', 'DAGS_FOLDER/dbt_silver_gold.py', '--cfg-path', '/tmp/tmpk9p95_xi']
[2026-07-21T03:33:23.950+0000] {standard_task_runner.py:105} INFO - Job 19: Subtask transform_gold.dim_companies.run
[2026-07-21T03:33:24.060+0000] {task_command.py:467} INFO - Running <TaskInstance: dbt_silver_gold_incremental.transform_gold.dim_companies.run manual__2026-07-21T03:32:02.723421+00:00 [running]> on host ea33bf3a5570
[2026-07-21T03:33:24.220+0000] {taskinstance.py:3131} INFO - Exporting env vars: AIRFLOW_CTX_DAG_OWNER='data_engineer' AIRFLOW_CTX_DAG_ID='dbt_silver_gold_incremental' AIRFLOW_CTX_TASK_ID='transform_gold.dim_companies.run' AIRFLOW_CTX_EXECUTION_DATE='2026-07-21T03:32:02.723421+00:00' AIRFLOW_CTX_TRY_NUMBER='1' AIRFLOW_CTX_DAG_RUN_ID='manual__2026-07-21T03:32:02.723421+00:00'
[2026-07-21T03:33:24.223+0000] {taskinstance.py:731} INFO - ::endgroup::
[2026-07-21T03:33:26.471+0000] {local.py:294} INFO - dbtRunner is available. Using dbtRunner for invoking dbt.
[2026-07-21T03:33:26.473+0000] {local.py:518} INFO - Cloning project to writable temp directory /tmp/tmp41fa3x_d from /opt/airflow/dbt_transform
[2026-07-21T03:33:26.490+0000] {local.py:538} INFO - Partial parse is enabled and the latest partial parse file is /tmp/cosmos/dbt_silver_gold_incremental__transform_gold/target/partial_parse.msgpack
[2026-07-21T03:33:26.526+0000] {config.py:395} INFO - Using user-supplied profiles.yml at /opt/airflow/dbt_transform/profiles.yml
[2026-07-21T03:33:26.545+0000] {runner.py:95} INFO - Trying to run dbtRunner with:
 ['deps', '--project-dir', '/tmp/tmp41fa3x_d', '--profiles-dir', '/opt/airflow/dbt_transform', '--profile', 'lakehouse_dbt', '--target', 'dev', '--no-static-parser']
 in /tmp/tmp41fa3x_d
[2026-07-21T03:33:26.680+0000] {logging_mixin.py:190} INFO - 03:33:26  Running with dbt=1.8.8
[2026-07-21T03:33:26.955+0000] {converter.py:314} INFO - ::group::Cosmos DAG parsing logs
[2026-07-21T03:33:26.959+0000] {graph.py:869} INFO - Trying to parse the dbt project using dbt ls cache cosmos_cache__dbt_silver_gold_incremental__transform_silver...
[2026-07-21T03:33:29.240+0000] {cache.py:383} INFO - Cosmos performance: time to calculate cache identifier cosmos_cache__dbt_silver_gold_incremental__transform_silver for current version: 2.2462034780000977
[2026-07-21T03:33:29.242+0000] {graph.py:886} INFO - Cosmos performance [ea33bf3a5570|1797]: The cache size for cosmos_cache__dbt_silver_gold_incremental__transform_silver is 5960
[2026-07-21T03:33:29.245+0000] {graph.py:898} INFO - Cosmos performance: Cache hit for cosmos_cache__dbt_silver_gold_incremental__transform_silver - 40154f694d33525a47cfe9f34916b419,5e34606eb5f2b3dea81a8e19fa3ba138
[2026-07-21T03:33:29.246+0000] {graph.py:799} INFO - Total nodes: 7
[2026-07-21T03:33:29.248+0000] {graph.py:800} INFO - Total filtered nodes: 7
[2026-07-21T03:33:29.250+0000] {converter.py:361} INFO - Cosmos performance (dbt_silver_gold_incremental__transform_silver) - [ea33bf3a5570|1797]: It took 2.29s to parse the dbt project for DAG using dbt_ls_cache
[2026-07-21T03:33:29.260+0000] {converter.py:413} INFO - Cosmos performance (dbt_silver_gold_incremental__transform_silver) - [ea33bf3a5570|1797]: It took 0.0108s to build the Airflow DAG.
[2026-07-21T03:33:29.262+0000] {converter.py:420} INFO - ::endgroup::Cosmos DAG parsing logs
[2026-07-21T03:33:29.264+0000] {converter.py:314} INFO - ::group::Cosmos DAG parsing logs
[2026-07-21T03:33:29.268+0000] {graph.py:869} INFO - Trying to parse the dbt project using dbt ls cache cosmos_cache__dbt_silver_gold_incremental__transform_gold...
[2026-07-21T03:33:31.466+0000] {cache.py:383} INFO - Cosmos performance: time to calculate cache identifier cosmos_cache__dbt_silver_gold_incremental__transform_gold for current version: 2.184720324999944
[2026-07-21T03:33:31.468+0000] {graph.py:886} INFO - Cosmos performance [ea33bf3a5570|1797]: The cache size for cosmos_cache__dbt_silver_gold_incremental__transform_gold is 35986
[2026-07-21T03:33:31.470+0000] {graph.py:898} INFO - Cosmos performance: Cache hit for cosmos_cache__dbt_silver_gold_incremental__transform_gold - 40154f694d33525a47cfe9f34916b419,304321e940a9403dceb380589bd0566f
[2026-07-21T03:33:31.471+0000] {graph.py:799} INFO - Total nodes: 39
[2026-07-21T03:33:31.473+0000] {graph.py:800} INFO - Total filtered nodes: 39
[2026-07-21T03:33:31.474+0000] {converter.py:361} INFO - Cosmos performance (dbt_silver_gold_incremental__transform_gold) - [ea33bf3a5570|1797]: It took 2.21s to parse the dbt project for DAG using dbt_ls_cache
[2026-07-21T03:33:31.512+0000] {converter.py:413} INFO - Cosmos performance (dbt_silver_gold_incremental__transform_gold) - [ea33bf3a5570|1797]: It took 0.0374s to build the Airflow DAG.
[2026-07-21T03:33:31.513+0000] {converter.py:420} INFO - ::endgroup::Cosmos DAG parsing logs
[2026-07-21T03:33:31.516+0000] {converter.py:314} INFO - ::group::Cosmos DAG parsing logs
[2026-07-21T03:33:31.519+0000] {graph.py:869} INFO - Trying to parse the dbt project using dbt ls cache cosmos_cache__dbt_silver_gold_full_load__transform_silver...
[2026-07-21T03:33:33.870+0000] {cache.py:383} INFO - Cosmos performance: time to calculate cache identifier cosmos_cache__dbt_silver_gold_full_load__transform_silver for current version: 2.3381033320001734
[2026-07-21T03:33:33.871+0000] {graph.py:886} INFO - Cosmos performance [ea33bf3a5570|1797]: The cache size for cosmos_cache__dbt_silver_gold_full_load__transform_silver is 5960
[2026-07-21T03:33:33.873+0000] {graph.py:898} INFO - Cosmos performance: Cache hit for cosmos_cache__dbt_silver_gold_full_load__transform_silver - 40154f694d33525a47cfe9f34916b419,5e34606eb5f2b3dea81a8e19fa3ba138
[2026-07-21T03:33:33.875+0000] {graph.py:799} INFO - Total nodes: 7
[2026-07-21T03:33:33.876+0000] {graph.py:800} INFO - Total filtered nodes: 7
[2026-07-21T03:33:33.878+0000] {converter.py:361} INFO - Cosmos performance (dbt_silver_gold_full_load__transform_silver) - [ea33bf3a5570|1797]: It took 2.36s to parse the dbt project for DAG using dbt_ls_cache
[2026-07-21T03:33:33.888+0000] {converter.py:413} INFO - Cosmos performance (dbt_silver_gold_full_load__transform_silver) - [ea33bf3a5570|1797]: It took 0.0103s to build the Airflow DAG.
[2026-07-21T03:33:33.890+0000] {converter.py:420} INFO - ::endgroup::Cosmos DAG parsing logs
[2026-07-21T03:33:33.892+0000] {converter.py:314} INFO - ::group::Cosmos DAG parsing logs
[2026-07-21T03:33:33.897+0000] {graph.py:869} INFO - Trying to parse the dbt project using dbt ls cache cosmos_cache__dbt_silver_gold_full_load__transform_gold...
[2026-07-21T03:33:36.125+0000] {cache.py:383} INFO - Cosmos performance: time to calculate cache identifier cosmos_cache__dbt_silver_gold_full_load__transform_gold for current version: 2.2160217729997385
[2026-07-21T03:33:36.127+0000] {graph.py:886} INFO - Cosmos performance [ea33bf3a5570|1797]: The cache size for cosmos_cache__dbt_silver_gold_full_load__transform_gold is 35986
[2026-07-21T03:33:36.129+0000] {graph.py:898} INFO - Cosmos performance: Cache hit for cosmos_cache__dbt_silver_gold_full_load__transform_gold - 40154f694d33525a47cfe9f34916b419,304321e940a9403dceb380589bd0566f
[2026-07-21T03:33:36.131+0000] {graph.py:799} INFO - Total nodes: 39
[2026-07-21T03:33:36.133+0000] {graph.py:800} INFO - Total filtered nodes: 39
[2026-07-21T03:33:36.134+0000] {converter.py:361} INFO - Cosmos performance (dbt_silver_gold_full_load__transform_gold) - [ea33bf3a5570|1797]: It took 2.24s to parse the dbt project for DAG using dbt_ls_cache
[2026-07-21T03:33:36.172+0000] {converter.py:413} INFO - Cosmos performance (dbt_silver_gold_full_load__transform_gold) - [ea33bf3a5570|1797]: It took 0.0378s to build the Airflow DAG.
[2026-07-21T03:33:36.173+0000] {converter.py:420} INFO - ::endgroup::Cosmos DAG parsing logs
[2026-07-21T03:33:37.257+0000] {logging_mixin.py:190} INFO - 03:33:37  Installing dbt-labs/dbt_utils
[2026-07-21T03:33:37.735+0000] {logging_mixin.py:190} INFO - 03:33:37  Installed from version 1.3.0
[2026-07-21T03:33:37.737+0000] {logging_mixin.py:190} INFO - 03:33:37  Updated version available: 1.4.1
[2026-07-21T03:33:37.739+0000] {logging_mixin.py:190} INFO - 03:33:37  Installing metaplane/dbt_expectations
[2026-07-21T03:33:38.618+0000] {logging_mixin.py:190} INFO - 03:33:38  Installed from version 0.10.8
[2026-07-21T03:33:38.621+0000] {logging_mixin.py:190} INFO - 03:33:38  Updated version available: 0.10.10
[2026-07-21T03:33:38.630+0000] {logging_mixin.py:190} INFO - 03:33:38  Installing godatadriven/dbt_date
[2026-07-21T03:33:39.132+0000] {logging_mixin.py:190} INFO - 03:33:39  Installed from version 0.15.0
[2026-07-21T03:33:39.134+0000] {logging_mixin.py:190} INFO - 03:33:39  Up to date!
[2026-07-21T03:33:39.136+0000] {logging_mixin.py:190} INFO - 03:33:39
[2026-07-21T03:33:39.138+0000] {logging_mixin.py:190} INFO - 03:33:39  Updates available for packages: ['dbt-labs/dbt_utils', 'metaplane/dbt_expectations']                 
Update your versions in packages.yml, then run dbt deps
[2026-07-21T03:33:40.409+0000] {runner.py:95} INFO - Trying to run dbtRunner with:
 ['run', '--select', 'fqn:consumer_complaints_transformation.marts.dim_companies', '--project-dir', '/tmp/tmp41fa3x_d', '--profiles-dir', '/opt/airflow/dbt_transform', '--profile', 'lakehouse_dbt', '--target', 'dev', '--no-static-parser']
 in /tmp/tmp41fa3x_d
[2026-07-21T03:33:40.473+0000] {logging_mixin.py:190} INFO - 03:33:40  Running with dbt=1.8.8
[2026-07-21T03:33:40.597+0000] {auth.py:343} INFO - keyring module not found. OAuth2 token will not be stored in keyring.
[2026-07-21T03:33:40.609+0000] {auth.py:343} INFO - keyring module not found. OAuth2 token will not be stored in keyring.
[2026-07-21T03:33:41.015+0000] {logging_mixin.py:190} INFO - 03:33:41  Registered adapter: trino=1.8.5
[2026-07-21T03:33:41.834+0000] {logging_mixin.py:190} INFO - 03:33:41  Unable to do partial parsing because config vars, config profile, or config target have changed
[2026-07-21T03:33:46.218+0000] {logging_mixin.py:190} INFO - 03:33:46  [WARNING]: Deprecated functionality
The `tests` config has been renamed to `data_tests`. Please see
https://docs.getdbt.com/docs/build/data-tests#new-data_tests-syntax for more
information.
[2026-07-21T03:33:48.475+0000] {logging_mixin.py:190} INFO - 03:33:48  Found 8 models, 40 data tests, 1 source, 9 metrics, 839 macros, 5 semantic models
[2026-07-21T03:33:48.484+0000] {logging_mixin.py:190} INFO - 03:33:48
[2026-07-21T03:33:48.548+0000] {logging_mixin.py:190} INFO - 03:33:48  [WARNING]: SSL certificate validation is disabled by default. It is legacy behavior which will be changed in future releases. It is strongly advised to enable `require_certificate_validation` flag or explicitly set `cert` configuration to `True` for security reasons. You may receive an error after that if your SSL setup is incorrect.
You may opt into the new behavior sooner by setting `flags.require_certificate_validation` to `True` in `dbt_project.yml`.
Visit https://docs.getdbt.com/reference/global-configs/behavior-changes for more information.
[2026-07-21T03:33:49.757+0000] {logging_mixin.py:190} INFO - 03:33:49  Concurrency: 1 threads (target='dev')
[2026-07-21T03:33:49.769+0000] {logging_mixin.py:190} INFO - 03:33:49
[2026-07-21T03:33:49.783+0000] {logging_mixin.py:190} INFO - 03:33:49  1 of 1 START sql incremental model silver.dim_companies ........................ [RUN]
[2026-07-21T03:33:51.382+0000] {logging_mixin.py:190} INFO - 03:33:51  1 of 1 OK created sql incremental model silver.dim_companies ................... [CREATE TABLE (3 rows) in 1.59s]
[2026-07-21T03:33:51.392+0000] {logging_mixin.py:190} INFO - 03:33:51
[2026-07-21T03:33:51.397+0000] {logging_mixin.py:190} INFO - 03:33:51  Finished running 1 incremental model in 0 hours 0 minutes and 2.91 seconds (2.91s).
[2026-07-21T03:33:51.514+0000] {logging_mixin.py:190} INFO - 03:33:51
[2026-07-21T03:33:51.517+0000] {logging_mixin.py:190} INFO - 03:33:51  Completed successfully
[2026-07-21T03:33:51.519+0000] {logging_mixin.py:190} INFO - 03:33:51
[2026-07-21T03:33:51.522+0000] {logging_mixin.py:190} INFO - 03:33:51  Done. PASS=1 WARN=0 ERROR=0 SKIP=0 TOTAL=1
[2026-07-21T03:33:52.907+0000] {local.py:196} WARNING - Artifact schema version: https://schemas.getdbt.com/dbt/manifest/v12.json is above dbt-ol supported version 7. This might cause errors.
[2026-07-21T03:33:52.934+0000] {local.py:594} INFO - Inlets: []
[2026-07-21T03:33:52.937+0000] {local.py:595} INFO - Outlets: []
[2026-07-21T03:33:52.941+0000] {local.py:886} INFO - Assigning inlets/outlets with DatasetAlias in Airflow 2
[2026-07-21T03:33:53.137+0000] {taskinstance.py:340} INFO - ::group::Post task execution logs
[2026-07-21T03:33:53.144+0000] {taskinstance.py:352} INFO - Marking task as SUCCESS. dag_id=dbt_silver_gold_incremental, task_id=transform_gold.dim_companies.run, run_id=manual__2026-07-21T03:32:02.723421+00:00, execution_date=20260721T033202, start_date=20260721T033323, end_date=20260721T033353
[2026-07-21T03:33:54.025+0000] {_client.py:1026} INFO - HTTP Request: GET https://astronomer.gateway.scarf.sh/astronomer-cosmos/v3/task_instance?cosmos_version=1.15.0&airflow_version=2.10.2&python_version=3.10.15&platform_system=Linux&platform_machine=x86_64&status=success&operator_name=DbtRunLocalOperator&is_cosmos_operator_subclass=False&invocation_mode=dbt_runner&execution_mode=local&profile_strategy=yaml_file&profile_mapping_class=None&database=trino&is_mapped_task=False&dbt_command=run&install_deps=True&has_callback=False&duration=29.244456 "HTTP/1.1 200 OK"
[2026-07-21T03:33:54.103+0000] {local_task_job_runner.py:266} INFO - Task exited with return code 0
[2026-07-21T03:33:54.169+0000] {taskinstance.py:3900} INFO - 0 downstream tasks scheduled from follow-on schedule check
[2026-07-21T03:33:54.233+0000] {local_task_job_runner.py:245} INFO - ::endgroup::
