[2026-07-25T10:05:06.324+0000] {local_task_job_runner.py:123} INFO - ::group::Pre task execution logs
[2026-07-25T10:05:06.344+0000] {taskinstance.py:2612} INFO - Dependencies all met for dep_context=non-requeueable deps ti=<TaskInstance: dbt_metadata_to_qdrant_api_sync.trigger_qdrant_indexer_api manual__2026-07-25T10:05:03.655166+00:00 [queued]>
[2026-07-25T10:05:06.354+0000] {taskinstance.py:2612} INFO - Dependencies all met for dep_context=requeueable deps ti=<TaskInstance: dbt_metadata_to_qdrant_api_sync.trigger_qdrant_indexer_api manual__2026-07-25T10:05:03.655166+00:00 [queued]>
[2026-07-25T10:05:06.355+0000] {taskinstance.py:2865} INFO - Starting attempt 1 of 4
[2026-07-25T10:05:06.369+0000] {taskinstance.py:2888} INFO - Executing <Task(SimpleHttpOperator): trigger_qdrant_indexer_api> on 2026-07-25 10:05:03.655166+00:00
[2026-07-25T10:05:06.374+0000] {standard_task_runner.py:72} INFO - Started process 621 to run task
[2026-07-25T10:05:06.378+0000] {standard_task_runner.py:104} INFO - Running: ['airflow', 'tasks', 'run', 'dbt_metadata_to_qdrant_api_sync', 'trigger_qdrant_indexer_api', 'manual__2026-07-25T10:05:03.655166+00:00', '--job-id', '3', '--raw', '--subdir', 'DAGS_FOLDER/dbt_to_qdrant_dag.py', '--cfg-path', '/tmp/tmpjjjowtur']
[2026-07-25T10:05:06.381+0000] {standard_task_runner.py:105} INFO - Job 3: Subtask trigger_qdrant_indexer_api
[2026-07-25T10:05:06.457+0000] {task_command.py:467} INFO - Running <TaskInstance: dbt_metadata_to_qdrant_api_sync.trigger_qdrant_indexer_api manual__2026-07-25T10:05:03.655166+00:00 [running]> on host 399d619230e4
[2026-07-25T10:05:06.545+0000] {taskinstance.py:3131} INFO - Exporting env vars: AIRFLOW_CTX_DAG_OWNER='data_engineer' AIRFLOW_CTX_DAG_ID='dbt_metadata_to_qdrant_api_sync' AIRFLOW_CTX_TASK_ID='trigger_qdrant_indexer_api' AIRFLOW_CTX_EXECUTION_DATE='2026-07-25T10:05:03.655166+00:00' AIRFLOW_CTX_TRY_NUMBER='1' AIRFLOW_CTX_DAG_RUN_ID='manual__2026-07-25T10:05:03.655166+00:00'
[2026-07-25T10:05:06.548+0000] {taskinstance.py:731} INFO - ::endgroup::
[2026-07-25T10:05:06.562+0000] {http.py:173} INFO - Calling HTTP method
[2026-07-25T10:05:06.564+0000] {base.py:84} INFO - Retrieving connection 'ai_agent_api'
[2026-07-25T10:05:06.567+0000] {base.py:84} INFO - Retrieving connection 'ai_agent_api'
[2026-07-25T10:05:11.496+0000] {http.py:204} ERROR - HTTP error: Internal Server Error
[2026-07-25T10:05:11.498+0000] {http.py:205} ERROR - {"detail":"RetryError[<Future at 0x7e227748da10 state=finished raised GoogleGenerativeAIError>]"}
[2026-07-25T10:05:11.511+0000] {taskinstance.py:3310} ERROR - Task failed with exception
Traceback (most recent call last):
  File "/home/airflow/.local/lib/python3.10/site-packages/airflow/providers/http/hooks/http.py", line 202, in check_response
    response.raise_for_status()
  File "/home/airflow/.local/lib/python3.10/site-packages/requests/models.py", line 1024, in raise_for_status
    raise HTTPError(http_error_msg, response=self)
requests.exceptions.HTTPError: 500 Server Error: Internal Server Error for url: http://ai_agent_ui:8000/api/v1/index-metadata

During handling of the above exception, another exception occurred:

Traceback (most recent call last):
  File "/home/airflow/.local/lib/python3.10/site-packages/airflow/models/taskinstance.py", line 767, in _execute_task
    result = _execute_callable(context=context, **execute_callable_kwargs)
  File "/home/airflow/.local/lib/python3.10/site-packages/airflow/models/taskinstance.py", line 733, in _execute_callable
    return ExecutionCallableRunner(
  File "/home/airflow/.local/lib/python3.10/site-packages/airflow/utils/operator_helpers.py", line 252, in run
    return self.func(*args, **kwargs)
  File "/home/airflow/.local/lib/python3.10/site-packages/airflow/models/baseoperator.py", line 406, in wrapper
    return func(self, *args, **kwargs)
  File "/home/airflow/.local/lib/python3.10/site-packages/airflow/providers/http/operators/http.py", line 170, in execute
    return self.execute_sync(context=context)
  File "/home/airflow/.local/lib/python3.10/site-packages/airflow/providers/http/operators/http.py", line 179, in execute_sync
    response = self.hook.run(self.endpoint, self.data, self.headers, self.extra_options)
  File "/home/airflow/.local/lib/python3.10/site-packages/airflow/providers/http/hooks/http.py", line 191, in run
    return self.run_and_check(session, prepped_request, extra_options)
  File "/home/airflow/.local/lib/python3.10/site-packages/airflow/providers/http/hooks/http.py", line 244, in run_and_check
    self.check_response(response)
  File "/home/airflow/.local/lib/python3.10/site-packages/airflow/providers/http/hooks/http.py", line 206, in check_response
    raise AirflowException(str(response.status_code) + ":" + response.reason)
airflow.exceptions.AirflowException: 500:Internal Server Error
[2026-07-25T10:05:11.521+0000] {taskinstance.py:1225} INFO - Marking task as UP_FOR_RETRY. dag_id=dbt_metadata_to_qdrant_api_sync, task_id=trigger_qdrant_indexer_api, run_id=manual__2026-07-25T10:05:03.655166+00:00, execution_date=20260725T100503, start_date=20260725T100506, end_date=20260725T100511
[2026-07-25T10:05:11.539+0000] {taskinstance.py:340} INFO - ::group::Post task execution logs
[2026-07-25T10:05:11.542+0000] {standard_task_runner.py:124} ERROR - Failed to execute job 3 for task trigger_qdrant_indexer_api (500:Internal Server Error; 621)
Traceback (most recent call last):
  File "/home/airflow/.local/lib/python3.10/site-packages/airflow/providers/http/hooks/http.py", line 202, in check_response
    response.raise_for_status()
  File "/home/airflow/.local/lib/python3.10/site-packages/requests/models.py", line 1024, in raise_for_status
    raise HTTPError(http_error_msg, response=self)
requests.exceptions.HTTPError: 500 Server Error: Internal Server Error for url: http://ai_agent_ui:8000/api/v1/index-metadata

During handling of the above exception, another exception occurred:

Traceback (most recent call last):
  File "/home/airflow/.local/lib/python3.10/site-packages/airflow/task/task_runner/standard_task_runner.py", line 117, in _start_by_fork
    ret = args.func(args, dag=self.dag)
  File "/home/airflow/.local/lib/python3.10/site-packages/airflow/cli/cli_config.py", line 49, in command
    return func(*args, **kwargs)
  File "/home/airflow/.local/lib/python3.10/site-packages/airflow/utils/cli.py", line 115, in wrapper
    return f(*args, **kwargs)
  File "/home/airflow/.local/lib/python3.10/site-packages/airflow/cli/commands/task_command.py", line 483, in task_run
    task_return_code = _run_task_by_selected_method(args, _dag, ti)
  File "/home/airflow/.local/lib/python3.10/site-packages/airflow/cli/commands/task_command.py", line 256, in _run_task_by_selected_method
    return _run_raw_task(args, ti)
  File "/home/airflow/.local/lib/python3.10/site-packages/airflow/cli/commands/task_command.py", line 341, in _run_raw_task
    return ti._run_raw_task(
  File "/home/airflow/.local/lib/python3.10/site-packages/airflow/utils/session.py", line 97, in wrapper
    return func(*args, session=session, **kwargs)
  File "/home/airflow/.local/lib/python3.10/site-packages/airflow/models/taskinstance.py", line 3004, in _run_raw_task
    return _run_raw_task(
  File "/home/airflow/.local/lib/python3.10/site-packages/airflow/models/taskinstance.py", line 273, in _run_raw_task
    TaskInstance._execute_task_with_callbacks(
  File "/home/airflow/.local/lib/python3.10/site-packages/airflow/models/taskinstance.py", line 3158, in _execute_task_with_callbacks
    result = self._execute_task(context, task_orig)
  File "/home/airflow/.local/lib/python3.10/site-packages/airflow/models/taskinstance.py", line 3182, in _execute_task
    return _execute_task(self, context, task_orig)
  File "/home/airflow/.local/lib/python3.10/site-packages/airflow/models/taskinstance.py", line 767, in _execute_task
    result = _execute_callable(context=context, **execute_callable_kwargs)
  File "/home/airflow/.local/lib/python3.10/site-packages/airflow/models/taskinstance.py", line 733, in _execute_callable
    return ExecutionCallableRunner(
  File "/home/airflow/.local/lib/python3.10/site-packages/airflow/utils/operator_helpers.py", line 252, in run
    return self.func(*args, **kwargs)
  File "/home/airflow/.local/lib/python3.10/site-packages/airflow/models/baseoperator.py", line 406, in wrapper
    return func(self, *args, **kwargs)
  File "/home/airflow/.local/lib/python3.10/site-packages/airflow/providers/http/operators/http.py", line 170, in execute
    return self.execute_sync(context=context)
  File "/home/airflow/.local/lib/python3.10/site-packages/airflow/providers/http/operators/http.py", line 179, in execute_sync
    response = self.hook.run(self.endpoint, self.data, self.headers, self.extra_options)
  File "/home/airflow/.local/lib/python3.10/site-packages/airflow/providers/http/hooks/http.py", line 191, in run
    return self.run_and_check(session, prepped_request, extra_options)
  File "/home/airflow/.local/lib/python3.10/site-packages/airflow/providers/http/hooks/http.py", line 244, in run_and_check
    self.check_response(response)
  File "/home/airflow/.local/lib/python3.10/site-packages/airflow/providers/http/hooks/http.py", line 206, in check_response
    raise AirflowException(str(response.status_code) + ":" + response.reason)
airflow.exceptions.AirflowException: 500:Internal Server Error
[2026-07-25T10:05:11.570+0000] {local_task_job_runner.py:266} INFO - Task exited with return code 1
[2026-07-25T10:05:11.587+0000] {logging_mixin.py:190} WARNING - /home/airflow/.local/lib/python3.10/site-packages/airflow/models/baseoperator.py:1378 AirflowProviderDeprecationWarning: Call to deprecated class SimpleHttpOperator. (Class `SimpleHttpOperator` is deprecated and will be removed in a future release. Please use `HttpOperator` instead.)
[2026-07-25T10:05:11.599+0000] {taskinstance.py:3900} INFO - 0 downstream tasks scheduled from follow-on schedule check
[2026-07-25T10:05:11.601+0000] {local_task_job_runner.py:245} INFO - ::endgroup::
