[2026-07-20T03:15:27.329+0000] {local_task_job_runner.py:123} INFO - ::group::Pre task execution logs
[2026-07-20T03:15:27.349+0000] {taskinstance.py:2612} INFO - Dependencies all met for dep_context=non-requeueable deps ti=<TaskInstance: wap_incremental_cfpb_pipeline.drop_wap_branch scheduled__2026-07-19T00:00:00+00:00 [queued]>
[2026-07-20T03:15:27.358+0000] {taskinstance.py:2612} INFO - Dependencies all met for dep_context=requeueable deps ti=<TaskInstance: wap_incremental_cfpb_pipeline.drop_wap_branch scheduled__2026-07-19T00:00:00+00:00 [queued]>
[2026-07-20T03:15:27.360+0000] {taskinstance.py:2865} INFO - Starting attempt 1 of 1
[2026-07-20T03:15:27.373+0000] {taskinstance.py:2888} INFO - Executing <Task(_PythonDecoratedOperator): drop_wap_branch> on 2026-07-19 00:00:00+00:00
[2026-07-20T03:15:27.378+0000] {standard_task_runner.py:72} INFO - Started process 1163 to run task
[2026-07-20T03:15:27.383+0000] {standard_task_runner.py:104} INFO - Running: ['airflow', 'tasks', 'run', 'wap_incremental_cfpb_pipeline', 'drop_wap_branch', 'scheduled__2026-07-19T00:00:00+00:00', '--job-id', '13', '--raw', '--subdir', 'DAGS_FOLDER/wap_incremental_cfpb_pipeline.py', '--cfg-path', '/tmp/tmpvi136_6z']
[2026-07-20T03:15:27.385+0000] {standard_task_runner.py:105} INFO - Job 13: Subtask drop_wap_branch
[2026-07-20T03:15:27.476+0000] {task_command.py:467} INFO - Running <TaskInstance: wap_incremental_cfpb_pipeline.drop_wap_branch scheduled__2026-07-19T00:00:00+00:00 [running]> on host f5e745c7acdb
[2026-07-20T03:15:27.578+0000] {taskinstance.py:3131} INFO - Exporting env vars: AIRFLOW_CTX_DAG_OWNER='airflow' AIRFLOW_CTX_DAG_ID='wap_incremental_cfpb_pipeline' AIRFLOW_CTX_TASK_ID='drop_wap_branch' AIRFLOW_CTX_EXECUTION_DATE='2026-07-19T00:00:00+00:00' AIRFLOW_CTX_TRY_NUMBER='1' AIRFLOW_CTX_DAG_RUN_ID='scheduled__2026-07-19T00:00:00+00:00'
[2026-07-20T03:15:27.582+0000] {taskinstance.py:731} INFO - ::endgroup::
[2026-07-20T03:15:27.587+0000] {base.py:84} INFO - Retrieving connection 'nessie_api_default'
[2026-07-20T03:15:27.625+0000] {nessie_client.py:72} INFO - 🗑️ Đã dọn dẹp nhánh tạm 'etl_20260719_scheduled202607'.
[2026-07-20T03:15:27.627+0000] {wap_incremental_cfpb_pipeline.py:259} INFO - 🗑️ CLEANUP: Đã xóa an toàn nhánh tạm etl_20260719_scheduled202607.
[2026-07-20T03:15:27.629+0000] {python.py:240} INFO - Done. Returned value was: None
[2026-07-20T03:15:27.643+0000] {taskinstance.py:340} INFO - ::group::Post task execution logs
[2026-07-20T03:15:27.644+0000] {taskinstance.py:352} INFO - Marking task as SUCCESS. dag_id=wap_incremental_cfpb_pipeline, task_id=drop_wap_branch, run_id=scheduled__2026-07-19T00:00:00+00:00, execution_date=20260719T000000, start_date=20260720T031527, end_date=20260720T031527
[2026-07-20T03:15:27.679+0000] {local_task_job_runner.py:266} INFO - Task exited with return code 0
[2026-07-20T03:15:27.701+0000] {taskinstance.py:3900} INFO - 0 downstream tasks scheduled from follow-on schedule check
[2026-07-20T03:15:27.704+0000] {local_task_job_runner.py:245} INFO - ::endgroup::
