[2026-08-05T07:11:59.785+0000] {local_task_job_runner.py:123} INFO - ::group::Pre task execution logs
[2026-08-05T07:11:59.810+0000] {taskinstance.py:2612} INFO - Dependencies all met for dep_context=non-requeueable deps ti=<TaskInstance: logistics_orders_full_load.full_load_stream_to_bronze manual__2026-08-05T07:11:35.700956+00:00 [queued]>
[2026-08-05T07:11:59.825+0000] {taskinstance.py:2612} INFO - Dependencies all met for dep_context=requeueable deps ti=<TaskInstance: logistics_orders_full_load.full_load_stream_to_bronze manual__2026-08-05T07:11:35.700956+00:00 [queued]>
[2026-08-05T07:11:59.828+0000] {taskinstance.py:2865} INFO - Starting attempt 1 of 1
[2026-08-05T07:11:59.847+0000] {taskinstance.py:2888} INFO - Executing <Task(_PythonDecoratedOperator): full_load_stream_to_bronze> on 2026-08-05 07:11:35.700956+00:00
[2026-08-05T07:11:59.855+0000] {standard_task_runner.py:72} INFO - Started process 647 to run task
[2026-08-05T07:11:59.860+0000] {standard_task_runner.py:104} INFO - Running: ['airflow', 'tasks', 'run', 'logistics_orders_full_load', 'full_load_stream_to_bronze', 'manual__2026-08-05T07:11:35.700956+00:00', '--job-id', '9', '--raw', '--subdir', 'DAGS_FOLDER/logistics_full_load.py', '--cfg-path', '/tmp/tmpe91r38n9']
[2026-08-05T07:11:59.863+0000] {standard_task_runner.py:105} INFO - Job 9: Subtask full_load_stream_to_bronze
[2026-08-05T07:11:59.980+0000] {task_command.py:467} INFO - Running <TaskInstance: logistics_orders_full_load.full_load_stream_to_bronze manual__2026-08-05T07:11:35.700956+00:00 [running]> on host 306d468506c6
[2026-08-05T07:12:00.142+0000] {taskinstance.py:3131} INFO - Exporting env vars: AIRFLOW_CTX_DAG_OWNER='airflow' AIRFLOW_CTX_DAG_ID='logistics_orders_full_load' AIRFLOW_CTX_TASK_ID='full_load_stream_to_bronze' AIRFLOW_CTX_EXECUTION_DATE='2026-08-05T07:11:35.700956+00:00' AIRFLOW_CTX_TRY_NUMBER='1' AIRFLOW_CTX_DAG_RUN_ID='manual__2026-08-05T07:11:35.700956+00:00'
[2026-08-05T07:12:00.145+0000] {taskinstance.py:731} INFO - ::endgroup::
[2026-08-05T07:12:00.151+0000] {crypto.py:82} WARNING - empty cryptography key - values will not be stored encrypted.
[2026-08-05T07:12:00.155+0000] {base.py:84} INFO - Retrieving connection 'minio_default'
[2026-08-05T07:12:00.157+0000] {base.py:84} INFO - Retrieving connection 'nessie_api_default'
[2026-08-05T07:12:01.397+0000] {duckdb_api_to_bronze.py:69} INFO - Đã khởi tạo DuckDB và PyIceberg Catalog trên nhánh 'main'.
[2026-08-05T07:12:01.399+0000] {duckdb_api_to_bronze.py:167} INFO - Bắt đầu chế độ STREAMING cho ngày: 2026-08-05 (Chunk Size: 250000)
[2026-08-05T07:12:01.440+0000] {__init__.py:331} INFO - Loaded FileIO: pyiceberg.io.fsspec.FsspecFileIO
[2026-08-05T07:12:01.441+0000] {duckdb_api_to_bronze.py:124} INFO - ⏩ [Append] Bỏ qua bước dọn dẹp, tiến hành cộng dồn dữ liệu.
[2026-08-05T07:12:04.088+0000] {duckdb_api_to_bronze.py:192} INFO - -> Đã ghi thành công chunk #1 (20,000 dòng) vào Iceberg.
[2026-08-05T07:12:04.089+0000] {duckdb_api_to_bronze.py:194} INFO - ✅ Hoàn tất (Stream): Đã nạp 20,000 dòng vào bronze.raw_orders.
[2026-08-05T07:12:04.098+0000] {duckdb_api_to_bronze.py:219} INFO - Đã đóng kết nối DuckDB an toàn.
[2026-08-05T07:12:04.101+0000] {python.py:240} INFO - Done. Returned value was: {'inserted_run_id': 'manual__2026-08-05T07:11:35.700956+00:00', 'total_extracted_rows': 20000, 'total_inserted_rows': 20000}
[2026-08-05T07:12:04.173+0000] {taskinstance.py:340} INFO - ::group::Post task execution logs
[2026-08-05T07:12:04.174+0000] {taskinstance.py:352} INFO - Marking task as SUCCESS. dag_id=logistics_orders_full_load, task_id=full_load_stream_to_bronze, run_id=manual__2026-08-05T07:11:35.700956+00:00, execution_date=20260805T071135, start_date=20260805T071159, end_date=20260805T071204
[2026-08-05T07:12:04.232+0000] {local_task_job_runner.py:266} INFO - Task exited with return code 0
[2026-08-05T07:12:04.276+0000] {taskinstance.py:3900} INFO - 1 downstream tasks scheduled from follow-on schedule check
[2026-08-05T07:12:04.281+0000] {local_task_job_runner.py:245} INFO - ::endgroup::
