[2026-07-16T02:16:39.836+0000] {local_task_job_runner.py:123} INFO - ::group::Pre task execution logs
[2026-07-16T02:16:39.855+0000] {taskinstance.py:2612} INFO - Dependencies all met for dep_context=non-requeueable deps ti=<TaskInstance: wap_consumer_complaints_pipeline.dbt_transform.stg__consumer_complaints.run scheduled__2026-07-15T00:00:00+00:00 [queued]>
[2026-07-16T02:16:39.865+0000] {taskinstance.py:2612} INFO - Dependencies all met for dep_context=requeueable deps ti=<TaskInstance: wap_consumer_complaints_pipeline.dbt_transform.stg__consumer_complaints.run scheduled__2026-07-15T00:00:00+00:00 [queued]>
[2026-07-16T02:16:39.867+0000] {taskinstance.py:2865} INFO - Starting attempt 2 of 2
[2026-07-16T02:16:39.878+0000] {taskinstance.py:2888} INFO - Executing <Task(DbtRunLocalOperator): dbt_transform.stg__consumer_complaints.run> on 2026-07-15 00:00:00+00:00
[2026-07-16T02:16:39.883+0000] {standard_task_runner.py:72} INFO - Started process 1509 to run task
[2026-07-16T02:16:39.886+0000] {standard_task_runner.py:104} INFO - Running: ['airflow', 'tasks', 'run', 'wap_consumer_complaints_pipeline', 'dbt_transform.stg__consumer_complaints.run', 'scheduled__2026-07-15T00:00:00+00:00', '--job-id', '12', '--raw', '--subdir', 'DAGS_FOLDER/wap_consumer_complaints_pipeline.py', '--cfg-path', '/tmp/tmp17tmwi1p']
[2026-07-16T02:16:39.888+0000] {standard_task_runner.py:105} INFO - Job 12: Subtask dbt_transform.stg__consumer_complaints.run
[2026-07-16T02:16:39.961+0000] {task_command.py:467} INFO - Running <TaskInstance: wap_consumer_complaints_pipeline.dbt_transform.stg__consumer_complaints.run scheduled__2026-07-15T00:00:00+00:00 [running]> on host 61ab07fddcad
[2026-07-16T02:16:40.047+0000] {taskinstance.py:3131} INFO - Exporting env vars: AIRFLOW_CTX_DAG_OWNER='data_engineer' AIRFLOW_CTX_DAG_ID='wap_consumer_complaints_pipeline' AIRFLOW_CTX_TASK_ID='dbt_transform.stg__consumer_complaints.run' AIRFLOW_CTX_EXECUTION_DATE='2026-07-15T00:00:00+00:00' AIRFLOW_CTX_TRY_NUMBER='2' AIRFLOW_CTX_DAG_RUN_ID='scheduled__2026-07-15T00:00:00+00:00'
[2026-07-16T02:16:40.049+0000] {taskinstance.py:731} INFO - ::endgroup::
[2026-07-16T02:16:40.869+0000] {local.py:294} INFO - dbtRunner is available. Using dbtRunner for invoking dbt.
[2026-07-16T02:16:40.871+0000] {local.py:518} INFO - Cloning project to writable temp directory /tmp/tmp91ie7ocf from /opt/airflow/dbt_transform
[2026-07-16T02:16:40.885+0000] {local.py:538} INFO - Partial parse is enabled and the latest partial parse file is /tmp/cosmos/wap_consumer_complaints_pipeline__dbt_transform/target/partial_parse.msgpack
[2026-07-16T02:16:40.898+0000] {config.py:395} INFO - Using user-supplied profiles.yml at /opt/airflow/dbt_transform/profiles.yml
[2026-07-16T02:16:40.908+0000] {runner.py:95} INFO - Trying to run dbtRunner with:
 ['deps', '--project-dir', '/tmp/tmp91ie7ocf', '--profiles-dir', '/opt/airflow/dbt_transform', '--profile', 'lakehouse_dbt', '--target', 'dev', '--no-static-parser']
 in /tmp/tmp91ie7ocf
[2026-07-16T02:16:40.973+0000] {logging_mixin.py:190} INFO - 02:16:40  Running with dbt=1.8.8
[2026-07-16T02:16:41.072+0000] {converter.py:314} INFO - ::group::Cosmos DAG parsing logs
[2026-07-16T02:16:41.075+0000] {graph.py:869} INFO - Trying to parse the dbt project using dbt ls cache cosmos_cache__dbt_silver_gold_incremental__transform_silver...
[2026-07-16T02:16:43.388+0000] {cache.py:383} INFO - Cosmos performance: time to calculate cache identifier cosmos_cache__dbt_silver_gold_incremental__transform_silver for current version: 2.303174594000211
[2026-07-16T02:16:43.389+0000] {graph.py:886} INFO - Cosmos performance [61ab07fddcad|1509]: The cache size for cosmos_cache__dbt_silver_gold_incremental__transform_silver is 5960
[2026-07-16T02:16:43.390+0000] {graph.py:898} INFO - Cosmos performance: Cache hit for cosmos_cache__dbt_silver_gold_incremental__transform_silver - c3230d7486035f207ce7627fcc271b82,5e34606eb5f2b3dea81a8e19fa3ba138
[2026-07-16T02:16:43.391+0000] {graph.py:799} INFO - Total nodes: 7
[2026-07-16T02:16:43.392+0000] {graph.py:800} INFO - Total filtered nodes: 7
[2026-07-16T02:16:43.393+0000] {converter.py:361} INFO - Cosmos performance (dbt_silver_gold_incremental__transform_silver) - [61ab07fddcad|1509]: It took 2.32s to parse the dbt project for DAG using dbt_ls_cache
[2026-07-16T02:16:43.402+0000] {converter.py:413} INFO - Cosmos performance (dbt_silver_gold_incremental__transform_silver) - [61ab07fddcad|1509]: It took 0.00828s to build the Airflow DAG.
[2026-07-16T02:16:43.403+0000] {converter.py:420} INFO - ::endgroup::Cosmos DAG parsing logs
[2026-07-16T02:16:43.404+0000] {converter.py:314} INFO - ::group::Cosmos DAG parsing logs
[2026-07-16T02:16:43.406+0000] {graph.py:869} INFO - Trying to parse the dbt project using dbt ls cache cosmos_cache__dbt_silver_gold_incremental__transform_gold...
[2026-07-16T02:16:46.062+0000] {cache.py:383} INFO - Cosmos performance: time to calculate cache identifier cosmos_cache__dbt_silver_gold_incremental__transform_gold for current version: 2.6471831799999563
[2026-07-16T02:16:46.063+0000] {graph.py:886} INFO - Cosmos performance [61ab07fddcad|1509]: The cache size for cosmos_cache__dbt_silver_gold_incremental__transform_gold is 35986
[2026-07-16T02:16:46.066+0000] {graph.py:898} INFO - Cosmos performance: Cache hit for cosmos_cache__dbt_silver_gold_incremental__transform_gold - c3230d7486035f207ce7627fcc271b82,304321e940a9403dceb380589bd0566f
[2026-07-16T02:16:46.067+0000] {graph.py:799} INFO - Total nodes: 39
[2026-07-16T02:16:46.068+0000] {graph.py:800} INFO - Total filtered nodes: 39
[2026-07-16T02:16:46.069+0000] {converter.py:361} INFO - Cosmos performance (dbt_silver_gold_incremental__transform_gold) - [61ab07fddcad|1509]: It took 2.66s to parse the dbt project for DAG using dbt_ls_cache
[2026-07-16T02:16:46.108+0000] {converter.py:413} INFO - Cosmos performance (dbt_silver_gold_incremental__transform_gold) - [61ab07fddcad|1509]: It took 0.0384s to build the Airflow DAG.
[2026-07-16T02:16:46.109+0000] {converter.py:420} INFO - ::endgroup::Cosmos DAG parsing logs
[2026-07-16T02:16:46.111+0000] {converter.py:314} INFO - ::group::Cosmos DAG parsing logs
[2026-07-16T02:16:46.114+0000] {graph.py:869} INFO - Trying to parse the dbt project using dbt ls cache cosmos_cache__dbt_silver_gold_full_load__transform_silver...
[2026-07-16T02:16:48.714+0000] {cache.py:383} INFO - Cosmos performance: time to calculate cache identifier cosmos_cache__dbt_silver_gold_full_load__transform_silver for current version: 2.5904407799998808
[2026-07-16T02:16:48.715+0000] {graph.py:886} INFO - Cosmos performance [61ab07fddcad|1509]: The cache size for cosmos_cache__dbt_silver_gold_full_load__transform_silver is 5960
[2026-07-16T02:16:48.716+0000] {graph.py:898} INFO - Cosmos performance: Cache hit for cosmos_cache__dbt_silver_gold_full_load__transform_silver - c3230d7486035f207ce7627fcc271b82,5e34606eb5f2b3dea81a8e19fa3ba138
[2026-07-16T02:16:48.717+0000] {graph.py:799} INFO - Total nodes: 7
[2026-07-16T02:16:48.718+0000] {graph.py:800} INFO - Total filtered nodes: 7
[2026-07-16T02:16:48.719+0000] {converter.py:361} INFO - Cosmos performance (dbt_silver_gold_full_load__transform_silver) - [61ab07fddcad|1509]: It took 2.61s to parse the dbt project for DAG using dbt_ls_cache
[2026-07-16T02:16:48.729+0000] {converter.py:413} INFO - Cosmos performance (dbt_silver_gold_full_load__transform_silver) - [61ab07fddcad|1509]: It took 0.00972s to build the Airflow DAG.
[2026-07-16T02:16:48.730+0000] {converter.py:420} INFO - ::endgroup::Cosmos DAG parsing logs
[2026-07-16T02:16:48.731+0000] {converter.py:314} INFO - ::group::Cosmos DAG parsing logs
[2026-07-16T02:16:48.734+0000] {graph.py:869} INFO - Trying to parse the dbt project using dbt ls cache cosmos_cache__dbt_silver_gold_full_load__transform_gold...
[2026-07-16T02:16:51.127+0000] {cache.py:383} INFO - Cosmos performance: time to calculate cache identifier cosmos_cache__dbt_silver_gold_full_load__transform_gold for current version: 2.38331355299988
[2026-07-16T02:16:51.128+0000] {graph.py:886} INFO - Cosmos performance [61ab07fddcad|1509]: The cache size for cosmos_cache__dbt_silver_gold_full_load__transform_gold is 35986
[2026-07-16T02:16:51.129+0000] {graph.py:898} INFO - Cosmos performance: Cache hit for cosmos_cache__dbt_silver_gold_full_load__transform_gold - c3230d7486035f207ce7627fcc271b82,304321e940a9403dceb380589bd0566f
[2026-07-16T02:16:51.131+0000] {graph.py:799} INFO - Total nodes: 39
[2026-07-16T02:16:51.132+0000] {graph.py:800} INFO - Total filtered nodes: 39
[2026-07-16T02:16:51.133+0000] {converter.py:361} INFO - Cosmos performance (dbt_silver_gold_full_load__transform_gold) - [61ab07fddcad|1509]: It took 2.4s to parse the dbt project for DAG using dbt_ls_cache
[2026-07-16T02:16:51.166+0000] {converter.py:413} INFO - Cosmos performance (dbt_silver_gold_full_load__transform_gold) - [61ab07fddcad|1509]: It took 0.0336s to build the Airflow DAG.
[2026-07-16T02:16:51.167+0000] {converter.py:420} INFO - ::endgroup::Cosmos DAG parsing logs
[2026-07-16T02:16:52.070+0000] {logging_mixin.py:190} INFO - 02:16:52  Installing dbt-labs/dbt_utils
[2026-07-16T02:16:52.715+0000] {logging_mixin.py:190} INFO - 02:16:52  Installed from version 1.3.0
[2026-07-16T02:16:52.718+0000] {logging_mixin.py:190} INFO - 02:16:52  Updated version available: 1.4.1
[2026-07-16T02:16:52.721+0000] {logging_mixin.py:190} INFO - 02:16:52  Installing metaplane/dbt_expectations
[2026-07-16T02:16:53.676+0000] {logging_mixin.py:190} INFO - 02:16:53  Installed from version 0.10.8
[2026-07-16T02:16:53.679+0000] {logging_mixin.py:190} INFO - 02:16:53  Updated version available: 0.10.10
[2026-07-16T02:16:53.681+0000] {logging_mixin.py:190} INFO - 02:16:53  Installing godatadriven/dbt_date
[2026-07-16T02:16:54.236+0000] {logging_mixin.py:190} INFO - 02:16:54  Installed from version 0.15.0
[2026-07-16T02:16:54.239+0000] {logging_mixin.py:190} INFO - 02:16:54  Up to date!
[2026-07-16T02:16:54.242+0000] {logging_mixin.py:190} INFO - 02:16:54
[2026-07-16T02:16:54.244+0000] {logging_mixin.py:190} INFO - 02:16:54  Updates available for packages: ['dbt-labs/dbt_utils', 'metaplane/dbt_expectations']                 
Update your versions in packages.yml, then run dbt deps
[2026-07-16T02:16:55.547+0000] {runner.py:95} INFO - Trying to run dbtRunner with:
 ['run', '--select', 'fqn:consumer_complaints_transformation.staging.stg__consumer_complaints', '--project-dir', '/tmp/tmp91ie7ocf', '--profiles-dir', '/opt/airflow/dbt_transform', '--profile', 'lakehouse_dbt', '--target', 'dev', '--no-static-parser']
 in /tmp/tmp91ie7ocf
[2026-07-16T02:16:55.576+0000] {logging_mixin.py:190} INFO - 02:16:55  Running with dbt=1.8.8
[2026-07-16T02:16:55.601+0000] {auth.py:343} INFO - keyring module not found. OAuth2 token will not be stored in keyring.
[2026-07-16T02:16:55.604+0000] {auth.py:343} INFO - keyring module not found. OAuth2 token will not be stored in keyring.
[2026-07-16T02:16:55.704+0000] {logging_mixin.py:190} INFO - 02:16:55  Registered adapter: trino=1.8.5
[2026-07-16T02:16:56.426+0000] {logging_mixin.py:190} INFO - 02:16:56  Found 8 models, 40 data tests, 1 source, 9 metrics, 838 macros, 5 semantic models
[2026-07-16T02:16:56.429+0000] {logging_mixin.py:190} INFO - 02:16:56
[2026-07-16T02:16:56.455+0000] {logging_mixin.py:190} INFO - 02:16:56  [WARNING]: SSL certificate validation is disabled by default. It is legacy behavior which will be changed in future releases. It is strongly advised to enable `require_certificate_validation` flag or explicitly set `cert` configuration to `True` for security reasons. You may receive an error after that if your SSL setup is incorrect.
You may opt into the new behavior sooner by setting `flags.require_certificate_validation` to `True` in `dbt_project.yml`.
Visit https://docs.getdbt.com/reference/global-configs/behavior-changes for more information.
[2026-07-16T02:16:56.471+0000] {logging_mixin.py:190} INFO - 02:16:56
[2026-07-16T02:16:56.473+0000] {logging_mixin.py:190} INFO - 02:16:56  Finished running  in 0 hours 0 minutes and 0.04 seconds (0.04s).
[2026-07-16T02:16:56.475+0000] {logging_mixin.py:190} INFO - 02:16:56  Encountered an error:
Database Error
  TrinoUserError(type=USER_ERROR, name=INVALID_SESSION_PROPERTY, message="Session property 'nessie_reference_name' does not exist", query_id=20260716_021656_00011_6trdu)
[2026-07-16T02:16:57.572+0000] {local.py:196} WARNING - Artifact schema version: https://schemas.getdbt.com/dbt/manifest/v12.json is above dbt-ol supported version 7. This might cause errors.
[2026-07-16T02:16:57.576+0000] {local.py:594} INFO - Inlets: []
[2026-07-16T02:16:57.578+0000] {local.py:595} INFO - Outlets: []
[2026-07-16T02:16:57.579+0000] {local.py:886} INFO - Assigning inlets/outlets with DatasetAlias in Airflow 2
[2026-07-16T02:16:57.603+0000] {taskinstance.py:3310} ERROR - Task failed with exception
Traceback (most recent call last):
  File "/home/airflow/.local/lib/python3.10/site-packages/airflow/models/taskinstance.py", line 767, in _execute_task
    result = _execute_callable(context=context, **execute_callable_kwargs)
  File "/home/airflow/.local/lib/python3.10/site-packages/airflow/models/taskinstance.py", line 733, in _execute_callable
    return ExecutionCallableRunner(
  File "/home/airflow/.local/lib/python3.10/site-packages/airflow/utils/operator_helpers.py", line 252, in run
    return self.func(*args, **kwargs)
  File "/home/airflow/.local/lib/python3.10/site-packages/cosmos/operators/base.py", line 346, in execute
    self.build_and_run_cmd(context=context, cmd_flags=self.add_cmd_flags(), **kwargs)
  File "/home/airflow/.local/lib/python3.10/site-packages/cosmos/operators/local.py", line 968, in build_and_run_cmd
    result = self.run_command(
  File "/home/airflow/.local/lib/python3.10/site-packages/cosmos/operators/local.py", line 743, in run_command
    self.handle_exception(result)
  File "/home/airflow/.local/lib/python3.10/site-packages/cosmos/operators/local.py", line 308, in handle_exception_dbt_runner
    return dbt_runner.handle_exception_if_needed(result)
  File "/home/airflow/.local/lib/python3.10/site-packages/cosmos/dbt/runner.py", line 152, in handle_exception_if_needed
    raise CosmosDbtRunError(f"dbt invocation did not complete with unhandled error: {result.exception}")
cosmos.exceptions.CosmosDbtRunError: dbt invocation did not complete with unhandled error: Database Error
  TrinoUserError(type=USER_ERROR, name=INVALID_SESSION_PROPERTY, message="Session property 'nessie_reference_name' does not exist", query_id=20260716_021656_00011_6trdu)
[2026-07-16T02:16:58.494+0000] {_client.py:1026} INFO - HTTP Request: GET https://astronomer.gateway.scarf.sh/astronomer-cosmos/v3/task_instance?cosmos_version=1.15.0&airflow_version=2.10.2&python_version=3.10.15&platform_system=Linux&platform_machine=x86_64&status=failed&operator_name=DbtRunLocalOperator&is_cosmos_operator_subclass=False&invocation_mode=dbt_runner&execution_mode=local&profile_strategy=yaml_file&profile_mapping_class=None&database=trino&is_mapped_task=False&dbt_command=run&install_deps=True&has_callback=False&duration=17.756456 "HTTP/1.1 200 OK"
[2026-07-16T02:16:58.496+0000] {taskinstance.py:1225} INFO - Marking task as FAILED. dag_id=wap_consumer_complaints_pipeline, task_id=dbt_transform.stg__consumer_complaints.run, run_id=scheduled__2026-07-15T00:00:00+00:00, execution_date=20260715T000000, start_date=20260716T021639, end_date=20260716T021657
[2026-07-16T02:16:58.510+0000] {taskinstance.py:340} INFO - ::group::Post task execution logs
[2026-07-16T02:16:58.512+0000] {standard_task_runner.py:124} ERROR - Failed to execute job 12 for task dbt_transform.stg__consumer_complaints.run (dbt invocation did not complete with unhandled error: Database Error
  TrinoUserError(type=USER_ERROR, name=INVALID_SESSION_PROPERTY, message="Session property 'nessie_reference_name' does not exist", query_id=20260716_021656_00011_6trdu); 1509)
Traceback (most recent call last):
  File "/home/airflow/.local/lib/python3.10/site-packages/airflow/task/task_runner/standard_task_runner.py", line 117, in _start_by_fork
    ret = args.func(args, dag=self.dag)
  File "/home/airflow/.local/lib/python3.10/site-packages/airflow/cli/cli_config.py", line 49, in command
    return func(*args, **kwargs)
  File "/home/airflow/.local/lib/python3.10/site-packages/airflow/utils/cli.py", line 115, in wrapper
    return f(*args, **kwargs)
  File "/home/airflow/.local/lib/python3.10/site-packages/airflow/cli/commands/task_command.py", line 483, in task_run
    task_return_code = _run_task_by_selected_method(args, _dag, ti)
  File "/home/airflow/.local/lib/python3.10/site-packages/airflow/cli/commands/task_command.py", line 256, in _run_task_by_selected_method
    return _run_raw_task(args, ti)
  File "/home/airflow/.local/lib/python3.10/site-packages/airflow/cli/commands/task_command.py", line 341, in _run_raw_task
    return ti._run_raw_task(
  File "/home/airflow/.local/lib/python3.10/site-packages/airflow/utils/session.py", line 97, in wrapper
    return func(*args, session=session, **kwargs)
  File "/home/airflow/.local/lib/python3.10/site-packages/airflow/models/taskinstance.py", line 3004, in _run_raw_task
    return _run_raw_task(
  File "/home/airflow/.local/lib/python3.10/site-packages/airflow/models/taskinstance.py", line 273, in _run_raw_task
    TaskInstance._execute_task_with_callbacks(
  File "/home/airflow/.local/lib/python3.10/site-packages/airflow/models/taskinstance.py", line 3158, in _execute_task_with_callbacks
    result = self._execute_task(context, task_orig)
  File "/home/airflow/.local/lib/python3.10/site-packages/airflow/models/taskinstance.py", line 3182, in _execute_task
    return _execute_task(self, context, task_orig)
  File "/home/airflow/.local/lib/python3.10/site-packages/airflow/models/taskinstance.py", line 767, in _execute_task
    result = _execute_callable(context=context, **execute_callable_kwargs)
  File "/home/airflow/.local/lib/python3.10/site-packages/airflow/models/taskinstance.py", line 733, in _execute_callable
    return ExecutionCallableRunner(
  File "/home/airflow/.local/lib/python3.10/site-packages/airflow/utils/operator_helpers.py", line 252, in run
    return self.func(*args, **kwargs)
  File "/home/airflow/.local/lib/python3.10/site-packages/cosmos/operators/base.py", line 346, in execute
    self.build_and_run_cmd(context=context, cmd_flags=self.add_cmd_flags(), **kwargs)
  File "/home/airflow/.local/lib/python3.10/site-packages/cosmos/operators/local.py", line 968, in build_and_run_cmd
    result = self.run_command(
  File "/home/airflow/.local/lib/python3.10/site-packages/cosmos/operators/local.py", line 743, in run_command
    self.handle_exception(result)
  File "/home/airflow/.local/lib/python3.10/site-packages/cosmos/operators/local.py", line 308, in handle_exception_dbt_runner
    return dbt_runner.handle_exception_if_needed(result)
  File "/home/airflow/.local/lib/python3.10/site-packages/cosmos/dbt/runner.py", line 152, in handle_exception_if_needed
    raise CosmosDbtRunError(f"dbt invocation did not complete with unhandled error: {result.exception}")
cosmos.exceptions.CosmosDbtRunError: dbt invocation did not complete with unhandled error: Database Error
  TrinoUserError(type=USER_ERROR, name=INVALID_SESSION_PROPERTY, message="Session property 'nessie_reference_name' does not exist", query_id=20260716_021656_00011_6trdu)
[2026-07-16T02:16:58.557+0000] {local_task_job_runner.py:266} INFO - Task exited with return code 1
[2026-07-16T02:16:58.593+0000] {taskinstance.py:3900} INFO - 0 downstream tasks scheduled from follow-on schedule check
[2026-07-16T02:16:58.600+0000] {local_task_job_runner.py:245} INFO - ::endgroup::
[2026-07-16T04:24:23.887+0000] {local_task_job_runner.py:123} INFO - ::group::Pre task execution logs
[2026-07-16T04:24:23.906+0000] {taskinstance.py:2612} INFO - Dependencies all met for dep_context=non-requeueable deps ti=<TaskInstance: wap_consumer_complaints_pipeline.dbt_transform.stg__consumer_complaints.run scheduled__2026-07-15T00:00:00+00:00 [queued]>
[2026-07-16T04:24:23.914+0000] {taskinstance.py:2612} INFO - Dependencies all met for dep_context=requeueable deps ti=<TaskInstance: wap_consumer_complaints_pipeline.dbt_transform.stg__consumer_complaints.run scheduled__2026-07-15T00:00:00+00:00 [queued]>
[2026-07-16T04:24:23.915+0000] {taskinstance.py:2865} INFO - Starting attempt 2 of 3
[2026-07-16T04:24:23.925+0000] {taskinstance.py:2888} INFO - Executing <Task(DbtRunLocalOperator): dbt_transform.stg__consumer_complaints.run> on 2026-07-15 00:00:00+00:00
[2026-07-16T04:24:23.931+0000] {standard_task_runner.py:72} INFO - Started process 1635 to run task
[2026-07-16T04:24:23.934+0000] {standard_task_runner.py:104} INFO - Running: ['airflow', 'tasks', 'run', 'wap_consumer_complaints_pipeline', 'dbt_transform.stg__consumer_complaints.run', 'scheduled__2026-07-15T00:00:00+00:00', '--job-id', '15', '--raw', '--subdir', 'DAGS_FOLDER/wap_consumer_complaints_pipeline.py', '--cfg-path', '/tmp/tmpv2o2vjjt']
[2026-07-16T04:24:23.935+0000] {standard_task_runner.py:105} INFO - Job 15: Subtask dbt_transform.stg__consumer_complaints.run
[2026-07-16T04:24:24.019+0000] {task_command.py:467} INFO - Running <TaskInstance: wap_consumer_complaints_pipeline.dbt_transform.stg__consumer_complaints.run scheduled__2026-07-15T00:00:00+00:00 [running]> on host 32badddb9ea4
[2026-07-16T04:24:24.136+0000] {taskinstance.py:3131} INFO - Exporting env vars: AIRFLOW_CTX_DAG_OWNER='data_engineer' AIRFLOW_CTX_DAG_ID='wap_consumer_complaints_pipeline' AIRFLOW_CTX_TASK_ID='dbt_transform.stg__consumer_complaints.run' AIRFLOW_CTX_EXECUTION_DATE='2026-07-15T00:00:00+00:00' AIRFLOW_CTX_TRY_NUMBER='2' AIRFLOW_CTX_DAG_RUN_ID='scheduled__2026-07-15T00:00:00+00:00'
[2026-07-16T04:24:24.138+0000] {taskinstance.py:731} INFO - ::endgroup::
[2026-07-16T04:24:25.152+0000] {local.py:294} INFO - dbtRunner is available. Using dbtRunner for invoking dbt.
[2026-07-16T04:24:25.154+0000] {local.py:518} INFO - Cloning project to writable temp directory /tmp/tmp8t5begfq from /opt/airflow/dbt_transform
[2026-07-16T04:24:25.164+0000] {local.py:538} INFO - Partial parse is enabled and the latest partial parse file is /tmp/cosmos/wap_consumer_complaints_pipeline__dbt_transform/target/partial_parse.msgpack
[2026-07-16T04:24:25.175+0000] {config.py:395} INFO - Using user-supplied profiles.yml at /opt/airflow/dbt_transform/profiles.yml
[2026-07-16T04:24:25.186+0000] {runner.py:95} INFO - Trying to run dbtRunner with:
 ['deps', '--project-dir', '/tmp/tmp8t5begfq', '--profiles-dir', '/opt/airflow/dbt_transform', '--profile', 'lakehouse_dbt', '--target', 'dev', '--no-static-parser']
 in /tmp/tmp8t5begfq
[2026-07-16T04:24:25.261+0000] {logging_mixin.py:190} INFO - 04:24:25  Running with dbt=1.8.8
[2026-07-16T04:24:25.389+0000] {converter.py:314} INFO - ::group::Cosmos DAG parsing logs
[2026-07-16T04:24:25.392+0000] {graph.py:869} INFO - Trying to parse the dbt project using dbt ls cache cosmos_cache__dbt_silver_gold_incremental__transform_silver...
[2026-07-16T04:24:27.775+0000] {cache.py:383} INFO - Cosmos performance: time to calculate cache identifier cosmos_cache__dbt_silver_gold_incremental__transform_silver for current version: 2.3695485839998582
[2026-07-16T04:24:27.777+0000] {graph.py:886} INFO - Cosmos performance [32badddb9ea4|1635]: The cache size for cosmos_cache__dbt_silver_gold_incremental__transform_silver is 5960
[2026-07-16T04:24:27.778+0000] {graph.py:898} INFO - Cosmos performance: Cache hit for cosmos_cache__dbt_silver_gold_incremental__transform_silver - 8aea1eae7275c1b09b3e4fffe8c83955,5e34606eb5f2b3dea81a8e19fa3ba138
[2026-07-16T04:24:27.779+0000] {graph.py:799} INFO - Total nodes: 7
[2026-07-16T04:24:27.781+0000] {graph.py:800} INFO - Total filtered nodes: 7
[2026-07-16T04:24:27.782+0000] {converter.py:361} INFO - Cosmos performance (dbt_silver_gold_incremental__transform_silver) - [32badddb9ea4|1635]: It took 2.39s to parse the dbt project for DAG using dbt_ls_cache
[2026-07-16T04:24:27.791+0000] {converter.py:413} INFO - Cosmos performance (dbt_silver_gold_incremental__transform_silver) - [32badddb9ea4|1635]: It took 0.00938s to build the Airflow DAG.
[2026-07-16T04:24:27.792+0000] {converter.py:420} INFO - ::endgroup::Cosmos DAG parsing logs
[2026-07-16T04:24:27.794+0000] {converter.py:314} INFO - ::group::Cosmos DAG parsing logs
[2026-07-16T04:24:27.798+0000] {graph.py:869} INFO - Trying to parse the dbt project using dbt ls cache cosmos_cache__dbt_silver_gold_incremental__transform_gold...
[2026-07-16T04:24:30.298+0000] {cache.py:383} INFO - Cosmos performance: time to calculate cache identifier cosmos_cache__dbt_silver_gold_incremental__transform_gold for current version: 2.4894498209996527
[2026-07-16T04:24:30.299+0000] {graph.py:886} INFO - Cosmos performance [32badddb9ea4|1635]: The cache size for cosmos_cache__dbt_silver_gold_incremental__transform_gold is 35986
[2026-07-16T04:24:30.301+0000] {graph.py:898} INFO - Cosmos performance: Cache hit for cosmos_cache__dbt_silver_gold_incremental__transform_gold - 8aea1eae7275c1b09b3e4fffe8c83955,304321e940a9403dceb380589bd0566f
[2026-07-16T04:24:30.302+0000] {graph.py:799} INFO - Total nodes: 39
[2026-07-16T04:24:30.303+0000] {graph.py:800} INFO - Total filtered nodes: 39
[2026-07-16T04:24:30.304+0000] {converter.py:361} INFO - Cosmos performance (dbt_silver_gold_incremental__transform_gold) - [32badddb9ea4|1635]: It took 2.51s to parse the dbt project for DAG using dbt_ls_cache
[2026-07-16T04:24:30.339+0000] {converter.py:413} INFO - Cosmos performance (dbt_silver_gold_incremental__transform_gold) - [32badddb9ea4|1635]: It took 0.0357s to build the Airflow DAG.
[2026-07-16T04:24:30.340+0000] {converter.py:420} INFO - ::endgroup::Cosmos DAG parsing logs
[2026-07-16T04:24:30.342+0000] {converter.py:314} INFO - ::group::Cosmos DAG parsing logs
[2026-07-16T04:24:30.346+0000] {graph.py:869} INFO - Trying to parse the dbt project using dbt ls cache cosmos_cache__dbt_silver_gold_full_load__transform_silver...
[2026-07-16T04:24:32.840+0000] {cache.py:383} INFO - Cosmos performance: time to calculate cache identifier cosmos_cache__dbt_silver_gold_full_load__transform_silver for current version: 2.4839920829999755
[2026-07-16T04:24:32.841+0000] {graph.py:886} INFO - Cosmos performance [32badddb9ea4|1635]: The cache size for cosmos_cache__dbt_silver_gold_full_load__transform_silver is 5960
[2026-07-16T04:24:32.842+0000] {graph.py:898} INFO - Cosmos performance: Cache hit for cosmos_cache__dbt_silver_gold_full_load__transform_silver - 8aea1eae7275c1b09b3e4fffe8c83955,5e34606eb5f2b3dea81a8e19fa3ba138
[2026-07-16T04:24:32.844+0000] {graph.py:799} INFO - Total nodes: 7
[2026-07-16T04:24:32.845+0000] {graph.py:800} INFO - Total filtered nodes: 7
[2026-07-16T04:24:32.846+0000] {converter.py:361} INFO - Cosmos performance (dbt_silver_gold_full_load__transform_silver) - [32badddb9ea4|1635]: It took 2.5s to parse the dbt project for DAG using dbt_ls_cache
[2026-07-16T04:24:32.856+0000] {converter.py:413} INFO - Cosmos performance (dbt_silver_gold_full_load__transform_silver) - [32badddb9ea4|1635]: It took 0.0105s to build the Airflow DAG.
[2026-07-16T04:24:32.858+0000] {converter.py:420} INFO - ::endgroup::Cosmos DAG parsing logs
[2026-07-16T04:24:32.859+0000] {converter.py:314} INFO - ::group::Cosmos DAG parsing logs
[2026-07-16T04:24:32.862+0000] {graph.py:869} INFO - Trying to parse the dbt project using dbt ls cache cosmos_cache__dbt_silver_gold_full_load__transform_gold...
[2026-07-16T04:24:35.356+0000] {cache.py:383} INFO - Cosmos performance: time to calculate cache identifier cosmos_cache__dbt_silver_gold_full_load__transform_gold for current version: 2.484231593000004
[2026-07-16T04:24:35.357+0000] {graph.py:886} INFO - Cosmos performance [32badddb9ea4|1635]: The cache size for cosmos_cache__dbt_silver_gold_full_load__transform_gold is 35986
[2026-07-16T04:24:35.358+0000] {graph.py:898} INFO - Cosmos performance: Cache hit for cosmos_cache__dbt_silver_gold_full_load__transform_gold - 8aea1eae7275c1b09b3e4fffe8c83955,304321e940a9403dceb380589bd0566f
[2026-07-16T04:24:35.359+0000] {graph.py:799} INFO - Total nodes: 39
[2026-07-16T04:24:35.360+0000] {graph.py:800} INFO - Total filtered nodes: 39
[2026-07-16T04:24:35.361+0000] {converter.py:361} INFO - Cosmos performance (dbt_silver_gold_full_load__transform_gold) - [32badddb9ea4|1635]: It took 2.5s to parse the dbt project for DAG using dbt_ls_cache
[2026-07-16T04:24:35.386+0000] {converter.py:413} INFO - Cosmos performance (dbt_silver_gold_full_load__transform_gold) - [32badddb9ea4|1635]: It took 0.0254s to build the Airflow DAG.
[2026-07-16T04:24:35.388+0000] {converter.py:420} INFO - ::endgroup::Cosmos DAG parsing logs
[2026-07-16T04:24:36.115+0000] {logging_mixin.py:190} INFO - 04:24:36  Installing dbt-labs/dbt_utils
[2026-07-16T04:24:36.755+0000] {logging_mixin.py:190} INFO - 04:24:36  Installed from version 1.3.0
[2026-07-16T04:24:36.757+0000] {logging_mixin.py:190} INFO - 04:24:36  Updated version available: 1.4.1
[2026-07-16T04:24:36.759+0000] {logging_mixin.py:190} INFO - 04:24:36  Installing metaplane/dbt_expectations
[2026-07-16T04:24:37.662+0000] {logging_mixin.py:190} INFO - 04:24:37  Installed from version 0.10.8
[2026-07-16T04:24:37.663+0000] {logging_mixin.py:190} INFO - 04:24:37  Updated version available: 0.10.10
[2026-07-16T04:24:37.665+0000] {logging_mixin.py:190} INFO - 04:24:37  Installing godatadriven/dbt_date
[2026-07-16T04:24:38.198+0000] {logging_mixin.py:190} INFO - 04:24:38  Installed from version 0.15.0
[2026-07-16T04:24:38.200+0000] {logging_mixin.py:190} INFO - 04:24:38  Up to date!
[2026-07-16T04:24:38.202+0000] {logging_mixin.py:190} INFO - 04:24:38
[2026-07-16T04:24:38.204+0000] {logging_mixin.py:190} INFO - 04:24:38  Updates available for packages: ['dbt-labs/dbt_utils', 'metaplane/dbt_expectations']                 
Update your versions in packages.yml, then run dbt deps
[2026-07-16T04:24:40.450+0000] {runner.py:95} INFO - Trying to run dbtRunner with:
 ['run', '--select', 'fqn:consumer_complaints_transformation.staging.stg__consumer_complaints', '--project-dir', '/tmp/tmp8t5begfq', '--profiles-dir', '/opt/airflow/dbt_transform', '--profile', 'lakehouse_dbt', '--target', 'dev', '--no-static-parser']
 in /tmp/tmp8t5begfq
[2026-07-16T04:24:40.484+0000] {logging_mixin.py:190} INFO - 04:24:40  Running with dbt=1.8.8
[2026-07-16T04:24:40.515+0000] {auth.py:343} INFO - keyring module not found. OAuth2 token will not be stored in keyring.
[2026-07-16T04:24:40.519+0000] {auth.py:343} INFO - keyring module not found. OAuth2 token will not be stored in keyring.
[2026-07-16T04:24:40.632+0000] {logging_mixin.py:190} INFO - 04:24:40  Registered adapter: trino=1.8.5
[2026-07-16T04:24:41.432+0000] {logging_mixin.py:190} INFO - 04:24:41  Found 8 models, 40 data tests, 1 source, 9 metrics, 838 macros, 5 semantic models
[2026-07-16T04:24:41.436+0000] {logging_mixin.py:190} INFO - 04:24:41
[2026-07-16T04:24:41.464+0000] {logging_mixin.py:190} INFO - 04:24:41  [WARNING]: SSL certificate validation is disabled by default. It is legacy behavior which will be changed in future releases. It is strongly advised to enable `require_certificate_validation` flag or explicitly set `cert` configuration to `True` for security reasons. You may receive an error after that if your SSL setup is incorrect.
You may opt into the new behavior sooner by setting `flags.require_certificate_validation` to `True` in `dbt_project.yml`.
Visit https://docs.getdbt.com/reference/global-configs/behavior-changes for more information.
[2026-07-16T04:24:41.482+0000] {logging_mixin.py:190} INFO - 04:24:41
[2026-07-16T04:24:41.484+0000] {logging_mixin.py:190} INFO - 04:24:41  Finished running  in 0 hours 0 minutes and 0.04 seconds (0.04s).
[2026-07-16T04:24:41.485+0000] {logging_mixin.py:190} INFO - 04:24:41  Encountered an error:
Database Error
  TrinoUserError(type=USER_ERROR, name=INVALID_SESSION_PROPERTY, message="Session property 'lakehouse.nessie_reference_name' does not exist", query_id=20260716_042441_00009_3fb7r)
[2026-07-16T04:24:42.607+0000] {local.py:196} WARNING - Artifact schema version: https://schemas.getdbt.com/dbt/manifest/v12.json is above dbt-ol supported version 7. This might cause errors.
[2026-07-16T04:24:42.610+0000] {local.py:594} INFO - Inlets: []
[2026-07-16T04:24:42.611+0000] {local.py:595} INFO - Outlets: []
[2026-07-16T04:24:42.613+0000] {local.py:886} INFO - Assigning inlets/outlets with DatasetAlias in Airflow 2
[2026-07-16T04:24:42.638+0000] {taskinstance.py:3310} ERROR - Task failed with exception
Traceback (most recent call last):
  File "/home/airflow/.local/lib/python3.10/site-packages/airflow/models/taskinstance.py", line 767, in _execute_task
    result = _execute_callable(context=context, **execute_callable_kwargs)
  File "/home/airflow/.local/lib/python3.10/site-packages/airflow/models/taskinstance.py", line 733, in _execute_callable
    return ExecutionCallableRunner(
  File "/home/airflow/.local/lib/python3.10/site-packages/airflow/utils/operator_helpers.py", line 252, in run
    return self.func(*args, **kwargs)
  File "/home/airflow/.local/lib/python3.10/site-packages/cosmos/operators/base.py", line 346, in execute
    self.build_and_run_cmd(context=context, cmd_flags=self.add_cmd_flags(), **kwargs)
  File "/home/airflow/.local/lib/python3.10/site-packages/cosmos/operators/local.py", line 968, in build_and_run_cmd
    result = self.run_command(
  File "/home/airflow/.local/lib/python3.10/site-packages/cosmos/operators/local.py", line 743, in run_command
    self.handle_exception(result)
  File "/home/airflow/.local/lib/python3.10/site-packages/cosmos/operators/local.py", line 308, in handle_exception_dbt_runner
    return dbt_runner.handle_exception_if_needed(result)
  File "/home/airflow/.local/lib/python3.10/site-packages/cosmos/dbt/runner.py", line 152, in handle_exception_if_needed
    raise CosmosDbtRunError(f"dbt invocation did not complete with unhandled error: {result.exception}")
cosmos.exceptions.CosmosDbtRunError: dbt invocation did not complete with unhandled error: Database Error
  TrinoUserError(type=USER_ERROR, name=INVALID_SESSION_PROPERTY, message="Session property 'lakehouse.nessie_reference_name' does not exist", query_id=20260716_042441_00009_3fb7r)
[2026-07-16T04:24:43.548+0000] {_client.py:1026} INFO - HTTP Request: GET https://astronomer.gateway.scarf.sh/astronomer-cosmos/v3/task_instance?cosmos_version=1.15.0&airflow_version=2.10.2&python_version=3.10.15&platform_system=Linux&platform_machine=x86_64&status=failed&operator_name=DbtRunLocalOperator&is_cosmos_operator_subclass=False&invocation_mode=dbt_runner&execution_mode=local&profile_strategy=yaml_file&profile_mapping_class=None&database=trino&is_mapped_task=False&dbt_command=run&install_deps=True&has_callback=False&duration=18.745267 "HTTP/1.1 200 OK"
[2026-07-16T04:24:43.551+0000] {taskinstance.py:1225} INFO - Marking task as UP_FOR_RETRY. dag_id=wap_consumer_complaints_pipeline, task_id=dbt_transform.stg__consumer_complaints.run, run_id=scheduled__2026-07-15T00:00:00+00:00, execution_date=20260715T000000, start_date=20260716T042423, end_date=20260716T042442
[2026-07-16T04:24:43.568+0000] {taskinstance.py:340} INFO - ::group::Post task execution logs
[2026-07-16T04:24:43.570+0000] {standard_task_runner.py:124} ERROR - Failed to execute job 15 for task dbt_transform.stg__consumer_complaints.run (dbt invocation did not complete with unhandled error: Database Error
  TrinoUserError(type=USER_ERROR, name=INVALID_SESSION_PROPERTY, message="Session property 'lakehouse.nessie_reference_name' does not exist", query_id=20260716_042441_00009_3fb7r); 1635)
Traceback (most recent call last):
  File "/home/airflow/.local/lib/python3.10/site-packages/airflow/task/task_runner/standard_task_runner.py", line 117, in _start_by_fork
    ret = args.func(args, dag=self.dag)
  File "/home/airflow/.local/lib/python3.10/site-packages/airflow/cli/cli_config.py", line 49, in command
    return func(*args, **kwargs)
  File "/home/airflow/.local/lib/python3.10/site-packages/airflow/utils/cli.py", line 115, in wrapper
    return f(*args, **kwargs)
  File "/home/airflow/.local/lib/python3.10/site-packages/airflow/cli/commands/task_command.py", line 483, in task_run
    task_return_code = _run_task_by_selected_method(args, _dag, ti)
  File "/home/airflow/.local/lib/python3.10/site-packages/airflow/cli/commands/task_command.py", line 256, in _run_task_by_selected_method
    return _run_raw_task(args, ti)
  File "/home/airflow/.local/lib/python3.10/site-packages/airflow/cli/commands/task_command.py", line 341, in _run_raw_task
    return ti._run_raw_task(
  File "/home/airflow/.local/lib/python3.10/site-packages/airflow/utils/session.py", line 97, in wrapper
    return func(*args, session=session, **kwargs)
  File "/home/airflow/.local/lib/python3.10/site-packages/airflow/models/taskinstance.py", line 3004, in _run_raw_task
    return _run_raw_task(
  File "/home/airflow/.local/lib/python3.10/site-packages/airflow/models/taskinstance.py", line 273, in _run_raw_task
    TaskInstance._execute_task_with_callbacks(
  File "/home/airflow/.local/lib/python3.10/site-packages/airflow/models/taskinstance.py", line 3158, in _execute_task_with_callbacks
    result = self._execute_task(context, task_orig)
  File "/home/airflow/.local/lib/python3.10/site-packages/airflow/models/taskinstance.py", line 3182, in _execute_task
    return _execute_task(self, context, task_orig)
  File "/home/airflow/.local/lib/python3.10/site-packages/airflow/models/taskinstance.py", line 767, in _execute_task
    result = _execute_callable(context=context, **execute_callable_kwargs)
  File "/home/airflow/.local/lib/python3.10/site-packages/airflow/models/taskinstance.py", line 733, in _execute_callable
    return ExecutionCallableRunner(
  File "/home/airflow/.local/lib/python3.10/site-packages/airflow/utils/operator_helpers.py", line 252, in run
    return self.func(*args, **kwargs)
  File "/home/airflow/.local/lib/python3.10/site-packages/cosmos/operators/base.py", line 346, in execute
    self.build_and_run_cmd(context=context, cmd_flags=self.add_cmd_flags(), **kwargs)
  File "/home/airflow/.local/lib/python3.10/site-packages/cosmos/operators/local.py", line 968, in build_and_run_cmd
    result = self.run_command(
  File "/home/airflow/.local/lib/python3.10/site-packages/cosmos/operators/local.py", line 743, in run_command
    self.handle_exception(result)
  File "/home/airflow/.local/lib/python3.10/site-packages/cosmos/operators/local.py", line 308, in handle_exception_dbt_runner
    return dbt_runner.handle_exception_if_needed(result)
  File "/home/airflow/.local/lib/python3.10/site-packages/cosmos/dbt/runner.py", line 152, in handle_exception_if_needed
    raise CosmosDbtRunError(f"dbt invocation did not complete with unhandled error: {result.exception}")
cosmos.exceptions.CosmosDbtRunError: dbt invocation did not complete with unhandled error: Database Error
  TrinoUserError(type=USER_ERROR, name=INVALID_SESSION_PROPERTY, message="Session property 'lakehouse.nessie_reference_name' does not exist", query_id=20260716_042441_00009_3fb7r)
[2026-07-16T04:24:43.587+0000] {local_task_job_runner.py:266} INFO - Task exited with return code 1
[2026-07-16T04:24:43.627+0000] {taskinstance.py:3900} INFO - 0 downstream tasks scheduled from follow-on schedule check
[2026-07-16T04:24:43.631+0000] {local_task_job_runner.py:245} INFO - ::endgroup::
[2026-07-16T08:38:52.798+0000] {local_task_job_runner.py:123} INFO - ::group::Pre task execution logs
[2026-07-16T08:38:52.822+0000] {taskinstance.py:2612} INFO - Dependencies all met for dep_context=non-requeueable deps ti=<TaskInstance: wap_consumer_complaints_pipeline.dbt_transform.stg__consumer_complaints.run scheduled__2026-07-15T00:00:00+00:00 [queued]>
[2026-07-16T08:38:52.832+0000] {taskinstance.py:2612} INFO - Dependencies all met for dep_context=requeueable deps ti=<TaskInstance: wap_consumer_complaints_pipeline.dbt_transform.stg__consumer_complaints.run scheduled__2026-07-15T00:00:00+00:00 [queued]>
[2026-07-16T08:38:52.834+0000] {taskinstance.py:2865} INFO - Starting attempt 2 of 2
[2026-07-16T08:38:52.848+0000] {taskinstance.py:2888} INFO - Executing <Task(DbtRunLocalOperator): dbt_transform.stg__consumer_complaints.run> on 2026-07-15 00:00:00+00:00
[2026-07-16T08:38:52.858+0000] {standard_task_runner.py:72} INFO - Started process 1384 to run task
[2026-07-16T08:38:52.862+0000] {standard_task_runner.py:104} INFO - Running: ['airflow', 'tasks', 'run', 'wap_consumer_complaints_pipeline', 'dbt_transform.stg__consumer_complaints.run', 'scheduled__2026-07-15T00:00:00+00:00', '--job-id', '10', '--raw', '--subdir', 'DAGS_FOLDER/wap_consumer_complaints_pipeline.py', '--cfg-path', '/tmp/tmprjnozjy5']
[2026-07-16T08:38:52.865+0000] {standard_task_runner.py:105} INFO - Job 10: Subtask dbt_transform.stg__consumer_complaints.run
[2026-07-16T08:38:52.987+0000] {task_command.py:467} INFO - Running <TaskInstance: wap_consumer_complaints_pipeline.dbt_transform.stg__consumer_complaints.run scheduled__2026-07-15T00:00:00+00:00 [running]> on host 099a2a11ba7b
[2026-07-16T08:38:53.111+0000] {taskinstance.py:3131} INFO - Exporting env vars: AIRFLOW_CTX_DAG_OWNER='data_engineer' AIRFLOW_CTX_DAG_ID='wap_consumer_complaints_pipeline' AIRFLOW_CTX_TASK_ID='dbt_transform.stg__consumer_complaints.run' AIRFLOW_CTX_EXECUTION_DATE='2026-07-15T00:00:00+00:00' AIRFLOW_CTX_TRY_NUMBER='2' AIRFLOW_CTX_DAG_RUN_ID='scheduled__2026-07-15T00:00:00+00:00'
[2026-07-16T08:38:53.113+0000] {taskinstance.py:731} INFO - ::endgroup::
[2026-07-16T08:38:54.123+0000] {local.py:294} INFO - dbtRunner is available. Using dbtRunner for invoking dbt.
[2026-07-16T08:38:54.126+0000] {local.py:518} INFO - Cloning project to writable temp directory /tmp/tmpmxhpnqtk from /opt/airflow/dbt_transform
[2026-07-16T08:38:54.136+0000] {local.py:538} INFO - Partial parse is enabled and the latest partial parse file is /tmp/cosmos/wap_consumer_complaints_pipeline__dbt_transform/target/partial_parse.msgpack
[2026-07-16T08:38:54.147+0000] {config.py:395} INFO - Using user-supplied profiles.yml at /opt/airflow/dbt_transform/profiles.yml
[2026-07-16T08:38:54.160+0000] {runner.py:95} INFO - Trying to run dbtRunner with:
 ['deps', '--project-dir', '/tmp/tmpmxhpnqtk', '--profiles-dir', '/opt/airflow/dbt_transform', '--profile', 'lakehouse_dbt', '--target', 'dev', '--no-static-parser']
 in /tmp/tmpmxhpnqtk
[2026-07-16T08:38:54.237+0000] {logging_mixin.py:190} INFO - 08:38:54  Running with dbt=1.8.8
[2026-07-16T08:38:54.362+0000] {converter.py:314} INFO - ::group::Cosmos DAG parsing logs
[2026-07-16T08:38:54.365+0000] {graph.py:869} INFO - Trying to parse the dbt project using dbt ls cache cosmos_cache__dbt_silver_gold_incremental__transform_silver...
[2026-07-16T08:38:57.270+0000] {cache.py:383} INFO - Cosmos performance: time to calculate cache identifier cosmos_cache__dbt_silver_gold_incremental__transform_silver for current version: 2.892826431000003
[2026-07-16T08:38:57.271+0000] {graph.py:886} INFO - Cosmos performance [099a2a11ba7b|1384]: The cache size for cosmos_cache__dbt_silver_gold_incremental__transform_silver is 5960
[2026-07-16T08:38:57.273+0000] {graph.py:898} INFO - Cosmos performance: Cache hit for cosmos_cache__dbt_silver_gold_incremental__transform_silver - 3acd3c90996895b19a627b350ea9b610,5e34606eb5f2b3dea81a8e19fa3ba138
[2026-07-16T08:38:57.274+0000] {graph.py:799} INFO - Total nodes: 7
[2026-07-16T08:38:57.275+0000] {graph.py:800} INFO - Total filtered nodes: 7
[2026-07-16T08:38:57.276+0000] {converter.py:361} INFO - Cosmos performance (dbt_silver_gold_incremental__transform_silver) - [099a2a11ba7b|1384]: It took 2.91s to parse the dbt project for DAG using dbt_ls_cache
[2026-07-16T08:38:57.287+0000] {converter.py:413} INFO - Cosmos performance (dbt_silver_gold_incremental__transform_silver) - [099a2a11ba7b|1384]: It took 0.011s to build the Airflow DAG.
[2026-07-16T08:38:57.288+0000] {converter.py:420} INFO - ::endgroup::Cosmos DAG parsing logs
[2026-07-16T08:38:57.289+0000] {converter.py:314} INFO - ::group::Cosmos DAG parsing logs
[2026-07-16T08:38:57.292+0000] {graph.py:869} INFO - Trying to parse the dbt project using dbt ls cache cosmos_cache__dbt_silver_gold_incremental__transform_gold...
[2026-07-16T08:39:00.007+0000] {cache.py:383} INFO - Cosmos performance: time to calculate cache identifier cosmos_cache__dbt_silver_gold_incremental__transform_gold for current version: 2.703960556000027
[2026-07-16T08:39:00.009+0000] {graph.py:886} INFO - Cosmos performance [099a2a11ba7b|1384]: The cache size for cosmos_cache__dbt_silver_gold_incremental__transform_gold is 35986
[2026-07-16T08:39:00.012+0000] {graph.py:898} INFO - Cosmos performance: Cache hit for cosmos_cache__dbt_silver_gold_incremental__transform_gold - 3acd3c90996895b19a627b350ea9b610,304321e940a9403dceb380589bd0566f
[2026-07-16T08:39:00.013+0000] {graph.py:799} INFO - Total nodes: 39
[2026-07-16T08:39:00.015+0000] {graph.py:800} INFO - Total filtered nodes: 39
[2026-07-16T08:39:00.016+0000] {converter.py:361} INFO - Cosmos performance (dbt_silver_gold_incremental__transform_gold) - [099a2a11ba7b|1384]: It took 2.72s to parse the dbt project for DAG using dbt_ls_cache
[2026-07-16T08:39:00.071+0000] {converter.py:413} INFO - Cosmos performance (dbt_silver_gold_incremental__transform_gold) - [099a2a11ba7b|1384]: It took 0.055s to build the Airflow DAG.
[2026-07-16T08:39:00.073+0000] {converter.py:420} INFO - ::endgroup::Cosmos DAG parsing logs
[2026-07-16T08:39:00.075+0000] {converter.py:314} INFO - ::group::Cosmos DAG parsing logs
[2026-07-16T08:39:00.080+0000] {graph.py:869} INFO - Trying to parse the dbt project using dbt ls cache cosmos_cache__dbt_silver_gold_full_load__transform_silver...
[2026-07-16T08:39:03.581+0000] {cache.py:383} INFO - Cosmos performance: time to calculate cache identifier cosmos_cache__dbt_silver_gold_full_load__transform_silver for current version: 3.4870111110000153
[2026-07-16T08:39:03.582+0000] {graph.py:886} INFO - Cosmos performance [099a2a11ba7b|1384]: The cache size for cosmos_cache__dbt_silver_gold_full_load__transform_silver is 5960
[2026-07-16T08:39:03.584+0000] {graph.py:898} INFO - Cosmos performance: Cache hit for cosmos_cache__dbt_silver_gold_full_load__transform_silver - 3acd3c90996895b19a627b350ea9b610,5e34606eb5f2b3dea81a8e19fa3ba138
[2026-07-16T08:39:03.586+0000] {graph.py:799} INFO - Total nodes: 7
[2026-07-16T08:39:03.588+0000] {graph.py:800} INFO - Total filtered nodes: 7
[2026-07-16T08:39:03.590+0000] {converter.py:361} INFO - Cosmos performance (dbt_silver_gold_full_load__transform_silver) - [099a2a11ba7b|1384]: It took 3.51s to parse the dbt project for DAG using dbt_ls_cache
[2026-07-16T08:39:03.602+0000] {converter.py:413} INFO - Cosmos performance (dbt_silver_gold_full_load__transform_silver) - [099a2a11ba7b|1384]: It took 0.0125s to build the Airflow DAG.
[2026-07-16T08:39:03.605+0000] {converter.py:420} INFO - ::endgroup::Cosmos DAG parsing logs
[2026-07-16T08:39:03.607+0000] {converter.py:314} INFO - ::group::Cosmos DAG parsing logs
[2026-07-16T08:39:03.610+0000] {graph.py:869} INFO - Trying to parse the dbt project using dbt ls cache cosmos_cache__dbt_silver_gold_full_load__transform_gold...
[2026-07-16T08:39:06.506+0000] {cache.py:383} INFO - Cosmos performance: time to calculate cache identifier cosmos_cache__dbt_silver_gold_full_load__transform_gold for current version: 2.8831194529999493
[2026-07-16T08:39:06.508+0000] {graph.py:886} INFO - Cosmos performance [099a2a11ba7b|1384]: The cache size for cosmos_cache__dbt_silver_gold_full_load__transform_gold is 35986
[2026-07-16T08:39:06.510+0000] {graph.py:898} INFO - Cosmos performance: Cache hit for cosmos_cache__dbt_silver_gold_full_load__transform_gold - 3acd3c90996895b19a627b350ea9b610,304321e940a9403dceb380589bd0566f
[2026-07-16T08:39:06.511+0000] {graph.py:799} INFO - Total nodes: 39
[2026-07-16T08:39:06.512+0000] {graph.py:800} INFO - Total filtered nodes: 39
[2026-07-16T08:39:06.513+0000] {converter.py:361} INFO - Cosmos performance (dbt_silver_gold_full_load__transform_gold) - [099a2a11ba7b|1384]: It took 2.9s to parse the dbt project for DAG using dbt_ls_cache
[2026-07-16T08:39:06.567+0000] {converter.py:413} INFO - Cosmos performance (dbt_silver_gold_full_load__transform_gold) - [099a2a11ba7b|1384]: It took 0.054s to build the Airflow DAG.
[2026-07-16T08:39:06.570+0000] {converter.py:420} INFO - ::endgroup::Cosmos DAG parsing logs
[2026-07-16T08:39:07.237+0000] {logging_mixin.py:190} INFO - 08:39:07  Installing dbt-labs/dbt_utils
[2026-07-16T08:39:07.902+0000] {logging_mixin.py:190} INFO - 08:39:07  Installed from version 1.3.0
[2026-07-16T08:39:07.905+0000] {logging_mixin.py:190} INFO - 08:39:07  Updated version available: 1.4.1
[2026-07-16T08:39:07.908+0000] {logging_mixin.py:190} INFO - 08:39:07  Installing metaplane/dbt_expectations
[2026-07-16T08:39:08.956+0000] {logging_mixin.py:190} INFO - 08:39:08  Installed from version 0.10.8
[2026-07-16T08:39:08.958+0000] {logging_mixin.py:190} INFO - 08:39:08  Updated version available: 0.10.10
[2026-07-16T08:39:08.963+0000] {logging_mixin.py:190} INFO - 08:39:08  Installing godatadriven/dbt_date
[2026-07-16T08:39:09.524+0000] {logging_mixin.py:190} INFO - 08:39:09  Installed from version 0.15.0
[2026-07-16T08:39:09.526+0000] {logging_mixin.py:190} INFO - 08:39:09  Up to date!
[2026-07-16T08:39:09.530+0000] {logging_mixin.py:190} INFO - 08:39:09
[2026-07-16T08:39:09.533+0000] {logging_mixin.py:190} INFO - 08:39:09  Updates available for packages: ['dbt-labs/dbt_utils', 'metaplane/dbt_expectations']                 
Update your versions in packages.yml, then run dbt deps
[2026-07-16T08:39:11.009+0000] {runner.py:95} INFO - Trying to run dbtRunner with:
 ['run', '--select', 'fqn:consumer_complaints_transformation.staging.stg__consumer_complaints', '--project-dir', '/tmp/tmpmxhpnqtk', '--profiles-dir', '/opt/airflow/dbt_transform', '--profile', 'lakehouse_dbt', '--target', 'dev', '--no-static-parser']
 in /tmp/tmpmxhpnqtk
[2026-07-16T08:39:11.037+0000] {logging_mixin.py:190} INFO - 08:39:11  Running with dbt=1.8.8
[2026-07-16T08:39:11.073+0000] {auth.py:343} INFO - keyring module not found. OAuth2 token will not be stored in keyring.
[2026-07-16T08:39:11.077+0000] {auth.py:343} INFO - keyring module not found. OAuth2 token will not be stored in keyring.
[2026-07-16T08:39:11.215+0000] {logging_mixin.py:190} INFO - 08:39:11  Registered adapter: trino=1.8.5
[2026-07-16T08:39:12.589+0000] {logging_mixin.py:190} INFO - 08:39:12  Found 8 models, 40 data tests, 1 source, 9 metrics, 838 macros, 5 semantic models
[2026-07-16T08:39:12.595+0000] {logging_mixin.py:190} INFO - 08:39:12
[2026-07-16T08:39:12.640+0000] {logging_mixin.py:190} INFO - 08:39:12  [WARNING]: SSL certificate validation is disabled by default. It is legacy behavior which will be changed in future releases. It is strongly advised to enable `require_certificate_validation` flag or explicitly set `cert` configuration to `True` for security reasons. You may receive an error after that if your SSL setup is incorrect.
You may opt into the new behavior sooner by setting `flags.require_certificate_validation` to `True` in `dbt_project.yml`.
Visit https://docs.getdbt.com/reference/global-configs/behavior-changes for more information.
[2026-07-16T08:39:12.684+0000] {logging_mixin.py:190} INFO - 08:39:12
[2026-07-16T08:39:12.687+0000] {logging_mixin.py:190} INFO - 08:39:12  Finished running  in 0 hours 0 minutes and 0.09 seconds (0.09s).
[2026-07-16T08:39:12.690+0000] {logging_mixin.py:190} INFO - 08:39:12  Encountered an error:
Database Error
  TrinoUserError(type=USER_ERROR, name=INVALID_SESSION_PROPERTY, message="Session property 'lakehouse.nessie_reference_name' does not exist", query_id=20260716_083912_00010_ax8kp)
[2026-07-16T08:39:13.824+0000] {local.py:196} WARNING - Artifact schema version: https://schemas.getdbt.com/dbt/manifest/v12.json is above dbt-ol supported version 7. This might cause errors.
[2026-07-16T08:39:13.828+0000] {local.py:594} INFO - Inlets: []
[2026-07-16T08:39:13.831+0000] {local.py:595} INFO - Outlets: []
[2026-07-16T08:39:13.834+0000] {local.py:886} INFO - Assigning inlets/outlets with DatasetAlias in Airflow 2
[2026-07-16T08:39:13.871+0000] {taskinstance.py:3310} ERROR - Task failed with exception
Traceback (most recent call last):
  File "/home/airflow/.local/lib/python3.10/site-packages/airflow/models/taskinstance.py", line 767, in _execute_task
    result = _execute_callable(context=context, **execute_callable_kwargs)
  File "/home/airflow/.local/lib/python3.10/site-packages/airflow/models/taskinstance.py", line 733, in _execute_callable
    return ExecutionCallableRunner(
  File "/home/airflow/.local/lib/python3.10/site-packages/airflow/utils/operator_helpers.py", line 252, in run
    return self.func(*args, **kwargs)
  File "/home/airflow/.local/lib/python3.10/site-packages/cosmos/operators/base.py", line 346, in execute
    self.build_and_run_cmd(context=context, cmd_flags=self.add_cmd_flags(), **kwargs)
  File "/home/airflow/.local/lib/python3.10/site-packages/cosmos/operators/local.py", line 968, in build_and_run_cmd
    result = self.run_command(
  File "/home/airflow/.local/lib/python3.10/site-packages/cosmos/operators/local.py", line 743, in run_command
    self.handle_exception(result)
  File "/home/airflow/.local/lib/python3.10/site-packages/cosmos/operators/local.py", line 308, in handle_exception_dbt_runner
    return dbt_runner.handle_exception_if_needed(result)
  File "/home/airflow/.local/lib/python3.10/site-packages/cosmos/dbt/runner.py", line 152, in handle_exception_if_needed
    raise CosmosDbtRunError(f"dbt invocation did not complete with unhandled error: {result.exception}")
cosmos.exceptions.CosmosDbtRunError: dbt invocation did not complete with unhandled error: Database Error
  TrinoUserError(type=USER_ERROR, name=INVALID_SESSION_PROPERTY, message="Session property 'lakehouse.nessie_reference_name' does not exist", query_id=20260716_083912_00010_ax8kp)
[2026-07-16T08:39:14.772+0000] {_client.py:1026} INFO - HTTP Request: GET https://astronomer.gateway.scarf.sh/astronomer-cosmos/v3/task_instance?cosmos_version=1.15.0&airflow_version=2.10.2&python_version=3.10.15&platform_system=Linux&platform_machine=x86_64&status=failed&operator_name=DbtRunLocalOperator&is_cosmos_operator_subclass=False&invocation_mode=dbt_runner&execution_mode=local&profile_strategy=yaml_file&profile_mapping_class=None&database=trino&is_mapped_task=False&dbt_command=run&install_deps=True&has_callback=False&duration=21.064618 "HTTP/1.1 200 OK"
[2026-07-16T08:39:14.774+0000] {taskinstance.py:1225} INFO - Marking task as FAILED. dag_id=wap_consumer_complaints_pipeline, task_id=dbt_transform.stg__consumer_complaints.run, run_id=scheduled__2026-07-15T00:00:00+00:00, execution_date=20260715T000000, start_date=20260716T083852, end_date=20260716T083913
[2026-07-16T08:39:14.790+0000] {taskinstance.py:340} INFO - ::group::Post task execution logs
[2026-07-16T08:39:14.792+0000] {standard_task_runner.py:124} ERROR - Failed to execute job 10 for task dbt_transform.stg__consumer_complaints.run (dbt invocation did not complete with unhandled error: Database Error
  TrinoUserError(type=USER_ERROR, name=INVALID_SESSION_PROPERTY, message="Session property 'lakehouse.nessie_reference_name' does not exist", query_id=20260716_083912_00010_ax8kp); 1384)
Traceback (most recent call last):
  File "/home/airflow/.local/lib/python3.10/site-packages/airflow/task/task_runner/standard_task_runner.py", line 117, in _start_by_fork
    ret = args.func(args, dag=self.dag)
  File "/home/airflow/.local/lib/python3.10/site-packages/airflow/cli/cli_config.py", line 49, in command
    return func(*args, **kwargs)
  File "/home/airflow/.local/lib/python3.10/site-packages/airflow/utils/cli.py", line 115, in wrapper
    return f(*args, **kwargs)
  File "/home/airflow/.local/lib/python3.10/site-packages/airflow/cli/commands/task_command.py", line 483, in task_run
    task_return_code = _run_task_by_selected_method(args, _dag, ti)
  File "/home/airflow/.local/lib/python3.10/site-packages/airflow/cli/commands/task_command.py", line 256, in _run_task_by_selected_method
    return _run_raw_task(args, ti)
  File "/home/airflow/.local/lib/python3.10/site-packages/airflow/cli/commands/task_command.py", line 341, in _run_raw_task
    return ti._run_raw_task(
  File "/home/airflow/.local/lib/python3.10/site-packages/airflow/utils/session.py", line 97, in wrapper
    return func(*args, session=session, **kwargs)
  File "/home/airflow/.local/lib/python3.10/site-packages/airflow/models/taskinstance.py", line 3004, in _run_raw_task
    return _run_raw_task(
  File "/home/airflow/.local/lib/python3.10/site-packages/airflow/models/taskinstance.py", line 273, in _run_raw_task
    TaskInstance._execute_task_with_callbacks(
  File "/home/airflow/.local/lib/python3.10/site-packages/airflow/models/taskinstance.py", line 3158, in _execute_task_with_callbacks
    result = self._execute_task(context, task_orig)
  File "/home/airflow/.local/lib/python3.10/site-packages/airflow/models/taskinstance.py", line 3182, in _execute_task
    return _execute_task(self, context, task_orig)
  File "/home/airflow/.local/lib/python3.10/site-packages/airflow/models/taskinstance.py", line 767, in _execute_task
    result = _execute_callable(context=context, **execute_callable_kwargs)
  File "/home/airflow/.local/lib/python3.10/site-packages/airflow/models/taskinstance.py", line 733, in _execute_callable
    return ExecutionCallableRunner(
  File "/home/airflow/.local/lib/python3.10/site-packages/airflow/utils/operator_helpers.py", line 252, in run
    return self.func(*args, **kwargs)
  File "/home/airflow/.local/lib/python3.10/site-packages/cosmos/operators/base.py", line 346, in execute
    self.build_and_run_cmd(context=context, cmd_flags=self.add_cmd_flags(), **kwargs)
  File "/home/airflow/.local/lib/python3.10/site-packages/cosmos/operators/local.py", line 968, in build_and_run_cmd
    result = self.run_command(
  File "/home/airflow/.local/lib/python3.10/site-packages/cosmos/operators/local.py", line 743, in run_command
    self.handle_exception(result)
  File "/home/airflow/.local/lib/python3.10/site-packages/cosmos/operators/local.py", line 308, in handle_exception_dbt_runner
    return dbt_runner.handle_exception_if_needed(result)
  File "/home/airflow/.local/lib/python3.10/site-packages/cosmos/dbt/runner.py", line 152, in handle_exception_if_needed
    raise CosmosDbtRunError(f"dbt invocation did not complete with unhandled error: {result.exception}")
cosmos.exceptions.CosmosDbtRunError: dbt invocation did not complete with unhandled error: Database Error
  TrinoUserError(type=USER_ERROR, name=INVALID_SESSION_PROPERTY, message="Session property 'lakehouse.nessie_reference_name' does not exist", query_id=20260716_083912_00010_ax8kp)
[2026-07-16T08:39:14.829+0000] {local_task_job_runner.py:266} INFO - Task exited with return code 1
[2026-07-16T08:39:14.882+0000] {taskinstance.py:3900} INFO - 0 downstream tasks scheduled from follow-on schedule check
[2026-07-16T08:39:14.891+0000] {local_task_job_runner.py:245} INFO - ::endgroup::
[2026-07-16T09:10:11.779+0000] {local_task_job_runner.py:123} INFO - ::group::Pre task execution logs
[2026-07-16T09:10:11.797+0000] {taskinstance.py:2612} INFO - Dependencies all met for dep_context=non-requeueable deps ti=<TaskInstance: wap_consumer_complaints_pipeline.dbt_transform.stg__consumer_complaints.run scheduled__2026-07-15T00:00:00+00:00 [queued]>
[2026-07-16T09:10:11.804+0000] {taskinstance.py:2612} INFO - Dependencies all met for dep_context=requeueable deps ti=<TaskInstance: wap_consumer_complaints_pipeline.dbt_transform.stg__consumer_complaints.run scheduled__2026-07-15T00:00:00+00:00 [queued]>
[2026-07-16T09:10:11.806+0000] {taskinstance.py:2865} INFO - Starting attempt 2 of 2
[2026-07-16T09:10:11.820+0000] {taskinstance.py:2888} INFO - Executing <Task(DbtRunLocalOperator): dbt_transform.stg__consumer_complaints.run> on 2026-07-15 00:00:00+00:00
[2026-07-16T09:10:11.826+0000] {standard_task_runner.py:72} INFO - Started process 1479 to run task
[2026-07-16T09:10:11.830+0000] {standard_task_runner.py:104} INFO - Running: ['airflow', 'tasks', 'run', 'wap_consumer_complaints_pipeline', 'dbt_transform.stg__consumer_complaints.run', 'scheduled__2026-07-15T00:00:00+00:00', '--job-id', '10', '--raw', '--subdir', 'DAGS_FOLDER/wap_consumer_complaints_pipeline.py', '--cfg-path', '/tmp/tmpxx0wfosl']
[2026-07-16T09:10:11.832+0000] {standard_task_runner.py:105} INFO - Job 10: Subtask dbt_transform.stg__consumer_complaints.run
[2026-07-16T09:10:11.922+0000] {task_command.py:467} INFO - Running <TaskInstance: wap_consumer_complaints_pipeline.dbt_transform.stg__consumer_complaints.run scheduled__2026-07-15T00:00:00+00:00 [running]> on host dc5ba7739cad
[2026-07-16T09:10:12.009+0000] {taskinstance.py:3131} INFO - Exporting env vars: AIRFLOW_CTX_DAG_OWNER='data_engineer' AIRFLOW_CTX_DAG_ID='wap_consumer_complaints_pipeline' AIRFLOW_CTX_TASK_ID='dbt_transform.stg__consumer_complaints.run' AIRFLOW_CTX_EXECUTION_DATE='2026-07-15T00:00:00+00:00' AIRFLOW_CTX_TRY_NUMBER='2' AIRFLOW_CTX_DAG_RUN_ID='scheduled__2026-07-15T00:00:00+00:00'
[2026-07-16T09:10:12.012+0000] {taskinstance.py:731} INFO - ::endgroup::
[2026-07-16T09:10:12.894+0000] {local.py:294} INFO - dbtRunner is available. Using dbtRunner for invoking dbt.
[2026-07-16T09:10:12.896+0000] {local.py:518} INFO - Cloning project to writable temp directory /tmp/tmpe3dqo3qf from /opt/airflow/dbt_transform
[2026-07-16T09:10:12.903+0000] {local.py:538} INFO - Partial parse is enabled and the latest partial parse file is /tmp/cosmos/wap_consumer_complaints_pipeline__dbt_transform/target/partial_parse.msgpack
[2026-07-16T09:10:12.917+0000] {config.py:395} INFO - Using user-supplied profiles.yml at /opt/airflow/dbt_transform/profiles.yml
[2026-07-16T09:10:12.930+0000] {runner.py:95} INFO - Trying to run dbtRunner with:
 ['deps', '--project-dir', '/tmp/tmpe3dqo3qf', '--profiles-dir', '/opt/airflow/dbt_transform', '--profile', 'lakehouse_dbt', '--target', 'dev', '--no-static-parser']
 in /tmp/tmpe3dqo3qf
[2026-07-16T09:10:13.006+0000] {logging_mixin.py:190} INFO - 09:10:13  Running with dbt=1.8.8
[2026-07-16T09:10:13.123+0000] {converter.py:314} INFO - ::group::Cosmos DAG parsing logs
[2026-07-16T09:10:13.128+0000] {graph.py:869} INFO - Trying to parse the dbt project using dbt ls cache cosmos_cache__dbt_silver_gold_incremental__transform_silver...
[2026-07-16T09:10:15.142+0000] {cache.py:383} INFO - Cosmos performance: time to calculate cache identifier cosmos_cache__dbt_silver_gold_incremental__transform_silver for current version: 2.0019782360000136
[2026-07-16T09:10:15.143+0000] {graph.py:886} INFO - Cosmos performance [dc5ba7739cad|1479]: The cache size for cosmos_cache__dbt_silver_gold_incremental__transform_silver is 5960
[2026-07-16T09:10:15.145+0000] {graph.py:898} INFO - Cosmos performance: Cache hit for cosmos_cache__dbt_silver_gold_incremental__transform_silver - 3acd3c90996895b19a627b350ea9b610,5e34606eb5f2b3dea81a8e19fa3ba138
[2026-07-16T09:10:15.146+0000] {graph.py:799} INFO - Total nodes: 7
[2026-07-16T09:10:15.147+0000] {graph.py:800} INFO - Total filtered nodes: 7
[2026-07-16T09:10:15.149+0000] {converter.py:361} INFO - Cosmos performance (dbt_silver_gold_incremental__transform_silver) - [dc5ba7739cad|1479]: It took 2.02s to parse the dbt project for DAG using dbt_ls_cache
[2026-07-16T09:10:15.161+0000] {converter.py:413} INFO - Cosmos performance (dbt_silver_gold_incremental__transform_silver) - [dc5ba7739cad|1479]: It took 0.0126s to build the Airflow DAG.
[2026-07-16T09:10:15.162+0000] {converter.py:420} INFO - ::endgroup::Cosmos DAG parsing logs
[2026-07-16T09:10:15.164+0000] {converter.py:314} INFO - ::group::Cosmos DAG parsing logs
[2026-07-16T09:10:15.168+0000] {graph.py:869} INFO - Trying to parse the dbt project using dbt ls cache cosmos_cache__dbt_silver_gold_incremental__transform_gold...
[2026-07-16T09:10:17.136+0000] {cache.py:383} INFO - Cosmos performance: time to calculate cache identifier cosmos_cache__dbt_silver_gold_incremental__transform_gold for current version: 1.9559760209999695
[2026-07-16T09:10:17.137+0000] {graph.py:886} INFO - Cosmos performance [dc5ba7739cad|1479]: The cache size for cosmos_cache__dbt_silver_gold_incremental__transform_gold is 35986
[2026-07-16T09:10:17.139+0000] {graph.py:898} INFO - Cosmos performance: Cache hit for cosmos_cache__dbt_silver_gold_incremental__transform_gold - 3acd3c90996895b19a627b350ea9b610,304321e940a9403dceb380589bd0566f
[2026-07-16T09:10:17.140+0000] {graph.py:799} INFO - Total nodes: 39
[2026-07-16T09:10:17.142+0000] {graph.py:800} INFO - Total filtered nodes: 39
[2026-07-16T09:10:17.143+0000] {converter.py:361} INFO - Cosmos performance (dbt_silver_gold_incremental__transform_gold) - [dc5ba7739cad|1479]: It took 1.97s to parse the dbt project for DAG using dbt_ls_cache
[2026-07-16T09:10:17.185+0000] {converter.py:413} INFO - Cosmos performance (dbt_silver_gold_incremental__transform_gold) - [dc5ba7739cad|1479]: It took 0.0424s to build the Airflow DAG.
[2026-07-16T09:10:17.186+0000] {converter.py:420} INFO - ::endgroup::Cosmos DAG parsing logs
[2026-07-16T09:10:17.188+0000] {converter.py:314} INFO - ::group::Cosmos DAG parsing logs
[2026-07-16T09:10:17.191+0000] {graph.py:869} INFO - Trying to parse the dbt project using dbt ls cache cosmos_cache__dbt_silver_gold_full_load__transform_silver...
[2026-07-16T09:10:19.941+0000] {cache.py:383} INFO - Cosmos performance: time to calculate cache identifier cosmos_cache__dbt_silver_gold_full_load__transform_silver for current version: 2.739271137000287
[2026-07-16T09:10:19.942+0000] {graph.py:886} INFO - Cosmos performance [dc5ba7739cad|1479]: The cache size for cosmos_cache__dbt_silver_gold_full_load__transform_silver is 5960
[2026-07-16T09:10:19.944+0000] {graph.py:898} INFO - Cosmos performance: Cache hit for cosmos_cache__dbt_silver_gold_full_load__transform_silver - 3acd3c90996895b19a627b350ea9b610,5e34606eb5f2b3dea81a8e19fa3ba138
[2026-07-16T09:10:19.946+0000] {graph.py:799} INFO - Total nodes: 7
[2026-07-16T09:10:19.947+0000] {graph.py:800} INFO - Total filtered nodes: 7
[2026-07-16T09:10:19.948+0000] {converter.py:361} INFO - Cosmos performance (dbt_silver_gold_full_load__transform_silver) - [dc5ba7739cad|1479]: It took 2.76s to parse the dbt project for DAG using dbt_ls_cache
[2026-07-16T09:10:19.957+0000] {converter.py:413} INFO - Cosmos performance (dbt_silver_gold_full_load__transform_silver) - [dc5ba7739cad|1479]: It took 0.00899s to build the Airflow DAG.
[2026-07-16T09:10:19.958+0000] {converter.py:420} INFO - ::endgroup::Cosmos DAG parsing logs
[2026-07-16T09:10:19.959+0000] {converter.py:314} INFO - ::group::Cosmos DAG parsing logs
[2026-07-16T09:10:19.962+0000] {graph.py:869} INFO - Trying to parse the dbt project using dbt ls cache cosmos_cache__dbt_silver_gold_full_load__transform_gold...
[2026-07-16T09:10:22.804+0000] {cache.py:383} INFO - Cosmos performance: time to calculate cache identifier cosmos_cache__dbt_silver_gold_full_load__transform_gold for current version: 2.8334478719998515
[2026-07-16T09:10:22.806+0000] {graph.py:886} INFO - Cosmos performance [dc5ba7739cad|1479]: The cache size for cosmos_cache__dbt_silver_gold_full_load__transform_gold is 35986
[2026-07-16T09:10:22.808+0000] {graph.py:898} INFO - Cosmos performance: Cache hit for cosmos_cache__dbt_silver_gold_full_load__transform_gold - 3acd3c90996895b19a627b350ea9b610,304321e940a9403dceb380589bd0566f
[2026-07-16T09:10:22.809+0000] {graph.py:799} INFO - Total nodes: 39
[2026-07-16T09:10:22.810+0000] {graph.py:800} INFO - Total filtered nodes: 39
[2026-07-16T09:10:22.811+0000] {converter.py:361} INFO - Cosmos performance (dbt_silver_gold_full_load__transform_gold) - [dc5ba7739cad|1479]: It took 2.85s to parse the dbt project for DAG using dbt_ls_cache
[2026-07-16T09:10:22.847+0000] {converter.py:413} INFO - Cosmos performance (dbt_silver_gold_full_load__transform_gold) - [dc5ba7739cad|1479]: It took 0.0367s to build the Airflow DAG.
[2026-07-16T09:10:22.849+0000] {converter.py:420} INFO - ::endgroup::Cosmos DAG parsing logs
[2026-07-16T09:10:23.692+0000] {logging_mixin.py:190} INFO - 09:10:23  Installing dbt-labs/dbt_utils
[2026-07-16T09:10:24.360+0000] {logging_mixin.py:190} INFO - 09:10:24  Installed from version 1.3.0
[2026-07-16T09:10:24.362+0000] {logging_mixin.py:190} INFO - 09:10:24  Updated version available: 1.4.1
[2026-07-16T09:10:24.365+0000] {logging_mixin.py:190} INFO - 09:10:24  Installing metaplane/dbt_expectations
[2026-07-16T09:10:25.279+0000] {logging_mixin.py:190} INFO - 09:10:25  Installed from version 0.10.8
[2026-07-16T09:10:25.281+0000] {logging_mixin.py:190} INFO - 09:10:25  Updated version available: 0.10.10
[2026-07-16T09:10:25.284+0000] {logging_mixin.py:190} INFO - 09:10:25  Installing godatadriven/dbt_date
[2026-07-16T09:10:25.916+0000] {logging_mixin.py:190} INFO - 09:10:25  Installed from version 0.15.0
[2026-07-16T09:10:25.918+0000] {logging_mixin.py:190} INFO - 09:10:25  Up to date!
[2026-07-16T09:10:25.922+0000] {logging_mixin.py:190} INFO - 09:10:25
[2026-07-16T09:10:25.924+0000] {logging_mixin.py:190} INFO - 09:10:25  Updates available for packages: ['dbt-labs/dbt_utils', 'metaplane/dbt_expectations']                 
Update your versions in packages.yml, then run dbt deps
[2026-07-16T09:10:27.389+0000] {runner.py:95} INFO - Trying to run dbtRunner with:
 ['run', '--select', 'fqn:consumer_complaints_transformation.staging.stg__consumer_complaints', '--project-dir', '/tmp/tmpe3dqo3qf', '--profiles-dir', '/opt/airflow/dbt_transform', '--profile', 'lakehouse_dbt', '--target', 'dev', '--no-static-parser']
 in /tmp/tmpe3dqo3qf
[2026-07-16T09:10:27.423+0000] {logging_mixin.py:190} INFO - 09:10:27  Running with dbt=1.8.8
[2026-07-16T09:10:27.455+0000] {auth.py:343} INFO - keyring module not found. OAuth2 token will not be stored in keyring.
[2026-07-16T09:10:27.460+0000] {auth.py:343} INFO - keyring module not found. OAuth2 token will not be stored in keyring.
[2026-07-16T09:10:27.571+0000] {logging_mixin.py:190} INFO - 09:10:27  Registered adapter: trino=1.8.5
[2026-07-16T09:10:28.378+0000] {logging_mixin.py:190} INFO - 09:10:28  Found 8 models, 40 data tests, 1 source, 9 metrics, 838 macros, 5 semantic models
[2026-07-16T09:10:28.382+0000] {logging_mixin.py:190} INFO - 09:10:28
[2026-07-16T09:10:28.412+0000] {logging_mixin.py:190} INFO - 09:10:28  [WARNING]: SSL certificate validation is disabled by default. It is legacy behavior which will be changed in future releases. It is strongly advised to enable `require_certificate_validation` flag or explicitly set `cert` configuration to `True` for security reasons. You may receive an error after that if your SSL setup is incorrect.
You may opt into the new behavior sooner by setting `flags.require_certificate_validation` to `True` in `dbt_project.yml`.
Visit https://docs.getdbt.com/reference/global-configs/behavior-changes for more information.
[2026-07-16T09:10:28.432+0000] {logging_mixin.py:190} INFO - 09:10:28
[2026-07-16T09:10:28.434+0000] {logging_mixin.py:190} INFO - 09:10:28  Finished running  in 0 hours 0 minutes and 0.05 seconds (0.05s).
[2026-07-16T09:10:28.436+0000] {logging_mixin.py:190} INFO - 09:10:28  Encountered an error:
Database Error
  TrinoUserError(type=USER_ERROR, name=INVALID_SESSION_PROPERTY, message="Session property 'lakehouse.nessie_reference_name' does not exist", query_id=20260716_091028_00015_tjgbd)
[2026-07-16T09:10:29.544+0000] {local.py:196} WARNING - Artifact schema version: https://schemas.getdbt.com/dbt/manifest/v12.json is above dbt-ol supported version 7. This might cause errors.
[2026-07-16T09:10:29.546+0000] {local.py:594} INFO - Inlets: []
[2026-07-16T09:10:29.547+0000] {local.py:595} INFO - Outlets: []
[2026-07-16T09:10:29.548+0000] {local.py:886} INFO - Assigning inlets/outlets with DatasetAlias in Airflow 2
[2026-07-16T09:10:29.574+0000] {taskinstance.py:3310} ERROR - Task failed with exception
Traceback (most recent call last):
  File "/home/airflow/.local/lib/python3.10/site-packages/airflow/models/taskinstance.py", line 767, in _execute_task
    result = _execute_callable(context=context, **execute_callable_kwargs)
  File "/home/airflow/.local/lib/python3.10/site-packages/airflow/models/taskinstance.py", line 733, in _execute_callable
    return ExecutionCallableRunner(
  File "/home/airflow/.local/lib/python3.10/site-packages/airflow/utils/operator_helpers.py", line 252, in run
    return self.func(*args, **kwargs)
  File "/home/airflow/.local/lib/python3.10/site-packages/cosmos/operators/base.py", line 346, in execute
    self.build_and_run_cmd(context=context, cmd_flags=self.add_cmd_flags(), **kwargs)
  File "/home/airflow/.local/lib/python3.10/site-packages/cosmos/operators/local.py", line 968, in build_and_run_cmd
    result = self.run_command(
  File "/home/airflow/.local/lib/python3.10/site-packages/cosmos/operators/local.py", line 743, in run_command
    self.handle_exception(result)
  File "/home/airflow/.local/lib/python3.10/site-packages/cosmos/operators/local.py", line 308, in handle_exception_dbt_runner
    return dbt_runner.handle_exception_if_needed(result)
  File "/home/airflow/.local/lib/python3.10/site-packages/cosmos/dbt/runner.py", line 152, in handle_exception_if_needed
    raise CosmosDbtRunError(f"dbt invocation did not complete with unhandled error: {result.exception}")
cosmos.exceptions.CosmosDbtRunError: dbt invocation did not complete with unhandled error: Database Error
  TrinoUserError(type=USER_ERROR, name=INVALID_SESSION_PROPERTY, message="Session property 'lakehouse.nessie_reference_name' does not exist", query_id=20260716_091028_00015_tjgbd)
[2026-07-16T09:10:30.476+0000] {_client.py:1026} INFO - HTTP Request: GET https://astronomer.gateway.scarf.sh/astronomer-cosmos/v3/task_instance?cosmos_version=1.15.0&airflow_version=2.10.2&python_version=3.10.15&platform_system=Linux&platform_machine=x86_64&status=failed&operator_name=DbtRunLocalOperator&is_cosmos_operator_subclass=False&invocation_mode=dbt_runner&execution_mode=local&profile_strategy=yaml_file&profile_mapping_class=None&database=trino&is_mapped_task=False&dbt_command=run&install_deps=True&has_callback=False&duration=17.787425 "HTTP/1.1 200 OK"
[2026-07-16T09:10:30.479+0000] {taskinstance.py:1225} INFO - Marking task as FAILED. dag_id=wap_consumer_complaints_pipeline, task_id=dbt_transform.stg__consumer_complaints.run, run_id=scheduled__2026-07-15T00:00:00+00:00, execution_date=20260715T000000, start_date=20260716T091011, end_date=20260716T091029
[2026-07-16T09:10:30.493+0000] {taskinstance.py:340} INFO - ::group::Post task execution logs
[2026-07-16T09:10:30.496+0000] {standard_task_runner.py:124} ERROR - Failed to execute job 10 for task dbt_transform.stg__consumer_complaints.run (dbt invocation did not complete with unhandled error: Database Error
  TrinoUserError(type=USER_ERROR, name=INVALID_SESSION_PROPERTY, message="Session property 'lakehouse.nessie_reference_name' does not exist", query_id=20260716_091028_00015_tjgbd); 1479)
Traceback (most recent call last):
  File "/home/airflow/.local/lib/python3.10/site-packages/airflow/task/task_runner/standard_task_runner.py", line 117, in _start_by_fork
    ret = args.func(args, dag=self.dag)
  File "/home/airflow/.local/lib/python3.10/site-packages/airflow/cli/cli_config.py", line 49, in command
    return func(*args, **kwargs)
  File "/home/airflow/.local/lib/python3.10/site-packages/airflow/utils/cli.py", line 115, in wrapper
    return f(*args, **kwargs)
  File "/home/airflow/.local/lib/python3.10/site-packages/airflow/cli/commands/task_command.py", line 483, in task_run
    task_return_code = _run_task_by_selected_method(args, _dag, ti)
  File "/home/airflow/.local/lib/python3.10/site-packages/airflow/cli/commands/task_command.py", line 256, in _run_task_by_selected_method
    return _run_raw_task(args, ti)
  File "/home/airflow/.local/lib/python3.10/site-packages/airflow/cli/commands/task_command.py", line 341, in _run_raw_task
    return ti._run_raw_task(
  File "/home/airflow/.local/lib/python3.10/site-packages/airflow/utils/session.py", line 97, in wrapper
    return func(*args, session=session, **kwargs)
  File "/home/airflow/.local/lib/python3.10/site-packages/airflow/models/taskinstance.py", line 3004, in _run_raw_task
    return _run_raw_task(
  File "/home/airflow/.local/lib/python3.10/site-packages/airflow/models/taskinstance.py", line 273, in _run_raw_task
    TaskInstance._execute_task_with_callbacks(
  File "/home/airflow/.local/lib/python3.10/site-packages/airflow/models/taskinstance.py", line 3158, in _execute_task_with_callbacks
    result = self._execute_task(context, task_orig)
  File "/home/airflow/.local/lib/python3.10/site-packages/airflow/models/taskinstance.py", line 3182, in _execute_task
    return _execute_task(self, context, task_orig)
  File "/home/airflow/.local/lib/python3.10/site-packages/airflow/models/taskinstance.py", line 767, in _execute_task
    result = _execute_callable(context=context, **execute_callable_kwargs)
  File "/home/airflow/.local/lib/python3.10/site-packages/airflow/models/taskinstance.py", line 733, in _execute_callable
    return ExecutionCallableRunner(
  File "/home/airflow/.local/lib/python3.10/site-packages/airflow/utils/operator_helpers.py", line 252, in run
    return self.func(*args, **kwargs)
  File "/home/airflow/.local/lib/python3.10/site-packages/cosmos/operators/base.py", line 346, in execute
    self.build_and_run_cmd(context=context, cmd_flags=self.add_cmd_flags(), **kwargs)
  File "/home/airflow/.local/lib/python3.10/site-packages/cosmos/operators/local.py", line 968, in build_and_run_cmd
    result = self.run_command(
  File "/home/airflow/.local/lib/python3.10/site-packages/cosmos/operators/local.py", line 743, in run_command
    self.handle_exception(result)
  File "/home/airflow/.local/lib/python3.10/site-packages/cosmos/operators/local.py", line 308, in handle_exception_dbt_runner
    return dbt_runner.handle_exception_if_needed(result)
  File "/home/airflow/.local/lib/python3.10/site-packages/cosmos/dbt/runner.py", line 152, in handle_exception_if_needed
    raise CosmosDbtRunError(f"dbt invocation did not complete with unhandled error: {result.exception}")
cosmos.exceptions.CosmosDbtRunError: dbt invocation did not complete with unhandled error: Database Error
  TrinoUserError(type=USER_ERROR, name=INVALID_SESSION_PROPERTY, message="Session property 'lakehouse.nessie_reference_name' does not exist", query_id=20260716_091028_00015_tjgbd)
[2026-07-16T09:10:30.525+0000] {local_task_job_runner.py:266} INFO - Task exited with return code 1
[2026-07-16T09:10:30.563+0000] {taskinstance.py:3900} INFO - 0 downstream tasks scheduled from follow-on schedule check
[2026-07-16T09:10:30.569+0000] {local_task_job_runner.py:245} INFO - ::endgroup::
