[2026-07-20T03:16:48.054+0000] {local_task_job_runner.py:123} INFO - ::group::Pre task execution logs
[2026-07-20T03:16:48.105+0000] {taskinstance.py:2612} INFO - Dependencies all met for dep_context=non-requeueable deps ti=<TaskInstance: dbt_silver_gold_incremental.transform_gold.fct_complaints.run manual__2026-07-20T03:15:27.574610+00:00 [queued]>
[2026-07-20T03:16:48.126+0000] {taskinstance.py:2612} INFO - Dependencies all met for dep_context=requeueable deps ti=<TaskInstance: dbt_silver_gold_incremental.transform_gold.fct_complaints.run manual__2026-07-20T03:15:27.574610+00:00 [queued]>
[2026-07-20T03:16:48.129+0000] {taskinstance.py:2865} INFO - Starting attempt 1 of 2
[2026-07-20T03:16:48.159+0000] {taskinstance.py:2888} INFO - Executing <Task(DbtRunLocalOperator): transform_gold.fct_complaints.run> on 2026-07-20 03:15:27.574610+00:00
[2026-07-20T03:16:48.176+0000] {standard_task_runner.py:72} INFO - Started process 1521 to run task
[2026-07-20T03:16:48.185+0000] {standard_task_runner.py:104} INFO - Running: ['airflow', 'tasks', 'run', 'dbt_silver_gold_incremental', 'transform_gold.fct_complaints.run', 'manual__2026-07-20T03:15:27.574610+00:00', '--job-id', '19', '--raw', '--subdir', 'DAGS_FOLDER/dbt_silver_gold.py', '--cfg-path', '/tmp/tmpk2ikrks2']
[2026-07-20T03:16:48.194+0000] {standard_task_runner.py:105} INFO - Job 19: Subtask transform_gold.fct_complaints.run
[2026-07-20T03:16:48.376+0000] {task_command.py:467} INFO - Running <TaskInstance: dbt_silver_gold_incremental.transform_gold.fct_complaints.run manual__2026-07-20T03:15:27.574610+00:00 [running]> on host f5e745c7acdb
[2026-07-20T03:16:48.540+0000] {taskinstance.py:3131} INFO - Exporting env vars: AIRFLOW_CTX_DAG_OWNER='data_engineer' AIRFLOW_CTX_DAG_ID='dbt_silver_gold_incremental' AIRFLOW_CTX_TASK_ID='transform_gold.fct_complaints.run' AIRFLOW_CTX_EXECUTION_DATE='2026-07-20T03:15:27.574610+00:00' AIRFLOW_CTX_TRY_NUMBER='1' AIRFLOW_CTX_DAG_RUN_ID='manual__2026-07-20T03:15:27.574610+00:00'
[2026-07-20T03:16:48.543+0000] {taskinstance.py:731} INFO - ::endgroup::
[2026-07-20T03:16:51.097+0000] {local.py:294} INFO - dbtRunner is available. Using dbtRunner for invoking dbt.
[2026-07-20T03:16:51.099+0000] {local.py:518} INFO - Cloning project to writable temp directory /tmp/tmp_7_effqw from /opt/airflow/dbt_transform
[2026-07-20T03:16:51.117+0000] {local.py:538} INFO - Partial parse is enabled and the latest partial parse file is /tmp/cosmos/dbt_silver_gold_incremental__transform_gold/target/partial_parse.msgpack
[2026-07-20T03:16:51.151+0000] {config.py:395} INFO - Using user-supplied profiles.yml at /opt/airflow/dbt_transform/profiles.yml
[2026-07-20T03:16:51.166+0000] {runner.py:95} INFO - Trying to run dbtRunner with:
 ['deps', '--project-dir', '/tmp/tmp_7_effqw', '--profiles-dir', '/opt/airflow/dbt_transform', '--profile', 'lakehouse_dbt', '--target', 'dev', '--no-static-parser']
 in /tmp/tmp_7_effqw
[2026-07-20T03:16:51.283+0000] {logging_mixin.py:190} INFO - 03:16:51  Running with dbt=1.8.8
[2026-07-20T03:16:51.497+0000] {converter.py:314} INFO - ::group::Cosmos DAG parsing logs
[2026-07-20T03:16:51.502+0000] {graph.py:869} INFO - Trying to parse the dbt project using dbt ls cache cosmos_cache__dbt_silver_gold_incremental__transform_silver...
[2026-07-20T03:16:53.577+0000] {cache.py:383} INFO - Cosmos performance: time to calculate cache identifier cosmos_cache__dbt_silver_gold_incremental__transform_silver for current version: 2.0526934280001115
[2026-07-20T03:16:53.578+0000] {graph.py:886} INFO - Cosmos performance [f5e745c7acdb|1521]: The cache size for cosmos_cache__dbt_silver_gold_incremental__transform_silver is 5960
[2026-07-20T03:16:53.580+0000] {graph.py:898} INFO - Cosmos performance: Cache hit for cosmos_cache__dbt_silver_gold_incremental__transform_silver - ccb89f537d6e9098d854bb64f1ff230b,5e34606eb5f2b3dea81a8e19fa3ba138
[2026-07-20T03:16:53.581+0000] {graph.py:799} INFO - Total nodes: 7
[2026-07-20T03:16:53.583+0000] {graph.py:800} INFO - Total filtered nodes: 7
[2026-07-20T03:16:53.586+0000] {converter.py:361} INFO - Cosmos performance (dbt_silver_gold_incremental__transform_silver) - [f5e745c7acdb|1521]: It took 2.08s to parse the dbt project for DAG using dbt_ls_cache
[2026-07-20T03:16:53.596+0000] {converter.py:413} INFO - Cosmos performance (dbt_silver_gold_incremental__transform_silver) - [f5e745c7acdb|1521]: It took 0.0102s to build the Airflow DAG.
[2026-07-20T03:16:53.598+0000] {converter.py:420} INFO - ::endgroup::Cosmos DAG parsing logs
[2026-07-20T03:16:53.600+0000] {converter.py:314} INFO - ::group::Cosmos DAG parsing logs
[2026-07-20T03:16:53.605+0000] {graph.py:869} INFO - Trying to parse the dbt project using dbt ls cache cosmos_cache__dbt_silver_gold_incremental__transform_gold...
[2026-07-20T03:16:55.634+0000] {cache.py:383} INFO - Cosmos performance: time to calculate cache identifier cosmos_cache__dbt_silver_gold_incremental__transform_gold for current version: 2.0203951359999337
[2026-07-20T03:16:55.635+0000] {graph.py:886} INFO - Cosmos performance [f5e745c7acdb|1521]: The cache size for cosmos_cache__dbt_silver_gold_incremental__transform_gold is 35986
[2026-07-20T03:16:55.637+0000] {graph.py:898} INFO - Cosmos performance: Cache hit for cosmos_cache__dbt_silver_gold_incremental__transform_gold - ccb89f537d6e9098d854bb64f1ff230b,304321e940a9403dceb380589bd0566f
[2026-07-20T03:16:55.638+0000] {graph.py:799} INFO - Total nodes: 39
[2026-07-20T03:16:55.640+0000] {graph.py:800} INFO - Total filtered nodes: 39
[2026-07-20T03:16:55.641+0000] {converter.py:361} INFO - Cosmos performance (dbt_silver_gold_incremental__transform_gold) - [f5e745c7acdb|1521]: It took 2.04s to parse the dbt project for DAG using dbt_ls_cache
[2026-07-20T03:16:55.672+0000] {converter.py:413} INFO - Cosmos performance (dbt_silver_gold_incremental__transform_gold) - [f5e745c7acdb|1521]: It took 0.0306s to build the Airflow DAG.
[2026-07-20T03:16:55.673+0000] {converter.py:420} INFO - ::endgroup::Cosmos DAG parsing logs
[2026-07-20T03:16:55.675+0000] {converter.py:314} INFO - ::group::Cosmos DAG parsing logs
[2026-07-20T03:16:55.678+0000] {graph.py:869} INFO - Trying to parse the dbt project using dbt ls cache cosmos_cache__dbt_silver_gold_full_load__transform_silver...
[2026-07-20T03:16:57.554+0000] {cache.py:383} INFO - Cosmos performance: time to calculate cache identifier cosmos_cache__dbt_silver_gold_full_load__transform_silver for current version: 1.8651255690001562
[2026-07-20T03:16:57.556+0000] {graph.py:886} INFO - Cosmos performance [f5e745c7acdb|1521]: The cache size for cosmos_cache__dbt_silver_gold_full_load__transform_silver is 5960
[2026-07-20T03:16:57.557+0000] {graph.py:898} INFO - Cosmos performance: Cache hit for cosmos_cache__dbt_silver_gold_full_load__transform_silver - ccb89f537d6e9098d854bb64f1ff230b,5e34606eb5f2b3dea81a8e19fa3ba138
[2026-07-20T03:16:57.559+0000] {graph.py:799} INFO - Total nodes: 7
[2026-07-20T03:16:57.560+0000] {graph.py:800} INFO - Total filtered nodes: 7
[2026-07-20T03:16:57.562+0000] {converter.py:361} INFO - Cosmos performance (dbt_silver_gold_full_load__transform_silver) - [f5e745c7acdb|1521]: It took 1.88s to parse the dbt project for DAG using dbt_ls_cache
[2026-07-20T03:16:57.575+0000] {converter.py:413} INFO - Cosmos performance (dbt_silver_gold_full_load__transform_silver) - [f5e745c7acdb|1521]: It took 0.0129s to build the Airflow DAG.
[2026-07-20T03:16:57.576+0000] {converter.py:420} INFO - ::endgroup::Cosmos DAG parsing logs
[2026-07-20T03:16:57.578+0000] {converter.py:314} INFO - ::group::Cosmos DAG parsing logs
[2026-07-20T03:16:57.581+0000] {graph.py:869} INFO - Trying to parse the dbt project using dbt ls cache cosmos_cache__dbt_silver_gold_full_load__transform_gold...
[2026-07-20T03:16:59.480+0000] {cache.py:383} INFO - Cosmos performance: time to calculate cache identifier cosmos_cache__dbt_silver_gold_full_load__transform_gold for current version: 1.8766032580001593
[2026-07-20T03:16:59.481+0000] {graph.py:886} INFO - Cosmos performance [f5e745c7acdb|1521]: The cache size for cosmos_cache__dbt_silver_gold_full_load__transform_gold is 35986
[2026-07-20T03:16:59.483+0000] {graph.py:898} INFO - Cosmos performance: Cache hit for cosmos_cache__dbt_silver_gold_full_load__transform_gold - ccb89f537d6e9098d854bb64f1ff230b,304321e940a9403dceb380589bd0566f
[2026-07-20T03:16:59.485+0000] {graph.py:799} INFO - Total nodes: 39
[2026-07-20T03:16:59.486+0000] {graph.py:800} INFO - Total filtered nodes: 39
[2026-07-20T03:16:59.487+0000] {converter.py:361} INFO - Cosmos performance (dbt_silver_gold_full_load__transform_gold) - [f5e745c7acdb|1521]: It took 1.91s to parse the dbt project for DAG using dbt_ls_cache
[2026-07-20T03:16:59.529+0000] {converter.py:413} INFO - Cosmos performance (dbt_silver_gold_full_load__transform_gold) - [f5e745c7acdb|1521]: It took 0.0414s to build the Airflow DAG.
[2026-07-20T03:16:59.531+0000] {converter.py:420} INFO - ::endgroup::Cosmos DAG parsing logs
[2026-07-20T03:17:00.129+0000] {logging_mixin.py:190} INFO - 03:17:00  Installing dbt-labs/dbt_utils
[2026-07-20T03:17:01.005+0000] {logging_mixin.py:190} INFO - 03:17:01  Installed from version 1.3.0
[2026-07-20T03:17:01.007+0000] {logging_mixin.py:190} INFO - 03:17:01  Updated version available: 1.4.1
[2026-07-20T03:17:01.008+0000] {logging_mixin.py:190} INFO - 03:17:01  Installing metaplane/dbt_expectations
[2026-07-20T03:17:02.185+0000] {logging_mixin.py:190} INFO - 03:17:02  Installed from version 0.10.8
[2026-07-20T03:17:02.187+0000] {logging_mixin.py:190} INFO - 03:17:02  Updated version available: 0.10.10
[2026-07-20T03:17:02.189+0000] {logging_mixin.py:190} INFO - 03:17:02  Installing godatadriven/dbt_date
[2026-07-20T03:17:02.823+0000] {logging_mixin.py:190} INFO - 03:17:02  Installed from version 0.15.0
[2026-07-20T03:17:02.826+0000] {logging_mixin.py:190} INFO - 03:17:02  Up to date!
[2026-07-20T03:17:02.828+0000] {logging_mixin.py:190} INFO - 03:17:02
[2026-07-20T03:17:02.831+0000] {logging_mixin.py:190} INFO - 03:17:02  Updates available for packages: ['dbt-labs/dbt_utils', 'metaplane/dbt_expectations']                 
Update your versions in packages.yml, then run dbt deps
[2026-07-20T03:17:03.939+0000] {runner.py:95} INFO - Trying to run dbtRunner with:
 ['run', '--select', 'fqn:consumer_complaints_transformation.marts.fct_complaints', '--project-dir', '/tmp/tmp_7_effqw', '--profiles-dir', '/opt/airflow/dbt_transform', '--profile', 'lakehouse_dbt', '--target', 'dev', '--no-static-parser']
 in /tmp/tmp_7_effqw
[2026-07-20T03:17:03.968+0000] {logging_mixin.py:190} INFO - 03:17:03  Running with dbt=1.8.8
[2026-07-20T03:17:04.043+0000] {auth.py:343} INFO - keyring module not found. OAuth2 token will not be stored in keyring.
[2026-07-20T03:17:04.049+0000] {auth.py:343} INFO - keyring module not found. OAuth2 token will not be stored in keyring.
[2026-07-20T03:17:04.194+0000] {logging_mixin.py:190} INFO - 03:17:04  Registered adapter: trino=1.8.5
[2026-07-20T03:17:04.587+0000] {logging_mixin.py:190} INFO - 03:17:04  Unable to do partial parsing because config vars, config profile, or config target have changed
[2026-07-20T03:17:07.630+0000] {logging_mixin.py:190} INFO - 03:17:07  [WARNING]: Deprecated functionality
The `tests` config has been renamed to `data_tests`. Please see
https://docs.getdbt.com/docs/build/data-tests#new-data_tests-syntax for more
information.
[2026-07-20T03:17:08.968+0000] {logging_mixin.py:190} INFO - 03:17:08  Found 8 models, 40 data tests, 1 source, 9 metrics, 839 macros, 5 semantic models
[2026-07-20T03:17:08.977+0000] {logging_mixin.py:190} INFO - 03:17:08
[2026-07-20T03:17:09.017+0000] {logging_mixin.py:190} INFO - 03:17:09  [WARNING]: SSL certificate validation is disabled by default. It is legacy behavior which will be changed in future releases. It is strongly advised to enable `require_certificate_validation` flag or explicitly set `cert` configuration to `True` for security reasons. You may receive an error after that if your SSL setup is incorrect.
You may opt into the new behavior sooner by setting `flags.require_certificate_validation` to `True` in `dbt_project.yml`.
Visit https://docs.getdbt.com/reference/global-configs/behavior-changes for more information.
[2026-07-20T03:17:09.070+0000] {local_task_job_runner.py:127} ERROR - Received SIGTERM. Terminating subprocesses
[2026-07-20T03:17:09.109+0000] {process_utils.py:132} INFO - Sending 15 to group 1521. PIDs of all processes in the group: [1600, 1521]
[2026-07-20T03:17:09.145+0000] {process_utils.py:87} INFO - Sending the signal 15 to group 1521
[2026-07-20T03:17:09.164+0000] {taskinstance.py:3092} ERROR - Received SIGTERM. Terminating subprocesses.
[2026-07-20T03:17:09.324+0000] {logging_mixin.py:190} INFO - 03:17:09
[2026-07-20T03:17:09.329+0000] {logging_mixin.py:190} INFO - 03:17:09  Finished running  in 0 hours 0 minutes and 0.34 seconds (0.34s).
[2026-07-20T03:17:09.334+0000] {logging_mixin.py:190} INFO - 03:17:09  Encountered an error:
Task received SIGTERM signal
[2026-07-20T03:17:09.341+0000] {logging_mixin.py:190} INFO - 03:17:09  Traceback (most recent call last):
  File "/home/airflow/.local/lib/python3.10/site-packages/dbt/cli/requires.py", line 138, in wrapper
    result, success = func(*args, **kwargs)
  File "/home/airflow/.local/lib/python3.10/site-packages/dbt/cli/requires.py", line 101, in wrapper
    return func(*args, **kwargs)
  File "/home/airflow/.local/lib/python3.10/site-packages/dbt/cli/requires.py", line 218, in wrapper
    return func(*args, **kwargs)
  File "/home/airflow/.local/lib/python3.10/site-packages/dbt/cli/requires.py", line 247, in wrapper
    return func(*args, **kwargs)
  File "/home/airflow/.local/lib/python3.10/site-packages/dbt/cli/requires.py", line 294, in wrapper
    return func(*args, **kwargs)
  File "/home/airflow/.local/lib/python3.10/site-packages/dbt/cli/requires.py", line 332, in wrapper
    return func(*args, **kwargs)
  File "/home/airflow/.local/lib/python3.10/site-packages/dbt/cli/main.py", line 569, in run
    results = task.run()
  File "/home/airflow/.local/lib/python3.10/site-packages/dbt/task/runnable.py", line 526, in run
    result = self.execute_with_hooks(selected_uids)
  File "/home/airflow/.local/lib/python3.10/site-packages/dbt/task/runnable.py", line 486, in execute_with_hooks
    self.before_run(adapter, selected_uids)
  File "/home/airflow/.local/lib/python3.10/site-packages/dbt/task/run.py", line 459, in before_run
    self.create_schemas(adapter, required_schemas)
  File "/home/airflow/.local/lib/python3.10/site-packages/dbt/task/runnable.py", line 626, in create_schemas
    for ls_future in as_completed(list_futures):
  File "/usr/local/lib/python3.10/concurrent/futures/_base.py", line 245, in as_completed
    waiter.event.wait(wait_timeout)
  File "/usr/local/lib/python3.10/threading.py", line 607, in wait
    signaled = self._cond.wait(timeout)
  File "/usr/local/lib/python3.10/threading.py", line 320, in wait
    waiter.acquire()
  File "/home/airflow/.local/lib/python3.10/site-packages/airflow/models/taskinstance.py", line 3094, in signal_handler
    raise AirflowTaskTerminated("Task received SIGTERM signal")
airflow.exceptions.AirflowTaskTerminated: Task received SIGTERM signal
