[2026-07-26T08:40:32.519+0000] {local_task_job_runner.py:123} INFO - ::group::Pre task execution logs
[2026-07-26T08:40:32.546+0000] {taskinstance.py:2612} INFO - Dependencies all met for dep_context=non-requeueable deps ti=<TaskInstance: dbt_metadata_to_qdrant_api_sync.trigger_qdrant_indexer_api manual__2026-07-26T03:21:09.620315+00:00 [queued]>
[2026-07-26T08:40:32.559+0000] {taskinstance.py:2612} INFO - Dependencies all met for dep_context=requeueable deps ti=<TaskInstance: dbt_metadata_to_qdrant_api_sync.trigger_qdrant_indexer_api manual__2026-07-26T03:21:09.620315+00:00 [queued]>
[2026-07-26T08:40:32.560+0000] {taskinstance.py:2865} INFO - Starting attempt 2 of 5
[2026-07-26T08:40:32.578+0000] {taskinstance.py:2888} INFO - Executing <Task(SimpleHttpOperator): trigger_qdrant_indexer_api> on 2026-07-26 03:21:09.620315+00:00
[2026-07-26T08:40:32.583+0000] {standard_task_runner.py:72} INFO - Started process 3295 to run task
[2026-07-26T08:40:32.588+0000] {standard_task_runner.py:104} INFO - Running: ['airflow', 'tasks', 'run', 'dbt_metadata_to_qdrant_api_sync', 'trigger_qdrant_indexer_api', 'manual__2026-07-26T03:21:09.620315+00:00', '--job-id', '34', '--raw', '--subdir', 'DAGS_FOLDER/dbt_to_qdrant_dag.py', '--cfg-path', '/tmp/tmpqy0x493k']
[2026-07-26T08:40:32.591+0000] {standard_task_runner.py:105} INFO - Job 34: Subtask trigger_qdrant_indexer_api
[2026-07-26T08:40:32.697+0000] {task_command.py:467} INFO - Running <TaskInstance: dbt_metadata_to_qdrant_api_sync.trigger_qdrant_indexer_api manual__2026-07-26T03:21:09.620315+00:00 [running]> on host 8e6106a1adef
[2026-07-26T08:40:32.803+0000] {taskinstance.py:3131} INFO - Exporting env vars: AIRFLOW_CTX_DAG_OWNER='data_platform_team' AIRFLOW_CTX_DAG_ID='dbt_metadata_to_qdrant_api_sync' AIRFLOW_CTX_TASK_ID='trigger_qdrant_indexer_api' AIRFLOW_CTX_EXECUTION_DATE='2026-07-26T03:21:09.620315+00:00' AIRFLOW_CTX_TRY_NUMBER='2' AIRFLOW_CTX_DAG_RUN_ID='manual__2026-07-26T03:21:09.620315+00:00'
[2026-07-26T08:40:32.805+0000] {taskinstance.py:731} INFO - ::endgroup::
[2026-07-26T08:40:32.823+0000] {http.py:173} INFO - Calling HTTP method
[2026-07-26T08:40:32.825+0000] {base.py:84} INFO - Retrieving connection 'ai_agent_api'
[2026-07-26T08:40:32.828+0000] {base.py:84} INFO - Retrieving connection 'ai_agent_api'
[2026-07-26T08:40:34.755+0000] {http.py:222} INFO - {"status":"success","message":"Đã đồng bộ dbt metadata lên Qdrant thành công!","details":{"source":"airflow","schemas_to_sync":["marts","gold"]}}
[2026-07-26T08:40:34.788+0000] {taskinstance.py:340} INFO - ::group::Post task execution logs
[2026-07-26T08:40:34.789+0000] {taskinstance.py:352} INFO - Marking task as SUCCESS. dag_id=dbt_metadata_to_qdrant_api_sync, task_id=trigger_qdrant_indexer_api, run_id=manual__2026-07-26T03:21:09.620315+00:00, execution_date=20260726T032109, start_date=20260726T084032, end_date=20260726T084034
[2026-07-26T08:40:34.811+0000] {local_task_job_runner.py:266} INFO - Task exited with return code 0
[2026-07-26T08:40:34.828+0000] {logging_mixin.py:190} WARNING - /home/airflow/.local/lib/python3.10/site-packages/airflow/models/baseoperator.py:1378 AirflowProviderDeprecationWarning: Call to deprecated class SimpleHttpOperator. (Class `SimpleHttpOperator` is deprecated and will be removed in a future release. Please use `HttpOperator` instead.)
[2026-07-26T08:40:34.839+0000] {taskinstance.py:3900} INFO - 0 downstream tasks scheduled from follow-on schedule check
[2026-07-26T08:40:34.842+0000] {local_task_job_runner.py:245} INFO - ::endgroup::
