[2026-08-05T03:48:52.001+0000] {local_task_job_runner.py:123} INFO - ::group::Pre task execution logs
[2026-08-05T03:48:52.022+0000] {taskinstance.py:2612} INFO - Dependencies all met for dep_context=non-requeueable deps ti=<TaskInstance: logistics_orders_full_load.prepare_and_clean_target manual__2026-08-05T03:46:28.507119+00:00 [queued]>
[2026-08-05T03:48:52.031+0000] {taskinstance.py:2612} INFO - Dependencies all met for dep_context=requeueable deps ti=<TaskInstance: logistics_orders_full_load.prepare_and_clean_target manual__2026-08-05T03:46:28.507119+00:00 [queued]>
[2026-08-05T03:48:52.033+0000] {taskinstance.py:2865} INFO - Starting attempt 2 of 2
[2026-08-05T03:48:52.045+0000] {taskinstance.py:2888} INFO - Executing <Task(_PythonDecoratedOperator): prepare_and_clean_target> on 2026-08-05 03:46:28.507119+00:00
[2026-08-05T03:48:52.051+0000] {standard_task_runner.py:72} INFO - Started process 2090 to run task
[2026-08-05T03:48:52.056+0000] {standard_task_runner.py:104} INFO - Running: ['airflow', 'tasks', 'run', 'logistics_orders_full_load', 'prepare_and_clean_target', 'manual__2026-08-05T03:46:28.507119+00:00', '--job-id', '8', '--raw', '--subdir', 'DAGS_FOLDER/logistics_full_load.py', '--cfg-path', '/tmp/tmpylphtuzz']
[2026-08-05T03:48:52.057+0000] {standard_task_runner.py:105} INFO - Job 8: Subtask prepare_and_clean_target
[2026-08-05T03:48:52.144+0000] {task_command.py:467} INFO - Running <TaskInstance: logistics_orders_full_load.prepare_and_clean_target manual__2026-08-05T03:46:28.507119+00:00 [running]> on host 8f884c86bad7
[2026-08-05T03:48:52.221+0000] {taskinstance.py:3131} INFO - Exporting env vars: AIRFLOW_CTX_DAG_OWNER='airflow' AIRFLOW_CTX_DAG_ID='logistics_orders_full_load' AIRFLOW_CTX_TASK_ID='prepare_and_clean_target' AIRFLOW_CTX_EXECUTION_DATE='2026-08-05T03:46:28.507119+00:00' AIRFLOW_CTX_TRY_NUMBER='2' AIRFLOW_CTX_DAG_RUN_ID='manual__2026-08-05T03:46:28.507119+00:00'
[2026-08-05T03:48:52.224+0000] {taskinstance.py:731} INFO - ::endgroup::
[2026-08-05T03:48:52.228+0000] {crypto.py:82} WARNING - empty cryptography key - values will not be stored encrypted.
[2026-08-05T03:48:52.230+0000] {base.py:84} INFO - Retrieving connection 'minio_default'
[2026-08-05T03:48:52.232+0000] {connection_wrapper.py:388} INFO - AWS Connection (conn_id='minio_default', conn_type='aws') credentials retrieved from login and ***.
[2026-08-05T03:48:52.640+0000] {logistics_full_load.py:63} INFO - ✅ [LANDING] Đã dọn dẹp TOÀN BỘ thư mục Landing cho luồng Full Load.
[2026-08-05T03:48:52.642+0000] {logistics_full_load.py:75} INFO - 🧹 [BRONZE] Đang chạy TRUNCATE cho bảng lakehouse.bronze.raw_orders...
[2026-08-05T03:48:52.644+0000] {base.py:84} INFO - Retrieving connection 'trino_default'
[2026-08-05T03:48:52.646+0000] {base.py:84} INFO - Retrieving connection 'trino_default'
[2026-08-05T03:48:52.649+0000] {sql.py:509} INFO - Running statement: TRUNCATE TABLE lakehouse.bronze.raw_orders, parameters: None
[2026-08-05T03:48:52.831+0000] {logistics_full_load.py:78} INFO - ✅ [BRONZE] Đã TRUNCATE thành công. Bảng đã sạch sẽ, sẵn sàng nạp Full Load.
[2026-08-05T03:48:52.833+0000] {python.py:240} INFO - Done. Returned value was: 2026-08-05
[2026-08-05T03:48:52.862+0000] {taskinstance.py:340} INFO - ::group::Post task execution logs
[2026-08-05T03:48:52.864+0000] {taskinstance.py:352} INFO - Marking task as SUCCESS. dag_id=logistics_orders_full_load, task_id=prepare_and_clean_target, run_id=manual__2026-08-05T03:46:28.507119+00:00, execution_date=20260805T034628, start_date=20260805T034852, end_date=20260805T034852
[2026-08-05T03:48:52.912+0000] {local_task_job_runner.py:266} INFO - Task exited with return code 0
[2026-08-05T03:48:52.944+0000] {taskinstance.py:3900} INFO - 2 downstream tasks scheduled from follow-on schedule check
[2026-08-05T03:48:52.947+0000] {local_task_job_runner.py:245} INFO - ::endgroup::
