[2026-07-11T00:45:54.562+0000] {processor.py:186} INFO - Started process (PID=218) to work on /opt/airflow/dags/setup_infrastructure_dag_v2.py
[2026-07-11T00:45:54.563+0000] {processor.py:914} INFO - Processing file /opt/airflow/dags/setup_infrastructure_dag_v2.py for tasks to queue
[2026-07-11T00:45:54.567+0000] {logging_mixin.py:190} INFO - [2026-07-11T00:45:54.566+0000] {dagbag.py:588} INFO - Filling up the DagBag from /opt/airflow/dags/setup_infrastructure_dag_v2.py
[2026-07-11T00:45:54.594+0000] {processor.py:925} INFO - DAG(s) 'setup_lakehouse_infrastructure_v2' retrieved from /opt/airflow/dags/setup_infrastructure_dag_v2.py
[2026-07-11T00:45:54.663+0000] {logging_mixin.py:190} INFO - [2026-07-11T00:45:54.662+0000] {override.py:1900} INFO - Created Permission View: can read on DAG:setup_lakehouse_infrastructure_v2
[2026-07-11T00:45:54.677+0000] {logging_mixin.py:190} INFO - [2026-07-11T00:45:54.676+0000] {override.py:1900} INFO - Created Permission View: can delete on DAG:setup_lakehouse_infrastructure_v2
[2026-07-11T00:45:54.686+0000] {logging_mixin.py:190} INFO - [2026-07-11T00:45:54.686+0000] {override.py:1900} INFO - Created Permission View: can edit on DAG:setup_lakehouse_infrastructure_v2
[2026-07-11T00:45:54.701+0000] {logging_mixin.py:190} INFO - [2026-07-11T00:45:54.701+0000] {override.py:1900} INFO - Created Permission View: can create on DAG Run:setup_lakehouse_infrastructure_v2
[2026-07-11T00:45:54.712+0000] {logging_mixin.py:190} INFO - [2026-07-11T00:45:54.711+0000] {override.py:1900} INFO - Created Permission View: can read on DAG Run:setup_lakehouse_infrastructure_v2
[2026-07-11T00:45:54.722+0000] {logging_mixin.py:190} INFO - [2026-07-11T00:45:54.721+0000] {override.py:1900} INFO - Created Permission View: can delete on DAG Run:setup_lakehouse_infrastructure_v2
[2026-07-11T00:45:54.730+0000] {logging_mixin.py:190} INFO - [2026-07-11T00:45:54.729+0000] {override.py:1900} INFO - Created Permission View: menu access on DAG Run:setup_lakehouse_infrastructure_v2
[2026-07-11T00:45:54.731+0000] {logging_mixin.py:190} INFO - [2026-07-11T00:45:54.731+0000] {dag.py:3239} INFO - Sync 1 DAGs
[2026-07-11T00:45:54.744+0000] {logging_mixin.py:190} INFO - [2026-07-11T00:45:54.743+0000] {dag.py:3262} INFO - Creating ORM DAG for setup_lakehouse_infrastructure_v2
[2026-07-11T00:45:54.756+0000] {logging_mixin.py:190} INFO - [2026-07-11T00:45:54.756+0000] {dag.py:4180} INFO - Setting next_dagrun for setup_lakehouse_infrastructure_v2 to 2024-01-01 00:00:00+00:00, run_after=2024-01-01 00:00:00+00:00
[2026-07-11T00:45:54.787+0000] {processor.py:208} INFO - Processing /opt/airflow/dags/setup_infrastructure_dag_v2.py took 0.232 seconds
[2026-07-11T00:46:25.543+0000] {processor.py:186} INFO - Started process (PID=285) to work on /opt/airflow/dags/setup_infrastructure_dag_v2.py
[2026-07-11T00:46:25.544+0000] {processor.py:914} INFO - Processing file /opt/airflow/dags/setup_infrastructure_dag_v2.py for tasks to queue
[2026-07-11T00:46:25.547+0000] {logging_mixin.py:190} INFO - [2026-07-11T00:46:25.546+0000] {dagbag.py:588} INFO - Filling up the DagBag from /opt/airflow/dags/setup_infrastructure_dag_v2.py
[2026-07-11T00:46:25.577+0000] {processor.py:925} INFO - DAG(s) 'setup_lakehouse_infrastructure_v2' retrieved from /opt/airflow/dags/setup_infrastructure_dag_v2.py
[2026-07-11T00:46:25.600+0000] {logging_mixin.py:190} INFO - [2026-07-11T00:46:25.600+0000] {dag.py:3239} INFO - Sync 1 DAGs
[2026-07-11T00:46:25.630+0000] {logging_mixin.py:190} INFO - [2026-07-11T00:46:25.629+0000] {dag.py:4180} INFO - Setting next_dagrun for setup_lakehouse_infrastructure_v2 to 2024-01-01 00:00:00+00:00, run_after=2024-01-01 00:00:00+00:00
[2026-07-11T00:46:25.664+0000] {processor.py:208} INFO - Processing /opt/airflow/dags/setup_infrastructure_dag_v2.py took 0.126 seconds
[2026-07-11T00:46:56.432+0000] {processor.py:186} INFO - Started process (PID=352) to work on /opt/airflow/dags/setup_infrastructure_dag_v2.py
[2026-07-11T00:46:56.434+0000] {processor.py:914} INFO - Processing file /opt/airflow/dags/setup_infrastructure_dag_v2.py for tasks to queue
[2026-07-11T00:46:56.436+0000] {logging_mixin.py:190} INFO - [2026-07-11T00:46:56.436+0000] {dagbag.py:588} INFO - Filling up the DagBag from /opt/airflow/dags/setup_infrastructure_dag_v2.py
[2026-07-11T00:46:56.475+0000] {processor.py:925} INFO - DAG(s) 'setup_lakehouse_infrastructure_v2' retrieved from /opt/airflow/dags/setup_infrastructure_dag_v2.py
[2026-07-11T00:46:56.500+0000] {logging_mixin.py:190} INFO - [2026-07-11T00:46:56.500+0000] {dag.py:3239} INFO - Sync 1 DAGs
[2026-07-11T00:46:56.520+0000] {logging_mixin.py:190} INFO - [2026-07-11T00:46:56.520+0000] {dag.py:4180} INFO - Setting next_dagrun for setup_lakehouse_infrastructure_v2 to 2024-01-01 00:00:00+00:00, run_after=2024-01-01 00:00:00+00:00
[2026-07-11T00:46:56.541+0000] {processor.py:208} INFO - Processing /opt/airflow/dags/setup_infrastructure_dag_v2.py took 0.116 seconds
[2026-07-11T00:47:27.495+0000] {processor.py:186} INFO - Started process (PID=425) to work on /opt/airflow/dags/setup_infrastructure_dag_v2.py
[2026-07-11T00:47:27.497+0000] {processor.py:914} INFO - Processing file /opt/airflow/dags/setup_infrastructure_dag_v2.py for tasks to queue
[2026-07-11T00:47:27.499+0000] {logging_mixin.py:190} INFO - [2026-07-11T00:47:27.499+0000] {dagbag.py:588} INFO - Filling up the DagBag from /opt/airflow/dags/setup_infrastructure_dag_v2.py
[2026-07-11T00:47:27.530+0000] {processor.py:925} INFO - DAG(s) 'setup_lakehouse_infrastructure_v2' retrieved from /opt/airflow/dags/setup_infrastructure_dag_v2.py
[2026-07-11T00:47:27.562+0000] {logging_mixin.py:190} INFO - [2026-07-11T00:47:27.562+0000] {dag.py:3239} INFO - Sync 1 DAGs
[2026-07-11T00:47:27.587+0000] {logging_mixin.py:190} INFO - [2026-07-11T00:47:27.587+0000] {dag.py:4180} INFO - Setting next_dagrun for setup_lakehouse_infrastructure_v2 to 2024-01-01 00:00:00+00:00, run_after=2024-01-01 00:00:00+00:00
[2026-07-11T00:47:27.613+0000] {processor.py:208} INFO - Processing /opt/airflow/dags/setup_infrastructure_dag_v2.py took 0.125 seconds
[2026-07-11T00:47:58.169+0000] {processor.py:186} INFO - Started process (PID=537) to work on /opt/airflow/dags/setup_infrastructure_dag_v2.py
[2026-07-11T00:47:58.170+0000] {processor.py:914} INFO - Processing file /opt/airflow/dags/setup_infrastructure_dag_v2.py for tasks to queue
[2026-07-11T00:47:58.174+0000] {logging_mixin.py:190} INFO - [2026-07-11T00:47:58.174+0000] {dagbag.py:588} INFO - Filling up the DagBag from /opt/airflow/dags/setup_infrastructure_dag_v2.py
[2026-07-11T00:47:58.205+0000] {processor.py:925} INFO - DAG(s) 'setup_lakehouse_infrastructure_v2' retrieved from /opt/airflow/dags/setup_infrastructure_dag_v2.py
[2026-07-11T00:47:58.232+0000] {logging_mixin.py:190} INFO - [2026-07-11T00:47:58.232+0000] {dag.py:3239} INFO - Sync 1 DAGs
[2026-07-11T00:47:58.253+0000] {logging_mixin.py:190} INFO - [2026-07-11T00:47:58.253+0000] {dag.py:4180} INFO - Setting next_dagrun for setup_lakehouse_infrastructure_v2 to 2024-01-01 00:00:00+00:00, run_after=2024-01-01 00:00:00+00:00
[2026-07-11T00:47:58.276+0000] {processor.py:208} INFO - Processing /opt/airflow/dags/setup_infrastructure_dag_v2.py took 0.113 seconds
[2026-07-11T00:48:28.538+0000] {processor.py:186} INFO - Started process (PID=761) to work on /opt/airflow/dags/setup_infrastructure_dag_v2.py
[2026-07-11T00:48:28.539+0000] {processor.py:914} INFO - Processing file /opt/airflow/dags/setup_infrastructure_dag_v2.py for tasks to queue
[2026-07-11T00:48:28.542+0000] {logging_mixin.py:190} INFO - [2026-07-11T00:48:28.542+0000] {dagbag.py:588} INFO - Filling up the DagBag from /opt/airflow/dags/setup_infrastructure_dag_v2.py
[2026-07-11T00:48:28.575+0000] {processor.py:925} INFO - DAG(s) 'setup_lakehouse_infrastructure_v2' retrieved from /opt/airflow/dags/setup_infrastructure_dag_v2.py
[2026-07-11T00:48:28.602+0000] {logging_mixin.py:190} INFO - [2026-07-11T00:48:28.602+0000] {dag.py:3239} INFO - Sync 1 DAGs
[2026-07-11T00:48:28.626+0000] {logging_mixin.py:190} INFO - [2026-07-11T00:48:28.625+0000] {dag.py:4180} INFO - Setting next_dagrun for setup_lakehouse_infrastructure_v2 to 2024-01-01 00:00:00+00:00, run_after=2024-01-01 00:00:00+00:00
[2026-07-11T00:48:28.650+0000] {processor.py:208} INFO - Processing /opt/airflow/dags/setup_infrastructure_dag_v2.py took 0.120 seconds
[2026-07-11T00:48:59.413+0000] {processor.py:186} INFO - Started process (PID=830) to work on /opt/airflow/dags/setup_infrastructure_dag_v2.py
[2026-07-11T00:48:59.415+0000] {processor.py:914} INFO - Processing file /opt/airflow/dags/setup_infrastructure_dag_v2.py for tasks to queue
[2026-07-11T00:48:59.419+0000] {logging_mixin.py:190} INFO - [2026-07-11T00:48:59.418+0000] {dagbag.py:588} INFO - Filling up the DagBag from /opt/airflow/dags/setup_infrastructure_dag_v2.py
[2026-07-11T00:48:59.449+0000] {processor.py:925} INFO - DAG(s) 'setup_lakehouse_infrastructure_v2' retrieved from /opt/airflow/dags/setup_infrastructure_dag_v2.py
[2026-07-11T00:48:59.492+0000] {logging_mixin.py:190} INFO - [2026-07-11T00:48:59.491+0000] {dag.py:3239} INFO - Sync 1 DAGs
[2026-07-11T00:48:59.527+0000] {logging_mixin.py:190} INFO - [2026-07-11T00:48:59.527+0000] {dag.py:4180} INFO - Setting next_dagrun for setup_lakehouse_infrastructure_v2 to 2024-01-01 00:00:00+00:00, run_after=2024-01-01 00:00:00+00:00
[2026-07-11T00:48:59.560+0000] {processor.py:208} INFO - Processing /opt/airflow/dags/setup_infrastructure_dag_v2.py took 0.153 seconds
[2026-07-11T00:49:29.801+0000] {processor.py:186} INFO - Started process (PID=895) to work on /opt/airflow/dags/setup_infrastructure_dag_v2.py
[2026-07-11T00:49:29.802+0000] {processor.py:914} INFO - Processing file /opt/airflow/dags/setup_infrastructure_dag_v2.py for tasks to queue
[2026-07-11T00:49:29.805+0000] {logging_mixin.py:190} INFO - [2026-07-11T00:49:29.805+0000] {dagbag.py:588} INFO - Filling up the DagBag from /opt/airflow/dags/setup_infrastructure_dag_v2.py
[2026-07-11T00:49:29.849+0000] {processor.py:925} INFO - DAG(s) 'setup_lakehouse_infrastructure_v2' retrieved from /opt/airflow/dags/setup_infrastructure_dag_v2.py
[2026-07-11T00:49:29.880+0000] {logging_mixin.py:190} INFO - [2026-07-11T00:49:29.879+0000] {dag.py:3239} INFO - Sync 1 DAGs
[2026-07-11T00:49:29.903+0000] {logging_mixin.py:190} INFO - [2026-07-11T00:49:29.903+0000] {dag.py:4180} INFO - Setting next_dagrun for setup_lakehouse_infrastructure_v2 to 2024-01-01 00:00:00+00:00, run_after=2024-01-01 00:00:00+00:00
[2026-07-11T00:49:29.928+0000] {processor.py:208} INFO - Processing /opt/airflow/dags/setup_infrastructure_dag_v2.py took 0.132 seconds
[2026-07-11T00:50:00.256+0000] {processor.py:186} INFO - Started process (PID=962) to work on /opt/airflow/dags/setup_infrastructure_dag_v2.py
[2026-07-11T00:50:00.257+0000] {processor.py:914} INFO - Processing file /opt/airflow/dags/setup_infrastructure_dag_v2.py for tasks to queue
[2026-07-11T00:50:00.259+0000] {logging_mixin.py:190} INFO - [2026-07-11T00:50:00.259+0000] {dagbag.py:588} INFO - Filling up the DagBag from /opt/airflow/dags/setup_infrastructure_dag_v2.py
[2026-07-11T00:50:00.292+0000] {processor.py:925} INFO - DAG(s) 'setup_lakehouse_infrastructure_v2' retrieved from /opt/airflow/dags/setup_infrastructure_dag_v2.py
[2026-07-11T00:50:00.323+0000] {logging_mixin.py:190} INFO - [2026-07-11T00:50:00.323+0000] {dag.py:3239} INFO - Sync 1 DAGs
[2026-07-11T00:50:00.348+0000] {logging_mixin.py:190} INFO - [2026-07-11T00:50:00.347+0000] {dag.py:4180} INFO - Setting next_dagrun for setup_lakehouse_infrastructure_v2 to 2024-01-01 00:00:00+00:00, run_after=2024-01-01 00:00:00+00:00
[2026-07-11T00:50:00.372+0000] {processor.py:208} INFO - Processing /opt/airflow/dags/setup_infrastructure_dag_v2.py took 0.122 seconds
[2026-07-11T00:50:30.840+0000] {processor.py:186} INFO - Started process (PID=1217) to work on /opt/airflow/dags/setup_infrastructure_dag_v2.py
[2026-07-11T00:50:30.842+0000] {processor.py:914} INFO - Processing file /opt/airflow/dags/setup_infrastructure_dag_v2.py for tasks to queue
[2026-07-11T00:50:30.844+0000] {logging_mixin.py:190} INFO - [2026-07-11T00:50:30.844+0000] {dagbag.py:588} INFO - Filling up the DagBag from /opt/airflow/dags/setup_infrastructure_dag_v2.py
[2026-07-11T00:50:30.877+0000] {processor.py:925} INFO - DAG(s) 'setup_lakehouse_infrastructure_v2' retrieved from /opt/airflow/dags/setup_infrastructure_dag_v2.py
[2026-07-11T00:50:30.916+0000] {logging_mixin.py:190} INFO - [2026-07-11T00:50:30.915+0000] {dag.py:3239} INFO - Sync 1 DAGs
[2026-07-11T00:50:30.953+0000] {logging_mixin.py:190} INFO - [2026-07-11T00:50:30.952+0000] {dag.py:4180} INFO - Setting next_dagrun for setup_lakehouse_infrastructure_v2 to 2024-01-01 00:00:00+00:00, run_after=2024-01-01 00:00:00+00:00
[2026-07-11T00:50:30.980+0000] {processor.py:208} INFO - Processing /opt/airflow/dags/setup_infrastructure_dag_v2.py took 0.147 seconds
[2026-07-11T00:51:01.173+0000] {processor.py:186} INFO - Started process (PID=1278) to work on /opt/airflow/dags/setup_infrastructure_dag_v2.py
[2026-07-11T00:51:01.174+0000] {processor.py:914} INFO - Processing file /opt/airflow/dags/setup_infrastructure_dag_v2.py for tasks to queue
[2026-07-11T00:51:01.176+0000] {logging_mixin.py:190} INFO - [2026-07-11T00:51:01.176+0000] {dagbag.py:588} INFO - Filling up the DagBag from /opt/airflow/dags/setup_infrastructure_dag_v2.py
[2026-07-11T00:51:01.197+0000] {processor.py:925} INFO - DAG(s) 'setup_lakehouse_infrastructure_v2' retrieved from /opt/airflow/dags/setup_infrastructure_dag_v2.py
[2026-07-11T00:51:01.220+0000] {logging_mixin.py:190} INFO - [2026-07-11T00:51:01.220+0000] {dag.py:3239} INFO - Sync 1 DAGs
[2026-07-11T00:51:01.241+0000] {logging_mixin.py:190} INFO - [2026-07-11T00:51:01.241+0000] {dag.py:4180} INFO - Setting next_dagrun for setup_lakehouse_infrastructure_v2 to 2024-01-01 00:00:00+00:00, run_after=2024-01-01 00:00:00+00:00
[2026-07-11T00:51:01.262+0000] {processor.py:208} INFO - Processing /opt/airflow/dags/setup_infrastructure_dag_v2.py took 0.095 seconds
[2026-07-11T00:51:31.377+0000] {processor.py:186} INFO - Started process (PID=1342) to work on /opt/airflow/dags/setup_infrastructure_dag_v2.py
[2026-07-11T00:51:31.378+0000] {processor.py:914} INFO - Processing file /opt/airflow/dags/setup_infrastructure_dag_v2.py for tasks to queue
[2026-07-11T00:51:31.381+0000] {logging_mixin.py:190} INFO - [2026-07-11T00:51:31.381+0000] {dagbag.py:588} INFO - Filling up the DagBag from /opt/airflow/dags/setup_infrastructure_dag_v2.py
[2026-07-11T00:51:31.423+0000] {processor.py:925} INFO - DAG(s) 'setup_lakehouse_infrastructure_v2' retrieved from /opt/airflow/dags/setup_infrastructure_dag_v2.py
[2026-07-11T00:51:31.452+0000] {logging_mixin.py:190} INFO - [2026-07-11T00:51:31.452+0000] {dag.py:3239} INFO - Sync 1 DAGs
[2026-07-11T00:51:31.475+0000] {logging_mixin.py:190} INFO - [2026-07-11T00:51:31.474+0000] {dag.py:4180} INFO - Setting next_dagrun for setup_lakehouse_infrastructure_v2 to 2024-01-01 00:00:00+00:00, run_after=2024-01-01 00:00:00+00:00
[2026-07-11T00:51:31.498+0000] {processor.py:208} INFO - Processing /opt/airflow/dags/setup_infrastructure_dag_v2.py took 0.127 seconds
[2026-07-11T00:52:02.102+0000] {processor.py:186} INFO - Started process (PID=1412) to work on /opt/airflow/dags/setup_infrastructure_dag_v2.py
[2026-07-11T00:52:02.103+0000] {processor.py:914} INFO - Processing file /opt/airflow/dags/setup_infrastructure_dag_v2.py for tasks to queue
[2026-07-11T00:52:02.105+0000] {logging_mixin.py:190} INFO - [2026-07-11T00:52:02.105+0000] {dagbag.py:588} INFO - Filling up the DagBag from /opt/airflow/dags/setup_infrastructure_dag_v2.py
[2026-07-11T00:52:02.131+0000] {processor.py:925} INFO - DAG(s) 'setup_lakehouse_infrastructure_v2' retrieved from /opt/airflow/dags/setup_infrastructure_dag_v2.py
[2026-07-11T00:52:02.157+0000] {logging_mixin.py:190} INFO - [2026-07-11T00:52:02.157+0000] {dag.py:3239} INFO - Sync 1 DAGs
[2026-07-11T00:52:02.179+0000] {logging_mixin.py:190} INFO - [2026-07-11T00:52:02.179+0000] {dag.py:4180} INFO - Setting next_dagrun for setup_lakehouse_infrastructure_v2 to 2024-01-01 00:00:00+00:00, run_after=2024-01-01 00:00:00+00:00
[2026-07-11T00:52:02.205+0000] {processor.py:208} INFO - Processing /opt/airflow/dags/setup_infrastructure_dag_v2.py took 0.108 seconds
[2026-07-11T00:52:32.740+0000] {processor.py:186} INFO - Started process (PID=1476) to work on /opt/airflow/dags/setup_infrastructure_dag_v2.py
[2026-07-11T00:52:32.742+0000] {processor.py:914} INFO - Processing file /opt/airflow/dags/setup_infrastructure_dag_v2.py for tasks to queue
[2026-07-11T00:52:32.745+0000] {logging_mixin.py:190} INFO - [2026-07-11T00:52:32.745+0000] {dagbag.py:588} INFO - Filling up the DagBag from /opt/airflow/dags/setup_infrastructure_dag_v2.py
[2026-07-11T00:52:32.772+0000] {processor.py:925} INFO - DAG(s) 'setup_lakehouse_infrastructure_v2' retrieved from /opt/airflow/dags/setup_infrastructure_dag_v2.py
[2026-07-11T00:52:32.795+0000] {logging_mixin.py:190} INFO - [2026-07-11T00:52:32.795+0000] {dag.py:3239} INFO - Sync 1 DAGs
[2026-07-11T00:52:32.816+0000] {logging_mixin.py:190} INFO - [2026-07-11T00:52:32.816+0000] {dag.py:4180} INFO - Setting next_dagrun for setup_lakehouse_infrastructure_v2 to 2024-01-01 00:00:00+00:00, run_after=2024-01-01 00:00:00+00:00
[2026-07-11T00:52:32.835+0000] {processor.py:208} INFO - Processing /opt/airflow/dags/setup_infrastructure_dag_v2.py took 0.100 seconds
[2026-07-11T00:53:03.378+0000] {processor.py:186} INFO - Started process (PID=1543) to work on /opt/airflow/dags/setup_infrastructure_dag_v2.py
[2026-07-11T00:53:03.379+0000] {processor.py:914} INFO - Processing file /opt/airflow/dags/setup_infrastructure_dag_v2.py for tasks to queue
[2026-07-11T00:53:03.381+0000] {logging_mixin.py:190} INFO - [2026-07-11T00:53:03.381+0000] {dagbag.py:588} INFO - Filling up the DagBag from /opt/airflow/dags/setup_infrastructure_dag_v2.py
[2026-07-11T00:53:03.409+0000] {processor.py:925} INFO - DAG(s) 'setup_lakehouse_infrastructure_v2' retrieved from /opt/airflow/dags/setup_infrastructure_dag_v2.py
[2026-07-11T00:53:03.432+0000] {logging_mixin.py:190} INFO - [2026-07-11T00:53:03.432+0000] {dag.py:3239} INFO - Sync 1 DAGs
[2026-07-11T00:53:03.452+0000] {logging_mixin.py:190} INFO - [2026-07-11T00:53:03.452+0000] {dag.py:4180} INFO - Setting next_dagrun for setup_lakehouse_infrastructure_v2 to 2024-01-01 00:00:00+00:00, run_after=2024-01-01 00:00:00+00:00
[2026-07-11T00:53:03.470+0000] {processor.py:208} INFO - Processing /opt/airflow/dags/setup_infrastructure_dag_v2.py took 0.097 seconds
[2026-07-11T00:53:33.978+0000] {processor.py:186} INFO - Started process (PID=1610) to work on /opt/airflow/dags/setup_infrastructure_dag_v2.py
[2026-07-11T00:53:33.979+0000] {processor.py:914} INFO - Processing file /opt/airflow/dags/setup_infrastructure_dag_v2.py for tasks to queue
[2026-07-11T00:53:33.981+0000] {logging_mixin.py:190} INFO - [2026-07-11T00:53:33.981+0000] {dagbag.py:588} INFO - Filling up the DagBag from /opt/airflow/dags/setup_infrastructure_dag_v2.py
[2026-07-11T00:53:34.013+0000] {processor.py:925} INFO - DAG(s) 'setup_lakehouse_infrastructure_v2' retrieved from /opt/airflow/dags/setup_infrastructure_dag_v2.py
[2026-07-11T00:53:34.041+0000] {logging_mixin.py:190} INFO - [2026-07-11T00:53:34.041+0000] {dag.py:3239} INFO - Sync 1 DAGs
[2026-07-11T00:53:34.061+0000] {logging_mixin.py:190} INFO - [2026-07-11T00:53:34.061+0000] {dag.py:4180} INFO - Setting next_dagrun for setup_lakehouse_infrastructure_v2 to 2024-01-01 00:00:00+00:00, run_after=2024-01-01 00:00:00+00:00
[2026-07-11T00:53:34.081+0000] {processor.py:208} INFO - Processing /opt/airflow/dags/setup_infrastructure_dag_v2.py took 0.111 seconds
[2026-07-11T00:54:04.635+0000] {processor.py:186} INFO - Started process (PID=1677) to work on /opt/airflow/dags/setup_infrastructure_dag_v2.py
[2026-07-11T00:54:04.636+0000] {processor.py:914} INFO - Processing file /opt/airflow/dags/setup_infrastructure_dag_v2.py for tasks to queue
[2026-07-11T00:54:04.638+0000] {logging_mixin.py:190} INFO - [2026-07-11T00:54:04.638+0000] {dagbag.py:588} INFO - Filling up the DagBag from /opt/airflow/dags/setup_infrastructure_dag_v2.py
[2026-07-11T00:54:04.664+0000] {processor.py:925} INFO - DAG(s) 'setup_lakehouse_infrastructure_v2' retrieved from /opt/airflow/dags/setup_infrastructure_dag_v2.py
[2026-07-11T00:54:04.688+0000] {logging_mixin.py:190} INFO - [2026-07-11T00:54:04.687+0000] {dag.py:3239} INFO - Sync 1 DAGs
[2026-07-11T00:54:04.709+0000] {logging_mixin.py:190} INFO - [2026-07-11T00:54:04.709+0000] {dag.py:4180} INFO - Setting next_dagrun for setup_lakehouse_infrastructure_v2 to 2024-01-01 00:00:00+00:00, run_after=2024-01-01 00:00:00+00:00
[2026-07-11T00:54:04.732+0000] {processor.py:208} INFO - Processing /opt/airflow/dags/setup_infrastructure_dag_v2.py took 0.102 seconds
[2026-07-11T00:54:35.352+0000] {processor.py:186} INFO - Started process (PID=1744) to work on /opt/airflow/dags/setup_infrastructure_dag_v2.py
[2026-07-11T00:54:35.353+0000] {processor.py:914} INFO - Processing file /opt/airflow/dags/setup_infrastructure_dag_v2.py for tasks to queue
[2026-07-11T00:54:35.356+0000] {logging_mixin.py:190} INFO - [2026-07-11T00:54:35.356+0000] {dagbag.py:588} INFO - Filling up the DagBag from /opt/airflow/dags/setup_infrastructure_dag_v2.py
[2026-07-11T00:54:35.384+0000] {processor.py:925} INFO - DAG(s) 'setup_lakehouse_infrastructure_v2' retrieved from /opt/airflow/dags/setup_infrastructure_dag_v2.py
[2026-07-11T00:54:35.410+0000] {logging_mixin.py:190} INFO - [2026-07-11T00:54:35.410+0000] {dag.py:3239} INFO - Sync 1 DAGs
[2026-07-11T00:54:35.430+0000] {logging_mixin.py:190} INFO - [2026-07-11T00:54:35.429+0000] {dag.py:4180} INFO - Setting next_dagrun for setup_lakehouse_infrastructure_v2 to 2024-01-01 00:00:00+00:00, run_after=2024-01-01 00:00:00+00:00
[2026-07-11T00:54:35.448+0000] {processor.py:208} INFO - Processing /opt/airflow/dags/setup_infrastructure_dag_v2.py took 0.102 seconds
[2026-07-11T00:55:06.939+0000] {processor.py:186} INFO - Started process (PID=1820) to work on /opt/airflow/dags/setup_infrastructure_dag_v2.py
[2026-07-11T00:55:06.940+0000] {processor.py:914} INFO - Processing file /opt/airflow/dags/setup_infrastructure_dag_v2.py for tasks to queue
[2026-07-11T00:55:06.943+0000] {logging_mixin.py:190} INFO - [2026-07-11T00:55:06.942+0000] {dagbag.py:588} INFO - Filling up the DagBag from /opt/airflow/dags/setup_infrastructure_dag_v2.py
[2026-07-11T00:55:06.966+0000] {processor.py:925} INFO - DAG(s) 'setup_lakehouse_infrastructure_v2' retrieved from /opt/airflow/dags/setup_infrastructure_dag_v2.py
[2026-07-11T00:55:06.995+0000] {logging_mixin.py:190} INFO - [2026-07-11T00:55:06.995+0000] {dag.py:3239} INFO - Sync 1 DAGs
[2026-07-11T00:55:07.019+0000] {logging_mixin.py:190} INFO - [2026-07-11T00:55:07.018+0000] {dag.py:4180} INFO - Setting next_dagrun for setup_lakehouse_infrastructure_v2 to 2024-01-01 00:00:00+00:00, run_after=2024-01-01 00:00:00+00:00
[2026-07-11T00:55:07.042+0000] {processor.py:208} INFO - Processing /opt/airflow/dags/setup_infrastructure_dag_v2.py took 0.108 seconds
[2026-07-11T00:55:37.839+0000] {processor.py:186} INFO - Started process (PID=1887) to work on /opt/airflow/dags/setup_infrastructure_dag_v2.py
[2026-07-11T00:55:37.840+0000] {processor.py:914} INFO - Processing file /opt/airflow/dags/setup_infrastructure_dag_v2.py for tasks to queue
[2026-07-11T00:55:37.842+0000] {logging_mixin.py:190} INFO - [2026-07-11T00:55:37.842+0000] {dagbag.py:588} INFO - Filling up the DagBag from /opt/airflow/dags/setup_infrastructure_dag_v2.py
[2026-07-11T00:55:37.867+0000] {processor.py:925} INFO - DAG(s) 'setup_lakehouse_infrastructure_v2' retrieved from /opt/airflow/dags/setup_infrastructure_dag_v2.py
[2026-07-11T00:55:37.900+0000] {logging_mixin.py:190} INFO - [2026-07-11T00:55:37.900+0000] {dag.py:3239} INFO - Sync 1 DAGs
[2026-07-11T00:55:37.925+0000] {logging_mixin.py:190} INFO - [2026-07-11T00:55:37.925+0000] {dag.py:4180} INFO - Setting next_dagrun for setup_lakehouse_infrastructure_v2 to 2024-01-01 00:00:00+00:00, run_after=2024-01-01 00:00:00+00:00
[2026-07-11T00:55:37.951+0000] {processor.py:208} INFO - Processing /opt/airflow/dags/setup_infrastructure_dag_v2.py took 0.119 seconds
[2026-07-11T00:56:08.828+0000] {processor.py:186} INFO - Started process (PID=1951) to work on /opt/airflow/dags/setup_infrastructure_dag_v2.py
[2026-07-11T00:56:08.829+0000] {processor.py:914} INFO - Processing file /opt/airflow/dags/setup_infrastructure_dag_v2.py for tasks to queue
[2026-07-11T00:56:08.831+0000] {logging_mixin.py:190} INFO - [2026-07-11T00:56:08.831+0000] {dagbag.py:588} INFO - Filling up the DagBag from /opt/airflow/dags/setup_infrastructure_dag_v2.py
[2026-07-11T00:56:08.858+0000] {processor.py:925} INFO - DAG(s) 'setup_lakehouse_infrastructure_v2' retrieved from /opt/airflow/dags/setup_infrastructure_dag_v2.py
[2026-07-11T00:56:08.890+0000] {logging_mixin.py:190} INFO - [2026-07-11T00:56:08.890+0000] {dag.py:3239} INFO - Sync 1 DAGs
[2026-07-11T00:56:08.915+0000] {logging_mixin.py:190} INFO - [2026-07-11T00:56:08.915+0000] {dag.py:4180} INFO - Setting next_dagrun for setup_lakehouse_infrastructure_v2 to 2024-01-01 00:00:00+00:00, run_after=2024-01-01 00:00:00+00:00
[2026-07-11T00:56:08.938+0000] {processor.py:208} INFO - Processing /opt/airflow/dags/setup_infrastructure_dag_v2.py took 0.115 seconds
[2026-07-11T00:56:39.353+0000] {processor.py:186} INFO - Started process (PID=2015) to work on /opt/airflow/dags/setup_infrastructure_dag_v2.py
[2026-07-11T00:56:39.354+0000] {processor.py:914} INFO - Processing file /opt/airflow/dags/setup_infrastructure_dag_v2.py for tasks to queue
[2026-07-11T00:56:39.357+0000] {logging_mixin.py:190} INFO - [2026-07-11T00:56:39.356+0000] {dagbag.py:588} INFO - Filling up the DagBag from /opt/airflow/dags/setup_infrastructure_dag_v2.py
[2026-07-11T00:56:39.381+0000] {processor.py:925} INFO - DAG(s) 'setup_lakehouse_infrastructure_v2' retrieved from /opt/airflow/dags/setup_infrastructure_dag_v2.py
[2026-07-11T00:56:39.407+0000] {logging_mixin.py:190} INFO - [2026-07-11T00:56:39.407+0000] {dag.py:3239} INFO - Sync 1 DAGs
[2026-07-11T00:56:39.432+0000] {logging_mixin.py:190} INFO - [2026-07-11T00:56:39.432+0000] {dag.py:4180} INFO - Setting next_dagrun for setup_lakehouse_infrastructure_v2 to 2024-01-01 00:00:00+00:00, run_after=2024-01-01 00:00:00+00:00
[2026-07-11T00:56:39.456+0000] {processor.py:208} INFO - Processing /opt/airflow/dags/setup_infrastructure_dag_v2.py took 0.108 seconds
[2026-07-11T00:57:10.103+0000] {processor.py:186} INFO - Started process (PID=2079) to work on /opt/airflow/dags/setup_infrastructure_dag_v2.py
[2026-07-11T00:57:10.104+0000] {processor.py:914} INFO - Processing file /opt/airflow/dags/setup_infrastructure_dag_v2.py for tasks to queue
[2026-07-11T00:57:10.106+0000] {logging_mixin.py:190} INFO - [2026-07-11T00:57:10.105+0000] {dagbag.py:588} INFO - Filling up the DagBag from /opt/airflow/dags/setup_infrastructure_dag_v2.py
[2026-07-11T00:57:10.134+0000] {processor.py:925} INFO - DAG(s) 'setup_lakehouse_infrastructure_v2' retrieved from /opt/airflow/dags/setup_infrastructure_dag_v2.py
[2026-07-11T00:57:10.180+0000] {logging_mixin.py:190} INFO - [2026-07-11T00:57:10.179+0000] {dag.py:3239} INFO - Sync 1 DAGs
[2026-07-11T00:57:10.214+0000] {logging_mixin.py:190} INFO - [2026-07-11T00:57:10.214+0000] {dag.py:4180} INFO - Setting next_dagrun for setup_lakehouse_infrastructure_v2 to 2024-01-01 00:00:00+00:00, run_after=2024-01-01 00:00:00+00:00
[2026-07-11T00:57:10.234+0000] {processor.py:208} INFO - Processing /opt/airflow/dags/setup_infrastructure_dag_v2.py took 0.136 seconds
[2026-07-11T01:30:43.065+0000] {processor.py:186} INFO - Started process (PID=218) to work on /opt/airflow/dags/setup_infrastructure_dag_v2.py
[2026-07-11T01:30:43.067+0000] {processor.py:914} INFO - Processing file /opt/airflow/dags/setup_infrastructure_dag_v2.py for tasks to queue
[2026-07-11T01:30:43.071+0000] {logging_mixin.py:190} INFO - [2026-07-11T01:30:43.070+0000] {dagbag.py:588} INFO - Filling up the DagBag from /opt/airflow/dags/setup_infrastructure_dag_v2.py
[2026-07-11T01:30:43.106+0000] {processor.py:925} INFO - DAG(s) 'setup_lakehouse_infrastructure_v2' retrieved from /opt/airflow/dags/setup_infrastructure_dag_v2.py
[2026-07-11T01:30:43.176+0000] {logging_mixin.py:190} INFO - [2026-07-11T01:30:43.175+0000] {override.py:1900} INFO - Created Permission View: can edit on DAG:setup_lakehouse_infrastructure_v2
[2026-07-11T01:30:43.190+0000] {logging_mixin.py:190} INFO - [2026-07-11T01:30:43.190+0000] {override.py:1900} INFO - Created Permission View: can delete on DAG:setup_lakehouse_infrastructure_v2
[2026-07-11T01:30:43.198+0000] {logging_mixin.py:190} INFO - [2026-07-11T01:30:43.198+0000] {override.py:1900} INFO - Created Permission View: can read on DAG:setup_lakehouse_infrastructure_v2
[2026-07-11T01:30:43.207+0000] {logging_mixin.py:190} INFO - [2026-07-11T01:30:43.207+0000] {override.py:1900} INFO - Created Permission View: can delete on DAG Run:setup_lakehouse_infrastructure_v2
[2026-07-11T01:30:43.216+0000] {logging_mixin.py:190} INFO - [2026-07-11T01:30:43.216+0000] {override.py:1900} INFO - Created Permission View: can read on DAG Run:setup_lakehouse_infrastructure_v2
[2026-07-11T01:30:43.224+0000] {logging_mixin.py:190} INFO - [2026-07-11T01:30:43.224+0000] {override.py:1900} INFO - Created Permission View: menu access on DAG Run:setup_lakehouse_infrastructure_v2
[2026-07-11T01:30:43.233+0000] {logging_mixin.py:190} INFO - [2026-07-11T01:30:43.233+0000] {override.py:1900} INFO - Created Permission View: can create on DAG Run:setup_lakehouse_infrastructure_v2
[2026-07-11T01:30:43.234+0000] {logging_mixin.py:190} INFO - [2026-07-11T01:30:43.233+0000] {dag.py:3239} INFO - Sync 1 DAGs
[2026-07-11T01:30:43.252+0000] {logging_mixin.py:190} INFO - [2026-07-11T01:30:43.251+0000] {dag.py:3262} INFO - Creating ORM DAG for setup_lakehouse_infrastructure_v2
[2026-07-11T01:30:43.263+0000] {logging_mixin.py:190} INFO - [2026-07-11T01:30:43.262+0000] {dag.py:4180} INFO - Setting next_dagrun for setup_lakehouse_infrastructure_v2 to 2024-01-01 00:00:00+00:00, run_after=2024-01-01 00:00:00+00:00
[2026-07-11T01:30:43.292+0000] {processor.py:208} INFO - Processing /opt/airflow/dags/setup_infrastructure_dag_v2.py took 0.232 seconds
[2026-07-11T01:31:13.760+0000] {processor.py:186} INFO - Started process (PID=285) to work on /opt/airflow/dags/setup_infrastructure_dag_v2.py
[2026-07-11T01:31:13.762+0000] {processor.py:914} INFO - Processing file /opt/airflow/dags/setup_infrastructure_dag_v2.py for tasks to queue
[2026-07-11T01:31:13.765+0000] {logging_mixin.py:190} INFO - [2026-07-11T01:31:13.764+0000] {dagbag.py:588} INFO - Filling up the DagBag from /opt/airflow/dags/setup_infrastructure_dag_v2.py
[2026-07-11T01:31:13.795+0000] {processor.py:925} INFO - DAG(s) 'setup_lakehouse_infrastructure_v2' retrieved from /opt/airflow/dags/setup_infrastructure_dag_v2.py
[2026-07-11T01:31:13.824+0000] {logging_mixin.py:190} INFO - [2026-07-11T01:31:13.824+0000] {dag.py:3239} INFO - Sync 1 DAGs
[2026-07-11T01:31:13.842+0000] {logging_mixin.py:190} INFO - [2026-07-11T01:31:13.842+0000] {dag.py:4180} INFO - Setting next_dagrun for setup_lakehouse_infrastructure_v2 to 2024-01-01 00:00:00+00:00, run_after=2024-01-01 00:00:00+00:00
[2026-07-11T01:31:13.860+0000] {processor.py:208} INFO - Processing /opt/airflow/dags/setup_infrastructure_dag_v2.py took 0.105 seconds
[2026-07-11T01:31:44.658+0000] {processor.py:186} INFO - Started process (PID=352) to work on /opt/airflow/dags/setup_infrastructure_dag_v2.py
[2026-07-11T01:31:44.658+0000] {processor.py:914} INFO - Processing file /opt/airflow/dags/setup_infrastructure_dag_v2.py for tasks to queue
[2026-07-11T01:31:44.661+0000] {logging_mixin.py:190} INFO - [2026-07-11T01:31:44.660+0000] {dagbag.py:588} INFO - Filling up the DagBag from /opt/airflow/dags/setup_infrastructure_dag_v2.py
[2026-07-11T01:31:44.686+0000] {processor.py:925} INFO - DAG(s) 'setup_lakehouse_infrastructure_v2' retrieved from /opt/airflow/dags/setup_infrastructure_dag_v2.py
[2026-07-11T01:31:44.710+0000] {logging_mixin.py:190} INFO - [2026-07-11T01:31:44.710+0000] {dag.py:3239} INFO - Sync 1 DAGs
[2026-07-11T01:31:44.730+0000] {logging_mixin.py:190} INFO - [2026-07-11T01:31:44.729+0000] {dag.py:4180} INFO - Setting next_dagrun for setup_lakehouse_infrastructure_v2 to 2024-01-01 00:00:00+00:00, run_after=2024-01-01 00:00:00+00:00
[2026-07-11T01:31:44.750+0000] {processor.py:208} INFO - Processing /opt/airflow/dags/setup_infrastructure_dag_v2.py took 0.098 seconds
[2026-07-11T01:32:15.146+0000] {processor.py:186} INFO - Started process (PID=419) to work on /opt/airflow/dags/setup_infrastructure_dag_v2.py
[2026-07-11T01:32:15.148+0000] {processor.py:914} INFO - Processing file /opt/airflow/dags/setup_infrastructure_dag_v2.py for tasks to queue
[2026-07-11T01:32:15.150+0000] {logging_mixin.py:190} INFO - [2026-07-11T01:32:15.150+0000] {dagbag.py:588} INFO - Filling up the DagBag from /opt/airflow/dags/setup_infrastructure_dag_v2.py
[2026-07-11T01:32:15.172+0000] {processor.py:925} INFO - DAG(s) 'setup_lakehouse_infrastructure_v2' retrieved from /opt/airflow/dags/setup_infrastructure_dag_v2.py
[2026-07-11T01:32:15.194+0000] {logging_mixin.py:190} INFO - [2026-07-11T01:32:15.194+0000] {dag.py:3239} INFO - Sync 1 DAGs
[2026-07-11T01:32:15.212+0000] {logging_mixin.py:190} INFO - [2026-07-11T01:32:15.212+0000] {dag.py:4180} INFO - Setting next_dagrun for setup_lakehouse_infrastructure_v2 to 2024-01-01 00:00:00+00:00, run_after=2024-01-01 00:00:00+00:00
[2026-07-11T01:32:15.235+0000] {processor.py:208} INFO - Processing /opt/airflow/dags/setup_infrastructure_dag_v2.py took 0.094 seconds
[2026-07-11T01:32:45.832+0000] {processor.py:186} INFO - Started process (PID=486) to work on /opt/airflow/dags/setup_infrastructure_dag_v2.py
[2026-07-11T01:32:45.832+0000] {processor.py:914} INFO - Processing file /opt/airflow/dags/setup_infrastructure_dag_v2.py for tasks to queue
[2026-07-11T01:32:45.835+0000] {logging_mixin.py:190} INFO - [2026-07-11T01:32:45.835+0000] {dagbag.py:588} INFO - Filling up the DagBag from /opt/airflow/dags/setup_infrastructure_dag_v2.py
[2026-07-11T01:32:45.859+0000] {processor.py:925} INFO - DAG(s) 'setup_lakehouse_infrastructure_v2' retrieved from /opt/airflow/dags/setup_infrastructure_dag_v2.py
[2026-07-11T01:32:45.882+0000] {logging_mixin.py:190} INFO - [2026-07-11T01:32:45.882+0000] {dag.py:3239} INFO - Sync 1 DAGs
[2026-07-11T01:32:45.904+0000] {logging_mixin.py:190} INFO - [2026-07-11T01:32:45.904+0000] {dag.py:4180} INFO - Setting next_dagrun for setup_lakehouse_infrastructure_v2 to 2024-01-01 00:00:00+00:00, run_after=2024-01-01 00:00:00+00:00
[2026-07-11T01:32:45.926+0000] {processor.py:208} INFO - Processing /opt/airflow/dags/setup_infrastructure_dag_v2.py took 0.099 seconds
[2026-07-11T01:33:16.341+0000] {processor.py:186} INFO - Started process (PID=553) to work on /opt/airflow/dags/setup_infrastructure_dag_v2.py
[2026-07-11T01:33:16.343+0000] {processor.py:914} INFO - Processing file /opt/airflow/dags/setup_infrastructure_dag_v2.py for tasks to queue
[2026-07-11T01:33:16.345+0000] {logging_mixin.py:190} INFO - [2026-07-11T01:33:16.345+0000] {dagbag.py:588} INFO - Filling up the DagBag from /opt/airflow/dags/setup_infrastructure_dag_v2.py
[2026-07-11T01:33:16.369+0000] {processor.py:925} INFO - DAG(s) 'setup_lakehouse_infrastructure_v2' retrieved from /opt/airflow/dags/setup_infrastructure_dag_v2.py
[2026-07-11T01:33:16.392+0000] {logging_mixin.py:190} INFO - [2026-07-11T01:33:16.392+0000] {dag.py:3239} INFO - Sync 1 DAGs
[2026-07-11T01:33:16.411+0000] {logging_mixin.py:190} INFO - [2026-07-11T01:33:16.411+0000] {dag.py:4180} INFO - Setting next_dagrun for setup_lakehouse_infrastructure_v2 to 2024-01-01 00:00:00+00:00, run_after=2024-01-01 00:00:00+00:00
[2026-07-11T01:33:16.430+0000] {processor.py:208} INFO - Processing /opt/airflow/dags/setup_infrastructure_dag_v2.py took 0.094 seconds
[2026-07-11T01:33:46.746+0000] {processor.py:186} INFO - Started process (PID=620) to work on /opt/airflow/dags/setup_infrastructure_dag_v2.py
[2026-07-11T01:33:46.747+0000] {processor.py:914} INFO - Processing file /opt/airflow/dags/setup_infrastructure_dag_v2.py for tasks to queue
[2026-07-11T01:33:46.750+0000] {logging_mixin.py:190} INFO - [2026-07-11T01:33:46.749+0000] {dagbag.py:588} INFO - Filling up the DagBag from /opt/airflow/dags/setup_infrastructure_dag_v2.py
[2026-07-11T01:33:46.779+0000] {processor.py:925} INFO - DAG(s) 'setup_lakehouse_infrastructure_v2' retrieved from /opt/airflow/dags/setup_infrastructure_dag_v2.py
[2026-07-11T01:33:46.802+0000] {logging_mixin.py:190} INFO - [2026-07-11T01:33:46.802+0000] {dag.py:3239} INFO - Sync 1 DAGs
[2026-07-11T01:33:46.822+0000] {logging_mixin.py:190} INFO - [2026-07-11T01:33:46.822+0000] {dag.py:4180} INFO - Setting next_dagrun for setup_lakehouse_infrastructure_v2 to 2024-01-01 00:00:00+00:00, run_after=2024-01-01 00:00:00+00:00
[2026-07-11T01:33:46.842+0000] {processor.py:208} INFO - Processing /opt/airflow/dags/setup_infrastructure_dag_v2.py took 0.101 seconds
[2026-07-11T01:34:17.178+0000] {processor.py:186} INFO - Started process (PID=684) to work on /opt/airflow/dags/setup_infrastructure_dag_v2.py
[2026-07-11T01:34:17.179+0000] {processor.py:914} INFO - Processing file /opt/airflow/dags/setup_infrastructure_dag_v2.py for tasks to queue
[2026-07-11T01:34:17.181+0000] {logging_mixin.py:190} INFO - [2026-07-11T01:34:17.181+0000] {dagbag.py:588} INFO - Filling up the DagBag from /opt/airflow/dags/setup_infrastructure_dag_v2.py
[2026-07-11T01:34:17.207+0000] {processor.py:925} INFO - DAG(s) 'setup_lakehouse_infrastructure_v2' retrieved from /opt/airflow/dags/setup_infrastructure_dag_v2.py
[2026-07-11T01:34:17.233+0000] {logging_mixin.py:190} INFO - [2026-07-11T01:34:17.233+0000] {dag.py:3239} INFO - Sync 1 DAGs
[2026-07-11T01:34:17.256+0000] {logging_mixin.py:190} INFO - [2026-07-11T01:34:17.256+0000] {dag.py:4180} INFO - Setting next_dagrun for setup_lakehouse_infrastructure_v2 to 2024-01-01 00:00:00+00:00, run_after=2024-01-01 00:00:00+00:00
[2026-07-11T01:34:17.283+0000] {processor.py:208} INFO - Processing /opt/airflow/dags/setup_infrastructure_dag_v2.py took 0.111 seconds
[2026-07-11T01:34:47.685+0000] {processor.py:186} INFO - Started process (PID=751) to work on /opt/airflow/dags/setup_infrastructure_dag_v2.py
[2026-07-11T01:34:47.686+0000] {processor.py:914} INFO - Processing file /opt/airflow/dags/setup_infrastructure_dag_v2.py for tasks to queue
[2026-07-11T01:34:47.688+0000] {logging_mixin.py:190} INFO - [2026-07-11T01:34:47.688+0000] {dagbag.py:588} INFO - Filling up the DagBag from /opt/airflow/dags/setup_infrastructure_dag_v2.py
[2026-07-11T01:34:47.712+0000] {processor.py:925} INFO - DAG(s) 'setup_lakehouse_infrastructure_v2' retrieved from /opt/airflow/dags/setup_infrastructure_dag_v2.py
[2026-07-11T01:34:47.735+0000] {logging_mixin.py:190} INFO - [2026-07-11T01:34:47.735+0000] {dag.py:3239} INFO - Sync 1 DAGs
[2026-07-11T01:34:47.756+0000] {logging_mixin.py:190} INFO - [2026-07-11T01:34:47.756+0000] {dag.py:4180} INFO - Setting next_dagrun for setup_lakehouse_infrastructure_v2 to 2024-01-01 00:00:00+00:00, run_after=2024-01-01 00:00:00+00:00
[2026-07-11T01:34:47.782+0000] {processor.py:208} INFO - Processing /opt/airflow/dags/setup_infrastructure_dag_v2.py took 0.103 seconds
[2026-07-11T01:35:18.209+0000] {processor.py:186} INFO - Started process (PID=818) to work on /opt/airflow/dags/setup_infrastructure_dag_v2.py
[2026-07-11T01:35:18.210+0000] {processor.py:914} INFO - Processing file /opt/airflow/dags/setup_infrastructure_dag_v2.py for tasks to queue
[2026-07-11T01:35:18.212+0000] {logging_mixin.py:190} INFO - [2026-07-11T01:35:18.212+0000] {dagbag.py:588} INFO - Filling up the DagBag from /opt/airflow/dags/setup_infrastructure_dag_v2.py
[2026-07-11T01:35:18.236+0000] {processor.py:925} INFO - DAG(s) 'setup_lakehouse_infrastructure_v2' retrieved from /opt/airflow/dags/setup_infrastructure_dag_v2.py
[2026-07-11T01:35:18.260+0000] {logging_mixin.py:190} INFO - [2026-07-11T01:35:18.259+0000] {dag.py:3239} INFO - Sync 1 DAGs
[2026-07-11T01:35:18.281+0000] {logging_mixin.py:190} INFO - [2026-07-11T01:35:18.281+0000] {dag.py:4180} INFO - Setting next_dagrun for setup_lakehouse_infrastructure_v2 to 2024-01-01 00:00:00+00:00, run_after=2024-01-01 00:00:00+00:00
[2026-07-11T01:35:18.304+0000] {processor.py:208} INFO - Processing /opt/airflow/dags/setup_infrastructure_dag_v2.py took 0.100 seconds
[2026-07-11T01:35:48.652+0000] {processor.py:186} INFO - Started process (PID=885) to work on /opt/airflow/dags/setup_infrastructure_dag_v2.py
[2026-07-11T01:35:48.653+0000] {processor.py:914} INFO - Processing file /opt/airflow/dags/setup_infrastructure_dag_v2.py for tasks to queue
[2026-07-11T01:35:48.655+0000] {logging_mixin.py:190} INFO - [2026-07-11T01:35:48.655+0000] {dagbag.py:588} INFO - Filling up the DagBag from /opt/airflow/dags/setup_infrastructure_dag_v2.py
[2026-07-11T01:35:48.679+0000] {processor.py:925} INFO - DAG(s) 'setup_lakehouse_infrastructure_v2' retrieved from /opt/airflow/dags/setup_infrastructure_dag_v2.py
[2026-07-11T01:35:48.702+0000] {logging_mixin.py:190} INFO - [2026-07-11T01:35:48.702+0000] {dag.py:3239} INFO - Sync 1 DAGs
[2026-07-11T01:35:48.725+0000] {logging_mixin.py:190} INFO - [2026-07-11T01:35:48.725+0000] {dag.py:4180} INFO - Setting next_dagrun for setup_lakehouse_infrastructure_v2 to 2024-01-01 00:00:00+00:00, run_after=2024-01-01 00:00:00+00:00
[2026-07-11T01:35:48.746+0000] {processor.py:208} INFO - Processing /opt/airflow/dags/setup_infrastructure_dag_v2.py took 0.099 seconds
[2026-07-11T01:36:19.288+0000] {processor.py:186} INFO - Started process (PID=952) to work on /opt/airflow/dags/setup_infrastructure_dag_v2.py
[2026-07-11T01:36:19.289+0000] {processor.py:914} INFO - Processing file /opt/airflow/dags/setup_infrastructure_dag_v2.py for tasks to queue
[2026-07-11T01:36:19.291+0000] {logging_mixin.py:190} INFO - [2026-07-11T01:36:19.291+0000] {dagbag.py:588} INFO - Filling up the DagBag from /opt/airflow/dags/setup_infrastructure_dag_v2.py
[2026-07-11T01:36:19.313+0000] {processor.py:925} INFO - DAG(s) 'setup_lakehouse_infrastructure_v2' retrieved from /opt/airflow/dags/setup_infrastructure_dag_v2.py
[2026-07-11T01:36:19.337+0000] {logging_mixin.py:190} INFO - [2026-07-11T01:36:19.337+0000] {dag.py:3239} INFO - Sync 1 DAGs
[2026-07-11T01:36:19.359+0000] {logging_mixin.py:190} INFO - [2026-07-11T01:36:19.359+0000] {dag.py:4180} INFO - Setting next_dagrun for setup_lakehouse_infrastructure_v2 to 2024-01-01 00:00:00+00:00, run_after=2024-01-01 00:00:00+00:00
[2026-07-11T01:36:19.382+0000] {processor.py:208} INFO - Processing /opt/airflow/dags/setup_infrastructure_dag_v2.py took 0.099 seconds
[2026-07-11T01:36:50.345+0000] {processor.py:186} INFO - Started process (PID=1025) to work on /opt/airflow/dags/setup_infrastructure_dag_v2.py
[2026-07-11T01:36:50.346+0000] {processor.py:914} INFO - Processing file /opt/airflow/dags/setup_infrastructure_dag_v2.py for tasks to queue
[2026-07-11T01:36:50.350+0000] {logging_mixin.py:190} INFO - [2026-07-11T01:36:50.349+0000] {dagbag.py:588} INFO - Filling up the DagBag from /opt/airflow/dags/setup_infrastructure_dag_v2.py
[2026-07-11T01:36:50.382+0000] {processor.py:925} INFO - DAG(s) 'setup_lakehouse_infrastructure_v2' retrieved from /opt/airflow/dags/setup_infrastructure_dag_v2.py
[2026-07-11T01:36:50.414+0000] {logging_mixin.py:190} INFO - [2026-07-11T01:36:50.414+0000] {dag.py:3239} INFO - Sync 1 DAGs
[2026-07-11T01:36:50.452+0000] {logging_mixin.py:190} INFO - [2026-07-11T01:36:50.452+0000] {dag.py:4180} INFO - Setting next_dagrun for setup_lakehouse_infrastructure_v2 to 2024-01-01 00:00:00+00:00, run_after=2024-01-01 00:00:00+00:00
[2026-07-11T01:36:50.485+0000] {processor.py:208} INFO - Processing /opt/airflow/dags/setup_infrastructure_dag_v2.py took 0.146 seconds
[2026-07-11T01:37:21.148+0000] {processor.py:186} INFO - Started process (PID=1282) to work on /opt/airflow/dags/setup_infrastructure_dag_v2.py
[2026-07-11T01:37:21.149+0000] {processor.py:914} INFO - Processing file /opt/airflow/dags/setup_infrastructure_dag_v2.py for tasks to queue
[2026-07-11T01:37:21.151+0000] {logging_mixin.py:190} INFO - [2026-07-11T01:37:21.151+0000] {dagbag.py:588} INFO - Filling up the DagBag from /opt/airflow/dags/setup_infrastructure_dag_v2.py
[2026-07-11T01:37:21.174+0000] {processor.py:925} INFO - DAG(s) 'setup_lakehouse_infrastructure_v2' retrieved from /opt/airflow/dags/setup_infrastructure_dag_v2.py
[2026-07-11T01:37:21.197+0000] {logging_mixin.py:190} INFO - [2026-07-11T01:37:21.197+0000] {dag.py:3239} INFO - Sync 1 DAGs
[2026-07-11T01:37:21.218+0000] {logging_mixin.py:190} INFO - [2026-07-11T01:37:21.218+0000] {dag.py:4180} INFO - Setting next_dagrun for setup_lakehouse_infrastructure_v2 to 2024-01-01 00:00:00+00:00, run_after=2024-01-01 00:00:00+00:00
[2026-07-11T01:37:21.245+0000] {processor.py:208} INFO - Processing /opt/airflow/dags/setup_infrastructure_dag_v2.py took 0.102 seconds
[2026-07-11T01:37:51.957+0000] {processor.py:186} INFO - Started process (PID=1349) to work on /opt/airflow/dags/setup_infrastructure_dag_v2.py
[2026-07-11T01:37:51.958+0000] {processor.py:914} INFO - Processing file /opt/airflow/dags/setup_infrastructure_dag_v2.py for tasks to queue
[2026-07-11T01:37:51.960+0000] {logging_mixin.py:190} INFO - [2026-07-11T01:37:51.960+0000] {dagbag.py:588} INFO - Filling up the DagBag from /opt/airflow/dags/setup_infrastructure_dag_v2.py
[2026-07-11T01:37:51.986+0000] {processor.py:925} INFO - DAG(s) 'setup_lakehouse_infrastructure_v2' retrieved from /opt/airflow/dags/setup_infrastructure_dag_v2.py
[2026-07-11T01:37:52.011+0000] {logging_mixin.py:190} INFO - [2026-07-11T01:37:52.011+0000] {dag.py:3239} INFO - Sync 1 DAGs
[2026-07-11T01:37:52.034+0000] {logging_mixin.py:190} INFO - [2026-07-11T01:37:52.033+0000] {dag.py:4180} INFO - Setting next_dagrun for setup_lakehouse_infrastructure_v2 to 2024-01-01 00:00:00+00:00, run_after=2024-01-01 00:00:00+00:00
[2026-07-11T01:37:52.058+0000] {processor.py:208} INFO - Processing /opt/airflow/dags/setup_infrastructure_dag_v2.py took 0.107 seconds
[2026-07-11T01:38:22.834+0000] {processor.py:186} INFO - Started process (PID=1416) to work on /opt/airflow/dags/setup_infrastructure_dag_v2.py
[2026-07-11T01:38:22.835+0000] {processor.py:914} INFO - Processing file /opt/airflow/dags/setup_infrastructure_dag_v2.py for tasks to queue
[2026-07-11T01:38:22.837+0000] {logging_mixin.py:190} INFO - [2026-07-11T01:38:22.837+0000] {dagbag.py:588} INFO - Filling up the DagBag from /opt/airflow/dags/setup_infrastructure_dag_v2.py
[2026-07-11T01:38:22.861+0000] {processor.py:925} INFO - DAG(s) 'setup_lakehouse_infrastructure_v2' retrieved from /opt/airflow/dags/setup_infrastructure_dag_v2.py
[2026-07-11T01:38:22.886+0000] {logging_mixin.py:190} INFO - [2026-07-11T01:38:22.885+0000] {dag.py:3239} INFO - Sync 1 DAGs
[2026-07-11T01:38:22.912+0000] {logging_mixin.py:190} INFO - [2026-07-11T01:38:22.912+0000] {dag.py:4180} INFO - Setting next_dagrun for setup_lakehouse_infrastructure_v2 to 2024-01-01 00:00:00+00:00, run_after=2024-01-01 00:00:00+00:00
[2026-07-11T01:38:22.932+0000] {processor.py:208} INFO - Processing /opt/airflow/dags/setup_infrastructure_dag_v2.py took 0.103 seconds
[2026-07-11T01:54:38.695+0000] {processor.py:186} INFO - Started process (PID=218) to work on /opt/airflow/dags/setup_infrastructure_dag_v2.py
[2026-07-11T01:54:38.697+0000] {processor.py:914} INFO - Processing file /opt/airflow/dags/setup_infrastructure_dag_v2.py for tasks to queue
[2026-07-11T01:54:38.700+0000] {logging_mixin.py:190} INFO - [2026-07-11T01:54:38.700+0000] {dagbag.py:588} INFO - Filling up the DagBag from /opt/airflow/dags/setup_infrastructure_dag_v2.py
[2026-07-11T01:54:38.736+0000] {processor.py:925} INFO - DAG(s) 'setup_lakehouse_infrastructure_v2' retrieved from /opt/airflow/dags/setup_infrastructure_dag_v2.py
[2026-07-11T01:54:38.834+0000] {logging_mixin.py:190} INFO - [2026-07-11T01:54:38.833+0000] {override.py:1900} INFO - Created Permission View: can edit on DAG:setup_lakehouse_infrastructure_v2
[2026-07-11T01:54:38.849+0000] {logging_mixin.py:190} INFO - [2026-07-11T01:54:38.849+0000] {override.py:1900} INFO - Created Permission View: can read on DAG:setup_lakehouse_infrastructure_v2
[2026-07-11T01:54:38.861+0000] {logging_mixin.py:190} INFO - [2026-07-11T01:54:38.861+0000] {override.py:1900} INFO - Created Permission View: can delete on DAG:setup_lakehouse_infrastructure_v2
[2026-07-11T01:54:38.875+0000] {logging_mixin.py:190} INFO - [2026-07-11T01:54:38.874+0000] {override.py:1900} INFO - Created Permission View: menu access on DAG Run:setup_lakehouse_infrastructure_v2
[2026-07-11T01:54:38.887+0000] {logging_mixin.py:190} INFO - [2026-07-11T01:54:38.887+0000] {override.py:1900} INFO - Created Permission View: can read on DAG Run:setup_lakehouse_infrastructure_v2
[2026-07-11T01:54:38.898+0000] {logging_mixin.py:190} INFO - [2026-07-11T01:54:38.898+0000] {override.py:1900} INFO - Created Permission View: can delete on DAG Run:setup_lakehouse_infrastructure_v2
[2026-07-11T01:54:38.911+0000] {logging_mixin.py:190} INFO - [2026-07-11T01:54:38.910+0000] {override.py:1900} INFO - Created Permission View: can create on DAG Run:setup_lakehouse_infrastructure_v2
[2026-07-11T01:54:38.913+0000] {logging_mixin.py:190} INFO - [2026-07-11T01:54:38.912+0000] {dag.py:3239} INFO - Sync 1 DAGs
[2026-07-11T01:54:38.926+0000] {logging_mixin.py:190} INFO - [2026-07-11T01:54:38.926+0000] {dag.py:3262} INFO - Creating ORM DAG for setup_lakehouse_infrastructure_v2
[2026-07-11T01:54:38.944+0000] {logging_mixin.py:190} INFO - [2026-07-11T01:54:38.944+0000] {dag.py:4180} INFO - Setting next_dagrun for setup_lakehouse_infrastructure_v2 to 2024-01-01 00:00:00+00:00, run_after=2024-01-01 00:00:00+00:00
[2026-07-11T01:54:38.974+0000] {processor.py:208} INFO - Processing /opt/airflow/dags/setup_infrastructure_dag_v2.py took 0.292 seconds
[2026-07-11T01:55:09.765+0000] {processor.py:186} INFO - Started process (PID=285) to work on /opt/airflow/dags/setup_infrastructure_dag_v2.py
[2026-07-11T01:55:09.767+0000] {processor.py:914} INFO - Processing file /opt/airflow/dags/setup_infrastructure_dag_v2.py for tasks to queue
[2026-07-11T01:55:09.769+0000] {logging_mixin.py:190} INFO - [2026-07-11T01:55:09.769+0000] {dagbag.py:588} INFO - Filling up the DagBag from /opt/airflow/dags/setup_infrastructure_dag_v2.py
[2026-07-11T01:55:09.803+0000] {processor.py:925} INFO - DAG(s) 'setup_lakehouse_infrastructure_v2' retrieved from /opt/airflow/dags/setup_infrastructure_dag_v2.py
[2026-07-11T01:55:09.827+0000] {logging_mixin.py:190} INFO - [2026-07-11T01:55:09.827+0000] {dag.py:3239} INFO - Sync 1 DAGs
[2026-07-11T01:55:09.846+0000] {logging_mixin.py:190} INFO - [2026-07-11T01:55:09.845+0000] {dag.py:4180} INFO - Setting next_dagrun for setup_lakehouse_infrastructure_v2 to 2024-01-01 00:00:00+00:00, run_after=2024-01-01 00:00:00+00:00
[2026-07-11T01:55:09.868+0000] {processor.py:208} INFO - Processing /opt/airflow/dags/setup_infrastructure_dag_v2.py took 0.107 seconds
[2026-07-11T01:55:40.727+0000] {processor.py:186} INFO - Started process (PID=358) to work on /opt/airflow/dags/setup_infrastructure_dag_v2.py
[2026-07-11T01:55:40.728+0000] {processor.py:914} INFO - Processing file /opt/airflow/dags/setup_infrastructure_dag_v2.py for tasks to queue
[2026-07-11T01:55:40.731+0000] {logging_mixin.py:190} INFO - [2026-07-11T01:55:40.730+0000] {dagbag.py:588} INFO - Filling up the DagBag from /opt/airflow/dags/setup_infrastructure_dag_v2.py
[2026-07-11T01:55:40.755+0000] {processor.py:925} INFO - DAG(s) 'setup_lakehouse_infrastructure_v2' retrieved from /opt/airflow/dags/setup_infrastructure_dag_v2.py
[2026-07-11T01:55:40.779+0000] {logging_mixin.py:190} INFO - [2026-07-11T01:55:40.779+0000] {dag.py:3239} INFO - Sync 1 DAGs
[2026-07-11T01:55:40.800+0000] {logging_mixin.py:190} INFO - [2026-07-11T01:55:40.800+0000] {dag.py:4180} INFO - Setting next_dagrun for setup_lakehouse_infrastructure_v2 to 2024-01-01 00:00:00+00:00, run_after=2024-01-01 00:00:00+00:00
[2026-07-11T01:55:40.820+0000] {processor.py:208} INFO - Processing /opt/airflow/dags/setup_infrastructure_dag_v2.py took 0.098 seconds
[2026-07-11T01:56:11.475+0000] {processor.py:186} INFO - Started process (PID=425) to work on /opt/airflow/dags/setup_infrastructure_dag_v2.py
[2026-07-11T01:56:11.476+0000] {processor.py:914} INFO - Processing file /opt/airflow/dags/setup_infrastructure_dag_v2.py for tasks to queue
[2026-07-11T01:56:11.478+0000] {logging_mixin.py:190} INFO - [2026-07-11T01:56:11.478+0000] {dagbag.py:588} INFO - Filling up the DagBag from /opt/airflow/dags/setup_infrastructure_dag_v2.py
[2026-07-11T01:56:11.521+0000] {processor.py:925} INFO - DAG(s) 'setup_lakehouse_infrastructure_v2' retrieved from /opt/airflow/dags/setup_infrastructure_dag_v2.py
[2026-07-11T01:56:11.557+0000] {logging_mixin.py:190} INFO - [2026-07-11T01:56:11.557+0000] {dag.py:3239} INFO - Sync 1 DAGs
[2026-07-11T01:56:11.589+0000] {logging_mixin.py:190} INFO - [2026-07-11T01:56:11.589+0000] {dag.py:4180} INFO - Setting next_dagrun for setup_lakehouse_infrastructure_v2 to 2024-01-01 00:00:00+00:00, run_after=2024-01-01 00:00:00+00:00
[2026-07-11T01:56:11.616+0000] {processor.py:208} INFO - Processing /opt/airflow/dags/setup_infrastructure_dag_v2.py took 0.149 seconds
[2026-07-11T01:56:42.301+0000] {processor.py:186} INFO - Started process (PID=492) to work on /opt/airflow/dags/setup_infrastructure_dag_v2.py
[2026-07-11T01:56:42.303+0000] {processor.py:914} INFO - Processing file /opt/airflow/dags/setup_infrastructure_dag_v2.py for tasks to queue
[2026-07-11T01:56:42.306+0000] {logging_mixin.py:190} INFO - [2026-07-11T01:56:42.306+0000] {dagbag.py:588} INFO - Filling up the DagBag from /opt/airflow/dags/setup_infrastructure_dag_v2.py
[2026-07-11T01:56:42.340+0000] {processor.py:925} INFO - DAG(s) 'setup_lakehouse_infrastructure_v2' retrieved from /opt/airflow/dags/setup_infrastructure_dag_v2.py
[2026-07-11T01:56:42.371+0000] {logging_mixin.py:190} INFO - [2026-07-11T01:56:42.371+0000] {dag.py:3239} INFO - Sync 1 DAGs
[2026-07-11T01:56:42.396+0000] {logging_mixin.py:190} INFO - [2026-07-11T01:56:42.396+0000] {dag.py:4180} INFO - Setting next_dagrun for setup_lakehouse_infrastructure_v2 to 2024-01-01 00:00:00+00:00, run_after=2024-01-01 00:00:00+00:00
[2026-07-11T01:56:42.416+0000] {processor.py:208} INFO - Processing /opt/airflow/dags/setup_infrastructure_dag_v2.py took 0.122 seconds
[2026-07-11T01:57:12.952+0000] {processor.py:186} INFO - Started process (PID=764) to work on /opt/airflow/dags/setup_infrastructure_dag_v2.py
[2026-07-11T01:57:12.953+0000] {processor.py:914} INFO - Processing file /opt/airflow/dags/setup_infrastructure_dag_v2.py for tasks to queue
[2026-07-11T01:57:12.956+0000] {logging_mixin.py:190} INFO - [2026-07-11T01:57:12.956+0000] {dagbag.py:588} INFO - Filling up the DagBag from /opt/airflow/dags/setup_infrastructure_dag_v2.py
[2026-07-11T01:57:12.987+0000] {processor.py:925} INFO - DAG(s) 'setup_lakehouse_infrastructure_v2' retrieved from /opt/airflow/dags/setup_infrastructure_dag_v2.py
[2026-07-11T01:57:13.012+0000] {logging_mixin.py:190} INFO - [2026-07-11T01:57:13.012+0000] {dag.py:3239} INFO - Sync 1 DAGs
[2026-07-11T01:57:13.033+0000] {logging_mixin.py:190} INFO - [2026-07-11T01:57:13.033+0000] {dag.py:4180} INFO - Setting next_dagrun for setup_lakehouse_infrastructure_v2 to 2024-01-01 00:00:00+00:00, run_after=2024-01-01 00:00:00+00:00
[2026-07-11T01:57:13.056+0000] {processor.py:208} INFO - Processing /opt/airflow/dags/setup_infrastructure_dag_v2.py took 0.109 seconds
[2026-07-11T01:57:43.700+0000] {processor.py:186} INFO - Started process (PID=831) to work on /opt/airflow/dags/setup_infrastructure_dag_v2.py
[2026-07-11T01:57:43.702+0000] {processor.py:914} INFO - Processing file /opt/airflow/dags/setup_infrastructure_dag_v2.py for tasks to queue
[2026-07-11T01:57:43.706+0000] {logging_mixin.py:190} INFO - [2026-07-11T01:57:43.705+0000] {dagbag.py:588} INFO - Filling up the DagBag from /opt/airflow/dags/setup_infrastructure_dag_v2.py
[2026-07-11T01:57:43.739+0000] {processor.py:925} INFO - DAG(s) 'setup_lakehouse_infrastructure_v2' retrieved from /opt/airflow/dags/setup_infrastructure_dag_v2.py
[2026-07-11T01:57:43.774+0000] {logging_mixin.py:190} INFO - [2026-07-11T01:57:43.774+0000] {dag.py:3239} INFO - Sync 1 DAGs
[2026-07-11T01:57:43.801+0000] {logging_mixin.py:190} INFO - [2026-07-11T01:57:43.800+0000] {dag.py:4180} INFO - Setting next_dagrun for setup_lakehouse_infrastructure_v2 to 2024-01-01 00:00:00+00:00, run_after=2024-01-01 00:00:00+00:00
[2026-07-11T01:57:43.822+0000] {processor.py:208} INFO - Processing /opt/airflow/dags/setup_infrastructure_dag_v2.py took 0.131 seconds
[2026-07-11T01:58:14.458+0000] {processor.py:186} INFO - Started process (PID=898) to work on /opt/airflow/dags/setup_infrastructure_dag_v2.py
[2026-07-11T01:58:14.459+0000] {processor.py:914} INFO - Processing file /opt/airflow/dags/setup_infrastructure_dag_v2.py for tasks to queue
[2026-07-11T01:58:14.461+0000] {logging_mixin.py:190} INFO - [2026-07-11T01:58:14.460+0000] {dagbag.py:588} INFO - Filling up the DagBag from /opt/airflow/dags/setup_infrastructure_dag_v2.py
[2026-07-11T01:58:14.487+0000] {processor.py:925} INFO - DAG(s) 'setup_lakehouse_infrastructure_v2' retrieved from /opt/airflow/dags/setup_infrastructure_dag_v2.py
[2026-07-11T01:58:14.513+0000] {logging_mixin.py:190} INFO - [2026-07-11T01:58:14.513+0000] {dag.py:3239} INFO - Sync 1 DAGs
[2026-07-11T01:58:14.540+0000] {logging_mixin.py:190} INFO - [2026-07-11T01:58:14.540+0000] {dag.py:4180} INFO - Setting next_dagrun for setup_lakehouse_infrastructure_v2 to 2024-01-01 00:00:00+00:00, run_after=2024-01-01 00:00:00+00:00
[2026-07-11T01:58:14.560+0000] {processor.py:208} INFO - Processing /opt/airflow/dags/setup_infrastructure_dag_v2.py took 0.107 seconds
[2026-07-11T01:58:44.960+0000] {processor.py:186} INFO - Started process (PID=965) to work on /opt/airflow/dags/setup_infrastructure_dag_v2.py
[2026-07-11T01:58:44.961+0000] {processor.py:914} INFO - Processing file /opt/airflow/dags/setup_infrastructure_dag_v2.py for tasks to queue
[2026-07-11T01:58:44.964+0000] {logging_mixin.py:190} INFO - [2026-07-11T01:58:44.964+0000] {dagbag.py:588} INFO - Filling up the DagBag from /opt/airflow/dags/setup_infrastructure_dag_v2.py
[2026-07-11T01:58:44.992+0000] {processor.py:925} INFO - DAG(s) 'setup_lakehouse_infrastructure_v2' retrieved from /opt/airflow/dags/setup_infrastructure_dag_v2.py
[2026-07-11T01:58:45.018+0000] {logging_mixin.py:190} INFO - [2026-07-11T01:58:45.018+0000] {dag.py:3239} INFO - Sync 1 DAGs
[2026-07-11T01:58:45.039+0000] {logging_mixin.py:190} INFO - [2026-07-11T01:58:45.039+0000] {dag.py:4180} INFO - Setting next_dagrun for setup_lakehouse_infrastructure_v2 to 2024-01-01 00:00:00+00:00, run_after=2024-01-01 00:00:00+00:00
[2026-07-11T01:58:45.063+0000] {processor.py:208} INFO - Processing /opt/airflow/dags/setup_infrastructure_dag_v2.py took 0.109 seconds
[2026-07-11T01:59:15.647+0000] {processor.py:186} INFO - Started process (PID=1032) to work on /opt/airflow/dags/setup_infrastructure_dag_v2.py
[2026-07-11T01:59:15.649+0000] {processor.py:914} INFO - Processing file /opt/airflow/dags/setup_infrastructure_dag_v2.py for tasks to queue
[2026-07-11T01:59:15.651+0000] {logging_mixin.py:190} INFO - [2026-07-11T01:59:15.650+0000] {dagbag.py:588} INFO - Filling up the DagBag from /opt/airflow/dags/setup_infrastructure_dag_v2.py
[2026-07-11T01:59:15.683+0000] {processor.py:925} INFO - DAG(s) 'setup_lakehouse_infrastructure_v2' retrieved from /opt/airflow/dags/setup_infrastructure_dag_v2.py
[2026-07-11T01:59:15.707+0000] {logging_mixin.py:190} INFO - [2026-07-11T01:59:15.707+0000] {dag.py:3239} INFO - Sync 1 DAGs
[2026-07-11T01:59:15.730+0000] {logging_mixin.py:190} INFO - [2026-07-11T01:59:15.730+0000] {dag.py:4180} INFO - Setting next_dagrun for setup_lakehouse_infrastructure_v2 to 2024-01-01 00:00:00+00:00, run_after=2024-01-01 00:00:00+00:00
[2026-07-11T01:59:15.750+0000] {processor.py:208} INFO - Processing /opt/airflow/dags/setup_infrastructure_dag_v2.py took 0.109 seconds
[2026-07-11T01:59:46.656+0000] {processor.py:186} INFO - Started process (PID=1099) to work on /opt/airflow/dags/setup_infrastructure_dag_v2.py
[2026-07-11T01:59:46.657+0000] {processor.py:914} INFO - Processing file /opt/airflow/dags/setup_infrastructure_dag_v2.py for tasks to queue
[2026-07-11T01:59:46.659+0000] {logging_mixin.py:190} INFO - [2026-07-11T01:59:46.659+0000] {dagbag.py:588} INFO - Filling up the DagBag from /opt/airflow/dags/setup_infrastructure_dag_v2.py
[2026-07-11T01:59:46.689+0000] {processor.py:925} INFO - DAG(s) 'setup_lakehouse_infrastructure_v2' retrieved from /opt/airflow/dags/setup_infrastructure_dag_v2.py
[2026-07-11T01:59:46.715+0000] {logging_mixin.py:190} INFO - [2026-07-11T01:59:46.715+0000] {dag.py:3239} INFO - Sync 1 DAGs
[2026-07-11T01:59:46.739+0000] {logging_mixin.py:190} INFO - [2026-07-11T01:59:46.739+0000] {dag.py:4180} INFO - Setting next_dagrun for setup_lakehouse_infrastructure_v2 to 2024-01-01 00:00:00+00:00, run_after=2024-01-01 00:00:00+00:00
[2026-07-11T01:59:46.764+0000] {processor.py:208} INFO - Processing /opt/airflow/dags/setup_infrastructure_dag_v2.py took 0.114 seconds
[2026-07-11T02:00:17.394+0000] {processor.py:186} INFO - Started process (PID=1166) to work on /opt/airflow/dags/setup_infrastructure_dag_v2.py
[2026-07-11T02:00:17.395+0000] {processor.py:914} INFO - Processing file /opt/airflow/dags/setup_infrastructure_dag_v2.py for tasks to queue
[2026-07-11T02:00:17.397+0000] {logging_mixin.py:190} INFO - [2026-07-11T02:00:17.397+0000] {dagbag.py:588} INFO - Filling up the DagBag from /opt/airflow/dags/setup_infrastructure_dag_v2.py
[2026-07-11T02:00:17.435+0000] {processor.py:925} INFO - DAG(s) 'setup_lakehouse_infrastructure_v2' retrieved from /opt/airflow/dags/setup_infrastructure_dag_v2.py
[2026-07-11T02:00:17.463+0000] {logging_mixin.py:190} INFO - [2026-07-11T02:00:17.463+0000] {dag.py:3239} INFO - Sync 1 DAGs
[2026-07-11T02:00:17.485+0000] {logging_mixin.py:190} INFO - [2026-07-11T02:00:17.484+0000] {dag.py:4180} INFO - Setting next_dagrun for setup_lakehouse_infrastructure_v2 to 2024-01-01 00:00:00+00:00, run_after=2024-01-01 00:00:00+00:00
[2026-07-11T02:00:17.509+0000] {processor.py:208} INFO - Processing /opt/airflow/dags/setup_infrastructure_dag_v2.py took 0.121 seconds
[2026-07-11T02:00:48.223+0000] {processor.py:186} INFO - Started process (PID=1233) to work on /opt/airflow/dags/setup_infrastructure_dag_v2.py
[2026-07-11T02:00:48.224+0000] {processor.py:914} INFO - Processing file /opt/airflow/dags/setup_infrastructure_dag_v2.py for tasks to queue
[2026-07-11T02:00:48.226+0000] {logging_mixin.py:190} INFO - [2026-07-11T02:00:48.226+0000] {dagbag.py:588} INFO - Filling up the DagBag from /opt/airflow/dags/setup_infrastructure_dag_v2.py
[2026-07-11T02:00:48.254+0000] {processor.py:925} INFO - DAG(s) 'setup_lakehouse_infrastructure_v2' retrieved from /opt/airflow/dags/setup_infrastructure_dag_v2.py
[2026-07-11T02:00:48.278+0000] {logging_mixin.py:190} INFO - [2026-07-11T02:00:48.277+0000] {dag.py:3239} INFO - Sync 1 DAGs
[2026-07-11T02:00:48.300+0000] {logging_mixin.py:190} INFO - [2026-07-11T02:00:48.299+0000] {dag.py:4180} INFO - Setting next_dagrun for setup_lakehouse_infrastructure_v2 to 2024-01-01 00:00:00+00:00, run_after=2024-01-01 00:00:00+00:00
[2026-07-11T02:00:48.325+0000] {processor.py:208} INFO - Processing /opt/airflow/dags/setup_infrastructure_dag_v2.py took 0.108 seconds
[2026-07-11T02:22:53.638+0000] {processor.py:186} INFO - Started process (PID=222) to work on /opt/airflow/dags/setup_infrastructure_dag_v2.py
[2026-07-11T02:22:53.639+0000] {processor.py:914} INFO - Processing file /opt/airflow/dags/setup_infrastructure_dag_v2.py for tasks to queue
[2026-07-11T02:22:53.642+0000] {logging_mixin.py:190} INFO - [2026-07-11T02:22:53.641+0000] {dagbag.py:588} INFO - Filling up the DagBag from /opt/airflow/dags/setup_infrastructure_dag_v2.py
[2026-07-11T02:22:53.671+0000] {processor.py:925} INFO - DAG(s) 'setup_lakehouse_infrastructure_v2' retrieved from /opt/airflow/dags/setup_infrastructure_dag_v2.py
[2026-07-11T02:22:53.738+0000] {logging_mixin.py:190} INFO - [2026-07-11T02:22:53.738+0000] {override.py:1900} INFO - Created Permission View: can edit on DAG:setup_lakehouse_infrastructure_v2
[2026-07-11T02:22:53.751+0000] {logging_mixin.py:190} INFO - [2026-07-11T02:22:53.751+0000] {override.py:1900} INFO - Created Permission View: can delete on DAG:setup_lakehouse_infrastructure_v2
[2026-07-11T02:22:53.759+0000] {logging_mixin.py:190} INFO - [2026-07-11T02:22:53.759+0000] {override.py:1900} INFO - Created Permission View: can read on DAG:setup_lakehouse_infrastructure_v2
[2026-07-11T02:22:53.769+0000] {logging_mixin.py:190} INFO - [2026-07-11T02:22:53.769+0000] {override.py:1900} INFO - Created Permission View: can delete on DAG Run:setup_lakehouse_infrastructure_v2
[2026-07-11T02:22:53.780+0000] {logging_mixin.py:190} INFO - [2026-07-11T02:22:53.780+0000] {override.py:1900} INFO - Created Permission View: menu access on DAG Run:setup_lakehouse_infrastructure_v2
[2026-07-11T02:22:53.795+0000] {logging_mixin.py:190} INFO - [2026-07-11T02:22:53.795+0000] {override.py:1900} INFO - Created Permission View: can create on DAG Run:setup_lakehouse_infrastructure_v2
[2026-07-11T02:22:53.803+0000] {logging_mixin.py:190} INFO - [2026-07-11T02:22:53.803+0000] {override.py:1900} INFO - Created Permission View: can read on DAG Run:setup_lakehouse_infrastructure_v2
[2026-07-11T02:22:53.804+0000] {logging_mixin.py:190} INFO - [2026-07-11T02:22:53.804+0000] {dag.py:3239} INFO - Sync 1 DAGs
[2026-07-11T02:22:53.819+0000] {logging_mixin.py:190} INFO - [2026-07-11T02:22:53.818+0000] {dag.py:3262} INFO - Creating ORM DAG for setup_lakehouse_infrastructure_v2
[2026-07-11T02:22:53.832+0000] {logging_mixin.py:190} INFO - [2026-07-11T02:22:53.832+0000] {dag.py:4180} INFO - Setting next_dagrun for setup_lakehouse_infrastructure_v2 to 2024-01-01 00:00:00+00:00, run_after=2024-01-01 00:00:00+00:00
[2026-07-11T02:22:53.864+0000] {processor.py:208} INFO - Processing /opt/airflow/dags/setup_infrastructure_dag_v2.py took 0.232 seconds
[2026-07-11T02:23:24.739+0000] {processor.py:186} INFO - Started process (PID=302) to work on /opt/airflow/dags/setup_infrastructure_dag_v2.py
[2026-07-11T02:23:24.740+0000] {processor.py:914} INFO - Processing file /opt/airflow/dags/setup_infrastructure_dag_v2.py for tasks to queue
[2026-07-11T02:23:24.743+0000] {logging_mixin.py:190} INFO - [2026-07-11T02:23:24.742+0000] {dagbag.py:588} INFO - Filling up the DagBag from /opt/airflow/dags/setup_infrastructure_dag_v2.py
[2026-07-11T02:23:24.768+0000] {processor.py:925} INFO - DAG(s) 'setup_lakehouse_infrastructure_v2' retrieved from /opt/airflow/dags/setup_infrastructure_dag_v2.py
[2026-07-11T02:23:24.791+0000] {logging_mixin.py:190} INFO - [2026-07-11T02:23:24.791+0000] {dag.py:3239} INFO - Sync 1 DAGs
[2026-07-11T02:23:24.810+0000] {logging_mixin.py:190} INFO - [2026-07-11T02:23:24.809+0000] {dag.py:4180} INFO - Setting next_dagrun for setup_lakehouse_infrastructure_v2 to 2024-01-01 00:00:00+00:00, run_after=2024-01-01 00:00:00+00:00
[2026-07-11T02:23:24.827+0000] {processor.py:208} INFO - Processing /opt/airflow/dags/setup_infrastructure_dag_v2.py took 0.094 seconds
[2026-07-11T02:23:55.161+0000] {processor.py:186} INFO - Started process (PID=371) to work on /opt/airflow/dags/setup_infrastructure_dag_v2.py
[2026-07-11T02:23:55.162+0000] {processor.py:914} INFO - Processing file /opt/airflow/dags/setup_infrastructure_dag_v2.py for tasks to queue
[2026-07-11T02:23:55.164+0000] {logging_mixin.py:190} INFO - [2026-07-11T02:23:55.164+0000] {dagbag.py:588} INFO - Filling up the DagBag from /opt/airflow/dags/setup_infrastructure_dag_v2.py
[2026-07-11T02:23:55.187+0000] {processor.py:925} INFO - DAG(s) 'setup_lakehouse_infrastructure_v2' retrieved from /opt/airflow/dags/setup_infrastructure_dag_v2.py
[2026-07-11T02:23:55.212+0000] {logging_mixin.py:190} INFO - [2026-07-11T02:23:55.212+0000] {dag.py:3239} INFO - Sync 1 DAGs
[2026-07-11T02:23:55.233+0000] {logging_mixin.py:190} INFO - [2026-07-11T02:23:55.233+0000] {dag.py:4180} INFO - Setting next_dagrun for setup_lakehouse_infrastructure_v2 to 2024-01-01 00:00:00+00:00, run_after=2024-01-01 00:00:00+00:00
[2026-07-11T02:23:55.258+0000] {processor.py:208} INFO - Processing /opt/airflow/dags/setup_infrastructure_dag_v2.py took 0.102 seconds
