[2026-06-27T03:49:25.111+0000] {taskinstance.py:1979} INFO - Dependencies all met for dep_context=non-requeueable deps ti=<TaskInstance: consumer_complaints_elt_lakehouse.extract_api_to_local scheduled__2026-06-26T00:00:00+00:00 [queued]>
[2026-06-27T03:49:25.117+0000] {taskinstance.py:1979} INFO - Dependencies all met for dep_context=requeueable deps ti=<TaskInstance: consumer_complaints_elt_lakehouse.extract_api_to_local scheduled__2026-06-26T00:00:00+00:00 [queued]>
[2026-06-27T03:49:25.118+0000] {taskinstance.py:2193} INFO - Starting attempt 3 of 4
[2026-06-27T03:49:25.130+0000] {taskinstance.py:2214} INFO - Executing <Task(_PythonDecoratedOperator): extract_api_to_local> on 2026-06-26 00:00:00+00:00
[2026-06-27T03:49:25.135+0000] {standard_task_runner.py:60} INFO - Started process 497 to run task
[2026-06-27T03:49:25.139+0000] {standard_task_runner.py:87} INFO - Running: ['airflow', 'tasks', 'run', 'consumer_complaints_elt_lakehouse', 'extract_api_to_local', 'scheduled__2026-06-26T00:00:00+00:00', '--job-id', '8', '--raw', '--subdir', 'DAGS_FOLDER/consumer_complaints_elt.py', '--cfg-path', '/tmp/tmp2fm3x2bb']
[2026-06-27T03:49:25.140+0000] {standard_task_runner.py:88} INFO - Job 8: Subtask extract_api_to_local
[2026-06-27T03:49:25.219+0000] {task_command.py:423} INFO - Running <TaskInstance: consumer_complaints_elt_lakehouse.extract_api_to_local scheduled__2026-06-26T00:00:00+00:00 [running]> on host 8a409b899c8e
[2026-06-27T03:49:25.298+0000] {taskinstance.py:2510} INFO - Exporting env vars: AIRFLOW_CTX_DAG_OWNER='data_engineering' AIRFLOW_CTX_DAG_ID='consumer_complaints_elt_lakehouse' AIRFLOW_CTX_TASK_ID='extract_api_to_local' AIRFLOW_CTX_EXECUTION_DATE='2026-06-26T00:00:00+00:00' AIRFLOW_CTX_TRY_NUMBER='3' AIRFLOW_CTX_DAG_RUN_ID='scheduled__2026-06-26T00:00:00+00:00'
[2026-06-27T03:49:25.300+0000] {consumer_complaints_elt.py:91} INFO - Bắt đầu kéo data từ API cho 2 công ty
[2026-06-27T03:49:25.301+0000] {consumer_complaints_elt.py:102} INFO - Đang kéo dữ liệu cho: jpmorgan
[2026-06-27T03:49:25.302+0000] {cfpb_api_client.py:313} INFO - Fetching complaints for company: jpmorgan
[2026-06-27T03:49:25.303+0000] {cfpb_api_client.py:133} INFO - Fetching complaints from CFPB API with params: {'size': 10000, 'frm': 0, 'sort': 'created_date_desc', 'format': 'json', 'date_received_min': '2024-01-01', 'date_received_max': '2025-12-31', 'search_term': 'jpmorgan', 'search_field': 'company', 'no_aggs': 'true'}
[2026-06-27T03:49:25.659+0000] {cfpb_api_client.py:160} ERROR - Error fetching complaints from CFPB API: 403 Client Error: Forbidden for url: https://www.consumerfinance.gov/data-research/consumer-complaints/search/api/v1/?size=10000&frm=0&sort=created_date_desc&format=json&date_received_min=2024-01-01&date_received_max=2025-12-31&search_term=jpmorgan&search_field=company&no_aggs=true
[2026-06-27T03:49:25.660+0000] {consumer_complaints_elt.py:126} ERROR - Lỗi khi Extract API: 403 Client Error: Forbidden for url: https://www.consumerfinance.gov/data-research/consumer-complaints/search/api/v1/?size=10000&frm=0&sort=created_date_desc&format=json&date_received_min=2024-01-01&date_received_max=2025-12-31&search_term=jpmorgan&search_field=company&no_aggs=true
[2026-06-27T03:49:25.661+0000] {cfpb_api_client.py:329} INFO - CFPB API client session closed
[2026-06-27T03:49:25.672+0000] {taskinstance.py:2728} ERROR - Task failed with exception
Traceback (most recent call last):
  File "/opt/airflow/dags/consumer_complaints_elt.py", line 104, in extract_api_to_local
    complaints = api_client.get_complaints_by_company(
  File "/opt/airflow/dags/utils/cfpb_api_client.py", line 315, in get_complaints_by_company
    return self.get_complaints_paginated(
  File "/opt/airflow/dags/utils/cfpb_api_client.py", line 193, in get_complaints_paginated
    response = self.get_complaints(
  File "/opt/airflow/dags/utils/cfpb_api_client.py", line 135, in get_complaints
    response.raise_for_status()
  File "/home/airflow/.local/lib/python3.8/site-packages/requests/models.py", line 1021, in raise_for_status
    raise HTTPError(http_error_msg, response=self)
requests.exceptions.HTTPError: 403 Client Error: Forbidden for url: https://www.consumerfinance.gov/data-research/consumer-complaints/search/api/v1/?size=10000&frm=0&sort=created_date_desc&format=json&date_received_min=2024-01-01&date_received_max=2025-12-31&search_term=jpmorgan&search_field=company&no_aggs=true

During handling of the above exception, another exception occurred:

Traceback (most recent call last):
  File "/home/airflow/.local/lib/python3.8/site-packages/airflow/models/taskinstance.py", line 444, in _execute_task
    result = _execute_callable(context=context, **execute_callable_kwargs)
  File "/home/airflow/.local/lib/python3.8/site-packages/airflow/models/taskinstance.py", line 414, in _execute_callable
    return execute_callable(context=context, **execute_callable_kwargs)
  File "/home/airflow/.local/lib/python3.8/site-packages/airflow/decorators/base.py", line 241, in execute
    return_value = super().execute(context)
  File "/home/airflow/.local/lib/python3.8/site-packages/airflow/operators/python.py", line 200, in execute
    return_value = self.execute_callable()
  File "/home/airflow/.local/lib/python3.8/site-packages/airflow/operators/python.py", line 217, in execute_callable
    return self.python_callable(*self.op_args, **self.op_kwargs)
  File "/opt/airflow/dags/consumer_complaints_elt.py", line 127, in extract_api_to_local
    raise AirflowException(f"Extract failed: {e}")
airflow.exceptions.AirflowException: Extract failed: 403 Client Error: Forbidden for url: https://www.consumerfinance.gov/data-research/consumer-complaints/search/api/v1/?size=10000&frm=0&sort=created_date_desc&format=json&date_received_min=2024-01-01&date_received_max=2025-12-31&search_term=jpmorgan&search_field=company&no_aggs=true
[2026-06-27T03:49:25.688+0000] {taskinstance.py:1149} INFO - Marking task as UP_FOR_RETRY. dag_id=consumer_complaints_elt_lakehouse, task_id=extract_api_to_local, execution_date=20260626T000000, start_date=20260627T034925, end_date=20260627T034925
[2026-06-27T03:49:25.699+0000] {standard_task_runner.py:107} ERROR - Failed to execute job 8 for task extract_api_to_local (Extract failed: 403 Client Error: Forbidden for url: https://www.consumerfinance.gov/data-research/consumer-complaints/search/api/v1/?size=10000&frm=0&sort=created_date_desc&format=json&date_received_min=2024-01-01&date_received_max=2025-12-31&search_term=jpmorgan&search_field=company&no_aggs=true; 497)
[2026-06-27T03:49:25.714+0000] {local_task_job_runner.py:234} INFO - Task exited with return code 1
[2026-06-27T03:49:25.736+0000] {taskinstance.py:3309} INFO - 0 downstream tasks scheduled from follow-on schedule check
[2026-06-27T04:08:45.060+0000] {taskinstance.py:1979} INFO - Dependencies all met for dep_context=non-requeueable deps ti=<TaskInstance: consumer_complaints_elt_lakehouse.extract_api_to_local scheduled__2026-06-26T00:00:00+00:00 [queued]>
[2026-06-27T04:08:45.067+0000] {taskinstance.py:1979} INFO - Dependencies all met for dep_context=requeueable deps ti=<TaskInstance: consumer_complaints_elt_lakehouse.extract_api_to_local scheduled__2026-06-26T00:00:00+00:00 [queued]>
[2026-06-27T04:08:45.068+0000] {taskinstance.py:2193} INFO - Starting attempt 3 of 4
[2026-06-27T04:08:45.078+0000] {taskinstance.py:2214} INFO - Executing <Task(_PythonDecoratedOperator): extract_api_to_local> on 2026-06-26 00:00:00+00:00
[2026-06-27T04:08:45.083+0000] {standard_task_runner.py:60} INFO - Started process 281 to run task
[2026-06-27T04:08:45.086+0000] {standard_task_runner.py:87} INFO - Running: ['airflow', 'tasks', 'run', 'consumer_complaints_elt_lakehouse', 'extract_api_to_local', 'scheduled__2026-06-26T00:00:00+00:00', '--job-id', '25', '--raw', '--subdir', 'DAGS_FOLDER/consumer_complaints_elt.py', '--cfg-path', '/tmp/tmpp1q8kqxf']
[2026-06-27T04:08:45.087+0000] {standard_task_runner.py:88} INFO - Job 25: Subtask extract_api_to_local
[2026-06-27T04:08:45.176+0000] {task_command.py:423} INFO - Running <TaskInstance: consumer_complaints_elt_lakehouse.extract_api_to_local scheduled__2026-06-26T00:00:00+00:00 [running]> on host 8a409b899c8e
[2026-06-27T04:08:45.260+0000] {taskinstance.py:2510} INFO - Exporting env vars: AIRFLOW_CTX_DAG_OWNER='data_engineering' AIRFLOW_CTX_DAG_ID='consumer_complaints_elt_lakehouse' AIRFLOW_CTX_TASK_ID='extract_api_to_local' AIRFLOW_CTX_EXECUTION_DATE='2026-06-26T00:00:00+00:00' AIRFLOW_CTX_TRY_NUMBER='3' AIRFLOW_CTX_DAG_RUN_ID='scheduled__2026-06-26T00:00:00+00:00'
[2026-06-27T04:08:45.262+0000] {consumer_complaints_elt.py:92} INFO - V3: test extract api
[2026-06-27T04:08:45.263+0000] {consumer_complaints_elt.py:94} INFO - Bắt đầu kéo data từ API cho 2 công ty
[2026-06-27T04:08:45.264+0000] {consumer_complaints_elt.py:105} INFO - Đang kéo dữ liệu cho: jpmorgan
[2026-06-27T04:08:45.264+0000] {cfpb_api_client.py:312} INFO - Fetching complaints for company: jpmorgan
[2026-06-27T04:08:45.265+0000] {cfpb_api_client.py:132} INFO - Fetching complaints from CFPB API with params: {'size': 10000, 'frm': 0, 'sort': 'created_date_desc', 'format': 'json', 'date_received_min': '2024-01-01', 'date_received_max': '2025-12-31', 'search_term': 'jpmorgan', 'search_field': 'company', 'no_aggs': 'true'}
[2026-06-27T04:08:47.378+0000] {cfpb_api_client.py:141} INFO - Successfully fetched 1159 complaints (direct list format)
[2026-06-27T04:08:47.379+0000] {cfpb_api_client.py:225} INFO - Fetched 1159 complaints. Total so far: 1159
[2026-06-27T04:08:47.380+0000] {cfpb_api_client.py:231} INFO - Fetched all available complaints
[2026-06-27T04:08:47.381+0000] {cfpb_api_client.py:237} INFO - Total complaints fetched: 1159
[2026-06-27T04:08:47.410+0000] {consumer_complaints_elt.py:122} INFO - ✓ Đã lưu 1159 records vào /tmp/consumer_complaints/jpmorgan_complaints.json
[2026-06-27T04:08:47.410+0000] {consumer_complaints_elt.py:105} INFO - Đang kéo dữ liệu cho: bank of america
[2026-06-27T04:08:47.411+0000] {cfpb_api_client.py:312} INFO - Fetching complaints for company: bank of america
[2026-06-27T04:08:47.411+0000] {cfpb_api_client.py:132} INFO - Fetching complaints from CFPB API with params: {'size': 10000, 'frm': 0, 'sort': 'created_date_desc', 'format': 'json', 'date_received_min': '2024-01-01', 'date_received_max': '2025-12-31', 'search_term': 'bank of america', 'search_field': 'company', 'no_aggs': 'true'}
[2026-06-27T04:08:54.319+0000] {cfpb_api_client.py:141} INFO - Successfully fetched 14316 complaints (direct list format)
[2026-06-27T04:08:54.324+0000] {cfpb_api_client.py:225} INFO - Fetched 14316 complaints. Total so far: 14316
[2026-06-27T04:08:54.324+0000] {cfpb_api_client.py:231} INFO - Fetched all available complaints
[2026-06-27T04:08:54.325+0000] {cfpb_api_client.py:237} INFO - Total complaints fetched: 14316
[2026-06-27T04:08:54.605+0000] {consumer_complaints_elt.py:122} INFO - ✓ Đã lưu 14316 records vào /tmp/consumer_complaints/bank_of_america_complaints.json
[2026-06-27T04:08:54.607+0000] {cfpb_api_client.py:328} INFO - CFPB API client session closed
[2026-06-27T04:08:54.617+0000] {python.py:202} INFO - Done. Returned value was: {'jpmorgan': '/tmp/consumer_complaints/jpmorgan_complaints.json', 'bank of america': '/tmp/consumer_complaints/bank_of_america_complaints.json'}
[2026-06-27T04:08:54.669+0000] {taskinstance.py:1149} INFO - Marking task as SUCCESS. dag_id=consumer_complaints_elt_lakehouse, task_id=extract_api_to_local, execution_date=20260626T000000, start_date=20260627T040845, end_date=20260627T040854
[2026-06-27T04:08:54.716+0000] {local_task_job_runner.py:234} INFO - Task exited with return code 0
[2026-06-27T04:08:54.739+0000] {taskinstance.py:3309} INFO - 1 downstream tasks scheduled from follow-on schedule check
