[2026-06-27T03:40:38.764+0000] {taskinstance.py:1979} INFO - Dependencies all met for dep_context=non-requeueable deps ti=<TaskInstance: consumer_complaints_elt_lakehouse.extract_api_to_local scheduled__2026-06-26T00:00:00+00:00 [queued]>
[2026-06-27T03:40:38.772+0000] {taskinstance.py:1979} INFO - Dependencies all met for dep_context=requeueable deps ti=<TaskInstance: consumer_complaints_elt_lakehouse.extract_api_to_local scheduled__2026-06-26T00:00:00+00:00 [queued]>
[2026-06-27T03:40:38.773+0000] {taskinstance.py:2193} INFO - Starting attempt 2 of 2
[2026-06-27T03:40:38.786+0000] {taskinstance.py:2214} INFO - Executing <Task(_PythonDecoratedOperator): extract_api_to_local> on 2026-06-26 00:00:00+00:00
[2026-06-27T03:40:38.791+0000] {standard_task_runner.py:60} INFO - Started process 368 to run task
[2026-06-27T03:40:38.794+0000] {standard_task_runner.py:87} INFO - Running: ['airflow', 'tasks', 'run', 'consumer_complaints_elt_lakehouse', 'extract_api_to_local', 'scheduled__2026-06-26T00:00:00+00:00', '--job-id', '3', '--raw', '--subdir', 'DAGS_FOLDER/consumer_complaints_elt.py', '--cfg-path', '/tmp/tmpt8pi7cim']
[2026-06-27T03:40:38.795+0000] {standard_task_runner.py:88} INFO - Job 3: Subtask extract_api_to_local
[2026-06-27T03:40:38.877+0000] {task_command.py:423} INFO - Running <TaskInstance: consumer_complaints_elt_lakehouse.extract_api_to_local scheduled__2026-06-26T00:00:00+00:00 [running]> on host 8a409b899c8e
[2026-06-27T03:40:38.956+0000] {taskinstance.py:2510} INFO - Exporting env vars: AIRFLOW_CTX_DAG_OWNER='data_engineering' AIRFLOW_CTX_DAG_ID='consumer_complaints_elt_lakehouse' AIRFLOW_CTX_TASK_ID='extract_api_to_local' AIRFLOW_CTX_EXECUTION_DATE='2026-06-26T00:00:00+00:00' AIRFLOW_CTX_TRY_NUMBER='2' AIRFLOW_CTX_DAG_RUN_ID='scheduled__2026-06-26T00:00:00+00:00'
[2026-06-27T03:40:38.958+0000] {consumer_complaints_elt.py:91} INFO - Bắt đầu kéo data từ API cho 2 công ty
[2026-06-27T03:40:38.959+0000] {consumer_complaints_elt.py:102} INFO - Đang kéo dữ liệu cho: jpmorgan
[2026-06-27T03:40:38.960+0000] {cfpb_api_client.py:314} INFO - Fetching complaints for company: jpmorgan
[2026-06-27T03:40:38.960+0000] {cfpb_api_client.py:134} INFO - Fetching complaints from CFPB API with params: {'size': 10000, 'frm': 0, 'sort': 'created_date_desc', 'format': 'json', 'date_received_min': '2024-01-01', 'date_received_max': '2025-12-31', 'search_term': 'jpmorgan', 'search_field': 'company', 'no_aggs': 'true'}
[2026-06-27T03:40:39.208+0000] {cfpb_api_client.py:161} ERROR - Error fetching complaints from CFPB API: 403 Client Error: Forbidden for url: https://www.consumerfinance.gov/data-research/consumer-complaints/search/api/v1/?size=10000&frm=0&sort=created_date_desc&format=json&date_received_min=2024-01-01&date_received_max=2025-12-31&search_term=jpmorgan&search_field=company&no_aggs=true
[2026-06-27T03:40:39.209+0000] {consumer_complaints_elt.py:126} ERROR - Lỗi khi Extract API: 403 Client Error: Forbidden for url: https://www.consumerfinance.gov/data-research/consumer-complaints/search/api/v1/?size=10000&frm=0&sort=created_date_desc&format=json&date_received_min=2024-01-01&date_received_max=2025-12-31&search_term=jpmorgan&search_field=company&no_aggs=true
[2026-06-27T03:40:39.210+0000] {cfpb_api_client.py:330} INFO - CFPB API client session closed
[2026-06-27T03:40:39.221+0000] {taskinstance.py:2728} ERROR - Task failed with exception
Traceback (most recent call last):
  File "/opt/airflow/dags/consumer_complaints_elt.py", line 104, in extract_api_to_local
    complaints = api_client.get_complaints_by_company(
  File "/opt/airflow/dags/utils/cfpb_api_client.py", line 316, in get_complaints_by_company
    return self.get_complaints_paginated(
  File "/opt/airflow/dags/utils/cfpb_api_client.py", line 194, in get_complaints_paginated
    response = self.get_complaints(
  File "/opt/airflow/dags/utils/cfpb_api_client.py", line 136, in get_complaints
    response.raise_for_status()
  File "/home/airflow/.local/lib/python3.8/site-packages/requests/models.py", line 1021, in raise_for_status
    raise HTTPError(http_error_msg, response=self)
requests.exceptions.HTTPError: 403 Client Error: Forbidden for url: https://www.consumerfinance.gov/data-research/consumer-complaints/search/api/v1/?size=10000&frm=0&sort=created_date_desc&format=json&date_received_min=2024-01-01&date_received_max=2025-12-31&search_term=jpmorgan&search_field=company&no_aggs=true

During handling of the above exception, another exception occurred:

Traceback (most recent call last):
  File "/home/airflow/.local/lib/python3.8/site-packages/airflow/models/taskinstance.py", line 444, in _execute_task
    result = _execute_callable(context=context, **execute_callable_kwargs)
  File "/home/airflow/.local/lib/python3.8/site-packages/airflow/models/taskinstance.py", line 414, in _execute_callable
    return execute_callable(context=context, **execute_callable_kwargs)
  File "/home/airflow/.local/lib/python3.8/site-packages/airflow/decorators/base.py", line 241, in execute
    return_value = super().execute(context)
  File "/home/airflow/.local/lib/python3.8/site-packages/airflow/operators/python.py", line 200, in execute
    return_value = self.execute_callable()
  File "/home/airflow/.local/lib/python3.8/site-packages/airflow/operators/python.py", line 217, in execute_callable
    return self.python_callable(*self.op_args, **self.op_kwargs)
  File "/opt/airflow/dags/consumer_complaints_elt.py", line 127, in extract_api_to_local
    raise AirflowException(f"Extract failed: {e}")
airflow.exceptions.AirflowException: Extract failed: 403 Client Error: Forbidden for url: https://www.consumerfinance.gov/data-research/consumer-complaints/search/api/v1/?size=10000&frm=0&sort=created_date_desc&format=json&date_received_min=2024-01-01&date_received_max=2025-12-31&search_term=jpmorgan&search_field=company&no_aggs=true
[2026-06-27T03:40:39.236+0000] {taskinstance.py:1149} INFO - Marking task as FAILED. dag_id=consumer_complaints_elt_lakehouse, task_id=extract_api_to_local, execution_date=20260626T000000, start_date=20260627T034038, end_date=20260627T034039
[2026-06-27T03:40:39.249+0000] {standard_task_runner.py:107} ERROR - Failed to execute job 3 for task extract_api_to_local (Extract failed: 403 Client Error: Forbidden for url: https://www.consumerfinance.gov/data-research/consumer-complaints/search/api/v1/?size=10000&frm=0&sort=created_date_desc&format=json&date_received_min=2024-01-01&date_received_max=2025-12-31&search_term=jpmorgan&search_field=company&no_aggs=true; 368)
[2026-06-27T03:40:39.289+0000] {local_task_job_runner.py:234} INFO - Task exited with return code 1
[2026-06-27T03:40:39.317+0000] {taskinstance.py:3309} INFO - 0 downstream tasks scheduled from follow-on schedule check
[2026-06-27T03:57:01.383+0000] {taskinstance.py:1979} INFO - Dependencies all met for dep_context=non-requeueable deps ti=<TaskInstance: consumer_complaints_elt_lakehouse.extract_api_to_local scheduled__2026-06-26T00:00:00+00:00 [queued]>
[2026-06-27T03:57:01.395+0000] {taskinstance.py:1979} INFO - Dependencies all met for dep_context=requeueable deps ti=<TaskInstance: consumer_complaints_elt_lakehouse.extract_api_to_local scheduled__2026-06-26T00:00:00+00:00 [queued]>
[2026-06-27T03:57:01.397+0000] {taskinstance.py:2193} INFO - Starting attempt 2 of 2
[2026-06-27T03:57:01.412+0000] {taskinstance.py:2214} INFO - Executing <Task(_PythonDecoratedOperator): extract_api_to_local> on 2026-06-26 00:00:00+00:00
[2026-06-27T03:57:01.417+0000] {standard_task_runner.py:60} INFO - Started process 230 to run task
[2026-06-27T03:57:01.421+0000] {standard_task_runner.py:87} INFO - Running: ['airflow', 'tasks', 'run', 'consumer_complaints_elt_lakehouse', 'extract_api_to_local', 'scheduled__2026-06-26T00:00:00+00:00', '--job-id', '18', '--raw', '--subdir', 'DAGS_FOLDER/consumer_complaints_elt.py', '--cfg-path', '/tmp/tmpkt3ox1p8']
[2026-06-27T03:57:01.422+0000] {standard_task_runner.py:88} INFO - Job 18: Subtask extract_api_to_local
[2026-06-27T03:57:01.506+0000] {task_command.py:423} INFO - Running <TaskInstance: consumer_complaints_elt_lakehouse.extract_api_to_local scheduled__2026-06-26T00:00:00+00:00 [running]> on host 8a409b899c8e
[2026-06-27T03:57:01.585+0000] {taskinstance.py:2510} INFO - Exporting env vars: AIRFLOW_CTX_DAG_OWNER='data_engineering' AIRFLOW_CTX_DAG_ID='consumer_complaints_elt_lakehouse' AIRFLOW_CTX_TASK_ID='extract_api_to_local' AIRFLOW_CTX_EXECUTION_DATE='2026-06-26T00:00:00+00:00' AIRFLOW_CTX_TRY_NUMBER='2' AIRFLOW_CTX_DAG_RUN_ID='scheduled__2026-06-26T00:00:00+00:00'
[2026-06-27T03:57:01.588+0000] {consumer_complaints_elt.py:91} INFO - Bắt đầu kéo data từ API cho 2 công ty
[2026-06-27T03:57:01.589+0000] {consumer_complaints_elt.py:102} INFO - Đang kéo dữ liệu cho: jpmorgan
[2026-06-27T03:57:01.590+0000] {cfpb_api_client.py:313} INFO - Fetching complaints for company: jpmorgan
[2026-06-27T03:57:01.591+0000] {cfpb_api_client.py:133} INFO - Fetching complaints from CFPB API with params: {'size': 10000, 'frm': 0, 'sort': 'created_date_desc', 'format': 'json', 'date_received_min': '2024-01-01', 'date_received_max': '2025-12-31', 'search_term': 'jpmorgan', 'search_field': 'company', 'no_aggs': 'true'}
[2026-06-27T03:57:01.970+0000] {cfpb_api_client.py:160} ERROR - Error fetching complaints from CFPB API: 403 Client Error: Forbidden for url: https://www.consumerfinance.gov/data-research/consumer-complaints/search/api/v1/?size=10000&frm=0&sort=created_date_desc&format=json&date_received_min=2024-01-01&date_received_max=2025-12-31&search_term=jpmorgan&search_field=company&no_aggs=true
[2026-06-27T03:57:01.971+0000] {consumer_complaints_elt.py:126} ERROR - Lỗi khi Extract API: 403 Client Error: Forbidden for url: https://www.consumerfinance.gov/data-research/consumer-complaints/search/api/v1/?size=10000&frm=0&sort=created_date_desc&format=json&date_received_min=2024-01-01&date_received_max=2025-12-31&search_term=jpmorgan&search_field=company&no_aggs=true
[2026-06-27T03:57:01.972+0000] {cfpb_api_client.py:329} INFO - CFPB API client session closed
[2026-06-27T03:57:01.983+0000] {taskinstance.py:2728} ERROR - Task failed with exception
Traceback (most recent call last):
  File "/opt/airflow/dags/consumer_complaints_elt.py", line 104, in extract_api_to_local
    complaints = api_client.get_complaints_by_company(
  File "/opt/airflow/dags/utils/cfpb_api_client.py", line 315, in get_complaints_by_company
    return self.get_complaints_paginated(
  File "/opt/airflow/dags/utils/cfpb_api_client.py", line 193, in get_complaints_paginated
    response = self.get_complaints(
  File "/opt/airflow/dags/utils/cfpb_api_client.py", line 135, in get_complaints
    response.raise_for_status()
  File "/home/airflow/.local/lib/python3.8/site-packages/requests/models.py", line 1021, in raise_for_status
    raise HTTPError(http_error_msg, response=self)
requests.exceptions.HTTPError: 403 Client Error: Forbidden for url: https://www.consumerfinance.gov/data-research/consumer-complaints/search/api/v1/?size=10000&frm=0&sort=created_date_desc&format=json&date_received_min=2024-01-01&date_received_max=2025-12-31&search_term=jpmorgan&search_field=company&no_aggs=true

During handling of the above exception, another exception occurred:

Traceback (most recent call last):
  File "/home/airflow/.local/lib/python3.8/site-packages/airflow/models/taskinstance.py", line 444, in _execute_task
    result = _execute_callable(context=context, **execute_callable_kwargs)
  File "/home/airflow/.local/lib/python3.8/site-packages/airflow/models/taskinstance.py", line 414, in _execute_callable
    return execute_callable(context=context, **execute_callable_kwargs)
  File "/home/airflow/.local/lib/python3.8/site-packages/airflow/decorators/base.py", line 241, in execute
    return_value = super().execute(context)
  File "/home/airflow/.local/lib/python3.8/site-packages/airflow/operators/python.py", line 200, in execute
    return_value = self.execute_callable()
  File "/home/airflow/.local/lib/python3.8/site-packages/airflow/operators/python.py", line 217, in execute_callable
    return self.python_callable(*self.op_args, **self.op_kwargs)
  File "/opt/airflow/dags/consumer_complaints_elt.py", line 127, in extract_api_to_local
    raise AirflowException(f"Extract failed: {e}")
airflow.exceptions.AirflowException: Extract failed: 403 Client Error: Forbidden for url: https://www.consumerfinance.gov/data-research/consumer-complaints/search/api/v1/?size=10000&frm=0&sort=created_date_desc&format=json&date_received_min=2024-01-01&date_received_max=2025-12-31&search_term=jpmorgan&search_field=company&no_aggs=true
[2026-06-27T03:57:01.997+0000] {taskinstance.py:1149} INFO - Marking task as FAILED. dag_id=consumer_complaints_elt_lakehouse, task_id=extract_api_to_local, execution_date=20260626T000000, start_date=20260627T035701, end_date=20260627T035701
[2026-06-27T03:57:02.009+0000] {standard_task_runner.py:107} ERROR - Failed to execute job 18 for task extract_api_to_local (Extract failed: 403 Client Error: Forbidden for url: https://www.consumerfinance.gov/data-research/consumer-complaints/search/api/v1/?size=10000&frm=0&sort=created_date_desc&format=json&date_received_min=2024-01-01&date_received_max=2025-12-31&search_term=jpmorgan&search_field=company&no_aggs=true; 230)
[2026-06-27T03:57:02.036+0000] {local_task_job_runner.py:234} INFO - Task exited with return code 1
[2026-06-27T03:57:02.059+0000] {taskinstance.py:3309} INFO - 0 downstream tasks scheduled from follow-on schedule check
[2026-06-27T04:02:49.128+0000] {taskinstance.py:1979} INFO - Dependencies all met for dep_context=non-requeueable deps ti=<TaskInstance: consumer_complaints_elt_lakehouse.extract_api_to_local scheduled__2026-06-26T00:00:00+00:00 [queued]>
[2026-06-27T04:02:49.134+0000] {taskinstance.py:1979} INFO - Dependencies all met for dep_context=requeueable deps ti=<TaskInstance: consumer_complaints_elt_lakehouse.extract_api_to_local scheduled__2026-06-26T00:00:00+00:00 [queued]>
[2026-06-27T04:02:49.135+0000] {taskinstance.py:2193} INFO - Starting attempt 2 of 2
[2026-06-27T04:02:49.146+0000] {taskinstance.py:2214} INFO - Executing <Task(_PythonDecoratedOperator): extract_api_to_local> on 2026-06-26 00:00:00+00:00
[2026-06-27T04:02:49.150+0000] {standard_task_runner.py:60} INFO - Started process 200 to run task
[2026-06-27T04:02:49.153+0000] {standard_task_runner.py:87} INFO - Running: ['airflow', 'tasks', 'run', 'consumer_complaints_elt_lakehouse', 'extract_api_to_local', 'scheduled__2026-06-26T00:00:00+00:00', '--job-id', '22', '--raw', '--subdir', 'DAGS_FOLDER/consumer_complaints_elt.py', '--cfg-path', '/tmp/tmp5wv8q_52']
[2026-06-27T04:02:49.155+0000] {standard_task_runner.py:88} INFO - Job 22: Subtask extract_api_to_local
[2026-06-27T04:02:49.245+0000] {task_command.py:423} INFO - Running <TaskInstance: consumer_complaints_elt_lakehouse.extract_api_to_local scheduled__2026-06-26T00:00:00+00:00 [running]> on host 8a409b899c8e
[2026-06-27T04:02:49.322+0000] {taskinstance.py:2510} INFO - Exporting env vars: AIRFLOW_CTX_DAG_OWNER='data_engineering' AIRFLOW_CTX_DAG_ID='consumer_complaints_elt_lakehouse' AIRFLOW_CTX_TASK_ID='extract_api_to_local' AIRFLOW_CTX_EXECUTION_DATE='2026-06-26T00:00:00+00:00' AIRFLOW_CTX_TRY_NUMBER='2' AIRFLOW_CTX_DAG_RUN_ID='scheduled__2026-06-26T00:00:00+00:00'
[2026-06-27T04:02:49.324+0000] {consumer_complaints_elt.py:92} INFO - V2: ĐÃ CẬP NHẬT HEADER CHROME FULL GIÁP!
[2026-06-27T04:02:49.325+0000] {consumer_complaints_elt.py:94} INFO - Bắt đầu kéo data từ API cho 2 công ty
[2026-06-27T04:02:49.326+0000] {consumer_complaints_elt.py:105} INFO - Đang kéo dữ liệu cho: jpmorgan
[2026-06-27T04:02:49.327+0000] {cfpb_api_client.py:323} INFO - Fetching complaints for company: jpmorgan
[2026-06-27T04:02:49.327+0000] {cfpb_api_client.py:143} INFO - Fetching complaints from CFPB API with params: {'size': 10000, 'frm': 0, 'sort': 'created_date_desc', 'format': 'json', 'date_received_min': '2024-01-01', 'date_received_max': '2025-12-31', 'search_term': 'jpmorgan', 'search_field': 'company', 'no_aggs': 'true'}
[2026-06-27T04:02:49.568+0000] {cfpb_api_client.py:170} ERROR - Error fetching complaints from CFPB API: 403 Client Error: Forbidden for url: https://www.consumerfinance.gov/data-research/consumer-complaints/search/api/v1/?size=10000&frm=0&sort=created_date_desc&format=json&date_received_min=2024-01-01&date_received_max=2025-12-31&search_term=jpmorgan&search_field=company&no_aggs=true
[2026-06-27T04:02:49.569+0000] {consumer_complaints_elt.py:129} ERROR - Lỗi khi Extract API: 403 Client Error: Forbidden for url: https://www.consumerfinance.gov/data-research/consumer-complaints/search/api/v1/?size=10000&frm=0&sort=created_date_desc&format=json&date_received_min=2024-01-01&date_received_max=2025-12-31&search_term=jpmorgan&search_field=company&no_aggs=true
[2026-06-27T04:02:49.570+0000] {cfpb_api_client.py:339} INFO - CFPB API client session closed
[2026-06-27T04:02:49.580+0000] {taskinstance.py:2728} ERROR - Task failed with exception
Traceback (most recent call last):
  File "/opt/airflow/dags/consumer_complaints_elt.py", line 107, in extract_api_to_local
    complaints = api_client.get_complaints_by_company(
  File "/opt/airflow/dags/utils/cfpb_api_client.py", line 325, in get_complaints_by_company
    return self.get_complaints_paginated(
  File "/opt/airflow/dags/utils/cfpb_api_client.py", line 203, in get_complaints_paginated
    response = self.get_complaints(
  File "/opt/airflow/dags/utils/cfpb_api_client.py", line 145, in get_complaints
    response.raise_for_status()
  File "/home/airflow/.local/lib/python3.8/site-packages/requests/models.py", line 1021, in raise_for_status
    raise HTTPError(http_error_msg, response=self)
requests.exceptions.HTTPError: 403 Client Error: Forbidden for url: https://www.consumerfinance.gov/data-research/consumer-complaints/search/api/v1/?size=10000&frm=0&sort=created_date_desc&format=json&date_received_min=2024-01-01&date_received_max=2025-12-31&search_term=jpmorgan&search_field=company&no_aggs=true

During handling of the above exception, another exception occurred:

Traceback (most recent call last):
  File "/home/airflow/.local/lib/python3.8/site-packages/airflow/models/taskinstance.py", line 444, in _execute_task
    result = _execute_callable(context=context, **execute_callable_kwargs)
  File "/home/airflow/.local/lib/python3.8/site-packages/airflow/models/taskinstance.py", line 414, in _execute_callable
    return execute_callable(context=context, **execute_callable_kwargs)
  File "/home/airflow/.local/lib/python3.8/site-packages/airflow/decorators/base.py", line 241, in execute
    return_value = super().execute(context)
  File "/home/airflow/.local/lib/python3.8/site-packages/airflow/operators/python.py", line 200, in execute
    return_value = self.execute_callable()
  File "/home/airflow/.local/lib/python3.8/site-packages/airflow/operators/python.py", line 217, in execute_callable
    return self.python_callable(*self.op_args, **self.op_kwargs)
  File "/opt/airflow/dags/consumer_complaints_elt.py", line 130, in extract_api_to_local
    raise AirflowException(f"Extract failed: {e}")
airflow.exceptions.AirflowException: Extract failed: 403 Client Error: Forbidden for url: https://www.consumerfinance.gov/data-research/consumer-complaints/search/api/v1/?size=10000&frm=0&sort=created_date_desc&format=json&date_received_min=2024-01-01&date_received_max=2025-12-31&search_term=jpmorgan&search_field=company&no_aggs=true
[2026-06-27T04:02:49.593+0000] {taskinstance.py:1149} INFO - Marking task as FAILED. dag_id=consumer_complaints_elt_lakehouse, task_id=extract_api_to_local, execution_date=20260626T000000, start_date=20260627T040249, end_date=20260627T040249
[2026-06-27T04:02:49.605+0000] {standard_task_runner.py:107} ERROR - Failed to execute job 22 for task extract_api_to_local (Extract failed: 403 Client Error: Forbidden for url: https://www.consumerfinance.gov/data-research/consumer-complaints/search/api/v1/?size=10000&frm=0&sort=created_date_desc&format=json&date_received_min=2024-01-01&date_received_max=2025-12-31&search_term=jpmorgan&search_field=company&no_aggs=true; 200)
[2026-06-27T04:02:49.648+0000] {local_task_job_runner.py:234} INFO - Task exited with return code 1
[2026-06-27T04:02:49.670+0000] {taskinstance.py:3309} INFO - 0 downstream tasks scheduled from follow-on schedule check
