[2026-08-05T20:18:20.488+0000] {local_task_job_runner.py:123} INFO - ::group::Pre task execution logs
[2026-08-05T20:18:20.532+0000] {taskinstance.py:2612} INFO - Dependencies all met for dep_context=non-requeueable deps ti=<TaskInstance: logistics_setup_lakehouse_infrastructure.wait_for_trino_ready manual__2026-08-05T20:18:19.414803+00:00 [queued]>
[2026-08-05T20:18:20.561+0000] {taskinstance.py:2612} INFO - Dependencies all met for dep_context=requeueable deps ti=<TaskInstance: logistics_setup_lakehouse_infrastructure.wait_for_trino_ready manual__2026-08-05T20:18:19.414803+00:00 [queued]>
[2026-08-05T20:18:20.563+0000] {taskinstance.py:2865} INFO - Starting attempt 1 of 1
[2026-08-05T20:18:20.586+0000] {taskinstance.py:2888} INFO - Executing <Task(HttpSensor): wait_for_trino_ready> on 2026-08-05 20:18:19.414803+00:00
[2026-08-05T20:18:20.595+0000] {standard_task_runner.py:72} INFO - Started process 429 to run task
[2026-08-05T20:18:20.602+0000] {standard_task_runner.py:104} INFO - Running: ['airflow', 'tasks', 'run', 'logistics_setup_lakehouse_infrastructure', 'wait_for_trino_ready', 'manual__2026-08-05T20:18:19.414803+00:00', '--job-id', '3', '--raw', '--subdir', 'DAGS_FOLDER/logistics_setup_infrastructure.py', '--cfg-path', '/tmp/tmpvsy9adeb']
[2026-08-05T20:18:20.608+0000] {standard_task_runner.py:105} INFO - Job 3: Subtask wait_for_trino_ready
[2026-08-05T20:18:20.723+0000] {task_command.py:467} INFO - Running <TaskInstance: logistics_setup_lakehouse_infrastructure.wait_for_trino_ready manual__2026-08-05T20:18:19.414803+00:00 [running]> on host 2147e0382bfd
[2026-08-05T20:18:21.185+0000] {taskinstance.py:3131} INFO - Exporting env vars: AIRFLOW_CTX_DAG_OWNER='airflow' AIRFLOW_CTX_DAG_ID='logistics_setup_lakehouse_infrastructure' AIRFLOW_CTX_TASK_ID='wait_for_trino_ready' AIRFLOW_CTX_EXECUTION_DATE='2026-08-05T20:18:19.414803+00:00' AIRFLOW_CTX_TRY_NUMBER='1' AIRFLOW_CTX_DAG_RUN_ID='manual__2026-08-05T20:18:19.414803+00:00'
[2026-08-05T20:18:21.187+0000] {taskinstance.py:731} INFO - ::endgroup::
[2026-08-05T20:18:21.195+0000] {baseoperator.py:405} WARNING - HttpSensor.execute cannot be called outside TaskInstance!
[2026-08-05T20:18:21.196+0000] {http.py:137} INFO - Poking: v1/info
[2026-08-05T20:18:21.199+0000] {base.py:84} INFO - Retrieving connection 'trino_api_conn'
[2026-08-05T20:18:21.208+0000] {base.py:336} INFO - Success criteria met. Exiting.
[2026-08-05T20:18:21.228+0000] {taskinstance.py:340} INFO - ::group::Post task execution logs
[2026-08-05T20:18:21.230+0000] {taskinstance.py:352} INFO - Marking task as SUCCESS. dag_id=logistics_setup_lakehouse_infrastructure, task_id=wait_for_trino_ready, run_id=manual__2026-08-05T20:18:19.414803+00:00, execution_date=20260805T201819, start_date=20260805T201820, end_date=20260805T201821
[2026-08-05T20:18:21.260+0000] {local_task_job_runner.py:266} INFO - Task exited with return code 0
[2026-08-05T20:18:21.295+0000] {taskinstance.py:3900} INFO - 1 downstream tasks scheduled from follow-on schedule check
[2026-08-05T20:18:21.298+0000] {local_task_job_runner.py:245} INFO - ::endgroup::
