[2026-07-22T01:50:21.596+0000] {local_task_job_runner.py:123} INFO - ::group::Pre task execution logs
[2026-07-22T01:50:21.629+0000] {taskinstance.py:2612} INFO - Dependencies all met for dep_context=non-requeueable deps ti=<TaskInstance: dbt_silver_gold_incremental.transform_gold.dim_locations.run manual__2026-07-22T01:18:56.480959+00:00 [queued]>
[2026-07-22T01:50:21.645+0000] {taskinstance.py:2612} INFO - Dependencies all met for dep_context=requeueable deps ti=<TaskInstance: dbt_silver_gold_incremental.transform_gold.dim_locations.run manual__2026-07-22T01:18:56.480959+00:00 [queued]>
[2026-07-22T01:50:21.647+0000] {taskinstance.py:2865} INFO - Starting attempt 1 of 2
[2026-07-22T01:50:21.668+0000] {taskinstance.py:2888} INFO - Executing <Task(DbtRunLocalOperator): transform_gold.dim_locations.run> on 2026-07-22 01:18:56.480959+00:00
[2026-07-22T01:50:21.677+0000] {standard_task_runner.py:72} INFO - Started process 2238 to run task
[2026-07-22T01:50:21.682+0000] {standard_task_runner.py:104} INFO - Running: ['airflow', 'tasks', 'run', 'dbt_silver_gold_incremental', 'transform_gold.dim_locations.run', 'manual__2026-07-22T01:18:56.480959+00:00', '--job-id', '92', '--raw', '--subdir', 'DAGS_FOLDER/dbt_silver_gold.py', '--cfg-path', '/tmp/tmphg353vvs']
[2026-07-22T01:50:21.686+0000] {standard_task_runner.py:105} INFO - Job 92: Subtask transform_gold.dim_locations.run
[2026-07-22T01:50:21.775+0000] {task_command.py:467} INFO - Running <TaskInstance: dbt_silver_gold_incremental.transform_gold.dim_locations.run manual__2026-07-22T01:18:56.480959+00:00 [running]> on host dbd63abba702
[2026-07-22T01:50:21.916+0000] {taskinstance.py:3131} INFO - Exporting env vars: AIRFLOW_CTX_DAG_OWNER='data_engineer' AIRFLOW_CTX_DAG_ID='dbt_silver_gold_incremental' AIRFLOW_CTX_TASK_ID='transform_gold.dim_locations.run' AIRFLOW_CTX_EXECUTION_DATE='2026-07-22T01:18:56.480959+00:00' AIRFLOW_CTX_TRY_NUMBER='1' AIRFLOW_CTX_DAG_RUN_ID='manual__2026-07-22T01:18:56.480959+00:00'
[2026-07-22T01:50:21.919+0000] {taskinstance.py:731} INFO - ::endgroup::
[2026-07-22T01:50:23.957+0000] {local.py:294} INFO - dbtRunner is available. Using dbtRunner for invoking dbt.
[2026-07-22T01:50:23.959+0000] {local.py:518} INFO - Cloning project to writable temp directory /tmp/tmps3uu8b4a from /opt/airflow/dbt_transform
[2026-07-22T01:50:23.976+0000] {local.py:538} INFO - Partial parse is enabled and the latest partial parse file is /tmp/cosmos/dbt_silver_gold_incremental__transform_gold/target/partial_parse.msgpack
[2026-07-22T01:50:24.008+0000] {config.py:395} INFO - Using user-supplied profiles.yml at /opt/airflow/dbt_transform/profiles.yml
[2026-07-22T01:50:24.024+0000] {runner.py:95} INFO - Trying to run dbtRunner with:
 ['deps', '--project-dir', '/tmp/tmps3uu8b4a', '--profiles-dir', '/opt/airflow/dbt_transform', '--profile', 'lakehouse_dbt', '--target', 'dev', '--no-static-parser']
 in /tmp/tmps3uu8b4a
[2026-07-22T01:50:24.127+0000] {logging_mixin.py:190} INFO - 01:50:24  Running with dbt=1.8.8
[2026-07-22T01:50:24.349+0000] {converter.py:314} INFO - ::group::Cosmos DAG parsing logs
[2026-07-22T01:50:24.354+0000] {graph.py:869} INFO - Trying to parse the dbt project using dbt ls cache cosmos_cache__dbt_silver_gold_incremental__transform_silver...
[2026-07-22T01:50:27.906+0000] {cache.py:383} INFO - Cosmos performance: time to calculate cache identifier cosmos_cache__dbt_silver_gold_incremental__transform_silver for current version: 3.541327657000238
[2026-07-22T01:50:27.908+0000] {graph.py:886} INFO - Cosmos performance [dbd63abba702|2238]: The cache size for cosmos_cache__dbt_silver_gold_incremental__transform_silver is 5952
[2026-07-22T01:50:27.909+0000] {graph.py:898} INFO - Cosmos performance: Cache hit for cosmos_cache__dbt_silver_gold_incremental__transform_silver - 93fe86a1db8b3ecb7fd501463be0f888,5e34606eb5f2b3dea81a8e19fa3ba138
[2026-07-22T01:50:27.910+0000] {graph.py:799} INFO - Total nodes: 7
[2026-07-22T01:50:27.912+0000] {graph.py:800} INFO - Total filtered nodes: 7
[2026-07-22T01:50:27.913+0000] {converter.py:361} INFO - Cosmos performance (dbt_silver_gold_incremental__transform_silver) - [dbd63abba702|2238]: It took 3.57s to parse the dbt project for DAG using dbt_ls_cache
[2026-07-22T01:50:27.927+0000] {converter.py:413} INFO - Cosmos performance (dbt_silver_gold_incremental__transform_silver) - [dbd63abba702|2238]: It took 0.0139s to build the Airflow DAG.
[2026-07-22T01:50:27.928+0000] {converter.py:420} INFO - ::endgroup::Cosmos DAG parsing logs
[2026-07-22T01:50:27.930+0000] {converter.py:314} INFO - ::group::Cosmos DAG parsing logs
[2026-07-22T01:50:27.934+0000] {graph.py:869} INFO - Trying to parse the dbt project using dbt ls cache cosmos_cache__dbt_silver_gold_incremental__transform_gold...
[2026-07-22T01:50:30.280+0000] {cache.py:383} INFO - Cosmos performance: time to calculate cache identifier cosmos_cache__dbt_silver_gold_incremental__transform_gold for current version: 2.3298367330003202
[2026-07-22T01:50:30.281+0000] {graph.py:886} INFO - Cosmos performance [dbd63abba702|2238]: The cache size for cosmos_cache__dbt_silver_gold_incremental__transform_gold is 35822
[2026-07-22T01:50:30.286+0000] {graph.py:898} INFO - Cosmos performance: Cache hit for cosmos_cache__dbt_silver_gold_incremental__transform_gold - 93fe86a1db8b3ecb7fd501463be0f888,304321e940a9403dceb380589bd0566f
[2026-07-22T01:50:30.288+0000] {graph.py:799} INFO - Total nodes: 39
[2026-07-22T01:50:30.289+0000] {graph.py:800} INFO - Total filtered nodes: 39
[2026-07-22T01:50:30.290+0000] {converter.py:361} INFO - Cosmos performance (dbt_silver_gold_incremental__transform_gold) - [dbd63abba702|2238]: It took 2.36s to parse the dbt project for DAG using dbt_ls_cache
[2026-07-22T01:50:30.328+0000] {converter.py:413} INFO - Cosmos performance (dbt_silver_gold_incremental__transform_gold) - [dbd63abba702|2238]: It took 0.0376s to build the Airflow DAG.
[2026-07-22T01:50:30.329+0000] {converter.py:420} INFO - ::endgroup::Cosmos DAG parsing logs
[2026-07-22T01:50:30.331+0000] {converter.py:314} INFO - ::group::Cosmos DAG parsing logs
[2026-07-22T01:50:30.335+0000] {graph.py:869} INFO - Trying to parse the dbt project using dbt ls cache cosmos_cache__dbt_silver_gold_full_load__transform_silver...
[2026-07-22T01:50:32.295+0000] {cache.py:383} INFO - Cosmos performance: time to calculate cache identifier cosmos_cache__dbt_silver_gold_full_load__transform_silver for current version: 1.9467373060001592
[2026-07-22T01:50:32.296+0000] {graph.py:886} INFO - Cosmos performance [dbd63abba702|2238]: The cache size for cosmos_cache__dbt_silver_gold_full_load__transform_silver is 5952
[2026-07-22T01:50:32.297+0000] {graph.py:898} INFO - Cosmos performance: Cache hit for cosmos_cache__dbt_silver_gold_full_load__transform_silver - 93fe86a1db8b3ecb7fd501463be0f888,5e34606eb5f2b3dea81a8e19fa3ba138
[2026-07-22T01:50:32.299+0000] {graph.py:799} INFO - Total nodes: 7
[2026-07-22T01:50:32.300+0000] {graph.py:800} INFO - Total filtered nodes: 7
[2026-07-22T01:50:32.301+0000] {converter.py:361} INFO - Cosmos performance (dbt_silver_gold_full_load__transform_silver) - [dbd63abba702|2238]: It took 1.97s to parse the dbt project for DAG using dbt_ls_cache
[2026-07-22T01:50:32.311+0000] {converter.py:413} INFO - Cosmos performance (dbt_silver_gold_full_load__transform_silver) - [dbd63abba702|2238]: It took 0.01s to build the Airflow DAG.
[2026-07-22T01:50:32.313+0000] {converter.py:420} INFO - ::endgroup::Cosmos DAG parsing logs
[2026-07-22T01:50:32.314+0000] {converter.py:314} INFO - ::group::Cosmos DAG parsing logs
[2026-07-22T01:50:32.318+0000] {graph.py:869} INFO - Trying to parse the dbt project using dbt ls cache cosmos_cache__dbt_silver_gold_full_load__transform_gold...
[2026-07-22T01:50:33.895+0000] {cache.py:383} INFO - Cosmos performance: time to calculate cache identifier cosmos_cache__dbt_silver_gold_full_load__transform_gold for current version: 1.5588461850002204
[2026-07-22T01:50:33.897+0000] {graph.py:886} INFO - Cosmos performance [dbd63abba702|2238]: The cache size for cosmos_cache__dbt_silver_gold_full_load__transform_gold is 35822
[2026-07-22T01:50:33.898+0000] {graph.py:898} INFO - Cosmos performance: Cache hit for cosmos_cache__dbt_silver_gold_full_load__transform_gold - 93fe86a1db8b3ecb7fd501463be0f888,304321e940a9403dceb380589bd0566f
[2026-07-22T01:50:33.900+0000] {graph.py:799} INFO - Total nodes: 39
[2026-07-22T01:50:33.901+0000] {graph.py:800} INFO - Total filtered nodes: 39
[2026-07-22T01:50:33.902+0000] {converter.py:361} INFO - Cosmos performance (dbt_silver_gold_full_load__transform_gold) - [dbd63abba702|2238]: It took 1.58s to parse the dbt project for DAG using dbt_ls_cache
[2026-07-22T01:50:33.932+0000] {converter.py:413} INFO - Cosmos performance (dbt_silver_gold_full_load__transform_gold) - [dbd63abba702|2238]: It took 0.0299s to build the Airflow DAG.
[2026-07-22T01:50:33.933+0000] {converter.py:420} INFO - ::endgroup::Cosmos DAG parsing logs
[2026-07-22T01:50:34.424+0000] {logging_mixin.py:190} INFO - 01:50:34  Installing dbt-labs/dbt_utils
[2026-07-22T01:50:35.094+0000] {logging_mixin.py:190} INFO - 01:50:35  Installed from version 1.3.0
[2026-07-22T01:50:35.096+0000] {logging_mixin.py:190} INFO - 01:50:35  Updated version available: 1.4.1
[2026-07-22T01:50:35.099+0000] {logging_mixin.py:190} INFO - 01:50:35  Installing metaplane/dbt_expectations
[2026-07-22T01:50:36.147+0000] {logging_mixin.py:190} INFO - 01:50:36  Installed from version 0.10.8
[2026-07-22T01:50:36.149+0000] {logging_mixin.py:190} INFO - 01:50:36  Updated version available: 0.10.10
[2026-07-22T01:50:36.151+0000] {logging_mixin.py:190} INFO - 01:50:36  Installing godatadriven/dbt_date
[2026-07-22T01:50:36.932+0000] {logging_mixin.py:190} INFO - 01:50:36  Installed from version 0.15.0
[2026-07-22T01:50:36.934+0000] {logging_mixin.py:190} INFO - 01:50:36  Up to date!
[2026-07-22T01:50:36.938+0000] {logging_mixin.py:190} INFO - 01:50:36
[2026-07-22T01:50:36.939+0000] {logging_mixin.py:190} INFO - 01:50:36  Updates available for packages: ['dbt-labs/dbt_utils', 'metaplane/dbt_expectations']                 
Update your versions in packages.yml, then run dbt deps
[2026-07-22T01:50:38.126+0000] {runner.py:95} INFO - Trying to run dbtRunner with:
 ['run', '--select', 'fqn:consumer_complaints_transformation.marts.dim_locations', '--project-dir', '/tmp/tmps3uu8b4a', '--profiles-dir', '/opt/airflow/dbt_transform', '--profile', 'lakehouse_dbt', '--target', 'dev', '--no-static-parser']
 in /tmp/tmps3uu8b4a
[2026-07-22T01:50:38.158+0000] {logging_mixin.py:190} INFO - 01:50:38  Running with dbt=1.8.8
[2026-07-22T01:50:38.202+0000] {auth.py:343} INFO - keyring module not found. OAuth2 token will not be stored in keyring.
[2026-07-22T01:50:38.213+0000] {auth.py:343} INFO - keyring module not found. OAuth2 token will not be stored in keyring.
[2026-07-22T01:50:38.440+0000] {logging_mixin.py:190} INFO - 01:50:38  Registered adapter: trino=1.8.5
[2026-07-22T01:50:40.571+0000] {logging_mixin.py:190} INFO - 01:50:40  Found 8 models, 40 data tests, 1 source, 9 metrics, 839 macros, 5 semantic models
[2026-07-22T01:50:40.578+0000] {logging_mixin.py:190} INFO - 01:50:40
[2026-07-22T01:50:40.659+0000] {logging_mixin.py:190} INFO - 01:50:40  [WARNING]: SSL certificate validation is disabled by default. It is legacy behavior which will be changed in future releases. It is strongly advised to enable `require_certificate_validation` flag or explicitly set `cert` configuration to `True` for security reasons. You may receive an error after that if your SSL setup is incorrect.
You may opt into the new behavior sooner by setting `flags.require_certificate_validation` to `True` in `dbt_project.yml`.
Visit https://docs.getdbt.com/reference/global-configs/behavior-changes for more information.
[2026-07-22T01:50:41.051+0000] {logging_mixin.py:190} INFO - 01:50:41  Concurrency: 1 threads (target='dev')
[2026-07-22T01:50:41.054+0000] {logging_mixin.py:190} INFO - 01:50:41
[2026-07-22T01:50:41.064+0000] {logging_mixin.py:190} INFO - 01:50:41  1 of 1 START sql incremental model silver.dim_locations ........................ [RUN]
[2026-07-22T01:50:43.353+0000] {logging_mixin.py:190} INFO - 01:50:43  1 of 1 OK created sql incremental model silver.dim_locations ................... [MERGE (40 rows) in 2.28s]
[2026-07-22T01:50:43.365+0000] {logging_mixin.py:190} INFO - 01:50:43
[2026-07-22T01:50:43.368+0000] {logging_mixin.py:190} INFO - 01:50:43  Finished running 1 incremental model in 0 hours 0 minutes and 2.78 seconds (2.78s).
[2026-07-22T01:50:43.462+0000] {logging_mixin.py:190} INFO - 01:50:43
[2026-07-22T01:50:43.465+0000] {logging_mixin.py:190} INFO - 01:50:43  Completed successfully
[2026-07-22T01:50:43.469+0000] {logging_mixin.py:190} INFO - 01:50:43
[2026-07-22T01:50:43.473+0000] {logging_mixin.py:190} INFO - 01:50:43  Done. PASS=1 WARN=0 ERROR=0 SKIP=0 TOTAL=1
[2026-07-22T01:50:44.766+0000] {local.py:196} WARNING - Artifact schema version: https://schemas.getdbt.com/dbt/manifest/v12.json is above dbt-ol supported version 7. This might cause errors.
[2026-07-22T01:50:44.774+0000] {local.py:594} INFO - Inlets: []
[2026-07-22T01:50:44.776+0000] {local.py:595} INFO - Outlets: []
[2026-07-22T01:50:44.778+0000] {local.py:886} INFO - Assigning inlets/outlets with DatasetAlias in Airflow 2
[2026-07-22T01:50:44.903+0000] {taskinstance.py:340} INFO - ::group::Post task execution logs
[2026-07-22T01:50:44.906+0000] {taskinstance.py:352} INFO - Marking task as SUCCESS. dag_id=dbt_silver_gold_incremental, task_id=transform_gold.dim_locations.run, run_id=manual__2026-07-22T01:18:56.480959+00:00, execution_date=20260722T011856, start_date=20260722T015021, end_date=20260722T015044
[2026-07-22T01:50:45.686+0000] {_client.py:1026} INFO - HTTP Request: GET https://astronomer.gateway.scarf.sh/astronomer-cosmos/v3/task_instance?cosmos_version=1.15.0&airflow_version=2.10.2&python_version=3.10.15&platform_system=Linux&platform_machine=x86_64&status=success&operator_name=DbtRunLocalOperator&is_cosmos_operator_subclass=False&invocation_mode=dbt_runner&execution_mode=local&profile_strategy=yaml_file&profile_mapping_class=None&database=trino&is_mapped_task=False&dbt_command=run&install_deps=True&has_callback=False&duration=23.271694 "HTTP/1.1 200 OK"
[2026-07-22T01:50:45.737+0000] {local_task_job_runner.py:266} INFO - Task exited with return code 0
[2026-07-22T01:50:45.778+0000] {taskinstance.py:3900} INFO - 1 downstream tasks scheduled from follow-on schedule check
[2026-07-22T01:50:45.781+0000] {local_task_job_runner.py:245} INFO - ::endgroup::
