[2026-06-29T02:53:13.033+0000] {taskinstance.py:1979} INFO - Dependencies all met for dep_context=non-requeueable deps ti=<TaskInstance: consumer_complaints_elt_lakehouse.extract_api_to_local manual__2026-06-29T02:51:43.035316+00:00 [queued]>
[2026-06-29T02:53:13.040+0000] {taskinstance.py:1979} INFO - Dependencies all met for dep_context=requeueable deps ti=<TaskInstance: consumer_complaints_elt_lakehouse.extract_api_to_local manual__2026-06-29T02:51:43.035316+00:00 [queued]>
[2026-06-29T02:53:13.041+0000] {taskinstance.py:2193} INFO - Starting attempt 1 of 2
[2026-06-29T02:53:13.052+0000] {taskinstance.py:2214} INFO - Executing <Task(_PythonDecoratedOperator): extract_api_to_local> on 2026-06-29 02:51:43.035316+00:00
[2026-06-29T02:53:13.059+0000] {standard_task_runner.py:60} INFO - Started process 456 to run task
[2026-06-29T02:53:13.062+0000] {standard_task_runner.py:87} INFO - Running: ['airflow', 'tasks', 'run', 'consumer_complaints_elt_lakehouse', 'extract_api_to_local', 'manual__2026-06-29T02:51:43.035316+00:00', '--job-id', '10', '--raw', '--subdir', 'DAGS_FOLDER/consumer_complaints_elt.py', '--cfg-path', '/tmp/tmpnk2ou0ti']
[2026-06-29T02:53:13.062+0000] {standard_task_runner.py:88} INFO - Job 10: Subtask extract_api_to_local
[2026-06-29T02:53:13.139+0000] {task_command.py:423} INFO - Running <TaskInstance: consumer_complaints_elt_lakehouse.extract_api_to_local manual__2026-06-29T02:51:43.035316+00:00 [running]> on host 54da7b202381
[2026-06-29T02:53:13.217+0000] {taskinstance.py:2510} INFO - Exporting env vars: AIRFLOW_CTX_DAG_OWNER='data_engineering' AIRFLOW_CTX_DAG_ID='consumer_complaints_elt_lakehouse' AIRFLOW_CTX_TASK_ID='extract_api_to_local' AIRFLOW_CTX_EXECUTION_DATE='2026-06-29T02:51:43.035316+00:00' AIRFLOW_CTX_TRY_NUMBER='1' AIRFLOW_CTX_DAG_RUN_ID='manual__2026-06-29T02:51:43.035316+00:00'
[2026-06-29T02:53:13.219+0000] {consumer_complaints_elt.py:62} INFO - Bắt đầu kéo data từ API cho 2 công ty
[2026-06-29T02:53:13.220+0000] {consumer_complaints_elt.py:73} INFO - Đang kéo dữ liệu cho: jpmorgan
[2026-06-29T02:53:13.221+0000] {cfpb_api_client.py:312} INFO - Fetching complaints for company: jpmorgan
[2026-06-29T02:53:13.221+0000] {cfpb_api_client.py:132} INFO - Fetching complaints from CFPB API with params: {'size': 10000, 'frm': 0, 'sort': 'created_date_desc', 'format': 'json', 'date_received_min': '2024-01-01', 'date_received_max': '2025-12-31', 'search_term': 'jpmorgan', 'search_field': 'company', 'no_aggs': 'true'}
[2026-06-29T02:53:13.804+0000] {cfpb_api_client.py:141} INFO - Successfully fetched 1159 complaints (direct list format)
[2026-06-29T02:53:13.805+0000] {cfpb_api_client.py:225} INFO - Fetched 1159 complaints. Total so far: 1159
[2026-06-29T02:53:13.806+0000] {cfpb_api_client.py:231} INFO - Fetched all available complaints
[2026-06-29T02:53:13.806+0000] {cfpb_api_client.py:237} INFO - Total complaints fetched: 1159
[2026-06-29T02:53:13.830+0000] {consumer_complaints_elt.py:89} INFO - ✓ Đã lưu 1159 records vào /tmp/consumer_complaints/jpmorgan_complaints.json
[2026-06-29T02:53:13.831+0000] {consumer_complaints_elt.py:73} INFO - Đang kéo dữ liệu cho: bank of america
[2026-06-29T02:53:13.831+0000] {cfpb_api_client.py:312} INFO - Fetching complaints for company: bank of america
[2026-06-29T02:53:13.832+0000] {cfpb_api_client.py:132} INFO - Fetching complaints from CFPB API with params: {'size': 10000, 'frm': 0, 'sort': 'created_date_desc', 'format': 'json', 'date_received_min': '2024-01-01', 'date_received_max': '2025-12-31', 'search_term': 'bank of america', 'search_field': 'company', 'no_aggs': 'true'}
[2026-06-29T02:53:15.412+0000] {cfpb_api_client.py:141} INFO - Successfully fetched 14316 complaints (direct list format)
[2026-06-29T02:53:15.416+0000] {cfpb_api_client.py:225} INFO - Fetched 14316 complaints. Total so far: 14316
[2026-06-29T02:53:15.416+0000] {cfpb_api_client.py:231} INFO - Fetched all available complaints
[2026-06-29T02:53:15.417+0000] {cfpb_api_client.py:237} INFO - Total complaints fetched: 14316
[2026-06-29T02:53:15.691+0000] {consumer_complaints_elt.py:89} INFO - ✓ Đã lưu 14316 records vào /tmp/consumer_complaints/bank_of_america_complaints.json
[2026-06-29T02:53:15.693+0000] {cfpb_api_client.py:328} INFO - CFPB API client session closed
[2026-06-29T02:53:15.702+0000] {python.py:202} INFO - Done. Returned value was: {'jpmorgan': '/tmp/consumer_complaints/jpmorgan_complaints.json', 'bank of america': '/tmp/consumer_complaints/bank_of_america_complaints.json'}
[2026-06-29T02:53:15.759+0000] {taskinstance.py:1149} INFO - Marking task as SUCCESS. dag_id=consumer_complaints_elt_lakehouse, task_id=extract_api_to_local, execution_date=20260629T025143, start_date=20260629T025313, end_date=20260629T025315
[2026-06-29T02:53:15.804+0000] {local_task_job_runner.py:234} INFO - Task exited with return code 0
[2026-06-29T02:53:15.831+0000] {taskinstance.py:3309} INFO - 1 downstream tasks scheduled from follow-on schedule check
