[2026-06-29T02:53:17.010+0000] {taskinstance.py:1979} INFO - Dependencies all met for dep_context=non-requeueable deps ti=<TaskInstance: consumer_complaints_elt_lakehouse.upload_local_to_minio_landing manual__2026-06-29T02:51:43.035316+00:00 [queued]>
[2026-06-29T02:53:17.017+0000] {taskinstance.py:1979} INFO - Dependencies all met for dep_context=requeueable deps ti=<TaskInstance: consumer_complaints_elt_lakehouse.upload_local_to_minio_landing manual__2026-06-29T02:51:43.035316+00:00 [queued]>
[2026-06-29T02:53:17.018+0000] {taskinstance.py:2193} INFO - Starting attempt 1 of 2
[2026-06-29T02:53:17.033+0000] {taskinstance.py:2214} INFO - Executing <Task(_PythonDecoratedOperator): upload_local_to_minio_landing> on 2026-06-29 02:51:43.035316+00:00
[2026-06-29T02:53:17.037+0000] {standard_task_runner.py:60} INFO - Started process 464 to run task
[2026-06-29T02:53:17.041+0000] {standard_task_runner.py:87} INFO - Running: ['airflow', 'tasks', 'run', 'consumer_complaints_elt_lakehouse', 'upload_local_to_minio_landing', 'manual__2026-06-29T02:51:43.035316+00:00', '--job-id', '11', '--raw', '--subdir', 'DAGS_FOLDER/consumer_complaints_elt.py', '--cfg-path', '/tmp/tmpavnl_heb']
[2026-06-29T02:53:17.042+0000] {standard_task_runner.py:88} INFO - Job 11: Subtask upload_local_to_minio_landing
[2026-06-29T02:53:17.122+0000] {task_command.py:423} INFO - Running <TaskInstance: consumer_complaints_elt_lakehouse.upload_local_to_minio_landing manual__2026-06-29T02:51:43.035316+00:00 [running]> on host 54da7b202381
[2026-06-29T02:53:17.216+0000] {taskinstance.py:2510} INFO - Exporting env vars: AIRFLOW_CTX_DAG_OWNER='data_engineering' AIRFLOW_CTX_DAG_ID='consumer_complaints_elt_lakehouse' AIRFLOW_CTX_TASK_ID='upload_local_to_minio_landing' AIRFLOW_CTX_EXECUTION_DATE='2026-06-29T02:51:43.035316+00:00' AIRFLOW_CTX_TRY_NUMBER='1' AIRFLOW_CTX_DAG_RUN_ID='manual__2026-06-29T02:51:43.035316+00:00'
[2026-06-29T02:53:17.219+0000] {minio_loader.py:47} INFO - Đang upload 2 files lên bucket: lakehouse
[2026-06-29T02:53:17.219+0000] {minio_loader.py:64} INFO - 📁 Đang upload jpmorgan_complaints.json (3.38 MB)
[2026-06-29T02:53:17.220+0000] {crypto.py:82} WARNING - empty cryptography key - values will not be stored encrypted.
[2026-06-29T02:53:17.222+0000] {base.py:83} INFO - Using connection ID 'minio_default' for task execution.
[2026-06-29T02:53:17.222+0000] {connection_wrapper.py:382} INFO - AWS Connection (conn_id='minio_default', conn_type='aws') credentials retrieved from login and ***.
[2026-06-29T02:53:17.500+0000] {minio_loader.py:74} INFO - ✓ Đã upload thành công lên s3://lakehouse/landing/consumer_complaints/20260629_025317_jpmorgan_complaints.json
[2026-06-29T02:53:17.512+0000] {minio_loader.py:117} INFO - 🗑️ Đang dọn dẹp 1 file rác cũ của jpmorgan
[2026-06-29T02:53:17.517+0000] {s3.py:1354} INFO - Deleted: ['landing/consumer_complaints/20260629_025206_jpmorgan_complaints.json']
[2026-06-29T02:53:17.518+0000] {minio_loader.py:120} INFO -    Đã xóa: landing/consumer_complaints/20260629_025206_jpmorgan_complaints.json
[2026-06-29T02:53:17.519+0000] {minio_loader.py:64} INFO - 📁 Đang upload bank_of_america_complaints.json (34.32 MB)
[2026-06-29T02:53:17.972+0000] {minio_loader.py:74} INFO - ✓ Đã upload thành công lên s3://lakehouse/landing/consumer_complaints/20260629_025317_bank_of_america_complaints.json
[2026-06-29T02:53:17.978+0000] {minio_loader.py:117} INFO - 🗑️ Đang dọn dẹp 1 file rác cũ của bank_of_america
[2026-06-29T02:53:17.981+0000] {s3.py:1354} INFO - Deleted: ['landing/consumer_complaints/20260629_025206_bank_of_america_complaints.json']
[2026-06-29T02:53:17.982+0000] {minio_loader.py:120} INFO -    Đã xóa: landing/consumer_complaints/20260629_025206_bank_of_america_complaints.json
[2026-06-29T02:53:17.982+0000] {minio_loader.py:91} INFO - ✓ Hoàn tất upload 2 files lên Landing Zone
[2026-06-29T02:53:17.983+0000] {consumer_complaints_elt.py:123} INFO - Đã xóa file tạm local: /tmp/consumer_complaints/jpmorgan_complaints.json
[2026-06-29T02:53:17.987+0000] {consumer_complaints_elt.py:123} INFO - Đã xóa file tạm local: /tmp/consumer_complaints/bank_of_america_complaints.json
[2026-06-29T02:53:17.987+0000] {python.py:202} INFO - Done. Returned value was: [{'company': 'jpmorgan', 's3_key': 'landing/consumer_complaints/20260629_025317_jpmorgan_complaints.json', 'size_mb': 3.381720542907715}, {'company': 'bank of america', 's3_key': 'landing/consumer_complaints/20260629_025317_bank_of_america_complaints.json', 'size_mb': 34.322442054748535}]
[2026-06-29T02:53:18.016+0000] {taskinstance.py:1149} INFO - Marking task as SUCCESS. dag_id=consumer_complaints_elt_lakehouse, task_id=upload_local_to_minio_landing, execution_date=20260629T025143, start_date=20260629T025317, end_date=20260629T025318
[2026-06-29T02:53:18.057+0000] {local_task_job_runner.py:234} INFO - Task exited with return code 0
[2026-06-29T02:53:18.084+0000] {taskinstance.py:3309} INFO - 1 downstream tasks scheduled from follow-on schedule check
