[2026-07-23T02:01:49.794+0000] {local_task_job_runner.py:123} INFO - ::group::Pre task execution logs
[2026-07-23T02:01:49.811+0000] {taskinstance.py:2612} INFO - Dependencies all met for dep_context=non-requeueable deps ti=<TaskInstance: dbt_silver_gold_incremental.transform_silver.stg__consumer_complaints.run manual__2026-07-23T02:01:41.609805+00:00 [queued]>
[2026-07-23T02:01:49.819+0000] {taskinstance.py:2612} INFO - Dependencies all met for dep_context=requeueable deps ti=<TaskInstance: dbt_silver_gold_incremental.transform_silver.stg__consumer_complaints.run manual__2026-07-23T02:01:41.609805+00:00 [queued]>
[2026-07-23T02:01:49.822+0000] {taskinstance.py:2865} INFO - Starting attempt 1 of 2
[2026-07-23T02:01:49.833+0000] {taskinstance.py:2888} INFO - Executing <Task(DbtRunLocalOperator): transform_silver.stg__consumer_complaints.run> on 2026-07-23 02:01:41.609805+00:00
[2026-07-23T02:01:49.837+0000] {standard_task_runner.py:72} INFO - Started process 1880 to run task
[2026-07-23T02:01:49.840+0000] {standard_task_runner.py:104} INFO - Running: ['airflow', 'tasks', 'run', 'dbt_silver_gold_incremental', 'transform_silver.stg__consumer_complaints.run', 'manual__2026-07-23T02:01:41.609805+00:00', '--job-id', '14', '--raw', '--subdir', 'DAGS_FOLDER/dbt_silver_gold.py', '--cfg-path', '/tmp/tmpivjgwnvf']
[2026-07-23T02:01:49.844+0000] {standard_task_runner.py:105} INFO - Job 14: Subtask transform_silver.stg__consumer_complaints.run
[2026-07-23T02:01:49.917+0000] {task_command.py:467} INFO - Running <TaskInstance: dbt_silver_gold_incremental.transform_silver.stg__consumer_complaints.run manual__2026-07-23T02:01:41.609805+00:00 [running]> on host d0280eba3cdf
[2026-07-23T02:01:49.989+0000] {taskinstance.py:3131} INFO - Exporting env vars: AIRFLOW_CTX_DAG_OWNER='data_engineer' AIRFLOW_CTX_DAG_ID='dbt_silver_gold_incremental' AIRFLOW_CTX_TASK_ID='transform_silver.stg__consumer_complaints.run' AIRFLOW_CTX_EXECUTION_DATE='2026-07-23T02:01:41.609805+00:00' AIRFLOW_CTX_TRY_NUMBER='1' AIRFLOW_CTX_DAG_RUN_ID='manual__2026-07-23T02:01:41.609805+00:00'
[2026-07-23T02:01:49.992+0000] {taskinstance.py:731} INFO - ::endgroup::
[2026-07-23T02:01:50.860+0000] {local.py:294} INFO - dbtRunner is available. Using dbtRunner for invoking dbt.
[2026-07-23T02:01:50.862+0000] {local.py:518} INFO - Cloning project to writable temp directory /tmp/tmp4o075nk9 from /opt/airflow/dbt_transform
[2026-07-23T02:01:50.875+0000] {local.py:538} INFO - Partial parse is enabled and the latest partial parse file is /tmp/cosmos/dbt_silver_gold_incremental__transform_silver/target/partial_parse.msgpack
[2026-07-23T02:01:50.885+0000] {config.py:395} INFO - Using user-supplied profiles.yml at /opt/airflow/dbt_transform/profiles.yml
[2026-07-23T02:01:50.897+0000] {runner.py:95} INFO - Trying to run dbtRunner with:
 ['deps', '--project-dir', '/tmp/tmp4o075nk9', '--profiles-dir', '/opt/airflow/dbt_transform', '--profile', 'lakehouse_dbt', '--target', 'dev', '--no-static-parser']
 in /tmp/tmp4o075nk9
[2026-07-23T02:01:50.964+0000] {logging_mixin.py:190} INFO - 02:01:50  Running with dbt=1.8.8
[2026-07-23T02:01:51.073+0000] {converter.py:314} INFO - ::group::Cosmos DAG parsing logs
[2026-07-23T02:01:51.078+0000] {graph.py:869} INFO - Trying to parse the dbt project using dbt ls cache cosmos_cache__dbt_silver_gold_incremental__transform_silver...
[2026-07-23T02:01:53.915+0000] {cache.py:383} INFO - Cosmos performance: time to calculate cache identifier cosmos_cache__dbt_silver_gold_incremental__transform_silver for current version: 2.8261822320000647
[2026-07-23T02:01:53.917+0000] {graph.py:886} INFO - Cosmos performance [d0280eba3cdf|1880]: The cache size for cosmos_cache__dbt_silver_gold_incremental__transform_silver is 6043
[2026-07-23T02:01:53.919+0000] {graph.py:898} INFO - Cosmos performance: Cache hit for cosmos_cache__dbt_silver_gold_incremental__transform_silver - 21f6c69630606ff4932907031a2551c1,5e34606eb5f2b3dea81a8e19fa3ba138
[2026-07-23T02:01:53.920+0000] {graph.py:799} INFO - Total nodes: 7
[2026-07-23T02:01:53.922+0000] {graph.py:800} INFO - Total filtered nodes: 7
[2026-07-23T02:01:53.923+0000] {converter.py:361} INFO - Cosmos performance (dbt_silver_gold_incremental__transform_silver) - [d0280eba3cdf|1880]: It took 2.84s to parse the dbt project for DAG using dbt_ls_cache
[2026-07-23T02:01:53.935+0000] {converter.py:413} INFO - Cosmos performance (dbt_silver_gold_incremental__transform_silver) - [d0280eba3cdf|1880]: It took 0.012s to build the Airflow DAG.
[2026-07-23T02:01:53.936+0000] {converter.py:420} INFO - ::endgroup::Cosmos DAG parsing logs
[2026-07-23T02:01:53.937+0000] {converter.py:314} INFO - ::group::Cosmos DAG parsing logs
[2026-07-23T02:01:53.941+0000] {graph.py:869} INFO - Trying to parse the dbt project using dbt ls cache cosmos_cache__dbt_silver_gold_incremental__transform_gold...
[2026-07-23T02:01:56.694+0000] {cache.py:383} INFO - Cosmos performance: time to calculate cache identifier cosmos_cache__dbt_silver_gold_incremental__transform_gold for current version: 2.742037846999665
[2026-07-23T02:01:56.695+0000] {graph.py:886} INFO - Cosmos performance [d0280eba3cdf|1880]: The cache size for cosmos_cache__dbt_silver_gold_incremental__transform_gold is 35912
[2026-07-23T02:01:56.697+0000] {graph.py:898} INFO - Cosmos performance: Cache hit for cosmos_cache__dbt_silver_gold_incremental__transform_gold - 21f6c69630606ff4932907031a2551c1,304321e940a9403dceb380589bd0566f
[2026-07-23T02:01:56.699+0000] {graph.py:799} INFO - Total nodes: 39
[2026-07-23T02:01:56.700+0000] {graph.py:800} INFO - Total filtered nodes: 39
[2026-07-23T02:01:56.701+0000] {converter.py:361} INFO - Cosmos performance (dbt_silver_gold_incremental__transform_gold) - [d0280eba3cdf|1880]: It took 2.76s to parse the dbt project for DAG using dbt_ls_cache
[2026-07-23T02:01:56.737+0000] {converter.py:413} INFO - Cosmos performance (dbt_silver_gold_incremental__transform_gold) - [d0280eba3cdf|1880]: It took 0.0361s to build the Airflow DAG.
[2026-07-23T02:01:56.738+0000] {converter.py:420} INFO - ::endgroup::Cosmos DAG parsing logs
[2026-07-23T02:01:56.739+0000] {converter.py:314} INFO - ::group::Cosmos DAG parsing logs
[2026-07-23T02:01:56.742+0000] {graph.py:869} INFO - Trying to parse the dbt project using dbt ls cache cosmos_cache__dbt_silver_gold_full_load__transform_silver...
[2026-07-23T02:01:59.206+0000] {cache.py:383} INFO - Cosmos performance: time to calculate cache identifier cosmos_cache__dbt_silver_gold_full_load__transform_silver for current version: 2.455587321999701
[2026-07-23T02:01:59.207+0000] {graph.py:886} INFO - Cosmos performance [d0280eba3cdf|1880]: The cache size for cosmos_cache__dbt_silver_gold_full_load__transform_silver is 6043
[2026-07-23T02:01:59.209+0000] {graph.py:898} INFO - Cosmos performance: Cache hit for cosmos_cache__dbt_silver_gold_full_load__transform_silver - 21f6c69630606ff4932907031a2551c1,5e34606eb5f2b3dea81a8e19fa3ba138
[2026-07-23T02:01:59.210+0000] {graph.py:799} INFO - Total nodes: 7
[2026-07-23T02:01:59.212+0000] {graph.py:800} INFO - Total filtered nodes: 7
[2026-07-23T02:01:59.213+0000] {converter.py:361} INFO - Cosmos performance (dbt_silver_gold_full_load__transform_silver) - [d0280eba3cdf|1880]: It took 2.47s to parse the dbt project for DAG using dbt_ls_cache
[2026-07-23T02:01:59.226+0000] {converter.py:413} INFO - Cosmos performance (dbt_silver_gold_full_load__transform_silver) - [d0280eba3cdf|1880]: It took 0.013s to build the Airflow DAG.
[2026-07-23T02:01:59.228+0000] {converter.py:420} INFO - ::endgroup::Cosmos DAG parsing logs
[2026-07-23T02:01:59.229+0000] {converter.py:314} INFO - ::group::Cosmos DAG parsing logs
[2026-07-23T02:01:59.232+0000] {graph.py:869} INFO - Trying to parse the dbt project using dbt ls cache cosmos_cache__dbt_silver_gold_full_load__transform_gold...
[2026-07-23T02:02:01.922+0000] {cache.py:383} INFO - Cosmos performance: time to calculate cache identifier cosmos_cache__dbt_silver_gold_full_load__transform_gold for current version: 2.6800368329995763
[2026-07-23T02:02:01.923+0000] {graph.py:886} INFO - Cosmos performance [d0280eba3cdf|1880]: The cache size for cosmos_cache__dbt_silver_gold_full_load__transform_gold is 35912
[2026-07-23T02:02:01.925+0000] {graph.py:898} INFO - Cosmos performance: Cache hit for cosmos_cache__dbt_silver_gold_full_load__transform_gold - 21f6c69630606ff4932907031a2551c1,304321e940a9403dceb380589bd0566f
[2026-07-23T02:02:01.926+0000] {graph.py:799} INFO - Total nodes: 39
[2026-07-23T02:02:01.927+0000] {graph.py:800} INFO - Total filtered nodes: 39
[2026-07-23T02:02:01.928+0000] {converter.py:361} INFO - Cosmos performance (dbt_silver_gold_full_load__transform_gold) - [d0280eba3cdf|1880]: It took 2.7s to parse the dbt project for DAG using dbt_ls_cache
[2026-07-23T02:02:01.963+0000] {converter.py:413} INFO - Cosmos performance (dbt_silver_gold_full_load__transform_gold) - [d0280eba3cdf|1880]: It took 0.0346s to build the Airflow DAG.
[2026-07-23T02:02:01.964+0000] {converter.py:420} INFO - ::endgroup::Cosmos DAG parsing logs
[2026-07-23T02:02:02.853+0000] {logging_mixin.py:190} INFO - 02:02:02  Installing dbt-labs/dbt_utils
[2026-07-23T02:02:03.549+0000] {logging_mixin.py:190} INFO - 02:02:03  Installed from version 1.3.0
[2026-07-23T02:02:03.552+0000] {logging_mixin.py:190} INFO - 02:02:03  Updated version available: 1.4.1
[2026-07-23T02:02:03.554+0000] {logging_mixin.py:190} INFO - 02:02:03  Installing metaplane/dbt_expectations
[2026-07-23T02:02:04.467+0000] {logging_mixin.py:190} INFO - 02:02:04  Installed from version 0.10.8
[2026-07-23T02:02:04.468+0000] {logging_mixin.py:190} INFO - 02:02:04  Updated version available: 0.10.10
[2026-07-23T02:02:04.470+0000] {logging_mixin.py:190} INFO - 02:02:04  Installing godatadriven/dbt_date
[2026-07-23T02:02:05.029+0000] {logging_mixin.py:190} INFO - 02:02:05  Installed from version 0.15.0
[2026-07-23T02:02:05.031+0000] {logging_mixin.py:190} INFO - 02:02:05  Up to date!
[2026-07-23T02:02:05.035+0000] {logging_mixin.py:190} INFO - 02:02:05
[2026-07-23T02:02:05.037+0000] {logging_mixin.py:190} INFO - 02:02:05  Updates available for packages: ['dbt-labs/dbt_utils', 'metaplane/dbt_expectations']                 
Update your versions in packages.yml, then run dbt deps
[2026-07-23T02:02:07.252+0000] {runner.py:95} INFO - Trying to run dbtRunner with:
 ['run', '--select', 'fqn:consumer_complaints_transformation.staging.stg__consumer_complaints', '--project-dir', '/tmp/tmp4o075nk9', '--profiles-dir', '/opt/airflow/dbt_transform', '--profile', 'lakehouse_dbt', '--target', 'dev', '--no-static-parser']
 in /tmp/tmp4o075nk9
[2026-07-23T02:02:07.275+0000] {logging_mixin.py:190} INFO - 02:02:07  Running with dbt=1.8.8
[2026-07-23T02:02:07.303+0000] {auth.py:343} INFO - keyring module not found. OAuth2 token will not be stored in keyring.
[2026-07-23T02:02:07.308+0000] {auth.py:343} INFO - keyring module not found. OAuth2 token will not be stored in keyring.
[2026-07-23T02:02:07.422+0000] {logging_mixin.py:190} INFO - 02:02:07  Registered adapter: trino=1.8.5
[2026-07-23T02:02:07.713+0000] {logging_mixin.py:190} INFO - 02:02:07  Unable to do partial parsing because config vars, config profile, or config target have changed
[2026-07-23T02:02:09.348+0000] {logging_mixin.py:190} INFO - 02:02:09  [WARNING]: Deprecated functionality
The `tests` config has been renamed to `data_tests`. Please see
https://docs.getdbt.com/docs/build/data-tests#new-data_tests-syntax for more
information.
[2026-07-23T02:02:10.071+0000] {logging_mixin.py:190} INFO - 02:02:10  Found 8 models, 40 data tests, 1 source, 9 metrics, 839 macros, 5 semantic models
[2026-07-23T02:02:10.074+0000] {logging_mixin.py:190} INFO - 02:02:10
[2026-07-23T02:02:10.101+0000] {logging_mixin.py:190} INFO - 02:02:10  [WARNING]: SSL certificate validation is disabled by default. It is legacy behavior which will be changed in future releases. It is strongly advised to enable `require_certificate_validation` flag or explicitly set `cert` configuration to `True` for security reasons. You may receive an error after that if your SSL setup is incorrect.
You may opt into the new behavior sooner by setting `flags.require_certificate_validation` to `True` in `dbt_project.yml`.
Visit https://docs.getdbt.com/reference/global-configs/behavior-changes for more information.
[2026-07-23T02:02:11.175+0000] {logging_mixin.py:190} INFO - 02:02:11  Concurrency: 1 threads (target='dev')
[2026-07-23T02:02:11.178+0000] {logging_mixin.py:190} INFO - 02:02:11
[2026-07-23T02:02:11.183+0000] {logging_mixin.py:190} INFO - 02:02:11  1 of 1 START sql incremental model silver.stg__consumer_complaints ............. [RUN]
[2026-07-23T02:02:14.179+0000] {logging_mixin.py:190} INFO - 02:02:14  1 of 1 OK created sql incremental model silver.stg__consumer_complaints ........ [CREATE TABLE (31 rows) in 2.99s]
[2026-07-23T02:02:14.183+0000] {logging_mixin.py:190} INFO - 02:02:14
[2026-07-23T02:02:14.185+0000] {logging_mixin.py:190} INFO - 02:02:14  Finished running 1 incremental model in 0 hours 0 minutes and 4.11 seconds (4.11s).
[2026-07-23T02:02:14.228+0000] {logging_mixin.py:190} INFO - 02:02:14
[2026-07-23T02:02:14.231+0000] {logging_mixin.py:190} INFO - 02:02:14  Completed successfully
[2026-07-23T02:02:14.232+0000] {logging_mixin.py:190} INFO - 02:02:14
[2026-07-23T02:02:14.234+0000] {logging_mixin.py:190} INFO - 02:02:14  Done. PASS=1 WARN=0 ERROR=0 SKIP=0 TOTAL=1
[2026-07-23T02:02:15.445+0000] {local.py:196} WARNING - Artifact schema version: https://schemas.getdbt.com/dbt/manifest/v12.json is above dbt-ol supported version 7. This might cause errors.
[2026-07-23T02:02:15.451+0000] {local.py:594} INFO - Inlets: []
[2026-07-23T02:02:15.453+0000] {local.py:595} INFO - Outlets: []
[2026-07-23T02:02:15.454+0000] {local.py:886} INFO - Assigning inlets/outlets with DatasetAlias in Airflow 2
[2026-07-23T02:02:15.505+0000] {taskinstance.py:340} INFO - ::group::Post task execution logs
[2026-07-23T02:02:15.507+0000] {taskinstance.py:352} INFO - Marking task as SUCCESS. dag_id=dbt_silver_gold_incremental, task_id=transform_silver.stg__consumer_complaints.run, run_id=manual__2026-07-23T02:01:41.609805+00:00, execution_date=20260723T020141, start_date=20260723T020149, end_date=20260723T020215
[2026-07-23T02:02:16.446+0000] {_client.py:1026} INFO - HTTP Request: GET https://astronomer.gateway.scarf.sh/astronomer-cosmos/v3/task_instance?cosmos_version=1.15.0&airflow_version=2.10.2&python_version=3.10.15&platform_system=Linux&platform_machine=x86_64&status=success&operator_name=DbtRunLocalOperator&is_cosmos_operator_subclass=False&invocation_mode=dbt_runner&execution_mode=local&profile_strategy=yaml_file&profile_mapping_class=None&database=trino&is_mapped_task=False&dbt_command=run&install_deps=True&has_callback=False&duration=25.694603 "HTTP/1.1 200 OK"
[2026-07-23T02:02:16.463+0000] {local_task_job_runner.py:266} INFO - Task exited with return code 0
[2026-07-23T02:02:16.493+0000] {taskinstance.py:3900} INFO - 0 downstream tasks scheduled from follow-on schedule check
[2026-07-23T02:02:16.497+0000] {local_task_job_runner.py:245} INFO - ::endgroup::
