[2026-08-15T14:42:46.166+0000] {local_task_job_runner.py:123} INFO - ::group::Pre task execution logs
[2026-08-15T14:42:46.193+0000] {taskinstance.py:2612} INFO - Dependencies all met for dep_context=non-requeueable deps ti=<TaskInstance: dbt_to_qdrant_minio_sync.trigger_qdrant_indexer_api manual__2026-08-15T14:42:43.439527+00:00 [queued]>
[2026-08-15T14:42:46.321+0000] {taskinstance.py:2612} INFO - Dependencies all met for dep_context=requeueable deps ti=<TaskInstance: dbt_to_qdrant_minio_sync.trigger_qdrant_indexer_api manual__2026-08-15T14:42:43.439527+00:00 [queued]>
[2026-08-15T14:42:46.323+0000] {taskinstance.py:2865} INFO - Starting attempt 1 of 4
[2026-08-15T14:42:46.337+0000] {taskinstance.py:2888} INFO - Executing <Task(SimpleHttpOperator): trigger_qdrant_indexer_api> on 2026-08-15 14:42:43.439527+00:00
[2026-08-15T14:42:46.344+0000] {standard_task_runner.py:72} INFO - Started process 2653 to run task
[2026-08-15T14:42:46.348+0000] {standard_task_runner.py:104} INFO - Running: ['airflow', 'tasks', 'run', 'dbt_to_qdrant_minio_sync', 'trigger_qdrant_indexer_api', 'manual__2026-08-15T14:42:43.439527+00:00', '--job-id', '332', '--raw', '--subdir', 'DAGS_FOLDER/dbt_to_qdrant_dag.py', '--cfg-path', '/tmp/tmpoqjidiep']
[2026-08-15T14:42:46.352+0000] {standard_task_runner.py:105} INFO - Job 332: Subtask trigger_qdrant_indexer_api
[2026-08-15T14:42:46.429+0000] {task_command.py:467} INFO - Running <TaskInstance: dbt_to_qdrant_minio_sync.trigger_qdrant_indexer_api manual__2026-08-15T14:42:43.439527+00:00 [running]> on host acd208339516
[2026-08-15T14:42:46.538+0000] {taskinstance.py:3131} INFO - Exporting env vars: AIRFLOW_CTX_DAG_OWNER='data_platform_team' AIRFLOW_CTX_DAG_ID='dbt_to_qdrant_minio_sync' AIRFLOW_CTX_TASK_ID='trigger_qdrant_indexer_api' AIRFLOW_CTX_EXECUTION_DATE='2026-08-15T14:42:43.439527+00:00' AIRFLOW_CTX_TRY_NUMBER='1' AIRFLOW_CTX_DAG_RUN_ID='manual__2026-08-15T14:42:43.439527+00:00'
[2026-08-15T14:42:46.540+0000] {taskinstance.py:731} INFO - ::endgroup::
[2026-08-15T14:42:46.543+0000] {http.py:173} INFO - Calling HTTP method
[2026-08-15T14:42:46.547+0000] {base.py:84} INFO - Retrieving connection 'ai_agent_api'
[2026-08-15T14:42:46.550+0000] {base.py:84} INFO - Retrieving connection 'ai_agent_api'
[2026-08-15T14:42:46.567+0000] {http.py:222} INFO - {"status":"accepted","message":"Đã tiếp nhận yêu cầu đồng bộ. Đang xử lý ngầm (Background Task).","schemas_queued":["marts","gold"]}
[2026-08-15T14:42:46.586+0000] {taskinstance.py:3310} ERROR - Task failed with exception
Traceback (most recent call last):
  File "/home/airflow/.local/lib/python3.10/site-packages/airflow/models/taskinstance.py", line 762, in _execute_task
    result = _execute_callable(context=context, **execute_callable_kwargs)
  File "/home/airflow/.local/lib/python3.10/site-packages/airflow/models/taskinstance.py", line 733, in _execute_callable
    return ExecutionCallableRunner(
  File "/home/airflow/.local/lib/python3.10/site-packages/airflow/utils/operator_helpers.py", line 252, in run
    return self.func(*args, **kwargs)
  File "/home/airflow/.local/lib/python3.10/site-packages/airflow/models/baseoperator.py", line 406, in wrapper
    return func(self, *args, **kwargs)
  File "/home/airflow/.local/lib/python3.10/site-packages/airflow/providers/http/operators/http.py", line 170, in execute
    return self.execute_sync(context=context)
  File "/home/airflow/.local/lib/python3.10/site-packages/airflow/providers/http/operators/http.py", line 181, in execute_sync
    return self.process_response(context=context, response=response)
  File "/home/airflow/.local/lib/python3.10/site-packages/airflow/providers/http/operators/http.py", line 226, in process_response
    raise AirflowException("Response check returned False.")
airflow.exceptions.AirflowException: Response check returned False.
[2026-08-15T14:42:46.594+0000] {taskinstance.py:1225} INFO - Marking task as UP_FOR_RETRY. dag_id=dbt_to_qdrant_minio_sync, task_id=trigger_qdrant_indexer_api, run_id=manual__2026-08-15T14:42:43.439527+00:00, execution_date=20260815T144243, start_date=20260815T144246, end_date=20260815T144246
[2026-08-15T14:42:46.614+0000] {taskinstance.py:340} INFO - ::group::Post task execution logs
[2026-08-15T14:42:46.616+0000] {standard_task_runner.py:124} ERROR - Failed to execute job 332 for task trigger_qdrant_indexer_api (Response check returned False.; 2653)
Traceback (most recent call last):
  File "/home/airflow/.local/lib/python3.10/site-packages/airflow/task/task_runner/standard_task_runner.py", line 117, in _start_by_fork
    ret = args.func(args, dag=self.dag)
  File "/home/airflow/.local/lib/python3.10/site-packages/airflow/cli/cli_config.py", line 49, in command
    return func(*args, **kwargs)
  File "/home/airflow/.local/lib/python3.10/site-packages/airflow/utils/cli.py", line 115, in wrapper
    return f(*args, **kwargs)
  File "/home/airflow/.local/lib/python3.10/site-packages/airflow/cli/commands/task_command.py", line 483, in task_run
    task_return_code = _run_task_by_selected_method(args, _dag, ti)
  File "/home/airflow/.local/lib/python3.10/site-packages/airflow/cli/commands/task_command.py", line 256, in _run_task_by_selected_method
    return _run_raw_task(args, ti)
  File "/home/airflow/.local/lib/python3.10/site-packages/airflow/cli/commands/task_command.py", line 341, in _run_raw_task
    return ti._run_raw_task(
  File "/home/airflow/.local/lib/python3.10/site-packages/airflow/utils/session.py", line 97, in wrapper
    return func(*args, session=session, **kwargs)
  File "/home/airflow/.local/lib/python3.10/site-packages/airflow/models/taskinstance.py", line 3004, in _run_raw_task
    return _run_raw_task(
  File "/home/airflow/.local/lib/python3.10/site-packages/airflow/models/taskinstance.py", line 273, in _run_raw_task
    TaskInstance._execute_task_with_callbacks(
  File "/home/airflow/.local/lib/python3.10/site-packages/airflow/models/taskinstance.py", line 3158, in _execute_task_with_callbacks
    result = self._execute_task(context, task_orig)
  File "/home/airflow/.local/lib/python3.10/site-packages/airflow/models/taskinstance.py", line 3182, in _execute_task
    return _execute_task(self, context, task_orig)
  File "/home/airflow/.local/lib/python3.10/site-packages/airflow/models/taskinstance.py", line 762, in _execute_task
    result = _execute_callable(context=context, **execute_callable_kwargs)
  File "/home/airflow/.local/lib/python3.10/site-packages/airflow/models/taskinstance.py", line 733, in _execute_callable
    return ExecutionCallableRunner(
  File "/home/airflow/.local/lib/python3.10/site-packages/airflow/utils/operator_helpers.py", line 252, in run
    return self.func(*args, **kwargs)
  File "/home/airflow/.local/lib/python3.10/site-packages/airflow/models/baseoperator.py", line 406, in wrapper
    return func(self, *args, **kwargs)
  File "/home/airflow/.local/lib/python3.10/site-packages/airflow/providers/http/operators/http.py", line 170, in execute
    return self.execute_sync(context=context)
  File "/home/airflow/.local/lib/python3.10/site-packages/airflow/providers/http/operators/http.py", line 181, in execute_sync
    return self.process_response(context=context, response=response)
  File "/home/airflow/.local/lib/python3.10/site-packages/airflow/providers/http/operators/http.py", line 226, in process_response
    raise AirflowException("Response check returned False.")
airflow.exceptions.AirflowException: Response check returned False.
[2026-08-15T14:42:46.645+0000] {local_task_job_runner.py:266} INFO - Task exited with return code 1
[2026-08-15T14:42:46.662+0000] {logging_mixin.py:190} WARNING - /home/airflow/.local/lib/python3.10/site-packages/airflow/models/baseoperator.py:1378 AirflowProviderDeprecationWarning: Call to deprecated class SimpleHttpOperator. (Class `SimpleHttpOperator` is deprecated and will be removed in a future release. Please use `HttpOperator` instead.)
[2026-08-15T14:42:46.688+0000] {taskinstance.py:3900} INFO - 0 downstream tasks scheduled from follow-on schedule check
[2026-08-15T14:42:46.693+0000] {local_task_job_runner.py:245} INFO - ::endgroup::
