[2026-07-16T10:26:27.565+0000] {local_task_job_runner.py:123} INFO - ::group::Pre task execution logs
[2026-07-16T10:26:27.583+0000] {taskinstance.py:2612} INFO - Dependencies all met for dep_context=non-requeueable deps ti=<TaskInstance: wap_consumer_complaints_pipeline.bootstrap_base_table_if_missing scheduled__2026-07-15T00:00:00+00:00 [queued]>
[2026-07-16T10:26:27.595+0000] {taskinstance.py:2612} INFO - Dependencies all met for dep_context=requeueable deps ti=<TaskInstance: wap_consumer_complaints_pipeline.bootstrap_base_table_if_missing scheduled__2026-07-15T00:00:00+00:00 [queued]>
[2026-07-16T10:26:27.596+0000] {taskinstance.py:2865} INFO - Starting attempt 1 of 2
[2026-07-16T10:26:27.610+0000] {taskinstance.py:2888} INFO - Executing <Task(_PythonDecoratedOperator): bootstrap_base_table_if_missing> on 2026-07-15 00:00:00+00:00
[2026-07-16T10:26:27.617+0000] {standard_task_runner.py:72} INFO - Started process 820 to run task
[2026-07-16T10:26:27.622+0000] {standard_task_runner.py:104} INFO - Running: ['airflow', 'tasks', 'run', 'wap_consumer_complaints_pipeline', 'bootstrap_base_table_if_missing', 'scheduled__2026-07-15T00:00:00+00:00', '--job-id', '6', '--raw', '--subdir', 'DAGS_FOLDER/wap_consumer_complaints_pipeline.py', '--cfg-path', '/tmp/tmp_c58daat']
[2026-07-16T10:26:27.624+0000] {standard_task_runner.py:105} INFO - Job 6: Subtask bootstrap_base_table_if_missing
[2026-07-16T10:26:27.703+0000] {task_command.py:467} INFO - Running <TaskInstance: wap_consumer_complaints_pipeline.bootstrap_base_table_if_missing scheduled__2026-07-15T00:00:00+00:00 [running]> on host c7417044016e
[2026-07-16T10:26:27.804+0000] {taskinstance.py:3131} INFO - Exporting env vars: AIRFLOW_CTX_DAG_OWNER='data_engineer' AIRFLOW_CTX_DAG_ID='wap_consumer_complaints_pipeline' AIRFLOW_CTX_TASK_ID='bootstrap_base_table_if_missing' AIRFLOW_CTX_EXECUTION_DATE='2026-07-15T00:00:00+00:00' AIRFLOW_CTX_TRY_NUMBER='1' AIRFLOW_CTX_DAG_RUN_ID='scheduled__2026-07-15T00:00:00+00:00'
[2026-07-16T10:26:27.808+0000] {taskinstance.py:731} INFO - ::endgroup::
[2026-07-16T10:26:27.811+0000] {base.py:84} INFO - Retrieving connection 'trino_default'
[2026-07-16T10:26:27.813+0000] {base.py:84} INFO - Retrieving connection 'trino_default'
[2026-07-16T10:26:27.817+0000] {sql.py:509} INFO - Running statement: SELECT 1 
            FROM lakehouse.information_schema.tables 
            WHERE table_schema = 'bronze' 
            AND table_name = 'stg__consumer_complaints', parameters: None
[2026-07-16T10:26:28.042+0000] {wap_consumer_complaints_pipeline.py:120} INFO - ⏳ Bảng gốc chưa tồn tại. Bắt đầu bootstrap bảng rỗng trên main...
[2026-07-16T10:26:28.048+0000] {taskinstance.py:3310} ERROR - Task failed with exception
Traceback (most recent call last):
  File "/home/airflow/.local/lib/python3.10/site-packages/airflow/models/taskinstance.py", line 767, in _execute_task
    result = _execute_callable(context=context, **execute_callable_kwargs)
  File "/home/airflow/.local/lib/python3.10/site-packages/airflow/models/taskinstance.py", line 733, in _execute_callable
    return ExecutionCallableRunner(
  File "/home/airflow/.local/lib/python3.10/site-packages/airflow/utils/operator_helpers.py", line 252, in run
    return self.func(*args, **kwargs)
  File "/home/airflow/.local/lib/python3.10/site-packages/airflow/models/baseoperator.py", line 406, in wrapper
    return func(self, *args, **kwargs)
  File "/home/airflow/.local/lib/python3.10/site-packages/airflow/decorators/base.py", line 266, in execute
    return_value = super().execute(context)
  File "/home/airflow/.local/lib/python3.10/site-packages/airflow/models/baseoperator.py", line 406, in wrapper
    return func(self, *args, **kwargs)
  File "/home/airflow/.local/lib/python3.10/site-packages/airflow/operators/python.py", line 238, in execute
    return_value = self.execute_callable()
  File "/home/airflow/.local/lib/python3.10/site-packages/airflow/operators/python.py", line 256, in execute_callable
    return runner.run(*self.op_args, **self.op_kwargs)
  File "/home/airflow/.local/lib/python3.10/site-packages/airflow/utils/operator_helpers.py", line 252, in run
    return self.func(*args, **kwargs)
  File "/opt/airflow/dags/wap_consumer_complaints_pipeline.py", line 124, in bootstrap_base_table_if_missing
    result = subprocess.run(
  File "/usr/local/lib/python3.10/subprocess.py", line 503, in run
    with Popen(*popenargs, **kwargs) as process:
  File "/usr/local/lib/python3.10/subprocess.py", line 971, in __init__
    self._execute_child(args, executable, preexec_fn, close_fds,
  File "/usr/local/lib/python3.10/subprocess.py", line 1863, in _execute_child
    raise child_exception_type(errno_num, err_msg, err_filename)
FileNotFoundError: [Errno 2] No such file or directory: '/usr/local/airflow/.local/bin/dbt'
[2026-07-16T10:26:28.080+0000] {taskinstance.py:1225} INFO - Marking task as UP_FOR_RETRY. dag_id=wap_consumer_complaints_pipeline, task_id=bootstrap_base_table_if_missing, run_id=scheduled__2026-07-15T00:00:00+00:00, execution_date=20260715T000000, start_date=20260716T102627, end_date=20260716T102628
[2026-07-16T10:26:28.100+0000] {taskinstance.py:340} INFO - ::group::Post task execution logs
[2026-07-16T10:26:28.102+0000] {standard_task_runner.py:124} ERROR - Failed to execute job 6 for task bootstrap_base_table_if_missing ([Errno 2] No such file or directory: '/usr/local/airflow/.local/bin/dbt'; 820)
Traceback (most recent call last):
  File "/home/airflow/.local/lib/python3.10/site-packages/airflow/task/task_runner/standard_task_runner.py", line 117, in _start_by_fork
    ret = args.func(args, dag=self.dag)
  File "/home/airflow/.local/lib/python3.10/site-packages/airflow/cli/cli_config.py", line 49, in command
    return func(*args, **kwargs)
  File "/home/airflow/.local/lib/python3.10/site-packages/airflow/utils/cli.py", line 115, in wrapper
    return f(*args, **kwargs)
  File "/home/airflow/.local/lib/python3.10/site-packages/airflow/cli/commands/task_command.py", line 483, in task_run
    task_return_code = _run_task_by_selected_method(args, _dag, ti)
  File "/home/airflow/.local/lib/python3.10/site-packages/airflow/cli/commands/task_command.py", line 256, in _run_task_by_selected_method
    return _run_raw_task(args, ti)
  File "/home/airflow/.local/lib/python3.10/site-packages/airflow/cli/commands/task_command.py", line 341, in _run_raw_task
    return ti._run_raw_task(
  File "/home/airflow/.local/lib/python3.10/site-packages/airflow/utils/session.py", line 97, in wrapper
    return func(*args, session=session, **kwargs)
  File "/home/airflow/.local/lib/python3.10/site-packages/airflow/models/taskinstance.py", line 3004, in _run_raw_task
    return _run_raw_task(
  File "/home/airflow/.local/lib/python3.10/site-packages/airflow/models/taskinstance.py", line 273, in _run_raw_task
    TaskInstance._execute_task_with_callbacks(
  File "/home/airflow/.local/lib/python3.10/site-packages/airflow/models/taskinstance.py", line 3158, in _execute_task_with_callbacks
    result = self._execute_task(context, task_orig)
  File "/home/airflow/.local/lib/python3.10/site-packages/airflow/models/taskinstance.py", line 3182, in _execute_task
    return _execute_task(self, context, task_orig)
  File "/home/airflow/.local/lib/python3.10/site-packages/airflow/models/taskinstance.py", line 767, in _execute_task
    result = _execute_callable(context=context, **execute_callable_kwargs)
  File "/home/airflow/.local/lib/python3.10/site-packages/airflow/models/taskinstance.py", line 733, in _execute_callable
    return ExecutionCallableRunner(
  File "/home/airflow/.local/lib/python3.10/site-packages/airflow/utils/operator_helpers.py", line 252, in run
    return self.func(*args, **kwargs)
  File "/home/airflow/.local/lib/python3.10/site-packages/airflow/models/baseoperator.py", line 406, in wrapper
    return func(self, *args, **kwargs)
  File "/home/airflow/.local/lib/python3.10/site-packages/airflow/decorators/base.py", line 266, in execute
    return_value = super().execute(context)
  File "/home/airflow/.local/lib/python3.10/site-packages/airflow/models/baseoperator.py", line 406, in wrapper
    return func(self, *args, **kwargs)
  File "/home/airflow/.local/lib/python3.10/site-packages/airflow/operators/python.py", line 238, in execute
    return_value = self.execute_callable()
  File "/home/airflow/.local/lib/python3.10/site-packages/airflow/operators/python.py", line 256, in execute_callable
    return runner.run(*self.op_args, **self.op_kwargs)
  File "/home/airflow/.local/lib/python3.10/site-packages/airflow/utils/operator_helpers.py", line 252, in run
    return self.func(*args, **kwargs)
  File "/opt/airflow/dags/wap_consumer_complaints_pipeline.py", line 124, in bootstrap_base_table_if_missing
    result = subprocess.run(
  File "/usr/local/lib/python3.10/subprocess.py", line 503, in run
    with Popen(*popenargs, **kwargs) as process:
  File "/usr/local/lib/python3.10/subprocess.py", line 971, in __init__
    self._execute_child(args, executable, preexec_fn, close_fds,
  File "/usr/local/lib/python3.10/subprocess.py", line 1863, in _execute_child
    raise child_exception_type(errno_num, err_msg, err_filename)
FileNotFoundError: [Errno 2] No such file or directory: '/usr/local/airflow/.local/bin/dbt'
[2026-07-16T10:26:28.119+0000] {local_task_job_runner.py:266} INFO - Task exited with return code 1
[2026-07-16T10:26:28.167+0000] {taskinstance.py:3900} INFO - 0 downstream tasks scheduled from follow-on schedule check
[2026-07-16T10:26:28.170+0000] {local_task_job_runner.py:245} INFO - ::endgroup::
