[2026-07-19T01:48:37.092+0000] {local_task_job_runner.py:123} INFO - ::group::Pre task execution logs
[2026-07-19T01:48:37.114+0000] {taskinstance.py:2612} INFO - Dependencies all met for dep_context=non-requeueable deps ti=<TaskInstance: wap_cfpb_pipeline.aggregate_metrics scheduled__2026-07-18T00:00:00+00:00 [queued]>
[2026-07-19T01:48:37.124+0000] {taskinstance.py:2612} INFO - Dependencies all met for dep_context=requeueable deps ti=<TaskInstance: wap_cfpb_pipeline.aggregate_metrics scheduled__2026-07-18T00:00:00+00:00 [queued]>
[2026-07-19T01:48:37.127+0000] {taskinstance.py:2865} INFO - Starting attempt 1 of 1
[2026-07-19T01:48:37.141+0000] {taskinstance.py:2888} INFO - Executing <Task(_PythonDecoratedOperator): aggregate_metrics> on 2026-07-18 00:00:00+00:00
[2026-07-19T01:48:37.149+0000] {standard_task_runner.py:72} INFO - Started process 1270 to run task
[2026-07-19T01:48:37.154+0000] {standard_task_runner.py:104} INFO - Running: ['airflow', 'tasks', 'run', 'wap_cfpb_pipeline', 'aggregate_metrics', 'scheduled__2026-07-18T00:00:00+00:00', '--job-id', '7', '--raw', '--subdir', 'DAGS_FOLDER/wap_cfpb_pipeline.py', '--cfg-path', '/tmp/tmpvxi6gez2']
[2026-07-19T01:48:37.156+0000] {standard_task_runner.py:105} INFO - Job 7: Subtask aggregate_metrics
[2026-07-19T01:48:37.241+0000] {task_command.py:467} INFO - Running <TaskInstance: wap_cfpb_pipeline.aggregate_metrics scheduled__2026-07-18T00:00:00+00:00 [running]> on host 96738fd4eac0
[2026-07-19T01:48:37.355+0000] {taskinstance.py:3131} INFO - Exporting env vars: AIRFLOW_CTX_DAG_OWNER='airflow' AIRFLOW_CTX_DAG_ID='wap_cfpb_pipeline' AIRFLOW_CTX_TASK_ID='aggregate_metrics' AIRFLOW_CTX_EXECUTION_DATE='2026-07-18T00:00:00+00:00' AIRFLOW_CTX_TRY_NUMBER='1' AIRFLOW_CTX_DAG_RUN_ID='scheduled__2026-07-18T00:00:00+00:00'
[2026-07-19T01:48:37.358+0000] {taskinstance.py:731} INFO - ::endgroup::
[2026-07-19T01:48:37.374+0000] {python.py:240} INFO - Done. Returned value was: 48
[2026-07-19T01:48:37.400+0000] {taskinstance.py:340} INFO - ::group::Post task execution logs
[2026-07-19T01:48:37.402+0000] {taskinstance.py:352} INFO - Marking task as SUCCESS. dag_id=wap_cfpb_pipeline, task_id=aggregate_metrics, run_id=scheduled__2026-07-18T00:00:00+00:00, execution_date=20260718T000000, start_date=20260719T014837, end_date=20260719T014837
[2026-07-19T01:48:37.449+0000] {local_task_job_runner.py:266} INFO - Task exited with return code 0
[2026-07-19T01:48:37.486+0000] {taskinstance.py:3900} INFO - 1 downstream tasks scheduled from follow-on schedule check
[2026-07-19T01:48:37.490+0000] {local_task_job_runner.py:245} INFO - ::endgroup::
[2026-07-19T01:59:58.700+0000] {local_task_job_runner.py:123} INFO - ::group::Pre task execution logs
[2026-07-19T01:59:58.721+0000] {taskinstance.py:2612} INFO - Dependencies all met for dep_context=non-requeueable deps ti=<TaskInstance: wap_cfpb_pipeline.aggregate_metrics scheduled__2026-07-18T00:00:00+00:00 [queued]>
[2026-07-19T01:59:58.732+0000] {taskinstance.py:2612} INFO - Dependencies all met for dep_context=requeueable deps ti=<TaskInstance: wap_cfpb_pipeline.aggregate_metrics scheduled__2026-07-18T00:00:00+00:00 [queued]>
[2026-07-19T01:59:58.734+0000] {taskinstance.py:2865} INFO - Starting attempt 1 of 1
[2026-07-19T01:59:58.748+0000] {taskinstance.py:2888} INFO - Executing <Task(_PythonDecoratedOperator): aggregate_metrics> on 2026-07-18 00:00:00+00:00
[2026-07-19T01:59:58.753+0000] {standard_task_runner.py:72} INFO - Started process 902 to run task
[2026-07-19T01:59:58.757+0000] {standard_task_runner.py:104} INFO - Running: ['airflow', 'tasks', 'run', 'wap_cfpb_pipeline', 'aggregate_metrics', 'scheduled__2026-07-18T00:00:00+00:00', '--job-id', '7', '--raw', '--subdir', 'DAGS_FOLDER/wap_cfpb_pipeline.py', '--cfg-path', '/tmp/tmpb7bffur4']
[2026-07-19T01:59:58.759+0000] {standard_task_runner.py:105} INFO - Job 7: Subtask aggregate_metrics
[2026-07-19T01:59:58.834+0000] {task_command.py:467} INFO - Running <TaskInstance: wap_cfpb_pipeline.aggregate_metrics scheduled__2026-07-18T00:00:00+00:00 [running]> on host 69b947dac9cb
[2026-07-19T01:59:58.933+0000] {taskinstance.py:3131} INFO - Exporting env vars: AIRFLOW_CTX_DAG_OWNER='airflow' AIRFLOW_CTX_DAG_ID='wap_cfpb_pipeline' AIRFLOW_CTX_TASK_ID='aggregate_metrics' AIRFLOW_CTX_EXECUTION_DATE='2026-07-18T00:00:00+00:00' AIRFLOW_CTX_TRY_NUMBER='1' AIRFLOW_CTX_DAG_RUN_ID='scheduled__2026-07-18T00:00:00+00:00'
[2026-07-19T01:59:58.935+0000] {taskinstance.py:731} INFO - ::endgroup::
[2026-07-19T01:59:58.949+0000] {python.py:240} INFO - Done. Returned value was: 48
[2026-07-19T01:59:58.969+0000] {taskinstance.py:340} INFO - ::group::Post task execution logs
[2026-07-19T01:59:58.970+0000] {taskinstance.py:352} INFO - Marking task as SUCCESS. dag_id=wap_cfpb_pipeline, task_id=aggregate_metrics, run_id=scheduled__2026-07-18T00:00:00+00:00, execution_date=20260718T000000, start_date=20260719T015958, end_date=20260719T015958
[2026-07-19T01:59:59.012+0000] {local_task_job_runner.py:266} INFO - Task exited with return code 0
[2026-07-19T01:59:59.045+0000] {taskinstance.py:3900} INFO - 1 downstream tasks scheduled from follow-on schedule check
[2026-07-19T01:59:59.048+0000] {local_task_job_runner.py:245} INFO - ::endgroup::
[2026-07-19T02:21:15.519+0000] {local_task_job_runner.py:123} INFO - ::group::Pre task execution logs
[2026-07-19T02:21:15.540+0000] {taskinstance.py:2612} INFO - Dependencies all met for dep_context=non-requeueable deps ti=<TaskInstance: wap_cfpb_pipeline.aggregate_metrics scheduled__2026-07-18T00:00:00+00:00 [queued]>
[2026-07-19T02:21:15.549+0000] {taskinstance.py:2612} INFO - Dependencies all met for dep_context=requeueable deps ti=<TaskInstance: wap_cfpb_pipeline.aggregate_metrics scheduled__2026-07-18T00:00:00+00:00 [queued]>
[2026-07-19T02:21:15.550+0000] {taskinstance.py:2865} INFO - Starting attempt 1 of 1
[2026-07-19T02:21:15.562+0000] {taskinstance.py:2888} INFO - Executing <Task(_PythonDecoratedOperator): aggregate_metrics> on 2026-07-18 00:00:00+00:00
[2026-07-19T02:21:15.567+0000] {standard_task_runner.py:72} INFO - Started process 843 to run task
[2026-07-19T02:21:15.571+0000] {standard_task_runner.py:104} INFO - Running: ['airflow', 'tasks', 'run', 'wap_cfpb_pipeline', 'aggregate_metrics', 'scheduled__2026-07-18T00:00:00+00:00', '--job-id', '8', '--raw', '--subdir', 'DAGS_FOLDER/wap_cfpb_pipeline.py', '--cfg-path', '/tmp/tmp__m_si9l']
[2026-07-19T02:21:15.574+0000] {standard_task_runner.py:105} INFO - Job 8: Subtask aggregate_metrics
[2026-07-19T02:21:15.646+0000] {task_command.py:467} INFO - Running <TaskInstance: wap_cfpb_pipeline.aggregate_metrics scheduled__2026-07-18T00:00:00+00:00 [running]> on host c5d1b1fe0cf1
[2026-07-19T02:21:15.732+0000] {taskinstance.py:3131} INFO - Exporting env vars: AIRFLOW_CTX_DAG_OWNER='airflow' AIRFLOW_CTX_DAG_ID='wap_cfpb_pipeline' AIRFLOW_CTX_TASK_ID='aggregate_metrics' AIRFLOW_CTX_EXECUTION_DATE='2026-07-18T00:00:00+00:00' AIRFLOW_CTX_TRY_NUMBER='1' AIRFLOW_CTX_DAG_RUN_ID='scheduled__2026-07-18T00:00:00+00:00'
[2026-07-19T02:21:15.735+0000] {taskinstance.py:731} INFO - ::endgroup::
[2026-07-19T02:21:15.747+0000] {python.py:240} INFO - Done. Returned value was: 48
[2026-07-19T02:21:15.767+0000] {taskinstance.py:340} INFO - ::group::Post task execution logs
[2026-07-19T02:21:15.769+0000] {taskinstance.py:352} INFO - Marking task as SUCCESS. dag_id=wap_cfpb_pipeline, task_id=aggregate_metrics, run_id=scheduled__2026-07-18T00:00:00+00:00, execution_date=20260718T000000, start_date=20260719T022115, end_date=20260719T022115
[2026-07-19T02:21:15.788+0000] {local_task_job_runner.py:266} INFO - Task exited with return code 0
[2026-07-19T02:21:15.816+0000] {taskinstance.py:3900} INFO - 1 downstream tasks scheduled from follow-on schedule check
[2026-07-19T02:21:15.825+0000] {local_task_job_runner.py:245} INFO - ::endgroup::
[2026-07-19T02:29:57.604+0000] {local_task_job_runner.py:123} INFO - ::group::Pre task execution logs
[2026-07-19T02:29:57.626+0000] {taskinstance.py:2612} INFO - Dependencies all met for dep_context=non-requeueable deps ti=<TaskInstance: wap_cfpb_pipeline.aggregate_metrics scheduled__2026-07-18T00:00:00+00:00 [queued]>
[2026-07-19T02:29:57.634+0000] {taskinstance.py:2612} INFO - Dependencies all met for dep_context=requeueable deps ti=<TaskInstance: wap_cfpb_pipeline.aggregate_metrics scheduled__2026-07-18T00:00:00+00:00 [queued]>
[2026-07-19T02:29:57.635+0000] {taskinstance.py:2865} INFO - Starting attempt 1 of 1
[2026-07-19T02:29:57.649+0000] {taskinstance.py:2888} INFO - Executing <Task(_PythonDecoratedOperator): aggregate_metrics> on 2026-07-18 00:00:00+00:00
[2026-07-19T02:29:57.655+0000] {standard_task_runner.py:72} INFO - Started process 670 to run task
[2026-07-19T02:29:57.660+0000] {standard_task_runner.py:104} INFO - Running: ['airflow', 'tasks', 'run', 'wap_cfpb_pipeline', 'aggregate_metrics', 'scheduled__2026-07-18T00:00:00+00:00', '--job-id', '8', '--raw', '--subdir', 'DAGS_FOLDER/wap_cfpb_pipeline.py', '--cfg-path', '/tmp/tmpl26z103e']
[2026-07-19T02:29:57.661+0000] {standard_task_runner.py:105} INFO - Job 8: Subtask aggregate_metrics
[2026-07-19T02:29:57.738+0000] {task_command.py:467} INFO - Running <TaskInstance: wap_cfpb_pipeline.aggregate_metrics scheduled__2026-07-18T00:00:00+00:00 [running]> on host 2407d3fab07b
[2026-07-19T02:29:57.833+0000] {taskinstance.py:3131} INFO - Exporting env vars: AIRFLOW_CTX_DAG_OWNER='airflow' AIRFLOW_CTX_DAG_ID='wap_cfpb_pipeline' AIRFLOW_CTX_TASK_ID='aggregate_metrics' AIRFLOW_CTX_EXECUTION_DATE='2026-07-18T00:00:00+00:00' AIRFLOW_CTX_TRY_NUMBER='1' AIRFLOW_CTX_DAG_RUN_ID='scheduled__2026-07-18T00:00:00+00:00'
[2026-07-19T02:29:57.836+0000] {taskinstance.py:731} INFO - ::endgroup::
[2026-07-19T02:29:57.850+0000] {python.py:240} INFO - Done. Returned value was: 48
[2026-07-19T02:29:57.870+0000] {taskinstance.py:340} INFO - ::group::Post task execution logs
[2026-07-19T02:29:57.872+0000] {taskinstance.py:352} INFO - Marking task as SUCCESS. dag_id=wap_cfpb_pipeline, task_id=aggregate_metrics, run_id=scheduled__2026-07-18T00:00:00+00:00, execution_date=20260718T000000, start_date=20260719T022957, end_date=20260719T022957
[2026-07-19T02:29:57.914+0000] {local_task_job_runner.py:266} INFO - Task exited with return code 0
[2026-07-19T02:29:57.942+0000] {taskinstance.py:3900} INFO - 1 downstream tasks scheduled from follow-on schedule check
[2026-07-19T02:29:57.946+0000] {local_task_job_runner.py:245} INFO - ::endgroup::
[2026-07-19T02:55:39.029+0000] {local_task_job_runner.py:123} INFO - ::group::Pre task execution logs
[2026-07-19T02:55:39.052+0000] {taskinstance.py:2612} INFO - Dependencies all met for dep_context=non-requeueable deps ti=<TaskInstance: wap_cfpb_pipeline.aggregate_metrics scheduled__2026-07-18T00:00:00+00:00 [queued]>
[2026-07-19T02:55:39.061+0000] {taskinstance.py:2612} INFO - Dependencies all met for dep_context=requeueable deps ti=<TaskInstance: wap_cfpb_pipeline.aggregate_metrics scheduled__2026-07-18T00:00:00+00:00 [queued]>
[2026-07-19T02:55:39.063+0000] {taskinstance.py:2865} INFO - Starting attempt 1 of 1
[2026-07-19T02:55:39.075+0000] {taskinstance.py:2888} INFO - Executing <Task(_PythonDecoratedOperator): aggregate_metrics> on 2026-07-18 00:00:00+00:00
[2026-07-19T02:55:39.085+0000] {standard_task_runner.py:104} INFO - Running: ['airflow', 'tasks', 'run', 'wap_cfpb_pipeline', 'aggregate_metrics', 'scheduled__2026-07-18T00:00:00+00:00', '--job-id', '8', '--raw', '--subdir', 'DAGS_FOLDER/wap_cfpb_pipeline.py', '--cfg-path', '/tmp/tmpmt2cqjd9']
[2026-07-19T02:55:39.081+0000] {standard_task_runner.py:72} INFO - Started process 495 to run task
[2026-07-19T02:55:39.086+0000] {standard_task_runner.py:105} INFO - Job 8: Subtask aggregate_metrics
[2026-07-19T02:55:39.161+0000] {task_command.py:467} INFO - Running <TaskInstance: wap_cfpb_pipeline.aggregate_metrics scheduled__2026-07-18T00:00:00+00:00 [running]> on host 95e463f0d1a1
[2026-07-19T02:55:39.277+0000] {taskinstance.py:3131} INFO - Exporting env vars: AIRFLOW_CTX_DAG_OWNER='airflow' AIRFLOW_CTX_DAG_ID='wap_cfpb_pipeline' AIRFLOW_CTX_TASK_ID='aggregate_metrics' AIRFLOW_CTX_EXECUTION_DATE='2026-07-18T00:00:00+00:00' AIRFLOW_CTX_TRY_NUMBER='1' AIRFLOW_CTX_DAG_RUN_ID='scheduled__2026-07-18T00:00:00+00:00'
[2026-07-19T02:55:39.280+0000] {taskinstance.py:731} INFO - ::endgroup::
[2026-07-19T02:55:39.296+0000] {python.py:240} INFO - Done. Returned value was: 48
[2026-07-19T02:55:39.316+0000] {taskinstance.py:340} INFO - ::group::Post task execution logs
[2026-07-19T02:55:39.318+0000] {taskinstance.py:352} INFO - Marking task as SUCCESS. dag_id=wap_cfpb_pipeline, task_id=aggregate_metrics, run_id=scheduled__2026-07-18T00:00:00+00:00, execution_date=20260718T000000, start_date=20260719T025539, end_date=20260719T025539
[2026-07-19T02:55:39.340+0000] {local_task_job_runner.py:266} INFO - Task exited with return code 0
[2026-07-19T02:55:39.370+0000] {taskinstance.py:3900} INFO - 1 downstream tasks scheduled from follow-on schedule check
[2026-07-19T02:55:39.373+0000] {local_task_job_runner.py:245} INFO - ::endgroup::
[2026-07-19T04:32:16.193+0000] {local_task_job_runner.py:123} INFO - ::group::Pre task execution logs
[2026-07-19T04:32:16.216+0000] {taskinstance.py:2612} INFO - Dependencies all met for dep_context=non-requeueable deps ti=<TaskInstance: wap_cfpb_pipeline.aggregate_metrics scheduled__2026-07-18T00:00:00+00:00 [queued]>
[2026-07-19T04:32:16.225+0000] {taskinstance.py:2612} INFO - Dependencies all met for dep_context=requeueable deps ti=<TaskInstance: wap_cfpb_pipeline.aggregate_metrics scheduled__2026-07-18T00:00:00+00:00 [queued]>
[2026-07-19T04:32:16.226+0000] {taskinstance.py:2865} INFO - Starting attempt 1 of 1
[2026-07-19T04:32:16.239+0000] {taskinstance.py:2888} INFO - Executing <Task(_PythonDecoratedOperator): aggregate_metrics> on 2026-07-18 00:00:00+00:00
[2026-07-19T04:32:16.245+0000] {standard_task_runner.py:72} INFO - Started process 495 to run task
[2026-07-19T04:32:16.248+0000] {standard_task_runner.py:104} INFO - Running: ['airflow', 'tasks', 'run', 'wap_cfpb_pipeline', 'aggregate_metrics', 'scheduled__2026-07-18T00:00:00+00:00', '--job-id', '8', '--raw', '--subdir', 'DAGS_FOLDER/wap_cfpb_pipeline.py', '--cfg-path', '/tmp/tmpkzkwu5hg']
[2026-07-19T04:32:16.250+0000] {standard_task_runner.py:105} INFO - Job 8: Subtask aggregate_metrics
[2026-07-19T04:32:16.336+0000] {task_command.py:467} INFO - Running <TaskInstance: wap_cfpb_pipeline.aggregate_metrics scheduled__2026-07-18T00:00:00+00:00 [running]> on host 634783a6dfed
[2026-07-19T04:32:16.438+0000] {taskinstance.py:3131} INFO - Exporting env vars: AIRFLOW_CTX_DAG_OWNER='airflow' AIRFLOW_CTX_DAG_ID='wap_cfpb_pipeline' AIRFLOW_CTX_TASK_ID='aggregate_metrics' AIRFLOW_CTX_EXECUTION_DATE='2026-07-18T00:00:00+00:00' AIRFLOW_CTX_TRY_NUMBER='1' AIRFLOW_CTX_DAG_RUN_ID='scheduled__2026-07-18T00:00:00+00:00'
[2026-07-19T04:32:16.441+0000] {taskinstance.py:731} INFO - ::endgroup::
[2026-07-19T04:32:16.454+0000] {python.py:240} INFO - Done. Returned value was: 48
[2026-07-19T04:32:16.473+0000] {taskinstance.py:340} INFO - ::group::Post task execution logs
[2026-07-19T04:32:16.474+0000] {taskinstance.py:352} INFO - Marking task as SUCCESS. dag_id=wap_cfpb_pipeline, task_id=aggregate_metrics, run_id=scheduled__2026-07-18T00:00:00+00:00, execution_date=20260718T000000, start_date=20260719T043216, end_date=20260719T043216
[2026-07-19T04:32:16.503+0000] {local_task_job_runner.py:266} INFO - Task exited with return code 0
[2026-07-19T04:32:16.529+0000] {taskinstance.py:3900} INFO - 1 downstream tasks scheduled from follow-on schedule check
[2026-07-19T04:32:16.531+0000] {local_task_job_runner.py:245} INFO - ::endgroup::
[2026-07-19T04:46:30.497+0000] {local_task_job_runner.py:123} INFO - ::group::Pre task execution logs
[2026-07-19T04:46:30.520+0000] {taskinstance.py:2612} INFO - Dependencies all met for dep_context=non-requeueable deps ti=<TaskInstance: wap_cfpb_pipeline.aggregate_metrics scheduled__2026-07-18T00:00:00+00:00 [queued]>
[2026-07-19T04:46:30.529+0000] {taskinstance.py:2612} INFO - Dependencies all met for dep_context=requeueable deps ti=<TaskInstance: wap_cfpb_pipeline.aggregate_metrics scheduled__2026-07-18T00:00:00+00:00 [queued]>
[2026-07-19T04:46:30.531+0000] {taskinstance.py:2865} INFO - Starting attempt 1 of 1
[2026-07-19T04:46:30.542+0000] {taskinstance.py:2888} INFO - Executing <Task(_PythonDecoratedOperator): aggregate_metrics> on 2026-07-18 00:00:00+00:00
[2026-07-19T04:46:30.548+0000] {standard_task_runner.py:72} INFO - Started process 1105 to run task
[2026-07-19T04:46:30.552+0000] {standard_task_runner.py:104} INFO - Running: ['airflow', 'tasks', 'run', 'wap_cfpb_pipeline', 'aggregate_metrics', 'scheduled__2026-07-18T00:00:00+00:00', '--job-id', '8', '--raw', '--subdir', 'DAGS_FOLDER/wap_cfpb_pipeline.py', '--cfg-path', '/tmp/tmp8u9horxk']
[2026-07-19T04:46:30.554+0000] {standard_task_runner.py:105} INFO - Job 8: Subtask aggregate_metrics
[2026-07-19T04:46:30.627+0000] {task_command.py:467} INFO - Running <TaskInstance: wap_cfpb_pipeline.aggregate_metrics scheduled__2026-07-18T00:00:00+00:00 [running]> on host e086fa01d0f5
[2026-07-19T04:46:30.714+0000] {taskinstance.py:3131} INFO - Exporting env vars: AIRFLOW_CTX_DAG_OWNER='airflow' AIRFLOW_CTX_DAG_ID='wap_cfpb_pipeline' AIRFLOW_CTX_TASK_ID='aggregate_metrics' AIRFLOW_CTX_EXECUTION_DATE='2026-07-18T00:00:00+00:00' AIRFLOW_CTX_TRY_NUMBER='1' AIRFLOW_CTX_DAG_RUN_ID='scheduled__2026-07-18T00:00:00+00:00'
[2026-07-19T04:46:30.717+0000] {taskinstance.py:731} INFO - ::endgroup::
[2026-07-19T04:46:30.732+0000] {python.py:240} INFO - Done. Returned value was: 48
[2026-07-19T04:46:30.752+0000] {taskinstance.py:340} INFO - ::group::Post task execution logs
[2026-07-19T04:46:30.754+0000] {taskinstance.py:352} INFO - Marking task as SUCCESS. dag_id=wap_cfpb_pipeline, task_id=aggregate_metrics, run_id=scheduled__2026-07-18T00:00:00+00:00, execution_date=20260718T000000, start_date=20260719T044630, end_date=20260719T044630
[2026-07-19T04:46:30.808+0000] {local_task_job_runner.py:266} INFO - Task exited with return code 0
[2026-07-19T04:46:30.834+0000] {taskinstance.py:3900} INFO - 1 downstream tasks scheduled from follow-on schedule check
[2026-07-19T04:46:30.837+0000] {local_task_job_runner.py:245} INFO - ::endgroup::
