[2026-07-20T03:15:07.998+0000] {local_task_job_runner.py:123} INFO - ::group::Pre task execution logs
[2026-07-20T03:15:08.030+0000] {taskinstance.py:2612} INFO - Dependencies all met for dep_context=non-requeueable deps ti=<TaskInstance: wap_incremental_cfpb_pipeline.extract_and_upload_company scheduled__2026-07-19T00:00:00+00:00 map_index=0 [queued]>
[2026-07-20T03:15:08.041+0000] {taskinstance.py:2612} INFO - Dependencies all met for dep_context=requeueable deps ti=<TaskInstance: wap_incremental_cfpb_pipeline.extract_and_upload_company scheduled__2026-07-19T00:00:00+00:00 map_index=0 [queued]>
[2026-07-20T03:15:08.043+0000] {taskinstance.py:2865} INFO - Starting attempt 1 of 1
[2026-07-20T03:15:08.056+0000] {taskinstance.py:2888} INFO - Executing <Mapped(_PythonDecoratedOperator): extract_and_upload_company> on 2026-07-19 00:00:00+00:00
[2026-07-20T03:15:08.063+0000] {standard_task_runner.py:72} INFO - Started process 865 to run task
[2026-07-20T03:15:08.067+0000] {standard_task_runner.py:104} INFO - Running: ['airflow', 'tasks', 'run', 'wap_incremental_cfpb_pipeline', 'extract_and_upload_company', 'scheduled__2026-07-19T00:00:00+00:00', '--job-id', '7', '--raw', '--subdir', 'DAGS_FOLDER/wap_incremental_cfpb_pipeline.py', '--cfg-path', '/tmp/tmpjm1j4x2z', '--map-index', '0']
[2026-07-20T03:15:08.070+0000] {standard_task_runner.py:105} INFO - Job 7: Subtask extract_and_upload_company
[2026-07-20T03:15:08.158+0000] {task_command.py:467} INFO - Running <TaskInstance: wap_incremental_cfpb_pipeline.extract_and_upload_company scheduled__2026-07-19T00:00:00+00:00 map_index=0 [running]> on host f5e745c7acdb
[2026-07-20T03:15:08.264+0000] {taskinstance.py:3131} INFO - Exporting env vars: AIRFLOW_CTX_DAG_OWNER='airflow' AIRFLOW_CTX_DAG_ID='wap_incremental_cfpb_pipeline' AIRFLOW_CTX_TASK_ID='extract_and_upload_company' AIRFLOW_CTX_EXECUTION_DATE='2026-07-19T00:00:00+00:00' AIRFLOW_CTX_TRY_NUMBER='1' AIRFLOW_CTX_DAG_RUN_ID='scheduled__2026-07-19T00:00:00+00:00'
[2026-07-20T03:15:08.268+0000] {taskinstance.py:731} INFO - ::endgroup::
[2026-07-20T03:15:08.277+0000] {cfpb_api_client.py:487} INFO - 🛡️ Khởi động lưới lọc Rescued Data cho công ty: JPMORGAN CHASE & CO.
[2026-07-20T03:15:08.279+0000] {cfpb_api_client.py:460} INFO - 🏢 Khởi tạo luồng kéo dữ liệu cho công ty: JPMORGAN CHASE & CO.
[2026-07-20T03:15:08.280+0000] {cfpb_api_client.py:389} INFO - 🚀 BẮT ĐẦU: Kéo luồng dữ liệu từ 2026-07-12 đến 2026-07-19
[2026-07-20T03:15:19.202+0000] {cfpb_api_client.py:438} INFO -   ➜ Đã kéo được 23 / 23 records...
[2026-07-20T03:15:19.203+0000] {cfpb_api_client.py:442} INFO - ✅ HOÀN TẤT: Đã lấy toàn bộ 23 khiếu nại có sẵn.
[2026-07-20T03:15:19.205+0000] {minio_loader.py:203} INFO - 📤 Đang upload inc_2026-07-19_jpmorgan_chase_&_co._complaints.json lên s3://lakehouse/landing/consumer_complaints/run_date=2026-07-19/inc_2026-07-19_jpmorgan_chase_&_co._complaints.json
[2026-07-20T03:15:19.207+0000] {crypto.py:82} WARNING - empty cryptography key - values will not be stored encrypted.
[2026-07-20T03:15:19.209+0000] {base.py:84} INFO - Retrieving connection 'minio_default'
[2026-07-20T03:15:19.211+0000] {connection_wrapper.py:388} INFO - AWS Connection (conn_id='minio_default', conn_type='aws') credentials retrieved from login and ***.
[2026-07-20T03:15:19.665+0000] {python.py:240} INFO - Done. Returned value was: 23
[2026-07-20T03:15:19.693+0000] {taskinstance.py:340} INFO - ::group::Post task execution logs
[2026-07-20T03:15:19.694+0000] {taskinstance.py:352} INFO - Marking task as SUCCESS. dag_id=wap_incremental_cfpb_pipeline, task_id=extract_and_upload_company, run_id=scheduled__2026-07-19T00:00:00+00:00, map_index=0, execution_date=20260719T000000, start_date=20260720T031508, end_date=20260720T031519
[2026-07-20T03:15:19.728+0000] {local_task_job_runner.py:266} INFO - Task exited with return code 0
[2026-07-20T03:15:19.755+0000] {taskinstance.py:3900} INFO - 0 downstream tasks scheduled from follow-on schedule check
[2026-07-20T03:15:19.758+0000] {local_task_job_runner.py:245} INFO - ::endgroup::
