[2026-08-19T04:31:10.511+0000] {processor.py:186} INFO - Started process (PID=184) to work on /opt/airflow/dags/silver_spark_serverless.py
[2026-08-19T04:31:10.513+0000] {processor.py:914} INFO - Processing file /opt/airflow/dags/silver_spark_serverless.py for tasks to queue
[2026-08-19T04:31:10.516+0000] {logging_mixin.py:190} INFO - [2026-08-19T04:31:10.515+0000] {dagbag.py:588} INFO - Filling up the DagBag from /opt/airflow/dags/silver_spark_serverless.py
[2026-08-19T04:31:10.537+0000] {processor.py:925} INFO - DAG(s) 'serverless_spark_dev_pipeline' retrieved from /opt/airflow/dags/silver_spark_serverless.py
[2026-08-19T04:31:10.561+0000] {logging_mixin.py:190} INFO - [2026-08-19T04:31:10.561+0000] {dag.py:3239} INFO - Sync 1 DAGs
[2026-08-19T04:31:10.577+0000] {logging_mixin.py:190} INFO - [2026-08-19T04:31:10.577+0000] {dag.py:4180} INFO - Setting next_dagrun for serverless_spark_dev_pipeline to None, run_after=None
[2026-08-19T04:31:10.594+0000] {processor.py:208} INFO - Processing /opt/airflow/dags/silver_spark_serverless.py took 0.089 seconds
[2026-08-19T04:32:02.916+0000] {processor.py:186} INFO - Started process (PID=277) to work on /opt/airflow/dags/silver_spark_serverless.py
[2026-08-19T04:32:02.917+0000] {processor.py:914} INFO - Processing file /opt/airflow/dags/silver_spark_serverless.py for tasks to queue
[2026-08-19T04:32:02.919+0000] {logging_mixin.py:190} INFO - [2026-08-19T04:32:02.919+0000] {dagbag.py:588} INFO - Filling up the DagBag from /opt/airflow/dags/silver_spark_serverless.py
[2026-08-19T04:32:02.941+0000] {processor.py:925} INFO - DAG(s) 'serverless_spark_dev_pipeline' retrieved from /opt/airflow/dags/silver_spark_serverless.py
[2026-08-19T04:32:02.965+0000] {logging_mixin.py:190} INFO - [2026-08-19T04:32:02.965+0000] {dag.py:3239} INFO - Sync 1 DAGs
[2026-08-19T04:32:02.980+0000] {logging_mixin.py:190} INFO - [2026-08-19T04:32:02.980+0000] {dag.py:4180} INFO - Setting next_dagrun for serverless_spark_dev_pipeline to None, run_after=None
[2026-08-19T04:32:02.998+0000] {processor.py:208} INFO - Processing /opt/airflow/dags/silver_spark_serverless.py took 0.086 seconds
[2026-08-19T04:32:34.991+0000] {processor.py:186} INFO - Started process (PID=381) to work on /opt/airflow/dags/silver_spark_serverless.py
[2026-08-19T04:32:34.992+0000] {processor.py:914} INFO - Processing file /opt/airflow/dags/silver_spark_serverless.py for tasks to queue
[2026-08-19T04:32:34.993+0000] {logging_mixin.py:190} INFO - [2026-08-19T04:32:34.993+0000] {dagbag.py:588} INFO - Filling up the DagBag from /opt/airflow/dags/silver_spark_serverless.py
[2026-08-19T04:32:35.014+0000] {processor.py:925} INFO - DAG(s) 'serverless_spark_dev_pipeline' retrieved from /opt/airflow/dags/silver_spark_serverless.py
[2026-08-19T04:32:35.042+0000] {logging_mixin.py:190} INFO - [2026-08-19T04:32:35.042+0000] {dag.py:3239} INFO - Sync 1 DAGs
[2026-08-19T04:32:35.061+0000] {logging_mixin.py:190} INFO - [2026-08-19T04:32:35.061+0000] {dag.py:4180} INFO - Setting next_dagrun for serverless_spark_dev_pipeline to None, run_after=None
[2026-08-19T04:32:35.086+0000] {processor.py:208} INFO - Processing /opt/airflow/dags/silver_spark_serverless.py took 0.100 seconds
