[2026-07-26T03:32:42.928+0000] {local_task_job_runner.py:123} INFO - ::group::Pre task execution logs
[2026-07-26T03:32:42.949+0000] {taskinstance.py:2612} INFO - Dependencies all met for dep_context=non-requeueable deps ti=<TaskInstance: wap_incremental_cfpb_pipeline.write_to_wap_branch scheduled__2026-07-25T00:00:00+00:00 [queued]>
[2026-07-26T03:32:42.958+0000] {taskinstance.py:2612} INFO - Dependencies all met for dep_context=requeueable deps ti=<TaskInstance: wap_incremental_cfpb_pipeline.write_to_wap_branch scheduled__2026-07-25T00:00:00+00:00 [queued]>
[2026-07-26T03:32:42.960+0000] {taskinstance.py:2865} INFO - Starting attempt 1 of 1
[2026-07-26T03:32:42.974+0000] {taskinstance.py:2888} INFO - Executing <Task(_PythonDecoratedOperator): write_to_wap_branch> on 2026-07-25 00:00:00+00:00
[2026-07-26T03:32:42.982+0000] {standard_task_runner.py:72} INFO - Started process 2631 to run task
[2026-07-26T03:32:42.986+0000] {standard_task_runner.py:104} INFO - Running: ['airflow', 'tasks', 'run', 'wap_incremental_cfpb_pipeline', 'write_to_wap_branch', 'scheduled__2026-07-25T00:00:00+00:00', '--job-id', '10', '--raw', '--subdir', 'DAGS_FOLDER/wap_incremental_cfpb_pipeline.py', '--cfg-path', '/tmp/tmpm574nb3t']
[2026-07-26T03:32:42.988+0000] {standard_task_runner.py:105} INFO - Job 10: Subtask write_to_wap_branch
[2026-07-26T03:32:43.081+0000] {task_command.py:467} INFO - Running <TaskInstance: wap_incremental_cfpb_pipeline.write_to_wap_branch scheduled__2026-07-25T00:00:00+00:00 [running]> on host d8495756e740
[2026-07-26T03:32:43.207+0000] {taskinstance.py:3131} INFO - Exporting env vars: AIRFLOW_CTX_DAG_OWNER='airflow' AIRFLOW_CTX_DAG_ID='wap_incremental_cfpb_pipeline' AIRFLOW_CTX_TASK_ID='write_to_wap_branch' AIRFLOW_CTX_EXECUTION_DATE='2026-07-25T00:00:00+00:00' AIRFLOW_CTX_TRY_NUMBER='1' AIRFLOW_CTX_DAG_RUN_ID='scheduled__2026-07-25T00:00:00+00:00'
[2026-07-26T03:32:43.209+0000] {taskinstance.py:731} INFO - ::endgroup::
[2026-07-26T03:32:43.213+0000] {crypto.py:82} WARNING - empty cryptography key - values will not be stored encrypted.
[2026-07-26T03:32:43.215+0000] {base.py:84} INFO - Retrieving connection 'minio_default'
[2026-07-26T03:32:43.216+0000] {base.py:84} INFO - Retrieving connection 'nessie_api_default'
[2026-07-26T03:32:44.631+0000] {duckdb_to_bronze.py:63} INFO - Đã khởi tạo DuckDB và PyIceberg Catalog trên nhánh 'etl_20260725_scheduled202607'.
[2026-07-26T03:32:44.659+0000] {__init__.py:331} INFO - Loaded FileIO: pyiceberg.io.fsspec.FsspecFileIO
[2026-07-26T03:32:44.661+0000] {duckdb_to_bronze.py:106} INFO - 🧹 [Incremental] Đang dọn dẹp dữ liệu cũ của _run_id = 'scheduled__2026-07-25T00:00:00+00:00' trên nhánh 'etl_20260725_scheduled202607'...
[2026-07-26T03:32:45.970+0000] {logging_mixin.py:190} WARNING - /home/airflow/.local/lib/python3.10/site-packages/pyiceberg/table/__init__.py:651 UserWarning: Delete operation did not match any records
[2026-07-26T03:32:45.971+0000] {duckdb_to_bronze.py:108} INFO - ✅ Dọn dẹp Incremental hoàn tất.
[2026-07-26T03:32:46.194+0000] {duckdb_to_bronze.py:142} INFO - Hoàn tất (Batch): 36 dòng vào bronze.raw_consumer_complaints.
[2026-07-26T03:32:46.199+0000] {duckdb_to_bronze.py:211} INFO - Đã đóng kết nối DuckDB an toàn.
[2026-07-26T03:32:46.201+0000] {python.py:240} INFO - Done. Returned value was: {'wap_branch': 'etl_20260725_scheduled202607', 'total_inserted_rows': 36, 'total_extracted_rows': 36, 'run_id': 'scheduled__2026-07-25T00:00:00+00:00'}
[2026-07-26T03:32:46.246+0000] {taskinstance.py:340} INFO - ::group::Post task execution logs
[2026-07-26T03:32:46.247+0000] {taskinstance.py:352} INFO - Marking task as SUCCESS. dag_id=wap_incremental_cfpb_pipeline, task_id=write_to_wap_branch, run_id=scheduled__2026-07-25T00:00:00+00:00, execution_date=20260725T000000, start_date=20260726T033242, end_date=20260726T033246
[2026-07-26T03:32:46.295+0000] {local_task_job_runner.py:266} INFO - Task exited with return code 0
[2026-07-26T03:32:46.334+0000] {taskinstance.py:3900} INFO - 1 downstream tasks scheduled from follow-on schedule check
[2026-07-26T03:32:46.337+0000] {local_task_job_runner.py:245} INFO - ::endgroup::
[2026-07-26T12:38:55.874+0000] {local_task_job_runner.py:123} INFO - ::group::Pre task execution logs
[2026-07-26T12:38:55.891+0000] {taskinstance.py:2612} INFO - Dependencies all met for dep_context=non-requeueable deps ti=<TaskInstance: wap_incremental_cfpb_pipeline.write_to_wap_branch scheduled__2026-07-25T00:00:00+00:00 [queued]>
[2026-07-26T12:38:55.899+0000] {taskinstance.py:2612} INFO - Dependencies all met for dep_context=requeueable deps ti=<TaskInstance: wap_incremental_cfpb_pipeline.write_to_wap_branch scheduled__2026-07-25T00:00:00+00:00 [queued]>
[2026-07-26T12:38:55.901+0000] {taskinstance.py:2865} INFO - Starting attempt 1 of 1
[2026-07-26T12:38:55.911+0000] {taskinstance.py:2888} INFO - Executing <Task(_PythonDecoratedOperator): write_to_wap_branch> on 2026-07-25 00:00:00+00:00
[2026-07-26T12:38:55.916+0000] {standard_task_runner.py:72} INFO - Started process 632 to run task
[2026-07-26T12:38:55.919+0000] {standard_task_runner.py:104} INFO - Running: ['airflow', 'tasks', 'run', 'wap_incremental_cfpb_pipeline', 'write_to_wap_branch', 'scheduled__2026-07-25T00:00:00+00:00', '--job-id', '9', '--raw', '--subdir', 'DAGS_FOLDER/wap_incremental_cfpb_pipeline.py', '--cfg-path', '/tmp/tmpanlj97g7']
[2026-07-26T12:38:55.921+0000] {standard_task_runner.py:105} INFO - Job 9: Subtask write_to_wap_branch
[2026-07-26T12:38:55.993+0000] {task_command.py:467} INFO - Running <TaskInstance: wap_incremental_cfpb_pipeline.write_to_wap_branch scheduled__2026-07-25T00:00:00+00:00 [running]> on host a0b459f8cde6
[2026-07-26T12:38:56.093+0000] {taskinstance.py:3131} INFO - Exporting env vars: AIRFLOW_CTX_DAG_OWNER='airflow' AIRFLOW_CTX_DAG_ID='wap_incremental_cfpb_pipeline' AIRFLOW_CTX_TASK_ID='write_to_wap_branch' AIRFLOW_CTX_EXECUTION_DATE='2026-07-25T00:00:00+00:00' AIRFLOW_CTX_TRY_NUMBER='1' AIRFLOW_CTX_DAG_RUN_ID='scheduled__2026-07-25T00:00:00+00:00'
[2026-07-26T12:38:56.095+0000] {taskinstance.py:731} INFO - ::endgroup::
[2026-07-26T12:38:56.098+0000] {crypto.py:82} WARNING - empty cryptography key - values will not be stored encrypted.
[2026-07-26T12:38:56.100+0000] {base.py:84} INFO - Retrieving connection 'minio_default'
[2026-07-26T12:38:56.101+0000] {base.py:84} INFO - Retrieving connection 'nessie_api_default'
[2026-07-26T12:38:57.432+0000] {duckdb_to_bronze.py:63} INFO - Đã khởi tạo DuckDB và PyIceberg Catalog trên nhánh 'etl_20260725_scheduled202607'.
[2026-07-26T12:38:57.453+0000] {__init__.py:331} INFO - Loaded FileIO: pyiceberg.io.fsspec.FsspecFileIO
[2026-07-26T12:38:57.455+0000] {duckdb_to_bronze.py:106} INFO - 🧹 [Incremental] Đang dọn dẹp dữ liệu cũ của _run_id = 'scheduled__2026-07-25T00:00:00+00:00' trên nhánh 'etl_20260725_scheduled202607'...
[2026-07-26T12:38:58.464+0000] {logging_mixin.py:190} WARNING - /home/airflow/.local/lib/python3.10/site-packages/pyiceberg/table/__init__.py:651 UserWarning: Delete operation did not match any records
[2026-07-26T12:38:58.465+0000] {duckdb_to_bronze.py:108} INFO - ✅ Dọn dẹp Incremental hoàn tất.
[2026-07-26T12:38:58.626+0000] {duckdb_to_bronze.py:142} INFO - Hoàn tất (Batch): 36 dòng vào bronze.raw_consumer_complaints.
[2026-07-26T12:38:58.630+0000] {duckdb_to_bronze.py:211} INFO - Đã đóng kết nối DuckDB an toàn.
[2026-07-26T12:38:58.631+0000] {python.py:240} INFO - Done. Returned value was: {'wap_branch': 'etl_20260725_scheduled202607', 'total_inserted_rows': 36, 'total_extracted_rows': 36, 'run_id': 'scheduled__2026-07-25T00:00:00+00:00'}
[2026-07-26T12:38:58.668+0000] {taskinstance.py:340} INFO - ::group::Post task execution logs
[2026-07-26T12:38:58.670+0000] {taskinstance.py:352} INFO - Marking task as SUCCESS. dag_id=wap_incremental_cfpb_pipeline, task_id=write_to_wap_branch, run_id=scheduled__2026-07-25T00:00:00+00:00, execution_date=20260725T000000, start_date=20260726T123855, end_date=20260726T123858
[2026-07-26T12:38:58.713+0000] {local_task_job_runner.py:266} INFO - Task exited with return code 0
[2026-07-26T12:38:58.743+0000] {taskinstance.py:3900} INFO - 1 downstream tasks scheduled from follow-on schedule check
[2026-07-26T12:38:58.746+0000] {local_task_job_runner.py:245} INFO - ::endgroup::
