[2026-07-21T07:21:53.732+0000] {local_task_job_runner.py:123} INFO - ::group::Pre task execution logs
[2026-07-21T07:21:53.760+0000] {taskinstance.py:2612} INFO - Dependencies all met for dep_context=non-requeueable deps ti=<TaskInstance: dbt_silver_gold_incremental.transform_gold.dim_locations.run manual__2026-07-21T07:20:33.780689+00:00 [queued]>
[2026-07-21T07:21:53.779+0000] {taskinstance.py:2612} INFO - Dependencies all met for dep_context=requeueable deps ti=<TaskInstance: dbt_silver_gold_incremental.transform_gold.dim_locations.run manual__2026-07-21T07:20:33.780689+00:00 [queued]>
[2026-07-21T07:21:53.781+0000] {taskinstance.py:2865} INFO - Starting attempt 1 of 2
[2026-07-21T07:21:53.807+0000] {taskinstance.py:2888} INFO - Executing <Task(DbtRunLocalOperator): transform_gold.dim_locations.run> on 2026-07-21 07:20:33.780689+00:00
[2026-07-21T07:21:53.815+0000] {standard_task_runner.py:72} INFO - Started process 1451 to run task
[2026-07-21T07:21:53.824+0000] {standard_task_runner.py:104} INFO - Running: ['airflow', 'tasks', 'run', 'dbt_silver_gold_incremental', 'transform_gold.dim_locations.run', 'manual__2026-07-21T07:20:33.780689+00:00', '--job-id', '18', '--raw', '--subdir', 'DAGS_FOLDER/dbt_silver_gold.py', '--cfg-path', '/tmp/tmppcjexat3']
[2026-07-21T07:21:53.832+0000] {standard_task_runner.py:105} INFO - Job 18: Subtask transform_gold.dim_locations.run
[2026-07-21T07:21:53.973+0000] {task_command.py:467} INFO - Running <TaskInstance: dbt_silver_gold_incremental.transform_gold.dim_locations.run manual__2026-07-21T07:20:33.780689+00:00 [running]> on host d9d01f23f376
[2026-07-21T07:21:54.122+0000] {taskinstance.py:3131} INFO - Exporting env vars: AIRFLOW_CTX_DAG_OWNER='data_engineer' AIRFLOW_CTX_DAG_ID='dbt_silver_gold_incremental' AIRFLOW_CTX_TASK_ID='transform_gold.dim_locations.run' AIRFLOW_CTX_EXECUTION_DATE='2026-07-21T07:20:33.780689+00:00' AIRFLOW_CTX_TRY_NUMBER='1' AIRFLOW_CTX_DAG_RUN_ID='manual__2026-07-21T07:20:33.780689+00:00'
[2026-07-21T07:21:54.125+0000] {taskinstance.py:731} INFO - ::endgroup::
[2026-07-21T07:21:56.104+0000] {local.py:294} INFO - dbtRunner is available. Using dbtRunner for invoking dbt.
[2026-07-21T07:21:56.106+0000] {local.py:518} INFO - Cloning project to writable temp directory /tmp/tmp44ree8mj from /opt/airflow/dbt_transform
[2026-07-21T07:21:56.119+0000] {local.py:538} INFO - Partial parse is enabled and the latest partial parse file is /tmp/cosmos/dbt_silver_gold_incremental__transform_gold/target/partial_parse.msgpack
[2026-07-21T07:21:56.147+0000] {config.py:395} INFO - Using user-supplied profiles.yml at /opt/airflow/dbt_transform/profiles.yml
[2026-07-21T07:21:56.162+0000] {runner.py:95} INFO - Trying to run dbtRunner with:
 ['deps', '--project-dir', '/tmp/tmp44ree8mj', '--profiles-dir', '/opt/airflow/dbt_transform', '--profile', 'lakehouse_dbt', '--target', 'dev', '--no-static-parser']
 in /tmp/tmp44ree8mj
[2026-07-21T07:21:56.252+0000] {logging_mixin.py:190} INFO - 07:21:56  Running with dbt=1.8.8
[2026-07-21T07:21:56.425+0000] {converter.py:314} INFO - ::group::Cosmos DAG parsing logs
[2026-07-21T07:21:56.430+0000] {graph.py:869} INFO - Trying to parse the dbt project using dbt ls cache cosmos_cache__dbt_silver_gold_incremental__transform_silver...
[2026-07-21T07:22:00.206+0000] {cache.py:383} INFO - Cosmos performance: time to calculate cache identifier cosmos_cache__dbt_silver_gold_incremental__transform_silver for current version: 3.764613020000013
[2026-07-21T07:22:00.208+0000] {graph.py:886} INFO - Cosmos performance [d9d01f23f376|1451]: The cache size for cosmos_cache__dbt_silver_gold_incremental__transform_silver is 5960
[2026-07-21T07:22:00.210+0000] {graph.py:898} INFO - Cosmos performance: Cache hit for cosmos_cache__dbt_silver_gold_incremental__transform_silver - f377e61777bf202310a50d13ccbc512d,5e34606eb5f2b3dea81a8e19fa3ba138
[2026-07-21T07:22:00.212+0000] {graph.py:799} INFO - Total nodes: 7
[2026-07-21T07:22:00.214+0000] {graph.py:800} INFO - Total filtered nodes: 7
[2026-07-21T07:22:00.215+0000] {converter.py:361} INFO - Cosmos performance (dbt_silver_gold_incremental__transform_silver) - [d9d01f23f376|1451]: It took 3.79s to parse the dbt project for DAG using dbt_ls_cache
[2026-07-21T07:22:00.229+0000] {converter.py:413} INFO - Cosmos performance (dbt_silver_gold_incremental__transform_silver) - [d9d01f23f376|1451]: It took 0.0137s to build the Airflow DAG.
[2026-07-21T07:22:00.230+0000] {converter.py:420} INFO - ::endgroup::Cosmos DAG parsing logs
[2026-07-21T07:22:00.231+0000] {converter.py:314} INFO - ::group::Cosmos DAG parsing logs
[2026-07-21T07:22:00.235+0000] {graph.py:869} INFO - Trying to parse the dbt project using dbt ls cache cosmos_cache__dbt_silver_gold_incremental__transform_gold...
[2026-07-21T07:22:02.787+0000] {cache.py:383} INFO - Cosmos performance: time to calculate cache identifier cosmos_cache__dbt_silver_gold_incremental__transform_gold for current version: 2.5401295899999923
[2026-07-21T07:22:02.789+0000] {graph.py:886} INFO - Cosmos performance [d9d01f23f376|1451]: The cache size for cosmos_cache__dbt_silver_gold_incremental__transform_gold is 35946
[2026-07-21T07:22:02.791+0000] {graph.py:898} INFO - Cosmos performance: Cache hit for cosmos_cache__dbt_silver_gold_incremental__transform_gold - f377e61777bf202310a50d13ccbc512d,304321e940a9403dceb380589bd0566f
[2026-07-21T07:22:02.793+0000] {graph.py:799} INFO - Total nodes: 39
[2026-07-21T07:22:02.795+0000] {graph.py:800} INFO - Total filtered nodes: 39
[2026-07-21T07:22:02.796+0000] {converter.py:361} INFO - Cosmos performance (dbt_silver_gold_incremental__transform_gold) - [d9d01f23f376|1451]: It took 2.56s to parse the dbt project for DAG using dbt_ls_cache
[2026-07-21T07:22:02.834+0000] {converter.py:413} INFO - Cosmos performance (dbt_silver_gold_incremental__transform_gold) - [d9d01f23f376|1451]: It took 0.0377s to build the Airflow DAG.
[2026-07-21T07:22:02.835+0000] {converter.py:420} INFO - ::endgroup::Cosmos DAG parsing logs
[2026-07-21T07:22:02.838+0000] {converter.py:314} INFO - ::group::Cosmos DAG parsing logs
[2026-07-21T07:22:02.843+0000] {graph.py:869} INFO - Trying to parse the dbt project using dbt ls cache cosmos_cache__dbt_silver_gold_full_load__transform_silver...
[2026-07-21T07:22:05.095+0000] {cache.py:383} INFO - Cosmos performance: time to calculate cache identifier cosmos_cache__dbt_silver_gold_full_load__transform_silver for current version: 2.2404307639999956
[2026-07-21T07:22:05.096+0000] {graph.py:886} INFO - Cosmos performance [d9d01f23f376|1451]: The cache size for cosmos_cache__dbt_silver_gold_full_load__transform_silver is 5960
[2026-07-21T07:22:05.098+0000] {graph.py:898} INFO - Cosmos performance: Cache hit for cosmos_cache__dbt_silver_gold_full_load__transform_silver - f377e61777bf202310a50d13ccbc512d,5e34606eb5f2b3dea81a8e19fa3ba138
[2026-07-21T07:22:05.099+0000] {graph.py:799} INFO - Total nodes: 7
[2026-07-21T07:22:05.101+0000] {graph.py:800} INFO - Total filtered nodes: 7
[2026-07-21T07:22:05.102+0000] {converter.py:361} INFO - Cosmos performance (dbt_silver_gold_full_load__transform_silver) - [d9d01f23f376|1451]: It took 2.26s to parse the dbt project for DAG using dbt_ls_cache
[2026-07-21T07:22:05.113+0000] {converter.py:413} INFO - Cosmos performance (dbt_silver_gold_full_load__transform_silver) - [d9d01f23f376|1451]: It took 0.0116s to build the Airflow DAG.
[2026-07-21T07:22:05.115+0000] {converter.py:420} INFO - ::endgroup::Cosmos DAG parsing logs
[2026-07-21T07:22:05.116+0000] {converter.py:314} INFO - ::group::Cosmos DAG parsing logs
[2026-07-21T07:22:05.119+0000] {graph.py:869} INFO - Trying to parse the dbt project using dbt ls cache cosmos_cache__dbt_silver_gold_full_load__transform_gold...
[2026-07-21T07:22:06.699+0000] {cache.py:383} INFO - Cosmos performance: time to calculate cache identifier cosmos_cache__dbt_silver_gold_full_load__transform_gold for current version: 1.5666724910000198
[2026-07-21T07:22:06.700+0000] {graph.py:886} INFO - Cosmos performance [d9d01f23f376|1451]: The cache size for cosmos_cache__dbt_silver_gold_full_load__transform_gold is 35946
[2026-07-21T07:22:06.703+0000] {graph.py:898} INFO - Cosmos performance: Cache hit for cosmos_cache__dbt_silver_gold_full_load__transform_gold - f377e61777bf202310a50d13ccbc512d,304321e940a9403dceb380589bd0566f
[2026-07-21T07:22:06.704+0000] {graph.py:799} INFO - Total nodes: 39
[2026-07-21T07:22:06.706+0000] {graph.py:800} INFO - Total filtered nodes: 39
[2026-07-21T07:22:06.707+0000] {converter.py:361} INFO - Cosmos performance (dbt_silver_gold_full_load__transform_gold) - [d9d01f23f376|1451]: It took 1.59s to parse the dbt project for DAG using dbt_ls_cache
[2026-07-21T07:22:06.740+0000] {converter.py:413} INFO - Cosmos performance (dbt_silver_gold_full_load__transform_gold) - [d9d01f23f376|1451]: It took 0.0327s to build the Airflow DAG.
[2026-07-21T07:22:06.741+0000] {converter.py:420} INFO - ::endgroup::Cosmos DAG parsing logs
[2026-07-21T07:22:07.370+0000] {logging_mixin.py:190} INFO - 07:22:07  Installing dbt-labs/dbt_utils
[2026-07-21T07:22:07.860+0000] {logging_mixin.py:190} INFO - 07:22:07  Installed from version 1.3.0
[2026-07-21T07:22:07.862+0000] {logging_mixin.py:190} INFO - 07:22:07  Updated version available: 1.4.1
[2026-07-21T07:22:07.865+0000] {logging_mixin.py:190} INFO - 07:22:07  Installing metaplane/dbt_expectations
[2026-07-21T07:22:08.723+0000] {logging_mixin.py:190} INFO - 07:22:08  Installed from version 0.10.8
[2026-07-21T07:22:08.726+0000] {logging_mixin.py:190} INFO - 07:22:08  Updated version available: 0.10.10
[2026-07-21T07:22:08.728+0000] {logging_mixin.py:190} INFO - 07:22:08  Installing godatadriven/dbt_date
[2026-07-21T07:22:09.293+0000] {logging_mixin.py:190} INFO - 07:22:09  Installed from version 0.15.0
[2026-07-21T07:22:09.296+0000] {logging_mixin.py:190} INFO - 07:22:09  Up to date!
[2026-07-21T07:22:09.299+0000] {logging_mixin.py:190} INFO - 07:22:09
[2026-07-21T07:22:09.302+0000] {logging_mixin.py:190} INFO - 07:22:09  Updates available for packages: ['dbt-labs/dbt_utils', 'metaplane/dbt_expectations']                 
Update your versions in packages.yml, then run dbt deps
[2026-07-21T07:22:10.469+0000] {runner.py:95} INFO - Trying to run dbtRunner with:
 ['run', '--select', 'fqn:consumer_complaints_transformation.marts.dim_locations', '--project-dir', '/tmp/tmp44ree8mj', '--profiles-dir', '/opt/airflow/dbt_transform', '--profile', 'lakehouse_dbt', '--target', 'dev', '--no-static-parser']
 in /tmp/tmp44ree8mj
[2026-07-21T07:22:10.499+0000] {logging_mixin.py:190} INFO - 07:22:10  Running with dbt=1.8.8
[2026-07-21T07:22:10.541+0000] {auth.py:343} INFO - keyring module not found. OAuth2 token will not be stored in keyring.
[2026-07-21T07:22:10.547+0000] {auth.py:343} INFO - keyring module not found. OAuth2 token will not be stored in keyring.
[2026-07-21T07:22:10.738+0000] {logging_mixin.py:190} INFO - 07:22:10  Registered adapter: trino=1.8.5
[2026-07-21T07:22:11.394+0000] {logging_mixin.py:190} INFO - 07:22:11  Unable to do partial parsing because config vars, config profile, or config target have changed
[2026-07-21T07:22:15.104+0000] {logging_mixin.py:190} INFO - 07:22:15  [WARNING]: Deprecated functionality
The `tests` config has been renamed to `data_tests`. Please see
https://docs.getdbt.com/docs/build/data-tests#new-data_tests-syntax for more
information.
[2026-07-21T07:22:17.800+0000] {logging_mixin.py:190} INFO - 07:22:17  Found 8 models, 40 data tests, 1 source, 9 metrics, 839 macros, 5 semantic models
[2026-07-21T07:22:17.817+0000] {logging_mixin.py:190} INFO - 07:22:17
[2026-07-21T07:22:17.926+0000] {logging_mixin.py:190} INFO - 07:22:17  [WARNING]: SSL certificate validation is disabled by default. It is legacy behavior which will be changed in future releases. It is strongly advised to enable `require_certificate_validation` flag or explicitly set `cert` configuration to `True` for security reasons. You may receive an error after that if your SSL setup is incorrect.
You may opt into the new behavior sooner by setting `flags.require_certificate_validation` to `True` in `dbt_project.yml`.
Visit https://docs.getdbt.com/reference/global-configs/behavior-changes for more information.
[2026-07-21T07:22:18.772+0000] {logging_mixin.py:190} INFO - 07:22:18  Concurrency: 1 threads (target='dev')
[2026-07-21T07:22:18.775+0000] {logging_mixin.py:190} INFO - 07:22:18
[2026-07-21T07:22:18.784+0000] {logging_mixin.py:190} INFO - 07:22:18  1 of 1 START sql incremental model silver.dim_locations ........................ [RUN]
[2026-07-21T07:22:20.210+0000] {logging_mixin.py:190} INFO - 07:22:20  1 of 1 OK created sql incremental model silver.dim_locations ................... [CREATE TABLE (39 rows) in 1.42s]
[2026-07-21T07:22:20.217+0000] {logging_mixin.py:190} INFO - 07:22:20
[2026-07-21T07:22:20.220+0000] {logging_mixin.py:190} INFO - 07:22:20  Finished running 1 incremental model in 0 hours 0 minutes and 2.39 seconds (2.39s).
[2026-07-21T07:22:20.285+0000] {logging_mixin.py:190} INFO - 07:22:20
[2026-07-21T07:22:20.287+0000] {logging_mixin.py:190} INFO - 07:22:20  Completed successfully
[2026-07-21T07:22:20.289+0000] {logging_mixin.py:190} INFO - 07:22:20
[2026-07-21T07:22:20.291+0000] {logging_mixin.py:190} INFO - 07:22:20  Done. PASS=1 WARN=0 ERROR=0 SKIP=0 TOTAL=1
[2026-07-21T07:22:21.535+0000] {local.py:196} WARNING - Artifact schema version: https://schemas.getdbt.com/dbt/manifest/v12.json is above dbt-ol supported version 7. This might cause errors.
[2026-07-21T07:22:21.545+0000] {local.py:594} INFO - Inlets: []
[2026-07-21T07:22:21.547+0000] {local.py:595} INFO - Outlets: []
[2026-07-21T07:22:21.549+0000] {local.py:886} INFO - Assigning inlets/outlets with DatasetAlias in Airflow 2
[2026-07-21T07:22:21.627+0000] {taskinstance.py:340} INFO - ::group::Post task execution logs
[2026-07-21T07:22:21.628+0000] {taskinstance.py:352} INFO - Marking task as SUCCESS. dag_id=dbt_silver_gold_incremental, task_id=transform_gold.dim_locations.run, run_id=manual__2026-07-21T07:20:33.780689+00:00, execution_date=20260721T072033, start_date=20260721T072153, end_date=20260721T072221
[2026-07-21T07:22:22.376+0000] {_client.py:1026} INFO - HTTP Request: GET https://astronomer.gateway.scarf.sh/astronomer-cosmos/v3/task_instance?cosmos_version=1.15.0&airflow_version=2.10.2&python_version=3.10.15&platform_system=Linux&platform_machine=x86_64&status=success&operator_name=DbtRunLocalOperator&is_cosmos_operator_subclass=False&invocation_mode=dbt_runner&execution_mode=local&profile_strategy=yaml_file&profile_mapping_class=None&database=trino&is_mapped_task=False&dbt_command=run&install_deps=True&has_callback=False&duration=27.863376 "HTTP/1.1 200 OK"
[2026-07-21T07:22:22.420+0000] {local_task_job_runner.py:266} INFO - Task exited with return code 0
[2026-07-21T07:22:22.450+0000] {taskinstance.py:3900} INFO - 0 downstream tasks scheduled from follow-on schedule check
[2026-07-21T07:22:22.455+0000] {local_task_job_runner.py:245} INFO - ::endgroup::
