[2026-07-19T04:33:52.864+0000] {local_task_job_runner.py:123} INFO - ::group::Pre task execution logs
[2026-07-19T04:33:52.881+0000] {taskinstance.py:2612} INFO - Dependencies all met for dep_context=non-requeueable deps ti=<TaskInstance: dbt_silver_gold_incremental.transform_silver.stg__consumer_complaints.run manual__2026-07-19T04:32:25.721206+00:00 [queued]>
[2026-07-19T04:33:52.889+0000] {taskinstance.py:2612} INFO - Dependencies all met for dep_context=requeueable deps ti=<TaskInstance: dbt_silver_gold_incremental.transform_silver.stg__consumer_complaints.run manual__2026-07-19T04:32:25.721206+00:00 [queued]>
[2026-07-19T04:33:52.892+0000] {taskinstance.py:2865} INFO - Starting attempt 1 of 2
[2026-07-19T04:33:52.902+0000] {taskinstance.py:2888} INFO - Executing <Task(DbtRunLocalOperator): transform_silver.stg__consumer_complaints.run> on 2026-07-19 04:32:25.721206+00:00
[2026-07-19T04:33:52.907+0000] {standard_task_runner.py:72} INFO - Started process 1032 to run task
[2026-07-19T04:33:52.911+0000] {standard_task_runner.py:104} INFO - Running: ['airflow', 'tasks', 'run', 'dbt_silver_gold_incremental', 'transform_silver.stg__consumer_complaints.run', 'manual__2026-07-19T04:32:25.721206+00:00', '--job-id', '14', '--raw', '--subdir', 'DAGS_FOLDER/dbt_silver_gold.py', '--cfg-path', '/tmp/tmpzxdphgh3']
[2026-07-19T04:33:52.914+0000] {standard_task_runner.py:105} INFO - Job 14: Subtask transform_silver.stg__consumer_complaints.run
[2026-07-19T04:33:52.986+0000] {task_command.py:467} INFO - Running <TaskInstance: dbt_silver_gold_incremental.transform_silver.stg__consumer_complaints.run manual__2026-07-19T04:32:25.721206+00:00 [running]> on host 634783a6dfed
[2026-07-19T04:33:53.057+0000] {taskinstance.py:3131} INFO - Exporting env vars: AIRFLOW_CTX_DAG_OWNER='data_engineer' AIRFLOW_CTX_DAG_ID='dbt_silver_gold_incremental' AIRFLOW_CTX_TASK_ID='transform_silver.stg__consumer_complaints.run' AIRFLOW_CTX_EXECUTION_DATE='2026-07-19T04:32:25.721206+00:00' AIRFLOW_CTX_TRY_NUMBER='1' AIRFLOW_CTX_DAG_RUN_ID='manual__2026-07-19T04:32:25.721206+00:00'
[2026-07-19T04:33:53.060+0000] {taskinstance.py:731} INFO - ::endgroup::
[2026-07-19T04:33:54.134+0000] {local.py:294} INFO - dbtRunner is available. Using dbtRunner for invoking dbt.
[2026-07-19T04:33:54.138+0000] {local.py:518} INFO - Cloning project to writable temp directory /tmp/tmpk1jgfzeg from /opt/airflow/dbt_transform
[2026-07-19T04:33:54.154+0000] {local.py:538} INFO - Partial parse is enabled and the latest partial parse file is /tmp/cosmos/dbt_silver_gold_incremental__transform_silver/target/partial_parse.msgpack
[2026-07-19T04:33:54.166+0000] {config.py:395} INFO - Using user-supplied profiles.yml at /opt/airflow/dbt_transform/profiles.yml
[2026-07-19T04:33:54.178+0000] {runner.py:95} INFO - Trying to run dbtRunner with:
 ['deps', '--project-dir', '/tmp/tmpk1jgfzeg', '--profiles-dir', '/opt/airflow/dbt_transform', '--profile', 'lakehouse_dbt', '--target', 'dev', '--no-static-parser']
 in /tmp/tmpk1jgfzeg
[2026-07-19T04:33:54.252+0000] {logging_mixin.py:190} INFO - 04:33:54  Running with dbt=1.8.8
[2026-07-19T04:33:54.365+0000] {converter.py:314} INFO - ::group::Cosmos DAG parsing logs
[2026-07-19T04:33:54.369+0000] {graph.py:869} INFO - Trying to parse the dbt project using dbt ls cache cosmos_cache__dbt_silver_gold_incremental__transform_silver...
[2026-07-19T04:33:57.466+0000] {cache.py:383} INFO - Cosmos performance: time to calculate cache identifier cosmos_cache__dbt_silver_gold_incremental__transform_silver for current version: 3.0857765289983945
[2026-07-19T04:33:57.468+0000] {graph.py:886} INFO - Cosmos performance [634783a6dfed|1032]: The cache size for cosmos_cache__dbt_silver_gold_incremental__transform_silver is 5960
[2026-07-19T04:33:57.469+0000] {graph.py:898} INFO - Cosmos performance: Cache hit for cosmos_cache__dbt_silver_gold_incremental__transform_silver - ccb89f537d6e9098d854bb64f1ff230b,5e34606eb5f2b3dea81a8e19fa3ba138
[2026-07-19T04:33:57.470+0000] {graph.py:799} INFO - Total nodes: 7
[2026-07-19T04:33:57.472+0000] {graph.py:800} INFO - Total filtered nodes: 7
[2026-07-19T04:33:57.473+0000] {converter.py:361} INFO - Cosmos performance (dbt_silver_gold_incremental__transform_silver) - [634783a6dfed|1032]: It took 3.1s to parse the dbt project for DAG using dbt_ls_cache
[2026-07-19T04:33:57.488+0000] {converter.py:413} INFO - Cosmos performance (dbt_silver_gold_incremental__transform_silver) - [634783a6dfed|1032]: It took 0.0148s to build the Airflow DAG.
[2026-07-19T04:33:57.489+0000] {converter.py:420} INFO - ::endgroup::Cosmos DAG parsing logs
[2026-07-19T04:33:57.491+0000] {converter.py:314} INFO - ::group::Cosmos DAG parsing logs
[2026-07-19T04:33:57.497+0000] {graph.py:869} INFO - Trying to parse the dbt project using dbt ls cache cosmos_cache__dbt_silver_gold_incremental__transform_gold...
[2026-07-19T04:34:00.652+0000] {cache.py:383} INFO - Cosmos performance: time to calculate cache identifier cosmos_cache__dbt_silver_gold_incremental__transform_gold for current version: 3.138809461999699
[2026-07-19T04:34:00.654+0000] {graph.py:886} INFO - Cosmos performance [634783a6dfed|1032]: The cache size for cosmos_cache__dbt_silver_gold_incremental__transform_gold is 35986
[2026-07-19T04:34:00.655+0000] {graph.py:898} INFO - Cosmos performance: Cache hit for cosmos_cache__dbt_silver_gold_incremental__transform_gold - ccb89f537d6e9098d854bb64f1ff230b,304321e940a9403dceb380589bd0566f
[2026-07-19T04:34:00.657+0000] {graph.py:799} INFO - Total nodes: 39
[2026-07-19T04:34:00.658+0000] {graph.py:800} INFO - Total filtered nodes: 39
[2026-07-19T04:34:00.659+0000] {converter.py:361} INFO - Cosmos performance (dbt_silver_gold_incremental__transform_gold) - [634783a6dfed|1032]: It took 3.16s to parse the dbt project for DAG using dbt_ls_cache
[2026-07-19T04:34:00.697+0000] {converter.py:413} INFO - Cosmos performance (dbt_silver_gold_incremental__transform_gold) - [634783a6dfed|1032]: It took 0.0384s to build the Airflow DAG.
[2026-07-19T04:34:00.698+0000] {converter.py:420} INFO - ::endgroup::Cosmos DAG parsing logs
[2026-07-19T04:34:00.700+0000] {converter.py:314} INFO - ::group::Cosmos DAG parsing logs
[2026-07-19T04:34:00.703+0000] {graph.py:869} INFO - Trying to parse the dbt project using dbt ls cache cosmos_cache__dbt_silver_gold_full_load__transform_silver...
[2026-07-19T04:34:03.736+0000] {cache.py:383} INFO - Cosmos performance: time to calculate cache identifier cosmos_cache__dbt_silver_gold_full_load__transform_silver for current version: 3.024693330999071
[2026-07-19T04:34:03.737+0000] {graph.py:886} INFO - Cosmos performance [634783a6dfed|1032]: The cache size for cosmos_cache__dbt_silver_gold_full_load__transform_silver is 5960
[2026-07-19T04:34:03.738+0000] {graph.py:898} INFO - Cosmos performance: Cache hit for cosmos_cache__dbt_silver_gold_full_load__transform_silver - ccb89f537d6e9098d854bb64f1ff230b,5e34606eb5f2b3dea81a8e19fa3ba138
[2026-07-19T04:34:03.740+0000] {graph.py:799} INFO - Total nodes: 7
[2026-07-19T04:34:03.741+0000] {graph.py:800} INFO - Total filtered nodes: 7
[2026-07-19T04:34:03.742+0000] {converter.py:361} INFO - Cosmos performance (dbt_silver_gold_full_load__transform_silver) - [634783a6dfed|1032]: It took 3.04s to parse the dbt project for DAG using dbt_ls_cache
[2026-07-19T04:34:03.753+0000] {converter.py:413} INFO - Cosmos performance (dbt_silver_gold_full_load__transform_silver) - [634783a6dfed|1032]: It took 0.0111s to build the Airflow DAG.
[2026-07-19T04:34:03.754+0000] {converter.py:420} INFO - ::endgroup::Cosmos DAG parsing logs
[2026-07-19T04:34:03.756+0000] {converter.py:314} INFO - ::group::Cosmos DAG parsing logs
[2026-07-19T04:34:03.760+0000] {graph.py:869} INFO - Trying to parse the dbt project using dbt ls cache cosmos_cache__dbt_silver_gold_full_load__transform_gold...
[2026-07-19T04:34:06.836+0000] {cache.py:383} INFO - Cosmos performance: time to calculate cache identifier cosmos_cache__dbt_silver_gold_full_load__transform_gold for current version: 3.0660345169999346
[2026-07-19T04:34:06.837+0000] {graph.py:886} INFO - Cosmos performance [634783a6dfed|1032]: The cache size for cosmos_cache__dbt_silver_gold_full_load__transform_gold is 35986
[2026-07-19T04:34:06.839+0000] {graph.py:898} INFO - Cosmos performance: Cache hit for cosmos_cache__dbt_silver_gold_full_load__transform_gold - ccb89f537d6e9098d854bb64f1ff230b,304321e940a9403dceb380589bd0566f
[2026-07-19T04:34:06.840+0000] {graph.py:799} INFO - Total nodes: 39
[2026-07-19T04:34:06.841+0000] {graph.py:800} INFO - Total filtered nodes: 39
[2026-07-19T04:34:06.842+0000] {converter.py:361} INFO - Cosmos performance (dbt_silver_gold_full_load__transform_gold) - [634783a6dfed|1032]: It took 3.08s to parse the dbt project for DAG using dbt_ls_cache
[2026-07-19T04:34:06.883+0000] {converter.py:413} INFO - Cosmos performance (dbt_silver_gold_full_load__transform_gold) - [634783a6dfed|1032]: It took 0.0413s to build the Airflow DAG.
[2026-07-19T04:34:06.884+0000] {converter.py:420} INFO - ::endgroup::Cosmos DAG parsing logs
[2026-07-19T04:34:07.714+0000] {logging_mixin.py:190} INFO - 04:34:07  Installing dbt-labs/dbt_utils
[2026-07-19T04:34:08.355+0000] {logging_mixin.py:190} INFO - 04:34:08  Installed from version 1.3.0
[2026-07-19T04:34:08.358+0000] {logging_mixin.py:190} INFO - 04:34:08  Updated version available: 1.4.1
[2026-07-19T04:34:08.362+0000] {logging_mixin.py:190} INFO - 04:34:08  Installing metaplane/dbt_expectations
[2026-07-19T04:34:09.324+0000] {logging_mixin.py:190} INFO - 04:34:09  Installed from version 0.10.8
[2026-07-19T04:34:09.326+0000] {logging_mixin.py:190} INFO - 04:34:09  Updated version available: 0.10.10
[2026-07-19T04:34:09.328+0000] {logging_mixin.py:190} INFO - 04:34:09  Installing godatadriven/dbt_date
[2026-07-19T04:34:09.883+0000] {logging_mixin.py:190} INFO - 04:34:09  Installed from version 0.15.0
[2026-07-19T04:34:09.886+0000] {logging_mixin.py:190} INFO - 04:34:09  Up to date!
[2026-07-19T04:34:09.889+0000] {logging_mixin.py:190} INFO - 04:34:09
[2026-07-19T04:34:09.891+0000] {logging_mixin.py:190} INFO - 04:34:09  Updates available for packages: ['dbt-labs/dbt_utils', 'metaplane/dbt_expectations']                 
Update your versions in packages.yml, then run dbt deps
[2026-07-19T04:34:11.845+0000] {runner.py:95} INFO - Trying to run dbtRunner with:
 ['run', '--select', 'fqn:consumer_complaints_transformation.staging.stg__consumer_complaints', '--project-dir', '/tmp/tmpk1jgfzeg', '--profiles-dir', '/opt/airflow/dbt_transform', '--profile', 'lakehouse_dbt', '--target', 'dev', '--no-static-parser']
 in /tmp/tmpk1jgfzeg
[2026-07-19T04:34:11.875+0000] {logging_mixin.py:190} INFO - 04:34:11  Running with dbt=1.8.8
[2026-07-19T04:34:11.904+0000] {auth.py:343} INFO - keyring module not found. OAuth2 token will not be stored in keyring.
[2026-07-19T04:34:11.909+0000] {auth.py:343} INFO - keyring module not found. OAuth2 token will not be stored in keyring.
[2026-07-19T04:34:12.018+0000] {logging_mixin.py:190} INFO - 04:34:12  Registered adapter: trino=1.8.5
[2026-07-19T04:34:12.328+0000] {logging_mixin.py:190} INFO - 04:34:12  Unable to do partial parsing because config vars, config profile, or config target have changed
[2026-07-19T04:34:14.042+0000] {logging_mixin.py:190} INFO - 04:34:14  [WARNING]: Deprecated functionality
The `tests` config has been renamed to `data_tests`. Please see
https://docs.getdbt.com/docs/build/data-tests#new-data_tests-syntax for more
information.
[2026-07-19T04:34:14.791+0000] {logging_mixin.py:190} INFO - 04:34:14  Found 8 models, 40 data tests, 1 source, 9 metrics, 839 macros, 5 semantic models
[2026-07-19T04:34:14.795+0000] {logging_mixin.py:190} INFO - 04:34:14
[2026-07-19T04:34:14.824+0000] {logging_mixin.py:190} INFO - 04:34:14  [WARNING]: SSL certificate validation is disabled by default. It is legacy behavior which will be changed in future releases. It is strongly advised to enable `require_certificate_validation` flag or explicitly set `cert` configuration to `True` for security reasons. You may receive an error after that if your SSL setup is incorrect.
You may opt into the new behavior sooner by setting `flags.require_certificate_validation` to `True` in `dbt_project.yml`.
Visit https://docs.getdbt.com/reference/global-configs/behavior-changes for more information.
[2026-07-19T04:34:15.683+0000] {logging_mixin.py:190} INFO - 04:34:15  Concurrency: 1 threads (target='dev')
[2026-07-19T04:34:15.685+0000] {logging_mixin.py:190} INFO - 04:34:15
[2026-07-19T04:34:15.689+0000] {logging_mixin.py:190} INFO - 04:34:15  1 of 1 START sql incremental model silver.stg__consumer_complaints ............. [RUN]
[2026-07-19T04:34:18.714+0000] {logging_mixin.py:190} INFO - 04:34:18  1 of 1 OK created sql incremental model silver.stg__consumer_complaints ........ [CREATE TABLE (48 rows) in 3.02s]
[2026-07-19T04:34:18.719+0000] {logging_mixin.py:190} INFO - 04:34:18
[2026-07-19T04:34:18.721+0000] {logging_mixin.py:190} INFO - 04:34:18  Finished running 1 incremental model in 0 hours 0 minutes and 3.92 seconds (3.92s).
[2026-07-19T04:34:18.767+0000] {logging_mixin.py:190} INFO - 04:34:18
[2026-07-19T04:34:18.769+0000] {logging_mixin.py:190} INFO - 04:34:18  Completed successfully
[2026-07-19T04:34:18.771+0000] {logging_mixin.py:190} INFO - 04:34:18
[2026-07-19T04:34:18.773+0000] {logging_mixin.py:190} INFO - 04:34:18  Done. PASS=1 WARN=0 ERROR=0 SKIP=0 TOTAL=1
[2026-07-19T04:34:19.960+0000] {local.py:196} WARNING - Artifact schema version: https://schemas.getdbt.com/dbt/manifest/v12.json is above dbt-ol supported version 7. This might cause errors.
[2026-07-19T04:34:19.966+0000] {local.py:594} INFO - Inlets: []
[2026-07-19T04:34:19.967+0000] {local.py:595} INFO - Outlets: []
[2026-07-19T04:34:19.968+0000] {local.py:886} INFO - Assigning inlets/outlets with DatasetAlias in Airflow 2
[2026-07-19T04:34:20.017+0000] {taskinstance.py:340} INFO - ::group::Post task execution logs
[2026-07-19T04:34:20.019+0000] {taskinstance.py:352} INFO - Marking task as SUCCESS. dag_id=dbt_silver_gold_incremental, task_id=transform_silver.stg__consumer_complaints.run, run_id=manual__2026-07-19T04:32:25.721206+00:00, execution_date=20260719T043225, start_date=20260719T043352, end_date=20260719T043420
[2026-07-19T04:34:21.017+0000] {_client.py:1026} INFO - HTTP Request: GET https://astronomer.gateway.scarf.sh/astronomer-cosmos/v3/task_instance?cosmos_version=1.15.0&airflow_version=2.10.2&python_version=3.10.15&platform_system=Linux&platform_machine=x86_64&status=success&operator_name=DbtRunLocalOperator&is_cosmos_operator_subclass=False&invocation_mode=dbt_runner&execution_mode=local&profile_strategy=yaml_file&profile_mapping_class=None&database=trino&is_mapped_task=False&dbt_command=run&install_deps=True&has_callback=False&duration=27.135124 "HTTP/1.1 200 OK"
[2026-07-19T04:34:21.044+0000] {local_task_job_runner.py:266} INFO - Task exited with return code 0
[2026-07-19T04:34:21.079+0000] {taskinstance.py:3900} INFO - 0 downstream tasks scheduled from follow-on schedule check
[2026-07-19T04:34:21.082+0000] {local_task_job_runner.py:245} INFO - ::endgroup::
