[2026-07-02T00:40:44.002+0000] {taskinstance.py:1979} INFO - Dependencies all met for dep_context=non-requeueable deps ti=<TaskInstance: dbt_silver_gold.silver_layer.stg__consumer_complaints.run scheduled__2026-07-01T00:00:00+00:00 [queued]>
[2026-07-02T00:40:44.016+0000] {taskinstance.py:1979} INFO - Dependencies all met for dep_context=requeueable deps ti=<TaskInstance: dbt_silver_gold.silver_layer.stg__consumer_complaints.run scheduled__2026-07-01T00:00:00+00:00 [queued]>
[2026-07-02T00:40:44.017+0000] {taskinstance.py:2193} INFO - Starting attempt 1 of 1
[2026-07-02T00:40:44.033+0000] {taskinstance.py:2214} INFO - Executing <Task(DbtRunLocalOperator): silver_layer.stg__consumer_complaints.run> on 2026-07-01 00:00:00+00:00
[2026-07-02T00:40:44.042+0000] {standard_task_runner.py:60} INFO - Started process 198 to run task
[2026-07-02T00:40:44.047+0000] {standard_task_runner.py:87} INFO - Running: ['airflow', 'tasks', 'run', 'dbt_silver_gold', 'silver_layer.stg__consumer_complaints.run', 'scheduled__2026-07-01T00:00:00+00:00', '--job-id', '24', '--raw', '--subdir', 'DAGS_FOLDER/dbt_silver_gold.py', '--cfg-path', '/tmp/tmpodyw0twk']
[2026-07-02T00:40:44.050+0000] {standard_task_runner.py:88} INFO - Job 24: Subtask silver_layer.stg__consumer_complaints.run
[2026-07-02T00:40:44.180+0000] {task_command.py:423} INFO - Running <TaskInstance: dbt_silver_gold.silver_layer.stg__consumer_complaints.run scheduled__2026-07-01T00:00:00+00:00 [running]> on host 670022016d7d
[2026-07-02T00:40:44.515+0000] {taskinstance.py:2510} INFO - Exporting env vars: AIRFLOW_CTX_DAG_OWNER='airflow' AIRFLOW_CTX_DAG_ID='dbt_silver_gold' AIRFLOW_CTX_TASK_ID='silver_layer.stg__consumer_complaints.run' AIRFLOW_CTX_EXECUTION_DATE='2026-07-01T00:00:00+00:00' AIRFLOW_CTX_TRY_NUMBER='1' AIRFLOW_CTX_DAG_RUN_ID='scheduled__2026-07-01T00:00:00+00:00'
[2026-07-02T00:40:45.522+0000] {local.py:244} INFO - dbtRunner is available. Using dbtRunner for invoking dbt.
[2026-07-02T00:40:45.523+0000] {local.py:464} INFO - Cloning project to writable temp directory /tmp/tmp1llbpz4r from /opt/airflow/dbt_transform
[2026-07-02T00:40:45.532+0000] {local.py:484} INFO - Partial parse is enabled and the latest partial parse file is None
[2026-07-02T00:40:45.533+0000] {config.py:360} INFO - Using user-supplied profiles.yml at /opt/airflow/dbt_transform/profiles.yml
[2026-07-02T00:40:45.548+0000] {runner.py:60} INFO - Trying to run dbtRunner with:
 ['deps', '--project-dir', '/tmp/tmp1llbpz4r', '--profiles-dir', '/opt/airflow/dbt_transform', '--profile', 'lakehouse_dbt', '--target', 'dev', '--no-static-parser']
 in /tmp/tmp1llbpz4r
[2026-07-02T00:40:45.659+0000] {logging_mixin.py:188} INFO - 00:40:45  Running with dbt=1.8.7
[2026-07-02T00:40:45.811+0000] {graph.py:611} INFO - Trying to parse the dbt project using dbt ls cache cosmos_cache__dbt_silver_gold__silver_layer...
[2026-07-02T00:40:49.177+0000] {cache.py:320} INFO - Cosmos performance: time to calculate cache identifier cosmos_cache__dbt_silver_gold__silver_layer for current version: 3.3548564740000018
[2026-07-02T00:40:49.178+0000] {graph.py:628} INFO - Cosmos performance [670022016d7d|198]: The cache size for cosmos_cache__dbt_silver_gold__silver_layer is 2980
[2026-07-02T00:40:49.179+0000] {graph.py:636} INFO - Cosmos performance: Cache hit for cosmos_cache__dbt_silver_gold__silver_layer - d40ab9b21e7645b2c840ea2117dd98d0,5e34606eb5f2b3dea81a8e19fa3ba138
[2026-07-02T00:40:49.179+0000] {graph.py:561} INFO - Total nodes: 4
[2026-07-02T00:40:49.180+0000] {graph.py:562} INFO - Total filtered nodes: 4
[2026-07-02T00:40:49.180+0000] {converter.py:291} INFO - Cosmos performance (dbt_silver_gold__silver_layer) -  [670022016d7d|198]: It took 3.37s to parse the dbt project for DAG using LoadMode.DBT_LS_CACHE
[2026-07-02T00:40:49.192+0000] {converter.py:336} INFO - Cosmos performance (dbt_silver_gold__silver_layer) - [670022016d7d|198]: It took 0.0115s to build the Airflow DAG.
[2026-07-02T00:40:49.195+0000] {graph.py:611} INFO - Trying to parse the dbt project using dbt ls cache cosmos_cache__dbt_silver_gold__gold_layer...
[2026-07-02T00:40:52.569+0000] {cache.py:320} INFO - Cosmos performance: time to calculate cache identifier cosmos_cache__dbt_silver_gold__gold_layer for current version: 3.3656223069999953
[2026-07-02T00:40:52.570+0000] {graph.py:628} INFO - Cosmos performance [670022016d7d|198]: The cache size for cosmos_cache__dbt_silver_gold__gold_layer is 25877
[2026-07-02T00:40:52.572+0000] {graph.py:636} INFO - Cosmos performance: Cache hit for cosmos_cache__dbt_silver_gold__gold_layer - d40ab9b21e7645b2c840ea2117dd98d0,ac7630a6d06fb5316f29a961e174643b
[2026-07-02T00:40:52.573+0000] {graph.py:561} INFO - Total nodes: 30
[2026-07-02T00:40:52.573+0000] {graph.py:562} INFO - Total filtered nodes: 30
[2026-07-02T00:40:52.574+0000] {converter.py:291} INFO - Cosmos performance (dbt_silver_gold__gold_layer) -  [670022016d7d|198]: It took 3.38s to parse the dbt project for DAG using LoadMode.DBT_LS_CACHE
[2026-07-02T00:40:52.629+0000] {converter.py:336} INFO - Cosmos performance (dbt_silver_gold__gold_layer) - [670022016d7d|198]: It took 0.0552s to build the Airflow DAG.
[2026-07-02T00:40:53.193+0000] {logging_mixin.py:188} INFO - 00:40:53  Installing dbt-labs/dbt_utils
[2026-07-02T00:40:53.813+0000] {logging_mixin.py:188} INFO - 00:40:53  Installed from version 1.3.0
[2026-07-02T00:40:53.814+0000] {logging_mixin.py:188} INFO - 00:40:53  Updated version available: 1.4.1
[2026-07-02T00:40:53.816+0000] {logging_mixin.py:188} INFO - 00:40:53  Installing metaplane/dbt_expectations
[2026-07-02T00:40:54.910+0000] {logging_mixin.py:188} INFO - 00:40:54  Installed from version 0.10.8
[2026-07-02T00:40:54.911+0000] {logging_mixin.py:188} INFO - 00:40:54  Updated version available: 0.10.10
[2026-07-02T00:40:54.912+0000] {logging_mixin.py:188} INFO - 00:40:54  Installing godatadriven/dbt_date
[2026-07-02T00:40:55.486+0000] {logging_mixin.py:188} INFO - 00:40:55  Installed from version 0.15.0
[2026-07-02T00:40:55.487+0000] {logging_mixin.py:188} INFO - 00:40:55  Up to date!
[2026-07-02T00:40:55.489+0000] {logging_mixin.py:188} INFO - 00:40:55
[2026-07-02T00:40:55.490+0000] {logging_mixin.py:188} INFO - 00:40:55  Updates available for packages: ['dbt-labs/dbt_utils', 'metaplane/dbt_expectations']                 
Update your versions in packages.yml, then run dbt deps
[2026-07-02T00:40:56.564+0000] {runner.py:60} INFO - Trying to run dbtRunner with:
 ['run', '--models', 'stg__consumer_complaints', '--project-dir', '/tmp/tmp1llbpz4r', '--profiles-dir', '/opt/airflow/dbt_transform', '--profile', 'lakehouse_dbt', '--target', 'dev', '--no-static-parser']
 in /tmp/tmp1llbpz4r
[2026-07-02T00:40:56.590+0000] {logging_mixin.py:188} INFO - 00:40:56  Running with dbt=1.8.7
[2026-07-02T00:40:56.625+0000] {auth.py:343} INFO - keyring module not found. OAuth2 token will not be stored in keyring.
[2026-07-02T00:40:56.631+0000] {auth.py:343} INFO - keyring module not found. OAuth2 token will not be stored in keyring.
[2026-07-02T00:40:56.773+0000] {logging_mixin.py:188} INFO - 00:40:56  Registered adapter: trino=1.8.5
[2026-07-02T00:40:57.053+0000] {logging_mixin.py:188} INFO - 00:40:57  Unable to do partial parsing because saved manifest not found. Starting full parse.
[2026-07-02T00:40:59.205+0000] {logging_mixin.py:188} INFO - 00:40:59  [WARNING]: Deprecated functionality
The `tests` config has been renamed to `data_tests`. Please see
https://docs.getdbt.com/docs/build/data-tests#new-data_tests-syntax for more
information.
[2026-07-02T00:40:59.696+0000] {logging_mixin.py:188} INFO - 00:40:59  Found 7 models, 26 data tests, 1 source, 838 macros
[2026-07-02T00:40:59.698+0000] {logging_mixin.py:188} INFO - 00:40:59
[2026-07-02T00:40:59.749+0000] {logging_mixin.py:188} INFO - 00:40:59  [WARNING]: SSL certificate validation is disabled by default. It is legacy behavior which will be changed in future releases. It is strongly advised to enable `require_certificate_validation` flag or explicitly set `cert` configuration to `True` for security reasons. You may receive an error after that if your SSL setup is incorrect.
You may opt into the new behavior sooner by setting `flags.require_certificate_validation` to `True` in `dbt_project.yml`.
Visit https://docs.getdbt.com/reference/global-configs/behavior-changes for more information.
[2026-07-02T00:41:04.056+0000] {logging_mixin.py:188} INFO - 00:41:04  Concurrency: 4 threads (target='dev')
[2026-07-02T00:41:04.057+0000] {logging_mixin.py:188} INFO - 00:41:04
[2026-07-02T00:41:04.064+0000] {logging_mixin.py:188} INFO - 00:41:04  1 of 1 START sql table model silver.stg__consumer_complaints ................... [RUN]
[2026-07-02T00:41:12.908+0000] {logging_mixin.py:188} INFO - 00:41:12  1 of 1 OK created sql table model silver.stg__consumer_complaints .............. [CREATE TABLE (77_183 rows) in 8.84s]
[2026-07-02T00:41:12.915+0000] {logging_mixin.py:188} INFO - 00:41:12
[2026-07-02T00:41:12.917+0000] {logging_mixin.py:188} INFO - 00:41:12  Finished running 1 table model in 0 hours 0 minutes and 13.22 seconds (13.22s).
[2026-07-02T00:41:12.969+0000] {logging_mixin.py:188} INFO - 00:41:12
[2026-07-02T00:41:12.970+0000] {logging_mixin.py:188} INFO - 00:41:12  Completed successfully
[2026-07-02T00:41:12.971+0000] {logging_mixin.py:188} INFO - 00:41:12
[2026-07-02T00:41:12.973+0000] {logging_mixin.py:188} INFO - 00:41:12  Done. PASS=1 WARN=0 ERROR=0 SKIP=0 TOTAL=1
[2026-07-02T00:41:14.103+0000] {local.py:138} WARNING - Artifact schema version: https://schemas.getdbt.com/dbt/manifest/v12.json is above dbt-ol supported version 7. This might cause errors.
[2026-07-02T00:41:14.107+0000] {local.py:138} WARNING - Artifact schema version: https://schemas.getdbt.com/dbt/run-results/v6.json is above dbt-ol supported version 5. This might cause errors.
[2026-07-02T00:41:14.115+0000] {local.py:538} INFO - Inlets: []
[2026-07-02T00:41:14.116+0000] {local.py:539} INFO - Outlets: []
[2026-07-02T00:41:14.117+0000] {local.py:761} INFO - Assigning inlets/outlets without DatasetAlias
[2026-07-02T00:41:14.117+0000] {dag.py:3047} INFO - Sync 1 DAGs
[2026-07-02T00:41:14.208+0000] {taskinstance.py:1149} INFO - Marking task as SUCCESS. dag_id=dbt_silver_gold, task_id=silver_layer.stg__consumer_complaints.run, execution_date=20260701T000000, start_date=20260702T004044, end_date=20260702T004114
[2026-07-02T00:41:14.276+0000] {local_task_job_runner.py:234} INFO - Task exited with return code 0
[2026-07-02T00:41:14.505+0000] {taskinstance.py:3309} INFO - 1 downstream tasks scheduled from follow-on schedule check
[2026-07-02T03:09:42.336+0000] {taskinstance.py:1979} INFO - Dependencies all met for dep_context=non-requeueable deps ti=<TaskInstance: dbt_silver_gold.silver_layer.stg__consumer_complaints.run scheduled__2026-07-01T00:00:00+00:00 [queued]>
[2026-07-02T03:09:42.349+0000] {taskinstance.py:1979} INFO - Dependencies all met for dep_context=requeueable deps ti=<TaskInstance: dbt_silver_gold.silver_layer.stg__consumer_complaints.run scheduled__2026-07-01T00:00:00+00:00 [queued]>
[2026-07-02T03:09:42.350+0000] {taskinstance.py:2193} INFO - Starting attempt 1 of 1
[2026-07-02T03:09:42.368+0000] {taskinstance.py:2214} INFO - Executing <Task(DbtRunLocalOperator): silver_layer.stg__consumer_complaints.run> on 2026-07-01 00:00:00+00:00
[2026-07-02T03:09:42.374+0000] {standard_task_runner.py:60} INFO - Started process 422 to run task
[2026-07-02T03:09:42.376+0000] {standard_task_runner.py:87} INFO - Running: ['airflow', 'tasks', 'run', 'dbt_silver_gold', 'silver_layer.stg__consumer_complaints.run', 'scheduled__2026-07-01T00:00:00+00:00', '--job-id', '8', '--raw', '--subdir', 'DAGS_FOLDER/dbt_silver_gold.py', '--cfg-path', '/tmp/tmp7ybyexg9']
[2026-07-02T03:09:42.379+0000] {standard_task_runner.py:88} INFO - Job 8: Subtask silver_layer.stg__consumer_complaints.run
[2026-07-02T03:09:42.491+0000] {task_command.py:423} INFO - Running <TaskInstance: dbt_silver_gold.silver_layer.stg__consumer_complaints.run scheduled__2026-07-01T00:00:00+00:00 [running]> on host de0130cc60b3
[2026-07-02T03:09:42.770+0000] {taskinstance.py:2510} INFO - Exporting env vars: AIRFLOW_CTX_DAG_OWNER='airflow' AIRFLOW_CTX_DAG_ID='dbt_silver_gold' AIRFLOW_CTX_TASK_ID='silver_layer.stg__consumer_complaints.run' AIRFLOW_CTX_EXECUTION_DATE='2026-07-01T00:00:00+00:00' AIRFLOW_CTX_TRY_NUMBER='1' AIRFLOW_CTX_DAG_RUN_ID='scheduled__2026-07-01T00:00:00+00:00'
[2026-07-02T03:09:43.621+0000] {local.py:244} INFO - dbtRunner is available. Using dbtRunner for invoking dbt.
[2026-07-02T03:09:43.631+0000] {local.py:464} INFO - Cloning project to writable temp directory /tmp/tmp5eg45ca8 from /opt/airflow/dbt_transform
[2026-07-02T03:09:43.652+0000] {local.py:484} INFO - Partial parse is enabled and the latest partial parse file is /tmp/cosmos/dbt_silver_gold__silver_layer/target/partial_parse.msgpack
[2026-07-02T03:09:43.689+0000] {config.py:360} INFO - Using user-supplied profiles.yml at /opt/airflow/dbt_transform/profiles.yml
[2026-07-02T03:09:43.705+0000] {runner.py:60} INFO - Trying to run dbtRunner with:
 ['deps', '--project-dir', '/tmp/tmp5eg45ca8', '--profiles-dir', '/opt/airflow/dbt_transform', '--profile', 'lakehouse_dbt', '--target', 'dev', '--no-static-parser']
 in /tmp/tmp5eg45ca8
[2026-07-02T03:09:43.789+0000] {logging_mixin.py:188} INFO - 03:09:43  Running with dbt=1.8.7
[2026-07-02T03:09:43.932+0000] {graph.py:611} INFO - Trying to parse the dbt project using dbt ls cache cosmos_cache__dbt_silver_gold__silver_layer...
[2026-07-02T03:09:47.393+0000] {cache.py:320} INFO - Cosmos performance: time to calculate cache identifier cosmos_cache__dbt_silver_gold__silver_layer for current version: 3.4470949009992182
[2026-07-02T03:09:47.395+0000] {graph.py:628} INFO - Cosmos performance [de0130cc60b3|422]: The cache size for cosmos_cache__dbt_silver_gold__silver_layer is 2980
[2026-07-02T03:09:47.396+0000] {graph.py:636} INFO - Cosmos performance: Cache hit for cosmos_cache__dbt_silver_gold__silver_layer - 2100e30e0fd641107626a3d2c6606995,5e34606eb5f2b3dea81a8e19fa3ba138
[2026-07-02T03:09:47.396+0000] {graph.py:561} INFO - Total nodes: 4
[2026-07-02T03:09:47.397+0000] {graph.py:562} INFO - Total filtered nodes: 4
[2026-07-02T03:09:47.398+0000] {converter.py:291} INFO - Cosmos performance (dbt_silver_gold__silver_layer) -  [de0130cc60b3|422]: It took 3.47s to parse the dbt project for DAG using LoadMode.DBT_LS_CACHE
[2026-07-02T03:09:47.414+0000] {converter.py:336} INFO - Cosmos performance (dbt_silver_gold__silver_layer) - [de0130cc60b3|422]: It took 0.016s to build the Airflow DAG.
[2026-07-02T03:09:47.420+0000] {graph.py:611} INFO - Trying to parse the dbt project using dbt ls cache cosmos_cache__dbt_silver_gold__gold_layer...
[2026-07-02T03:09:50.493+0000] {cache.py:320} INFO - Cosmos performance: time to calculate cache identifier cosmos_cache__dbt_silver_gold__gold_layer for current version: 3.0604703829994833
[2026-07-02T03:09:50.494+0000] {graph.py:628} INFO - Cosmos performance [de0130cc60b3|422]: The cache size for cosmos_cache__dbt_silver_gold__gold_layer is 28926
[2026-07-02T03:09:50.496+0000] {graph.py:636} INFO - Cosmos performance: Cache hit for cosmos_cache__dbt_silver_gold__gold_layer - 2100e30e0fd641107626a3d2c6606995,c3a79eb2a33bd9f2182805b663a126a1
[2026-07-02T03:09:50.497+0000] {graph.py:561} INFO - Total nodes: 35
[2026-07-02T03:09:50.497+0000] {graph.py:562} INFO - Total filtered nodes: 35
[2026-07-02T03:09:50.498+0000] {converter.py:291} INFO - Cosmos performance (dbt_silver_gold__gold_layer) -  [de0130cc60b3|422]: It took 3.08s to parse the dbt project for DAG using LoadMode.DBT_LS_CACHE
[2026-07-02T03:09:50.503+0000] {graph.py:332} WARNING - Unavailable conversion function for <DbtResourceType.METRIC> (node <metric.consumer_complaints_transformation.avg_response_time_days>). Define a converter function using render_config.node_converters.
[2026-07-02T03:09:50.503+0000] {graph.py:332} WARNING - Unavailable conversion function for <DbtResourceType.METRIC> (node <metric.consumer_complaints_transformation.total_complaints>). Define a converter function using render_config.node_converters.
[2026-07-02T03:09:50.550+0000] {graph.py:332} WARNING - Unavailable conversion function for <DbtResourceType.SEMANTIC_MODEL> (node <semantic_model.consumer_complaints_transformation.complaints>). Define a converter function using render_config.node_converters.
[2026-07-02T03:09:50.551+0000] {converter.py:336} INFO - Cosmos performance (dbt_silver_gold__gold_layer) - [de0130cc60b3|422]: It took 0.0532s to build the Airflow DAG.
[2026-07-02T03:09:51.589+0000] {logging_mixin.py:188} INFO - 03:09:51  Installing dbt-labs/dbt_utils
[2026-07-02T03:09:52.377+0000] {logging_mixin.py:188} INFO - 03:09:52  Installed from version 1.3.0
[2026-07-02T03:09:52.377+0000] {logging_mixin.py:188} INFO - 03:09:52  Updated version available: 1.4.1
[2026-07-02T03:09:52.379+0000] {logging_mixin.py:188} INFO - 03:09:52  Installing metaplane/dbt_expectations
[2026-07-02T03:09:53.396+0000] {logging_mixin.py:188} INFO - 03:09:53  Installed from version 0.10.8
[2026-07-02T03:09:53.397+0000] {logging_mixin.py:188} INFO - 03:09:53  Updated version available: 0.10.10
[2026-07-02T03:09:53.398+0000] {logging_mixin.py:188} INFO - 03:09:53  Installing godatadriven/dbt_date
[2026-07-02T03:09:53.953+0000] {logging_mixin.py:188} INFO - 03:09:53  Installed from version 0.15.0
[2026-07-02T03:09:53.954+0000] {logging_mixin.py:188} INFO - 03:09:53  Up to date!
[2026-07-02T03:09:53.956+0000] {logging_mixin.py:188} INFO - 03:09:53
[2026-07-02T03:09:53.958+0000] {logging_mixin.py:188} INFO - 03:09:53  Updates available for packages: ['dbt-labs/dbt_utils', 'metaplane/dbt_expectations']                 
Update your versions in packages.yml, then run dbt deps
[2026-07-02T03:09:55.708+0000] {runner.py:60} INFO - Trying to run dbtRunner with:
 ['run', '--models', 'stg__consumer_complaints', '--project-dir', '/tmp/tmp5eg45ca8', '--profiles-dir', '/opt/airflow/dbt_transform', '--profile', 'lakehouse_dbt', '--target', 'dev', '--no-static-parser']
 in /tmp/tmp5eg45ca8
[2026-07-02T03:09:55.733+0000] {logging_mixin.py:188} INFO - 03:09:55  Running with dbt=1.8.7
[2026-07-02T03:09:55.765+0000] {auth.py:343} INFO - keyring module not found. OAuth2 token will not be stored in keyring.
[2026-07-02T03:09:55.769+0000] {auth.py:343} INFO - keyring module not found. OAuth2 token will not be stored in keyring.
[2026-07-02T03:09:55.896+0000] {logging_mixin.py:188} INFO - 03:09:55  Registered adapter: trino=1.8.5
[2026-07-02T03:09:57.155+0000] {logging_mixin.py:188} INFO - 03:09:57  Found 9 models, 26 data tests, 1 source, 2 metrics, 838 macros, 1 semantic model
[2026-07-02T03:09:57.157+0000] {logging_mixin.py:188} INFO - 03:09:57
[2026-07-02T03:09:57.194+0000] {logging_mixin.py:188} INFO - 03:09:57  [WARNING]: SSL certificate validation is disabled by default. It is legacy behavior which will be changed in future releases. It is strongly advised to enable `require_certificate_validation` flag or explicitly set `cert` configuration to `True` for security reasons. You may receive an error after that if your SSL setup is incorrect.
You may opt into the new behavior sooner by setting `flags.require_certificate_validation` to `True` in `dbt_project.yml`.
Visit https://docs.getdbt.com/reference/global-configs/behavior-changes for more information.
[2026-07-02T03:09:58.400+0000] {logging_mixin.py:188} INFO - 03:09:58  Concurrency: 4 threads (target='dev')
[2026-07-02T03:09:58.403+0000] {logging_mixin.py:188} INFO - 03:09:58
[2026-07-02T03:09:58.415+0000] {logging_mixin.py:188} INFO - 03:09:58  1 of 1 START sql table model silver.stg__consumer_complaints ................... [RUN]
[2026-07-02T03:10:01.764+0000] {logging_mixin.py:188} INFO - 03:10:01  1 of 1 OK created sql table model silver.stg__consumer_complaints .............. [CREATE TABLE (77_183 rows) in 3.35s]
[2026-07-02T03:10:01.769+0000] {logging_mixin.py:188} INFO - 03:10:01
[2026-07-02T03:10:01.770+0000] {logging_mixin.py:188} INFO - 03:10:01  Finished running 1 table model in 0 hours 0 minutes and 4.61 seconds (4.61s).
[2026-07-02T03:10:01.815+0000] {logging_mixin.py:188} INFO - 03:10:01
[2026-07-02T03:10:01.816+0000] {logging_mixin.py:188} INFO - 03:10:01  Completed successfully
[2026-07-02T03:10:01.817+0000] {logging_mixin.py:188} INFO - 03:10:01
[2026-07-02T03:10:01.818+0000] {logging_mixin.py:188} INFO - 03:10:01  Done. PASS=1 WARN=0 ERROR=0 SKIP=0 TOTAL=1
[2026-07-02T03:10:02.940+0000] {local.py:138} WARNING - Artifact schema version: https://schemas.getdbt.com/dbt/manifest/v12.json is above dbt-ol supported version 7. This might cause errors.
[2026-07-02T03:10:02.941+0000] {local.py:138} WARNING - Artifact schema version: https://schemas.getdbt.com/dbt/run-results/v6.json is above dbt-ol supported version 5. This might cause errors.
[2026-07-02T03:10:02.946+0000] {local.py:538} INFO - Inlets: []
[2026-07-02T03:10:02.946+0000] {local.py:539} INFO - Outlets: []
[2026-07-02T03:10:02.946+0000] {local.py:761} INFO - Assigning inlets/outlets without DatasetAlias
[2026-07-02T03:10:02.947+0000] {dag.py:3047} INFO - Sync 1 DAGs
[2026-07-02T03:10:03.022+0000] {taskinstance.py:1149} INFO - Marking task as SUCCESS. dag_id=dbt_silver_gold, task_id=silver_layer.stg__consumer_complaints.run, execution_date=20260701T000000, start_date=20260702T030942, end_date=20260702T031003
[2026-07-02T03:10:03.061+0000] {local_task_job_runner.py:234} INFO - Task exited with return code 0
[2026-07-02T03:10:03.322+0000] {taskinstance.py:3309} INFO - 1 downstream tasks scheduled from follow-on schedule check
[2026-07-02T09:27:19.215+0000] {taskinstance.py:1979} INFO - Dependencies all met for dep_context=non-requeueable deps ti=<TaskInstance: dbt_silver_gold.silver_layer.stg__consumer_complaints.run scheduled__2026-07-01T00:00:00+00:00 [queued]>
[2026-07-02T09:27:19.224+0000] {taskinstance.py:1979} INFO - Dependencies all met for dep_context=requeueable deps ti=<TaskInstance: dbt_silver_gold.silver_layer.stg__consumer_complaints.run scheduled__2026-07-01T00:00:00+00:00 [queued]>
[2026-07-02T09:27:19.225+0000] {taskinstance.py:2193} INFO - Starting attempt 1 of 1
[2026-07-02T09:27:19.237+0000] {taskinstance.py:2214} INFO - Executing <Task(DbtRunLocalOperator): silver_layer.stg__consumer_complaints.run> on 2026-07-01 00:00:00+00:00
[2026-07-02T09:27:19.242+0000] {standard_task_runner.py:60} INFO - Started process 315 to run task
[2026-07-02T09:27:19.245+0000] {standard_task_runner.py:87} INFO - Running: ['airflow', 'tasks', 'run', 'dbt_silver_gold', 'silver_layer.stg__consumer_complaints.run', 'scheduled__2026-07-01T00:00:00+00:00', '--job-id', '8', '--raw', '--subdir', 'DAGS_FOLDER/dbt_silver_gold.py', '--cfg-path', '/tmp/tmp0c3ie2i4']
[2026-07-02T09:27:19.248+0000] {standard_task_runner.py:88} INFO - Job 8: Subtask silver_layer.stg__consumer_complaints.run
[2026-07-02T09:27:19.349+0000] {task_command.py:423} INFO - Running <TaskInstance: dbt_silver_gold.silver_layer.stg__consumer_complaints.run scheduled__2026-07-01T00:00:00+00:00 [running]> on host d66718608651
[2026-07-02T09:27:19.596+0000] {taskinstance.py:2510} INFO - Exporting env vars: AIRFLOW_CTX_DAG_OWNER='airflow' AIRFLOW_CTX_DAG_ID='dbt_silver_gold' AIRFLOW_CTX_TASK_ID='silver_layer.stg__consumer_complaints.run' AIRFLOW_CTX_EXECUTION_DATE='2026-07-01T00:00:00+00:00' AIRFLOW_CTX_TRY_NUMBER='1' AIRFLOW_CTX_DAG_RUN_ID='scheduled__2026-07-01T00:00:00+00:00'
[2026-07-02T09:27:20.379+0000] {local.py:244} INFO - dbtRunner is available. Using dbtRunner for invoking dbt.
[2026-07-02T09:27:20.381+0000] {local.py:464} INFO - Cloning project to writable temp directory /tmp/tmp7yaonxoq from /opt/airflow/dbt_transform
[2026-07-02T09:27:20.391+0000] {local.py:484} INFO - Partial parse is enabled and the latest partial parse file is /tmp/cosmos/dbt_silver_gold__silver_layer/target/partial_parse.msgpack
[2026-07-02T09:27:20.435+0000] {config.py:360} INFO - Using user-supplied profiles.yml at /opt/airflow/dbt_transform/profiles.yml
[2026-07-02T09:27:20.449+0000] {runner.py:60} INFO - Trying to run dbtRunner with:
 ['deps', '--project-dir', '/tmp/tmp7yaonxoq', '--profiles-dir', '/opt/airflow/dbt_transform', '--profile', 'lakehouse_dbt', '--target', 'dev', '--no-static-parser']
 in /tmp/tmp7yaonxoq
[2026-07-02T09:27:20.521+0000] {logging_mixin.py:188} INFO - 09:27:20  Running with dbt=1.8.7
[2026-07-02T09:27:20.650+0000] {graph.py:611} INFO - Trying to parse the dbt project using dbt ls cache cosmos_cache__dbt_silver_gold__silver_layer...
[2026-07-02T09:27:23.291+0000] {cache.py:320} INFO - Cosmos performance: time to calculate cache identifier cosmos_cache__dbt_silver_gold__silver_layer for current version: 2.626019029999952
[2026-07-02T09:27:23.292+0000] {graph.py:628} INFO - Cosmos performance [d66718608651|315]: The cache size for cosmos_cache__dbt_silver_gold__silver_layer is 2980
[2026-07-02T09:27:23.293+0000] {graph.py:636} INFO - Cosmos performance: Cache hit for cosmos_cache__dbt_silver_gold__silver_layer - ac833fed299a03a6109c9771254c5023,5e34606eb5f2b3dea81a8e19fa3ba138
[2026-07-02T09:27:23.293+0000] {graph.py:561} INFO - Total nodes: 4
[2026-07-02T09:27:23.294+0000] {graph.py:562} INFO - Total filtered nodes: 4
[2026-07-02T09:27:23.294+0000] {converter.py:291} INFO - Cosmos performance (dbt_silver_gold__silver_layer) -  [d66718608651|315]: It took 2.64s to parse the dbt project for DAG using LoadMode.DBT_LS_CACHE
[2026-07-02T09:27:23.304+0000] {converter.py:336} INFO - Cosmos performance (dbt_silver_gold__silver_layer) - [d66718608651|315]: It took 0.00967s to build the Airflow DAG.
[2026-07-02T09:27:23.307+0000] {graph.py:611} INFO - Trying to parse the dbt project using dbt ls cache cosmos_cache__dbt_silver_gold__gold_layer...
[2026-07-02T09:27:25.885+0000] {cache.py:320} INFO - Cosmos performance: time to calculate cache identifier cosmos_cache__dbt_silver_gold__gold_layer for current version: 2.569895638000162
[2026-07-02T09:27:25.886+0000] {graph.py:628} INFO - Cosmos performance [d66718608651|315]: The cache size for cosmos_cache__dbt_silver_gold__gold_layer is 28926
[2026-07-02T09:27:25.887+0000] {graph.py:636} INFO - Cosmos performance: Cache hit for cosmos_cache__dbt_silver_gold__gold_layer - ac833fed299a03a6109c9771254c5023,c3a79eb2a33bd9f2182805b663a126a1
[2026-07-02T09:27:25.887+0000] {graph.py:561} INFO - Total nodes: 35
[2026-07-02T09:27:25.888+0000] {graph.py:562} INFO - Total filtered nodes: 35
[2026-07-02T09:27:25.888+0000] {converter.py:291} INFO - Cosmos performance (dbt_silver_gold__gold_layer) -  [d66718608651|315]: It took 2.58s to parse the dbt project for DAG using LoadMode.DBT_LS_CACHE
[2026-07-02T09:27:25.891+0000] {graph.py:332} WARNING - Unavailable conversion function for <DbtResourceType.METRIC> (node <metric.consumer_complaints_transformation.avg_response_time_days>). Define a converter function using render_config.node_converters.
[2026-07-02T09:27:25.891+0000] {graph.py:332} WARNING - Unavailable conversion function for <DbtResourceType.METRIC> (node <metric.consumer_complaints_transformation.total_complaints>). Define a converter function using render_config.node_converters.
[2026-07-02T09:27:25.921+0000] {graph.py:332} WARNING - Unavailable conversion function for <DbtResourceType.SEMANTIC_MODEL> (node <semantic_model.consumer_complaints_transformation.complaints>). Define a converter function using render_config.node_converters.
[2026-07-02T09:27:25.922+0000] {converter.py:336} INFO - Cosmos performance (dbt_silver_gold__gold_layer) - [d66718608651|315]: It took 0.0339s to build the Airflow DAG.
[2026-07-02T09:27:26.964+0000] {logging_mixin.py:188} INFO - 09:27:26  Installing dbt-labs/dbt_utils
[2026-07-02T09:27:28.530+0000] {logging_mixin.py:188} INFO - 09:27:28  Installed from version 1.3.0
[2026-07-02T09:27:28.531+0000] {logging_mixin.py:188} INFO - 09:27:28  Updated version available: 1.4.1
[2026-07-02T09:27:28.534+0000] {logging_mixin.py:188} INFO - 09:27:28  Installing metaplane/dbt_expectations
[2026-07-02T09:27:29.626+0000] {logging_mixin.py:188} INFO - 09:27:29  Installed from version 0.10.8
[2026-07-02T09:27:29.627+0000] {logging_mixin.py:188} INFO - 09:27:29  Updated version available: 0.10.10
[2026-07-02T09:27:29.628+0000] {logging_mixin.py:188} INFO - 09:27:29  Installing godatadriven/dbt_date
[2026-07-02T09:27:31.002+0000] {logging_mixin.py:188} INFO - 09:27:31  Installed from version 0.15.0
[2026-07-02T09:27:31.003+0000] {logging_mixin.py:188} INFO - 09:27:31  Up to date!
[2026-07-02T09:27:31.005+0000] {logging_mixin.py:188} INFO - 09:27:31
[2026-07-02T09:27:31.005+0000] {logging_mixin.py:188} INFO - 09:27:31  Updates available for packages: ['dbt-labs/dbt_utils', 'metaplane/dbt_expectations']                 
Update your versions in packages.yml, then run dbt deps
[2026-07-02T09:27:32.224+0000] {runner.py:60} INFO - Trying to run dbtRunner with:
 ['run', '--models', 'stg__consumer_complaints', '--project-dir', '/tmp/tmp7yaonxoq', '--profiles-dir', '/opt/airflow/dbt_transform', '--profile', 'lakehouse_dbt', '--target', 'dev', '--no-static-parser']
 in /tmp/tmp7yaonxoq
[2026-07-02T09:27:32.249+0000] {logging_mixin.py:188} INFO - 09:27:32  Running with dbt=1.8.7
[2026-07-02T09:27:32.283+0000] {auth.py:343} INFO - keyring module not found. OAuth2 token will not be stored in keyring.
[2026-07-02T09:27:32.287+0000] {auth.py:343} INFO - keyring module not found. OAuth2 token will not be stored in keyring.
[2026-07-02T09:27:32.385+0000] {logging_mixin.py:188} INFO - 09:27:32  Registered adapter: trino=1.8.5
[2026-07-02T09:27:33.503+0000] {logging_mixin.py:188} INFO - 09:27:33  Found 9 models, 26 data tests, 1 source, 2 metrics, 838 macros, 1 semantic model
[2026-07-02T09:27:33.506+0000] {logging_mixin.py:188} INFO - 09:27:33
[2026-07-02T09:27:33.575+0000] {logging_mixin.py:188} INFO - 09:27:33  [WARNING]: SSL certificate validation is disabled by default. It is legacy behavior which will be changed in future releases. It is strongly advised to enable `require_certificate_validation` flag or explicitly set `cert` configuration to `True` for security reasons. You may receive an error after that if your SSL setup is incorrect.
You may opt into the new behavior sooner by setting `flags.require_certificate_validation` to `True` in `dbt_project.yml`.
Visit https://docs.getdbt.com/reference/global-configs/behavior-changes for more information.
[2026-07-02T09:27:34.180+0000] {logging_mixin.py:188} INFO - 09:27:34  Concurrency: 4 threads (target='dev')
[2026-07-02T09:27:34.182+0000] {logging_mixin.py:188} INFO - 09:27:34
[2026-07-02T09:27:34.188+0000] {logging_mixin.py:188} INFO - 09:27:34  1 of 1 START sql table model silver.stg__consumer_complaints ................... [RUN]
[2026-07-02T09:27:37.487+0000] {logging_mixin.py:188} INFO - 09:27:37  1 of 1 OK created sql table model silver.stg__consumer_complaints .............. [CREATE TABLE (77_183 rows) in 3.29s]
[2026-07-02T09:27:37.493+0000] {logging_mixin.py:188} INFO - 09:27:37
[2026-07-02T09:27:37.494+0000] {logging_mixin.py:188} INFO - 09:27:37  Finished running 1 table model in 0 hours 0 minutes and 3.99 seconds (3.99s).
[2026-07-02T09:27:37.542+0000] {logging_mixin.py:188} INFO - 09:27:37
[2026-07-02T09:27:37.543+0000] {logging_mixin.py:188} INFO - 09:27:37  Completed successfully
[2026-07-02T09:27:37.544+0000] {logging_mixin.py:188} INFO - 09:27:37
[2026-07-02T09:27:37.544+0000] {logging_mixin.py:188} INFO - 09:27:37  Done. PASS=1 WARN=0 ERROR=0 SKIP=0 TOTAL=1
[2026-07-02T09:27:38.683+0000] {local.py:138} WARNING - Artifact schema version: https://schemas.getdbt.com/dbt/manifest/v12.json is above dbt-ol supported version 7. This might cause errors.
[2026-07-02T09:27:38.685+0000] {local.py:138} WARNING - Artifact schema version: https://schemas.getdbt.com/dbt/run-results/v6.json is above dbt-ol supported version 5. This might cause errors.
[2026-07-02T09:27:38.692+0000] {local.py:538} INFO - Inlets: []
[2026-07-02T09:27:38.693+0000] {local.py:539} INFO - Outlets: []
[2026-07-02T09:27:38.693+0000] {local.py:761} INFO - Assigning inlets/outlets without DatasetAlias
[2026-07-02T09:27:38.694+0000] {dag.py:3047} INFO - Sync 1 DAGs
[2026-07-02T09:27:38.779+0000] {taskinstance.py:1149} INFO - Marking task as SUCCESS. dag_id=dbt_silver_gold, task_id=silver_layer.stg__consumer_complaints.run, execution_date=20260701T000000, start_date=20260702T092719, end_date=20260702T092738
[2026-07-02T09:27:38.837+0000] {local_task_job_runner.py:234} INFO - Task exited with return code 0
[2026-07-02T09:27:39.255+0000] {taskinstance.py:3309} INFO - 1 downstream tasks scheduled from follow-on schedule check
