[2026-07-21T07:21:53.717+0000] {local_task_job_runner.py:123} INFO - ::group::Pre task execution logs
[2026-07-21T07:21:53.746+0000] {taskinstance.py:2612} INFO - Dependencies all met for dep_context=non-requeueable deps ti=<TaskInstance: dbt_silver_gold_incremental.transform_gold.dim_companies.run manual__2026-07-21T07:20:33.780689+00:00 [queued]>
[2026-07-21T07:21:53.758+0000] {taskinstance.py:2612} INFO - Dependencies all met for dep_context=requeueable deps ti=<TaskInstance: dbt_silver_gold_incremental.transform_gold.dim_companies.run manual__2026-07-21T07:20:33.780689+00:00 [queued]>
[2026-07-21T07:21:53.764+0000] {taskinstance.py:2865} INFO - Starting attempt 1 of 2
[2026-07-21T07:21:53.785+0000] {taskinstance.py:2888} INFO - Executing <Task(DbtRunLocalOperator): transform_gold.dim_companies.run> on 2026-07-21 07:20:33.780689+00:00
[2026-07-21T07:21:53.791+0000] {standard_task_runner.py:72} INFO - Started process 1443 to run task
[2026-07-21T07:21:53.797+0000] {standard_task_runner.py:104} INFO - Running: ['airflow', 'tasks', 'run', 'dbt_silver_gold_incremental', 'transform_gold.dim_companies.run', 'manual__2026-07-21T07:20:33.780689+00:00', '--job-id', '16', '--raw', '--subdir', 'DAGS_FOLDER/dbt_silver_gold.py', '--cfg-path', '/tmp/tmpmn89ltf2']
[2026-07-21T07:21:53.801+0000] {standard_task_runner.py:105} INFO - Job 16: Subtask transform_gold.dim_companies.run
[2026-07-21T07:21:53.956+0000] {task_command.py:467} INFO - Running <TaskInstance: dbt_silver_gold_incremental.transform_gold.dim_companies.run manual__2026-07-21T07:20:33.780689+00:00 [running]> on host d9d01f23f376
[2026-07-21T07:21:54.093+0000] {taskinstance.py:3131} INFO - Exporting env vars: AIRFLOW_CTX_DAG_OWNER='data_engineer' AIRFLOW_CTX_DAG_ID='dbt_silver_gold_incremental' AIRFLOW_CTX_TASK_ID='transform_gold.dim_companies.run' AIRFLOW_CTX_EXECUTION_DATE='2026-07-21T07:20:33.780689+00:00' AIRFLOW_CTX_TRY_NUMBER='1' AIRFLOW_CTX_DAG_RUN_ID='manual__2026-07-21T07:20:33.780689+00:00'
[2026-07-21T07:21:54.096+0000] {taskinstance.py:731} INFO - ::endgroup::
[2026-07-21T07:21:56.073+0000] {local.py:294} INFO - dbtRunner is available. Using dbtRunner for invoking dbt.
[2026-07-21T07:21:56.076+0000] {local.py:518} INFO - Cloning project to writable temp directory /tmp/tmpejar_qjl from /opt/airflow/dbt_transform
[2026-07-21T07:21:56.089+0000] {local.py:538} INFO - Partial parse is enabled and the latest partial parse file is /tmp/cosmos/dbt_silver_gold_incremental__transform_gold/target/partial_parse.msgpack
[2026-07-21T07:21:56.118+0000] {config.py:395} INFO - Using user-supplied profiles.yml at /opt/airflow/dbt_transform/profiles.yml
[2026-07-21T07:21:56.131+0000] {runner.py:95} INFO - Trying to run dbtRunner with:
 ['deps', '--project-dir', '/tmp/tmpejar_qjl', '--profiles-dir', '/opt/airflow/dbt_transform', '--profile', 'lakehouse_dbt', '--target', 'dev', '--no-static-parser']
 in /tmp/tmpejar_qjl
[2026-07-21T07:21:56.231+0000] {logging_mixin.py:190} INFO - 07:21:56  Running with dbt=1.8.8
[2026-07-21T07:21:56.395+0000] {converter.py:314} INFO - ::group::Cosmos DAG parsing logs
[2026-07-21T07:21:56.399+0000] {graph.py:869} INFO - Trying to parse the dbt project using dbt ls cache cosmos_cache__dbt_silver_gold_incremental__transform_silver...
[2026-07-21T07:21:58.485+0000] {cache.py:383} INFO - Cosmos performance: time to calculate cache identifier cosmos_cache__dbt_silver_gold_incremental__transform_silver for current version: 2.0661363689999916
[2026-07-21T07:21:58.487+0000] {graph.py:886} INFO - Cosmos performance [d9d01f23f376|1443]: The cache size for cosmos_cache__dbt_silver_gold_incremental__transform_silver is 5960
[2026-07-21T07:21:58.489+0000] {graph.py:898} INFO - Cosmos performance: Cache hit for cosmos_cache__dbt_silver_gold_incremental__transform_silver - f377e61777bf202310a50d13ccbc512d,5e34606eb5f2b3dea81a8e19fa3ba138
[2026-07-21T07:21:58.491+0000] {graph.py:799} INFO - Total nodes: 7
[2026-07-21T07:21:58.493+0000] {graph.py:800} INFO - Total filtered nodes: 7
[2026-07-21T07:21:58.496+0000] {converter.py:361} INFO - Cosmos performance (dbt_silver_gold_incremental__transform_silver) - [d9d01f23f376|1443]: It took 2.1s to parse the dbt project for DAG using dbt_ls_cache
[2026-07-21T07:21:58.509+0000] {converter.py:413} INFO - Cosmos performance (dbt_silver_gold_incremental__transform_silver) - [d9d01f23f376|1443]: It took 0.0129s to build the Airflow DAG.
[2026-07-21T07:21:58.510+0000] {converter.py:420} INFO - ::endgroup::Cosmos DAG parsing logs
[2026-07-21T07:21:58.513+0000] {converter.py:314} INFO - ::group::Cosmos DAG parsing logs
[2026-07-21T07:21:58.517+0000] {graph.py:869} INFO - Trying to parse the dbt project using dbt ls cache cosmos_cache__dbt_silver_gold_incremental__transform_gold...
[2026-07-21T07:22:00.654+0000] {cache.py:383} INFO - Cosmos performance: time to calculate cache identifier cosmos_cache__dbt_silver_gold_incremental__transform_gold for current version: 2.123454167000034
[2026-07-21T07:22:00.656+0000] {graph.py:886} INFO - Cosmos performance [d9d01f23f376|1443]: The cache size for cosmos_cache__dbt_silver_gold_incremental__transform_gold is 35946
[2026-07-21T07:22:00.659+0000] {graph.py:898} INFO - Cosmos performance: Cache hit for cosmos_cache__dbt_silver_gold_incremental__transform_gold - f377e61777bf202310a50d13ccbc512d,304321e940a9403dceb380589bd0566f
[2026-07-21T07:22:00.664+0000] {graph.py:799} INFO - Total nodes: 39
[2026-07-21T07:22:00.666+0000] {graph.py:800} INFO - Total filtered nodes: 39
[2026-07-21T07:22:00.668+0000] {converter.py:361} INFO - Cosmos performance (dbt_silver_gold_incremental__transform_gold) - [d9d01f23f376|1443]: It took 2.15s to parse the dbt project for DAG using dbt_ls_cache
[2026-07-21T07:22:00.703+0000] {converter.py:413} INFO - Cosmos performance (dbt_silver_gold_incremental__transform_gold) - [d9d01f23f376|1443]: It took 0.0354s to build the Airflow DAG.
[2026-07-21T07:22:00.704+0000] {converter.py:420} INFO - ::endgroup::Cosmos DAG parsing logs
[2026-07-21T07:22:00.707+0000] {converter.py:314} INFO - ::group::Cosmos DAG parsing logs
[2026-07-21T07:22:00.711+0000] {graph.py:869} INFO - Trying to parse the dbt project using dbt ls cache cosmos_cache__dbt_silver_gold_full_load__transform_silver...
[2026-07-21T07:22:02.788+0000] {cache.py:383} INFO - Cosmos performance: time to calculate cache identifier cosmos_cache__dbt_silver_gold_full_load__transform_silver for current version: 2.064709973000049
[2026-07-21T07:22:02.790+0000] {graph.py:886} INFO - Cosmos performance [d9d01f23f376|1443]: The cache size for cosmos_cache__dbt_silver_gold_full_load__transform_silver is 5960
[2026-07-21T07:22:02.792+0000] {graph.py:898} INFO - Cosmos performance: Cache hit for cosmos_cache__dbt_silver_gold_full_load__transform_silver - f377e61777bf202310a50d13ccbc512d,5e34606eb5f2b3dea81a8e19fa3ba138
[2026-07-21T07:22:02.794+0000] {graph.py:799} INFO - Total nodes: 7
[2026-07-21T07:22:02.795+0000] {graph.py:800} INFO - Total filtered nodes: 7
[2026-07-21T07:22:02.797+0000] {converter.py:361} INFO - Cosmos performance (dbt_silver_gold_full_load__transform_silver) - [d9d01f23f376|1443]: It took 2.09s to parse the dbt project for DAG using dbt_ls_cache
[2026-07-21T07:22:02.807+0000] {converter.py:413} INFO - Cosmos performance (dbt_silver_gold_full_load__transform_silver) - [d9d01f23f376|1443]: It took 0.00968s to build the Airflow DAG.
[2026-07-21T07:22:02.809+0000] {converter.py:420} INFO - ::endgroup::Cosmos DAG parsing logs
[2026-07-21T07:22:02.811+0000] {converter.py:314} INFO - ::group::Cosmos DAG parsing logs
[2026-07-21T07:22:02.815+0000] {graph.py:869} INFO - Trying to parse the dbt project using dbt ls cache cosmos_cache__dbt_silver_gold_full_load__transform_gold...
[2026-07-21T07:22:04.981+0000] {cache.py:383} INFO - Cosmos performance: time to calculate cache identifier cosmos_cache__dbt_silver_gold_full_load__transform_gold for current version: 2.152887991
[2026-07-21T07:22:04.983+0000] {graph.py:886} INFO - Cosmos performance [d9d01f23f376|1443]: The cache size for cosmos_cache__dbt_silver_gold_full_load__transform_gold is 35946
[2026-07-21T07:22:04.986+0000] {graph.py:898} INFO - Cosmos performance: Cache hit for cosmos_cache__dbt_silver_gold_full_load__transform_gold - f377e61777bf202310a50d13ccbc512d,304321e940a9403dceb380589bd0566f
[2026-07-21T07:22:04.988+0000] {graph.py:799} INFO - Total nodes: 39
[2026-07-21T07:22:04.990+0000] {graph.py:800} INFO - Total filtered nodes: 39
[2026-07-21T07:22:04.992+0000] {converter.py:361} INFO - Cosmos performance (dbt_silver_gold_full_load__transform_gold) - [d9d01f23f376|1443]: It took 2.18s to parse the dbt project for DAG using dbt_ls_cache
[2026-07-21T07:22:05.030+0000] {converter.py:413} INFO - Cosmos performance (dbt_silver_gold_full_load__transform_gold) - [d9d01f23f376|1443]: It took 0.0377s to build the Airflow DAG.
[2026-07-21T07:22:05.031+0000] {converter.py:420} INFO - ::endgroup::Cosmos DAG parsing logs
[2026-07-21T07:22:05.634+0000] {logging_mixin.py:190} INFO - 07:22:05  Installing dbt-labs/dbt_utils
[2026-07-21T07:22:06.185+0000] {logging_mixin.py:190} INFO - 07:22:06  Installed from version 1.3.0
[2026-07-21T07:22:06.186+0000] {logging_mixin.py:190} INFO - 07:22:06  Updated version available: 1.4.1
[2026-07-21T07:22:06.189+0000] {logging_mixin.py:190} INFO - 07:22:06  Installing metaplane/dbt_expectations
[2026-07-21T07:22:08.594+0000] {logging_mixin.py:190} INFO - 07:22:08  Installed from version 0.10.8
[2026-07-21T07:22:08.596+0000] {logging_mixin.py:190} INFO - 07:22:08  Updated version available: 0.10.10
[2026-07-21T07:22:08.599+0000] {logging_mixin.py:190} INFO - 07:22:08  Installing godatadriven/dbt_date
[2026-07-21T07:22:09.084+0000] {logging_mixin.py:190} INFO - 07:22:09  Installed from version 0.15.0
[2026-07-21T07:22:09.086+0000] {logging_mixin.py:190} INFO - 07:22:09  Up to date!
[2026-07-21T07:22:09.088+0000] {logging_mixin.py:190} INFO - 07:22:09
[2026-07-21T07:22:09.091+0000] {logging_mixin.py:190} INFO - 07:22:09  Updates available for packages: ['dbt-labs/dbt_utils', 'metaplane/dbt_expectations']                 
Update your versions in packages.yml, then run dbt deps
[2026-07-21T07:22:10.235+0000] {runner.py:95} INFO - Trying to run dbtRunner with:
 ['run', '--select', 'fqn:consumer_complaints_transformation.marts.dim_companies', '--project-dir', '/tmp/tmpejar_qjl', '--profiles-dir', '/opt/airflow/dbt_transform', '--profile', 'lakehouse_dbt', '--target', 'dev', '--no-static-parser']
 in /tmp/tmpejar_qjl
[2026-07-21T07:22:10.268+0000] {logging_mixin.py:190} INFO - 07:22:10  Running with dbt=1.8.8
[2026-07-21T07:22:10.325+0000] {auth.py:343} INFO - keyring module not found. OAuth2 token will not be stored in keyring.
[2026-07-21T07:22:10.332+0000] {auth.py:343} INFO - keyring module not found. OAuth2 token will not be stored in keyring.
[2026-07-21T07:22:10.507+0000] {logging_mixin.py:190} INFO - 07:22:10  Registered adapter: trino=1.8.5
[2026-07-21T07:22:11.183+0000] {logging_mixin.py:190} INFO - 07:22:11  Unable to do partial parsing because config vars, config profile, or config target have changed
[2026-07-21T07:22:14.794+0000] {logging_mixin.py:190} INFO - 07:22:14  [WARNING]: Deprecated functionality
The `tests` config has been renamed to `data_tests`. Please see
https://docs.getdbt.com/docs/build/data-tests#new-data_tests-syntax for more
information.
[2026-07-21T07:22:17.220+0000] {logging_mixin.py:190} INFO - 07:22:17  Found 8 models, 40 data tests, 1 source, 9 metrics, 839 macros, 5 semantic models
[2026-07-21T07:22:17.229+0000] {logging_mixin.py:190} INFO - 07:22:17
[2026-07-21T07:22:17.301+0000] {logging_mixin.py:190} INFO - 07:22:17  [WARNING]: SSL certificate validation is disabled by default. It is legacy behavior which will be changed in future releases. It is strongly advised to enable `require_certificate_validation` flag or explicitly set `cert` configuration to `True` for security reasons. You may receive an error after that if your SSL setup is incorrect.
You may opt into the new behavior sooner by setting `flags.require_certificate_validation` to `True` in `dbt_project.yml`.
Visit https://docs.getdbt.com/reference/global-configs/behavior-changes for more information.
[2026-07-21T07:22:18.327+0000] {logging_mixin.py:190} INFO - 07:22:18  Concurrency: 1 threads (target='dev')
[2026-07-21T07:22:18.337+0000] {logging_mixin.py:190} INFO - 07:22:18
[2026-07-21T07:22:18.385+0000] {logging_mixin.py:190} INFO - 07:22:18  1 of 1 START sql incremental model silver.dim_companies ........................ [RUN]
[2026-07-21T07:22:19.882+0000] {logging_mixin.py:190} INFO - 07:22:19  1 of 1 OK created sql incremental model silver.dim_companies ................... [CREATE TABLE (3 rows) in 1.48s]
[2026-07-21T07:22:19.889+0000] {logging_mixin.py:190} INFO - 07:22:19
[2026-07-21T07:22:19.892+0000] {logging_mixin.py:190} INFO - 07:22:19  Finished running 1 incremental model in 0 hours 0 minutes and 2.65 seconds (2.65s).
[2026-07-21T07:22:19.968+0000] {logging_mixin.py:190} INFO - 07:22:19
[2026-07-21T07:22:19.972+0000] {logging_mixin.py:190} INFO - 07:22:19  Completed successfully
[2026-07-21T07:22:19.976+0000] {logging_mixin.py:190} INFO - 07:22:19
[2026-07-21T07:22:19.979+0000] {logging_mixin.py:190} INFO - 07:22:19  Done. PASS=1 WARN=0 ERROR=0 SKIP=0 TOTAL=1
[2026-07-21T07:22:21.131+0000] {local.py:196} WARNING - Artifact schema version: https://schemas.getdbt.com/dbt/manifest/v12.json is above dbt-ol supported version 7. This might cause errors.
[2026-07-21T07:22:21.139+0000] {local.py:594} INFO - Inlets: []
[2026-07-21T07:22:21.140+0000] {local.py:595} INFO - Outlets: []
[2026-07-21T07:22:21.142+0000] {local.py:886} INFO - Assigning inlets/outlets with DatasetAlias in Airflow 2
[2026-07-21T07:22:21.204+0000] {taskinstance.py:340} INFO - ::group::Post task execution logs
[2026-07-21T07:22:21.206+0000] {taskinstance.py:352} INFO - Marking task as SUCCESS. dag_id=dbt_silver_gold_incremental, task_id=transform_gold.dim_companies.run, run_id=manual__2026-07-21T07:20:33.780689+00:00, execution_date=20260721T072033, start_date=20260721T072153, end_date=20260721T072221
[2026-07-21T07:22:21.980+0000] {_client.py:1026} INFO - HTTP Request: GET https://astronomer.gateway.scarf.sh/astronomer-cosmos/v3/task_instance?cosmos_version=1.15.0&airflow_version=2.10.2&python_version=3.10.15&platform_system=Linux&platform_machine=x86_64&status=success&operator_name=DbtRunLocalOperator&is_cosmos_operator_subclass=False&invocation_mode=dbt_runner&execution_mode=local&profile_strategy=yaml_file&profile_mapping_class=None&database=trino&is_mapped_task=False&dbt_command=run&install_deps=True&has_callback=False&duration=27.458663 "HTTP/1.1 200 OK"
[2026-07-21T07:22:22.013+0000] {local_task_job_runner.py:266} INFO - Task exited with return code 0
[2026-07-21T07:22:22.040+0000] {taskinstance.py:3900} INFO - 0 downstream tasks scheduled from follow-on schedule check
[2026-07-21T07:22:22.043+0000] {local_task_job_runner.py:245} INFO - ::endgroup::
