[2026-07-22T04:20:22.122+0000] {local_task_job_runner.py:123} INFO - ::group::Pre task execution logs
[2026-07-22T04:20:22.148+0000] {taskinstance.py:2612} INFO - Dependencies all met for dep_context=non-requeueable deps ti=<TaskInstance: dbt_silver_gold_incremental.transform_gold.fct_complaints.run manual__2026-07-22T04:18:58.712602+00:00 [queued]>
[2026-07-22T04:20:22.161+0000] {taskinstance.py:2612} INFO - Dependencies all met for dep_context=requeueable deps ti=<TaskInstance: dbt_silver_gold_incremental.transform_gold.fct_complaints.run manual__2026-07-22T04:18:58.712602+00:00 [queued]>
[2026-07-22T04:20:22.163+0000] {taskinstance.py:2865} INFO - Starting attempt 1 of 2
[2026-07-22T04:20:22.179+0000] {taskinstance.py:2888} INFO - Executing <Task(DbtRunLocalOperator): transform_gold.fct_complaints.run> on 2026-07-22 04:18:58.712602+00:00
[2026-07-22T04:20:22.191+0000] {standard_task_runner.py:72} INFO - Started process 2020 to run task
[2026-07-22T04:20:22.203+0000] {standard_task_runner.py:104} INFO - Running: ['airflow', 'tasks', 'run', 'dbt_silver_gold_incremental', 'transform_gold.fct_complaints.run', 'manual__2026-07-22T04:18:58.712602+00:00', '--job-id', '18', '--raw', '--subdir', 'DAGS_FOLDER/dbt_silver_gold.py', '--cfg-path', '/tmp/tmpv9nazzaz']
[2026-07-22T04:20:22.209+0000] {standard_task_runner.py:105} INFO - Job 18: Subtask transform_gold.fct_complaints.run
[2026-07-22T04:20:22.325+0000] {task_command.py:467} INFO - Running <TaskInstance: dbt_silver_gold_incremental.transform_gold.fct_complaints.run manual__2026-07-22T04:18:58.712602+00:00 [running]> on host 46567f661dca
[2026-07-22T04:20:22.451+0000] {taskinstance.py:3131} INFO - Exporting env vars: AIRFLOW_CTX_DAG_OWNER='data_engineer' AIRFLOW_CTX_DAG_ID='dbt_silver_gold_incremental' AIRFLOW_CTX_TASK_ID='transform_gold.fct_complaints.run' AIRFLOW_CTX_EXECUTION_DATE='2026-07-22T04:18:58.712602+00:00' AIRFLOW_CTX_TRY_NUMBER='1' AIRFLOW_CTX_DAG_RUN_ID='manual__2026-07-22T04:18:58.712602+00:00'
[2026-07-22T04:20:22.454+0000] {taskinstance.py:731} INFO - ::endgroup::
[2026-07-22T04:20:24.112+0000] {local.py:294} INFO - dbtRunner is available. Using dbtRunner for invoking dbt.
[2026-07-22T04:20:24.114+0000] {local.py:518} INFO - Cloning project to writable temp directory /tmp/tmpz3tlw4dw from /opt/airflow/dbt_transform
[2026-07-22T04:20:24.124+0000] {local.py:538} INFO - Partial parse is enabled and the latest partial parse file is /tmp/cosmos/dbt_silver_gold_incremental__transform_gold/target/partial_parse.msgpack
[2026-07-22T04:20:24.144+0000] {config.py:395} INFO - Using user-supplied profiles.yml at /opt/airflow/dbt_transform/profiles.yml
[2026-07-22T04:20:24.160+0000] {runner.py:95} INFO - Trying to run dbtRunner with:
 ['deps', '--project-dir', '/tmp/tmpz3tlw4dw', '--profiles-dir', '/opt/airflow/dbt_transform', '--profile', 'lakehouse_dbt', '--target', 'dev', '--no-static-parser']
 in /tmp/tmpz3tlw4dw
[2026-07-22T04:20:24.265+0000] {logging_mixin.py:190} INFO - 04:20:24  Running with dbt=1.8.8
[2026-07-22T04:20:24.403+0000] {converter.py:314} INFO - ::group::Cosmos DAG parsing logs
[2026-07-22T04:20:24.407+0000] {graph.py:869} INFO - Trying to parse the dbt project using dbt ls cache cosmos_cache__dbt_silver_gold_incremental__transform_silver...
[2026-07-22T04:20:27.550+0000] {cache.py:383} INFO - Cosmos performance: time to calculate cache identifier cosmos_cache__dbt_silver_gold_incremental__transform_silver for current version: 3.125645660998998
[2026-07-22T04:20:27.552+0000] {graph.py:886} INFO - Cosmos performance [46567f661dca|2020]: The cache size for cosmos_cache__dbt_silver_gold_incremental__transform_silver is 6043
[2026-07-22T04:20:27.554+0000] {graph.py:898} INFO - Cosmos performance: Cache hit for cosmos_cache__dbt_silver_gold_incremental__transform_silver - c63b3a06e444715bb84e33ac1427edac,5e34606eb5f2b3dea81a8e19fa3ba138
[2026-07-22T04:20:27.556+0000] {graph.py:799} INFO - Total nodes: 7
[2026-07-22T04:20:27.558+0000] {graph.py:800} INFO - Total filtered nodes: 7
[2026-07-22T04:20:27.560+0000] {converter.py:361} INFO - Cosmos performance (dbt_silver_gold_incremental__transform_silver) - [46567f661dca|2020]: It took 3.15s to parse the dbt project for DAG using dbt_ls_cache
[2026-07-22T04:20:27.576+0000] {converter.py:413} INFO - Cosmos performance (dbt_silver_gold_incremental__transform_silver) - [46567f661dca|2020]: It took 0.0163s to build the Airflow DAG.
[2026-07-22T04:20:27.578+0000] {converter.py:420} INFO - ::endgroup::Cosmos DAG parsing logs
[2026-07-22T04:20:27.580+0000] {converter.py:314} INFO - ::group::Cosmos DAG parsing logs
[2026-07-22T04:20:27.585+0000] {graph.py:869} INFO - Trying to parse the dbt project using dbt ls cache cosmos_cache__dbt_silver_gold_incremental__transform_gold...
[2026-07-22T04:20:31.359+0000] {cache.py:383} INFO - Cosmos performance: time to calculate cache identifier cosmos_cache__dbt_silver_gold_incremental__transform_gold for current version: 3.762601826001628
[2026-07-22T04:20:31.361+0000] {graph.py:886} INFO - Cosmos performance [46567f661dca|2020]: The cache size for cosmos_cache__dbt_silver_gold_incremental__transform_gold is 35912
[2026-07-22T04:20:31.363+0000] {graph.py:898} INFO - Cosmos performance: Cache hit for cosmos_cache__dbt_silver_gold_incremental__transform_gold - c63b3a06e444715bb84e33ac1427edac,304321e940a9403dceb380589bd0566f
[2026-07-22T04:20:31.364+0000] {graph.py:799} INFO - Total nodes: 39
[2026-07-22T04:20:31.366+0000] {graph.py:800} INFO - Total filtered nodes: 39
[2026-07-22T04:20:31.367+0000] {converter.py:361} INFO - Cosmos performance (dbt_silver_gold_incremental__transform_gold) - [46567f661dca|2020]: It took 3.78s to parse the dbt project for DAG using dbt_ls_cache
[2026-07-22T04:20:31.420+0000] {converter.py:413} INFO - Cosmos performance (dbt_silver_gold_incremental__transform_gold) - [46567f661dca|2020]: It took 0.0522s to build the Airflow DAG.
[2026-07-22T04:20:31.421+0000] {converter.py:420} INFO - ::endgroup::Cosmos DAG parsing logs
[2026-07-22T04:20:31.423+0000] {converter.py:314} INFO - ::group::Cosmos DAG parsing logs
[2026-07-22T04:20:31.426+0000] {graph.py:869} INFO - Trying to parse the dbt project using dbt ls cache cosmos_cache__dbt_silver_gold_full_load__transform_silver...
[2026-07-22T04:20:34.159+0000] {cache.py:383} INFO - Cosmos performance: time to calculate cache identifier cosmos_cache__dbt_silver_gold_full_load__transform_silver for current version: 2.720557258999179
[2026-07-22T04:20:34.161+0000] {graph.py:886} INFO - Cosmos performance [46567f661dca|2020]: The cache size for cosmos_cache__dbt_silver_gold_full_load__transform_silver is 6043
[2026-07-22T04:20:34.164+0000] {graph.py:898} INFO - Cosmos performance: Cache hit for cosmos_cache__dbt_silver_gold_full_load__transform_silver - c63b3a06e444715bb84e33ac1427edac,5e34606eb5f2b3dea81a8e19fa3ba138
[2026-07-22T04:20:34.167+0000] {graph.py:799} INFO - Total nodes: 7
[2026-07-22T04:20:34.169+0000] {graph.py:800} INFO - Total filtered nodes: 7
[2026-07-22T04:20:34.171+0000] {converter.py:361} INFO - Cosmos performance (dbt_silver_gold_full_load__transform_silver) - [46567f661dca|2020]: It took 2.75s to parse the dbt project for DAG using dbt_ls_cache
[2026-07-22T04:20:34.189+0000] {converter.py:413} INFO - Cosmos performance (dbt_silver_gold_full_load__transform_silver) - [46567f661dca|2020]: It took 0.0173s to build the Airflow DAG.
[2026-07-22T04:20:34.191+0000] {converter.py:420} INFO - ::endgroup::Cosmos DAG parsing logs
[2026-07-22T04:20:34.193+0000] {converter.py:314} INFO - ::group::Cosmos DAG parsing logs
[2026-07-22T04:20:34.197+0000] {graph.py:869} INFO - Trying to parse the dbt project using dbt ls cache cosmos_cache__dbt_silver_gold_full_load__transform_gold...
[2026-07-22T04:20:36.294+0000] {cache.py:383} INFO - Cosmos performance: time to calculate cache identifier cosmos_cache__dbt_silver_gold_full_load__transform_gold for current version: 2.0814412759991683
[2026-07-22T04:20:36.295+0000] {graph.py:886} INFO - Cosmos performance [46567f661dca|2020]: The cache size for cosmos_cache__dbt_silver_gold_full_load__transform_gold is 35912
[2026-07-22T04:20:36.299+0000] {graph.py:898} INFO - Cosmos performance: Cache hit for cosmos_cache__dbt_silver_gold_full_load__transform_gold - c63b3a06e444715bb84e33ac1427edac,304321e940a9403dceb380589bd0566f
[2026-07-22T04:20:36.300+0000] {graph.py:799} INFO - Total nodes: 39
[2026-07-22T04:20:36.301+0000] {graph.py:800} INFO - Total filtered nodes: 39
[2026-07-22T04:20:36.302+0000] {converter.py:361} INFO - Cosmos performance (dbt_silver_gold_full_load__transform_gold) - [46567f661dca|2020]: It took 2.11s to parse the dbt project for DAG using dbt_ls_cache
[2026-07-22T04:20:36.329+0000] {converter.py:413} INFO - Cosmos performance (dbt_silver_gold_full_load__transform_gold) - [46567f661dca|2020]: It took 0.0263s to build the Airflow DAG.
[2026-07-22T04:20:36.330+0000] {converter.py:420} INFO - ::endgroup::Cosmos DAG parsing logs
[2026-07-22T04:20:36.742+0000] {logging_mixin.py:190} INFO - 04:20:36  Installing dbt-labs/dbt_utils
[2026-07-22T04:20:37.291+0000] {logging_mixin.py:190} INFO - 04:20:37  Installed from version 1.3.0
[2026-07-22T04:20:37.294+0000] {logging_mixin.py:190} INFO - 04:20:37  Updated version available: 1.4.1
[2026-07-22T04:20:37.296+0000] {logging_mixin.py:190} INFO - 04:20:37  Installing metaplane/dbt_expectations
[2026-07-22T04:20:38.408+0000] {logging_mixin.py:190} INFO - 04:20:38  Installed from version 0.10.8
[2026-07-22T04:20:38.410+0000] {logging_mixin.py:190} INFO - 04:20:38  Updated version available: 0.10.10
[2026-07-22T04:20:38.417+0000] {logging_mixin.py:190} INFO - 04:20:38  Installing godatadriven/dbt_date
[2026-07-22T04:20:39.022+0000] {logging_mixin.py:190} INFO - 04:20:39  Installed from version 0.15.0
[2026-07-22T04:20:39.025+0000] {logging_mixin.py:190} INFO - 04:20:39  Up to date!
[2026-07-22T04:20:39.027+0000] {logging_mixin.py:190} INFO - 04:20:39
[2026-07-22T04:20:39.030+0000] {logging_mixin.py:190} INFO - 04:20:39  Updates available for packages: ['dbt-labs/dbt_utils', 'metaplane/dbt_expectations']                 
Update your versions in packages.yml, then run dbt deps
[2026-07-22T04:20:40.218+0000] {runner.py:95} INFO - Trying to run dbtRunner with:
 ['run', '--select', 'fqn:consumer_complaints_transformation.marts.fct_complaints', '--project-dir', '/tmp/tmpz3tlw4dw', '--profiles-dir', '/opt/airflow/dbt_transform', '--profile', 'lakehouse_dbt', '--target', 'dev', '--no-static-parser']
 in /tmp/tmpz3tlw4dw
[2026-07-22T04:20:40.252+0000] {logging_mixin.py:190} INFO - 04:20:40  Running with dbt=1.8.8
[2026-07-22T04:20:40.301+0000] {auth.py:343} INFO - keyring module not found. OAuth2 token will not be stored in keyring.
[2026-07-22T04:20:40.307+0000] {auth.py:343} INFO - keyring module not found. OAuth2 token will not be stored in keyring.
[2026-07-22T04:20:40.493+0000] {logging_mixin.py:190} INFO - 04:20:40  Registered adapter: trino=1.8.5
[2026-07-22T04:20:41.153+0000] {logging_mixin.py:190} INFO - 04:20:41  Unable to do partial parsing because config vars, config profile, or config target have changed
[2026-07-22T04:20:44.222+0000] {logging_mixin.py:190} INFO - 04:20:44  [WARNING]: Deprecated functionality
The `tests` config has been renamed to `data_tests`. Please see
https://docs.getdbt.com/docs/build/data-tests#new-data_tests-syntax for more
information.
[2026-07-22T04:20:45.838+0000] {logging_mixin.py:190} INFO - 04:20:45  Found 8 models, 40 data tests, 1 source, 9 metrics, 839 macros, 5 semantic models
[2026-07-22T04:20:45.845+0000] {logging_mixin.py:190} INFO - 04:20:45
[2026-07-22T04:20:45.902+0000] {logging_mixin.py:190} INFO - 04:20:45  [WARNING]: SSL certificate validation is disabled by default. It is legacy behavior which will be changed in future releases. It is strongly advised to enable `require_certificate_validation` flag or explicitly set `cert` configuration to `True` for security reasons. You may receive an error after that if your SSL setup is incorrect.
You may opt into the new behavior sooner by setting `flags.require_certificate_validation` to `True` in `dbt_project.yml`.
Visit https://docs.getdbt.com/reference/global-configs/behavior-changes for more information.
[2026-07-22T04:20:47.542+0000] {logging_mixin.py:190} INFO - 04:20:47  Concurrency: 1 threads (target='dev')
[2026-07-22T04:20:47.548+0000] {logging_mixin.py:190} INFO - 04:20:47
[2026-07-22T04:20:47.581+0000] {logging_mixin.py:190} INFO - 04:20:47  1 of 1 START sql incremental model gold.fct_complaints ......................... [RUN]
[2026-07-22T04:20:50.709+0000] {logging_mixin.py:190} INFO - 04:20:50  1 of 1 OK created sql incremental model gold.fct_complaints .................... [CREATE TABLE (31 rows) in 3.11s]
[2026-07-22T04:20:50.723+0000] {logging_mixin.py:190} INFO - 04:20:50
[2026-07-22T04:20:50.726+0000] {logging_mixin.py:190} INFO - 04:20:50  Finished running 1 incremental model in 0 hours 0 minutes and 4.87 seconds (4.87s).
[2026-07-22T04:20:50.824+0000] {logging_mixin.py:190} INFO - 04:20:50
[2026-07-22T04:20:50.832+0000] {logging_mixin.py:190} INFO - 04:20:50  Completed successfully
[2026-07-22T04:20:50.836+0000] {logging_mixin.py:190} INFO - 04:20:50
[2026-07-22T04:20:50.842+0000] {logging_mixin.py:190} INFO - 04:20:50  Done. PASS=1 WARN=0 ERROR=0 SKIP=0 TOTAL=1
[2026-07-22T04:20:52.032+0000] {local.py:196} WARNING - Artifact schema version: https://schemas.getdbt.com/dbt/manifest/v12.json is above dbt-ol supported version 7. This might cause errors.
[2026-07-22T04:20:52.040+0000] {local.py:594} INFO - Inlets: []
[2026-07-22T04:20:52.041+0000] {local.py:595} INFO - Outlets: []
[2026-07-22T04:20:52.043+0000] {local.py:886} INFO - Assigning inlets/outlets with DatasetAlias in Airflow 2
[2026-07-22T04:20:52.100+0000] {taskinstance.py:340} INFO - ::group::Post task execution logs
[2026-07-22T04:20:52.102+0000] {taskinstance.py:352} INFO - Marking task as SUCCESS. dag_id=dbt_silver_gold_incremental, task_id=transform_gold.fct_complaints.run, run_id=manual__2026-07-22T04:18:58.712602+00:00, execution_date=20260722T041858, start_date=20260722T042022, end_date=20260722T042052
[2026-07-22T04:20:52.840+0000] {_client.py:1026} INFO - HTTP Request: GET https://astronomer.gateway.scarf.sh/astronomer-cosmos/v3/task_instance?cosmos_version=1.15.0&airflow_version=2.10.2&python_version=3.10.15&platform_system=Linux&platform_machine=x86_64&status=success&operator_name=DbtRunLocalOperator&is_cosmos_operator_subclass=False&invocation_mode=dbt_runner&execution_mode=local&profile_strategy=yaml_file&profile_mapping_class=None&database=trino&is_mapped_task=False&dbt_command=run&install_deps=True&has_callback=False&duration=29.95211 "HTTP/1.1 200 OK"
[2026-07-22T04:20:52.885+0000] {local_task_job_runner.py:266} INFO - Task exited with return code 0
[2026-07-22T04:20:52.914+0000] {taskinstance.py:3900} INFO - 0 downstream tasks scheduled from follow-on schedule check
[2026-07-22T04:20:52.918+0000] {local_task_job_runner.py:245} INFO - ::endgroup::
