[2026-07-14T05:01:12.494+0000] {local_task_job_runner.py:123} INFO - ::group::Pre task execution logs
[2026-07-14T05:01:12.521+0000] {taskinstance.py:2612} INFO - Dependencies all met for dep_context=non-requeueable deps ti=<TaskInstance: dbt_silver_gold_incremental.transform_gold.dim_dates.run manual__2026-07-14T05:00:00.818467+00:00 [queued]>
[2026-07-14T05:01:12.533+0000] {taskinstance.py:2612} INFO - Dependencies all met for dep_context=requeueable deps ti=<TaskInstance: dbt_silver_gold_incremental.transform_gold.dim_dates.run manual__2026-07-14T05:00:00.818467+00:00 [queued]>
[2026-07-14T05:01:12.535+0000] {taskinstance.py:2865} INFO - Starting attempt 1 of 2
[2026-07-14T05:01:12.551+0000] {taskinstance.py:2888} INFO - Executing <Task(DbtRunLocalOperator): transform_gold.dim_dates.run> on 2026-07-14 05:00:00.818467+00:00
[2026-07-14T05:01:12.559+0000] {standard_task_runner.py:72} INFO - Started process 1670 to run task
[2026-07-14T05:01:12.563+0000] {standard_task_runner.py:104} INFO - Running: ['airflow', 'tasks', 'run', 'dbt_silver_gold_incremental', 'transform_gold.dim_dates.run', 'manual__2026-07-14T05:00:00.818467+00:00', '--job-id', '15', '--raw', '--subdir', 'DAGS_FOLDER/dbt_silver_gold.py', '--cfg-path', '/tmp/tmpp93x94z7']
[2026-07-14T05:01:12.567+0000] {standard_task_runner.py:105} INFO - Job 15: Subtask transform_gold.dim_dates.run
[2026-07-14T05:01:12.662+0000] {task_command.py:467} INFO - Running <TaskInstance: dbt_silver_gold_incremental.transform_gold.dim_dates.run manual__2026-07-14T05:00:00.818467+00:00 [running]> on host b9944f21a9b7
[2026-07-14T05:01:12.784+0000] {taskinstance.py:3131} INFO - Exporting env vars: AIRFLOW_CTX_DAG_OWNER='data_engineer' AIRFLOW_CTX_DAG_ID='dbt_silver_gold_incremental' AIRFLOW_CTX_TASK_ID='transform_gold.dim_dates.run' AIRFLOW_CTX_EXECUTION_DATE='2026-07-14T05:00:00.818467+00:00' AIRFLOW_CTX_TRY_NUMBER='1' AIRFLOW_CTX_DAG_RUN_ID='manual__2026-07-14T05:00:00.818467+00:00'
[2026-07-14T05:01:12.787+0000] {taskinstance.py:731} INFO - ::endgroup::
[2026-07-14T05:01:14.307+0000] {local.py:294} INFO - dbtRunner is available. Using dbtRunner for invoking dbt.
[2026-07-14T05:01:14.309+0000] {local.py:518} INFO - Cloning project to writable temp directory /tmp/tmpcgsc7lt2 from /opt/airflow/dbt_transform
[2026-07-14T05:01:14.321+0000] {local.py:538} INFO - Partial parse is enabled and the latest partial parse file is None
[2026-07-14T05:01:14.323+0000] {config.py:395} INFO - Using user-supplied profiles.yml at /opt/airflow/dbt_transform/profiles.yml
[2026-07-14T05:01:14.337+0000] {runner.py:95} INFO - Trying to run dbtRunner with:
 ['deps', '--project-dir', '/tmp/tmpcgsc7lt2', '--profiles-dir', '/opt/airflow/dbt_transform', '--profile', 'lakehouse_dbt', '--target', 'dev', '--no-static-parser']
 in /tmp/tmpcgsc7lt2
[2026-07-14T05:01:14.430+0000] {logging_mixin.py:190} INFO - 05:01:14  Running with dbt=1.8.8
[2026-07-14T05:01:14.588+0000] {converter.py:314} INFO - ::group::Cosmos DAG parsing logs
[2026-07-14T05:01:14.593+0000] {graph.py:869} INFO - Trying to parse the dbt project using dbt ls cache cosmos_cache__dbt_silver_gold_incremental__transform_silver...
[2026-07-14T05:01:16.454+0000] {cache.py:383} INFO - Cosmos performance: time to calculate cache identifier cosmos_cache__dbt_silver_gold_incremental__transform_silver for current version: 1.8490947749996849
[2026-07-14T05:01:16.455+0000] {graph.py:886} INFO - Cosmos performance [b9944f21a9b7|1670]: The cache size for cosmos_cache__dbt_silver_gold_incremental__transform_silver is 5952
[2026-07-14T05:01:16.457+0000] {graph.py:898} INFO - Cosmos performance: Cache hit for cosmos_cache__dbt_silver_gold_incremental__transform_silver - 02ab851da9e5185d53b57d02face4d44,5e34606eb5f2b3dea81a8e19fa3ba138
[2026-07-14T05:01:16.459+0000] {graph.py:799} INFO - Total nodes: 7
[2026-07-14T05:01:16.460+0000] {graph.py:800} INFO - Total filtered nodes: 7
[2026-07-14T05:01:16.461+0000] {converter.py:361} INFO - Cosmos performance (dbt_silver_gold_incremental__transform_silver) - [b9944f21a9b7|1670]: It took 1.87s to parse the dbt project for DAG using dbt_ls_cache
[2026-07-14T05:01:16.470+0000] {converter.py:413} INFO - Cosmos performance (dbt_silver_gold_incremental__transform_silver) - [b9944f21a9b7|1670]: It took 0.00856s to build the Airflow DAG.
[2026-07-14T05:01:16.471+0000] {converter.py:420} INFO - ::endgroup::Cosmos DAG parsing logs
[2026-07-14T05:01:16.473+0000] {converter.py:314} INFO - ::group::Cosmos DAG parsing logs
[2026-07-14T05:01:16.476+0000] {graph.py:869} INFO - Trying to parse the dbt project using dbt ls cache cosmos_cache__dbt_silver_gold_incremental__transform_gold...
[2026-07-14T05:01:18.227+0000] {cache.py:383} INFO - Cosmos performance: time to calculate cache identifier cosmos_cache__dbt_silver_gold_incremental__transform_gold for current version: 1.7354806909988838
[2026-07-14T05:01:18.229+0000] {graph.py:886} INFO - Cosmos performance [b9944f21a9b7|1670]: The cache size for cosmos_cache__dbt_silver_gold_incremental__transform_gold is 35628
[2026-07-14T05:01:18.233+0000] {graph.py:898} INFO - Cosmos performance: Cache hit for cosmos_cache__dbt_silver_gold_incremental__transform_gold - 02ab851da9e5185d53b57d02face4d44,304321e940a9403dceb380589bd0566f
[2026-07-14T05:01:18.235+0000] {graph.py:799} INFO - Total nodes: 39
[2026-07-14T05:01:18.236+0000] {graph.py:800} INFO - Total filtered nodes: 39
[2026-07-14T05:01:18.237+0000] {converter.py:361} INFO - Cosmos performance (dbt_silver_gold_incremental__transform_gold) - [b9944f21a9b7|1670]: It took 1.76s to parse the dbt project for DAG using dbt_ls_cache
[2026-07-14T05:01:18.270+0000] {converter.py:413} INFO - Cosmos performance (dbt_silver_gold_incremental__transform_gold) - [b9944f21a9b7|1670]: It took 0.0328s to build the Airflow DAG.
[2026-07-14T05:01:18.271+0000] {converter.py:420} INFO - ::endgroup::Cosmos DAG parsing logs
[2026-07-14T05:01:18.274+0000] {converter.py:314} INFO - ::group::Cosmos DAG parsing logs
[2026-07-14T05:01:18.277+0000] {graph.py:869} INFO - Trying to parse the dbt project using dbt ls cache cosmos_cache__dbt_silver_gold_full_load__transform_silver...
[2026-07-14T05:01:20.154+0000] {cache.py:383} INFO - Cosmos performance: time to calculate cache identifier cosmos_cache__dbt_silver_gold_full_load__transform_silver for current version: 1.8523197739996249
[2026-07-14T05:01:20.156+0000] {graph.py:886} INFO - Cosmos performance [b9944f21a9b7|1670]: The cache size for cosmos_cache__dbt_silver_gold_full_load__transform_silver is 5952
[2026-07-14T05:01:20.158+0000] {graph.py:898} INFO - Cosmos performance: Cache hit for cosmos_cache__dbt_silver_gold_full_load__transform_silver - 02ab851da9e5185d53b57d02face4d44,5e34606eb5f2b3dea81a8e19fa3ba138
[2026-07-14T05:01:20.159+0000] {graph.py:799} INFO - Total nodes: 7
[2026-07-14T05:01:20.161+0000] {graph.py:800} INFO - Total filtered nodes: 7
[2026-07-14T05:01:20.162+0000] {converter.py:361} INFO - Cosmos performance (dbt_silver_gold_full_load__transform_silver) - [b9944f21a9b7|1670]: It took 1.88s to parse the dbt project for DAG using dbt_ls_cache
[2026-07-14T05:01:20.171+0000] {converter.py:413} INFO - Cosmos performance (dbt_silver_gold_full_load__transform_silver) - [b9944f21a9b7|1670]: It took 0.00838s to build the Airflow DAG.
[2026-07-14T05:01:20.172+0000] {converter.py:420} INFO - ::endgroup::Cosmos DAG parsing logs
[2026-07-14T05:01:20.174+0000] {converter.py:314} INFO - ::group::Cosmos DAG parsing logs
[2026-07-14T05:01:20.177+0000] {graph.py:869} INFO - Trying to parse the dbt project using dbt ls cache cosmos_cache__dbt_silver_gold_full_load__transform_gold...
[2026-07-14T05:01:22.117+0000] {cache.py:383} INFO - Cosmos performance: time to calculate cache identifier cosmos_cache__dbt_silver_gold_full_load__transform_gold for current version: 1.9267574950008566
[2026-07-14T05:01:22.118+0000] {graph.py:886} INFO - Cosmos performance [b9944f21a9b7|1670]: The cache size for cosmos_cache__dbt_silver_gold_full_load__transform_gold is 35628
[2026-07-14T05:01:22.120+0000] {graph.py:898} INFO - Cosmos performance: Cache hit for cosmos_cache__dbt_silver_gold_full_load__transform_gold - 02ab851da9e5185d53b57d02face4d44,304321e940a9403dceb380589bd0566f
[2026-07-14T05:01:22.122+0000] {graph.py:799} INFO - Total nodes: 39
[2026-07-14T05:01:22.124+0000] {graph.py:800} INFO - Total filtered nodes: 39
[2026-07-14T05:01:22.126+0000] {converter.py:361} INFO - Cosmos performance (dbt_silver_gold_full_load__transform_gold) - [b9944f21a9b7|1670]: It took 1.95s to parse the dbt project for DAG using dbt_ls_cache
[2026-07-14T05:01:22.157+0000] {converter.py:413} INFO - Cosmos performance (dbt_silver_gold_full_load__transform_gold) - [b9944f21a9b7|1670]: It took 0.0312s to build the Airflow DAG.
[2026-07-14T05:01:22.159+0000] {converter.py:420} INFO - ::endgroup::Cosmos DAG parsing logs
[2026-07-14T05:01:22.680+0000] {logging_mixin.py:190} INFO - 05:01:22  Installing dbt-labs/dbt_utils
[2026-07-14T05:01:23.320+0000] {logging_mixin.py:190} INFO - 05:01:23  Installed from version 1.3.0
[2026-07-14T05:01:23.323+0000] {logging_mixin.py:190} INFO - 05:01:23  Updated version available: 1.4.1
[2026-07-14T05:01:23.326+0000] {logging_mixin.py:190} INFO - 05:01:23  Installing metaplane/dbt_expectations
[2026-07-14T05:01:24.447+0000] {logging_mixin.py:190} INFO - 05:01:24  Installed from version 0.10.8
[2026-07-14T05:01:24.449+0000] {logging_mixin.py:190} INFO - 05:01:24  Updated version available: 0.10.10
[2026-07-14T05:01:24.452+0000] {logging_mixin.py:190} INFO - 05:01:24  Installing godatadriven/dbt_date
[2026-07-14T05:01:24.992+0000] {logging_mixin.py:190} INFO - 05:01:24  Installed from version 0.15.0
[2026-07-14T05:01:24.994+0000] {logging_mixin.py:190} INFO - 05:01:24  Up to date!
[2026-07-14T05:01:24.996+0000] {logging_mixin.py:190} INFO - 05:01:24
[2026-07-14T05:01:24.998+0000] {logging_mixin.py:190} INFO - 05:01:24  Updates available for packages: ['dbt-labs/dbt_utils', 'metaplane/dbt_expectations']                 
Update your versions in packages.yml, then run dbt deps
[2026-07-14T05:01:26.212+0000] {runner.py:95} INFO - Trying to run dbtRunner with:
 ['run', '--select', 'fqn:consumer_complaints_transformation.marts.dim_dates', '--project-dir', '/tmp/tmpcgsc7lt2', '--profiles-dir', '/opt/airflow/dbt_transform', '--profile', 'lakehouse_dbt', '--target', 'dev', '--no-static-parser']
 in /tmp/tmpcgsc7lt2
[2026-07-14T05:01:26.244+0000] {logging_mixin.py:190} INFO - 05:01:26  Running with dbt=1.8.8
[2026-07-14T05:01:26.292+0000] {auth.py:343} INFO - keyring module not found. OAuth2 token will not be stored in keyring.
[2026-07-14T05:01:26.297+0000] {auth.py:343} INFO - keyring module not found. OAuth2 token will not be stored in keyring.
[2026-07-14T05:01:26.462+0000] {logging_mixin.py:190} INFO - 05:01:26  Registered adapter: trino=1.8.5
[2026-07-14T05:01:26.734+0000] {logging_mixin.py:190} INFO - 05:01:26  Unable to do partial parsing because saved manifest not found. Starting full parse.
[2026-07-14T05:01:29.351+0000] {logging_mixin.py:190} INFO - 05:01:29  [WARNING]: Deprecated functionality
The `tests` config has been renamed to `data_tests`. Please see
https://docs.getdbt.com/docs/build/data-tests#new-data_tests-syntax for more
information.
[2026-07-14T05:01:30.939+0000] {logging_mixin.py:190} INFO - 05:01:30  Found 8 models, 40 data tests, 1 source, 9 metrics, 838 macros, 5 semantic models
[2026-07-14T05:01:30.945+0000] {logging_mixin.py:190} INFO - 05:01:30
[2026-07-14T05:01:30.992+0000] {logging_mixin.py:190} INFO - 05:01:30  [WARNING]: SSL certificate validation is disabled by default. It is legacy behavior which will be changed in future releases. It is strongly advised to enable `require_certificate_validation` flag or explicitly set `cert` configuration to `True` for security reasons. You may receive an error after that if your SSL setup is incorrect.
You may opt into the new behavior sooner by setting `flags.require_certificate_validation` to `True` in `dbt_project.yml`.
Visit https://docs.getdbt.com/reference/global-configs/behavior-changes for more information.
[2026-07-14T05:01:31.815+0000] {logging_mixin.py:190} INFO - 05:01:31  Concurrency: 4 threads (target='dev')
[2026-07-14T05:01:31.819+0000] {logging_mixin.py:190} INFO - 05:01:31
[2026-07-14T05:01:31.844+0000] {logging_mixin.py:190} INFO - 05:01:31  1 of 1 START sql table model gold.dim_dates .................................... [RUN]
[2026-07-14T05:01:34.399+0000] {logging_mixin.py:190} INFO - 05:01:34  1 of 1 OK created sql table model gold.dim_dates ............................... [CREATE TABLE (4 rows) in 2.55s]
[2026-07-14T05:01:34.410+0000] {logging_mixin.py:190} INFO - 05:01:34
[2026-07-14T05:01:34.413+0000] {logging_mixin.py:190} INFO - 05:01:34  Finished running 1 table model in 0 hours 0 minutes and 3.46 seconds (3.46s).
[2026-07-14T05:01:34.484+0000] {logging_mixin.py:190} INFO - 05:01:34
[2026-07-14T05:01:34.486+0000] {logging_mixin.py:190} INFO - 05:01:34  Completed successfully
[2026-07-14T05:01:34.489+0000] {logging_mixin.py:190} INFO - 05:01:34
[2026-07-14T05:01:34.491+0000] {logging_mixin.py:190} INFO - 05:01:34  Done. PASS=1 WARN=0 ERROR=0 SKIP=0 TOTAL=1
[2026-07-14T05:01:35.759+0000] {local.py:196} WARNING - Artifact schema version: https://schemas.getdbt.com/dbt/manifest/v12.json is above dbt-ol supported version 7. This might cause errors.
[2026-07-14T05:01:35.773+0000] {local.py:594} INFO - Inlets: []
[2026-07-14T05:01:35.778+0000] {local.py:595} INFO - Outlets: []
[2026-07-14T05:01:35.780+0000] {local.py:886} INFO - Assigning inlets/outlets with DatasetAlias in Airflow 2
[2026-07-14T05:01:35.952+0000] {taskinstance.py:340} INFO - ::group::Post task execution logs
[2026-07-14T05:01:35.958+0000] {taskinstance.py:352} INFO - Marking task as SUCCESS. dag_id=dbt_silver_gold_incremental, task_id=transform_gold.dim_dates.run, run_id=manual__2026-07-14T05:00:00.818467+00:00, execution_date=20260714T050000, start_date=20260714T050112, end_date=20260714T050135
[2026-07-14T05:01:36.691+0000] {_client.py:1026} INFO - HTTP Request: GET https://astronomer.gateway.scarf.sh/astronomer-cosmos/v3/task_instance?cosmos_version=1.15.0&airflow_version=2.10.2&python_version=3.10.15&platform_system=Linux&platform_machine=x86_64&status=success&operator_name=DbtRunLocalOperator&is_cosmos_operator_subclass=False&invocation_mode=dbt_runner&execution_mode=local&profile_strategy=yaml_file&profile_mapping_class=None&database=trino&is_mapped_task=False&dbt_command=run&install_deps=True&has_callback=False&duration=23.433572 "HTTP/1.1 200 OK"
[2026-07-14T05:01:36.746+0000] {local_task_job_runner.py:266} INFO - Task exited with return code 0
[2026-07-14T05:01:36.790+0000] {taskinstance.py:3900} INFO - 0 downstream tasks scheduled from follow-on schedule check
[2026-07-14T05:01:36.794+0000] {local_task_job_runner.py:245} INFO - ::endgroup::
