[2026-07-04T13:15:18.881+0000] {taskinstance.py:1979} INFO - Dependencies all met for dep_context=non-requeueable deps ti=<TaskInstance: dbt_silver_gold.silver_layer.stg__consumer_complaints.run scheduled__2026-07-03T00:00:00+00:00 [queued]>
[2026-07-04T13:15:18.890+0000] {taskinstance.py:1979} INFO - Dependencies all met for dep_context=requeueable deps ti=<TaskInstance: dbt_silver_gold.silver_layer.stg__consumer_complaints.run scheduled__2026-07-03T00:00:00+00:00 [queued]>
[2026-07-04T13:15:18.891+0000] {taskinstance.py:2193} INFO - Starting attempt 1 of 1
[2026-07-04T13:15:18.903+0000] {taskinstance.py:2214} INFO - Executing <Task(DbtRunLocalOperator): silver_layer.stg__consumer_complaints.run> on 2026-07-03 00:00:00+00:00
[2026-07-04T13:15:18.908+0000] {standard_task_runner.py:60} INFO - Started process 200 to run task
[2026-07-04T13:15:18.910+0000] {standard_task_runner.py:87} INFO - Running: ['airflow', 'tasks', 'run', 'dbt_silver_gold', 'silver_layer.stg__consumer_complaints.run', 'scheduled__2026-07-03T00:00:00+00:00', '--job-id', '28', '--raw', '--subdir', 'DAGS_FOLDER/dbt_silver_gold.py', '--cfg-path', '/tmp/tmpdye0px13']
[2026-07-04T13:15:18.912+0000] {standard_task_runner.py:88} INFO - Job 28: Subtask silver_layer.stg__consumer_complaints.run
[2026-07-04T13:15:18.987+0000] {task_command.py:423} INFO - Running <TaskInstance: dbt_silver_gold.silver_layer.stg__consumer_complaints.run scheduled__2026-07-03T00:00:00+00:00 [running]> on host 75f86298c0be
[2026-07-04T13:15:19.285+0000] {taskinstance.py:2510} INFO - Exporting env vars: AIRFLOW_CTX_DAG_OWNER='airflow' AIRFLOW_CTX_DAG_ID='dbt_silver_gold' AIRFLOW_CTX_TASK_ID='silver_layer.stg__consumer_complaints.run' AIRFLOW_CTX_EXECUTION_DATE='2026-07-03T00:00:00+00:00' AIRFLOW_CTX_TRY_NUMBER='1' AIRFLOW_CTX_DAG_RUN_ID='scheduled__2026-07-03T00:00:00+00:00'
[2026-07-04T13:15:20.172+0000] {local.py:244} INFO - dbtRunner is available. Using dbtRunner for invoking dbt.
[2026-07-04T13:15:20.174+0000] {local.py:464} INFO - Cloning project to writable temp directory /tmp/tmplw0drght from /opt/airflow/dbt_transform
[2026-07-04T13:15:20.185+0000] {local.py:484} INFO - Partial parse is enabled and the latest partial parse file is None
[2026-07-04T13:15:20.186+0000] {config.py:360} INFO - Using user-supplied profiles.yml at /opt/airflow/dbt_transform/profiles.yml
[2026-07-04T13:15:20.199+0000] {runner.py:60} INFO - Trying to run dbtRunner with:
 ['deps', '--project-dir', '/tmp/tmplw0drght', '--profiles-dir', '/opt/airflow/dbt_transform', '--profile', 'lakehouse_dbt', '--target', 'dev', '--no-static-parser']
 in /tmp/tmplw0drght
[2026-07-04T13:15:20.272+0000] {logging_mixin.py:188} INFO - 13:15:20  Running with dbt=1.8.7
[2026-07-04T13:15:20.406+0000] {graph.py:611} INFO - Trying to parse the dbt project using dbt ls cache cosmos_cache__dbt_silver_gold__silver_layer...
[2026-07-04T13:15:23.773+0000] {cache.py:320} INFO - Cosmos performance: time to calculate cache identifier cosmos_cache__dbt_silver_gold__silver_layer for current version: 3.356516674000005
[2026-07-04T13:15:23.774+0000] {graph.py:628} INFO - Cosmos performance [75f86298c0be|200]: The cache size for cosmos_cache__dbt_silver_gold__silver_layer is 2980
[2026-07-04T13:15:23.775+0000] {graph.py:636} INFO - Cosmos performance: Cache hit for cosmos_cache__dbt_silver_gold__silver_layer - 4f3ca57f4cfb1bcb0b8f6dd125a24427,5e34606eb5f2b3dea81a8e19fa3ba138
[2026-07-04T13:15:23.776+0000] {graph.py:561} INFO - Total nodes: 4
[2026-07-04T13:15:23.776+0000] {graph.py:562} INFO - Total filtered nodes: 4
[2026-07-04T13:15:23.777+0000] {converter.py:291} INFO - Cosmos performance (dbt_silver_gold__silver_layer) -  [75f86298c0be|200]: It took 3.37s to parse the dbt project for DAG using LoadMode.DBT_LS_CACHE
[2026-07-04T13:15:23.790+0000] {converter.py:336} INFO - Cosmos performance (dbt_silver_gold__silver_layer) - [75f86298c0be|200]: It took 0.0137s to build the Airflow DAG.
[2026-07-04T13:15:23.799+0000] {graph.py:611} INFO - Trying to parse the dbt project using dbt ls cache cosmos_cache__dbt_silver_gold__gold_layer...
[2026-07-04T13:15:26.968+0000] {cache.py:320} INFO - Cosmos performance: time to calculate cache identifier cosmos_cache__dbt_silver_gold__gold_layer for current version: 3.1558467659999963
[2026-07-04T13:15:26.968+0000] {graph.py:628} INFO - Cosmos performance [75f86298c0be|200]: The cache size for cosmos_cache__dbt_silver_gold__gold_layer is 28926
[2026-07-04T13:15:26.970+0000] {graph.py:636} INFO - Cosmos performance: Cache hit for cosmos_cache__dbt_silver_gold__gold_layer - 4f3ca57f4cfb1bcb0b8f6dd125a24427,c3a79eb2a33bd9f2182805b663a126a1
[2026-07-04T13:15:26.970+0000] {graph.py:561} INFO - Total nodes: 35
[2026-07-04T13:15:26.970+0000] {graph.py:562} INFO - Total filtered nodes: 35
[2026-07-04T13:15:26.971+0000] {converter.py:291} INFO - Cosmos performance (dbt_silver_gold__gold_layer) -  [75f86298c0be|200]: It took 3.17s to parse the dbt project for DAG using LoadMode.DBT_LS_CACHE
[2026-07-04T13:15:26.974+0000] {graph.py:332} WARNING - Unavailable conversion function for <DbtResourceType.METRIC> (node <metric.consumer_complaints_transformation.avg_response_time_days>). Define a converter function using render_config.node_converters.
[2026-07-04T13:15:26.974+0000] {graph.py:332} WARNING - Unavailable conversion function for <DbtResourceType.METRIC> (node <metric.consumer_complaints_transformation.total_complaints>). Define a converter function using render_config.node_converters.
[2026-07-04T13:15:27.015+0000] {graph.py:332} WARNING - Unavailable conversion function for <DbtResourceType.SEMANTIC_MODEL> (node <semantic_model.consumer_complaints_transformation.complaints>). Define a converter function using render_config.node_converters.
[2026-07-04T13:15:27.016+0000] {converter.py:336} INFO - Cosmos performance (dbt_silver_gold__gold_layer) - [75f86298c0be|200]: It took 0.0454s to build the Airflow DAG.
[2026-07-04T13:15:27.638+0000] {logging_mixin.py:188} INFO - 13:15:27  Installing dbt-labs/dbt_utils
[2026-07-04T13:15:28.241+0000] {logging_mixin.py:188} INFO - 13:15:28  Installed from version 1.3.0
[2026-07-04T13:15:28.242+0000] {logging_mixin.py:188} INFO - 13:15:28  Updated version available: 1.4.1
[2026-07-04T13:15:28.243+0000] {logging_mixin.py:188} INFO - 13:15:28  Installing metaplane/dbt_expectations
[2026-07-04T13:15:30.712+0000] {logging_mixin.py:188} INFO - 13:15:30  Installed from version 0.10.8
[2026-07-04T13:15:30.713+0000] {logging_mixin.py:188} INFO - 13:15:30  Updated version available: 0.10.10
[2026-07-04T13:15:30.715+0000] {logging_mixin.py:188} INFO - 13:15:30  Installing godatadriven/dbt_date
[2026-07-04T13:15:31.338+0000] {logging_mixin.py:188} INFO - 13:15:31  Installed from version 0.15.0
[2026-07-04T13:15:31.339+0000] {logging_mixin.py:188} INFO - 13:15:31  Up to date!
[2026-07-04T13:15:31.340+0000] {logging_mixin.py:188} INFO - 13:15:31
[2026-07-04T13:15:31.341+0000] {logging_mixin.py:188} INFO - 13:15:31  Updates available for packages: ['dbt-labs/dbt_utils', 'metaplane/dbt_expectations']                 
Update your versions in packages.yml, then run dbt deps
[2026-07-04T13:15:32.439+0000] {runner.py:60} INFO - Trying to run dbtRunner with:
 ['run', '--models', 'stg__consumer_complaints', '--project-dir', '/tmp/tmplw0drght', '--profiles-dir', '/opt/airflow/dbt_transform', '--profile', 'lakehouse_dbt', '--target', 'dev', '--no-static-parser']
 in /tmp/tmplw0drght
[2026-07-04T13:15:32.465+0000] {logging_mixin.py:188} INFO - 13:15:32  Running with dbt=1.8.7
[2026-07-04T13:15:32.497+0000] {auth.py:343} INFO - keyring module not found. OAuth2 token will not be stored in keyring.
[2026-07-04T13:15:32.500+0000] {auth.py:343} INFO - keyring module not found. OAuth2 token will not be stored in keyring.
[2026-07-04T13:15:32.623+0000] {logging_mixin.py:188} INFO - 13:15:32  Registered adapter: trino=1.8.5
[2026-07-04T13:15:32.907+0000] {logging_mixin.py:188} INFO - 13:15:32  Unable to do partial parsing because saved manifest not found. Starting full parse.
[2026-07-04T13:15:34.932+0000] {logging_mixin.py:188} INFO - 13:15:34  [WARNING]: Deprecated functionality
The `tests` config has been renamed to `data_tests`. Please see
https://docs.getdbt.com/docs/build/data-tests#new-data_tests-syntax for more
information.
[2026-07-04T13:15:35.584+0000] {logging_mixin.py:188} INFO - 13:15:35  Found 9 models, 26 data tests, 1 source, 2 metrics, 838 macros, 1 semantic model
[2026-07-04T13:15:35.587+0000] {logging_mixin.py:188} INFO - 13:15:35
[2026-07-04T13:15:35.624+0000] {logging_mixin.py:188} INFO - 13:15:35  [WARNING]: SSL certificate validation is disabled by default. It is legacy behavior which will be changed in future releases. It is strongly advised to enable `require_certificate_validation` flag or explicitly set `cert` configuration to `True` for security reasons. You may receive an error after that if your SSL setup is incorrect.
You may opt into the new behavior sooner by setting `flags.require_certificate_validation` to `True` in `dbt_project.yml`.
Visit https://docs.getdbt.com/reference/global-configs/behavior-changes for more information.
[2026-07-04T13:15:38.489+0000] {logging_mixin.py:188} INFO - 13:15:38  Concurrency: 4 threads (target='dev')
[2026-07-04T13:15:38.490+0000] {logging_mixin.py:188} INFO - 13:15:38
[2026-07-04T13:15:38.495+0000] {logging_mixin.py:188} INFO - 13:15:38  1 of 1 START sql table model silver.stg__consumer_complaints ................... [RUN]
[2026-07-04T13:15:46.354+0000] {logging_mixin.py:188} INFO - 13:15:46  1 of 1 OK created sql table model silver.stg__consumer_complaints .............. [CREATE TABLE (77_183 rows) in 7.86s]
[2026-07-04T13:15:46.359+0000] {logging_mixin.py:188} INFO - 13:15:46
[2026-07-04T13:15:46.360+0000] {logging_mixin.py:188} INFO - 13:15:46  Finished running 1 table model in 0 hours 0 minutes and 10.77 seconds (10.77s).
[2026-07-04T13:15:46.412+0000] {logging_mixin.py:188} INFO - 13:15:46
[2026-07-04T13:15:46.414+0000] {logging_mixin.py:188} INFO - 13:15:46  Completed successfully
[2026-07-04T13:15:46.415+0000] {logging_mixin.py:188} INFO - 13:15:46
[2026-07-04T13:15:46.416+0000] {logging_mixin.py:188} INFO - 13:15:46  Done. PASS=1 WARN=0 ERROR=0 SKIP=0 TOTAL=1
[2026-07-04T13:15:47.497+0000] {local.py:138} WARNING - Artifact schema version: https://schemas.getdbt.com/dbt/manifest/v12.json is above dbt-ol supported version 7. This might cause errors.
[2026-07-04T13:15:47.498+0000] {local.py:138} WARNING - Artifact schema version: https://schemas.getdbt.com/dbt/run-results/v6.json is above dbt-ol supported version 5. This might cause errors.
[2026-07-04T13:15:47.504+0000] {local.py:538} INFO - Inlets: []
[2026-07-04T13:15:47.505+0000] {local.py:539} INFO - Outlets: []
[2026-07-04T13:15:47.506+0000] {local.py:761} INFO - Assigning inlets/outlets without DatasetAlias
[2026-07-04T13:15:47.506+0000] {dag.py:3047} INFO - Sync 1 DAGs
[2026-07-04T13:15:47.576+0000] {taskinstance.py:1149} INFO - Marking task as SUCCESS. dag_id=dbt_silver_gold, task_id=silver_layer.stg__consumer_complaints.run, execution_date=20260703T000000, start_date=20260704T131518, end_date=20260704T131547
[2026-07-04T13:15:47.635+0000] {local_task_job_runner.py:234} INFO - Task exited with return code 0
[2026-07-04T13:15:47.828+0000] {taskinstance.py:3309} INFO - 0 downstream tasks scheduled from follow-on schedule check
