[2026-07-22T01:50:21.488+0000] {local_task_job_runner.py:123} INFO - ::group::Pre task execution logs
[2026-07-22T01:50:21.519+0000] {taskinstance.py:2612} INFO - Dependencies all met for dep_context=non-requeueable deps ti=<TaskInstance: dbt_silver_gold_incremental.transform_gold.dim_dates.run manual__2026-07-22T01:18:56.480959+00:00 [queued]>
[2026-07-22T01:50:21.534+0000] {taskinstance.py:2612} INFO - Dependencies all met for dep_context=requeueable deps ti=<TaskInstance: dbt_silver_gold_incremental.transform_gold.dim_dates.run manual__2026-07-22T01:18:56.480959+00:00 [queued]>
[2026-07-22T01:50:21.536+0000] {taskinstance.py:2865} INFO - Starting attempt 1 of 2
[2026-07-22T01:50:21.559+0000] {taskinstance.py:2888} INFO - Executing <Task(DbtRunLocalOperator): transform_gold.dim_dates.run> on 2026-07-22 01:18:56.480959+00:00
[2026-07-22T01:50:21.567+0000] {standard_task_runner.py:72} INFO - Started process 2234 to run task
[2026-07-22T01:50:21.572+0000] {standard_task_runner.py:104} INFO - Running: ['airflow', 'tasks', 'run', 'dbt_silver_gold_incremental', 'transform_gold.dim_dates.run', 'manual__2026-07-22T01:18:56.480959+00:00', '--job-id', '91', '--raw', '--subdir', 'DAGS_FOLDER/dbt_silver_gold.py', '--cfg-path', '/tmp/tmpaeord5ns']
[2026-07-22T01:50:21.577+0000] {standard_task_runner.py:105} INFO - Job 91: Subtask transform_gold.dim_dates.run
[2026-07-22T01:50:21.675+0000] {task_command.py:467} INFO - Running <TaskInstance: dbt_silver_gold_incremental.transform_gold.dim_dates.run manual__2026-07-22T01:18:56.480959+00:00 [running]> on host dbd63abba702
[2026-07-22T01:50:21.815+0000] {taskinstance.py:3131} INFO - Exporting env vars: AIRFLOW_CTX_DAG_OWNER='data_engineer' AIRFLOW_CTX_DAG_ID='dbt_silver_gold_incremental' AIRFLOW_CTX_TASK_ID='transform_gold.dim_dates.run' AIRFLOW_CTX_EXECUTION_DATE='2026-07-22T01:18:56.480959+00:00' AIRFLOW_CTX_TRY_NUMBER='1' AIRFLOW_CTX_DAG_RUN_ID='manual__2026-07-22T01:18:56.480959+00:00'
[2026-07-22T01:50:21.818+0000] {taskinstance.py:731} INFO - ::endgroup::
[2026-07-22T01:50:23.839+0000] {local.py:294} INFO - dbtRunner is available. Using dbtRunner for invoking dbt.
[2026-07-22T01:50:23.842+0000] {local.py:518} INFO - Cloning project to writable temp directory /tmp/tmplrre4ao3 from /opt/airflow/dbt_transform
[2026-07-22T01:50:23.860+0000] {local.py:538} INFO - Partial parse is enabled and the latest partial parse file is /tmp/cosmos/dbt_silver_gold_incremental__transform_gold/target/partial_parse.msgpack
[2026-07-22T01:50:23.900+0000] {config.py:395} INFO - Using user-supplied profiles.yml at /opt/airflow/dbt_transform/profiles.yml
[2026-07-22T01:50:23.913+0000] {runner.py:95} INFO - Trying to run dbtRunner with:
 ['deps', '--project-dir', '/tmp/tmplrre4ao3', '--profiles-dir', '/opt/airflow/dbt_transform', '--profile', 'lakehouse_dbt', '--target', 'dev', '--no-static-parser']
 in /tmp/tmplrre4ao3
[2026-07-22T01:50:24.013+0000] {logging_mixin.py:190} INFO - 01:50:24  Running with dbt=1.8.8
[2026-07-22T01:50:24.208+0000] {converter.py:314} INFO - ::group::Cosmos DAG parsing logs
[2026-07-22T01:50:24.213+0000] {graph.py:869} INFO - Trying to parse the dbt project using dbt ls cache cosmos_cache__dbt_silver_gold_incremental__transform_silver...
[2026-07-22T01:50:26.354+0000] {cache.py:383} INFO - Cosmos performance: time to calculate cache identifier cosmos_cache__dbt_silver_gold_incremental__transform_silver for current version: 2.121150148000197
[2026-07-22T01:50:26.356+0000] {graph.py:886} INFO - Cosmos performance [dbd63abba702|2234]: The cache size for cosmos_cache__dbt_silver_gold_incremental__transform_silver is 5952
[2026-07-22T01:50:26.358+0000] {graph.py:898} INFO - Cosmos performance: Cache hit for cosmos_cache__dbt_silver_gold_incremental__transform_silver - 93fe86a1db8b3ecb7fd501463be0f888,5e34606eb5f2b3dea81a8e19fa3ba138
[2026-07-22T01:50:26.359+0000] {graph.py:799} INFO - Total nodes: 7
[2026-07-22T01:50:26.361+0000] {graph.py:800} INFO - Total filtered nodes: 7
[2026-07-22T01:50:26.362+0000] {converter.py:361} INFO - Cosmos performance (dbt_silver_gold_incremental__transform_silver) - [dbd63abba702|2234]: It took 2.15s to parse the dbt project for DAG using dbt_ls_cache
[2026-07-22T01:50:26.374+0000] {converter.py:413} INFO - Cosmos performance (dbt_silver_gold_incremental__transform_silver) - [dbd63abba702|2234]: It took 0.012s to build the Airflow DAG.
[2026-07-22T01:50:26.376+0000] {converter.py:420} INFO - ::endgroup::Cosmos DAG parsing logs
[2026-07-22T01:50:26.377+0000] {converter.py:314} INFO - ::group::Cosmos DAG parsing logs
[2026-07-22T01:50:26.380+0000] {graph.py:869} INFO - Trying to parse the dbt project using dbt ls cache cosmos_cache__dbt_silver_gold_incremental__transform_gold...
[2026-07-22T01:50:28.357+0000] {cache.py:383} INFO - Cosmos performance: time to calculate cache identifier cosmos_cache__dbt_silver_gold_incremental__transform_gold for current version: 1.9725472650002303
[2026-07-22T01:50:28.359+0000] {graph.py:886} INFO - Cosmos performance [dbd63abba702|2234]: The cache size for cosmos_cache__dbt_silver_gold_incremental__transform_gold is 35822
[2026-07-22T01:50:28.362+0000] {graph.py:898} INFO - Cosmos performance: Cache hit for cosmos_cache__dbt_silver_gold_incremental__transform_gold - 93fe86a1db8b3ecb7fd501463be0f888,304321e940a9403dceb380589bd0566f
[2026-07-22T01:50:28.364+0000] {graph.py:799} INFO - Total nodes: 39
[2026-07-22T01:50:28.365+0000] {graph.py:800} INFO - Total filtered nodes: 39
[2026-07-22T01:50:28.367+0000] {converter.py:361} INFO - Cosmos performance (dbt_silver_gold_incremental__transform_gold) - [dbd63abba702|2234]: It took 1.99s to parse the dbt project for DAG using dbt_ls_cache
[2026-07-22T01:50:28.403+0000] {converter.py:413} INFO - Cosmos performance (dbt_silver_gold_incremental__transform_gold) - [dbd63abba702|2234]: It took 0.0367s to build the Airflow DAG.
[2026-07-22T01:50:28.405+0000] {converter.py:420} INFO - ::endgroup::Cosmos DAG parsing logs
[2026-07-22T01:50:28.408+0000] {converter.py:314} INFO - ::group::Cosmos DAG parsing logs
[2026-07-22T01:50:28.413+0000] {graph.py:869} INFO - Trying to parse the dbt project using dbt ls cache cosmos_cache__dbt_silver_gold_full_load__transform_silver...
[2026-07-22T01:50:30.280+0000] {cache.py:383} INFO - Cosmos performance: time to calculate cache identifier cosmos_cache__dbt_silver_gold_full_load__transform_silver for current version: 1.855926952000118
[2026-07-22T01:50:30.281+0000] {graph.py:886} INFO - Cosmos performance [dbd63abba702|2234]: The cache size for cosmos_cache__dbt_silver_gold_full_load__transform_silver is 5952
[2026-07-22T01:50:30.283+0000] {graph.py:898} INFO - Cosmos performance: Cache hit for cosmos_cache__dbt_silver_gold_full_load__transform_silver - 93fe86a1db8b3ecb7fd501463be0f888,5e34606eb5f2b3dea81a8e19fa3ba138
[2026-07-22T01:50:30.284+0000] {graph.py:799} INFO - Total nodes: 7
[2026-07-22T01:50:30.286+0000] {graph.py:800} INFO - Total filtered nodes: 7
[2026-07-22T01:50:30.288+0000] {converter.py:361} INFO - Cosmos performance (dbt_silver_gold_full_load__transform_silver) - [dbd63abba702|2234]: It took 1.88s to parse the dbt project for DAG using dbt_ls_cache
[2026-07-22T01:50:30.296+0000] {converter.py:413} INFO - Cosmos performance (dbt_silver_gold_full_load__transform_silver) - [dbd63abba702|2234]: It took 0.00861s to build the Airflow DAG.
[2026-07-22T01:50:30.298+0000] {converter.py:420} INFO - ::endgroup::Cosmos DAG parsing logs
[2026-07-22T01:50:30.300+0000] {converter.py:314} INFO - ::group::Cosmos DAG parsing logs
[2026-07-22T01:50:30.304+0000] {graph.py:869} INFO - Trying to parse the dbt project using dbt ls cache cosmos_cache__dbt_silver_gold_full_load__transform_gold...
[2026-07-22T01:50:32.294+0000] {cache.py:383} INFO - Cosmos performance: time to calculate cache identifier cosmos_cache__dbt_silver_gold_full_load__transform_gold for current version: 1.9760906559999967
[2026-07-22T01:50:32.295+0000] {graph.py:886} INFO - Cosmos performance [dbd63abba702|2234]: The cache size for cosmos_cache__dbt_silver_gold_full_load__transform_gold is 35822
[2026-07-22T01:50:32.297+0000] {graph.py:898} INFO - Cosmos performance: Cache hit for cosmos_cache__dbt_silver_gold_full_load__transform_gold - 93fe86a1db8b3ecb7fd501463be0f888,304321e940a9403dceb380589bd0566f
[2026-07-22T01:50:32.299+0000] {graph.py:799} INFO - Total nodes: 39
[2026-07-22T01:50:32.300+0000] {graph.py:800} INFO - Total filtered nodes: 39
[2026-07-22T01:50:32.301+0000] {converter.py:361} INFO - Cosmos performance (dbt_silver_gold_full_load__transform_gold) - [dbd63abba702|2234]: It took 2s to parse the dbt project for DAG using dbt_ls_cache
[2026-07-22T01:50:32.343+0000] {converter.py:413} INFO - Cosmos performance (dbt_silver_gold_full_load__transform_gold) - [dbd63abba702|2234]: It took 0.0412s to build the Airflow DAG.
[2026-07-22T01:50:32.344+0000] {converter.py:420} INFO - ::endgroup::Cosmos DAG parsing logs
[2026-07-22T01:50:32.830+0000] {logging_mixin.py:190} INFO - 01:50:32  Installing dbt-labs/dbt_utils
[2026-07-22T01:50:33.426+0000] {logging_mixin.py:190} INFO - 01:50:33  Installed from version 1.3.0
[2026-07-22T01:50:33.428+0000] {logging_mixin.py:190} INFO - 01:50:33  Updated version available: 1.4.1
[2026-07-22T01:50:33.431+0000] {logging_mixin.py:190} INFO - 01:50:33  Installing metaplane/dbt_expectations
[2026-07-22T01:50:34.523+0000] {logging_mixin.py:190} INFO - 01:50:34  Installed from version 0.10.8
[2026-07-22T01:50:34.525+0000] {logging_mixin.py:190} INFO - 01:50:34  Updated version available: 0.10.10
[2026-07-22T01:50:34.528+0000] {logging_mixin.py:190} INFO - 01:50:34  Installing godatadriven/dbt_date
[2026-07-22T01:50:35.881+0000] {logging_mixin.py:190} INFO - 01:50:35  Installed from version 0.15.0
[2026-07-22T01:50:35.883+0000] {logging_mixin.py:190} INFO - 01:50:35  Up to date!
[2026-07-22T01:50:35.885+0000] {logging_mixin.py:190} INFO - 01:50:35
[2026-07-22T01:50:35.887+0000] {logging_mixin.py:190} INFO - 01:50:35  Updates available for packages: ['dbt-labs/dbt_utils', 'metaplane/dbt_expectations']                 
Update your versions in packages.yml, then run dbt deps
[2026-07-22T01:50:37.022+0000] {runner.py:95} INFO - Trying to run dbtRunner with:
 ['run', '--select', 'fqn:consumer_complaints_transformation.marts.dim_dates', '--project-dir', '/tmp/tmplrre4ao3', '--profiles-dir', '/opt/airflow/dbt_transform', '--profile', 'lakehouse_dbt', '--target', 'dev', '--no-static-parser']
 in /tmp/tmplrre4ao3
[2026-07-22T01:50:37.045+0000] {logging_mixin.py:190} INFO - 01:50:37  Running with dbt=1.8.8
[2026-07-22T01:50:37.075+0000] {auth.py:343} INFO - keyring module not found. OAuth2 token will not be stored in keyring.
[2026-07-22T01:50:37.078+0000] {auth.py:343} INFO - keyring module not found. OAuth2 token will not be stored in keyring.
[2026-07-22T01:50:37.219+0000] {logging_mixin.py:190} INFO - 01:50:37  Registered adapter: trino=1.8.5
[2026-07-22T01:50:38.706+0000] {logging_mixin.py:190} INFO - 01:50:38  Found 8 models, 40 data tests, 1 source, 9 metrics, 839 macros, 5 semantic models
[2026-07-22T01:50:38.712+0000] {logging_mixin.py:190} INFO - 01:50:38
[2026-07-22T01:50:38.784+0000] {logging_mixin.py:190} INFO - 01:50:38  [WARNING]: SSL certificate validation is disabled by default. It is legacy behavior which will be changed in future releases. It is strongly advised to enable `require_certificate_validation` flag or explicitly set `cert` configuration to `True` for security reasons. You may receive an error after that if your SSL setup is incorrect.
You may opt into the new behavior sooner by setting `flags.require_certificate_validation` to `True` in `dbt_project.yml`.
Visit https://docs.getdbt.com/reference/global-configs/behavior-changes for more information.
[2026-07-22T01:50:39.051+0000] {logging_mixin.py:190} INFO - 01:50:39  Concurrency: 1 threads (target='dev')
[2026-07-22T01:50:39.060+0000] {logging_mixin.py:190} INFO - 01:50:39
[2026-07-22T01:50:39.070+0000] {logging_mixin.py:190} INFO - 01:50:39  1 of 1 START sql table model silver.dim_dates .................................. [RUN]
[2026-07-22T01:50:40.755+0000] {logging_mixin.py:190} INFO - 01:50:40  1 of 1 OK created sql table model silver.dim_dates ............................. [CREATE TABLE (6 rows) in 1.68s]
[2026-07-22T01:50:40.780+0000] {logging_mixin.py:190} INFO - 01:50:40
[2026-07-22T01:50:40.783+0000] {logging_mixin.py:190} INFO - 01:50:40  Finished running 1 table model in 0 hours 0 minutes and 2.06 seconds (2.06s).
[2026-07-22T01:50:40.932+0000] {logging_mixin.py:190} INFO - 01:50:40
[2026-07-22T01:50:40.938+0000] {logging_mixin.py:190} INFO - 01:50:40  Completed successfully
[2026-07-22T01:50:40.942+0000] {logging_mixin.py:190} INFO - 01:50:40
[2026-07-22T01:50:40.947+0000] {logging_mixin.py:190} INFO - 01:50:40  Done. PASS=1 WARN=0 ERROR=0 SKIP=0 TOTAL=1
[2026-07-22T01:50:42.277+0000] {local.py:196} WARNING - Artifact schema version: https://schemas.getdbt.com/dbt/manifest/v12.json is above dbt-ol supported version 7. This might cause errors.
[2026-07-22T01:50:42.289+0000] {local.py:594} INFO - Inlets: []
[2026-07-22T01:50:42.293+0000] {local.py:595} INFO - Outlets: []
[2026-07-22T01:50:42.296+0000] {local.py:886} INFO - Assigning inlets/outlets with DatasetAlias in Airflow 2
[2026-07-22T01:50:42.445+0000] {taskinstance.py:340} INFO - ::group::Post task execution logs
[2026-07-22T01:50:42.451+0000] {taskinstance.py:352} INFO - Marking task as SUCCESS. dag_id=dbt_silver_gold_incremental, task_id=transform_gold.dim_dates.run, run_id=manual__2026-07-22T01:18:56.480959+00:00, execution_date=20260722T011856, start_date=20260722T015021, end_date=20260722T015042
[2026-07-22T01:50:43.326+0000] {_client.py:1026} INFO - HTTP Request: GET https://astronomer.gateway.scarf.sh/astronomer-cosmos/v3/task_instance?cosmos_version=1.15.0&airflow_version=2.10.2&python_version=3.10.15&platform_system=Linux&platform_machine=x86_64&status=success&operator_name=DbtRunLocalOperator&is_cosmos_operator_subclass=False&invocation_mode=dbt_runner&execution_mode=local&profile_strategy=yaml_file&profile_mapping_class=None&database=trino&is_mapped_task=False&dbt_command=run&install_deps=True&has_callback=False&duration=20.930151 "HTTP/1.1 200 OK"
[2026-07-22T01:50:43.380+0000] {local_task_job_runner.py:266} INFO - Task exited with return code 0
[2026-07-22T01:50:43.412+0000] {local_task_job_runner.py:245} INFO - ::endgroup::
