[2026-07-01T03:25:28.473+0000] {taskinstance.py:1979} INFO - Dependencies all met for dep_context=non-requeueable deps ti=<TaskInstance: dbt_silver_gold.silver_layer.stg__consumer_complaints.run scheduled__2026-06-30T00:00:00+00:00 [queued]>
[2026-07-01T03:25:28.486+0000] {taskinstance.py:1979} INFO - Dependencies all met for dep_context=requeueable deps ti=<TaskInstance: dbt_silver_gold.silver_layer.stg__consumer_complaints.run scheduled__2026-06-30T00:00:00+00:00 [queued]>
[2026-07-01T03:25:28.488+0000] {taskinstance.py:2193} INFO - Starting attempt 1 of 1
[2026-07-01T03:25:28.504+0000] {taskinstance.py:2214} INFO - Executing <Task(DbtRunLocalOperator): silver_layer.stg__consumer_complaints.run> on 2026-06-30 00:00:00+00:00
[2026-07-01T03:25:28.510+0000] {standard_task_runner.py:60} INFO - Started process 1789 to run task
[2026-07-01T03:25:28.513+0000] {standard_task_runner.py:87} INFO - Running: ['airflow', 'tasks', 'run', 'dbt_silver_gold', 'silver_layer.stg__consumer_complaints.run', 'scheduled__2026-06-30T00:00:00+00:00', '--job-id', '36', '--raw', '--subdir', 'DAGS_FOLDER/dbt_silver_gold.py', '--cfg-path', '/tmp/tmpcx9lhzdj']
[2026-07-01T03:25:28.516+0000] {standard_task_runner.py:88} INFO - Job 36: Subtask silver_layer.stg__consumer_complaints.run
[2026-07-01T03:25:28.606+0000] {task_command.py:423} INFO - Running <TaskInstance: dbt_silver_gold.silver_layer.stg__consumer_complaints.run scheduled__2026-06-30T00:00:00+00:00 [running]> on host d0f85a50725b
[2026-07-01T03:25:29.207+0000] {taskinstance.py:2510} INFO - Exporting env vars: AIRFLOW_CTX_DAG_OWNER='airflow' AIRFLOW_CTX_DAG_ID='dbt_silver_gold' AIRFLOW_CTX_TASK_ID='silver_layer.stg__consumer_complaints.run' AIRFLOW_CTX_EXECUTION_DATE='2026-06-30T00:00:00+00:00' AIRFLOW_CTX_TRY_NUMBER='1' AIRFLOW_CTX_DAG_RUN_ID='scheduled__2026-06-30T00:00:00+00:00'
[2026-07-01T03:25:30.023+0000] {local.py:244} INFO - dbtRunner is available. Using dbtRunner for invoking dbt.
[2026-07-01T03:25:30.025+0000] {local.py:464} INFO - Cloning project to writable temp directory /tmp/tmp4_tx9cdx from /opt/airflow/dbt_transform
[2026-07-01T03:25:30.034+0000] {local.py:484} INFO - Partial parse is enabled and the latest partial parse file is /tmp/cosmos/dbt_silver_gold__silver_layer/target/partial_parse.msgpack
[2026-07-01T03:25:30.045+0000] {config.py:360} INFO - Using user-supplied profiles.yml at /opt/airflow/dbt_transform/profiles.yml
[2026-07-01T03:25:30.056+0000] {runner.py:60} INFO - Trying to run dbtRunner with:
 ['deps', '--project-dir', '/tmp/tmp4_tx9cdx', '--profiles-dir', '/opt/airflow/dbt_transform', '--profile', 'lakehouse_dbt', '--target', 'dev', '--no-static-parser']
 in /tmp/tmp4_tx9cdx
[2026-07-01T03:25:30.130+0000] {logging_mixin.py:188} INFO - 03:25:30  Running with dbt=1.8.7
[2026-07-01T03:25:30.266+0000] {graph.py:611} INFO - Trying to parse the dbt project using dbt ls cache cosmos_cache__dbt_silver_gold__silver_layer...
[2026-07-01T03:25:33.728+0000] {cache.py:320} INFO - Cosmos performance: time to calculate cache identifier cosmos_cache__dbt_silver_gold__silver_layer for current version: 3.453373244999966
[2026-07-01T03:25:33.730+0000] {graph.py:628} INFO - Cosmos performance [d0f85a50725b|1789]: The cache size for cosmos_cache__dbt_silver_gold__silver_layer is 2980
[2026-07-01T03:25:33.731+0000] {graph.py:636} INFO - Cosmos performance: Cache hit for cosmos_cache__dbt_silver_gold__silver_layer - 2f9e5d9673ea80ac326b267b22fd4057,5e34606eb5f2b3dea81a8e19fa3ba138
[2026-07-01T03:25:33.731+0000] {graph.py:561} INFO - Total nodes: 4
[2026-07-01T03:25:33.731+0000] {graph.py:562} INFO - Total filtered nodes: 4
[2026-07-01T03:25:33.732+0000] {converter.py:291} INFO - Cosmos performance (dbt_silver_gold__silver_layer) -  [d0f85a50725b|1789]: It took 3.47s to parse the dbt project for DAG using LoadMode.DBT_LS_CACHE
[2026-07-01T03:25:33.747+0000] {converter.py:336} INFO - Cosmos performance (dbt_silver_gold__silver_layer) - [d0f85a50725b|1789]: It took 0.0157s to build the Airflow DAG.
[2026-07-01T03:25:33.752+0000] {graph.py:611} INFO - Trying to parse the dbt project using dbt ls cache cosmos_cache__dbt_silver_gold__gold_layer...
[2026-07-01T03:25:36.793+0000] {cache.py:320} INFO - Cosmos performance: time to calculate cache identifier cosmos_cache__dbt_silver_gold__gold_layer for current version: 3.025034088001121
[2026-07-01T03:25:36.794+0000] {graph.py:628} INFO - Cosmos performance [d0f85a50725b|1789]: The cache size for cosmos_cache__dbt_silver_gold__gold_layer is 25877
[2026-07-01T03:25:36.795+0000] {graph.py:636} INFO - Cosmos performance: Cache hit for cosmos_cache__dbt_silver_gold__gold_layer - 2f9e5d9673ea80ac326b267b22fd4057,ac7630a6d06fb5316f29a961e174643b
[2026-07-01T03:25:36.795+0000] {graph.py:561} INFO - Total nodes: 30
[2026-07-01T03:25:36.795+0000] {graph.py:562} INFO - Total filtered nodes: 30
[2026-07-01T03:25:36.796+0000] {converter.py:291} INFO - Cosmos performance (dbt_silver_gold__gold_layer) -  [d0f85a50725b|1789]: It took 3.04s to parse the dbt project for DAG using LoadMode.DBT_LS_CACHE
[2026-07-01T03:25:36.834+0000] {converter.py:336} INFO - Cosmos performance (dbt_silver_gold__gold_layer) - [d0f85a50725b|1789]: It took 0.0388s to build the Airflow DAG.
[2026-07-01T03:25:38.547+0000] {logging_mixin.py:188} INFO - 03:25:38  Installing dbt-labs/dbt_utils
[2026-07-01T03:25:39.252+0000] {logging_mixin.py:188} INFO - 03:25:39  Installed from version 1.3.0
[2026-07-01T03:25:39.254+0000] {logging_mixin.py:188} INFO - 03:25:39  Updated version available: 1.4.1
[2026-07-01T03:25:39.256+0000] {logging_mixin.py:188} INFO - 03:25:39  Installing metaplane/dbt_expectations
[2026-07-01T03:25:40.391+0000] {logging_mixin.py:188} INFO - 03:25:40  Installed from version 0.10.8
[2026-07-01T03:25:40.392+0000] {logging_mixin.py:188} INFO - 03:25:40  Updated version available: 0.10.10
[2026-07-01T03:25:40.393+0000] {logging_mixin.py:188} INFO - 03:25:40  Installing godatadriven/dbt_date
[2026-07-01T03:25:40.922+0000] {logging_mixin.py:188} INFO - 03:25:40  Installed from version 0.15.0
[2026-07-01T03:25:40.923+0000] {logging_mixin.py:188} INFO - 03:25:40  Up to date!
[2026-07-01T03:25:40.924+0000] {logging_mixin.py:188} INFO - 03:25:40
[2026-07-01T03:25:40.925+0000] {logging_mixin.py:188} INFO - 03:25:40  Updates available for packages: ['dbt-labs/dbt_utils', 'metaplane/dbt_expectations']                 
Update your versions in packages.yml, then run dbt deps
[2026-07-01T03:25:42.321+0000] {runner.py:60} INFO - Trying to run dbtRunner with:
 ['run', '--models', 'stg__consumer_complaints', '--project-dir', '/tmp/tmp4_tx9cdx', '--profiles-dir', '/opt/airflow/dbt_transform', '--profile', 'lakehouse_dbt', '--target', 'dev', '--no-static-parser']
 in /tmp/tmp4_tx9cdx
[2026-07-01T03:25:42.345+0000] {logging_mixin.py:188} INFO - 03:25:42  Running with dbt=1.8.7
[2026-07-01T03:25:42.377+0000] {auth.py:343} INFO - keyring module not found. OAuth2 token will not be stored in keyring.
[2026-07-01T03:25:42.380+0000] {auth.py:343} INFO - keyring module not found. OAuth2 token will not be stored in keyring.
[2026-07-01T03:25:42.505+0000] {logging_mixin.py:188} INFO - 03:25:42  Registered adapter: trino=1.8.5
[2026-07-01T03:25:43.476+0000] {logging_mixin.py:188} INFO - 03:25:43  Found 7 models, 26 data tests, 1 source, 838 macros
[2026-07-01T03:25:43.479+0000] {logging_mixin.py:188} INFO - 03:25:43
[2026-07-01T03:25:43.515+0000] {logging_mixin.py:188} INFO - 03:25:43  [WARNING]: SSL certificate validation is disabled by default. It is legacy behavior which will be changed in future releases. It is strongly advised to enable `require_certificate_validation` flag or explicitly set `cert` configuration to `True` for security reasons. You may receive an error after that if your SSL setup is incorrect.
You may opt into the new behavior sooner by setting `flags.require_certificate_validation` to `True` in `dbt_project.yml`.
Visit https://docs.getdbt.com/reference/global-configs/behavior-changes for more information.
[2026-07-01T03:25:44.116+0000] {logging_mixin.py:188} INFO - 03:25:44  Concurrency: 4 threads (target='dev')
[2026-07-01T03:25:44.117+0000] {logging_mixin.py:188} INFO - 03:25:44
[2026-07-01T03:25:44.121+0000] {logging_mixin.py:188} INFO - 03:25:44  1 of 1 START sql table model silver.stg__consumer_complaints ................... [RUN]
[2026-07-01T03:25:48.101+0000] {logging_mixin.py:188} INFO - 03:25:48  1 of 1 OK created sql table model silver.stg__consumer_complaints .............. [CREATE TABLE (77_183 rows) in 3.98s]
[2026-07-01T03:25:48.105+0000] {logging_mixin.py:188} INFO - 03:25:48
[2026-07-01T03:25:48.106+0000] {logging_mixin.py:188} INFO - 03:25:48  Finished running 1 table model in 0 hours 0 minutes and 4.63 seconds (4.63s).
[2026-07-01T03:25:48.146+0000] {logging_mixin.py:188} INFO - 03:25:48
[2026-07-01T03:25:48.148+0000] {logging_mixin.py:188} INFO - 03:25:48  Completed successfully
[2026-07-01T03:25:48.149+0000] {logging_mixin.py:188} INFO - 03:25:48
[2026-07-01T03:25:48.150+0000] {logging_mixin.py:188} INFO - 03:25:48  Done. PASS=1 WARN=0 ERROR=0 SKIP=0 TOTAL=1
[2026-07-01T03:25:49.464+0000] {local.py:138} WARNING - Artifact schema version: https://schemas.getdbt.com/dbt/manifest/v12.json is above dbt-ol supported version 7. This might cause errors.
[2026-07-01T03:25:49.465+0000] {local.py:138} WARNING - Artifact schema version: https://schemas.getdbt.com/dbt/run-results/v6.json is above dbt-ol supported version 5. This might cause errors.
[2026-07-01T03:25:49.472+0000] {local.py:538} INFO - Inlets: []
[2026-07-01T03:25:49.473+0000] {local.py:539} INFO - Outlets: []
[2026-07-01T03:25:49.474+0000] {local.py:761} INFO - Assigning inlets/outlets without DatasetAlias
[2026-07-01T03:25:49.474+0000] {dag.py:3047} INFO - Sync 1 DAGs
[2026-07-01T03:25:49.551+0000] {taskinstance.py:1149} INFO - Marking task as SUCCESS. dag_id=dbt_silver_gold, task_id=silver_layer.stg__consumer_complaints.run, execution_date=20260630T000000, start_date=20260701T032528, end_date=20260701T032549
[2026-07-01T03:25:49.581+0000] {local_task_job_runner.py:234} INFO - Task exited with return code 0
[2026-07-01T03:25:49.833+0000] {taskinstance.py:3309} INFO - 1 downstream tasks scheduled from follow-on schedule check
[2026-07-01T04:04:49.711+0000] {taskinstance.py:1979} INFO - Dependencies all met for dep_context=non-requeueable deps ti=<TaskInstance: dbt_silver_gold.silver_layer.stg__consumer_complaints.run scheduled__2026-06-30T00:00:00+00:00 [queued]>
[2026-07-01T04:04:49.720+0000] {taskinstance.py:1979} INFO - Dependencies all met for dep_context=requeueable deps ti=<TaskInstance: dbt_silver_gold.silver_layer.stg__consumer_complaints.run scheduled__2026-06-30T00:00:00+00:00 [queued]>
[2026-07-01T04:04:49.721+0000] {taskinstance.py:2193} INFO - Starting attempt 1 of 1
[2026-07-01T04:04:49.733+0000] {taskinstance.py:2214} INFO - Executing <Task(DbtRunLocalOperator): silver_layer.stg__consumer_complaints.run> on 2026-06-30 00:00:00+00:00
[2026-07-01T04:04:49.739+0000] {standard_task_runner.py:60} INFO - Started process 347 to run task
[2026-07-01T04:04:49.741+0000] {standard_task_runner.py:87} INFO - Running: ['airflow', 'tasks', 'run', 'dbt_silver_gold', 'silver_layer.stg__consumer_complaints.run', 'scheduled__2026-06-30T00:00:00+00:00', '--job-id', '8', '--raw', '--subdir', 'DAGS_FOLDER/dbt_silver_gold.py', '--cfg-path', '/tmp/tmphgetgpsy']
[2026-07-01T04:04:49.744+0000] {standard_task_runner.py:88} INFO - Job 8: Subtask silver_layer.stg__consumer_complaints.run
[2026-07-01T04:04:49.847+0000] {task_command.py:423} INFO - Running <TaskInstance: dbt_silver_gold.silver_layer.stg__consumer_complaints.run scheduled__2026-06-30T00:00:00+00:00 [running]> on host 0f6ee0be5350
[2026-07-01T04:04:50.116+0000] {taskinstance.py:2510} INFO - Exporting env vars: AIRFLOW_CTX_DAG_OWNER='airflow' AIRFLOW_CTX_DAG_ID='dbt_silver_gold' AIRFLOW_CTX_TASK_ID='silver_layer.stg__consumer_complaints.run' AIRFLOW_CTX_EXECUTION_DATE='2026-06-30T00:00:00+00:00' AIRFLOW_CTX_TRY_NUMBER='1' AIRFLOW_CTX_DAG_RUN_ID='scheduled__2026-06-30T00:00:00+00:00'
[2026-07-01T04:04:50.877+0000] {local.py:244} INFO - dbtRunner is available. Using dbtRunner for invoking dbt.
[2026-07-01T04:04:50.878+0000] {local.py:464} INFO - Cloning project to writable temp directory /tmp/tmpxyupucrv from /opt/airflow/dbt_transform
[2026-07-01T04:04:50.888+0000] {local.py:484} INFO - Partial parse is enabled and the latest partial parse file is /tmp/cosmos/dbt_silver_gold__silver_layer/target/partial_parse.msgpack
[2026-07-01T04:04:50.898+0000] {config.py:360} INFO - Using user-supplied profiles.yml at /opt/airflow/dbt_transform/profiles.yml
[2026-07-01T04:04:50.907+0000] {runner.py:60} INFO - Trying to run dbtRunner with:
 ['deps', '--project-dir', '/tmp/tmpxyupucrv', '--profiles-dir', '/opt/airflow/dbt_transform', '--profile', 'lakehouse_dbt', '--target', 'dev', '--no-static-parser']
 in /tmp/tmpxyupucrv
[2026-07-01T04:04:50.969+0000] {logging_mixin.py:188} INFO - 04:04:50  Running with dbt=1.8.7
[2026-07-01T04:04:51.087+0000] {graph.py:611} INFO - Trying to parse the dbt project using dbt ls cache cosmos_cache__dbt_silver_gold__silver_layer...
[2026-07-01T04:04:53.973+0000] {cache.py:320} INFO - Cosmos performance: time to calculate cache identifier cosmos_cache__dbt_silver_gold__silver_layer for current version: 2.8755916629997955
[2026-07-01T04:04:53.974+0000] {graph.py:628} INFO - Cosmos performance [0f6ee0be5350|347]: The cache size for cosmos_cache__dbt_silver_gold__silver_layer is 2980
[2026-07-01T04:04:53.974+0000] {graph.py:636} INFO - Cosmos performance: Cache hit for cosmos_cache__dbt_silver_gold__silver_layer - 2f9e5d9673ea80ac326b267b22fd4057,5e34606eb5f2b3dea81a8e19fa3ba138
[2026-07-01T04:04:53.975+0000] {graph.py:561} INFO - Total nodes: 4
[2026-07-01T04:04:53.975+0000] {graph.py:562} INFO - Total filtered nodes: 4
[2026-07-01T04:04:53.976+0000] {converter.py:291} INFO - Cosmos performance (dbt_silver_gold__silver_layer) -  [0f6ee0be5350|347]: It took 2.89s to parse the dbt project for DAG using LoadMode.DBT_LS_CACHE
[2026-07-01T04:04:53.989+0000] {converter.py:336} INFO - Cosmos performance (dbt_silver_gold__silver_layer) - [0f6ee0be5350|347]: It took 0.0128s to build the Airflow DAG.
[2026-07-01T04:04:53.992+0000] {graph.py:611} INFO - Trying to parse the dbt project using dbt ls cache cosmos_cache__dbt_silver_gold__gold_layer...
[2026-07-01T04:04:56.909+0000] {cache.py:320} INFO - Cosmos performance: time to calculate cache identifier cosmos_cache__dbt_silver_gold__gold_layer for current version: 2.908340986999974
[2026-07-01T04:04:56.910+0000] {graph.py:628} INFO - Cosmos performance [0f6ee0be5350|347]: The cache size for cosmos_cache__dbt_silver_gold__gold_layer is 25877
[2026-07-01T04:04:56.911+0000] {graph.py:636} INFO - Cosmos performance: Cache hit for cosmos_cache__dbt_silver_gold__gold_layer - 2f9e5d9673ea80ac326b267b22fd4057,ac7630a6d06fb5316f29a961e174643b
[2026-07-01T04:04:56.911+0000] {graph.py:561} INFO - Total nodes: 30
[2026-07-01T04:04:56.911+0000] {graph.py:562} INFO - Total filtered nodes: 30
[2026-07-01T04:04:56.912+0000] {converter.py:291} INFO - Cosmos performance (dbt_silver_gold__gold_layer) -  [0f6ee0be5350|347]: It took 2.92s to parse the dbt project for DAG using LoadMode.DBT_LS_CACHE
[2026-07-01T04:04:56.943+0000] {converter.py:336} INFO - Cosmos performance (dbt_silver_gold__gold_layer) - [0f6ee0be5350|347]: It took 0.0313s to build the Airflow DAG.
[2026-07-01T04:04:57.925+0000] {logging_mixin.py:188} INFO - 04:04:57  Installing dbt-labs/dbt_utils
[2026-07-01T04:04:58.620+0000] {logging_mixin.py:188} INFO - 04:04:58  Installed from version 1.3.0
[2026-07-01T04:04:58.621+0000] {logging_mixin.py:188} INFO - 04:04:58  Updated version available: 1.4.1
[2026-07-01T04:04:58.622+0000] {logging_mixin.py:188} INFO - 04:04:58  Installing metaplane/dbt_expectations
[2026-07-01T04:04:59.604+0000] {logging_mixin.py:188} INFO - 04:04:59  Installed from version 0.10.8
[2026-07-01T04:04:59.605+0000] {logging_mixin.py:188} INFO - 04:04:59  Updated version available: 0.10.10
[2026-07-01T04:04:59.606+0000] {logging_mixin.py:188} INFO - 04:04:59  Installing godatadriven/dbt_date
[2026-07-01T04:05:00.205+0000] {logging_mixin.py:188} INFO - 04:05:00  Installed from version 0.15.0
[2026-07-01T04:05:00.206+0000] {logging_mixin.py:188} INFO - 04:05:00  Up to date!
[2026-07-01T04:05:00.208+0000] {logging_mixin.py:188} INFO - 04:05:00
[2026-07-01T04:05:00.209+0000] {logging_mixin.py:188} INFO - 04:05:00  Updates available for packages: ['dbt-labs/dbt_utils', 'metaplane/dbt_expectations']                 
Update your versions in packages.yml, then run dbt deps
[2026-07-01T04:05:02.089+0000] {runner.py:60} INFO - Trying to run dbtRunner with:
 ['run', '--models', 'stg__consumer_complaints', '--project-dir', '/tmp/tmpxyupucrv', '--profiles-dir', '/opt/airflow/dbt_transform', '--profile', 'lakehouse_dbt', '--target', 'dev', '--no-static-parser']
 in /tmp/tmpxyupucrv
[2026-07-01T04:05:02.113+0000] {logging_mixin.py:188} INFO - 04:05:02  Running with dbt=1.8.7
[2026-07-01T04:05:02.140+0000] {auth.py:343} INFO - keyring module not found. OAuth2 token will not be stored in keyring.
[2026-07-01T04:05:02.143+0000] {auth.py:343} INFO - keyring module not found. OAuth2 token will not be stored in keyring.
[2026-07-01T04:05:02.253+0000] {logging_mixin.py:188} INFO - 04:05:02  Registered adapter: trino=1.8.5
[2026-07-01T04:05:03.120+0000] {logging_mixin.py:188} INFO - 04:05:03  Found 7 models, 26 data tests, 1 source, 838 macros
[2026-07-01T04:05:03.122+0000] {logging_mixin.py:188} INFO - 04:05:03
[2026-07-01T04:05:03.162+0000] {logging_mixin.py:188} INFO - 04:05:03  [WARNING]: SSL certificate validation is disabled by default. It is legacy behavior which will be changed in future releases. It is strongly advised to enable `require_certificate_validation` flag or explicitly set `cert` configuration to `True` for security reasons. You may receive an error after that if your SSL setup is incorrect.
You may opt into the new behavior sooner by setting `flags.require_certificate_validation` to `True` in `dbt_project.yml`.
Visit https://docs.getdbt.com/reference/global-configs/behavior-changes for more information.
[2026-07-01T04:05:03.943+0000] {logging_mixin.py:188} INFO - 04:05:03  Concurrency: 4 threads (target='dev')
[2026-07-01T04:05:03.944+0000] {logging_mixin.py:188} INFO - 04:05:03
[2026-07-01T04:05:03.951+0000] {logging_mixin.py:188} INFO - 04:05:03  1 of 1 START sql table model silver.stg__consumer_complaints ................... [RUN]
[2026-07-01T04:05:06.999+0000] {logging_mixin.py:188} INFO - 04:05:06  1 of 1 OK created sql table model silver.stg__consumer_complaints .............. [CREATE TABLE (77_183 rows) in 3.05s]
[2026-07-01T04:05:07.007+0000] {logging_mixin.py:188} INFO - 04:05:07
[2026-07-01T04:05:07.008+0000] {logging_mixin.py:188} INFO - 04:05:07  Finished running 1 table model in 0 hours 0 minutes and 3.88 seconds (3.88s).
[2026-07-01T04:05:07.063+0000] {logging_mixin.py:188} INFO - 04:05:07
[2026-07-01T04:05:07.064+0000] {logging_mixin.py:188} INFO - 04:05:07  Completed successfully
[2026-07-01T04:05:07.066+0000] {logging_mixin.py:188} INFO - 04:05:07
[2026-07-01T04:05:07.067+0000] {logging_mixin.py:188} INFO - 04:05:07  Done. PASS=1 WARN=0 ERROR=0 SKIP=0 TOTAL=1
[2026-07-01T04:05:08.160+0000] {local.py:138} WARNING - Artifact schema version: https://schemas.getdbt.com/dbt/manifest/v12.json is above dbt-ol supported version 7. This might cause errors.
[2026-07-01T04:05:08.162+0000] {local.py:138} WARNING - Artifact schema version: https://schemas.getdbt.com/dbt/run-results/v6.json is above dbt-ol supported version 5. This might cause errors.
[2026-07-01T04:05:08.168+0000] {local.py:538} INFO - Inlets: []
[2026-07-01T04:05:08.169+0000] {local.py:539} INFO - Outlets: []
[2026-07-01T04:05:08.170+0000] {local.py:761} INFO - Assigning inlets/outlets without DatasetAlias
[2026-07-01T04:05:08.170+0000] {dag.py:3047} INFO - Sync 1 DAGs
[2026-07-01T04:05:08.242+0000] {taskinstance.py:1149} INFO - Marking task as SUCCESS. dag_id=dbt_silver_gold, task_id=silver_layer.stg__consumer_complaints.run, execution_date=20260630T000000, start_date=20260701T040449, end_date=20260701T040508
[2026-07-01T04:05:08.297+0000] {local_task_job_runner.py:234} INFO - Task exited with return code 0
[2026-07-01T04:05:08.476+0000] {taskinstance.py:3309} INFO - 1 downstream tasks scheduled from follow-on schedule check
