[2026-07-17T02:07:40.103+0000] {local_task_job_runner.py:123} INFO - ::group::Pre task execution logs
[2026-07-17T02:07:40.127+0000] {taskinstance.py:2612} INFO - Dependencies all met for dep_context=non-requeueable deps ti=<TaskInstance: wap_consumer_complaints_pipeline.dbt_transform.dim_issues.run scheduled__2026-07-16T00:00:00+00:00 [queued]>
[2026-07-17T02:07:40.138+0000] {taskinstance.py:2612} INFO - Dependencies all met for dep_context=requeueable deps ti=<TaskInstance: wap_consumer_complaints_pipeline.dbt_transform.dim_issues.run scheduled__2026-07-16T00:00:00+00:00 [queued]>
[2026-07-17T02:07:40.139+0000] {taskinstance.py:2865} INFO - Starting attempt 2 of 2
[2026-07-17T02:07:40.157+0000] {taskinstance.py:2888} INFO - Executing <Task(DbtRunLocalOperator): dbt_transform.dim_issues.run> on 2026-07-16 00:00:00+00:00
[2026-07-17T02:07:40.168+0000] {standard_task_runner.py:72} INFO - Started process 3274 to run task
[2026-07-17T02:07:40.173+0000] {standard_task_runner.py:104} INFO - Running: ['airflow', 'tasks', 'run', 'wap_consumer_complaints_pipeline', 'dbt_transform.dim_issues.run', 'scheduled__2026-07-16T00:00:00+00:00', '--job-id', '19', '--raw', '--subdir', 'DAGS_FOLDER/wap_consumer_complaints_pipeline.py', '--cfg-path', '/tmp/tmp2a8_dpm3']
[2026-07-17T02:07:40.175+0000] {standard_task_runner.py:105} INFO - Job 19: Subtask dbt_transform.dim_issues.run
[2026-07-17T02:07:40.270+0000] {task_command.py:467} INFO - Running <TaskInstance: wap_consumer_complaints_pipeline.dbt_transform.dim_issues.run scheduled__2026-07-16T00:00:00+00:00 [running]> on host e6c7c1682e85
[2026-07-17T02:07:40.393+0000] {taskinstance.py:3131} INFO - Exporting env vars: AIRFLOW_CTX_DAG_OWNER='data_engineer' AIRFLOW_CTX_DAG_ID='wap_consumer_complaints_pipeline' AIRFLOW_CTX_TASK_ID='dbt_transform.dim_issues.run' AIRFLOW_CTX_EXECUTION_DATE='2026-07-16T00:00:00+00:00' AIRFLOW_CTX_TRY_NUMBER='2' AIRFLOW_CTX_DAG_RUN_ID='scheduled__2026-07-16T00:00:00+00:00'
[2026-07-17T02:07:40.397+0000] {taskinstance.py:731} INFO - ::endgroup::
[2026-07-17T02:07:41.725+0000] {local.py:294} INFO - dbtRunner is available. Using dbtRunner for invoking dbt.
[2026-07-17T02:07:41.727+0000] {local.py:518} INFO - Cloning project to writable temp directory /tmp/tmpytgcug03 from /opt/airflow/dbt_transform
[2026-07-17T02:07:41.745+0000] {local.py:538} INFO - Partial parse is enabled and the latest partial parse file is /tmp/cosmos/wap_consumer_complaints_pipeline__dbt_transform/target/partial_parse.msgpack
[2026-07-17T02:07:41.763+0000] {config.py:395} INFO - Using user-supplied profiles.yml at /opt/airflow/dbt_transform/profiles.yml
[2026-07-17T02:07:41.777+0000] {runner.py:95} INFO - Trying to run dbtRunner with:
 ['deps', '--project-dir', '/tmp/tmpytgcug03', '--profiles-dir', '/opt/airflow/dbt_transform', '--profile', 'lakehouse_dbt', '--target', 'dev', '--no-static-parser']
 in /tmp/tmpytgcug03
[2026-07-17T02:07:41.871+0000] {logging_mixin.py:190} INFO - 02:07:41  Running with dbt=1.8.8
[2026-07-17T02:07:42.035+0000] {converter.py:314} INFO - ::group::Cosmos DAG parsing logs
[2026-07-17T02:07:42.039+0000] {graph.py:869} INFO - Trying to parse the dbt project using dbt ls cache cosmos_cache__dbt_silver_gold_incremental__transform_silver...
[2026-07-17T02:07:43.983+0000] {cache.py:383} INFO - Cosmos performance: time to calculate cache identifier cosmos_cache__dbt_silver_gold_incremental__transform_silver for current version: 1.9250618300002316
[2026-07-17T02:07:43.985+0000] {graph.py:886} INFO - Cosmos performance [e6c7c1682e85|3274]: The cache size for cosmos_cache__dbt_silver_gold_incremental__transform_silver is 5960
[2026-07-17T02:07:43.987+0000] {graph.py:898} INFO - Cosmos performance: Cache hit for cosmos_cache__dbt_silver_gold_incremental__transform_silver - 241f870d1aae7250659c27c5ef433ade,5e34606eb5f2b3dea81a8e19fa3ba138
[2026-07-17T02:07:43.989+0000] {graph.py:799} INFO - Total nodes: 7
[2026-07-17T02:07:43.991+0000] {graph.py:800} INFO - Total filtered nodes: 7
[2026-07-17T02:07:43.992+0000] {converter.py:361} INFO - Cosmos performance (dbt_silver_gold_incremental__transform_silver) - [e6c7c1682e85|3274]: It took 1.95s to parse the dbt project for DAG using dbt_ls_cache
[2026-07-17T02:07:44.008+0000] {converter.py:413} INFO - Cosmos performance (dbt_silver_gold_incremental__transform_silver) - [e6c7c1682e85|3274]: It took 0.0167s to build the Airflow DAG.
[2026-07-17T02:07:44.010+0000] {converter.py:420} INFO - ::endgroup::Cosmos DAG parsing logs
[2026-07-17T02:07:44.012+0000] {converter.py:314} INFO - ::group::Cosmos DAG parsing logs
[2026-07-17T02:07:44.016+0000] {graph.py:869} INFO - Trying to parse the dbt project using dbt ls cache cosmos_cache__dbt_silver_gold_incremental__transform_gold...
[2026-07-17T02:07:46.066+0000] {cache.py:383} INFO - Cosmos performance: time to calculate cache identifier cosmos_cache__dbt_silver_gold_incremental__transform_gold for current version: 2.0317233870000564
[2026-07-17T02:07:46.068+0000] {graph.py:886} INFO - Cosmos performance [e6c7c1682e85|3274]: The cache size for cosmos_cache__dbt_silver_gold_incremental__transform_gold is 35986
[2026-07-17T02:07:46.071+0000] {graph.py:898} INFO - Cosmos performance: Cache hit for cosmos_cache__dbt_silver_gold_incremental__transform_gold - 241f870d1aae7250659c27c5ef433ade,304321e940a9403dceb380589bd0566f
[2026-07-17T02:07:46.072+0000] {graph.py:799} INFO - Total nodes: 39
[2026-07-17T02:07:46.073+0000] {graph.py:800} INFO - Total filtered nodes: 39
[2026-07-17T02:07:46.074+0000] {converter.py:361} INFO - Cosmos performance (dbt_silver_gold_incremental__transform_gold) - [e6c7c1682e85|3274]: It took 2.06s to parse the dbt project for DAG using dbt_ls_cache
[2026-07-17T02:07:46.108+0000] {converter.py:413} INFO - Cosmos performance (dbt_silver_gold_incremental__transform_gold) - [e6c7c1682e85|3274]: It took 0.0334s to build the Airflow DAG.
[2026-07-17T02:07:46.109+0000] {converter.py:420} INFO - ::endgroup::Cosmos DAG parsing logs
[2026-07-17T02:07:46.112+0000] {converter.py:314} INFO - ::group::Cosmos DAG parsing logs
[2026-07-17T02:07:46.115+0000] {graph.py:869} INFO - Trying to parse the dbt project using dbt ls cache cosmos_cache__dbt_silver_gold_full_load__transform_silver...
[2026-07-17T02:07:48.118+0000] {cache.py:383} INFO - Cosmos performance: time to calculate cache identifier cosmos_cache__dbt_silver_gold_full_load__transform_silver for current version: 1.9923859950004044
[2026-07-17T02:07:48.119+0000] {graph.py:886} INFO - Cosmos performance [e6c7c1682e85|3274]: The cache size for cosmos_cache__dbt_silver_gold_full_load__transform_silver is 5960
[2026-07-17T02:07:48.121+0000] {graph.py:898} INFO - Cosmos performance: Cache hit for cosmos_cache__dbt_silver_gold_full_load__transform_silver - 241f870d1aae7250659c27c5ef433ade,5e34606eb5f2b3dea81a8e19fa3ba138
[2026-07-17T02:07:48.122+0000] {graph.py:799} INFO - Total nodes: 7
[2026-07-17T02:07:48.123+0000] {graph.py:800} INFO - Total filtered nodes: 7
[2026-07-17T02:07:48.124+0000] {converter.py:361} INFO - Cosmos performance (dbt_silver_gold_full_load__transform_silver) - [e6c7c1682e85|3274]: It took 2.01s to parse the dbt project for DAG using dbt_ls_cache
[2026-07-17T02:07:48.134+0000] {converter.py:413} INFO - Cosmos performance (dbt_silver_gold_full_load__transform_silver) - [e6c7c1682e85|3274]: It took 0.00929s to build the Airflow DAG.
[2026-07-17T02:07:48.135+0000] {converter.py:420} INFO - ::endgroup::Cosmos DAG parsing logs
[2026-07-17T02:07:48.137+0000] {converter.py:314} INFO - ::group::Cosmos DAG parsing logs
[2026-07-17T02:07:48.141+0000] {graph.py:869} INFO - Trying to parse the dbt project using dbt ls cache cosmos_cache__dbt_silver_gold_full_load__transform_gold...
[2026-07-17T02:07:50.060+0000] {cache.py:383} INFO - Cosmos performance: time to calculate cache identifier cosmos_cache__dbt_silver_gold_full_load__transform_gold for current version: 1.9077966069999093
[2026-07-17T02:07:50.061+0000] {graph.py:886} INFO - Cosmos performance [e6c7c1682e85|3274]: The cache size for cosmos_cache__dbt_silver_gold_full_load__transform_gold is 35986
[2026-07-17T02:07:50.063+0000] {graph.py:898} INFO - Cosmos performance: Cache hit for cosmos_cache__dbt_silver_gold_full_load__transform_gold - 241f870d1aae7250659c27c5ef433ade,304321e940a9403dceb380589bd0566f
[2026-07-17T02:07:50.065+0000] {graph.py:799} INFO - Total nodes: 39
[2026-07-17T02:07:50.067+0000] {graph.py:800} INFO - Total filtered nodes: 39
[2026-07-17T02:07:50.068+0000] {converter.py:361} INFO - Cosmos performance (dbt_silver_gold_full_load__transform_gold) - [e6c7c1682e85|3274]: It took 1.93s to parse the dbt project for DAG using dbt_ls_cache
[2026-07-17T02:07:50.103+0000] {converter.py:413} INFO - Cosmos performance (dbt_silver_gold_full_load__transform_gold) - [e6c7c1682e85|3274]: It took 0.0344s to build the Airflow DAG.
[2026-07-17T02:07:50.104+0000] {converter.py:420} INFO - ::endgroup::Cosmos DAG parsing logs
[2026-07-17T02:07:50.876+0000] {logging_mixin.py:190} INFO - 02:07:50  Installing dbt-labs/dbt_utils
[2026-07-17T02:07:51.505+0000] {logging_mixin.py:190} INFO - 02:07:51  Installed from version 1.3.0
[2026-07-17T02:07:51.507+0000] {logging_mixin.py:190} INFO - 02:07:51  Updated version available: 1.4.1
[2026-07-17T02:07:51.509+0000] {logging_mixin.py:190} INFO - 02:07:51  Installing metaplane/dbt_expectations
[2026-07-17T02:07:53.389+0000] {logging_mixin.py:190} INFO - 02:07:53  Installed from version 0.10.8
[2026-07-17T02:07:53.392+0000] {logging_mixin.py:190} INFO - 02:07:53  Updated version available: 0.10.10
[2026-07-17T02:07:53.394+0000] {logging_mixin.py:190} INFO - 02:07:53  Installing godatadriven/dbt_date
[2026-07-17T02:07:53.940+0000] {logging_mixin.py:190} INFO - 02:07:53  Installed from version 0.15.0
[2026-07-17T02:07:53.941+0000] {logging_mixin.py:190} INFO - 02:07:53  Up to date!
[2026-07-17T02:07:53.943+0000] {logging_mixin.py:190} INFO - 02:07:53
[2026-07-17T02:07:53.944+0000] {logging_mixin.py:190} INFO - 02:07:53  Updates available for packages: ['dbt-labs/dbt_utils', 'metaplane/dbt_expectations']                 
Update your versions in packages.yml, then run dbt deps
[2026-07-17T02:07:55.037+0000] {runner.py:95} INFO - Trying to run dbtRunner with:
 ['run', '--select', 'fqn:consumer_complaints_transformation.marts.dim_issues', '--project-dir', '/tmp/tmpytgcug03', '--profiles-dir', '/opt/airflow/dbt_transform', '--profile', 'lakehouse_dbt', '--target', 'dev', '--no-static-parser']
 in /tmp/tmpytgcug03
[2026-07-17T02:07:55.062+0000] {logging_mixin.py:190} INFO - 02:07:55  Running with dbt=1.8.8
[2026-07-17T02:07:55.085+0000] {auth.py:343} INFO - keyring module not found. OAuth2 token will not be stored in keyring.
[2026-07-17T02:07:55.089+0000] {auth.py:343} INFO - keyring module not found. OAuth2 token will not be stored in keyring.
[2026-07-17T02:07:55.227+0000] {logging_mixin.py:190} INFO - 02:07:55  Registered adapter: trino=1.8.5
[2026-07-17T02:07:56.344+0000] {logging_mixin.py:190} INFO - 02:07:56  Found 8 models, 40 data tests, 1 source, 9 metrics, 839 macros, 5 semantic models
[2026-07-17T02:07:56.350+0000] {logging_mixin.py:190} INFO - 02:07:56
[2026-07-17T02:07:56.402+0000] {logging_mixin.py:190} INFO - 02:07:56  [WARNING]: SSL certificate validation is disabled by default. It is legacy behavior which will be changed in future releases. It is strongly advised to enable `require_certificate_validation` flag or explicitly set `cert` configuration to `True` for security reasons. You may receive an error after that if your SSL setup is incorrect.
You may opt into the new behavior sooner by setting `flags.require_certificate_validation` to `True` in `dbt_project.yml`.
Visit https://docs.getdbt.com/reference/global-configs/behavior-changes for more information.
[2026-07-17T02:07:57.316+0000] {logging_mixin.py:190} INFO - 02:07:57  Concurrency: 1 threads (target='dev')
[2026-07-17T02:07:57.320+0000] {logging_mixin.py:190} INFO - 02:07:57
[2026-07-17T02:07:57.341+0000] {logging_mixin.py:190} INFO - 02:07:57  1 of 1 START sql incremental model gold.dim_issues@etl_20260716_000000 ......... [RUN]
[2026-07-17T02:07:57.589+0000] {logging_mixin.py:190} INFO - 02:07:57  1 of 1 ERROR creating sql incremental model gold.dim_issues@etl_20260716_000000  [ERROR in 0.24s]
[2026-07-17T02:07:57.602+0000] {logging_mixin.py:190} INFO - 02:07:57
[2026-07-17T02:07:57.611+0000] {logging_mixin.py:190} INFO - 02:07:57  Finished running 1 incremental model in 0 hours 0 minutes and 1.25 seconds (1.25s).
[2026-07-17T02:07:57.729+0000] {logging_mixin.py:190} INFO - 02:07:57
[2026-07-17T02:07:57.732+0000] {logging_mixin.py:190} INFO - 02:07:57  Completed with 1 error and 0 warnings:
[2026-07-17T02:07:57.736+0000] {logging_mixin.py:190} INFO - 02:07:57
[2026-07-17T02:07:57.739+0000] {logging_mixin.py:190} INFO - 02:07:57    Database Error in model dim_issues (models/marts/dim_issues.sql)
  TrinoExternalError(type=EXTERNAL, name=ICEBERG_CATALOG_ERROR, message="Failed to load view 'stg__consumer_complaints@etl_20260716_000000'", query_id=20260717_020200_00047_hjtsz)
  compiled code at target/run/consumer_complaints_transformation/models/marts/dim_issues.sql
[2026-07-17T02:07:57.743+0000] {logging_mixin.py:190} INFO - 02:07:57
[2026-07-17T02:07:57.747+0000] {logging_mixin.py:190} INFO - 02:07:57  Done. PASS=0 WARN=0 ERROR=1 SKIP=0 TOTAL=1
[2026-07-17T02:07:58.952+0000] {local.py:196} WARNING - Artifact schema version: https://schemas.getdbt.com/dbt/manifest/v12.json is above dbt-ol supported version 7. This might cause errors.
[2026-07-17T02:07:58.962+0000] {local.py:594} INFO - Inlets: []
[2026-07-17T02:07:58.965+0000] {local.py:595} INFO - Outlets: []
[2026-07-17T02:07:58.967+0000] {local.py:886} INFO - Assigning inlets/outlets with DatasetAlias in Airflow 2
[2026-07-17T02:07:59.008+0000] {taskinstance.py:3310} ERROR - Task failed with exception
Traceback (most recent call last):
  File "/home/airflow/.local/lib/python3.10/site-packages/airflow/models/taskinstance.py", line 767, in _execute_task
    result = _execute_callable(context=context, **execute_callable_kwargs)
  File "/home/airflow/.local/lib/python3.10/site-packages/airflow/models/taskinstance.py", line 733, in _execute_callable
    return ExecutionCallableRunner(
  File "/home/airflow/.local/lib/python3.10/site-packages/airflow/utils/operator_helpers.py", line 252, in run
    return self.func(*args, **kwargs)
  File "/home/airflow/.local/lib/python3.10/site-packages/cosmos/operators/base.py", line 346, in execute
    self.build_and_run_cmd(context=context, cmd_flags=self.add_cmd_flags(), **kwargs)
  File "/home/airflow/.local/lib/python3.10/site-packages/cosmos/operators/local.py", line 968, in build_and_run_cmd
    result = self.run_command(
  File "/home/airflow/.local/lib/python3.10/site-packages/cosmos/operators/local.py", line 743, in run_command
    self.handle_exception(result)
  File "/home/airflow/.local/lib/python3.10/site-packages/cosmos/operators/local.py", line 308, in handle_exception_dbt_runner
    return dbt_runner.handle_exception_if_needed(result)
  File "/home/airflow/.local/lib/python3.10/site-packages/cosmos/dbt/runner.py", line 156, in handle_exception_if_needed
    raise CosmosDbtRunError(f"dbt invocation completed with errors: {error_message}")
cosmos.exceptions.CosmosDbtRunError: dbt invocation completed with errors: dim_issues: Database Error in model dim_issues (models/marts/dim_issues.sql)
  TrinoExternalError(type=EXTERNAL, name=ICEBERG_CATALOG_ERROR, message="Failed to load view 'stg__consumer_complaints@etl_20260716_000000'", query_id=20260717_020200_00047_hjtsz)
  compiled code at target/run/consumer_complaints_transformation/models/marts/dim_issues.sql
[2026-07-17T02:07:59.908+0000] {_client.py:1026} INFO - HTTP Request: GET https://astronomer.gateway.scarf.sh/astronomer-cosmos/v3/task_instance?cosmos_version=1.15.0&airflow_version=2.10.2&python_version=3.10.15&platform_system=Linux&platform_machine=x86_64&status=failed&operator_name=DbtRunLocalOperator&is_cosmos_operator_subclass=False&invocation_mode=dbt_runner&execution_mode=local&profile_strategy=yaml_file&profile_mapping_class=None&database=trino&is_mapped_task=False&dbt_command=run&install_deps=True&has_callback=False&duration=18.896319 "HTTP/1.1 200 OK"
[2026-07-17T02:07:59.910+0000] {taskinstance.py:1225} INFO - Marking task as FAILED. dag_id=wap_consumer_complaints_pipeline, task_id=dbt_transform.dim_issues.run, run_id=scheduled__2026-07-16T00:00:00+00:00, execution_date=20260716T000000, start_date=20260717T020740, end_date=20260717T020759
[2026-07-17T02:07:59.933+0000] {taskinstance.py:340} INFO - ::group::Post task execution logs
[2026-07-17T02:07:59.936+0000] {standard_task_runner.py:124} ERROR - Failed to execute job 19 for task dbt_transform.dim_issues.run (dbt invocation completed with errors: dim_issues: Database Error in model dim_issues (models/marts/dim_issues.sql)
  TrinoExternalError(type=EXTERNAL, name=ICEBERG_CATALOG_ERROR, message="Failed to load view 'stg__consumer_complaints@etl_20260716_000000'", query_id=20260717_020200_00047_hjtsz)
  compiled code at target/run/consumer_complaints_transformation/models/marts/dim_issues.sql; 3274)
Traceback (most recent call last):
  File "/home/airflow/.local/lib/python3.10/site-packages/airflow/task/task_runner/standard_task_runner.py", line 117, in _start_by_fork
    ret = args.func(args, dag=self.dag)
  File "/home/airflow/.local/lib/python3.10/site-packages/airflow/cli/cli_config.py", line 49, in command
    return func(*args, **kwargs)
  File "/home/airflow/.local/lib/python3.10/site-packages/airflow/utils/cli.py", line 115, in wrapper
    return f(*args, **kwargs)
  File "/home/airflow/.local/lib/python3.10/site-packages/airflow/cli/commands/task_command.py", line 483, in task_run
    task_return_code = _run_task_by_selected_method(args, _dag, ti)
  File "/home/airflow/.local/lib/python3.10/site-packages/airflow/cli/commands/task_command.py", line 256, in _run_task_by_selected_method
    return _run_raw_task(args, ti)
  File "/home/airflow/.local/lib/python3.10/site-packages/airflow/cli/commands/task_command.py", line 341, in _run_raw_task
    return ti._run_raw_task(
  File "/home/airflow/.local/lib/python3.10/site-packages/airflow/utils/session.py", line 97, in wrapper
    return func(*args, session=session, **kwargs)
  File "/home/airflow/.local/lib/python3.10/site-packages/airflow/models/taskinstance.py", line 3004, in _run_raw_task
    return _run_raw_task(
  File "/home/airflow/.local/lib/python3.10/site-packages/airflow/models/taskinstance.py", line 273, in _run_raw_task
    TaskInstance._execute_task_with_callbacks(
  File "/home/airflow/.local/lib/python3.10/site-packages/airflow/models/taskinstance.py", line 3158, in _execute_task_with_callbacks
    result = self._execute_task(context, task_orig)
  File "/home/airflow/.local/lib/python3.10/site-packages/airflow/models/taskinstance.py", line 3182, in _execute_task
    return _execute_task(self, context, task_orig)
  File "/home/airflow/.local/lib/python3.10/site-packages/airflow/models/taskinstance.py", line 767, in _execute_task
    result = _execute_callable(context=context, **execute_callable_kwargs)
  File "/home/airflow/.local/lib/python3.10/site-packages/airflow/models/taskinstance.py", line 733, in _execute_callable
    return ExecutionCallableRunner(
  File "/home/airflow/.local/lib/python3.10/site-packages/airflow/utils/operator_helpers.py", line 252, in run
    return self.func(*args, **kwargs)
  File "/home/airflow/.local/lib/python3.10/site-packages/cosmos/operators/base.py", line 346, in execute
    self.build_and_run_cmd(context=context, cmd_flags=self.add_cmd_flags(), **kwargs)
  File "/home/airflow/.local/lib/python3.10/site-packages/cosmos/operators/local.py", line 968, in build_and_run_cmd
    result = self.run_command(
  File "/home/airflow/.local/lib/python3.10/site-packages/cosmos/operators/local.py", line 743, in run_command
    self.handle_exception(result)
  File "/home/airflow/.local/lib/python3.10/site-packages/cosmos/operators/local.py", line 308, in handle_exception_dbt_runner
    return dbt_runner.handle_exception_if_needed(result)
  File "/home/airflow/.local/lib/python3.10/site-packages/cosmos/dbt/runner.py", line 156, in handle_exception_if_needed
    raise CosmosDbtRunError(f"dbt invocation completed with errors: {error_message}")
cosmos.exceptions.CosmosDbtRunError: dbt invocation completed with errors: dim_issues: Database Error in model dim_issues (models/marts/dim_issues.sql)
  TrinoExternalError(type=EXTERNAL, name=ICEBERG_CATALOG_ERROR, message="Failed to load view 'stg__consumer_complaints@etl_20260716_000000'", query_id=20260717_020200_00047_hjtsz)
  compiled code at target/run/consumer_complaints_transformation/models/marts/dim_issues.sql
[2026-07-17T02:07:59.963+0000] {local_task_job_runner.py:266} INFO - Task exited with return code 1
[2026-07-17T02:07:59.984+0000] {local_task_job_runner.py:245} INFO - ::endgroup::
[2026-07-17T02:58:24.428+0000] {local_task_job_runner.py:123} INFO - ::group::Pre task execution logs
[2026-07-17T02:58:24.455+0000] {taskinstance.py:2612} INFO - Dependencies all met for dep_context=non-requeueable deps ti=<TaskInstance: wap_consumer_complaints_pipeline.dbt_transform.dim_issues.run scheduled__2026-07-16T00:00:00+00:00 [queued]>
[2026-07-17T02:58:24.466+0000] {taskinstance.py:2612} INFO - Dependencies all met for dep_context=requeueable deps ti=<TaskInstance: wap_consumer_complaints_pipeline.dbt_transform.dim_issues.run scheduled__2026-07-16T00:00:00+00:00 [queued]>
[2026-07-17T02:58:24.468+0000] {taskinstance.py:2865} INFO - Starting attempt 2 of 2
[2026-07-17T02:58:24.488+0000] {taskinstance.py:2888} INFO - Executing <Task(DbtRunLocalOperator): dbt_transform.dim_issues.run> on 2026-07-16 00:00:00+00:00
[2026-07-17T02:58:24.499+0000] {standard_task_runner.py:72} INFO - Started process 1774 to run task
[2026-07-17T02:58:24.508+0000] {standard_task_runner.py:104} INFO - Running: ['airflow', 'tasks', 'run', 'wap_consumer_complaints_pipeline', 'dbt_transform.dim_issues.run', 'scheduled__2026-07-16T00:00:00+00:00', '--job-id', '19', '--raw', '--subdir', 'DAGS_FOLDER/wap_consumer_complaints_pipeline.py', '--cfg-path', '/tmp/tmp_4a51ddg']
[2026-07-17T02:58:24.511+0000] {standard_task_runner.py:105} INFO - Job 19: Subtask dbt_transform.dim_issues.run
[2026-07-17T02:58:24.621+0000] {task_command.py:467} INFO - Running <TaskInstance: wap_consumer_complaints_pipeline.dbt_transform.dim_issues.run scheduled__2026-07-16T00:00:00+00:00 [running]> on host e3287f191908
[2026-07-17T02:58:24.762+0000] {taskinstance.py:3131} INFO - Exporting env vars: AIRFLOW_CTX_DAG_OWNER='data_engineer' AIRFLOW_CTX_DAG_ID='wap_consumer_complaints_pipeline' AIRFLOW_CTX_TASK_ID='dbt_transform.dim_issues.run' AIRFLOW_CTX_EXECUTION_DATE='2026-07-16T00:00:00+00:00' AIRFLOW_CTX_TRY_NUMBER='2' AIRFLOW_CTX_DAG_RUN_ID='scheduled__2026-07-16T00:00:00+00:00'
[2026-07-17T02:58:24.765+0000] {taskinstance.py:731} INFO - ::endgroup::
[2026-07-17T02:58:26.291+0000] {local.py:294} INFO - dbtRunner is available. Using dbtRunner for invoking dbt.
[2026-07-17T02:58:26.293+0000] {local.py:518} INFO - Cloning project to writable temp directory /tmp/tmpiylkd0o8 from /opt/airflow/dbt_transform
[2026-07-17T02:58:26.309+0000] {local.py:538} INFO - Partial parse is enabled and the latest partial parse file is /tmp/cosmos/wap_consumer_complaints_pipeline__dbt_transform/target/partial_parse.msgpack
[2026-07-17T02:58:26.322+0000] {config.py:395} INFO - Using user-supplied profiles.yml at /opt/airflow/dbt_transform/profiles.yml
[2026-07-17T02:58:26.335+0000] {runner.py:95} INFO - Trying to run dbtRunner with:
 ['deps', '--project-dir', '/tmp/tmpiylkd0o8', '--profiles-dir', '/opt/airflow/dbt_transform', '--profile', 'lakehouse_dbt', '--target', 'dev', '--no-static-parser']
 in /tmp/tmpiylkd0o8
[2026-07-17T02:58:26.430+0000] {logging_mixin.py:190} INFO - 02:58:26  Running with dbt=1.8.8
[2026-07-17T02:58:26.613+0000] {converter.py:314} INFO - ::group::Cosmos DAG parsing logs
[2026-07-17T02:58:26.617+0000] {graph.py:869} INFO - Trying to parse the dbt project using dbt ls cache cosmos_cache__dbt_silver_gold_incremental__transform_silver...
[2026-07-17T02:58:28.560+0000] {cache.py:383} INFO - Cosmos performance: time to calculate cache identifier cosmos_cache__dbt_silver_gold_incremental__transform_silver for current version: 1.9267989050000551
[2026-07-17T02:58:28.561+0000] {graph.py:886} INFO - Cosmos performance [e3287f191908|1774]: The cache size for cosmos_cache__dbt_silver_gold_incremental__transform_silver is 5960
[2026-07-17T02:58:28.563+0000] {graph.py:898} INFO - Cosmos performance: Cache hit for cosmos_cache__dbt_silver_gold_incremental__transform_silver - e0ec0cb5a1bebdb5ac7da9a4d415ea9d,5e34606eb5f2b3dea81a8e19fa3ba138
[2026-07-17T02:58:28.565+0000] {graph.py:799} INFO - Total nodes: 7
[2026-07-17T02:58:28.568+0000] {graph.py:800} INFO - Total filtered nodes: 7
[2026-07-17T02:58:28.570+0000] {converter.py:361} INFO - Cosmos performance (dbt_silver_gold_incremental__transform_silver) - [e3287f191908|1774]: It took 1.95s to parse the dbt project for DAG using dbt_ls_cache
[2026-07-17T02:58:28.585+0000] {converter.py:413} INFO - Cosmos performance (dbt_silver_gold_incremental__transform_silver) - [e3287f191908|1774]: It took 0.0155s to build the Airflow DAG.
[2026-07-17T02:58:28.587+0000] {converter.py:420} INFO - ::endgroup::Cosmos DAG parsing logs
[2026-07-17T02:58:28.588+0000] {converter.py:314} INFO - ::group::Cosmos DAG parsing logs
[2026-07-17T02:58:28.592+0000] {graph.py:869} INFO - Trying to parse the dbt project using dbt ls cache cosmos_cache__dbt_silver_gold_incremental__transform_gold...
[2026-07-17T02:58:30.541+0000] {cache.py:383} INFO - Cosmos performance: time to calculate cache identifier cosmos_cache__dbt_silver_gold_incremental__transform_gold for current version: 1.9361160400000017
[2026-07-17T02:58:30.543+0000] {graph.py:886} INFO - Cosmos performance [e3287f191908|1774]: The cache size for cosmos_cache__dbt_silver_gold_incremental__transform_gold is 35986
[2026-07-17T02:58:30.545+0000] {graph.py:898} INFO - Cosmos performance: Cache hit for cosmos_cache__dbt_silver_gold_incremental__transform_gold - e0ec0cb5a1bebdb5ac7da9a4d415ea9d,304321e940a9403dceb380589bd0566f
[2026-07-17T02:58:30.547+0000] {graph.py:799} INFO - Total nodes: 39
[2026-07-17T02:58:30.548+0000] {graph.py:800} INFO - Total filtered nodes: 39
[2026-07-17T02:58:30.550+0000] {converter.py:361} INFO - Cosmos performance (dbt_silver_gold_incremental__transform_gold) - [e3287f191908|1774]: It took 1.96s to parse the dbt project for DAG using dbt_ls_cache
[2026-07-17T02:58:30.584+0000] {converter.py:413} INFO - Cosmos performance (dbt_silver_gold_incremental__transform_gold) - [e3287f191908|1774]: It took 0.0349s to build the Airflow DAG.
[2026-07-17T02:58:30.586+0000] {converter.py:420} INFO - ::endgroup::Cosmos DAG parsing logs
[2026-07-17T02:58:30.589+0000] {converter.py:314} INFO - ::group::Cosmos DAG parsing logs
[2026-07-17T02:58:30.592+0000] {graph.py:869} INFO - Trying to parse the dbt project using dbt ls cache cosmos_cache__dbt_silver_gold_full_load__transform_silver...
[2026-07-17T02:58:32.657+0000] {cache.py:383} INFO - Cosmos performance: time to calculate cache identifier cosmos_cache__dbt_silver_gold_full_load__transform_silver for current version: 2.0460086819999788
[2026-07-17T02:58:32.659+0000] {graph.py:886} INFO - Cosmos performance [e3287f191908|1774]: The cache size for cosmos_cache__dbt_silver_gold_full_load__transform_silver is 5960
[2026-07-17T02:58:32.662+0000] {graph.py:898} INFO - Cosmos performance: Cache hit for cosmos_cache__dbt_silver_gold_full_load__transform_silver - e0ec0cb5a1bebdb5ac7da9a4d415ea9d,5e34606eb5f2b3dea81a8e19fa3ba138
[2026-07-17T02:58:32.664+0000] {graph.py:799} INFO - Total nodes: 7
[2026-07-17T02:58:32.667+0000] {graph.py:800} INFO - Total filtered nodes: 7
[2026-07-17T02:58:32.670+0000] {converter.py:361} INFO - Cosmos performance (dbt_silver_gold_full_load__transform_silver) - [e3287f191908|1774]: It took 2.08s to parse the dbt project for DAG using dbt_ls_cache
[2026-07-17T02:58:32.687+0000] {converter.py:413} INFO - Cosmos performance (dbt_silver_gold_full_load__transform_silver) - [e3287f191908|1774]: It took 0.0166s to build the Airflow DAG.
[2026-07-17T02:58:32.690+0000] {converter.py:420} INFO - ::endgroup::Cosmos DAG parsing logs
[2026-07-17T02:58:32.694+0000] {converter.py:314} INFO - ::group::Cosmos DAG parsing logs
[2026-07-17T02:58:32.699+0000] {graph.py:869} INFO - Trying to parse the dbt project using dbt ls cache cosmos_cache__dbt_silver_gold_full_load__transform_gold...
[2026-07-17T02:58:34.780+0000] {cache.py:383} INFO - Cosmos performance: time to calculate cache identifier cosmos_cache__dbt_silver_gold_full_load__transform_gold for current version: 2.0569269069999336
[2026-07-17T02:58:34.781+0000] {graph.py:886} INFO - Cosmos performance [e3287f191908|1774]: The cache size for cosmos_cache__dbt_silver_gold_full_load__transform_gold is 35986
[2026-07-17T02:58:34.784+0000] {graph.py:898} INFO - Cosmos performance: Cache hit for cosmos_cache__dbt_silver_gold_full_load__transform_gold - e0ec0cb5a1bebdb5ac7da9a4d415ea9d,304321e940a9403dceb380589bd0566f
[2026-07-17T02:58:34.785+0000] {graph.py:799} INFO - Total nodes: 39
[2026-07-17T02:58:34.787+0000] {graph.py:800} INFO - Total filtered nodes: 39
[2026-07-17T02:58:34.788+0000] {converter.py:361} INFO - Cosmos performance (dbt_silver_gold_full_load__transform_gold) - [e3287f191908|1774]: It took 2.09s to parse the dbt project for DAG using dbt_ls_cache
[2026-07-17T02:58:34.824+0000] {converter.py:413} INFO - Cosmos performance (dbt_silver_gold_full_load__transform_gold) - [e3287f191908|1774]: It took 0.036s to build the Airflow DAG.
[2026-07-17T02:58:34.826+0000] {converter.py:420} INFO - ::endgroup::Cosmos DAG parsing logs
[2026-07-17T02:58:35.506+0000] {logging_mixin.py:190} INFO - 02:58:35  Installing dbt-labs/dbt_utils
[2026-07-17T02:58:36.160+0000] {logging_mixin.py:190} INFO - 02:58:36  Installed from version 1.3.0
[2026-07-17T02:58:36.162+0000] {logging_mixin.py:190} INFO - 02:58:36  Updated version available: 1.4.1
[2026-07-17T02:58:36.164+0000] {logging_mixin.py:190} INFO - 02:58:36  Installing metaplane/dbt_expectations
[2026-07-17T02:58:37.362+0000] {logging_mixin.py:190} INFO - 02:58:37  Installed from version 0.10.8
[2026-07-17T02:58:37.364+0000] {logging_mixin.py:190} INFO - 02:58:37  Updated version available: 0.10.10
[2026-07-17T02:58:37.366+0000] {logging_mixin.py:190} INFO - 02:58:37  Installing godatadriven/dbt_date
[2026-07-17T02:58:37.946+0000] {logging_mixin.py:190} INFO - 02:58:37  Installed from version 0.15.0
[2026-07-17T02:58:37.948+0000] {logging_mixin.py:190} INFO - 02:58:37  Up to date!
[2026-07-17T02:58:37.952+0000] {logging_mixin.py:190} INFO - 02:58:37
[2026-07-17T02:58:37.955+0000] {logging_mixin.py:190} INFO - 02:58:37  Updates available for packages: ['dbt-labs/dbt_utils', 'metaplane/dbt_expectations']                 
Update your versions in packages.yml, then run dbt deps
[2026-07-17T02:58:39.331+0000] {runner.py:95} INFO - Trying to run dbtRunner with:
 ['run', '--select', 'fqn:consumer_complaints_transformation.marts.dim_issues', '--project-dir', '/tmp/tmpiylkd0o8', '--profiles-dir', '/opt/airflow/dbt_transform', '--profile', 'lakehouse_dbt', '--target', 'dev', '--no-static-parser']
 in /tmp/tmpiylkd0o8
[2026-07-17T02:58:39.365+0000] {logging_mixin.py:190} INFO - 02:58:39  Running with dbt=1.8.8
[2026-07-17T02:58:39.409+0000] {auth.py:343} INFO - keyring module not found. OAuth2 token will not be stored in keyring.
[2026-07-17T02:58:39.414+0000] {auth.py:343} INFO - keyring module not found. OAuth2 token will not be stored in keyring.
[2026-07-17T02:58:39.681+0000] {logging_mixin.py:190} INFO - 02:58:39  Registered adapter: trino=1.8.5
[2026-07-17T02:58:41.714+0000] {logging_mixin.py:190} INFO - 02:58:41  Found 8 models, 40 data tests, 1 source, 9 metrics, 839 macros, 5 semantic models
[2026-07-17T02:58:41.722+0000] {logging_mixin.py:190} INFO - 02:58:41
[2026-07-17T02:58:41.791+0000] {logging_mixin.py:190} INFO - 02:58:41  [WARNING]: SSL certificate validation is disabled by default. It is legacy behavior which will be changed in future releases. It is strongly advised to enable `require_certificate_validation` flag or explicitly set `cert` configuration to `True` for security reasons. You may receive an error after that if your SSL setup is incorrect.
You may opt into the new behavior sooner by setting `flags.require_certificate_validation` to `True` in `dbt_project.yml`.
Visit https://docs.getdbt.com/reference/global-configs/behavior-changes for more information.
[2026-07-17T02:58:43.746+0000] {logging_mixin.py:190} INFO - 02:58:43  Concurrency: 1 threads (target='dev')
[2026-07-17T02:58:43.751+0000] {logging_mixin.py:190} INFO - 02:58:43
[2026-07-17T02:58:43.760+0000] {logging_mixin.py:190} INFO - 02:58:43  1 of 1 START sql incremental model gold.dim_issues@etl_20260716_000000 ......... [RUN]
[2026-07-17T02:58:44.048+0000] {logging_mixin.py:190} INFO - 02:58:44  1 of 1 ERROR creating sql incremental model gold.dim_issues@etl_20260716_000000  [ERROR in 0.28s]
[2026-07-17T02:58:44.066+0000] {logging_mixin.py:190} INFO - 02:58:44
[2026-07-17T02:58:44.070+0000] {logging_mixin.py:190} INFO - 02:58:44  Finished running 1 incremental model in 0 hours 0 minutes and 2.34 seconds (2.34s).
[2026-07-17T02:58:44.208+0000] {logging_mixin.py:190} INFO - 02:58:44
[2026-07-17T02:58:44.219+0000] {logging_mixin.py:190} INFO - 02:58:44  Completed with 1 error and 0 warnings:
[2026-07-17T02:58:44.223+0000] {logging_mixin.py:190} INFO - 02:58:44
[2026-07-17T02:58:44.228+0000] {logging_mixin.py:190} INFO - 02:58:44    Database Error in model dim_issues (models/marts/dim_issues.sql)
  TrinoExternalError(type=EXTERNAL, name=ICEBERG_CATALOG_ERROR, message="Failed to load view 'stg__consumer_complaints@etl_20260716_000000'", query_id=20260717_025844_00056_dskgu)
  compiled code at target/run/consumer_complaints_transformation/models/marts/dim_issues.sql
[2026-07-17T02:58:44.233+0000] {logging_mixin.py:190} INFO - 02:58:44
[2026-07-17T02:58:44.237+0000] {logging_mixin.py:190} INFO - 02:58:44  Done. PASS=0 WARN=0 ERROR=1 SKIP=0 TOTAL=1
[2026-07-17T02:58:45.546+0000] {local.py:196} WARNING - Artifact schema version: https://schemas.getdbt.com/dbt/manifest/v12.json is above dbt-ol supported version 7. This might cause errors.
[2026-07-17T02:58:45.556+0000] {local.py:594} INFO - Inlets: []
[2026-07-17T02:58:45.558+0000] {local.py:595} INFO - Outlets: []
[2026-07-17T02:58:45.560+0000] {local.py:886} INFO - Assigning inlets/outlets with DatasetAlias in Airflow 2
[2026-07-17T02:58:45.611+0000] {taskinstance.py:3310} ERROR - Task failed with exception
Traceback (most recent call last):
  File "/home/airflow/.local/lib/python3.10/site-packages/airflow/models/taskinstance.py", line 767, in _execute_task
    result = _execute_callable(context=context, **execute_callable_kwargs)
  File "/home/airflow/.local/lib/python3.10/site-packages/airflow/models/taskinstance.py", line 733, in _execute_callable
    return ExecutionCallableRunner(
  File "/home/airflow/.local/lib/python3.10/site-packages/airflow/utils/operator_helpers.py", line 252, in run
    return self.func(*args, **kwargs)
  File "/home/airflow/.local/lib/python3.10/site-packages/cosmos/operators/base.py", line 346, in execute
    self.build_and_run_cmd(context=context, cmd_flags=self.add_cmd_flags(), **kwargs)
  File "/home/airflow/.local/lib/python3.10/site-packages/cosmos/operators/local.py", line 968, in build_and_run_cmd
    result = self.run_command(
  File "/home/airflow/.local/lib/python3.10/site-packages/cosmos/operators/local.py", line 743, in run_command
    self.handle_exception(result)
  File "/home/airflow/.local/lib/python3.10/site-packages/cosmos/operators/local.py", line 308, in handle_exception_dbt_runner
    return dbt_runner.handle_exception_if_needed(result)
  File "/home/airflow/.local/lib/python3.10/site-packages/cosmos/dbt/runner.py", line 156, in handle_exception_if_needed
    raise CosmosDbtRunError(f"dbt invocation completed with errors: {error_message}")
cosmos.exceptions.CosmosDbtRunError: dbt invocation completed with errors: dim_issues: Database Error in model dim_issues (models/marts/dim_issues.sql)
  TrinoExternalError(type=EXTERNAL, name=ICEBERG_CATALOG_ERROR, message="Failed to load view 'stg__consumer_complaints@etl_20260716_000000'", query_id=20260717_025844_00056_dskgu)
  compiled code at target/run/consumer_complaints_transformation/models/marts/dim_issues.sql
[2026-07-17T02:58:46.417+0000] {_client.py:1026} INFO - HTTP Request: GET https://astronomer.gateway.scarf.sh/astronomer-cosmos/v3/task_instance?cosmos_version=1.15.0&airflow_version=2.10.2&python_version=3.10.15&platform_system=Linux&platform_machine=x86_64&status=failed&operator_name=DbtRunLocalOperator&is_cosmos_operator_subclass=False&invocation_mode=dbt_runner&execution_mode=local&profile_strategy=yaml_file&profile_mapping_class=None&database=trino&is_mapped_task=False&dbt_command=run&install_deps=True&has_callback=False&duration=21.172982 "HTTP/1.1 200 OK"
[2026-07-17T02:58:46.419+0000] {taskinstance.py:1225} INFO - Marking task as FAILED. dag_id=wap_consumer_complaints_pipeline, task_id=dbt_transform.dim_issues.run, run_id=scheduled__2026-07-16T00:00:00+00:00, execution_date=20260716T000000, start_date=20260717T025824, end_date=20260717T025845
[2026-07-17T02:58:46.439+0000] {taskinstance.py:340} INFO - ::group::Post task execution logs
[2026-07-17T02:58:46.441+0000] {standard_task_runner.py:124} ERROR - Failed to execute job 19 for task dbt_transform.dim_issues.run (dbt invocation completed with errors: dim_issues: Database Error in model dim_issues (models/marts/dim_issues.sql)
  TrinoExternalError(type=EXTERNAL, name=ICEBERG_CATALOG_ERROR, message="Failed to load view 'stg__consumer_complaints@etl_20260716_000000'", query_id=20260717_025844_00056_dskgu)
  compiled code at target/run/consumer_complaints_transformation/models/marts/dim_issues.sql; 1774)
Traceback (most recent call last):
  File "/home/airflow/.local/lib/python3.10/site-packages/airflow/task/task_runner/standard_task_runner.py", line 117, in _start_by_fork
    ret = args.func(args, dag=self.dag)
  File "/home/airflow/.local/lib/python3.10/site-packages/airflow/cli/cli_config.py", line 49, in command
    return func(*args, **kwargs)
  File "/home/airflow/.local/lib/python3.10/site-packages/airflow/utils/cli.py", line 115, in wrapper
    return f(*args, **kwargs)
  File "/home/airflow/.local/lib/python3.10/site-packages/airflow/cli/commands/task_command.py", line 483, in task_run
    task_return_code = _run_task_by_selected_method(args, _dag, ti)
  File "/home/airflow/.local/lib/python3.10/site-packages/airflow/cli/commands/task_command.py", line 256, in _run_task_by_selected_method
    return _run_raw_task(args, ti)
  File "/home/airflow/.local/lib/python3.10/site-packages/airflow/cli/commands/task_command.py", line 341, in _run_raw_task
    return ti._run_raw_task(
  File "/home/airflow/.local/lib/python3.10/site-packages/airflow/utils/session.py", line 97, in wrapper
    return func(*args, session=session, **kwargs)
  File "/home/airflow/.local/lib/python3.10/site-packages/airflow/models/taskinstance.py", line 3004, in _run_raw_task
    return _run_raw_task(
  File "/home/airflow/.local/lib/python3.10/site-packages/airflow/models/taskinstance.py", line 273, in _run_raw_task
    TaskInstance._execute_task_with_callbacks(
  File "/home/airflow/.local/lib/python3.10/site-packages/airflow/models/taskinstance.py", line 3158, in _execute_task_with_callbacks
    result = self._execute_task(context, task_orig)
  File "/home/airflow/.local/lib/python3.10/site-packages/airflow/models/taskinstance.py", line 3182, in _execute_task
    return _execute_task(self, context, task_orig)
  File "/home/airflow/.local/lib/python3.10/site-packages/airflow/models/taskinstance.py", line 767, in _execute_task
    result = _execute_callable(context=context, **execute_callable_kwargs)
  File "/home/airflow/.local/lib/python3.10/site-packages/airflow/models/taskinstance.py", line 733, in _execute_callable
    return ExecutionCallableRunner(
  File "/home/airflow/.local/lib/python3.10/site-packages/airflow/utils/operator_helpers.py", line 252, in run
    return self.func(*args, **kwargs)
  File "/home/airflow/.local/lib/python3.10/site-packages/cosmos/operators/base.py", line 346, in execute
    self.build_and_run_cmd(context=context, cmd_flags=self.add_cmd_flags(), **kwargs)
  File "/home/airflow/.local/lib/python3.10/site-packages/cosmos/operators/local.py", line 968, in build_and_run_cmd
    result = self.run_command(
  File "/home/airflow/.local/lib/python3.10/site-packages/cosmos/operators/local.py", line 743, in run_command
    self.handle_exception(result)
  File "/home/airflow/.local/lib/python3.10/site-packages/cosmos/operators/local.py", line 308, in handle_exception_dbt_runner
    return dbt_runner.handle_exception_if_needed(result)
  File "/home/airflow/.local/lib/python3.10/site-packages/cosmos/dbt/runner.py", line 156, in handle_exception_if_needed
    raise CosmosDbtRunError(f"dbt invocation completed with errors: {error_message}")
cosmos.exceptions.CosmosDbtRunError: dbt invocation completed with errors: dim_issues: Database Error in model dim_issues (models/marts/dim_issues.sql)
  TrinoExternalError(type=EXTERNAL, name=ICEBERG_CATALOG_ERROR, message="Failed to load view 'stg__consumer_complaints@etl_20260716_000000'", query_id=20260717_025844_00056_dskgu)
  compiled code at target/run/consumer_complaints_transformation/models/marts/dim_issues.sql
[2026-07-17T02:58:46.491+0000] {local_task_job_runner.py:266} INFO - Task exited with return code 1
[2026-07-17T02:58:46.541+0000] {taskinstance.py:3900} INFO - 0 downstream tasks scheduled from follow-on schedule check
[2026-07-17T02:58:46.548+0000] {local_task_job_runner.py:245} INFO - ::endgroup::
[2026-07-17T03:09:21.953+0000] {local_task_job_runner.py:123} INFO - ::group::Pre task execution logs
[2026-07-17T03:09:21.977+0000] {taskinstance.py:2612} INFO - Dependencies all met for dep_context=non-requeueable deps ti=<TaskInstance: wap_consumer_complaints_pipeline.dbt_transform.dim_issues.run scheduled__2026-07-16T00:00:00+00:00 [queued]>
[2026-07-17T03:09:21.991+0000] {taskinstance.py:2612} INFO - Dependencies all met for dep_context=requeueable deps ti=<TaskInstance: wap_consumer_complaints_pipeline.dbt_transform.dim_issues.run scheduled__2026-07-16T00:00:00+00:00 [queued]>
[2026-07-17T03:09:21.992+0000] {taskinstance.py:2865} INFO - Starting attempt 2 of 2
[2026-07-17T03:09:22.010+0000] {taskinstance.py:2888} INFO - Executing <Task(DbtRunLocalOperator): dbt_transform.dim_issues.run> on 2026-07-16 00:00:00+00:00
[2026-07-17T03:09:22.031+0000] {standard_task_runner.py:72} INFO - Started process 1611 to run task
[2026-07-17T03:09:22.048+0000] {standard_task_runner.py:104} INFO - Running: ['airflow', 'tasks', 'run', 'wap_consumer_complaints_pipeline', 'dbt_transform.dim_issues.run', 'scheduled__2026-07-16T00:00:00+00:00', '--job-id', '18', '--raw', '--subdir', 'DAGS_FOLDER/wap_consumer_complaints_pipeline.py', '--cfg-path', '/tmp/tmpjlwivhwa']
[2026-07-17T03:09:22.057+0000] {standard_task_runner.py:105} INFO - Job 18: Subtask dbt_transform.dim_issues.run
[2026-07-17T03:09:22.206+0000] {task_command.py:467} INFO - Running <TaskInstance: wap_consumer_complaints_pipeline.dbt_transform.dim_issues.run scheduled__2026-07-16T00:00:00+00:00 [running]> on host a3cdeedf1561
[2026-07-17T03:09:22.374+0000] {taskinstance.py:3131} INFO - Exporting env vars: AIRFLOW_CTX_DAG_OWNER='data_engineer' AIRFLOW_CTX_DAG_ID='wap_consumer_complaints_pipeline' AIRFLOW_CTX_TASK_ID='dbt_transform.dim_issues.run' AIRFLOW_CTX_EXECUTION_DATE='2026-07-16T00:00:00+00:00' AIRFLOW_CTX_TRY_NUMBER='2' AIRFLOW_CTX_DAG_RUN_ID='scheduled__2026-07-16T00:00:00+00:00'
[2026-07-17T03:09:22.377+0000] {taskinstance.py:731} INFO - ::endgroup::
[2026-07-17T03:09:23.995+0000] {local.py:294} INFO - dbtRunner is available. Using dbtRunner for invoking dbt.
[2026-07-17T03:09:23.998+0000] {local.py:518} INFO - Cloning project to writable temp directory /tmp/tmpzth5tcb4 from /opt/airflow/dbt_transform
[2026-07-17T03:09:24.012+0000] {local.py:538} INFO - Partial parse is enabled and the latest partial parse file is /tmp/cosmos/wap_consumer_complaints_pipeline__dbt_transform/target/partial_parse.msgpack
[2026-07-17T03:09:24.031+0000] {config.py:395} INFO - Using user-supplied profiles.yml at /opt/airflow/dbt_transform/profiles.yml
[2026-07-17T03:09:24.053+0000] {runner.py:95} INFO - Trying to run dbtRunner with:
 ['deps', '--project-dir', '/tmp/tmpzth5tcb4', '--profiles-dir', '/opt/airflow/dbt_transform', '--profile', 'lakehouse_dbt', '--target', 'dev', '--no-static-parser']
 in /tmp/tmpzth5tcb4
[2026-07-17T03:09:24.161+0000] {logging_mixin.py:190} INFO - 03:09:24  Running with dbt=1.8.8
[2026-07-17T03:09:24.341+0000] {converter.py:314} INFO - ::group::Cosmos DAG parsing logs
[2026-07-17T03:09:24.345+0000] {graph.py:869} INFO - Trying to parse the dbt project using dbt ls cache cosmos_cache__dbt_silver_gold_incremental__transform_silver...
[2026-07-17T03:09:26.230+0000] {cache.py:383} INFO - Cosmos performance: time to calculate cache identifier cosmos_cache__dbt_silver_gold_incremental__transform_silver for current version: 1.8717986880001263
[2026-07-17T03:09:26.231+0000] {graph.py:886} INFO - Cosmos performance [a3cdeedf1561|1611]: The cache size for cosmos_cache__dbt_silver_gold_incremental__transform_silver is 5960
[2026-07-17T03:09:26.233+0000] {graph.py:898} INFO - Cosmos performance: Cache hit for cosmos_cache__dbt_silver_gold_incremental__transform_silver - cf20e5a95ed324994dc72c47d0c54e47,5e34606eb5f2b3dea81a8e19fa3ba138
[2026-07-17T03:09:26.234+0000] {graph.py:799} INFO - Total nodes: 7
[2026-07-17T03:09:26.236+0000] {graph.py:800} INFO - Total filtered nodes: 7
[2026-07-17T03:09:26.237+0000] {converter.py:361} INFO - Cosmos performance (dbt_silver_gold_incremental__transform_silver) - [a3cdeedf1561|1611]: It took 1.89s to parse the dbt project for DAG using dbt_ls_cache
[2026-07-17T03:09:26.250+0000] {converter.py:413} INFO - Cosmos performance (dbt_silver_gold_incremental__transform_silver) - [a3cdeedf1561|1611]: It took 0.0129s to build the Airflow DAG.
[2026-07-17T03:09:26.252+0000] {converter.py:420} INFO - ::endgroup::Cosmos DAG parsing logs
[2026-07-17T03:09:26.253+0000] {converter.py:314} INFO - ::group::Cosmos DAG parsing logs
[2026-07-17T03:09:26.257+0000] {graph.py:869} INFO - Trying to parse the dbt project using dbt ls cache cosmos_cache__dbt_silver_gold_incremental__transform_gold...
[2026-07-17T03:09:28.232+0000] {cache.py:383} INFO - Cosmos performance: time to calculate cache identifier cosmos_cache__dbt_silver_gold_incremental__transform_gold for current version: 1.9554285250001158
[2026-07-17T03:09:28.234+0000] {graph.py:886} INFO - Cosmos performance [a3cdeedf1561|1611]: The cache size for cosmos_cache__dbt_silver_gold_incremental__transform_gold is 35986
[2026-07-17T03:09:28.236+0000] {graph.py:898} INFO - Cosmos performance: Cache hit for cosmos_cache__dbt_silver_gold_incremental__transform_gold - cf20e5a95ed324994dc72c47d0c54e47,304321e940a9403dceb380589bd0566f
[2026-07-17T03:09:28.238+0000] {graph.py:799} INFO - Total nodes: 39
[2026-07-17T03:09:28.239+0000] {graph.py:800} INFO - Total filtered nodes: 39
[2026-07-17T03:09:28.240+0000] {converter.py:361} INFO - Cosmos performance (dbt_silver_gold_incremental__transform_gold) - [a3cdeedf1561|1611]: It took 1.98s to parse the dbt project for DAG using dbt_ls_cache
[2026-07-17T03:09:28.268+0000] {converter.py:413} INFO - Cosmos performance (dbt_silver_gold_incremental__transform_gold) - [a3cdeedf1561|1611]: It took 0.0276s to build the Airflow DAG.
[2026-07-17T03:09:28.269+0000] {converter.py:420} INFO - ::endgroup::Cosmos DAG parsing logs
[2026-07-17T03:09:28.271+0000] {converter.py:314} INFO - ::group::Cosmos DAG parsing logs
[2026-07-17T03:09:28.275+0000] {graph.py:869} INFO - Trying to parse the dbt project using dbt ls cache cosmos_cache__dbt_silver_gold_full_load__transform_silver...
[2026-07-17T03:09:30.386+0000] {cache.py:383} INFO - Cosmos performance: time to calculate cache identifier cosmos_cache__dbt_silver_gold_full_load__transform_silver for current version: 2.0966064219999225
[2026-07-17T03:09:30.387+0000] {graph.py:886} INFO - Cosmos performance [a3cdeedf1561|1611]: The cache size for cosmos_cache__dbt_silver_gold_full_load__transform_silver is 5960
[2026-07-17T03:09:30.389+0000] {graph.py:898} INFO - Cosmos performance: Cache hit for cosmos_cache__dbt_silver_gold_full_load__transform_silver - cf20e5a95ed324994dc72c47d0c54e47,5e34606eb5f2b3dea81a8e19fa3ba138
[2026-07-17T03:09:30.390+0000] {graph.py:799} INFO - Total nodes: 7
[2026-07-17T03:09:30.392+0000] {graph.py:800} INFO - Total filtered nodes: 7
[2026-07-17T03:09:30.394+0000] {converter.py:361} INFO - Cosmos performance (dbt_silver_gold_full_load__transform_silver) - [a3cdeedf1561|1611]: It took 2.12s to parse the dbt project for DAG using dbt_ls_cache
[2026-07-17T03:09:30.402+0000] {converter.py:413} INFO - Cosmos performance (dbt_silver_gold_full_load__transform_silver) - [a3cdeedf1561|1611]: It took 0.00862s to build the Airflow DAG.
[2026-07-17T03:09:30.404+0000] {converter.py:420} INFO - ::endgroup::Cosmos DAG parsing logs
[2026-07-17T03:09:30.406+0000] {converter.py:314} INFO - ::group::Cosmos DAG parsing logs
[2026-07-17T03:09:30.410+0000] {graph.py:869} INFO - Trying to parse the dbt project using dbt ls cache cosmos_cache__dbt_silver_gold_full_load__transform_gold...
[2026-07-17T03:09:32.585+0000] {cache.py:383} INFO - Cosmos performance: time to calculate cache identifier cosmos_cache__dbt_silver_gold_full_load__transform_gold for current version: 2.1621282730000075
[2026-07-17T03:09:32.586+0000] {graph.py:886} INFO - Cosmos performance [a3cdeedf1561|1611]: The cache size for cosmos_cache__dbt_silver_gold_full_load__transform_gold is 35986
[2026-07-17T03:09:32.589+0000] {graph.py:898} INFO - Cosmos performance: Cache hit for cosmos_cache__dbt_silver_gold_full_load__transform_gold - cf20e5a95ed324994dc72c47d0c54e47,304321e940a9403dceb380589bd0566f
[2026-07-17T03:09:32.591+0000] {graph.py:799} INFO - Total nodes: 39
[2026-07-17T03:09:32.592+0000] {graph.py:800} INFO - Total filtered nodes: 39
[2026-07-17T03:09:32.593+0000] {converter.py:361} INFO - Cosmos performance (dbt_silver_gold_full_load__transform_gold) - [a3cdeedf1561|1611]: It took 2.18s to parse the dbt project for DAG using dbt_ls_cache
[2026-07-17T03:09:32.626+0000] {converter.py:413} INFO - Cosmos performance (dbt_silver_gold_full_load__transform_gold) - [a3cdeedf1561|1611]: It took 0.0327s to build the Airflow DAG.
[2026-07-17T03:09:32.628+0000] {converter.py:420} INFO - ::endgroup::Cosmos DAG parsing logs
[2026-07-17T03:09:33.517+0000] {logging_mixin.py:190} INFO - 03:09:33  Installing dbt-labs/dbt_utils
[2026-07-17T03:09:34.170+0000] {logging_mixin.py:190} INFO - 03:09:34  Installed from version 1.3.0
[2026-07-17T03:09:34.172+0000] {logging_mixin.py:190} INFO - 03:09:34  Updated version available: 1.4.1
[2026-07-17T03:09:34.174+0000] {logging_mixin.py:190} INFO - 03:09:34  Installing metaplane/dbt_expectations
[2026-07-17T03:09:35.154+0000] {logging_mixin.py:190} INFO - 03:09:35  Installed from version 0.10.8
[2026-07-17T03:09:35.156+0000] {logging_mixin.py:190} INFO - 03:09:35  Updated version available: 0.10.10
[2026-07-17T03:09:35.160+0000] {logging_mixin.py:190} INFO - 03:09:35  Installing godatadriven/dbt_date
[2026-07-17T03:09:35.704+0000] {logging_mixin.py:190} INFO - 03:09:35  Installed from version 0.15.0
[2026-07-17T03:09:35.706+0000] {logging_mixin.py:190} INFO - 03:09:35  Up to date!
[2026-07-17T03:09:35.709+0000] {logging_mixin.py:190} INFO - 03:09:35
[2026-07-17T03:09:35.711+0000] {logging_mixin.py:190} INFO - 03:09:35  Updates available for packages: ['dbt-labs/dbt_utils', 'metaplane/dbt_expectations']                 
Update your versions in packages.yml, then run dbt deps
[2026-07-17T03:09:37.565+0000] {runner.py:95} INFO - Trying to run dbtRunner with:
 ['run', '--select', 'fqn:consumer_complaints_transformation.marts.dim_issues', '--project-dir', '/tmp/tmpzth5tcb4', '--profiles-dir', '/opt/airflow/dbt_transform', '--profile', 'lakehouse_dbt', '--target', 'dev', '--no-static-parser']
 in /tmp/tmpzth5tcb4
[2026-07-17T03:09:37.598+0000] {logging_mixin.py:190} INFO - 03:09:37  Running with dbt=1.8.8
[2026-07-17T03:09:37.622+0000] {auth.py:343} INFO - keyring module not found. OAuth2 token will not be stored in keyring.
[2026-07-17T03:09:37.629+0000] {auth.py:343} INFO - keyring module not found. OAuth2 token will not be stored in keyring.
[2026-07-17T03:09:37.755+0000] {logging_mixin.py:190} INFO - 03:09:37  Registered adapter: trino=1.8.5
[2026-07-17T03:09:39.422+0000] {logging_mixin.py:190} INFO - 03:09:39  Found 8 models, 40 data tests, 1 source, 9 metrics, 839 macros, 5 semantic models
[2026-07-17T03:09:39.428+0000] {logging_mixin.py:190} INFO - 03:09:39
[2026-07-17T03:09:39.487+0000] {logging_mixin.py:190} INFO - 03:09:39  [WARNING]: SSL certificate validation is disabled by default. It is legacy behavior which will be changed in future releases. It is strongly advised to enable `require_certificate_validation` flag or explicitly set `cert` configuration to `True` for security reasons. You may receive an error after that if your SSL setup is incorrect.
You may opt into the new behavior sooner by setting `flags.require_certificate_validation` to `True` in `dbt_project.yml`.
Visit https://docs.getdbt.com/reference/global-configs/behavior-changes for more information.
[2026-07-17T03:09:39.943+0000] {logging_mixin.py:190} INFO - 03:09:39  Concurrency: 1 threads (target='dev')
[2026-07-17T03:09:39.946+0000] {logging_mixin.py:190} INFO - 03:09:39
[2026-07-17T03:09:39.952+0000] {logging_mixin.py:190} INFO - 03:09:39  1 of 1 START sql incremental model gold.dim_issues@etl_20260716_000000 ......... [RUN]
[2026-07-17T03:09:40.086+0000] {logging_mixin.py:190} INFO - 03:09:40  1 of 1 ERROR creating sql incremental model gold.dim_issues@etl_20260716_000000  [ERROR in 0.13s]
[2026-07-17T03:09:40.096+0000] {logging_mixin.py:190} INFO - 03:09:40
[2026-07-17T03:09:40.098+0000] {logging_mixin.py:190} INFO - 03:09:40  Finished running 1 incremental model in 0 hours 0 minutes and 0.67 seconds (0.67s).
[2026-07-17T03:09:40.168+0000] {logging_mixin.py:190} INFO - 03:09:40
[2026-07-17T03:09:40.177+0000] {logging_mixin.py:190} INFO - 03:09:40  Completed with 1 error and 0 warnings:
[2026-07-17T03:09:40.181+0000] {logging_mixin.py:190} INFO - 03:09:40
[2026-07-17T03:09:40.185+0000] {logging_mixin.py:190} INFO - 03:09:40    Database Error in model dim_issues (models/marts/dim_issues.sql)
  TrinoExternalError(type=EXTERNAL, name=ICEBERG_CATALOG_ERROR, message="Failed to load view 'stg__consumer_complaints@etl_20260716_000000'", query_id=20260717_030940_00061_yubmz)
  compiled code at target/run/consumer_complaints_transformation/models/marts/dim_issues.sql
[2026-07-17T03:09:40.191+0000] {logging_mixin.py:190} INFO - 03:09:40
[2026-07-17T03:09:40.199+0000] {logging_mixin.py:190} INFO - 03:09:40  Done. PASS=0 WARN=0 ERROR=1 SKIP=0 TOTAL=1
[2026-07-17T03:09:41.406+0000] {local.py:196} WARNING - Artifact schema version: https://schemas.getdbt.com/dbt/manifest/v12.json is above dbt-ol supported version 7. This might cause errors.
[2026-07-17T03:09:41.417+0000] {local.py:594} INFO - Inlets: []
[2026-07-17T03:09:41.419+0000] {local.py:595} INFO - Outlets: []
[2026-07-17T03:09:41.420+0000] {local.py:886} INFO - Assigning inlets/outlets with DatasetAlias in Airflow 2
[2026-07-17T03:09:41.458+0000] {taskinstance.py:3310} ERROR - Task failed with exception
Traceback (most recent call last):
  File "/home/airflow/.local/lib/python3.10/site-packages/airflow/models/taskinstance.py", line 767, in _execute_task
    result = _execute_callable(context=context, **execute_callable_kwargs)
  File "/home/airflow/.local/lib/python3.10/site-packages/airflow/models/taskinstance.py", line 733, in _execute_callable
    return ExecutionCallableRunner(
  File "/home/airflow/.local/lib/python3.10/site-packages/airflow/utils/operator_helpers.py", line 252, in run
    return self.func(*args, **kwargs)
  File "/home/airflow/.local/lib/python3.10/site-packages/cosmos/operators/base.py", line 346, in execute
    self.build_and_run_cmd(context=context, cmd_flags=self.add_cmd_flags(), **kwargs)
  File "/home/airflow/.local/lib/python3.10/site-packages/cosmos/operators/local.py", line 968, in build_and_run_cmd
    result = self.run_command(
  File "/home/airflow/.local/lib/python3.10/site-packages/cosmos/operators/local.py", line 743, in run_command
    self.handle_exception(result)
  File "/home/airflow/.local/lib/python3.10/site-packages/cosmos/operators/local.py", line 308, in handle_exception_dbt_runner
    return dbt_runner.handle_exception_if_needed(result)
  File "/home/airflow/.local/lib/python3.10/site-packages/cosmos/dbt/runner.py", line 156, in handle_exception_if_needed
    raise CosmosDbtRunError(f"dbt invocation completed with errors: {error_message}")
cosmos.exceptions.CosmosDbtRunError: dbt invocation completed with errors: dim_issues: Database Error in model dim_issues (models/marts/dim_issues.sql)
  TrinoExternalError(type=EXTERNAL, name=ICEBERG_CATALOG_ERROR, message="Failed to load view 'stg__consumer_complaints@etl_20260716_000000'", query_id=20260717_030940_00061_yubmz)
  compiled code at target/run/consumer_complaints_transformation/models/marts/dim_issues.sql
[2026-07-17T03:09:42.128+0000] {_client.py:1026} INFO - HTTP Request: GET https://astronomer.gateway.scarf.sh/astronomer-cosmos/v3/task_instance?cosmos_version=1.15.0&airflow_version=2.10.2&python_version=3.10.15&platform_system=Linux&platform_machine=x86_64&status=failed&operator_name=DbtRunLocalOperator&is_cosmos_operator_subclass=False&invocation_mode=dbt_runner&execution_mode=local&profile_strategy=yaml_file&profile_mapping_class=None&database=trino&is_mapped_task=False&dbt_command=run&install_deps=True&has_callback=False&duration=19.502718 "HTTP/1.1 200 OK"
[2026-07-17T03:09:42.131+0000] {taskinstance.py:1225} INFO - Marking task as FAILED. dag_id=wap_consumer_complaints_pipeline, task_id=dbt_transform.dim_issues.run, run_id=scheduled__2026-07-16T00:00:00+00:00, execution_date=20260716T000000, start_date=20260717T030921, end_date=20260717T030941
[2026-07-17T03:09:42.149+0000] {taskinstance.py:340} INFO - ::group::Post task execution logs
[2026-07-17T03:09:42.151+0000] {standard_task_runner.py:124} ERROR - Failed to execute job 18 for task dbt_transform.dim_issues.run (dbt invocation completed with errors: dim_issues: Database Error in model dim_issues (models/marts/dim_issues.sql)
  TrinoExternalError(type=EXTERNAL, name=ICEBERG_CATALOG_ERROR, message="Failed to load view 'stg__consumer_complaints@etl_20260716_000000'", query_id=20260717_030940_00061_yubmz)
  compiled code at target/run/consumer_complaints_transformation/models/marts/dim_issues.sql; 1611)
Traceback (most recent call last):
  File "/home/airflow/.local/lib/python3.10/site-packages/airflow/task/task_runner/standard_task_runner.py", line 117, in _start_by_fork
    ret = args.func(args, dag=self.dag)
  File "/home/airflow/.local/lib/python3.10/site-packages/airflow/cli/cli_config.py", line 49, in command
    return func(*args, **kwargs)
  File "/home/airflow/.local/lib/python3.10/site-packages/airflow/utils/cli.py", line 115, in wrapper
    return f(*args, **kwargs)
  File "/home/airflow/.local/lib/python3.10/site-packages/airflow/cli/commands/task_command.py", line 483, in task_run
    task_return_code = _run_task_by_selected_method(args, _dag, ti)
  File "/home/airflow/.local/lib/python3.10/site-packages/airflow/cli/commands/task_command.py", line 256, in _run_task_by_selected_method
    return _run_raw_task(args, ti)
  File "/home/airflow/.local/lib/python3.10/site-packages/airflow/cli/commands/task_command.py", line 341, in _run_raw_task
    return ti._run_raw_task(
  File "/home/airflow/.local/lib/python3.10/site-packages/airflow/utils/session.py", line 97, in wrapper
    return func(*args, session=session, **kwargs)
  File "/home/airflow/.local/lib/python3.10/site-packages/airflow/models/taskinstance.py", line 3004, in _run_raw_task
    return _run_raw_task(
  File "/home/airflow/.local/lib/python3.10/site-packages/airflow/models/taskinstance.py", line 273, in _run_raw_task
    TaskInstance._execute_task_with_callbacks(
  File "/home/airflow/.local/lib/python3.10/site-packages/airflow/models/taskinstance.py", line 3158, in _execute_task_with_callbacks
    result = self._execute_task(context, task_orig)
  File "/home/airflow/.local/lib/python3.10/site-packages/airflow/models/taskinstance.py", line 3182, in _execute_task
    return _execute_task(self, context, task_orig)
  File "/home/airflow/.local/lib/python3.10/site-packages/airflow/models/taskinstance.py", line 767, in _execute_task
    result = _execute_callable(context=context, **execute_callable_kwargs)
  File "/home/airflow/.local/lib/python3.10/site-packages/airflow/models/taskinstance.py", line 733, in _execute_callable
    return ExecutionCallableRunner(
  File "/home/airflow/.local/lib/python3.10/site-packages/airflow/utils/operator_helpers.py", line 252, in run
    return self.func(*args, **kwargs)
  File "/home/airflow/.local/lib/python3.10/site-packages/cosmos/operators/base.py", line 346, in execute
    self.build_and_run_cmd(context=context, cmd_flags=self.add_cmd_flags(), **kwargs)
  File "/home/airflow/.local/lib/python3.10/site-packages/cosmos/operators/local.py", line 968, in build_and_run_cmd
    result = self.run_command(
  File "/home/airflow/.local/lib/python3.10/site-packages/cosmos/operators/local.py", line 743, in run_command
    self.handle_exception(result)
  File "/home/airflow/.local/lib/python3.10/site-packages/cosmos/operators/local.py", line 308, in handle_exception_dbt_runner
    return dbt_runner.handle_exception_if_needed(result)
  File "/home/airflow/.local/lib/python3.10/site-packages/cosmos/dbt/runner.py", line 156, in handle_exception_if_needed
    raise CosmosDbtRunError(f"dbt invocation completed with errors: {error_message}")
cosmos.exceptions.CosmosDbtRunError: dbt invocation completed with errors: dim_issues: Database Error in model dim_issues (models/marts/dim_issues.sql)
  TrinoExternalError(type=EXTERNAL, name=ICEBERG_CATALOG_ERROR, message="Failed to load view 'stg__consumer_complaints@etl_20260716_000000'", query_id=20260717_030940_00061_yubmz)
  compiled code at target/run/consumer_complaints_transformation/models/marts/dim_issues.sql
[2026-07-17T03:09:42.166+0000] {local_task_job_runner.py:266} INFO - Task exited with return code 1
[2026-07-17T03:09:42.207+0000] {taskinstance.py:3900} INFO - 0 downstream tasks scheduled from follow-on schedule check
[2026-07-17T03:09:42.216+0000] {local_task_job_runner.py:245} INFO - ::endgroup::
