[2026-07-15T02:09:59.230+0000] {local_task_job_runner.py:123} INFO - ::group::Pre task execution logs
[2026-07-15T02:09:59.283+0000] {taskinstance.py:2612} INFO - Dependencies all met for dep_context=non-requeueable deps ti=<TaskInstance: dbt_silver_gold_incremental.transform_gold.dim_issues.run manual__2026-07-15T02:08:48.351263+00:00 [queued]>
[2026-07-15T02:09:59.303+0000] {taskinstance.py:2612} INFO - Dependencies all met for dep_context=requeueable deps ti=<TaskInstance: dbt_silver_gold_incremental.transform_gold.dim_issues.run manual__2026-07-15T02:08:48.351263+00:00 [queued]>
[2026-07-15T02:09:59.305+0000] {taskinstance.py:2865} INFO - Starting attempt 1 of 2
[2026-07-15T02:09:59.375+0000] {taskinstance.py:2888} INFO - Executing <Task(DbtRunLocalOperator): transform_gold.dim_issues.run> on 2026-07-15 02:08:48.351263+00:00
[2026-07-15T02:09:59.390+0000] {standard_task_runner.py:72} INFO - Started process 4194 to run task
[2026-07-15T02:09:59.399+0000] {standard_task_runner.py:104} INFO - Running: ['airflow', 'tasks', 'run', 'dbt_silver_gold_incremental', 'transform_gold.dim_issues.run', 'manual__2026-07-15T02:08:48.351263+00:00', '--job-id', '30', '--raw', '--subdir', 'DAGS_FOLDER/dbt_silver_gold.py', '--cfg-path', '/tmp/tmppr5gnr6i']
[2026-07-15T02:09:59.409+0000] {standard_task_runner.py:105} INFO - Job 30: Subtask transform_gold.dim_issues.run
[2026-07-15T02:09:59.609+0000] {task_command.py:467} INFO - Running <TaskInstance: dbt_silver_gold_incremental.transform_gold.dim_issues.run manual__2026-07-15T02:08:48.351263+00:00 [running]> on host 46914d9ee5b9
[2026-07-15T02:09:59.832+0000] {taskinstance.py:3131} INFO - Exporting env vars: AIRFLOW_CTX_DAG_OWNER='data_engineer' AIRFLOW_CTX_DAG_ID='dbt_silver_gold_incremental' AIRFLOW_CTX_TASK_ID='transform_gold.dim_issues.run' AIRFLOW_CTX_EXECUTION_DATE='2026-07-15T02:08:48.351263+00:00' AIRFLOW_CTX_TRY_NUMBER='1' AIRFLOW_CTX_DAG_RUN_ID='manual__2026-07-15T02:08:48.351263+00:00'
[2026-07-15T02:09:59.835+0000] {taskinstance.py:731} INFO - ::endgroup::
[2026-07-15T02:10:03.046+0000] {local.py:294} INFO - dbtRunner is available. Using dbtRunner for invoking dbt.
[2026-07-15T02:10:03.049+0000] {local.py:518} INFO - Cloning project to writable temp directory /tmp/tmpcfsegf07 from /opt/airflow/dbt_transform
[2026-07-15T02:10:03.066+0000] {local.py:538} INFO - Partial parse is enabled and the latest partial parse file is /tmp/cosmos/dbt_silver_gold_incremental__transform_gold/target/partial_parse.msgpack
[2026-07-15T02:10:03.099+0000] {config.py:395} INFO - Using user-supplied profiles.yml at /opt/airflow/dbt_transform/profiles.yml
[2026-07-15T02:10:03.118+0000] {runner.py:95} INFO - Trying to run dbtRunner with:
 ['deps', '--project-dir', '/tmp/tmpcfsegf07', '--profiles-dir', '/opt/airflow/dbt_transform', '--profile', 'lakehouse_dbt', '--target', 'dev', '--no-static-parser']
 in /tmp/tmpcfsegf07
[2026-07-15T02:10:03.296+0000] {logging_mixin.py:190} INFO - 02:10:03  Running with dbt=1.8.8
[2026-07-15T02:10:03.585+0000] {converter.py:314} INFO - ::group::Cosmos DAG parsing logs
[2026-07-15T02:10:03.594+0000] {graph.py:869} INFO - Trying to parse the dbt project using dbt ls cache cosmos_cache__dbt_silver_gold_incremental__transform_silver...
[2026-07-15T02:10:06.194+0000] {cache.py:383} INFO - Cosmos performance: time to calculate cache identifier cosmos_cache__dbt_silver_gold_incremental__transform_silver for current version: 2.579769965000196
[2026-07-15T02:10:06.195+0000] {graph.py:886} INFO - Cosmos performance [46914d9ee5b9|4194]: The cache size for cosmos_cache__dbt_silver_gold_incremental__transform_silver is 5960
[2026-07-15T02:10:06.197+0000] {graph.py:898} INFO - Cosmos performance: Cache hit for cosmos_cache__dbt_silver_gold_incremental__transform_silver - 482d7c4579b21d7437a850cca51f0b7c,5e34606eb5f2b3dea81a8e19fa3ba138
[2026-07-15T02:10:06.199+0000] {graph.py:799} INFO - Total nodes: 7
[2026-07-15T02:10:06.200+0000] {graph.py:800} INFO - Total filtered nodes: 7
[2026-07-15T02:10:06.202+0000] {converter.py:361} INFO - Cosmos performance (dbt_silver_gold_incremental__transform_silver) - [46914d9ee5b9|4194]: It took 2.61s to parse the dbt project for DAG using dbt_ls_cache
[2026-07-15T02:10:06.213+0000] {converter.py:413} INFO - Cosmos performance (dbt_silver_gold_incremental__transform_silver) - [46914d9ee5b9|4194]: It took 0.0117s to build the Airflow DAG.
[2026-07-15T02:10:06.215+0000] {converter.py:420} INFO - ::endgroup::Cosmos DAG parsing logs
[2026-07-15T02:10:06.217+0000] {converter.py:314} INFO - ::group::Cosmos DAG parsing logs
[2026-07-15T02:10:06.222+0000] {graph.py:869} INFO - Trying to parse the dbt project using dbt ls cache cosmos_cache__dbt_silver_gold_incremental__transform_gold...
[2026-07-15T02:10:08.585+0000] {cache.py:383} INFO - Cosmos performance: time to calculate cache identifier cosmos_cache__dbt_silver_gold_incremental__transform_gold for current version: 2.3459477169999445
[2026-07-15T02:10:08.586+0000] {graph.py:886} INFO - Cosmos performance [46914d9ee5b9|4194]: The cache size for cosmos_cache__dbt_silver_gold_incremental__transform_gold is 35989
[2026-07-15T02:10:08.590+0000] {graph.py:898} INFO - Cosmos performance: Cache hit for cosmos_cache__dbt_silver_gold_incremental__transform_gold - 482d7c4579b21d7437a850cca51f0b7c,304321e940a9403dceb380589bd0566f
[2026-07-15T02:10:08.592+0000] {graph.py:799} INFO - Total nodes: 39
[2026-07-15T02:10:08.593+0000] {graph.py:800} INFO - Total filtered nodes: 39
[2026-07-15T02:10:08.595+0000] {converter.py:361} INFO - Cosmos performance (dbt_silver_gold_incremental__transform_gold) - [46914d9ee5b9|4194]: It took 2.37s to parse the dbt project for DAG using dbt_ls_cache
[2026-07-15T02:10:08.628+0000] {converter.py:413} INFO - Cosmos performance (dbt_silver_gold_incremental__transform_gold) - [46914d9ee5b9|4194]: It took 0.0329s to build the Airflow DAG.
[2026-07-15T02:10:08.629+0000] {converter.py:420} INFO - ::endgroup::Cosmos DAG parsing logs
[2026-07-15T02:10:08.632+0000] {converter.py:314} INFO - ::group::Cosmos DAG parsing logs
[2026-07-15T02:10:08.636+0000] {graph.py:869} INFO - Trying to parse the dbt project using dbt ls cache cosmos_cache__dbt_silver_gold_full_load__transform_silver...
[2026-07-15T02:10:10.914+0000] {cache.py:383} INFO - Cosmos performance: time to calculate cache identifier cosmos_cache__dbt_silver_gold_full_load__transform_silver for current version: 2.2648924420000185
[2026-07-15T02:10:10.916+0000] {graph.py:886} INFO - Cosmos performance [46914d9ee5b9|4194]: The cache size for cosmos_cache__dbt_silver_gold_full_load__transform_silver is 5960
[2026-07-15T02:10:10.918+0000] {graph.py:898} INFO - Cosmos performance: Cache hit for cosmos_cache__dbt_silver_gold_full_load__transform_silver - 482d7c4579b21d7437a850cca51f0b7c,5e34606eb5f2b3dea81a8e19fa3ba138
[2026-07-15T02:10:10.920+0000] {graph.py:799} INFO - Total nodes: 7
[2026-07-15T02:10:10.921+0000] {graph.py:800} INFO - Total filtered nodes: 7
[2026-07-15T02:10:10.923+0000] {converter.py:361} INFO - Cosmos performance (dbt_silver_gold_full_load__transform_silver) - [46914d9ee5b9|4194]: It took 2.29s to parse the dbt project for DAG using dbt_ls_cache
[2026-07-15T02:10:10.935+0000] {converter.py:413} INFO - Cosmos performance (dbt_silver_gold_full_load__transform_silver) - [46914d9ee5b9|4194]: It took 0.0123s to build the Airflow DAG.
[2026-07-15T02:10:10.937+0000] {converter.py:420} INFO - ::endgroup::Cosmos DAG parsing logs
[2026-07-15T02:10:10.940+0000] {converter.py:314} INFO - ::group::Cosmos DAG parsing logs
[2026-07-15T02:10:10.944+0000] {graph.py:869} INFO - Trying to parse the dbt project using dbt ls cache cosmos_cache__dbt_silver_gold_full_load__transform_gold...
[2026-07-15T02:10:12.919+0000] {cache.py:383} INFO - Cosmos performance: time to calculate cache identifier cosmos_cache__dbt_silver_gold_full_load__transform_gold for current version: 1.959539885000595
[2026-07-15T02:10:12.920+0000] {graph.py:886} INFO - Cosmos performance [46914d9ee5b9|4194]: The cache size for cosmos_cache__dbt_silver_gold_full_load__transform_gold is 35989
[2026-07-15T02:10:12.923+0000] {graph.py:898} INFO - Cosmos performance: Cache hit for cosmos_cache__dbt_silver_gold_full_load__transform_gold - 482d7c4579b21d7437a850cca51f0b7c,304321e940a9403dceb380589bd0566f
[2026-07-15T02:10:12.924+0000] {graph.py:799} INFO - Total nodes: 39
[2026-07-15T02:10:12.926+0000] {graph.py:800} INFO - Total filtered nodes: 39
[2026-07-15T02:10:12.927+0000] {converter.py:361} INFO - Cosmos performance (dbt_silver_gold_full_load__transform_gold) - [46914d9ee5b9|4194]: It took 1.98s to parse the dbt project for DAG using dbt_ls_cache
[2026-07-15T02:10:12.957+0000] {converter.py:413} INFO - Cosmos performance (dbt_silver_gold_full_load__transform_gold) - [46914d9ee5b9|4194]: It took 0.0303s to build the Airflow DAG.
[2026-07-15T02:10:12.959+0000] {converter.py:420} INFO - ::endgroup::Cosmos DAG parsing logs
[2026-07-15T02:10:13.420+0000] {logging_mixin.py:190} INFO - 02:10:13  Installing dbt-labs/dbt_utils
[2026-07-15T02:10:14.311+0000] {logging_mixin.py:190} INFO - 02:10:14  Installed from version 1.3.0
[2026-07-15T02:10:14.313+0000] {logging_mixin.py:190} INFO - 02:10:14  Updated version available: 1.4.1
[2026-07-15T02:10:14.315+0000] {logging_mixin.py:190} INFO - 02:10:14  Installing metaplane/dbt_expectations
[2026-07-15T02:10:15.305+0000] {logging_mixin.py:190} INFO - 02:10:15  Installed from version 0.10.8
[2026-07-15T02:10:15.307+0000] {logging_mixin.py:190} INFO - 02:10:15  Updated version available: 0.10.10
[2026-07-15T02:10:15.310+0000] {logging_mixin.py:190} INFO - 02:10:15  Installing godatadriven/dbt_date
[2026-07-15T02:10:15.882+0000] {logging_mixin.py:190} INFO - 02:10:15  Installed from version 0.15.0
[2026-07-15T02:10:15.884+0000] {logging_mixin.py:190} INFO - 02:10:15  Up to date!
[2026-07-15T02:10:15.887+0000] {logging_mixin.py:190} INFO - 02:10:15
[2026-07-15T02:10:15.888+0000] {logging_mixin.py:190} INFO - 02:10:15  Updates available for packages: ['dbt-labs/dbt_utils', 'metaplane/dbt_expectations']                 
Update your versions in packages.yml, then run dbt deps
[2026-07-15T02:10:17.030+0000] {runner.py:95} INFO - Trying to run dbtRunner with:
 ['run', '--select', 'fqn:consumer_complaints_transformation.marts.dim_issues', '--project-dir', '/tmp/tmpcfsegf07', '--profiles-dir', '/opt/airflow/dbt_transform', '--profile', 'lakehouse_dbt', '--target', 'dev', '--no-static-parser']
 in /tmp/tmpcfsegf07
[2026-07-15T02:10:17.063+0000] {logging_mixin.py:190} INFO - 02:10:17  Running with dbt=1.8.8
[2026-07-15T02:10:17.100+0000] {auth.py:343} INFO - keyring module not found. OAuth2 token will not be stored in keyring.
[2026-07-15T02:10:17.104+0000] {auth.py:343} INFO - keyring module not found. OAuth2 token will not be stored in keyring.
[2026-07-15T02:10:17.224+0000] {logging_mixin.py:190} INFO - 02:10:17  Registered adapter: trino=1.8.5
[2026-07-15T02:10:18.426+0000] {logging_mixin.py:190} INFO - 02:10:18  [WARNING]: Deprecated functionality
The `tests` config has been renamed to `data_tests`. Please see
https://docs.getdbt.com/docs/build/data-tests#new-data_tests-syntax for more
information.
[2026-07-15T02:10:19.305+0000] {logging_mixin.py:190} INFO - 02:10:19  Found 8 models, 40 data tests, 1 source, 9 metrics, 838 macros, 5 semantic models
[2026-07-15T02:10:19.310+0000] {logging_mixin.py:190} INFO - 02:10:19
[2026-07-15T02:10:19.394+0000] {logging_mixin.py:190} INFO - 02:10:19  [WARNING]: SSL certificate validation is disabled by default. It is legacy behavior which will be changed in future releases. It is strongly advised to enable `require_certificate_validation` flag or explicitly set `cert` configuration to `True` for security reasons. You may receive an error after that if your SSL setup is incorrect.
You may opt into the new behavior sooner by setting `flags.require_certificate_validation` to `True` in `dbt_project.yml`.
Visit https://docs.getdbt.com/reference/global-configs/behavior-changes for more information.
[2026-07-15T02:10:19.915+0000] {logging_mixin.py:190} INFO - 02:10:19  Concurrency: 4 threads (target='dev')
[2026-07-15T02:10:19.918+0000] {logging_mixin.py:190} INFO - 02:10:19
[2026-07-15T02:10:19.930+0000] {logging_mixin.py:190} INFO - 02:10:19  1 of 1 START sql incremental model gold.dim_issues ............................. [RUN]
[2026-07-15T02:10:20.244+0000] {logging_mixin.py:190} INFO - 02:10:20  1 of 1 ERROR creating sql incremental model gold.dim_issues .................... [ERROR in 0.31s]
[2026-07-15T02:10:20.256+0000] {logging_mixin.py:190} INFO - 02:10:20
[2026-07-15T02:10:20.260+0000] {logging_mixin.py:190} INFO - 02:10:20  Finished running 1 incremental model in 0 hours 0 minutes and 0.94 seconds (0.94s).
[2026-07-15T02:10:20.657+0000] {logging_mixin.py:190} INFO - 02:10:20
[2026-07-15T02:10:20.660+0000] {logging_mixin.py:190} INFO - 02:10:20  Completed with 1 error and 0 warnings:
[2026-07-15T02:10:20.666+0000] {logging_mixin.py:190} INFO - 02:10:20
[2026-07-15T02:10:20.672+0000] {logging_mixin.py:190} INFO - 02:10:20    Database Error in model dim_issues (models/marts/dim_issues.sql)
  TrinoUserError(type=USER_ERROR, name=TYPE_MISMATCH, message="line 19:70: All COALESCE operands must be the same type or coercible to a common type. Cannot find common type between timestamp(6) with time zone and varchar(10), all types (without duplicates): [timestamp(6) with time zone, varchar(10)]", query_id=20260715_020245_00138_xp3hr)
[2026-07-15T02:10:20.681+0000] {logging_mixin.py:190} INFO - 02:10:20
[2026-07-15T02:10:20.691+0000] {logging_mixin.py:190} INFO - 02:10:20  Done. PASS=0 WARN=0 ERROR=1 SKIP=0 TOTAL=1
[2026-07-15T02:10:22.020+0000] {local.py:196} WARNING - Artifact schema version: https://schemas.getdbt.com/dbt/manifest/v12.json is above dbt-ol supported version 7. This might cause errors.
[2026-07-15T02:10:22.034+0000] {local.py:594} INFO - Inlets: []
[2026-07-15T02:10:22.036+0000] {local.py:595} INFO - Outlets: []
[2026-07-15T02:10:22.038+0000] {local.py:886} INFO - Assigning inlets/outlets with DatasetAlias in Airflow 2
[2026-07-15T02:10:22.113+0000] {taskinstance.py:3310} ERROR - Task failed with exception
Traceback (most recent call last):
  File "/home/airflow/.local/lib/python3.10/site-packages/airflow/models/taskinstance.py", line 767, in _execute_task
    result = _execute_callable(context=context, **execute_callable_kwargs)
  File "/home/airflow/.local/lib/python3.10/site-packages/airflow/models/taskinstance.py", line 733, in _execute_callable
    return ExecutionCallableRunner(
  File "/home/airflow/.local/lib/python3.10/site-packages/airflow/utils/operator_helpers.py", line 252, in run
    return self.func(*args, **kwargs)
  File "/home/airflow/.local/lib/python3.10/site-packages/cosmos/operators/base.py", line 346, in execute
    self.build_and_run_cmd(context=context, cmd_flags=self.add_cmd_flags(), **kwargs)
  File "/home/airflow/.local/lib/python3.10/site-packages/cosmos/operators/local.py", line 968, in build_and_run_cmd
    result = self.run_command(
  File "/home/airflow/.local/lib/python3.10/site-packages/cosmos/operators/local.py", line 743, in run_command
    self.handle_exception(result)
  File "/home/airflow/.local/lib/python3.10/site-packages/cosmos/operators/local.py", line 308, in handle_exception_dbt_runner
    return dbt_runner.handle_exception_if_needed(result)
  File "/home/airflow/.local/lib/python3.10/site-packages/cosmos/dbt/runner.py", line 156, in handle_exception_if_needed
    raise CosmosDbtRunError(f"dbt invocation completed with errors: {error_message}")
cosmos.exceptions.CosmosDbtRunError: dbt invocation completed with errors: dim_issues: Database Error in model dim_issues (models/marts/dim_issues.sql)
  TrinoUserError(type=USER_ERROR, name=TYPE_MISMATCH, message="line 19:70: All COALESCE operands must be the same type or coercible to a common type. Cannot find common type between timestamp(6) with time zone and varchar(10), all types (without duplicates): [timestamp(6) with time zone, varchar(10)]", query_id=20260715_020245_00138_xp3hr)
[2026-07-15T02:10:23.011+0000] {_client.py:1026} INFO - HTTP Request: GET https://astronomer.gateway.scarf.sh/astronomer-cosmos/v3/task_instance?cosmos_version=1.15.0&airflow_version=2.10.2&python_version=3.10.15&platform_system=Linux&platform_machine=x86_64&status=failed&operator_name=DbtRunLocalOperator&is_cosmos_operator_subclass=False&invocation_mode=dbt_runner&execution_mode=local&profile_strategy=yaml_file&profile_mapping_class=None&database=trino&is_mapped_task=False&dbt_command=run&install_deps=True&has_callback=False&duration=22.863225 "HTTP/1.1 200 OK"
[2026-07-15T02:10:23.016+0000] {taskinstance.py:1225} INFO - Marking task as UP_FOR_RETRY. dag_id=dbt_silver_gold_incremental, task_id=transform_gold.dim_issues.run, run_id=manual__2026-07-15T02:08:48.351263+00:00, execution_date=20260715T020848, start_date=20260715T020959, end_date=20260715T021022
[2026-07-15T02:10:23.080+0000] {taskinstance.py:340} INFO - ::group::Post task execution logs
[2026-07-15T02:10:23.085+0000] {standard_task_runner.py:124} ERROR - Failed to execute job 30 for task transform_gold.dim_issues.run (dbt invocation completed with errors: dim_issues: Database Error in model dim_issues (models/marts/dim_issues.sql)
  TrinoUserError(type=USER_ERROR, name=TYPE_MISMATCH, message="line 19:70: All COALESCE operands must be the same type or coercible to a common type. Cannot find common type between timestamp(6) with time zone and varchar(10), all types (without duplicates): [timestamp(6) with time zone, varchar(10)]", query_id=20260715_020245_00138_xp3hr); 4194)
Traceback (most recent call last):
  File "/home/airflow/.local/lib/python3.10/site-packages/airflow/task/task_runner/standard_task_runner.py", line 117, in _start_by_fork
    ret = args.func(args, dag=self.dag)
  File "/home/airflow/.local/lib/python3.10/site-packages/airflow/cli/cli_config.py", line 49, in command
    return func(*args, **kwargs)
  File "/home/airflow/.local/lib/python3.10/site-packages/airflow/utils/cli.py", line 115, in wrapper
    return f(*args, **kwargs)
  File "/home/airflow/.local/lib/python3.10/site-packages/airflow/cli/commands/task_command.py", line 483, in task_run
    task_return_code = _run_task_by_selected_method(args, _dag, ti)
  File "/home/airflow/.local/lib/python3.10/site-packages/airflow/cli/commands/task_command.py", line 256, in _run_task_by_selected_method
    return _run_raw_task(args, ti)
  File "/home/airflow/.local/lib/python3.10/site-packages/airflow/cli/commands/task_command.py", line 341, in _run_raw_task
    return ti._run_raw_task(
  File "/home/airflow/.local/lib/python3.10/site-packages/airflow/utils/session.py", line 97, in wrapper
    return func(*args, session=session, **kwargs)
  File "/home/airflow/.local/lib/python3.10/site-packages/airflow/models/taskinstance.py", line 3004, in _run_raw_task
    return _run_raw_task(
  File "/home/airflow/.local/lib/python3.10/site-packages/airflow/models/taskinstance.py", line 273, in _run_raw_task
    TaskInstance._execute_task_with_callbacks(
  File "/home/airflow/.local/lib/python3.10/site-packages/airflow/models/taskinstance.py", line 3158, in _execute_task_with_callbacks
    result = self._execute_task(context, task_orig)
  File "/home/airflow/.local/lib/python3.10/site-packages/airflow/models/taskinstance.py", line 3182, in _execute_task
    return _execute_task(self, context, task_orig)
  File "/home/airflow/.local/lib/python3.10/site-packages/airflow/models/taskinstance.py", line 767, in _execute_task
    result = _execute_callable(context=context, **execute_callable_kwargs)
  File "/home/airflow/.local/lib/python3.10/site-packages/airflow/models/taskinstance.py", line 733, in _execute_callable
    return ExecutionCallableRunner(
  File "/home/airflow/.local/lib/python3.10/site-packages/airflow/utils/operator_helpers.py", line 252, in run
    return self.func(*args, **kwargs)
  File "/home/airflow/.local/lib/python3.10/site-packages/cosmos/operators/base.py", line 346, in execute
    self.build_and_run_cmd(context=context, cmd_flags=self.add_cmd_flags(), **kwargs)
  File "/home/airflow/.local/lib/python3.10/site-packages/cosmos/operators/local.py", line 968, in build_and_run_cmd
    result = self.run_command(
  File "/home/airflow/.local/lib/python3.10/site-packages/cosmos/operators/local.py", line 743, in run_command
    self.handle_exception(result)
  File "/home/airflow/.local/lib/python3.10/site-packages/cosmos/operators/local.py", line 308, in handle_exception_dbt_runner
    return dbt_runner.handle_exception_if_needed(result)
  File "/home/airflow/.local/lib/python3.10/site-packages/cosmos/dbt/runner.py", line 156, in handle_exception_if_needed
    raise CosmosDbtRunError(f"dbt invocation completed with errors: {error_message}")
cosmos.exceptions.CosmosDbtRunError: dbt invocation completed with errors: dim_issues: Database Error in model dim_issues (models/marts/dim_issues.sql)
  TrinoUserError(type=USER_ERROR, name=TYPE_MISMATCH, message="line 19:70: All COALESCE operands must be the same type or coercible to a common type. Cannot find common type between timestamp(6) with time zone and varchar(10), all types (without duplicates): [timestamp(6) with time zone, varchar(10)]", query_id=20260715_020245_00138_xp3hr)
[2026-07-15T02:10:23.140+0000] {local_task_job_runner.py:266} INFO - Task exited with return code 1
[2026-07-15T02:10:23.235+0000] {taskinstance.py:3900} INFO - 0 downstream tasks scheduled from follow-on schedule check
[2026-07-15T02:10:23.243+0000] {local_task_job_runner.py:245} INFO - ::endgroup::
