[2026-07-15T02:13:32.316+0000] {local_task_job_runner.py:123} INFO - ::group::Pre task execution logs
[2026-07-15T02:13:32.342+0000] {taskinstance.py:2612} INFO - Dependencies all met for dep_context=non-requeueable deps ti=<TaskInstance: dbt_silver_gold_incremental.transform_gold.dim_issues.run manual__2026-07-15T02:08:48.351263+00:00 [queued]>
[2026-07-15T02:13:32.352+0000] {taskinstance.py:2612} INFO - Dependencies all met for dep_context=requeueable deps ti=<TaskInstance: dbt_silver_gold_incremental.transform_gold.dim_issues.run manual__2026-07-15T02:08:48.351263+00:00 [queued]>
[2026-07-15T02:13:32.354+0000] {taskinstance.py:2865} INFO - Starting attempt 2 of 2
[2026-07-15T02:13:32.367+0000] {taskinstance.py:2888} INFO - Executing <Task(DbtRunLocalOperator): transform_gold.dim_issues.run> on 2026-07-15 02:08:48.351263+00:00
[2026-07-15T02:13:32.377+0000] {standard_task_runner.py:72} INFO - Started process 4761 to run task
[2026-07-15T02:13:32.381+0000] {standard_task_runner.py:104} INFO - Running: ['airflow', 'tasks', 'run', 'dbt_silver_gold_incremental', 'transform_gold.dim_issues.run', 'manual__2026-07-15T02:08:48.351263+00:00', '--job-id', '37', '--raw', '--subdir', 'DAGS_FOLDER/dbt_silver_gold.py', '--cfg-path', '/tmp/tmpm8dzwnlt']
[2026-07-15T02:13:32.386+0000] {standard_task_runner.py:105} INFO - Job 37: Subtask transform_gold.dim_issues.run
[2026-07-15T02:13:32.487+0000] {task_command.py:467} INFO - Running <TaskInstance: dbt_silver_gold_incremental.transform_gold.dim_issues.run manual__2026-07-15T02:08:48.351263+00:00 [running]> on host 46914d9ee5b9
[2026-07-15T02:13:32.600+0000] {taskinstance.py:3131} INFO - Exporting env vars: AIRFLOW_CTX_DAG_OWNER='data_engineer' AIRFLOW_CTX_DAG_ID='dbt_silver_gold_incremental' AIRFLOW_CTX_TASK_ID='transform_gold.dim_issues.run' AIRFLOW_CTX_EXECUTION_DATE='2026-07-15T02:08:48.351263+00:00' AIRFLOW_CTX_TRY_NUMBER='2' AIRFLOW_CTX_DAG_RUN_ID='manual__2026-07-15T02:08:48.351263+00:00'
[2026-07-15T02:13:32.602+0000] {taskinstance.py:731} INFO - ::endgroup::
[2026-07-15T02:13:34.113+0000] {local.py:294} INFO - dbtRunner is available. Using dbtRunner for invoking dbt.
[2026-07-15T02:13:34.115+0000] {local.py:518} INFO - Cloning project to writable temp directory /tmp/tmpu0rcz6_p from /opt/airflow/dbt_transform
[2026-07-15T02:13:34.127+0000] {local.py:538} INFO - Partial parse is enabled and the latest partial parse file is /tmp/cosmos/dbt_silver_gold_incremental__transform_gold/target/partial_parse.msgpack
[2026-07-15T02:13:34.140+0000] {config.py:395} INFO - Using user-supplied profiles.yml at /opt/airflow/dbt_transform/profiles.yml
[2026-07-15T02:13:34.153+0000] {runner.py:95} INFO - Trying to run dbtRunner with:
 ['deps', '--project-dir', '/tmp/tmpu0rcz6_p', '--profiles-dir', '/opt/airflow/dbt_transform', '--profile', 'lakehouse_dbt', '--target', 'dev', '--no-static-parser']
 in /tmp/tmpu0rcz6_p
[2026-07-15T02:13:34.243+0000] {logging_mixin.py:190} INFO - 02:13:34  Running with dbt=1.8.8
[2026-07-15T02:13:34.397+0000] {converter.py:314} INFO - ::group::Cosmos DAG parsing logs
[2026-07-15T02:13:34.402+0000] {graph.py:869} INFO - Trying to parse the dbt project using dbt ls cache cosmos_cache__dbt_silver_gold_incremental__transform_silver...
[2026-07-15T02:13:36.180+0000] {cache.py:383} INFO - Cosmos performance: time to calculate cache identifier cosmos_cache__dbt_silver_gold_incremental__transform_silver for current version: 1.7675784929997462
[2026-07-15T02:13:36.181+0000] {graph.py:886} INFO - Cosmos performance [46914d9ee5b9|4761]: The cache size for cosmos_cache__dbt_silver_gold_incremental__transform_silver is 5960
[2026-07-15T02:13:36.183+0000] {graph.py:898} INFO - Cosmos performance: Cache hit for cosmos_cache__dbt_silver_gold_incremental__transform_silver - 482d7c4579b21d7437a850cca51f0b7c,5e34606eb5f2b3dea81a8e19fa3ba138
[2026-07-15T02:13:36.185+0000] {graph.py:799} INFO - Total nodes: 7
[2026-07-15T02:13:36.186+0000] {graph.py:800} INFO - Total filtered nodes: 7
[2026-07-15T02:13:36.187+0000] {converter.py:361} INFO - Cosmos performance (dbt_silver_gold_incremental__transform_silver) - [46914d9ee5b9|4761]: It took 1.79s to parse the dbt project for DAG using dbt_ls_cache
[2026-07-15T02:13:36.196+0000] {converter.py:413} INFO - Cosmos performance (dbt_silver_gold_incremental__transform_silver) - [46914d9ee5b9|4761]: It took 0.00942s to build the Airflow DAG.
[2026-07-15T02:13:36.198+0000] {converter.py:420} INFO - ::endgroup::Cosmos DAG parsing logs
[2026-07-15T02:13:36.199+0000] {converter.py:314} INFO - ::group::Cosmos DAG parsing logs
[2026-07-15T02:13:36.203+0000] {graph.py:869} INFO - Trying to parse the dbt project using dbt ls cache cosmos_cache__dbt_silver_gold_incremental__transform_gold...
[2026-07-15T02:13:37.756+0000] {cache.py:383} INFO - Cosmos performance: time to calculate cache identifier cosmos_cache__dbt_silver_gold_incremental__transform_gold for current version: 1.5420658029997867
[2026-07-15T02:13:37.758+0000] {graph.py:886} INFO - Cosmos performance [46914d9ee5b9|4761]: The cache size for cosmos_cache__dbt_silver_gold_incremental__transform_gold is 35989
[2026-07-15T02:13:37.760+0000] {graph.py:898} INFO - Cosmos performance: Cache hit for cosmos_cache__dbt_silver_gold_incremental__transform_gold - 482d7c4579b21d7437a850cca51f0b7c,304321e940a9403dceb380589bd0566f
[2026-07-15T02:13:37.762+0000] {graph.py:799} INFO - Total nodes: 39
[2026-07-15T02:13:37.763+0000] {graph.py:800} INFO - Total filtered nodes: 39
[2026-07-15T02:13:37.764+0000] {converter.py:361} INFO - Cosmos performance (dbt_silver_gold_incremental__transform_gold) - [46914d9ee5b9|4761]: It took 1.56s to parse the dbt project for DAG using dbt_ls_cache
[2026-07-15T02:13:37.791+0000] {converter.py:413} INFO - Cosmos performance (dbt_silver_gold_incremental__transform_gold) - [46914d9ee5b9|4761]: It took 0.0271s to build the Airflow DAG.
[2026-07-15T02:13:37.792+0000] {converter.py:420} INFO - ::endgroup::Cosmos DAG parsing logs
[2026-07-15T02:13:37.795+0000] {converter.py:314} INFO - ::group::Cosmos DAG parsing logs
[2026-07-15T02:13:37.799+0000] {graph.py:869} INFO - Trying to parse the dbt project using dbt ls cache cosmos_cache__dbt_silver_gold_full_load__transform_silver...
[2026-07-15T02:13:39.591+0000] {cache.py:383} INFO - Cosmos performance: time to calculate cache identifier cosmos_cache__dbt_silver_gold_full_load__transform_silver for current version: 1.7766869449997102
[2026-07-15T02:13:39.593+0000] {graph.py:886} INFO - Cosmos performance [46914d9ee5b9|4761]: The cache size for cosmos_cache__dbt_silver_gold_full_load__transform_silver is 5960
[2026-07-15T02:13:39.594+0000] {graph.py:898} INFO - Cosmos performance: Cache hit for cosmos_cache__dbt_silver_gold_full_load__transform_silver - 482d7c4579b21d7437a850cca51f0b7c,5e34606eb5f2b3dea81a8e19fa3ba138
[2026-07-15T02:13:39.595+0000] {graph.py:799} INFO - Total nodes: 7
[2026-07-15T02:13:39.596+0000] {graph.py:800} INFO - Total filtered nodes: 7
[2026-07-15T02:13:39.598+0000] {converter.py:361} INFO - Cosmos performance (dbt_silver_gold_full_load__transform_silver) - [46914d9ee5b9|4761]: It took 1.8s to parse the dbt project for DAG using dbt_ls_cache
[2026-07-15T02:13:39.607+0000] {converter.py:413} INFO - Cosmos performance (dbt_silver_gold_full_load__transform_silver) - [46914d9ee5b9|4761]: It took 0.00898s to build the Airflow DAG.
[2026-07-15T02:13:39.608+0000] {converter.py:420} INFO - ::endgroup::Cosmos DAG parsing logs
[2026-07-15T02:13:39.609+0000] {converter.py:314} INFO - ::group::Cosmos DAG parsing logs
[2026-07-15T02:13:39.612+0000] {graph.py:869} INFO - Trying to parse the dbt project using dbt ls cache cosmos_cache__dbt_silver_gold_full_load__transform_gold...
[2026-07-15T02:13:41.248+0000] {cache.py:383} INFO - Cosmos performance: time to calculate cache identifier cosmos_cache__dbt_silver_gold_full_load__transform_gold for current version: 1.6215364810004758
[2026-07-15T02:13:41.249+0000] {graph.py:886} INFO - Cosmos performance [46914d9ee5b9|4761]: The cache size for cosmos_cache__dbt_silver_gold_full_load__transform_gold is 35989
[2026-07-15T02:13:41.251+0000] {graph.py:898} INFO - Cosmos performance: Cache hit for cosmos_cache__dbt_silver_gold_full_load__transform_gold - 482d7c4579b21d7437a850cca51f0b7c,304321e940a9403dceb380589bd0566f
[2026-07-15T02:13:41.252+0000] {graph.py:799} INFO - Total nodes: 39
[2026-07-15T02:13:41.253+0000] {graph.py:800} INFO - Total filtered nodes: 39
[2026-07-15T02:13:41.254+0000] {converter.py:361} INFO - Cosmos performance (dbt_silver_gold_full_load__transform_gold) - [46914d9ee5b9|4761]: It took 1.64s to parse the dbt project for DAG using dbt_ls_cache
[2026-07-15T02:13:41.277+0000] {converter.py:413} INFO - Cosmos performance (dbt_silver_gold_full_load__transform_gold) - [46914d9ee5b9|4761]: It took 0.023s to build the Airflow DAG.
[2026-07-15T02:13:41.279+0000] {converter.py:420} INFO - ::endgroup::Cosmos DAG parsing logs
[2026-07-15T02:13:42.424+0000] {logging_mixin.py:190} INFO - 02:13:42  Installing dbt-labs/dbt_utils
[2026-07-15T02:13:44.639+0000] {logging_mixin.py:190} INFO - 02:13:44  Installed from version 1.3.0
[2026-07-15T02:13:44.641+0000] {logging_mixin.py:190} INFO - 02:13:44  Updated version available: 1.4.1
[2026-07-15T02:13:44.643+0000] {logging_mixin.py:190} INFO - 02:13:44  Installing metaplane/dbt_expectations
[2026-07-15T02:13:45.640+0000] {logging_mixin.py:190} INFO - 02:13:45  Installed from version 0.10.8
[2026-07-15T02:13:45.642+0000] {logging_mixin.py:190} INFO - 02:13:45  Updated version available: 0.10.10
[2026-07-15T02:13:45.644+0000] {logging_mixin.py:190} INFO - 02:13:45  Installing godatadriven/dbt_date
[2026-07-15T02:13:46.198+0000] {logging_mixin.py:190} INFO - 02:13:46  Installed from version 0.15.0
[2026-07-15T02:13:46.200+0000] {logging_mixin.py:190} INFO - 02:13:46  Up to date!
[2026-07-15T02:13:46.202+0000] {logging_mixin.py:190} INFO - 02:13:46
[2026-07-15T02:13:46.203+0000] {logging_mixin.py:190} INFO - 02:13:46  Updates available for packages: ['dbt-labs/dbt_utils', 'metaplane/dbt_expectations']                 
Update your versions in packages.yml, then run dbt deps
[2026-07-15T02:13:47.667+0000] {runner.py:95} INFO - Trying to run dbtRunner with:
 ['run', '--select', 'fqn:consumer_complaints_transformation.marts.dim_issues', '--project-dir', '/tmp/tmpu0rcz6_p', '--profiles-dir', '/opt/airflow/dbt_transform', '--profile', 'lakehouse_dbt', '--target', 'dev', '--no-static-parser']
 in /tmp/tmpu0rcz6_p
[2026-07-15T02:13:47.720+0000] {logging_mixin.py:190} INFO - 02:13:47  Running with dbt=1.8.8
[2026-07-15T02:13:47.787+0000] {auth.py:343} INFO - keyring module not found. OAuth2 token will not be stored in keyring.
[2026-07-15T02:13:47.793+0000] {auth.py:343} INFO - keyring module not found. OAuth2 token will not be stored in keyring.
[2026-07-15T02:13:47.934+0000] {logging_mixin.py:190} INFO - 02:13:47  Registered adapter: trino=1.8.5
[2026-07-15T02:13:48.782+0000] {logging_mixin.py:190} INFO - 02:13:48  Found 8 models, 40 data tests, 1 source, 9 metrics, 838 macros, 5 semantic models
[2026-07-15T02:13:48.785+0000] {logging_mixin.py:190} INFO - 02:13:48
[2026-07-15T02:13:48.812+0000] {logging_mixin.py:190} INFO - 02:13:48  [WARNING]: SSL certificate validation is disabled by default. It is legacy behavior which will be changed in future releases. It is strongly advised to enable `require_certificate_validation` flag or explicitly set `cert` configuration to `True` for security reasons. You may receive an error after that if your SSL setup is incorrect.
You may opt into the new behavior sooner by setting `flags.require_certificate_validation` to `True` in `dbt_project.yml`.
Visit https://docs.getdbt.com/reference/global-configs/behavior-changes for more information.
[2026-07-15T02:13:49.169+0000] {logging_mixin.py:190} INFO - 02:13:49  Concurrency: 4 threads (target='dev')
[2026-07-15T02:13:49.173+0000] {logging_mixin.py:190} INFO - 02:13:49
[2026-07-15T02:13:49.189+0000] {logging_mixin.py:190} INFO - 02:13:49  1 of 1 START sql incremental model gold.dim_issues ............................. [RUN]
[2026-07-15T02:13:49.396+0000] {logging_mixin.py:190} INFO - 02:13:49  1 of 1 ERROR creating sql incremental model gold.dim_issues .................... [ERROR in 0.20s]
[2026-07-15T02:13:49.403+0000] {logging_mixin.py:190} INFO - 02:13:49
[2026-07-15T02:13:49.405+0000] {logging_mixin.py:190} INFO - 02:13:49  Finished running 1 incremental model in 0 hours 0 minutes and 0.62 seconds (0.62s).
[2026-07-15T02:13:49.457+0000] {logging_mixin.py:190} INFO - 02:13:49
[2026-07-15T02:13:49.459+0000] {logging_mixin.py:190} INFO - 02:13:49  Completed with 1 error and 0 warnings:
[2026-07-15T02:13:49.460+0000] {logging_mixin.py:190} INFO - 02:13:49
[2026-07-15T02:13:49.462+0000] {logging_mixin.py:190} INFO - 02:13:49    Database Error in model dim_issues (models/marts/dim_issues.sql)
  TrinoUserError(type=USER_ERROR, name=TYPE_MISMATCH, message="line 19:70: All COALESCE operands must be the same type or coercible to a common type. Cannot find common type between timestamp(6) with time zone and varchar(10), all types (without duplicates): [timestamp(6) with time zone, varchar(10)]", query_id=20260715_020614_00184_xp3hr)
[2026-07-15T02:13:49.465+0000] {logging_mixin.py:190} INFO - 02:13:49
[2026-07-15T02:13:49.467+0000] {logging_mixin.py:190} INFO - 02:13:49  Done. PASS=0 WARN=0 ERROR=1 SKIP=0 TOTAL=1
[2026-07-15T02:13:51.421+0000] {local.py:196} WARNING - Artifact schema version: https://schemas.getdbt.com/dbt/manifest/v12.json is above dbt-ol supported version 7. This might cause errors.
[2026-07-15T02:13:51.427+0000] {local.py:594} INFO - Inlets: []
[2026-07-15T02:13:51.429+0000] {local.py:595} INFO - Outlets: []
[2026-07-15T02:13:51.431+0000] {local.py:886} INFO - Assigning inlets/outlets with DatasetAlias in Airflow 2
[2026-07-15T02:13:51.456+0000] {taskinstance.py:3310} ERROR - Task failed with exception
Traceback (most recent call last):
  File "/home/airflow/.local/lib/python3.10/site-packages/airflow/models/taskinstance.py", line 767, in _execute_task
    result = _execute_callable(context=context, **execute_callable_kwargs)
  File "/home/airflow/.local/lib/python3.10/site-packages/airflow/models/taskinstance.py", line 733, in _execute_callable
    return ExecutionCallableRunner(
  File "/home/airflow/.local/lib/python3.10/site-packages/airflow/utils/operator_helpers.py", line 252, in run
    return self.func(*args, **kwargs)
  File "/home/airflow/.local/lib/python3.10/site-packages/cosmos/operators/base.py", line 346, in execute
    self.build_and_run_cmd(context=context, cmd_flags=self.add_cmd_flags(), **kwargs)
  File "/home/airflow/.local/lib/python3.10/site-packages/cosmos/operators/local.py", line 968, in build_and_run_cmd
    result = self.run_command(
  File "/home/airflow/.local/lib/python3.10/site-packages/cosmos/operators/local.py", line 743, in run_command
    self.handle_exception(result)
  File "/home/airflow/.local/lib/python3.10/site-packages/cosmos/operators/local.py", line 308, in handle_exception_dbt_runner
    return dbt_runner.handle_exception_if_needed(result)
  File "/home/airflow/.local/lib/python3.10/site-packages/cosmos/dbt/runner.py", line 156, in handle_exception_if_needed
    raise CosmosDbtRunError(f"dbt invocation completed with errors: {error_message}")
cosmos.exceptions.CosmosDbtRunError: dbt invocation completed with errors: dim_issues: Database Error in model dim_issues (models/marts/dim_issues.sql)
  TrinoUserError(type=USER_ERROR, name=TYPE_MISMATCH, message="line 19:70: All COALESCE operands must be the same type or coercible to a common type. Cannot find common type between timestamp(6) with time zone and varchar(10), all types (without duplicates): [timestamp(6) with time zone, varchar(10)]", query_id=20260715_020614_00184_xp3hr)
[2026-07-15T02:13:52.087+0000] {_client.py:1026} INFO - HTTP Request: GET https://astronomer.gateway.scarf.sh/astronomer-cosmos/v3/task_instance?cosmos_version=1.15.0&airflow_version=2.10.2&python_version=3.10.15&platform_system=Linux&platform_machine=x86_64&status=failed&operator_name=DbtRunLocalOperator&is_cosmos_operator_subclass=False&invocation_mode=dbt_runner&execution_mode=local&profile_strategy=yaml_file&profile_mapping_class=None&database=trino&is_mapped_task=False&dbt_command=run&install_deps=True&has_callback=False&duration=19.1229 "HTTP/1.1 200 OK"
[2026-07-15T02:13:52.090+0000] {taskinstance.py:1225} INFO - Marking task as FAILED. dag_id=dbt_silver_gold_incremental, task_id=transform_gold.dim_issues.run, run_id=manual__2026-07-15T02:08:48.351263+00:00, execution_date=20260715T020848, start_date=20260715T021332, end_date=20260715T021351
[2026-07-15T02:13:52.104+0000] {taskinstance.py:340} INFO - ::group::Post task execution logs
[2026-07-15T02:13:52.106+0000] {standard_task_runner.py:124} ERROR - Failed to execute job 37 for task transform_gold.dim_issues.run (dbt invocation completed with errors: dim_issues: Database Error in model dim_issues (models/marts/dim_issues.sql)
  TrinoUserError(type=USER_ERROR, name=TYPE_MISMATCH, message="line 19:70: All COALESCE operands must be the same type or coercible to a common type. Cannot find common type between timestamp(6) with time zone and varchar(10), all types (without duplicates): [timestamp(6) with time zone, varchar(10)]", query_id=20260715_020614_00184_xp3hr); 4761)
Traceback (most recent call last):
  File "/home/airflow/.local/lib/python3.10/site-packages/airflow/task/task_runner/standard_task_runner.py", line 117, in _start_by_fork
    ret = args.func(args, dag=self.dag)
  File "/home/airflow/.local/lib/python3.10/site-packages/airflow/cli/cli_config.py", line 49, in command
    return func(*args, **kwargs)
  File "/home/airflow/.local/lib/python3.10/site-packages/airflow/utils/cli.py", line 115, in wrapper
    return f(*args, **kwargs)
  File "/home/airflow/.local/lib/python3.10/site-packages/airflow/cli/commands/task_command.py", line 483, in task_run
    task_return_code = _run_task_by_selected_method(args, _dag, ti)
  File "/home/airflow/.local/lib/python3.10/site-packages/airflow/cli/commands/task_command.py", line 256, in _run_task_by_selected_method
    return _run_raw_task(args, ti)
  File "/home/airflow/.local/lib/python3.10/site-packages/airflow/cli/commands/task_command.py", line 341, in _run_raw_task
    return ti._run_raw_task(
  File "/home/airflow/.local/lib/python3.10/site-packages/airflow/utils/session.py", line 97, in wrapper
    return func(*args, session=session, **kwargs)
  File "/home/airflow/.local/lib/python3.10/site-packages/airflow/models/taskinstance.py", line 3004, in _run_raw_task
    return _run_raw_task(
  File "/home/airflow/.local/lib/python3.10/site-packages/airflow/models/taskinstance.py", line 273, in _run_raw_task
    TaskInstance._execute_task_with_callbacks(
  File "/home/airflow/.local/lib/python3.10/site-packages/airflow/models/taskinstance.py", line 3158, in _execute_task_with_callbacks
    result = self._execute_task(context, task_orig)
  File "/home/airflow/.local/lib/python3.10/site-packages/airflow/models/taskinstance.py", line 3182, in _execute_task
    return _execute_task(self, context, task_orig)
  File "/home/airflow/.local/lib/python3.10/site-packages/airflow/models/taskinstance.py", line 767, in _execute_task
    result = _execute_callable(context=context, **execute_callable_kwargs)
  File "/home/airflow/.local/lib/python3.10/site-packages/airflow/models/taskinstance.py", line 733, in _execute_callable
    return ExecutionCallableRunner(
  File "/home/airflow/.local/lib/python3.10/site-packages/airflow/utils/operator_helpers.py", line 252, in run
    return self.func(*args, **kwargs)
  File "/home/airflow/.local/lib/python3.10/site-packages/cosmos/operators/base.py", line 346, in execute
    self.build_and_run_cmd(context=context, cmd_flags=self.add_cmd_flags(), **kwargs)
  File "/home/airflow/.local/lib/python3.10/site-packages/cosmos/operators/local.py", line 968, in build_and_run_cmd
    result = self.run_command(
  File "/home/airflow/.local/lib/python3.10/site-packages/cosmos/operators/local.py", line 743, in run_command
    self.handle_exception(result)
  File "/home/airflow/.local/lib/python3.10/site-packages/cosmos/operators/local.py", line 308, in handle_exception_dbt_runner
    return dbt_runner.handle_exception_if_needed(result)
  File "/home/airflow/.local/lib/python3.10/site-packages/cosmos/dbt/runner.py", line 156, in handle_exception_if_needed
    raise CosmosDbtRunError(f"dbt invocation completed with errors: {error_message}")
cosmos.exceptions.CosmosDbtRunError: dbt invocation completed with errors: dim_issues: Database Error in model dim_issues (models/marts/dim_issues.sql)
  TrinoUserError(type=USER_ERROR, name=TYPE_MISMATCH, message="line 19:70: All COALESCE operands must be the same type or coercible to a common type. Cannot find common type between timestamp(6) with time zone and varchar(10), all types (without duplicates): [timestamp(6) with time zone, varchar(10)]", query_id=20260715_020614_00184_xp3hr)
[2026-07-15T02:13:52.128+0000] {local_task_job_runner.py:266} INFO - Task exited with return code 1
[2026-07-15T02:13:52.155+0000] {taskinstance.py:3900} INFO - 0 downstream tasks scheduled from follow-on schedule check
[2026-07-15T02:13:52.161+0000] {local_task_job_runner.py:245} INFO - ::endgroup::
