[2026-07-22T01:50:21.604+0000] {local_task_job_runner.py:123} INFO - ::group::Pre task execution logs
[2026-07-22T01:50:21.634+0000] {taskinstance.py:2612} INFO - Dependencies all met for dep_context=non-requeueable deps ti=<TaskInstance: dbt_silver_gold_incremental.transform_gold.fct_complaints.run manual__2026-07-22T01:18:56.480959+00:00 [queued]>
[2026-07-22T01:50:21.648+0000] {taskinstance.py:2612} INFO - Dependencies all met for dep_context=requeueable deps ti=<TaskInstance: dbt_silver_gold_incremental.transform_gold.fct_complaints.run manual__2026-07-22T01:18:56.480959+00:00 [queued]>
[2026-07-22T01:50:21.650+0000] {taskinstance.py:2865} INFO - Starting attempt 1 of 2
[2026-07-22T01:50:21.669+0000] {taskinstance.py:2888} INFO - Executing <Task(DbtRunLocalOperator): transform_gold.fct_complaints.run> on 2026-07-22 01:18:56.480959+00:00
[2026-07-22T01:50:21.677+0000] {standard_task_runner.py:72} INFO - Started process 2239 to run task
[2026-07-22T01:50:21.684+0000] {standard_task_runner.py:104} INFO - Running: ['airflow', 'tasks', 'run', 'dbt_silver_gold_incremental', 'transform_gold.fct_complaints.run', 'manual__2026-07-22T01:18:56.480959+00:00', '--job-id', '93', '--raw', '--subdir', 'DAGS_FOLDER/dbt_silver_gold.py', '--cfg-path', '/tmp/tmp8qu_kloc']
[2026-07-22T01:50:21.688+0000] {standard_task_runner.py:105} INFO - Job 93: Subtask transform_gold.fct_complaints.run
[2026-07-22T01:50:21.790+0000] {task_command.py:467} INFO - Running <TaskInstance: dbt_silver_gold_incremental.transform_gold.fct_complaints.run manual__2026-07-22T01:18:56.480959+00:00 [running]> on host dbd63abba702
[2026-07-22T01:50:21.938+0000] {taskinstance.py:3131} INFO - Exporting env vars: AIRFLOW_CTX_DAG_OWNER='data_engineer' AIRFLOW_CTX_DAG_ID='dbt_silver_gold_incremental' AIRFLOW_CTX_TASK_ID='transform_gold.fct_complaints.run' AIRFLOW_CTX_EXECUTION_DATE='2026-07-22T01:18:56.480959+00:00' AIRFLOW_CTX_TRY_NUMBER='1' AIRFLOW_CTX_DAG_RUN_ID='manual__2026-07-22T01:18:56.480959+00:00'
[2026-07-22T01:50:21.942+0000] {taskinstance.py:731} INFO - ::endgroup::
[2026-07-22T01:50:23.910+0000] {local.py:294} INFO - dbtRunner is available. Using dbtRunner for invoking dbt.
[2026-07-22T01:50:23.913+0000] {local.py:518} INFO - Cloning project to writable temp directory /tmp/tmpjs8zspa9 from /opt/airflow/dbt_transform
[2026-07-22T01:50:23.930+0000] {local.py:538} INFO - Partial parse is enabled and the latest partial parse file is /tmp/cosmos/dbt_silver_gold_incremental__transform_gold/target/partial_parse.msgpack
[2026-07-22T01:50:23.973+0000] {config.py:395} INFO - Using user-supplied profiles.yml at /opt/airflow/dbt_transform/profiles.yml
[2026-07-22T01:50:23.986+0000] {runner.py:95} INFO - Trying to run dbtRunner with:
 ['deps', '--project-dir', '/tmp/tmpjs8zspa9', '--profiles-dir', '/opt/airflow/dbt_transform', '--profile', 'lakehouse_dbt', '--target', 'dev', '--no-static-parser']
 in /tmp/tmpjs8zspa9
[2026-07-22T01:50:24.084+0000] {logging_mixin.py:190} INFO - 01:50:24  Running with dbt=1.8.8
[2026-07-22T01:50:24.285+0000] {converter.py:314} INFO - ::group::Cosmos DAG parsing logs
[2026-07-22T01:50:24.291+0000] {graph.py:869} INFO - Trying to parse the dbt project using dbt ls cache cosmos_cache__dbt_silver_gold_incremental__transform_silver...
[2026-07-22T01:50:26.435+0000] {cache.py:383} INFO - Cosmos performance: time to calculate cache identifier cosmos_cache__dbt_silver_gold_incremental__transform_silver for current version: 2.125410238999848
[2026-07-22T01:50:26.436+0000] {graph.py:886} INFO - Cosmos performance [dbd63abba702|2239]: The cache size for cosmos_cache__dbt_silver_gold_incremental__transform_silver is 5952
[2026-07-22T01:50:26.438+0000] {graph.py:898} INFO - Cosmos performance: Cache hit for cosmos_cache__dbt_silver_gold_incremental__transform_silver - 93fe86a1db8b3ecb7fd501463be0f888,5e34606eb5f2b3dea81a8e19fa3ba138
[2026-07-22T01:50:26.440+0000] {graph.py:799} INFO - Total nodes: 7
[2026-07-22T01:50:26.442+0000] {graph.py:800} INFO - Total filtered nodes: 7
[2026-07-22T01:50:26.443+0000] {converter.py:361} INFO - Cosmos performance (dbt_silver_gold_incremental__transform_silver) - [dbd63abba702|2239]: It took 2.15s to parse the dbt project for DAG using dbt_ls_cache
[2026-07-22T01:50:26.456+0000] {converter.py:413} INFO - Cosmos performance (dbt_silver_gold_incremental__transform_silver) - [dbd63abba702|2239]: It took 0.0126s to build the Airflow DAG.
[2026-07-22T01:50:26.457+0000] {converter.py:420} INFO - ::endgroup::Cosmos DAG parsing logs
[2026-07-22T01:50:26.459+0000] {converter.py:314} INFO - ::group::Cosmos DAG parsing logs
[2026-07-22T01:50:26.463+0000] {graph.py:869} INFO - Trying to parse the dbt project using dbt ls cache cosmos_cache__dbt_silver_gold_incremental__transform_gold...
[2026-07-22T01:50:28.427+0000] {cache.py:383} INFO - Cosmos performance: time to calculate cache identifier cosmos_cache__dbt_silver_gold_incremental__transform_gold for current version: 1.9600833169997713
[2026-07-22T01:50:28.429+0000] {graph.py:886} INFO - Cosmos performance [dbd63abba702|2239]: The cache size for cosmos_cache__dbt_silver_gold_incremental__transform_gold is 35822
[2026-07-22T01:50:28.432+0000] {graph.py:898} INFO - Cosmos performance: Cache hit for cosmos_cache__dbt_silver_gold_incremental__transform_gold - 93fe86a1db8b3ecb7fd501463be0f888,304321e940a9403dceb380589bd0566f
[2026-07-22T01:50:28.433+0000] {graph.py:799} INFO - Total nodes: 39
[2026-07-22T01:50:28.435+0000] {graph.py:800} INFO - Total filtered nodes: 39
[2026-07-22T01:50:28.437+0000] {converter.py:361} INFO - Cosmos performance (dbt_silver_gold_incremental__transform_gold) - [dbd63abba702|2239]: It took 1.98s to parse the dbt project for DAG using dbt_ls_cache
[2026-07-22T01:50:28.475+0000] {converter.py:413} INFO - Cosmos performance (dbt_silver_gold_incremental__transform_gold) - [dbd63abba702|2239]: It took 0.038s to build the Airflow DAG.
[2026-07-22T01:50:28.476+0000] {converter.py:420} INFO - ::endgroup::Cosmos DAG parsing logs
[2026-07-22T01:50:28.479+0000] {converter.py:314} INFO - ::group::Cosmos DAG parsing logs
[2026-07-22T01:50:28.482+0000] {graph.py:869} INFO - Trying to parse the dbt project using dbt ls cache cosmos_cache__dbt_silver_gold_full_load__transform_silver...
[2026-07-22T01:50:30.342+0000] {cache.py:383} INFO - Cosmos performance: time to calculate cache identifier cosmos_cache__dbt_silver_gold_full_load__transform_silver for current version: 1.8459538759998395
[2026-07-22T01:50:30.344+0000] {graph.py:886} INFO - Cosmos performance [dbd63abba702|2239]: The cache size for cosmos_cache__dbt_silver_gold_full_load__transform_silver is 5952
[2026-07-22T01:50:30.346+0000] {graph.py:898} INFO - Cosmos performance: Cache hit for cosmos_cache__dbt_silver_gold_full_load__transform_silver - 93fe86a1db8b3ecb7fd501463be0f888,5e34606eb5f2b3dea81a8e19fa3ba138
[2026-07-22T01:50:30.347+0000] {graph.py:799} INFO - Total nodes: 7
[2026-07-22T01:50:30.348+0000] {graph.py:800} INFO - Total filtered nodes: 7
[2026-07-22T01:50:30.350+0000] {converter.py:361} INFO - Cosmos performance (dbt_silver_gold_full_load__transform_silver) - [dbd63abba702|2239]: It took 1.87s to parse the dbt project for DAG using dbt_ls_cache
[2026-07-22T01:50:30.365+0000] {converter.py:413} INFO - Cosmos performance (dbt_silver_gold_full_load__transform_silver) - [dbd63abba702|2239]: It took 0.015s to build the Airflow DAG.
[2026-07-22T01:50:30.367+0000] {converter.py:420} INFO - ::endgroup::Cosmos DAG parsing logs
[2026-07-22T01:50:30.368+0000] {converter.py:314} INFO - ::group::Cosmos DAG parsing logs
[2026-07-22T01:50:30.372+0000] {graph.py:869} INFO - Trying to parse the dbt project using dbt ls cache cosmos_cache__dbt_silver_gold_full_load__transform_gold...
[2026-07-22T01:50:32.337+0000] {cache.py:383} INFO - Cosmos performance: time to calculate cache identifier cosmos_cache__dbt_silver_gold_full_load__transform_gold for current version: 1.953750151999884
[2026-07-22T01:50:32.338+0000] {graph.py:886} INFO - Cosmos performance [dbd63abba702|2239]: The cache size for cosmos_cache__dbt_silver_gold_full_load__transform_gold is 35822
[2026-07-22T01:50:32.341+0000] {graph.py:898} INFO - Cosmos performance: Cache hit for cosmos_cache__dbt_silver_gold_full_load__transform_gold - 93fe86a1db8b3ecb7fd501463be0f888,304321e940a9403dceb380589bd0566f
[2026-07-22T01:50:32.342+0000] {graph.py:799} INFO - Total nodes: 39
[2026-07-22T01:50:32.344+0000] {graph.py:800} INFO - Total filtered nodes: 39
[2026-07-22T01:50:32.345+0000] {converter.py:361} INFO - Cosmos performance (dbt_silver_gold_full_load__transform_gold) - [dbd63abba702|2239]: It took 1.97s to parse the dbt project for DAG using dbt_ls_cache
[2026-07-22T01:50:32.384+0000] {converter.py:413} INFO - Cosmos performance (dbt_silver_gold_full_load__transform_gold) - [dbd63abba702|2239]: It took 0.0385s to build the Airflow DAG.
[2026-07-22T01:50:32.385+0000] {converter.py:420} INFO - ::endgroup::Cosmos DAG parsing logs
[2026-07-22T01:50:32.827+0000] {logging_mixin.py:190} INFO - 01:50:32  Installing dbt-labs/dbt_utils
[2026-07-22T01:50:33.472+0000] {logging_mixin.py:190} INFO - 01:50:33  Installed from version 1.3.0
[2026-07-22T01:50:33.475+0000] {logging_mixin.py:190} INFO - 01:50:33  Updated version available: 1.4.1
[2026-07-22T01:50:33.478+0000] {logging_mixin.py:190} INFO - 01:50:33  Installing metaplane/dbt_expectations
[2026-07-22T01:50:35.777+0000] {logging_mixin.py:190} INFO - 01:50:35  Installed from version 0.10.8
[2026-07-22T01:50:35.779+0000] {logging_mixin.py:190} INFO - 01:50:35  Updated version available: 0.10.10
[2026-07-22T01:50:35.781+0000] {logging_mixin.py:190} INFO - 01:50:35  Installing godatadriven/dbt_date
[2026-07-22T01:50:36.325+0000] {logging_mixin.py:190} INFO - 01:50:36  Installed from version 0.15.0
[2026-07-22T01:50:36.327+0000] {logging_mixin.py:190} INFO - 01:50:36  Up to date!
[2026-07-22T01:50:36.329+0000] {logging_mixin.py:190} INFO - 01:50:36
[2026-07-22T01:50:36.330+0000] {logging_mixin.py:190} INFO - 01:50:36  Updates available for packages: ['dbt-labs/dbt_utils', 'metaplane/dbt_expectations']                 
Update your versions in packages.yml, then run dbt deps
[2026-07-22T01:50:37.474+0000] {runner.py:95} INFO - Trying to run dbtRunner with:
 ['run', '--select', 'fqn:consumer_complaints_transformation.marts.fct_complaints', '--project-dir', '/tmp/tmpjs8zspa9', '--profiles-dir', '/opt/airflow/dbt_transform', '--profile', 'lakehouse_dbt', '--target', 'dev', '--no-static-parser']
 in /tmp/tmpjs8zspa9
[2026-07-22T01:50:37.509+0000] {logging_mixin.py:190} INFO - 01:50:37  Running with dbt=1.8.8
[2026-07-22T01:50:37.547+0000] {auth.py:343} INFO - keyring module not found. OAuth2 token will not be stored in keyring.
[2026-07-22T01:50:37.552+0000] {auth.py:343} INFO - keyring module not found. OAuth2 token will not be stored in keyring.
[2026-07-22T01:50:37.725+0000] {logging_mixin.py:190} INFO - 01:50:37  Registered adapter: trino=1.8.5
[2026-07-22T01:50:39.540+0000] {logging_mixin.py:190} INFO - 01:50:39  Found 8 models, 40 data tests, 1 source, 9 metrics, 839 macros, 5 semantic models
[2026-07-22T01:50:39.548+0000] {logging_mixin.py:190} INFO - 01:50:39
[2026-07-22T01:50:39.658+0000] {logging_mixin.py:190} INFO - 01:50:39  [WARNING]: SSL certificate validation is disabled by default. It is legacy behavior which will be changed in future releases. It is strongly advised to enable `require_certificate_validation` flag or explicitly set `cert` configuration to `True` for security reasons. You may receive an error after that if your SSL setup is incorrect.
You may opt into the new behavior sooner by setting `flags.require_certificate_validation` to `True` in `dbt_project.yml`.
Visit https://docs.getdbt.com/reference/global-configs/behavior-changes for more information.
[2026-07-22T01:50:40.174+0000] {logging_mixin.py:190} INFO - 01:50:40  Concurrency: 1 threads (target='dev')
[2026-07-22T01:50:40.178+0000] {logging_mixin.py:190} INFO - 01:50:40
[2026-07-22T01:50:40.188+0000] {logging_mixin.py:190} INFO - 01:50:40  1 of 1 START sql incremental model silver.fct_complaints ....................... [RUN]
[2026-07-22T01:50:42.515+0000] {logging_mixin.py:190} INFO - 01:50:42  1 of 1 OK created sql incremental model silver.fct_complaints .................. [MERGE (44 rows) in 2.31s]
[2026-07-22T01:50:42.535+0000] {logging_mixin.py:190} INFO - 01:50:42
[2026-07-22T01:50:42.539+0000] {logging_mixin.py:190} INFO - 01:50:42  Finished running 1 incremental model in 0 hours 0 minutes and 2.98 seconds (2.98s).
[2026-07-22T01:50:42.662+0000] {logging_mixin.py:190} INFO - 01:50:42
[2026-07-22T01:50:42.664+0000] {logging_mixin.py:190} INFO - 01:50:42  Completed successfully
[2026-07-22T01:50:42.668+0000] {logging_mixin.py:190} INFO - 01:50:42
[2026-07-22T01:50:42.670+0000] {logging_mixin.py:190} INFO - 01:50:42  Done. PASS=1 WARN=0 ERROR=0 SKIP=0 TOTAL=1
[2026-07-22T01:50:43.952+0000] {local.py:196} WARNING - Artifact schema version: https://schemas.getdbt.com/dbt/manifest/v12.json is above dbt-ol supported version 7. This might cause errors.
[2026-07-22T01:50:43.972+0000] {local.py:594} INFO - Inlets: []
[2026-07-22T01:50:43.974+0000] {local.py:595} INFO - Outlets: []
[2026-07-22T01:50:43.976+0000] {local.py:886} INFO - Assigning inlets/outlets with DatasetAlias in Airflow 2
[2026-07-22T01:50:44.112+0000] {taskinstance.py:340} INFO - ::group::Post task execution logs
[2026-07-22T01:50:44.114+0000] {taskinstance.py:352} INFO - Marking task as SUCCESS. dag_id=dbt_silver_gold_incremental, task_id=transform_gold.fct_complaints.run, run_id=manual__2026-07-22T01:18:56.480959+00:00, execution_date=20260722T011856, start_date=20260722T015021, end_date=20260722T015044
[2026-07-22T01:50:44.910+0000] {_client.py:1026} INFO - HTTP Request: GET https://astronomer.gateway.scarf.sh/astronomer-cosmos/v3/task_instance?cosmos_version=1.15.0&airflow_version=2.10.2&python_version=3.10.15&platform_system=Linux&platform_machine=x86_64&status=success&operator_name=DbtRunLocalOperator&is_cosmos_operator_subclass=False&invocation_mode=dbt_runner&execution_mode=local&profile_strategy=yaml_file&profile_mapping_class=None&database=trino&is_mapped_task=False&dbt_command=run&install_deps=True&has_callback=False&duration=22.478975 "HTTP/1.1 200 OK"
[2026-07-22T01:50:44.942+0000] {local_task_job_runner.py:266} INFO - Task exited with return code 0
[2026-07-22T01:50:44.979+0000] {taskinstance.py:3900} INFO - 0 downstream tasks scheduled from follow-on schedule check
[2026-07-22T01:50:44.983+0000] {local_task_job_runner.py:245} INFO - ::endgroup::
