[2026-07-23T02:01:29.837+0000] {local_task_job_runner.py:123} INFO - ::group::Pre task execution logs
[2026-07-23T02:01:29.865+0000] {taskinstance.py:2612} INFO - Dependencies all met for dep_context=non-requeueable deps ti=<TaskInstance: wap_incremental_cfpb_pipeline.extract_and_upload_company scheduled__2026-07-22T00:00:00+00:00 map_index=0 [queued]>
[2026-07-23T02:01:29.878+0000] {taskinstance.py:2612} INFO - Dependencies all met for dep_context=requeueable deps ti=<TaskInstance: wap_incremental_cfpb_pipeline.extract_and_upload_company scheduled__2026-07-22T00:00:00+00:00 map_index=0 [queued]>
[2026-07-23T02:01:29.881+0000] {taskinstance.py:2865} INFO - Starting attempt 1 of 1
[2026-07-23T02:01:29.895+0000] {taskinstance.py:2888} INFO - Executing <Mapped(_PythonDecoratedOperator): extract_and_upload_company> on 2026-07-22 00:00:00+00:00
[2026-07-23T02:01:29.901+0000] {standard_task_runner.py:72} INFO - Started process 1470 to run task
[2026-07-23T02:01:29.909+0000] {standard_task_runner.py:104} INFO - Running: ['airflow', 'tasks', 'run', 'wap_incremental_cfpb_pipeline', 'extract_and_upload_company', 'scheduled__2026-07-22T00:00:00+00:00', '--job-id', '6', '--raw', '--subdir', 'DAGS_FOLDER/wap_incremental_cfpb_pipeline.py', '--cfg-path', '/tmp/tmpvnf82obs', '--map-index', '0']
[2026-07-23T02:01:29.911+0000] {standard_task_runner.py:105} INFO - Job 6: Subtask extract_and_upload_company
[2026-07-23T02:01:30.007+0000] {task_command.py:467} INFO - Running <TaskInstance: wap_incremental_cfpb_pipeline.extract_and_upload_company scheduled__2026-07-22T00:00:00+00:00 map_index=0 [running]> on host d0280eba3cdf
[2026-07-23T02:01:30.129+0000] {taskinstance.py:3131} INFO - Exporting env vars: AIRFLOW_CTX_DAG_OWNER='airflow' AIRFLOW_CTX_DAG_ID='wap_incremental_cfpb_pipeline' AIRFLOW_CTX_TASK_ID='extract_and_upload_company' AIRFLOW_CTX_EXECUTION_DATE='2026-07-22T00:00:00+00:00' AIRFLOW_CTX_TRY_NUMBER='1' AIRFLOW_CTX_DAG_RUN_ID='scheduled__2026-07-22T00:00:00+00:00'
[2026-07-23T02:01:30.131+0000] {taskinstance.py:731} INFO - ::endgroup::
[2026-07-23T02:01:30.137+0000] {cfpb_api_client.py:487} INFO - 🛡️ Khởi động lưới lọc Rescued Data cho công ty: JPMORGAN CHASE & CO.
[2026-07-23T02:01:30.139+0000] {cfpb_api_client.py:460} INFO - 🏢 Khởi tạo luồng kéo dữ liệu cho công ty: JPMORGAN CHASE & CO.
[2026-07-23T02:01:30.140+0000] {cfpb_api_client.py:389} INFO - 🚀 BẮT ĐẦU: Kéo luồng dữ liệu từ 2026-07-15 đến 2026-07-22
[2026-07-23T02:01:32.909+0000] {cfpb_api_client.py:438} INFO -   ➜ Đã kéo được 20 / 20 records...
[2026-07-23T02:01:32.911+0000] {cfpb_api_client.py:442} INFO - ✅ HOÀN TẤT: Đã lấy toàn bộ 20 khiếu nại có sẵn.
[2026-07-23T02:01:32.913+0000] {minio_loader.py:203} INFO - 📤 Đang upload inc_2026-07-22_jpmorgan_chase_&_co._complaints.json lên s3://lakehouse/landing/consumer_complaints/run_date=2026-07-22/inc_2026-07-22_jpmorgan_chase_&_co._complaints.json
[2026-07-23T02:01:32.917+0000] {crypto.py:82} WARNING - empty cryptography key - values will not be stored encrypted.
[2026-07-23T02:01:32.919+0000] {base.py:84} INFO - Retrieving connection 'minio_default'
[2026-07-23T02:01:32.920+0000] {connection_wrapper.py:388} INFO - AWS Connection (conn_id='minio_default', conn_type='aws') credentials retrieved from login and ***.
[2026-07-23T02:01:33.301+0000] {python.py:240} INFO - Done. Returned value was: 20
[2026-07-23T02:01:33.328+0000] {taskinstance.py:340} INFO - ::group::Post task execution logs
[2026-07-23T02:01:33.329+0000] {taskinstance.py:352} INFO - Marking task as SUCCESS. dag_id=wap_incremental_cfpb_pipeline, task_id=extract_and_upload_company, run_id=scheduled__2026-07-22T00:00:00+00:00, map_index=0, execution_date=20260722T000000, start_date=20260723T020129, end_date=20260723T020133
[2026-07-23T02:01:33.385+0000] {local_task_job_runner.py:266} INFO - Task exited with return code 0
[2026-07-23T02:01:33.420+0000] {taskinstance.py:3900} INFO - 1 downstream tasks scheduled from follow-on schedule check
[2026-07-23T02:01:33.424+0000] {local_task_job_runner.py:245} INFO - ::endgroup::
[2026-07-23T03:03:08.943+0000] {local_task_job_runner.py:123} INFO - ::group::Pre task execution logs
[2026-07-23T03:03:08.970+0000] {taskinstance.py:2612} INFO - Dependencies all met for dep_context=non-requeueable deps ti=<TaskInstance: wap_incremental_cfpb_pipeline.extract_and_upload_company scheduled__2026-07-22T00:00:00+00:00 map_index=0 [queued]>
[2026-07-23T03:03:08.983+0000] {taskinstance.py:2612} INFO - Dependencies all met for dep_context=requeueable deps ti=<TaskInstance: wap_incremental_cfpb_pipeline.extract_and_upload_company scheduled__2026-07-22T00:00:00+00:00 map_index=0 [queued]>
[2026-07-23T03:03:08.985+0000] {taskinstance.py:2865} INFO - Starting attempt 1 of 1
[2026-07-23T03:03:09.002+0000] {taskinstance.py:2888} INFO - Executing <Mapped(_PythonDecoratedOperator): extract_and_upload_company> on 2026-07-22 00:00:00+00:00
[2026-07-23T03:03:09.012+0000] {standard_task_runner.py:72} INFO - Started process 784 to run task
[2026-07-23T03:03:09.018+0000] {standard_task_runner.py:104} INFO - Running: ['airflow', 'tasks', 'run', 'wap_incremental_cfpb_pipeline', 'extract_and_upload_company', 'scheduled__2026-07-22T00:00:00+00:00', '--job-id', '6', '--raw', '--subdir', 'DAGS_FOLDER/wap_incremental_cfpb_pipeline.py', '--cfg-path', '/tmp/tmpkuxcz3g2', '--map-index', '0']
[2026-07-23T03:03:09.020+0000] {standard_task_runner.py:105} INFO - Job 6: Subtask extract_and_upload_company
[2026-07-23T03:03:09.148+0000] {task_command.py:467} INFO - Running <TaskInstance: wap_incremental_cfpb_pipeline.extract_and_upload_company scheduled__2026-07-22T00:00:00+00:00 map_index=0 [running]> on host b3f56365d5f7
[2026-07-23T03:03:09.340+0000] {taskinstance.py:3131} INFO - Exporting env vars: AIRFLOW_CTX_DAG_OWNER='airflow' AIRFLOW_CTX_DAG_ID='wap_incremental_cfpb_pipeline' AIRFLOW_CTX_TASK_ID='extract_and_upload_company' AIRFLOW_CTX_EXECUTION_DATE='2026-07-22T00:00:00+00:00' AIRFLOW_CTX_TRY_NUMBER='1' AIRFLOW_CTX_DAG_RUN_ID='scheduled__2026-07-22T00:00:00+00:00'
[2026-07-23T03:03:09.346+0000] {taskinstance.py:731} INFO - ::endgroup::
[2026-07-23T03:03:09.356+0000] {cfpb_api_client.py:487} INFO - 🛡️ Khởi động lưới lọc Rescued Data cho công ty: JPMORGAN CHASE & CO.
[2026-07-23T03:03:09.358+0000] {cfpb_api_client.py:460} INFO - 🏢 Khởi tạo luồng kéo dữ liệu cho công ty: JPMORGAN CHASE & CO.
[2026-07-23T03:03:09.361+0000] {cfpb_api_client.py:389} INFO - 🚀 BẮT ĐẦU: Kéo luồng dữ liệu từ 2026-07-15 đến 2026-07-22
[2026-07-23T03:03:09.742+0000] {cfpb_api_client.py:438} INFO -   ➜ Đã kéo được 20 / 20 records...
[2026-07-23T03:03:09.744+0000] {cfpb_api_client.py:442} INFO - ✅ HOÀN TẤT: Đã lấy toàn bộ 20 khiếu nại có sẵn.
[2026-07-23T03:03:09.747+0000] {minio_loader.py:203} INFO - 📤 Đang upload inc_2026-07-22_jpmorgan_chase_&_co._complaints.json lên s3://lakehouse/landing/consumer_complaints/run_date=2026-07-22/inc_2026-07-22_jpmorgan_chase_&_co._complaints.json
[2026-07-23T03:03:09.749+0000] {crypto.py:82} WARNING - empty cryptography key - values will not be stored encrypted.
[2026-07-23T03:03:09.753+0000] {base.py:84} INFO - Retrieving connection 'minio_default'
[2026-07-23T03:03:09.756+0000] {connection_wrapper.py:388} INFO - AWS Connection (conn_id='minio_default', conn_type='aws') credentials retrieved from login and ***.
[2026-07-23T03:03:10.384+0000] {python.py:240} INFO - Done. Returned value was: 20
[2026-07-23T03:03:10.419+0000] {taskinstance.py:340} INFO - ::group::Post task execution logs
[2026-07-23T03:03:10.421+0000] {taskinstance.py:352} INFO - Marking task as SUCCESS. dag_id=wap_incremental_cfpb_pipeline, task_id=extract_and_upload_company, run_id=scheduled__2026-07-22T00:00:00+00:00, map_index=0, execution_date=20260722T000000, start_date=20260723T030308, end_date=20260723T030310
[2026-07-23T03:03:10.479+0000] {local_task_job_runner.py:266} INFO - Task exited with return code 0
[2026-07-23T03:03:10.512+0000] {taskinstance.py:3900} INFO - 0 downstream tasks scheduled from follow-on schedule check
[2026-07-23T03:03:10.517+0000] {local_task_job_runner.py:245} INFO - ::endgroup::
[2026-07-23T03:44:11.387+0000] {local_task_job_runner.py:123} INFO - ::group::Pre task execution logs
[2026-07-23T03:44:11.412+0000] {taskinstance.py:2612} INFO - Dependencies all met for dep_context=non-requeueable deps ti=<TaskInstance: wap_incremental_cfpb_pipeline.extract_and_upload_company scheduled__2026-07-22T00:00:00+00:00 map_index=0 [queued]>
[2026-07-23T03:44:11.423+0000] {taskinstance.py:2612} INFO - Dependencies all met for dep_context=requeueable deps ti=<TaskInstance: wap_incremental_cfpb_pipeline.extract_and_upload_company scheduled__2026-07-22T00:00:00+00:00 map_index=0 [queued]>
[2026-07-23T03:44:11.425+0000] {taskinstance.py:2865} INFO - Starting attempt 1 of 1
[2026-07-23T03:44:11.441+0000] {taskinstance.py:2888} INFO - Executing <Mapped(_PythonDecoratedOperator): extract_and_upload_company> on 2026-07-22 00:00:00+00:00
[2026-07-23T03:44:11.448+0000] {standard_task_runner.py:72} INFO - Started process 567 to run task
[2026-07-23T03:44:11.453+0000] {standard_task_runner.py:104} INFO - Running: ['airflow', 'tasks', 'run', 'wap_incremental_cfpb_pipeline', 'extract_and_upload_company', 'scheduled__2026-07-22T00:00:00+00:00', '--job-id', '6', '--raw', '--subdir', 'DAGS_FOLDER/wap_incremental_cfpb_pipeline.py', '--cfg-path', '/tmp/tmpf_9ilf79', '--map-index', '0']
[2026-07-23T03:44:11.455+0000] {standard_task_runner.py:105} INFO - Job 6: Subtask extract_and_upload_company
[2026-07-23T03:44:11.543+0000] {task_command.py:467} INFO - Running <TaskInstance: wap_incremental_cfpb_pipeline.extract_and_upload_company scheduled__2026-07-22T00:00:00+00:00 map_index=0 [running]> on host 260824ef083b
[2026-07-23T03:44:11.654+0000] {taskinstance.py:3131} INFO - Exporting env vars: AIRFLOW_CTX_DAG_OWNER='airflow' AIRFLOW_CTX_DAG_ID='wap_incremental_cfpb_pipeline' AIRFLOW_CTX_TASK_ID='extract_and_upload_company' AIRFLOW_CTX_EXECUTION_DATE='2026-07-22T00:00:00+00:00' AIRFLOW_CTX_TRY_NUMBER='1' AIRFLOW_CTX_DAG_RUN_ID='scheduled__2026-07-22T00:00:00+00:00'
[2026-07-23T03:44:11.657+0000] {taskinstance.py:731} INFO - ::endgroup::
[2026-07-23T03:44:11.667+0000] {cfpb_api_client.py:487} INFO - 🛡️ Khởi động lưới lọc Rescued Data cho công ty: JPMORGAN CHASE & CO.
[2026-07-23T03:44:11.669+0000] {cfpb_api_client.py:460} INFO - 🏢 Khởi tạo luồng kéo dữ liệu cho công ty: JPMORGAN CHASE & CO.
[2026-07-23T03:44:11.670+0000] {cfpb_api_client.py:389} INFO - 🚀 BẮT ĐẦU: Kéo luồng dữ liệu từ 2026-07-15 đến 2026-07-22
[2026-07-23T03:44:12.016+0000] {cfpb_api_client.py:438} INFO -   ➜ Đã kéo được 20 / 20 records...
[2026-07-23T03:44:12.019+0000] {cfpb_api_client.py:442} INFO - ✅ HOÀN TẤT: Đã lấy toàn bộ 20 khiếu nại có sẵn.
[2026-07-23T03:44:12.021+0000] {minio_loader.py:203} INFO - 📤 Đang upload inc_2026-07-22_jpmorgan_chase_&_co._complaints.json lên s3://lakehouse/landing/consumer_complaints/run_date=2026-07-22/inc_2026-07-22_jpmorgan_chase_&_co._complaints.json
[2026-07-23T03:44:12.024+0000] {crypto.py:82} WARNING - empty cryptography key - values will not be stored encrypted.
[2026-07-23T03:44:12.026+0000] {base.py:84} INFO - Retrieving connection 'minio_default'
[2026-07-23T03:44:12.028+0000] {connection_wrapper.py:388} INFO - AWS Connection (conn_id='minio_default', conn_type='aws') credentials retrieved from login and ***.
[2026-07-23T03:44:12.490+0000] {python.py:240} INFO - Done. Returned value was: 20
[2026-07-23T03:44:12.526+0000] {taskinstance.py:340} INFO - ::group::Post task execution logs
[2026-07-23T03:44:12.529+0000] {taskinstance.py:352} INFO - Marking task as SUCCESS. dag_id=wap_incremental_cfpb_pipeline, task_id=extract_and_upload_company, run_id=scheduled__2026-07-22T00:00:00+00:00, map_index=0, execution_date=20260722T000000, start_date=20260723T034411, end_date=20260723T034412
[2026-07-23T03:44:12.553+0000] {local_task_job_runner.py:266} INFO - Task exited with return code 0
[2026-07-23T03:44:12.582+0000] {taskinstance.py:3900} INFO - 0 downstream tasks scheduled from follow-on schedule check
[2026-07-23T03:44:12.585+0000] {local_task_job_runner.py:245} INFO - ::endgroup::
