[2026-07-22T03:52:43.830+0000] {local_task_job_runner.py:123} INFO - ::group::Pre task execution logs
[2026-07-22T03:52:43.864+0000] {taskinstance.py:2612} INFO - Dependencies all met for dep_context=non-requeueable deps ti=<TaskInstance: dbt_silver_gold_incremental.transform_gold.dim_locations.run manual__2026-07-22T03:51:17.112246+00:00 [queued]>
[2026-07-22T03:52:43.876+0000] {taskinstance.py:2612} INFO - Dependencies all met for dep_context=requeueable deps ti=<TaskInstance: dbt_silver_gold_incremental.transform_gold.dim_locations.run manual__2026-07-22T03:51:17.112246+00:00 [queued]>
[2026-07-22T03:52:43.878+0000] {taskinstance.py:2865} INFO - Starting attempt 1 of 2
[2026-07-22T03:52:43.897+0000] {taskinstance.py:2888} INFO - Executing <Task(DbtRunLocalOperator): transform_gold.dim_locations.run> on 2026-07-22 03:51:17.112246+00:00
[2026-07-22T03:52:43.904+0000] {standard_task_runner.py:72} INFO - Started process 1447 to run task
[2026-07-22T03:52:43.908+0000] {standard_task_runner.py:104} INFO - Running: ['airflow', 'tasks', 'run', 'dbt_silver_gold_incremental', 'transform_gold.dim_locations.run', 'manual__2026-07-22T03:51:17.112246+00:00', '--job-id', '18', '--raw', '--subdir', 'DAGS_FOLDER/dbt_silver_gold.py', '--cfg-path', '/tmp/tmpbswp2zkm']
[2026-07-22T03:52:43.912+0000] {standard_task_runner.py:105} INFO - Job 18: Subtask transform_gold.dim_locations.run
[2026-07-22T03:52:44.002+0000] {task_command.py:467} INFO - Running <TaskInstance: dbt_silver_gold_incremental.transform_gold.dim_locations.run manual__2026-07-22T03:51:17.112246+00:00 [running]> on host 793e7e004e3d
[2026-07-22T03:52:44.115+0000] {taskinstance.py:3131} INFO - Exporting env vars: AIRFLOW_CTX_DAG_OWNER='data_engineer' AIRFLOW_CTX_DAG_ID='dbt_silver_gold_incremental' AIRFLOW_CTX_TASK_ID='transform_gold.dim_locations.run' AIRFLOW_CTX_EXECUTION_DATE='2026-07-22T03:51:17.112246+00:00' AIRFLOW_CTX_TRY_NUMBER='1' AIRFLOW_CTX_DAG_RUN_ID='manual__2026-07-22T03:51:17.112246+00:00'
[2026-07-22T03:52:44.117+0000] {taskinstance.py:731} INFO - ::endgroup::
[2026-07-22T03:52:46.033+0000] {local.py:294} INFO - dbtRunner is available. Using dbtRunner for invoking dbt.
[2026-07-22T03:52:46.036+0000] {local.py:518} INFO - Cloning project to writable temp directory /tmp/tmpv5gyyaa3 from /opt/airflow/dbt_transform
[2026-07-22T03:52:46.049+0000] {local.py:538} INFO - Partial parse is enabled and the latest partial parse file is /tmp/cosmos/dbt_silver_gold_incremental__transform_gold/target/partial_parse.msgpack
[2026-07-22T03:52:46.068+0000] {config.py:395} INFO - Using user-supplied profiles.yml at /opt/airflow/dbt_transform/profiles.yml
[2026-07-22T03:52:46.083+0000] {runner.py:95} INFO - Trying to run dbtRunner with:
 ['deps', '--project-dir', '/tmp/tmpv5gyyaa3', '--profiles-dir', '/opt/airflow/dbt_transform', '--profile', 'lakehouse_dbt', '--target', 'dev', '--no-static-parser']
 in /tmp/tmpv5gyyaa3
[2026-07-22T03:52:46.180+0000] {logging_mixin.py:190} INFO - 03:52:46  Running with dbt=1.8.8
[2026-07-22T03:52:46.367+0000] {converter.py:314} INFO - ::group::Cosmos DAG parsing logs
[2026-07-22T03:52:46.372+0000] {graph.py:869} INFO - Trying to parse the dbt project using dbt ls cache cosmos_cache__dbt_silver_gold_incremental__transform_silver...
[2026-07-22T03:52:48.952+0000] {cache.py:383} INFO - Cosmos performance: time to calculate cache identifier cosmos_cache__dbt_silver_gold_incremental__transform_silver for current version: 2.558481099000346
[2026-07-22T03:52:48.955+0000] {graph.py:886} INFO - Cosmos performance [793e7e004e3d|1447]: The cache size for cosmos_cache__dbt_silver_gold_incremental__transform_silver is 5999
[2026-07-22T03:52:48.960+0000] {graph.py:898} INFO - Cosmos performance: Cache hit for cosmos_cache__dbt_silver_gold_incremental__transform_silver - 9aa4df77d039abac7b46dfbd4481bf58,5e34606eb5f2b3dea81a8e19fa3ba138
[2026-07-22T03:52:48.967+0000] {graph.py:799} INFO - Total nodes: 7
[2026-07-22T03:52:48.970+0000] {graph.py:800} INFO - Total filtered nodes: 7
[2026-07-22T03:52:48.974+0000] {converter.py:361} INFO - Cosmos performance (dbt_silver_gold_incremental__transform_silver) - [793e7e004e3d|1447]: It took 2.6s to parse the dbt project for DAG using dbt_ls_cache
[2026-07-22T03:52:49.003+0000] {converter.py:413} INFO - Cosmos performance (dbt_silver_gold_incremental__transform_silver) - [793e7e004e3d|1447]: It took 0.0295s to build the Airflow DAG.
[2026-07-22T03:52:49.007+0000] {converter.py:420} INFO - ::endgroup::Cosmos DAG parsing logs
[2026-07-22T03:52:49.010+0000] {converter.py:314} INFO - ::group::Cosmos DAG parsing logs
[2026-07-22T03:52:49.018+0000] {graph.py:869} INFO - Trying to parse the dbt project using dbt ls cache cosmos_cache__dbt_silver_gold_incremental__transform_gold...
[2026-07-22T03:52:51.201+0000] {cache.py:383} INFO - Cosmos performance: time to calculate cache identifier cosmos_cache__dbt_silver_gold_incremental__transform_gold for current version: 2.159698577999734
[2026-07-22T03:52:51.202+0000] {graph.py:886} INFO - Cosmos performance [793e7e004e3d|1447]: The cache size for cosmos_cache__dbt_silver_gold_incremental__transform_gold is 35868
[2026-07-22T03:52:51.204+0000] {graph.py:898} INFO - Cosmos performance: Cache hit for cosmos_cache__dbt_silver_gold_incremental__transform_gold - 9aa4df77d039abac7b46dfbd4481bf58,304321e940a9403dceb380589bd0566f
[2026-07-22T03:52:51.205+0000] {graph.py:799} INFO - Total nodes: 39
[2026-07-22T03:52:51.207+0000] {graph.py:800} INFO - Total filtered nodes: 39
[2026-07-22T03:52:51.208+0000] {converter.py:361} INFO - Cosmos performance (dbt_silver_gold_incremental__transform_gold) - [793e7e004e3d|1447]: It took 2.19s to parse the dbt project for DAG using dbt_ls_cache
[2026-07-22T03:52:51.250+0000] {converter.py:413} INFO - Cosmos performance (dbt_silver_gold_incremental__transform_gold) - [793e7e004e3d|1447]: It took 0.0416s to build the Airflow DAG.
[2026-07-22T03:52:51.252+0000] {converter.py:420} INFO - ::endgroup::Cosmos DAG parsing logs
[2026-07-22T03:52:51.254+0000] {converter.py:314} INFO - ::group::Cosmos DAG parsing logs
[2026-07-22T03:52:51.258+0000] {graph.py:869} INFO - Trying to parse the dbt project using dbt ls cache cosmos_cache__dbt_silver_gold_full_load__transform_silver...
[2026-07-22T03:52:53.678+0000] {cache.py:383} INFO - Cosmos performance: time to calculate cache identifier cosmos_cache__dbt_silver_gold_full_load__transform_silver for current version: 2.407958712000436
[2026-07-22T03:52:53.683+0000] {graph.py:886} INFO - Cosmos performance [793e7e004e3d|1447]: The cache size for cosmos_cache__dbt_silver_gold_full_load__transform_silver is 5999
[2026-07-22T03:52:53.687+0000] {graph.py:898} INFO - Cosmos performance: Cache hit for cosmos_cache__dbt_silver_gold_full_load__transform_silver - 9aa4df77d039abac7b46dfbd4481bf58,5e34606eb5f2b3dea81a8e19fa3ba138
[2026-07-22T03:52:53.690+0000] {graph.py:799} INFO - Total nodes: 7
[2026-07-22T03:52:53.692+0000] {graph.py:800} INFO - Total filtered nodes: 7
[2026-07-22T03:52:53.698+0000] {converter.py:361} INFO - Cosmos performance (dbt_silver_gold_full_load__transform_silver) - [793e7e004e3d|1447]: It took 2.44s to parse the dbt project for DAG using dbt_ls_cache
[2026-07-22T03:52:53.720+0000] {converter.py:413} INFO - Cosmos performance (dbt_silver_gold_full_load__transform_silver) - [793e7e004e3d|1447]: It took 0.0217s to build the Airflow DAG.
[2026-07-22T03:52:53.723+0000] {converter.py:420} INFO - ::endgroup::Cosmos DAG parsing logs
[2026-07-22T03:52:53.726+0000] {converter.py:314} INFO - ::group::Cosmos DAG parsing logs
[2026-07-22T03:52:53.731+0000] {graph.py:869} INFO - Trying to parse the dbt project using dbt ls cache cosmos_cache__dbt_silver_gold_full_load__transform_gold...
[2026-07-22T03:52:55.828+0000] {cache.py:383} INFO - Cosmos performance: time to calculate cache identifier cosmos_cache__dbt_silver_gold_full_load__transform_gold for current version: 2.080751030999636
[2026-07-22T03:52:55.829+0000] {graph.py:886} INFO - Cosmos performance [793e7e004e3d|1447]: The cache size for cosmos_cache__dbt_silver_gold_full_load__transform_gold is 35868
[2026-07-22T03:52:55.832+0000] {graph.py:898} INFO - Cosmos performance: Cache hit for cosmos_cache__dbt_silver_gold_full_load__transform_gold - 9aa4df77d039abac7b46dfbd4481bf58,304321e940a9403dceb380589bd0566f
[2026-07-22T03:52:55.834+0000] {graph.py:799} INFO - Total nodes: 39
[2026-07-22T03:52:55.835+0000] {graph.py:800} INFO - Total filtered nodes: 39
[2026-07-22T03:52:55.837+0000] {converter.py:361} INFO - Cosmos performance (dbt_silver_gold_full_load__transform_gold) - [793e7e004e3d|1447]: It took 2.11s to parse the dbt project for DAG using dbt_ls_cache
[2026-07-22T03:52:55.884+0000] {converter.py:413} INFO - Cosmos performance (dbt_silver_gold_full_load__transform_gold) - [793e7e004e3d|1447]: It took 0.0465s to build the Airflow DAG.
[2026-07-22T03:52:55.886+0000] {converter.py:420} INFO - ::endgroup::Cosmos DAG parsing logs
[2026-07-22T03:52:56.402+0000] {logging_mixin.py:190} INFO - 03:52:56  Installing dbt-labs/dbt_utils
[2026-07-22T03:52:57.039+0000] {logging_mixin.py:190} INFO - 03:52:57  Installed from version 1.3.0
[2026-07-22T03:52:57.040+0000] {logging_mixin.py:190} INFO - 03:52:57  Updated version available: 1.4.1
[2026-07-22T03:52:57.043+0000] {logging_mixin.py:190} INFO - 03:52:57  Installing metaplane/dbt_expectations
[2026-07-22T03:52:58.497+0000] {logging_mixin.py:190} INFO - 03:52:58  Installed from version 0.10.8
[2026-07-22T03:52:58.500+0000] {logging_mixin.py:190} INFO - 03:52:58  Updated version available: 0.10.10
[2026-07-22T03:52:58.505+0000] {logging_mixin.py:190} INFO - 03:52:58  Installing godatadriven/dbt_date
[2026-07-22T03:52:59.091+0000] {logging_mixin.py:190} INFO - 03:52:59  Installed from version 0.15.0
[2026-07-22T03:52:59.093+0000] {logging_mixin.py:190} INFO - 03:52:59  Up to date!
[2026-07-22T03:52:59.096+0000] {logging_mixin.py:190} INFO - 03:52:59
[2026-07-22T03:52:59.098+0000] {logging_mixin.py:190} INFO - 03:52:59  Updates available for packages: ['dbt-labs/dbt_utils', 'metaplane/dbt_expectations']                 
Update your versions in packages.yml, then run dbt deps
[2026-07-22T03:53:00.843+0000] {runner.py:95} INFO - Trying to run dbtRunner with:
 ['run', '--select', 'fqn:consumer_complaints_transformation.marts.dim_locations', '--project-dir', '/tmp/tmpv5gyyaa3', '--profiles-dir', '/opt/airflow/dbt_transform', '--profile', 'lakehouse_dbt', '--target', 'dev', '--no-static-parser']
 in /tmp/tmpv5gyyaa3
[2026-07-22T03:53:00.877+0000] {logging_mixin.py:190} INFO - 03:53:00  Running with dbt=1.8.8
[2026-07-22T03:53:00.924+0000] {auth.py:343} INFO - keyring module not found. OAuth2 token will not be stored in keyring.
[2026-07-22T03:53:00.930+0000] {auth.py:343} INFO - keyring module not found. OAuth2 token will not be stored in keyring.
[2026-07-22T03:53:01.132+0000] {logging_mixin.py:190} INFO - 03:53:01  Registered adapter: trino=1.8.5
[2026-07-22T03:53:02.102+0000] {logging_mixin.py:190} INFO - 03:53:02  Unable to do partial parsing because config vars, config profile, or config target have changed
[2026-07-22T03:53:05.712+0000] {logging_mixin.py:190} INFO - 03:53:05  [WARNING]: Deprecated functionality
The `tests` config has been renamed to `data_tests`. Please see
https://docs.getdbt.com/docs/build/data-tests#new-data_tests-syntax for more
information.
[2026-07-22T03:53:07.698+0000] {logging_mixin.py:190} INFO - 03:53:07  Found 8 models, 40 data tests, 1 source, 9 metrics, 839 macros, 5 semantic models
[2026-07-22T03:53:07.709+0000] {logging_mixin.py:190} INFO - 03:53:07
[2026-07-22T03:53:07.797+0000] {logging_mixin.py:190} INFO - 03:53:07  [WARNING]: SSL certificate validation is disabled by default. It is legacy behavior which will be changed in future releases. It is strongly advised to enable `require_certificate_validation` flag or explicitly set `cert` configuration to `True` for security reasons. You may receive an error after that if your SSL setup is incorrect.
You may opt into the new behavior sooner by setting `flags.require_certificate_validation` to `True` in `dbt_project.yml`.
Visit https://docs.getdbt.com/reference/global-configs/behavior-changes for more information.
[2026-07-22T03:53:10.051+0000] {logging_mixin.py:190} INFO - 03:53:10  Concurrency: 1 threads (target='dev')
[2026-07-22T03:53:10.059+0000] {logging_mixin.py:190} INFO - 03:53:10
[2026-07-22T03:53:10.089+0000] {logging_mixin.py:190} INFO - 03:53:10  1 of 1 START sql incremental model gold.dim_locations .......................... [RUN]
[2026-07-22T03:53:12.556+0000] {logging_mixin.py:190} INFO - 03:53:12  1 of 1 OK created sql incremental model gold.dim_locations ..................... [CREATE TABLE (29 rows) in 2.46s]
[2026-07-22T03:53:12.570+0000] {logging_mixin.py:190} INFO - 03:53:12
[2026-07-22T03:53:12.573+0000] {logging_mixin.py:190} INFO - 03:53:12  Finished running 1 incremental model in 0 hours 0 minutes and 4.86 seconds (4.86s).
[2026-07-22T03:53:12.693+0000] {logging_mixin.py:190} INFO - 03:53:12
[2026-07-22T03:53:12.696+0000] {logging_mixin.py:190} INFO - 03:53:12  Completed successfully
[2026-07-22T03:53:12.698+0000] {logging_mixin.py:190} INFO - 03:53:12
[2026-07-22T03:53:12.700+0000] {logging_mixin.py:190} INFO - 03:53:12  Done. PASS=1 WARN=0 ERROR=0 SKIP=0 TOTAL=1
[2026-07-22T03:53:13.997+0000] {local.py:196} WARNING - Artifact schema version: https://schemas.getdbt.com/dbt/manifest/v12.json is above dbt-ol supported version 7. This might cause errors.
[2026-07-22T03:53:14.008+0000] {local.py:594} INFO - Inlets: []
[2026-07-22T03:53:14.010+0000] {local.py:595} INFO - Outlets: []
[2026-07-22T03:53:14.015+0000] {local.py:886} INFO - Assigning inlets/outlets with DatasetAlias in Airflow 2
[2026-07-22T03:53:14.120+0000] {taskinstance.py:340} INFO - ::group::Post task execution logs
[2026-07-22T03:53:14.122+0000] {taskinstance.py:352} INFO - Marking task as SUCCESS. dag_id=dbt_silver_gold_incremental, task_id=transform_gold.dim_locations.run, run_id=manual__2026-07-22T03:51:17.112246+00:00, execution_date=20260722T035117, start_date=20260722T035243, end_date=20260722T035314
[2026-07-22T03:53:14.904+0000] {_client.py:1026} INFO - HTTP Request: GET https://astronomer.gateway.scarf.sh/astronomer-cosmos/v3/task_instance?cosmos_version=1.15.0&airflow_version=2.10.2&python_version=3.10.15&platform_system=Linux&platform_machine=x86_64&status=success&operator_name=DbtRunLocalOperator&is_cosmos_operator_subclass=False&invocation_mode=dbt_runner&execution_mode=local&profile_strategy=yaml_file&profile_mapping_class=None&database=trino&is_mapped_task=False&dbt_command=run&install_deps=True&has_callback=False&duration=30.256574 "HTTP/1.1 200 OK"
[2026-07-22T03:53:14.971+0000] {local_task_job_runner.py:266} INFO - Task exited with return code 0
[2026-07-22T03:53:15.083+0000] {taskinstance.py:3900} INFO - 1 downstream tasks scheduled from follow-on schedule check
[2026-07-22T03:53:15.094+0000] {local_task_job_runner.py:245} INFO - ::endgroup::
