[2026-07-22T04:20:22.124+0000] {local_task_job_runner.py:123} INFO - ::group::Pre task execution logs
[2026-07-22T04:20:22.152+0000] {taskinstance.py:2612} INFO - Dependencies all met for dep_context=non-requeueable deps ti=<TaskInstance: dbt_silver_gold_incremental.transform_gold.dim_locations.run manual__2026-07-22T04:18:58.712602+00:00 [queued]>
[2026-07-22T04:20:22.164+0000] {taskinstance.py:2612} INFO - Dependencies all met for dep_context=requeueable deps ti=<TaskInstance: dbt_silver_gold_incremental.transform_gold.dim_locations.run manual__2026-07-22T04:18:58.712602+00:00 [queued]>
[2026-07-22T04:20:22.165+0000] {taskinstance.py:2865} INFO - Starting attempt 1 of 2
[2026-07-22T04:20:22.181+0000] {taskinstance.py:2888} INFO - Executing <Task(DbtRunLocalOperator): transform_gold.dim_locations.run> on 2026-07-22 04:18:58.712602+00:00
[2026-07-22T04:20:22.190+0000] {standard_task_runner.py:72} INFO - Started process 2019 to run task
[2026-07-22T04:20:22.198+0000] {standard_task_runner.py:104} INFO - Running: ['airflow', 'tasks', 'run', 'dbt_silver_gold_incremental', 'transform_gold.dim_locations.run', 'manual__2026-07-22T04:18:58.712602+00:00', '--job-id', '20', '--raw', '--subdir', 'DAGS_FOLDER/dbt_silver_gold.py', '--cfg-path', '/tmp/tmpmz8vz4dc']
[2026-07-22T04:20:22.204+0000] {standard_task_runner.py:105} INFO - Job 20: Subtask transform_gold.dim_locations.run
[2026-07-22T04:20:22.314+0000] {task_command.py:467} INFO - Running <TaskInstance: dbt_silver_gold_incremental.transform_gold.dim_locations.run manual__2026-07-22T04:18:58.712602+00:00 [running]> on host 46567f661dca
[2026-07-22T04:20:22.436+0000] {taskinstance.py:3131} INFO - Exporting env vars: AIRFLOW_CTX_DAG_OWNER='data_engineer' AIRFLOW_CTX_DAG_ID='dbt_silver_gold_incremental' AIRFLOW_CTX_TASK_ID='transform_gold.dim_locations.run' AIRFLOW_CTX_EXECUTION_DATE='2026-07-22T04:18:58.712602+00:00' AIRFLOW_CTX_TRY_NUMBER='1' AIRFLOW_CTX_DAG_RUN_ID='manual__2026-07-22T04:18:58.712602+00:00'
[2026-07-22T04:20:22.439+0000] {taskinstance.py:731} INFO - ::endgroup::
[2026-07-22T04:20:24.133+0000] {local.py:294} INFO - dbtRunner is available. Using dbtRunner for invoking dbt.
[2026-07-22T04:20:24.135+0000] {local.py:518} INFO - Cloning project to writable temp directory /tmp/tmppif3k4is from /opt/airflow/dbt_transform
[2026-07-22T04:20:24.150+0000] {local.py:538} INFO - Partial parse is enabled and the latest partial parse file is /tmp/cosmos/dbt_silver_gold_incremental__transform_gold/target/partial_parse.msgpack
[2026-07-22T04:20:24.172+0000] {config.py:395} INFO - Using user-supplied profiles.yml at /opt/airflow/dbt_transform/profiles.yml
[2026-07-22T04:20:24.191+0000] {runner.py:95} INFO - Trying to run dbtRunner with:
 ['deps', '--project-dir', '/tmp/tmppif3k4is', '--profiles-dir', '/opt/airflow/dbt_transform', '--profile', 'lakehouse_dbt', '--target', 'dev', '--no-static-parser']
 in /tmp/tmppif3k4is
[2026-07-22T04:20:24.282+0000] {logging_mixin.py:190} INFO - 04:20:24  Running with dbt=1.8.8
[2026-07-22T04:20:24.440+0000] {converter.py:314} INFO - ::group::Cosmos DAG parsing logs
[2026-07-22T04:20:24.444+0000] {graph.py:869} INFO - Trying to parse the dbt project using dbt ls cache cosmos_cache__dbt_silver_gold_incremental__transform_silver...
[2026-07-22T04:20:28.037+0000] {cache.py:383} INFO - Cosmos performance: time to calculate cache identifier cosmos_cache__dbt_silver_gold_incremental__transform_silver for current version: 3.5791175220001605
[2026-07-22T04:20:28.039+0000] {graph.py:886} INFO - Cosmos performance [46567f661dca|2019]: The cache size for cosmos_cache__dbt_silver_gold_incremental__transform_silver is 6043
[2026-07-22T04:20:28.042+0000] {graph.py:898} INFO - Cosmos performance: Cache hit for cosmos_cache__dbt_silver_gold_incremental__transform_silver - c63b3a06e444715bb84e33ac1427edac,5e34606eb5f2b3dea81a8e19fa3ba138
[2026-07-22T04:20:28.044+0000] {graph.py:799} INFO - Total nodes: 7
[2026-07-22T04:20:28.047+0000] {graph.py:800} INFO - Total filtered nodes: 7
[2026-07-22T04:20:28.051+0000] {converter.py:361} INFO - Cosmos performance (dbt_silver_gold_incremental__transform_silver) - [46567f661dca|2019]: It took 3.61s to parse the dbt project for DAG using dbt_ls_cache
[2026-07-22T04:20:28.074+0000] {converter.py:413} INFO - Cosmos performance (dbt_silver_gold_incremental__transform_silver) - [46567f661dca|2019]: It took 0.0235s to build the Airflow DAG.
[2026-07-22T04:20:28.076+0000] {converter.py:420} INFO - ::endgroup::Cosmos DAG parsing logs
[2026-07-22T04:20:28.078+0000] {converter.py:314} INFO - ::group::Cosmos DAG parsing logs
[2026-07-22T04:20:28.087+0000] {graph.py:869} INFO - Trying to parse the dbt project using dbt ls cache cosmos_cache__dbt_silver_gold_incremental__transform_gold...
[2026-07-22T04:20:31.700+0000] {cache.py:383} INFO - Cosmos performance: time to calculate cache identifier cosmos_cache__dbt_silver_gold_incremental__transform_gold for current version: 3.59550141499858
[2026-07-22T04:20:31.701+0000] {graph.py:886} INFO - Cosmos performance [46567f661dca|2019]: The cache size for cosmos_cache__dbt_silver_gold_incremental__transform_gold is 35912
[2026-07-22T04:20:31.705+0000] {graph.py:898} INFO - Cosmos performance: Cache hit for cosmos_cache__dbt_silver_gold_incremental__transform_gold - c63b3a06e444715bb84e33ac1427edac,304321e940a9403dceb380589bd0566f
[2026-07-22T04:20:31.706+0000] {graph.py:799} INFO - Total nodes: 39
[2026-07-22T04:20:31.708+0000] {graph.py:800} INFO - Total filtered nodes: 39
[2026-07-22T04:20:31.709+0000] {converter.py:361} INFO - Cosmos performance (dbt_silver_gold_incremental__transform_gold) - [46567f661dca|2019]: It took 3.62s to parse the dbt project for DAG using dbt_ls_cache
[2026-07-22T04:20:31.766+0000] {converter.py:413} INFO - Cosmos performance (dbt_silver_gold_incremental__transform_gold) - [46567f661dca|2019]: It took 0.0574s to build the Airflow DAG.
[2026-07-22T04:20:31.769+0000] {converter.py:420} INFO - ::endgroup::Cosmos DAG parsing logs
[2026-07-22T04:20:31.772+0000] {converter.py:314} INFO - ::group::Cosmos DAG parsing logs
[2026-07-22T04:20:31.777+0000] {graph.py:869} INFO - Trying to parse the dbt project using dbt ls cache cosmos_cache__dbt_silver_gold_full_load__transform_silver...
[2026-07-22T04:20:34.157+0000] {cache.py:383} INFO - Cosmos performance: time to calculate cache identifier cosmos_cache__dbt_silver_gold_full_load__transform_silver for current version: 2.3631713009999658
[2026-07-22T04:20:34.159+0000] {graph.py:886} INFO - Cosmos performance [46567f661dca|2019]: The cache size for cosmos_cache__dbt_silver_gold_full_load__transform_silver is 6043
[2026-07-22T04:20:34.162+0000] {graph.py:898} INFO - Cosmos performance: Cache hit for cosmos_cache__dbt_silver_gold_full_load__transform_silver - c63b3a06e444715bb84e33ac1427edac,5e34606eb5f2b3dea81a8e19fa3ba138
[2026-07-22T04:20:34.164+0000] {graph.py:799} INFO - Total nodes: 7
[2026-07-22T04:20:34.167+0000] {graph.py:800} INFO - Total filtered nodes: 7
[2026-07-22T04:20:34.169+0000] {converter.py:361} INFO - Cosmos performance (dbt_silver_gold_full_load__transform_silver) - [46567f661dca|2019]: It took 2.39s to parse the dbt project for DAG using dbt_ls_cache
[2026-07-22T04:20:34.188+0000] {converter.py:413} INFO - Cosmos performance (dbt_silver_gold_full_load__transform_silver) - [46567f661dca|2019]: It took 0.0191s to build the Airflow DAG.
[2026-07-22T04:20:34.190+0000] {converter.py:420} INFO - ::endgroup::Cosmos DAG parsing logs
[2026-07-22T04:20:34.193+0000] {converter.py:314} INFO - ::group::Cosmos DAG parsing logs
[2026-07-22T04:20:34.198+0000] {graph.py:869} INFO - Trying to parse the dbt project using dbt ls cache cosmos_cache__dbt_silver_gold_full_load__transform_gold...
[2026-07-22T04:20:36.294+0000] {cache.py:383} INFO - Cosmos performance: time to calculate cache identifier cosmos_cache__dbt_silver_gold_full_load__transform_gold for current version: 2.0751280589993257
[2026-07-22T04:20:36.295+0000] {graph.py:886} INFO - Cosmos performance [46567f661dca|2019]: The cache size for cosmos_cache__dbt_silver_gold_full_load__transform_gold is 35912
[2026-07-22T04:20:36.298+0000] {graph.py:898} INFO - Cosmos performance: Cache hit for cosmos_cache__dbt_silver_gold_full_load__transform_gold - c63b3a06e444715bb84e33ac1427edac,304321e940a9403dceb380589bd0566f
[2026-07-22T04:20:36.300+0000] {graph.py:799} INFO - Total nodes: 39
[2026-07-22T04:20:36.301+0000] {graph.py:800} INFO - Total filtered nodes: 39
[2026-07-22T04:20:36.302+0000] {converter.py:361} INFO - Cosmos performance (dbt_silver_gold_full_load__transform_gold) - [46567f661dca|2019]: It took 2.1s to parse the dbt project for DAG using dbt_ls_cache
[2026-07-22T04:20:36.329+0000] {converter.py:413} INFO - Cosmos performance (dbt_silver_gold_full_load__transform_gold) - [46567f661dca|2019]: It took 0.0271s to build the Airflow DAG.
[2026-07-22T04:20:36.330+0000] {converter.py:420} INFO - ::endgroup::Cosmos DAG parsing logs
[2026-07-22T04:20:36.788+0000] {logging_mixin.py:190} INFO - 04:20:36  Installing dbt-labs/dbt_utils
[2026-07-22T04:20:37.344+0000] {logging_mixin.py:190} INFO - 04:20:37  Installed from version 1.3.0
[2026-07-22T04:20:37.346+0000] {logging_mixin.py:190} INFO - 04:20:37  Updated version available: 1.4.1
[2026-07-22T04:20:37.351+0000] {logging_mixin.py:190} INFO - 04:20:37  Installing metaplane/dbt_expectations
[2026-07-22T04:20:38.586+0000] {logging_mixin.py:190} INFO - 04:20:38  Installed from version 0.10.8
[2026-07-22T04:20:38.588+0000] {logging_mixin.py:190} INFO - 04:20:38  Updated version available: 0.10.10
[2026-07-22T04:20:38.590+0000] {logging_mixin.py:190} INFO - 04:20:38  Installing godatadriven/dbt_date
[2026-07-22T04:20:39.941+0000] {logging_mixin.py:190} INFO - 04:20:39  Installed from version 0.15.0
[2026-07-22T04:20:39.943+0000] {logging_mixin.py:190} INFO - 04:20:39  Up to date!
[2026-07-22T04:20:39.947+0000] {logging_mixin.py:190} INFO - 04:20:39
[2026-07-22T04:20:39.949+0000] {logging_mixin.py:190} INFO - 04:20:39  Updates available for packages: ['dbt-labs/dbt_utils', 'metaplane/dbt_expectations']                 
Update your versions in packages.yml, then run dbt deps
[2026-07-22T04:20:41.108+0000] {runner.py:95} INFO - Trying to run dbtRunner with:
 ['run', '--select', 'fqn:consumer_complaints_transformation.marts.dim_locations', '--project-dir', '/tmp/tmppif3k4is', '--profiles-dir', '/opt/airflow/dbt_transform', '--profile', 'lakehouse_dbt', '--target', 'dev', '--no-static-parser']
 in /tmp/tmppif3k4is
[2026-07-22T04:20:41.137+0000] {logging_mixin.py:190} INFO - 04:20:41  Running with dbt=1.8.8
[2026-07-22T04:20:41.196+0000] {auth.py:343} INFO - keyring module not found. OAuth2 token will not be stored in keyring.
[2026-07-22T04:20:41.202+0000] {auth.py:343} INFO - keyring module not found. OAuth2 token will not be stored in keyring.
[2026-07-22T04:20:41.417+0000] {logging_mixin.py:190} INFO - 04:20:41  Registered adapter: trino=1.8.5
[2026-07-22T04:20:42.198+0000] {logging_mixin.py:190} INFO - 04:20:42  Unable to do partial parsing because config vars, config profile, or config target have changed
[2026-07-22T04:20:45.383+0000] {logging_mixin.py:190} INFO - 04:20:45  [WARNING]: Deprecated functionality
The `tests` config has been renamed to `data_tests`. Please see
https://docs.getdbt.com/docs/build/data-tests#new-data_tests-syntax for more
information.
[2026-07-22T04:20:48.484+0000] {logging_mixin.py:190} INFO - 04:20:48  Found 8 models, 40 data tests, 1 source, 9 metrics, 839 macros, 5 semantic models
[2026-07-22T04:20:48.503+0000] {logging_mixin.py:190} INFO - 04:20:48
[2026-07-22T04:20:48.613+0000] {logging_mixin.py:190} INFO - 04:20:48  [WARNING]: SSL certificate validation is disabled by default. It is legacy behavior which will be changed in future releases. It is strongly advised to enable `require_certificate_validation` flag or explicitly set `cert` configuration to `True` for security reasons. You may receive an error after that if your SSL setup is incorrect.
You may opt into the new behavior sooner by setting `flags.require_certificate_validation` to `True` in `dbt_project.yml`.
Visit https://docs.getdbt.com/reference/global-configs/behavior-changes for more information.
[2026-07-22T04:20:50.522+0000] {logging_mixin.py:190} INFO - 04:20:50  Concurrency: 1 threads (target='dev')
[2026-07-22T04:20:50.526+0000] {logging_mixin.py:190} INFO - 04:20:50
[2026-07-22T04:20:50.539+0000] {logging_mixin.py:190} INFO - 04:20:50  1 of 1 START sql incremental model gold.dim_locations .......................... [RUN]
[2026-07-22T04:20:51.604+0000] {logging_mixin.py:190} INFO - 04:20:51  1 of 1 OK created sql incremental model gold.dim_locations ..................... [CREATE TABLE (29 rows) in 1.06s]
[2026-07-22T04:20:51.611+0000] {logging_mixin.py:190} INFO - 04:20:51
[2026-07-22T04:20:51.614+0000] {logging_mixin.py:190} INFO - 04:20:51  Finished running 1 incremental model in 0 hours 0 minutes and 3.11 seconds (3.11s).
[2026-07-22T04:20:51.683+0000] {logging_mixin.py:190} INFO - 04:20:51
[2026-07-22T04:20:51.686+0000] {logging_mixin.py:190} INFO - 04:20:51  Completed successfully
[2026-07-22T04:20:51.688+0000] {logging_mixin.py:190} INFO - 04:20:51
[2026-07-22T04:20:51.692+0000] {logging_mixin.py:190} INFO - 04:20:51  Done. PASS=1 WARN=0 ERROR=0 SKIP=0 TOTAL=1
[2026-07-22T04:20:52.864+0000] {local.py:196} WARNING - Artifact schema version: https://schemas.getdbt.com/dbt/manifest/v12.json is above dbt-ol supported version 7. This might cause errors.
[2026-07-22T04:20:52.875+0000] {local.py:594} INFO - Inlets: []
[2026-07-22T04:20:52.877+0000] {local.py:595} INFO - Outlets: []
[2026-07-22T04:20:52.878+0000] {local.py:886} INFO - Assigning inlets/outlets with DatasetAlias in Airflow 2
[2026-07-22T04:20:52.941+0000] {taskinstance.py:340} INFO - ::group::Post task execution logs
[2026-07-22T04:20:52.943+0000] {taskinstance.py:352} INFO - Marking task as SUCCESS. dag_id=dbt_silver_gold_incremental, task_id=transform_gold.dim_locations.run, run_id=manual__2026-07-22T04:18:58.712602+00:00, execution_date=20260722T041858, start_date=20260722T042022, end_date=20260722T042052
[2026-07-22T04:20:53.682+0000] {_client.py:1026} INFO - HTTP Request: GET https://astronomer.gateway.scarf.sh/astronomer-cosmos/v3/task_instance?cosmos_version=1.15.0&airflow_version=2.10.2&python_version=3.10.15&platform_system=Linux&platform_machine=x86_64&status=success&operator_name=DbtRunLocalOperator&is_cosmos_operator_subclass=False&invocation_mode=dbt_runner&execution_mode=local&profile_strategy=yaml_file&profile_mapping_class=None&database=trino&is_mapped_task=False&dbt_command=run&install_deps=True&has_callback=False&duration=30.78929 "HTTP/1.1 200 OK"
[2026-07-22T04:20:53.720+0000] {local_task_job_runner.py:266} INFO - Task exited with return code 0
[2026-07-22T04:20:53.744+0000] {taskinstance.py:3900} INFO - 0 downstream tasks scheduled from follow-on schedule check
[2026-07-22T04:20:53.747+0000] {local_task_job_runner.py:245} INFO - ::endgroup::
