[2026-07-26T03:33:06.241+0000] {local_task_job_runner.py:123} INFO - ::group::Pre task execution logs
[2026-07-26T03:33:06.276+0000] {taskinstance.py:2612} INFO - Dependencies all met for dep_context=non-requeueable deps ti=<TaskInstance: dbt_silver_gold_incremental.transform_silver.stg__consumer_complaints.run manual__2026-07-26T03:32:52.021215+00:00 [queued]>
[2026-07-26T03:33:06.293+0000] {taskinstance.py:2612} INFO - Dependencies all met for dep_context=requeueable deps ti=<TaskInstance: dbt_silver_gold_incremental.transform_silver.stg__consumer_complaints.run manual__2026-07-26T03:32:52.021215+00:00 [queued]>
[2026-07-26T03:33:06.296+0000] {taskinstance.py:2865} INFO - Starting attempt 1 of 2
[2026-07-26T03:33:06.316+0000] {taskinstance.py:2888} INFO - Executing <Task(DbtRunLocalOperator): transform_silver.stg__consumer_complaints.run> on 2026-07-26 03:32:52.021215+00:00
[2026-07-26T03:33:06.327+0000] {standard_task_runner.py:72} INFO - Started process 2976 to run task
[2026-07-26T03:33:06.331+0000] {standard_task_runner.py:104} INFO - Running: ['airflow', 'tasks', 'run', 'dbt_silver_gold_incremental', 'transform_silver.stg__consumer_complaints.run', 'manual__2026-07-26T03:32:52.021215+00:00', '--job-id', '15', '--raw', '--subdir', 'DAGS_FOLDER/dbt_silver_gold.py', '--cfg-path', '/tmp/tmp4hrppvzw']
[2026-07-26T03:33:06.335+0000] {standard_task_runner.py:105} INFO - Job 15: Subtask transform_silver.stg__consumer_complaints.run
[2026-07-26T03:33:06.432+0000] {task_command.py:467} INFO - Running <TaskInstance: dbt_silver_gold_incremental.transform_silver.stg__consumer_complaints.run manual__2026-07-26T03:32:52.021215+00:00 [running]> on host d8495756e740
[2026-07-26T03:33:06.534+0000] {taskinstance.py:3131} INFO - Exporting env vars: AIRFLOW_CTX_DAG_OWNER='data_engineer' AIRFLOW_CTX_DAG_ID='dbt_silver_gold_incremental' AIRFLOW_CTX_TASK_ID='transform_silver.stg__consumer_complaints.run' AIRFLOW_CTX_EXECUTION_DATE='2026-07-26T03:32:52.021215+00:00' AIRFLOW_CTX_TRY_NUMBER='1' AIRFLOW_CTX_DAG_RUN_ID='manual__2026-07-26T03:32:52.021215+00:00'
[2026-07-26T03:33:06.537+0000] {taskinstance.py:731} INFO - ::endgroup::
[2026-07-26T03:33:07.670+0000] {local.py:294} INFO - dbtRunner is available. Using dbtRunner for invoking dbt.
[2026-07-26T03:33:07.672+0000] {local.py:518} INFO - Cloning project to writable temp directory /tmp/tmp0rw97l2q from /opt/airflow/dbt_transform
[2026-07-26T03:33:07.682+0000] {local.py:538} INFO - Partial parse is enabled and the latest partial parse file is /tmp/cosmos/dbt_silver_gold_incremental__transform_silver/target/partial_parse.msgpack
[2026-07-26T03:33:07.694+0000] {config.py:395} INFO - Using user-supplied profiles.yml at /opt/airflow/dbt_transform/profiles.yml
[2026-07-26T03:33:07.704+0000] {runner.py:95} INFO - Trying to run dbtRunner with:
 ['deps', '--project-dir', '/tmp/tmp0rw97l2q', '--profiles-dir', '/opt/airflow/dbt_transform', '--profile', 'lakehouse_dbt', '--target', 'dev', '--no-static-parser']
 in /tmp/tmp0rw97l2q
[2026-07-26T03:33:07.780+0000] {logging_mixin.py:190} INFO - 03:33:07  Running with dbt=1.8.8
[2026-07-26T03:33:08.018+0000] {converter.py:314} INFO - ::group::Cosmos DAG parsing logs
[2026-07-26T03:33:08.023+0000] {graph.py:869} INFO - Trying to parse the dbt project using dbt ls cache cosmos_cache__dbt_silver_gold_incremental__transform_silver...
[2026-07-26T03:33:11.199+0000] {cache.py:383} INFO - Cosmos performance: time to calculate cache identifier cosmos_cache__dbt_silver_gold_incremental__transform_silver for current version: 3.163115010999718
[2026-07-26T03:33:11.200+0000] {graph.py:886} INFO - Cosmos performance [d8495756e740|2976]: The cache size for cosmos_cache__dbt_silver_gold_incremental__transform_silver is 6096
[2026-07-26T03:33:11.202+0000] {graph.py:898} INFO - Cosmos performance: Cache hit for cosmos_cache__dbt_silver_gold_incremental__transform_silver - 1312326bbaf571936547d6e8be6e7803,5e34606eb5f2b3dea81a8e19fa3ba138
[2026-07-26T03:33:11.204+0000] {graph.py:799} INFO - Total nodes: 7
[2026-07-26T03:33:11.206+0000] {graph.py:800} INFO - Total filtered nodes: 7
[2026-07-26T03:33:11.207+0000] {converter.py:361} INFO - Cosmos performance (dbt_silver_gold_incremental__transform_silver) - [d8495756e740|2976]: It took 3.18s to parse the dbt project for DAG using dbt_ls_cache
[2026-07-26T03:33:11.225+0000] {converter.py:413} INFO - Cosmos performance (dbt_silver_gold_incremental__transform_silver) - [d8495756e740|2976]: It took 0.0178s to build the Airflow DAG.
[2026-07-26T03:33:11.227+0000] {converter.py:420} INFO - ::endgroup::Cosmos DAG parsing logs
[2026-07-26T03:33:11.228+0000] {converter.py:314} INFO - ::group::Cosmos DAG parsing logs
[2026-07-26T03:33:11.231+0000] {graph.py:869} INFO - Trying to parse the dbt project using dbt ls cache cosmos_cache__dbt_silver_gold_incremental__transform_gold...
[2026-07-26T03:33:14.466+0000] {cache.py:383} INFO - Cosmos performance: time to calculate cache identifier cosmos_cache__dbt_silver_gold_incremental__transform_gold for current version: 3.222294822000549
[2026-07-26T03:33:14.468+0000] {graph.py:886} INFO - Cosmos performance [d8495756e740|2976]: The cache size for cosmos_cache__dbt_silver_gold_incremental__transform_gold is 35980
[2026-07-26T03:33:14.470+0000] {graph.py:898} INFO - Cosmos performance: Cache hit for cosmos_cache__dbt_silver_gold_incremental__transform_gold - 1312326bbaf571936547d6e8be6e7803,304321e940a9403dceb380589bd0566f
[2026-07-26T03:33:14.472+0000] {graph.py:799} INFO - Total nodes: 39
[2026-07-26T03:33:14.473+0000] {graph.py:800} INFO - Total filtered nodes: 39
[2026-07-26T03:33:14.475+0000] {converter.py:361} INFO - Cosmos performance (dbt_silver_gold_incremental__transform_gold) - [d8495756e740|2976]: It took 3.24s to parse the dbt project for DAG using dbt_ls_cache
[2026-07-26T03:33:14.524+0000] {converter.py:413} INFO - Cosmos performance (dbt_silver_gold_incremental__transform_gold) - [d8495756e740|2976]: It took 0.0495s to build the Airflow DAG.
[2026-07-26T03:33:14.526+0000] {converter.py:420} INFO - ::endgroup::Cosmos DAG parsing logs
[2026-07-26T03:33:14.528+0000] {converter.py:314} INFO - ::group::Cosmos DAG parsing logs
[2026-07-26T03:33:14.531+0000] {graph.py:869} INFO - Trying to parse the dbt project using dbt ls cache cosmos_cache__dbt_silver_gold_full_load__transform_silver...
[2026-07-26T03:33:17.785+0000] {cache.py:383} INFO - Cosmos performance: time to calculate cache identifier cosmos_cache__dbt_silver_gold_full_load__transform_silver for current version: 3.241826847000084
[2026-07-26T03:33:17.786+0000] {graph.py:886} INFO - Cosmos performance [d8495756e740|2976]: The cache size for cosmos_cache__dbt_silver_gold_full_load__transform_silver is 6096
[2026-07-26T03:33:17.788+0000] {graph.py:898} INFO - Cosmos performance: Cache hit for cosmos_cache__dbt_silver_gold_full_load__transform_silver - 1312326bbaf571936547d6e8be6e7803,5e34606eb5f2b3dea81a8e19fa3ba138
[2026-07-26T03:33:17.789+0000] {graph.py:799} INFO - Total nodes: 7
[2026-07-26T03:33:17.791+0000] {graph.py:800} INFO - Total filtered nodes: 7
[2026-07-26T03:33:17.792+0000] {converter.py:361} INFO - Cosmos performance (dbt_silver_gold_full_load__transform_silver) - [d8495756e740|2976]: It took 3.26s to parse the dbt project for DAG using dbt_ls_cache
[2026-07-26T03:33:17.802+0000] {converter.py:413} INFO - Cosmos performance (dbt_silver_gold_full_load__transform_silver) - [d8495756e740|2976]: It took 0.00976s to build the Airflow DAG.
[2026-07-26T03:33:17.803+0000] {converter.py:420} INFO - ::endgroup::Cosmos DAG parsing logs
[2026-07-26T03:33:17.804+0000] {converter.py:314} INFO - ::group::Cosmos DAG parsing logs
[2026-07-26T03:33:17.807+0000] {graph.py:869} INFO - Trying to parse the dbt project using dbt ls cache cosmos_cache__dbt_silver_gold_full_load__transform_gold...
[2026-07-26T03:33:21.244+0000] {cache.py:383} INFO - Cosmos performance: time to calculate cache identifier cosmos_cache__dbt_silver_gold_full_load__transform_gold for current version: 3.426916118999543
[2026-07-26T03:33:21.245+0000] {graph.py:886} INFO - Cosmos performance [d8495756e740|2976]: The cache size for cosmos_cache__dbt_silver_gold_full_load__transform_gold is 35980
[2026-07-26T03:33:21.248+0000] {graph.py:898} INFO - Cosmos performance: Cache hit for cosmos_cache__dbt_silver_gold_full_load__transform_gold - 1312326bbaf571936547d6e8be6e7803,304321e940a9403dceb380589bd0566f
[2026-07-26T03:33:21.249+0000] {graph.py:799} INFO - Total nodes: 39
[2026-07-26T03:33:21.250+0000] {graph.py:800} INFO - Total filtered nodes: 39
[2026-07-26T03:33:21.252+0000] {converter.py:361} INFO - Cosmos performance (dbt_silver_gold_full_load__transform_gold) - [d8495756e740|2976]: It took 3.45s to parse the dbt project for DAG using dbt_ls_cache
[2026-07-26T03:33:21.303+0000] {converter.py:413} INFO - Cosmos performance (dbt_silver_gold_full_load__transform_gold) - [d8495756e740|2976]: It took 0.0514s to build the Airflow DAG.
[2026-07-26T03:33:21.305+0000] {converter.py:420} INFO - ::endgroup::Cosmos DAG parsing logs
[2026-07-26T03:33:22.081+0000] {logging_mixin.py:190} INFO - 03:33:22  Installing dbt-labs/dbt_utils
[2026-07-26T03:33:22.736+0000] {logging_mixin.py:190} INFO - 03:33:22  Installed from version 1.3.0
[2026-07-26T03:33:22.739+0000] {logging_mixin.py:190} INFO - 03:33:22  Updated version available: 1.4.1
[2026-07-26T03:33:22.742+0000] {logging_mixin.py:190} INFO - 03:33:22  Installing metaplane/dbt_expectations
[2026-07-26T03:33:23.838+0000] {logging_mixin.py:190} INFO - 03:33:23  Installed from version 0.10.8
[2026-07-26T03:33:23.840+0000] {logging_mixin.py:190} INFO - 03:33:23  Updated version available: 0.10.10
[2026-07-26T03:33:23.843+0000] {logging_mixin.py:190} INFO - 03:33:23  Installing godatadriven/dbt_date
[2026-07-26T03:33:24.382+0000] {logging_mixin.py:190} INFO - 03:33:24  Installed from version 0.15.0
[2026-07-26T03:33:24.384+0000] {logging_mixin.py:190} INFO - 03:33:24  Up to date!
[2026-07-26T03:33:24.389+0000] {logging_mixin.py:190} INFO - 03:33:24
[2026-07-26T03:33:24.391+0000] {logging_mixin.py:190} INFO - 03:33:24  Updates available for packages: ['dbt-labs/dbt_utils', 'metaplane/dbt_expectations']                 
Update your versions in packages.yml, then run dbt deps
[2026-07-26T03:33:26.377+0000] {runner.py:95} INFO - Trying to run dbtRunner with:
 ['run', '--select', 'fqn:consumer_complaints_transformation.staging.stg__consumer_complaints', '--project-dir', '/tmp/tmp0rw97l2q', '--profiles-dir', '/opt/airflow/dbt_transform', '--profile', 'lakehouse_dbt', '--target', 'dev', '--no-static-parser']
 in /tmp/tmp0rw97l2q
[2026-07-26T03:33:26.398+0000] {logging_mixin.py:190} INFO - 03:33:26  Running with dbt=1.8.8
[2026-07-26T03:33:26.438+0000] {auth.py:343} INFO - keyring module not found. OAuth2 token will not be stored in keyring.
[2026-07-26T03:33:26.444+0000] {auth.py:343} INFO - keyring module not found. OAuth2 token will not be stored in keyring.
[2026-07-26T03:33:26.587+0000] {logging_mixin.py:190} INFO - 03:33:26  Registered adapter: trino=1.8.5
[2026-07-26T03:33:27.534+0000] {logging_mixin.py:190} INFO - 03:33:27  Found 8 models, 40 data tests, 1 source, 9 metrics, 839 macros, 5 semantic models
[2026-07-26T03:33:27.537+0000] {logging_mixin.py:190} INFO - 03:33:27
[2026-07-26T03:33:27.575+0000] {logging_mixin.py:190} INFO - 03:33:27  [WARNING]: SSL certificate validation is disabled by default. It is legacy behavior which will be changed in future releases. It is strongly advised to enable `require_certificate_validation` flag or explicitly set `cert` configuration to `True` for security reasons. You may receive an error after that if your SSL setup is incorrect.
You may opt into the new behavior sooner by setting `flags.require_certificate_validation` to `True` in `dbt_project.yml`.
Visit https://docs.getdbt.com/reference/global-configs/behavior-changes for more information.
[2026-07-26T03:33:29.237+0000] {logging_mixin.py:190} INFO - 03:33:29  Concurrency: 1 threads (target='dev')
[2026-07-26T03:33:29.241+0000] {logging_mixin.py:190} INFO - 03:33:29
[2026-07-26T03:33:29.250+0000] {logging_mixin.py:190} INFO - 03:33:29  1 of 1 START sql incremental model silver.stg__consumer_complaints ............. [RUN]
[2026-07-26T03:33:35.574+0000] {logging_mixin.py:190} INFO - 03:33:35  1 of 1 OK created sql incremental model silver.stg__consumer_complaints ........ [CREATE TABLE (36 rows) in 6.32s]
[2026-07-26T03:33:35.583+0000] {logging_mixin.py:190} INFO - 03:33:35
[2026-07-26T03:33:35.586+0000] {logging_mixin.py:190} INFO - 03:33:35  Finished running 1 incremental model in 0 hours 0 minutes and 8.04 seconds (8.04s).
[2026-07-26T03:33:35.708+0000] {logging_mixin.py:190} INFO - 03:33:35
[2026-07-26T03:33:35.711+0000] {logging_mixin.py:190} INFO - 03:33:35  Completed successfully
[2026-07-26T03:33:35.714+0000] {logging_mixin.py:190} INFO - 03:33:35
[2026-07-26T03:33:35.718+0000] {logging_mixin.py:190} INFO - 03:33:35  Done. PASS=1 WARN=0 ERROR=0 SKIP=0 TOTAL=1
[2026-07-26T03:33:36.964+0000] {local.py:196} WARNING - Artifact schema version: https://schemas.getdbt.com/dbt/manifest/v12.json is above dbt-ol supported version 7. This might cause errors.
[2026-07-26T03:33:36.971+0000] {local.py:594} INFO - Inlets: []
[2026-07-26T03:33:36.972+0000] {local.py:595} INFO - Outlets: []
[2026-07-26T03:33:36.974+0000] {local.py:886} INFO - Assigning inlets/outlets with DatasetAlias in Airflow 2
[2026-07-26T03:33:37.035+0000] {taskinstance.py:340} INFO - ::group::Post task execution logs
[2026-07-26T03:33:37.037+0000] {taskinstance.py:352} INFO - Marking task as SUCCESS. dag_id=dbt_silver_gold_incremental, task_id=transform_silver.stg__consumer_complaints.run, run_id=manual__2026-07-26T03:32:52.021215+00:00, execution_date=20260726T033252, start_date=20260726T033306, end_date=20260726T033337
[2026-07-26T03:33:37.961+0000] {_client.py:1026} INFO - HTTP Request: GET https://astronomer.gateway.scarf.sh/astronomer-cosmos/v3/task_instance?cosmos_version=1.15.0&airflow_version=2.10.2&python_version=3.10.15&platform_system=Linux&platform_machine=x86_64&status=success&operator_name=DbtRunLocalOperator&is_cosmos_operator_subclass=False&invocation_mode=dbt_runner&execution_mode=local&profile_strategy=yaml_file&profile_mapping_class=None&database=trino&is_mapped_task=False&dbt_command=run&install_deps=True&has_callback=False&duration=30.758815 "HTTP/1.1 200 OK"
[2026-07-26T03:33:37.978+0000] {local_task_job_runner.py:266} INFO - Task exited with return code 0
[2026-07-26T03:33:38.020+0000] {taskinstance.py:3900} INFO - 1 downstream tasks scheduled from follow-on schedule check
[2026-07-26T03:33:38.023+0000] {local_task_job_runner.py:245} INFO - ::endgroup::
