[2026-07-19T04:48:03.406+0000] {local_task_job_runner.py:123} INFO - ::group::Pre task execution logs
[2026-07-19T04:48:03.432+0000] {taskinstance.py:2612} INFO - Dependencies all met for dep_context=non-requeueable deps ti=<TaskInstance: dbt_silver_gold_incremental.transform_gold.dim_locations.run manual__2026-07-19T04:46:39.963985+00:00 [queued]>
[2026-07-19T04:48:03.448+0000] {taskinstance.py:2612} INFO - Dependencies all met for dep_context=requeueable deps ti=<TaskInstance: dbt_silver_gold_incremental.transform_gold.dim_locations.run manual__2026-07-19T04:46:39.963985+00:00 [queued]>
[2026-07-19T04:48:03.450+0000] {taskinstance.py:2865} INFO - Starting attempt 1 of 2
[2026-07-19T04:48:03.469+0000] {taskinstance.py:2888} INFO - Executing <Task(DbtRunLocalOperator): transform_gold.dim_locations.run> on 2026-07-19 04:46:39.963985+00:00
[2026-07-19T04:48:03.475+0000] {standard_task_runner.py:72} INFO - Started process 1668 to run task
[2026-07-19T04:48:03.481+0000] {standard_task_runner.py:104} INFO - Running: ['airflow', 'tasks', 'run', 'dbt_silver_gold_incremental', 'transform_gold.dim_locations.run', 'manual__2026-07-19T04:46:39.963985+00:00', '--job-id', '16', '--raw', '--subdir', 'DAGS_FOLDER/dbt_silver_gold.py', '--cfg-path', '/tmp/tmp2o5fqnvh']
[2026-07-19T04:48:03.487+0000] {standard_task_runner.py:105} INFO - Job 16: Subtask transform_gold.dim_locations.run
[2026-07-19T04:48:03.595+0000] {task_command.py:467} INFO - Running <TaskInstance: dbt_silver_gold_incremental.transform_gold.dim_locations.run manual__2026-07-19T04:46:39.963985+00:00 [running]> on host e086fa01d0f5
[2026-07-19T04:48:03.736+0000] {taskinstance.py:3131} INFO - Exporting env vars: AIRFLOW_CTX_DAG_OWNER='data_engineer' AIRFLOW_CTX_DAG_ID='dbt_silver_gold_incremental' AIRFLOW_CTX_TASK_ID='transform_gold.dim_locations.run' AIRFLOW_CTX_EXECUTION_DATE='2026-07-19T04:46:39.963985+00:00' AIRFLOW_CTX_TRY_NUMBER='1' AIRFLOW_CTX_DAG_RUN_ID='manual__2026-07-19T04:46:39.963985+00:00'
[2026-07-19T04:48:03.739+0000] {taskinstance.py:731} INFO - ::endgroup::
[2026-07-19T04:48:05.799+0000] {local.py:294} INFO - dbtRunner is available. Using dbtRunner for invoking dbt.
[2026-07-19T04:48:05.802+0000] {local.py:518} INFO - Cloning project to writable temp directory /tmp/tmp6bzdbeul from /opt/airflow/dbt_transform
[2026-07-19T04:48:05.819+0000] {local.py:538} INFO - Partial parse is enabled and the latest partial parse file is /tmp/cosmos/dbt_silver_gold_incremental__transform_gold/target/partial_parse.msgpack
[2026-07-19T04:48:05.874+0000] {config.py:395} INFO - Using user-supplied profiles.yml at /opt/airflow/dbt_transform/profiles.yml
[2026-07-19T04:48:05.893+0000] {runner.py:95} INFO - Trying to run dbtRunner with:
 ['deps', '--project-dir', '/tmp/tmp6bzdbeul', '--profiles-dir', '/opt/airflow/dbt_transform', '--profile', 'lakehouse_dbt', '--target', 'dev', '--no-static-parser']
 in /tmp/tmp6bzdbeul
[2026-07-19T04:48:06.045+0000] {logging_mixin.py:190} INFO - 04:48:06  Running with dbt=1.8.8
[2026-07-19T04:48:06.242+0000] {converter.py:314} INFO - ::group::Cosmos DAG parsing logs
[2026-07-19T04:48:06.247+0000] {graph.py:869} INFO - Trying to parse the dbt project using dbt ls cache cosmos_cache__dbt_silver_gold_incremental__transform_silver...
[2026-07-19T04:48:08.617+0000] {cache.py:383} INFO - Cosmos performance: time to calculate cache identifier cosmos_cache__dbt_silver_gold_incremental__transform_silver for current version: 2.341574034000587
[2026-07-19T04:48:08.626+0000] {graph.py:886} INFO - Cosmos performance [e086fa01d0f5|1668]: The cache size for cosmos_cache__dbt_silver_gold_incremental__transform_silver is 5960
[2026-07-19T04:48:08.634+0000] {graph.py:898} INFO - Cosmos performance: Cache hit for cosmos_cache__dbt_silver_gold_incremental__transform_silver - ccb89f537d6e9098d854bb64f1ff230b,5e34606eb5f2b3dea81a8e19fa3ba138
[2026-07-19T04:48:08.639+0000] {graph.py:799} INFO - Total nodes: 7
[2026-07-19T04:48:08.641+0000] {graph.py:800} INFO - Total filtered nodes: 7
[2026-07-19T04:48:08.643+0000] {converter.py:361} INFO - Cosmos performance (dbt_silver_gold_incremental__transform_silver) - [e086fa01d0f5|1668]: It took 2.4s to parse the dbt project for DAG using dbt_ls_cache
[2026-07-19T04:48:08.656+0000] {converter.py:413} INFO - Cosmos performance (dbt_silver_gold_incremental__transform_silver) - [e086fa01d0f5|1668]: It took 0.013s to build the Airflow DAG.
[2026-07-19T04:48:08.658+0000] {converter.py:420} INFO - ::endgroup::Cosmos DAG parsing logs
[2026-07-19T04:48:08.660+0000] {converter.py:314} INFO - ::group::Cosmos DAG parsing logs
[2026-07-19T04:48:08.664+0000] {graph.py:869} INFO - Trying to parse the dbt project using dbt ls cache cosmos_cache__dbt_silver_gold_incremental__transform_gold...
[2026-07-19T04:48:10.813+0000] {cache.py:383} INFO - Cosmos performance: time to calculate cache identifier cosmos_cache__dbt_silver_gold_incremental__transform_gold for current version: 2.130355289000363
[2026-07-19T04:48:10.815+0000] {graph.py:886} INFO - Cosmos performance [e086fa01d0f5|1668]: The cache size for cosmos_cache__dbt_silver_gold_incremental__transform_gold is 35986
[2026-07-19T04:48:10.819+0000] {graph.py:898} INFO - Cosmos performance: Cache hit for cosmos_cache__dbt_silver_gold_incremental__transform_gold - ccb89f537d6e9098d854bb64f1ff230b,304321e940a9403dceb380589bd0566f
[2026-07-19T04:48:10.821+0000] {graph.py:799} INFO - Total nodes: 39
[2026-07-19T04:48:10.823+0000] {graph.py:800} INFO - Total filtered nodes: 39
[2026-07-19T04:48:10.824+0000] {converter.py:361} INFO - Cosmos performance (dbt_silver_gold_incremental__transform_gold) - [e086fa01d0f5|1668]: It took 2.16s to parse the dbt project for DAG using dbt_ls_cache
[2026-07-19T04:48:10.872+0000] {converter.py:413} INFO - Cosmos performance (dbt_silver_gold_incremental__transform_gold) - [e086fa01d0f5|1668]: It took 0.0474s to build the Airflow DAG.
[2026-07-19T04:48:10.873+0000] {converter.py:420} INFO - ::endgroup::Cosmos DAG parsing logs
[2026-07-19T04:48:10.878+0000] {converter.py:314} INFO - ::group::Cosmos DAG parsing logs
[2026-07-19T04:48:10.885+0000] {graph.py:869} INFO - Trying to parse the dbt project using dbt ls cache cosmos_cache__dbt_silver_gold_full_load__transform_silver...
[2026-07-19T04:48:13.200+0000] {cache.py:383} INFO - Cosmos performance: time to calculate cache identifier cosmos_cache__dbt_silver_gold_full_load__transform_silver for current version: 2.2867752209986065
[2026-07-19T04:48:13.202+0000] {graph.py:886} INFO - Cosmos performance [e086fa01d0f5|1668]: The cache size for cosmos_cache__dbt_silver_gold_full_load__transform_silver is 5960
[2026-07-19T04:48:13.203+0000] {graph.py:898} INFO - Cosmos performance: Cache hit for cosmos_cache__dbt_silver_gold_full_load__transform_silver - ccb89f537d6e9098d854bb64f1ff230b,5e34606eb5f2b3dea81a8e19fa3ba138
[2026-07-19T04:48:13.205+0000] {graph.py:799} INFO - Total nodes: 7
[2026-07-19T04:48:13.206+0000] {graph.py:800} INFO - Total filtered nodes: 7
[2026-07-19T04:48:13.208+0000] {converter.py:361} INFO - Cosmos performance (dbt_silver_gold_full_load__transform_silver) - [e086fa01d0f5|1668]: It took 2.32s to parse the dbt project for DAG using dbt_ls_cache
[2026-07-19T04:48:13.220+0000] {converter.py:413} INFO - Cosmos performance (dbt_silver_gold_full_load__transform_silver) - [e086fa01d0f5|1668]: It took 0.0122s to build the Airflow DAG.
[2026-07-19T04:48:13.221+0000] {converter.py:420} INFO - ::endgroup::Cosmos DAG parsing logs
[2026-07-19T04:48:13.223+0000] {converter.py:314} INFO - ::group::Cosmos DAG parsing logs
[2026-07-19T04:48:13.226+0000] {graph.py:869} INFO - Trying to parse the dbt project using dbt ls cache cosmos_cache__dbt_silver_gold_full_load__transform_gold...
[2026-07-19T04:48:15.401+0000] {cache.py:383} INFO - Cosmos performance: time to calculate cache identifier cosmos_cache__dbt_silver_gold_full_load__transform_gold for current version: 2.16400504000012
[2026-07-19T04:48:15.402+0000] {graph.py:886} INFO - Cosmos performance [e086fa01d0f5|1668]: The cache size for cosmos_cache__dbt_silver_gold_full_load__transform_gold is 35986
[2026-07-19T04:48:15.405+0000] {graph.py:898} INFO - Cosmos performance: Cache hit for cosmos_cache__dbt_silver_gold_full_load__transform_gold - ccb89f537d6e9098d854bb64f1ff230b,304321e940a9403dceb380589bd0566f
[2026-07-19T04:48:15.406+0000] {graph.py:799} INFO - Total nodes: 39
[2026-07-19T04:48:15.408+0000] {graph.py:800} INFO - Total filtered nodes: 39
[2026-07-19T04:48:15.409+0000] {converter.py:361} INFO - Cosmos performance (dbt_silver_gold_full_load__transform_gold) - [e086fa01d0f5|1668]: It took 2.18s to parse the dbt project for DAG using dbt_ls_cache
[2026-07-19T04:48:15.444+0000] {converter.py:413} INFO - Cosmos performance (dbt_silver_gold_full_load__transform_gold) - [e086fa01d0f5|1668]: It took 0.0345s to build the Airflow DAG.
[2026-07-19T04:48:15.445+0000] {converter.py:420} INFO - ::endgroup::Cosmos DAG parsing logs
[2026-07-19T04:48:15.997+0000] {logging_mixin.py:190} INFO - 04:48:15  Installing dbt-labs/dbt_utils
[2026-07-19T04:48:16.577+0000] {logging_mixin.py:190} INFO - 04:48:16  Installed from version 1.3.0
[2026-07-19T04:48:16.581+0000] {logging_mixin.py:190} INFO - 04:48:16  Updated version available: 1.4.1
[2026-07-19T04:48:16.584+0000] {logging_mixin.py:190} INFO - 04:48:16  Installing metaplane/dbt_expectations
[2026-07-19T04:48:16.950+0000] {local_task_job_runner.py:127} ERROR - Received SIGTERM. Terminating subprocesses
[2026-07-19T04:48:16.968+0000] {process_utils.py:132} INFO - Sending 15 to group 1668. PIDs of all processes in the group: [1668]
[2026-07-19T04:48:16.971+0000] {process_utils.py:87} INFO - Sending the signal 15 to group 1668
[2026-07-19T04:48:16.977+0000] {taskinstance.py:3092} ERROR - Received SIGTERM. Terminating subprocesses.
[2026-07-19T04:48:16.989+0000] {logging_mixin.py:190} INFO - 04:48:16  Encountered an error:
Task received SIGTERM signal
[2026-07-19T04:48:17.012+0000] {logging_mixin.py:190} INFO - 04:48:17  Traceback (most recent call last):
  File "/home/airflow/.local/lib/python3.10/site-packages/dbt/cli/requires.py", line 138, in wrapper
    result, success = func(*args, **kwargs)
  File "/home/airflow/.local/lib/python3.10/site-packages/dbt/cli/requires.py", line 101, in wrapper
    return func(*args, **kwargs)
  File "/home/airflow/.local/lib/python3.10/site-packages/dbt/cli/requires.py", line 201, in wrapper
    return func(*args, **kwargs)
  File "/home/airflow/.local/lib/python3.10/site-packages/dbt/cli/requires.py", line 247, in wrapper
    return func(*args, **kwargs)
  File "/home/airflow/.local/lib/python3.10/site-packages/dbt/cli/main.py", line 447, in deps
    results = task.run()
  File "/home/airflow/.local/lib/python3.10/site-packages/dbt/task/deps.py", line 260, in run
    package.install(self.project, renderer)
  File "/home/airflow/.local/lib/python3.10/site-packages/dbt/deps/registry.py", line 66, in install
    self._install(project, renderer)
  File "/home/airflow/.local/lib/python3.10/site-packages/dbt/deps/base.py", line 121, in _install
    connection_exception_retry(download_untar_fn, 5)
  File "/home/airflow/.local/lib/python3.10/site-packages/dbt_common/utils/connection.py", line 21, in connection_exception_retry
    return fn()
  File "/home/airflow/.local/lib/python3.10/site-packages/dbt/deps/base.py", line 132, in download_and_untar
    system.download(download_url, tar_path)
  File "/home/airflow/.local/lib/python3.10/site-packages/dbt_common/clients/system.py", line 592, in download
    response = requests.get(url, timeout=connection_timeout)
  File "/home/airflow/.local/lib/python3.10/site-packages/requests/api.py", line 73, in get
    return request("get", url, params=params, **kwargs)
  File "/home/airflow/.local/lib/python3.10/site-packages/requests/api.py", line 59, in request
    return session.request(method=method, url=url, **kwargs)
  File "/home/airflow/.local/lib/python3.10/site-packages/requests/sessions.py", line 589, in request
    resp = self.send(prep, **send_kwargs)
  File "/home/airflow/.local/lib/python3.10/site-packages/requests/sessions.py", line 703, in send
    r = adapter.send(request, **kwargs)
  File "/home/airflow/.local/lib/python3.10/site-packages/requests/adapters.py", line 667, in send
    resp = conn.urlopen(
  File "/home/airflow/.local/lib/python3.10/site-packages/urllib3/connectionpool.py", line 789, in urlopen
    response = self._make_request(
  File "/home/airflow/.local/lib/python3.10/site-packages/urllib3/connectionpool.py", line 536, in _make_request
    response = conn.getresponse()
  File "/home/airflow/.local/lib/python3.10/site-packages/urllib3/connection.py", line 464, in getresponse
    httplib_response = super().getresponse()
  File "/usr/local/lib/python3.10/http/client.py", line 1375, in getresponse
    response.begin()
  File "/usr/local/lib/python3.10/http/client.py", line 318, in begin
    version, status, reason = self._read_status()
  File "/usr/local/lib/python3.10/http/client.py", line 279, in _read_status
    line = str(self.fp.readline(_MAXLINE + 1), "iso-8859-1")
  File "/usr/local/lib/python3.10/socket.py", line 717, in readinto
    return self._sock.recv_into(b)
  File "/usr/local/lib/python3.10/ssl.py", line 1307, in recv_into
    return self.read(nbytes, buffer)
  File "/usr/local/lib/python3.10/ssl.py", line 1163, in read
    return self._sslobj.read(len, buffer)
  File "/home/airflow/.local/lib/python3.10/site-packages/airflow/models/taskinstance.py", line 3094, in signal_handler
    raise AirflowTaskTerminated("Task received SIGTERM signal")
airflow.exceptions.AirflowTaskTerminated: Task received SIGTERM signal
