[2026-08-05T07:42:49.558+0000] {local_task_job_runner.py:123} INFO - ::group::Pre task execution logs
[2026-08-05T07:42:49.585+0000] {taskinstance.py:2612} INFO - Dependencies all met for dep_context=non-requeueable deps ti=<TaskInstance: logistics_orders_full_load.extract_and_upload_full manual__2026-08-05T07:42:45.830543+00:00 [queued]>
[2026-08-05T07:42:49.598+0000] {taskinstance.py:2612} INFO - Dependencies all met for dep_context=requeueable deps ti=<TaskInstance: logistics_orders_full_load.extract_and_upload_full manual__2026-08-05T07:42:45.830543+00:00 [queued]>
[2026-08-05T07:42:49.600+0000] {taskinstance.py:2865} INFO - Starting attempt 1 of 1
[2026-08-05T07:42:49.615+0000] {taskinstance.py:2888} INFO - Executing <Task(_PythonDecoratedOperator): extract_and_upload_full> on 2026-08-05 07:42:45.830543+00:00
[2026-08-05T07:42:49.621+0000] {standard_task_runner.py:72} INFO - Started process 505 to run task
[2026-08-05T07:42:49.624+0000] {standard_task_runner.py:104} INFO - Running: ['airflow', 'tasks', 'run', 'logistics_orders_full_load', 'extract_and_upload_full', 'manual__2026-08-05T07:42:45.830543+00:00', '--job-id', '6', '--raw', '--subdir', 'DAGS_FOLDER/logistics_full_load.py', '--cfg-path', '/tmp/tmpx9xhizdi']
[2026-08-05T07:42:49.629+0000] {standard_task_runner.py:105} INFO - Job 6: Subtask extract_and_upload_full
[2026-08-05T07:42:49.745+0000] {task_command.py:467} INFO - Running <TaskInstance: logistics_orders_full_load.extract_and_upload_full manual__2026-08-05T07:42:45.830543+00:00 [running]> on host d705181a9520
[2026-08-05T07:42:49.896+0000] {taskinstance.py:3131} INFO - Exporting env vars: AIRFLOW_CTX_DAG_OWNER='airflow' AIRFLOW_CTX_DAG_ID='logistics_orders_full_load' AIRFLOW_CTX_TASK_ID='extract_and_upload_full' AIRFLOW_CTX_EXECUTION_DATE='2026-08-05T07:42:45.830543+00:00' AIRFLOW_CTX_TRY_NUMBER='1' AIRFLOW_CTX_DAG_RUN_ID='manual__2026-08-05T07:42:45.830543+00:00'
[2026-08-05T07:42:49.899+0000] {taskinstance.py:731} INFO - ::endgroup::
[2026-08-05T07:42:49.909+0000] {orders_api_client.py:69} INFO - 🚀 Khởi tạo luồng kéo TOÀN BỘ dữ liệu Batch (Keyset Stream)
[2026-08-05T07:42:53.519+0000] {orders_api_client.py:85} INFO -   ➜ Đã kéo được 10,000 records...
[2026-08-05T07:42:56.696+0000] {orders_api_client.py:85} INFO -   ➜ Đã kéo được 20,000 records...
[2026-08-05T07:43:00.371+0000] {orders_api_client.py:85} INFO -   ➜ Đã kéo được 30,000 records...
[2026-08-05T07:43:03.566+0000] {orders_api_client.py:85} INFO -   ➜ Đã kéo được 40,000 records...
[2026-08-05T07:43:06.779+0000] {orders_api_client.py:85} INFO -   ➜ Đã kéo được 50,000 records...
[2026-08-05T07:43:09.778+0000] {orders_api_client.py:85} INFO -   ➜ Đã kéo được 60,000 records...
[2026-08-05T07:43:13.135+0000] {orders_api_client.py:85} INFO -   ➜ Đã kéo được 70,000 records...
[2026-08-05T07:43:16.467+0000] {orders_api_client.py:85} INFO -   ➜ Đã kéo được 80,000 records...
[2026-08-05T07:43:19.901+0000] {orders_api_client.py:85} INFO -   ➜ Đã kéo được 90,000 records...
[2026-08-05T07:43:23.471+0000] {orders_api_client.py:85} INFO -   ➜ Đã kéo được 100,000 records...
[2026-08-05T07:43:26.655+0000] {orders_api_client.py:85} INFO -   ➜ Đã kéo được 110,000 records...
[2026-08-05T07:43:30.120+0000] {orders_api_client.py:85} INFO -   ➜ Đã kéo được 120,000 records...
[2026-08-05T07:43:33.791+0000] {orders_api_client.py:85} INFO -   ➜ Đã kéo được 130,000 records...
[2026-08-05T07:43:37.145+0000] {orders_api_client.py:85} INFO -   ➜ Đã kéo được 140,000 records...
[2026-08-05T07:43:40.175+0000] {orders_api_client.py:85} INFO -   ➜ Đã kéo được 150,000 records...
[2026-08-05T07:43:43.147+0000] {orders_api_client.py:85} INFO -   ➜ Đã kéo được 160,000 records...
[2026-08-05T07:43:46.164+0000] {orders_api_client.py:85} INFO -   ➜ Đã kéo được 170,000 records...
[2026-08-05T07:43:49.185+0000] {orders_api_client.py:85} INFO -   ➜ Đã kéo được 180,000 records...
[2026-08-05T07:43:52.221+0000] {orders_api_client.py:85} INFO -   ➜ Đã kéo được 190,000 records...
[2026-08-05T07:43:55.368+0000] {orders_api_client.py:85} INFO -   ➜ Đã kéo được 200,000 records...
[2026-08-05T07:43:58.427+0000] {orders_api_client.py:85} INFO -   ➜ Đã kéo được 210,000 records...
[2026-08-05T07:44:01.531+0000] {orders_api_client.py:85} INFO -   ➜ Đã kéo được 220,000 records...
[2026-08-05T07:44:04.773+0000] {orders_api_client.py:85} INFO -   ➜ Đã kéo được 230,000 records...
[2026-08-05T07:44:08.124+0000] {orders_api_client.py:85} INFO -   ➜ Đã kéo được 240,000 records...
[2026-08-05T07:44:11.562+0000] {orders_api_client.py:85} INFO -   ➜ Đã kéo được 250,000 records...
[2026-08-05T07:44:14.700+0000] {orders_api_client.py:85} INFO -   ➜ Đã kéo được 260,000 records...
[2026-08-05T07:44:17.852+0000] {orders_api_client.py:85} INFO -   ➜ Đã kéo được 270,000 records...
[2026-08-05T07:44:20.887+0000] {orders_api_client.py:85} INFO -   ➜ Đã kéo được 280,000 records...
[2026-08-05T07:44:24.120+0000] {orders_api_client.py:85} INFO -   ➜ Đã kéo được 290,000 records...
[2026-08-05T07:44:27.653+0000] {orders_api_client.py:85} INFO -   ➜ Đã kéo được 300,000 records...
[2026-08-05T07:44:31.284+0000] {orders_api_client.py:85} INFO -   ➜ Đã kéo được 310,000 records...
[2026-08-05T07:44:34.704+0000] {orders_api_client.py:85} INFO -   ➜ Đã kéo được 320,000 records...
[2026-08-05T07:44:37.748+0000] {orders_api_client.py:85} INFO -   ➜ Đã kéo được 330,000 records...
[2026-08-05T07:44:40.791+0000] {orders_api_client.py:85} INFO -   ➜ Đã kéo được 340,000 records...
[2026-08-05T07:44:44.182+0000] {orders_api_client.py:85} INFO -   ➜ Đã kéo được 350,000 records...
[2026-08-05T07:44:47.511+0000] {orders_api_client.py:85} INFO -   ➜ Đã kéo được 360,000 records...
[2026-08-05T07:44:50.945+0000] {orders_api_client.py:85} INFO -   ➜ Đã kéo được 370,000 records...
[2026-08-05T07:44:54.329+0000] {orders_api_client.py:85} INFO -   ➜ Đã kéo được 380,000 records...
[2026-08-05T07:44:57.716+0000] {orders_api_client.py:85} INFO -   ➜ Đã kéo được 390,000 records...
[2026-08-05T07:45:00.830+0000] {orders_api_client.py:85} INFO -   ➜ Đã kéo được 400,000 records...
[2026-08-05T07:45:03.921+0000] {orders_api_client.py:85} INFO -   ➜ Đã kéo được 410,000 records...
[2026-08-05T07:45:06.961+0000] {orders_api_client.py:85} INFO -   ➜ Đã kéo được 420,000 records...
[2026-08-05T07:45:09.964+0000] {orders_api_client.py:85} INFO -   ➜ Đã kéo được 430,000 records...
[2026-08-05T07:45:12.993+0000] {orders_api_client.py:85} INFO -   ➜ Đã kéo được 440,000 records...
[2026-08-05T07:45:16.100+0000] {orders_api_client.py:85} INFO -   ➜ Đã kéo được 450,000 records...
[2026-08-05T07:45:19.070+0000] {orders_api_client.py:85} INFO -   ➜ Đã kéo được 460,000 records...
[2026-08-05T07:45:22.012+0000] {orders_api_client.py:85} INFO -   ➜ Đã kéo được 470,000 records...
[2026-08-05T07:45:25.302+0000] {orders_api_client.py:85} INFO -   ➜ Đã kéo được 480,000 records...
[2026-08-05T07:45:28.677+0000] {orders_api_client.py:85} INFO -   ➜ Đã kéo được 490,000 records...
[2026-08-05T07:45:31.774+0000] {local_task_job_runner.py:127} ERROR - Received SIGTERM. Terminating subprocesses
[2026-08-05T07:45:31.795+0000] {process_utils.py:132} INFO - Sending 15 to group 505. PIDs of all processes in the group: [505]
[2026-08-05T07:45:31.801+0000] {process_utils.py:87} INFO - Sending the signal 15 to group 505
[2026-08-05T07:45:31.804+0000] {taskinstance.py:3092} ERROR - Received SIGTERM. Terminating subprocesses.
[2026-08-05T07:45:32.178+0000] {orders_api_client.py:165} INFO - Orders API client session closed
[2026-08-05T07:45:32.215+0000] {taskinstance.py:3310} ERROR - Task failed with exception
Traceback (most recent call last):
  File "/home/airflow/.local/lib/python3.10/site-packages/airflow/models/taskinstance.py", line 767, in _execute_task
    result = _execute_callable(context=context, **execute_callable_kwargs)
  File "/home/airflow/.local/lib/python3.10/site-packages/airflow/models/taskinstance.py", line 733, in _execute_callable
    return ExecutionCallableRunner(
  File "/home/airflow/.local/lib/python3.10/site-packages/airflow/utils/operator_helpers.py", line 252, in run
    return self.func(*args, **kwargs)
  File "/home/airflow/.local/lib/python3.10/site-packages/airflow/models/baseoperator.py", line 406, in wrapper
    return func(self, *args, **kwargs)
  File "/home/airflow/.local/lib/python3.10/site-packages/airflow/decorators/base.py", line 266, in execute
    return_value = super().execute(context)
  File "/home/airflow/.local/lib/python3.10/site-packages/airflow/models/baseoperator.py", line 406, in wrapper
    return func(self, *args, **kwargs)
  File "/home/airflow/.local/lib/python3.10/site-packages/airflow/operators/python.py", line 238, in execute
    return_value = self.execute_callable()
  File "/home/airflow/.local/lib/python3.10/site-packages/airflow/operators/python.py", line 256, in execute_callable
    return runner.run(*self.op_args, **self.op_kwargs)
  File "/home/airflow/.local/lib/python3.10/site-packages/airflow/utils/operator_helpers.py", line 252, in run
    return self.func(*args, **kwargs)
  File "/opt/airflow/dags/logistics_full_load.py", line 109, in extract_and_upload_full
    processed_record[key] = str(value)
  File "/home/airflow/.local/lib/python3.10/site-packages/airflow/models/taskinstance.py", line 3094, in signal_handler
    raise AirflowTaskTerminated("Task received SIGTERM signal")
airflow.exceptions.AirflowTaskTerminated: Task received SIGTERM signal
[2026-08-05T07:45:32.245+0000] {taskinstance.py:1225} INFO - Marking task as FAILED. dag_id=logistics_orders_full_load, task_id=extract_and_upload_full, run_id=manual__2026-08-05T07:42:45.830543+00:00, execution_date=20260805T074245, start_date=20260805T074249, end_date=20260805T074532
[2026-08-05T07:45:32.276+0000] {taskinstance.py:340} INFO - ::group::Post task execution logs
[2026-08-05T07:45:32.341+0000] {process_utils.py:80} INFO - Process psutil.Process(pid=505, status='terminated', exitcode=2, started='07:42:49') (505) terminated with exit code 2
[2026-08-05T07:45:32.344+0000] {local_task_job_runner.py:266} INFO - Task exited with return code 143
[2026-08-05T07:45:32.393+0000] {taskinstance.py:3900} INFO - 0 downstream tasks scheduled from follow-on schedule check
