[2026-07-26T15:33:23.347+0000] {local_task_job_runner.py:123} INFO - ::group::Pre task execution logs
[2026-07-26T15:33:23.385+0000] {taskinstance.py:2612} INFO - Dependencies all met for dep_context=non-requeueable deps ti=<TaskInstance: dbt_silver_gold_full_load.transform_gold.fct_complaints.run manual__2026-07-26T15:31:49.815535+00:00 [queued]>
[2026-07-26T15:33:23.399+0000] {taskinstance.py:2612} INFO - Dependencies all met for dep_context=requeueable deps ti=<TaskInstance: dbt_silver_gold_full_load.transform_gold.fct_complaints.run manual__2026-07-26T15:31:49.815535+00:00 [queued]>
[2026-07-26T15:33:23.400+0000] {taskinstance.py:2865} INFO - Starting attempt 1 of 2
[2026-07-26T15:33:23.433+0000] {taskinstance.py:2888} INFO - Executing <Task(DbtRunLocalOperator): transform_gold.fct_complaints.run> on 2026-07-26 15:31:49.815535+00:00
[2026-07-26T15:33:23.441+0000] {standard_task_runner.py:72} INFO - Started process 5860 to run task
[2026-07-26T15:33:23.445+0000] {standard_task_runner.py:104} INFO - Running: ['airflow', 'tasks', 'run', 'dbt_silver_gold_full_load', 'transform_gold.fct_complaints.run', 'manual__2026-07-26T15:31:49.815535+00:00', '--job-id', '52', '--raw', '--subdir', 'DAGS_FOLDER/dbt_silver_gold.py', '--cfg-path', '/tmp/tmptc59r_4a']
[2026-07-26T15:33:23.455+0000] {standard_task_runner.py:105} INFO - Job 52: Subtask transform_gold.fct_complaints.run
[2026-07-26T15:33:23.558+0000] {task_command.py:467} INFO - Running <TaskInstance: dbt_silver_gold_full_load.transform_gold.fct_complaints.run manual__2026-07-26T15:31:49.815535+00:00 [running]> on host 755669804aca
[2026-07-26T15:33:23.668+0000] {taskinstance.py:3131} INFO - Exporting env vars: AIRFLOW_CTX_DAG_OWNER='data_engineer' AIRFLOW_CTX_DAG_ID='dbt_silver_gold_full_load' AIRFLOW_CTX_TASK_ID='transform_gold.fct_complaints.run' AIRFLOW_CTX_EXECUTION_DATE='2026-07-26T15:31:49.815535+00:00' AIRFLOW_CTX_TRY_NUMBER='1' AIRFLOW_CTX_DAG_RUN_ID='manual__2026-07-26T15:31:49.815535+00:00'
[2026-07-26T15:33:23.672+0000] {taskinstance.py:731} INFO - ::endgroup::
[2026-07-26T15:33:26.081+0000] {local.py:294} INFO - dbtRunner is available. Using dbtRunner for invoking dbt.
[2026-07-26T15:33:26.084+0000] {local.py:518} INFO - Cloning project to writable temp directory /tmp/tmp0v7hm02y from /opt/airflow/dbt_transform
[2026-07-26T15:33:26.098+0000] {local.py:538} INFO - Partial parse is enabled and the latest partial parse file is /opt/airflow/dbt_transform/target/partial_parse.msgpack
[2026-07-26T15:33:26.187+0000] {config.py:395} INFO - Using user-supplied profiles.yml at /opt/airflow/dbt_transform/profiles.yml
[2026-07-26T15:33:26.210+0000] {runner.py:95} INFO - Trying to run dbtRunner with:
 ['deps', '--project-dir', '/tmp/tmp0v7hm02y', '--profiles-dir', '/opt/airflow/dbt_transform', '--profile', 'lakehouse_dbt', '--target', 'dev', '--no-static-parser']
 in /tmp/tmp0v7hm02y
[2026-07-26T15:33:26.352+0000] {logging_mixin.py:190} INFO - 15:33:26  Running with dbt=1.8.8
[2026-07-26T15:33:26.980+0000] {converter.py:314} INFO - ::group::Cosmos DAG parsing logs
[2026-07-26T15:33:26.985+0000] {graph.py:869} INFO - Trying to parse the dbt project using dbt ls cache cosmos_cache__dbt_silver_gold_incremental__transform_silver...
[2026-07-26T15:33:29.451+0000] {cache.py:383} INFO - Cosmos performance: time to calculate cache identifier cosmos_cache__dbt_silver_gold_incremental__transform_silver for current version: 2.4381020749997333
[2026-07-26T15:33:29.454+0000] {graph.py:886} INFO - Cosmos performance [755669804aca|5860]: The cache size for cosmos_cache__dbt_silver_gold_incremental__transform_silver is 6096
[2026-07-26T15:33:29.457+0000] {graph.py:898} INFO - Cosmos performance: Cache hit for cosmos_cache__dbt_silver_gold_incremental__transform_silver - 36e017c66e43a6824d84c1a8985368f3,5e34606eb5f2b3dea81a8e19fa3ba138
[2026-07-26T15:33:29.459+0000] {graph.py:799} INFO - Total nodes: 7
[2026-07-26T15:33:29.461+0000] {graph.py:800} INFO - Total filtered nodes: 7
[2026-07-26T15:33:29.463+0000] {converter.py:361} INFO - Cosmos performance (dbt_silver_gold_incremental__transform_silver) - [755669804aca|5860]: It took 2.48s to parse the dbt project for DAG using dbt_ls_cache
[2026-07-26T15:33:29.485+0000] {converter.py:413} INFO - Cosmos performance (dbt_silver_gold_incremental__transform_silver) - [755669804aca|5860]: It took 0.0213s to build the Airflow DAG.
[2026-07-26T15:33:29.486+0000] {converter.py:420} INFO - ::endgroup::Cosmos DAG parsing logs
[2026-07-26T15:33:29.491+0000] {converter.py:314} INFO - ::group::Cosmos DAG parsing logs
[2026-07-26T15:33:29.499+0000] {graph.py:869} INFO - Trying to parse the dbt project using dbt ls cache cosmos_cache__dbt_silver_gold_incremental__transform_gold...
[2026-07-26T15:33:31.928+0000] {cache.py:383} INFO - Cosmos performance: time to calculate cache identifier cosmos_cache__dbt_silver_gold_incremental__transform_gold for current version: 2.403132791000644
[2026-07-26T15:33:31.930+0000] {graph.py:886} INFO - Cosmos performance [755669804aca|5860]: The cache size for cosmos_cache__dbt_silver_gold_incremental__transform_gold is 35980
[2026-07-26T15:33:31.932+0000] {graph.py:898} INFO - Cosmos performance: Cache hit for cosmos_cache__dbt_silver_gold_incremental__transform_gold - 36e017c66e43a6824d84c1a8985368f3,304321e940a9403dceb380589bd0566f
[2026-07-26T15:33:31.933+0000] {graph.py:799} INFO - Total nodes: 39
[2026-07-26T15:33:31.935+0000] {graph.py:800} INFO - Total filtered nodes: 39
[2026-07-26T15:33:31.936+0000] {converter.py:361} INFO - Cosmos performance (dbt_silver_gold_incremental__transform_gold) - [755669804aca|5860]: It took 2.44s to parse the dbt project for DAG using dbt_ls_cache
[2026-07-26T15:33:31.976+0000] {converter.py:413} INFO - Cosmos performance (dbt_silver_gold_incremental__transform_gold) - [755669804aca|5860]: It took 0.04s to build the Airflow DAG.
[2026-07-26T15:33:31.978+0000] {converter.py:420} INFO - ::endgroup::Cosmos DAG parsing logs
[2026-07-26T15:33:31.980+0000] {converter.py:314} INFO - ::group::Cosmos DAG parsing logs
[2026-07-26T15:33:31.984+0000] {graph.py:869} INFO - Trying to parse the dbt project using dbt ls cache cosmos_cache__dbt_silver_gold_full_load__transform_silver...
[2026-07-26T15:33:34.592+0000] {cache.py:383} INFO - Cosmos performance: time to calculate cache identifier cosmos_cache__dbt_silver_gold_full_load__transform_silver for current version: 2.5946675549994325
[2026-07-26T15:33:34.593+0000] {graph.py:886} INFO - Cosmos performance [755669804aca|5860]: The cache size for cosmos_cache__dbt_silver_gold_full_load__transform_silver is 6096
[2026-07-26T15:33:34.595+0000] {graph.py:898} INFO - Cosmos performance: Cache hit for cosmos_cache__dbt_silver_gold_full_load__transform_silver - 36e017c66e43a6824d84c1a8985368f3,5e34606eb5f2b3dea81a8e19fa3ba138
[2026-07-26T15:33:34.597+0000] {graph.py:799} INFO - Total nodes: 7
[2026-07-26T15:33:34.598+0000] {graph.py:800} INFO - Total filtered nodes: 7
[2026-07-26T15:33:34.599+0000] {converter.py:361} INFO - Cosmos performance (dbt_silver_gold_full_load__transform_silver) - [755669804aca|5860]: It took 2.61s to parse the dbt project for DAG using dbt_ls_cache
[2026-07-26T15:33:34.609+0000] {converter.py:413} INFO - Cosmos performance (dbt_silver_gold_full_load__transform_silver) - [755669804aca|5860]: It took 0.0106s to build the Airflow DAG.
[2026-07-26T15:33:34.611+0000] {converter.py:420} INFO - ::endgroup::Cosmos DAG parsing logs
[2026-07-26T15:33:34.613+0000] {converter.py:314} INFO - ::group::Cosmos DAG parsing logs
[2026-07-26T15:33:34.617+0000] {graph.py:869} INFO - Trying to parse the dbt project using dbt ls cache cosmos_cache__dbt_silver_gold_full_load__transform_gold...
[2026-07-26T15:33:37.114+0000] {cache.py:383} INFO - Cosmos performance: time to calculate cache identifier cosmos_cache__dbt_silver_gold_full_load__transform_gold for current version: 2.4825904639992586
[2026-07-26T15:33:37.115+0000] {graph.py:886} INFO - Cosmos performance [755669804aca|5860]: The cache size for cosmos_cache__dbt_silver_gold_full_load__transform_gold is 35980
[2026-07-26T15:33:37.117+0000] {graph.py:898} INFO - Cosmos performance: Cache hit for cosmos_cache__dbt_silver_gold_full_load__transform_gold - 36e017c66e43a6824d84c1a8985368f3,304321e940a9403dceb380589bd0566f
[2026-07-26T15:33:37.118+0000] {graph.py:799} INFO - Total nodes: 39
[2026-07-26T15:33:37.119+0000] {graph.py:800} INFO - Total filtered nodes: 39
[2026-07-26T15:33:37.121+0000] {converter.py:361} INFO - Cosmos performance (dbt_silver_gold_full_load__transform_gold) - [755669804aca|5860]: It took 2.5s to parse the dbt project for DAG using dbt_ls_cache
[2026-07-26T15:33:37.156+0000] {converter.py:413} INFO - Cosmos performance (dbt_silver_gold_full_load__transform_gold) - [755669804aca|5860]: It took 0.0353s to build the Airflow DAG.
[2026-07-26T15:33:37.158+0000] {converter.py:420} INFO - ::endgroup::Cosmos DAG parsing logs
[2026-07-26T15:33:37.812+0000] {logging_mixin.py:190} INFO - 15:33:37  Installing dbt-labs/dbt_utils
[2026-07-26T15:33:38.408+0000] {logging_mixin.py:190} INFO - 15:33:38  Installed from version 1.3.0
[2026-07-26T15:33:38.410+0000] {logging_mixin.py:190} INFO - 15:33:38  Updated version available: 1.4.1
[2026-07-26T15:33:38.412+0000] {logging_mixin.py:190} INFO - 15:33:38  Installing metaplane/dbt_expectations
[2026-07-26T15:33:39.368+0000] {logging_mixin.py:190} INFO - 15:33:39  Installed from version 0.10.8
[2026-07-26T15:33:39.369+0000] {logging_mixin.py:190} INFO - 15:33:39  Updated version available: 0.10.10
[2026-07-26T15:33:39.371+0000] {logging_mixin.py:190} INFO - 15:33:39  Installing godatadriven/dbt_date
[2026-07-26T15:33:39.916+0000] {logging_mixin.py:190} INFO - 15:33:39  Installed from version 0.15.0
[2026-07-26T15:33:39.918+0000] {logging_mixin.py:190} INFO - 15:33:39  Up to date!
[2026-07-26T15:33:39.920+0000] {logging_mixin.py:190} INFO - 15:33:39
[2026-07-26T15:33:39.922+0000] {logging_mixin.py:190} INFO - 15:33:39  Updates available for packages: ['dbt-labs/dbt_utils', 'metaplane/dbt_expectations']                 
Update your versions in packages.yml, then run dbt deps
[2026-07-26T15:33:41.159+0000] {runner.py:95} INFO - Trying to run dbtRunner with:
 ['run', '--select', 'fqn:consumer_complaints_transformation.marts.fct_complaints', '--full-refresh', '--project-dir', '/tmp/tmp0v7hm02y', '--profiles-dir', '/opt/airflow/dbt_transform', '--profile', 'lakehouse_dbt', '--target', 'dev', '--no-static-parser']
 in /tmp/tmp0v7hm02y
[2026-07-26T15:33:41.191+0000] {logging_mixin.py:190} INFO - 15:33:41  Running with dbt=1.8.8
[2026-07-26T15:33:41.232+0000] {auth.py:343} INFO - keyring module not found. OAuth2 token will not be stored in keyring.
[2026-07-26T15:33:41.236+0000] {auth.py:343} INFO - keyring module not found. OAuth2 token will not be stored in keyring.
[2026-07-26T15:33:41.359+0000] {logging_mixin.py:190} INFO - 15:33:41  Registered adapter: trino=1.8.5
[2026-07-26T15:33:42.091+0000] {logging_mixin.py:190} INFO - 15:33:42  Unable to do partial parsing because config vars, config profile, or config target have changed
[2026-07-26T15:33:44.416+0000] {logging_mixin.py:190} INFO - 15:33:44  [WARNING]: Deprecated functionality
The `tests` config has been renamed to `data_tests`. Please see
https://docs.getdbt.com/docs/build/data-tests#new-data_tests-syntax for more
information.
[2026-07-26T15:33:45.800+0000] {logging_mixin.py:190} INFO - 15:33:45  Found 8 models, 40 data tests, 1 source, 9 metrics, 839 macros, 5 semantic models
[2026-07-26T15:33:45.807+0000] {logging_mixin.py:190} INFO - 15:33:45
[2026-07-26T15:33:45.865+0000] {logging_mixin.py:190} INFO - 15:33:45  [WARNING]: SSL certificate validation is disabled by default. It is legacy behavior which will be changed in future releases. It is strongly advised to enable `require_certificate_validation` flag or explicitly set `cert` configuration to `True` for security reasons. You may receive an error after that if your SSL setup is incorrect.
You may opt into the new behavior sooner by setting `flags.require_certificate_validation` to `True` in `dbt_project.yml`.
Visit https://docs.getdbt.com/reference/global-configs/behavior-changes for more information.
[2026-07-26T15:33:46.988+0000] {logging_mixin.py:190} INFO - 15:33:46  Concurrency: 1 threads (target='dev')
[2026-07-26T15:33:46.992+0000] {logging_mixin.py:190} INFO - 15:33:46
[2026-07-26T15:33:47.021+0000] {logging_mixin.py:190} INFO - 15:33:47  1 of 1 START sql incremental model gold.fct_complaints ......................... [RUN]
[2026-07-26T15:33:55.551+0000] {logging_mixin.py:190} INFO - 15:33:55  1 of 1 OK created sql incremental model gold.fct_complaints .................... [CREATE TABLE (77_182 rows) in 8.52s]
[2026-07-26T15:33:55.556+0000] {logging_mixin.py:190} INFO - 15:33:55
[2026-07-26T15:33:55.557+0000] {logging_mixin.py:190} INFO - 15:33:55  Finished running 1 incremental model in 0 hours 0 minutes and 9.75 seconds (9.75s).
[2026-07-26T15:33:55.609+0000] {logging_mixin.py:190} INFO - 15:33:55
[2026-07-26T15:33:55.613+0000] {logging_mixin.py:190} INFO - 15:33:55  Completed successfully
[2026-07-26T15:33:55.615+0000] {logging_mixin.py:190} INFO - 15:33:55
[2026-07-26T15:33:55.616+0000] {logging_mixin.py:190} INFO - 15:33:55  Done. PASS=1 WARN=0 ERROR=0 SKIP=0 TOTAL=1
[2026-07-26T15:33:56.834+0000] {local.py:196} WARNING - Artifact schema version: https://schemas.getdbt.com/dbt/manifest/v12.json is above dbt-ol supported version 7. This might cause errors.
[2026-07-26T15:33:56.850+0000] {local.py:594} INFO - Inlets: []
[2026-07-26T15:33:56.852+0000] {local.py:595} INFO - Outlets: []
[2026-07-26T15:33:56.854+0000] {local.py:886} INFO - Assigning inlets/outlets with DatasetAlias in Airflow 2
[2026-07-26T15:33:56.961+0000] {taskinstance.py:340} INFO - ::group::Post task execution logs
[2026-07-26T15:33:56.964+0000] {taskinstance.py:352} INFO - Marking task as SUCCESS. dag_id=dbt_silver_gold_full_load, task_id=transform_gold.fct_complaints.run, run_id=manual__2026-07-26T15:31:49.815535+00:00, execution_date=20260726T153149, start_date=20260726T153323, end_date=20260726T153356
[2026-07-26T15:33:57.726+0000] {_client.py:1026} INFO - HTTP Request: GET https://astronomer.gateway.scarf.sh/astronomer-cosmos/v3/task_instance?cosmos_version=1.15.0&airflow_version=2.10.2&python_version=3.10.15&platform_system=Linux&platform_machine=x86_64&status=success&operator_name=DbtRunLocalOperator&is_cosmos_operator_subclass=False&invocation_mode=dbt_runner&execution_mode=local&profile_strategy=yaml_file&profile_mapping_class=None&database=trino&is_mapped_task=False&dbt_command=run&install_deps=True&has_callback=False&duration=33.577005 "HTTP/1.1 200 OK"
[2026-07-26T15:33:57.796+0000] {local_task_job_runner.py:266} INFO - Task exited with return code 0
[2026-07-26T15:33:57.817+0000] {local_task_job_runner.py:245} INFO - ::endgroup::
