[2026-07-26T03:32:35.851+0000] {local_task_job_runner.py:123} INFO - ::group::Pre task execution logs
[2026-07-26T03:32:35.885+0000] {taskinstance.py:2612} INFO - Dependencies all met for dep_context=non-requeueable deps ti=<TaskInstance: wap_incremental_cfpb_pipeline.extract_and_upload_company scheduled__2026-07-25T00:00:00+00:00 map_index=0 [queued]>
[2026-07-26T03:32:35.900+0000] {taskinstance.py:2612} INFO - Dependencies all met for dep_context=requeueable deps ti=<TaskInstance: wap_incremental_cfpb_pipeline.extract_and_upload_company scheduled__2026-07-25T00:00:00+00:00 map_index=0 [queued]>
[2026-07-26T03:32:35.904+0000] {taskinstance.py:2865} INFO - Starting attempt 1 of 1
[2026-07-26T03:32:35.923+0000] {taskinstance.py:2888} INFO - Executing <Mapped(_PythonDecoratedOperator): extract_and_upload_company> on 2026-07-25 00:00:00+00:00
[2026-07-26T03:32:35.931+0000] {standard_task_runner.py:72} INFO - Started process 2594 to run task
[2026-07-26T03:32:35.937+0000] {standard_task_runner.py:104} INFO - Running: ['airflow', 'tasks', 'run', 'wap_incremental_cfpb_pipeline', 'extract_and_upload_company', 'scheduled__2026-07-25T00:00:00+00:00', '--job-id', '7', '--raw', '--subdir', 'DAGS_FOLDER/wap_incremental_cfpb_pipeline.py', '--cfg-path', '/tmp/tmp5s5ks8g5', '--map-index', '0']
[2026-07-26T03:32:35.942+0000] {standard_task_runner.py:105} INFO - Job 7: Subtask extract_and_upload_company
[2026-07-26T03:32:36.055+0000] {task_command.py:467} INFO - Running <TaskInstance: wap_incremental_cfpb_pipeline.extract_and_upload_company scheduled__2026-07-25T00:00:00+00:00 map_index=0 [running]> on host d8495756e740
[2026-07-26T03:32:36.211+0000] {taskinstance.py:3131} INFO - Exporting env vars: AIRFLOW_CTX_DAG_OWNER='airflow' AIRFLOW_CTX_DAG_ID='wap_incremental_cfpb_pipeline' AIRFLOW_CTX_TASK_ID='extract_and_upload_company' AIRFLOW_CTX_EXECUTION_DATE='2026-07-25T00:00:00+00:00' AIRFLOW_CTX_TRY_NUMBER='1' AIRFLOW_CTX_DAG_RUN_ID='scheduled__2026-07-25T00:00:00+00:00'
[2026-07-26T03:32:36.215+0000] {taskinstance.py:731} INFO - ::endgroup::
[2026-07-26T03:32:36.224+0000] {cfpb_api_client.py:487} INFO - 🛡️ Khởi động lưới lọc Rescued Data cho công ty: JPMORGAN CHASE & CO.
[2026-07-26T03:32:36.226+0000] {cfpb_api_client.py:460} INFO - 🏢 Khởi tạo luồng kéo dữ liệu cho công ty: JPMORGAN CHASE & CO.
[2026-07-26T03:32:36.228+0000] {cfpb_api_client.py:389} INFO - 🚀 BẮT ĐẦU: Kéo luồng dữ liệu từ 2026-07-18 đến 2026-07-25
[2026-07-26T03:32:38.428+0000] {cfpb_api_client.py:438} INFO -   ➜ Đã kéo được 21 / 21 records...
[2026-07-26T03:32:38.429+0000] {cfpb_api_client.py:442} INFO - ✅ HOÀN TẤT: Đã lấy toàn bộ 21 khiếu nại có sẵn.
[2026-07-26T03:32:38.431+0000] {minio_loader.py:203} INFO - 📤 Đang upload inc_2026-07-25_jpmorgan_chase_&_co._complaints.json lên s3://lakehouse/landing/consumer_complaints/run_date=2026-07-25/inc_2026-07-25_jpmorgan_chase_&_co._complaints.json
[2026-07-26T03:32:38.433+0000] {crypto.py:82} WARNING - empty cryptography key - values will not be stored encrypted.
[2026-07-26T03:32:38.435+0000] {base.py:84} INFO - Retrieving connection 'minio_default'
[2026-07-26T03:32:38.437+0000] {connection_wrapper.py:388} INFO - AWS Connection (conn_id='minio_default', conn_type='aws') credentials retrieved from login and ***.
[2026-07-26T03:32:38.868+0000] {python.py:240} INFO - Done. Returned value was: 21
[2026-07-26T03:32:38.901+0000] {taskinstance.py:340} INFO - ::group::Post task execution logs
[2026-07-26T03:32:38.903+0000] {taskinstance.py:352} INFO - Marking task as SUCCESS. dag_id=wap_incremental_cfpb_pipeline, task_id=extract_and_upload_company, run_id=scheduled__2026-07-25T00:00:00+00:00, map_index=0, execution_date=20260725T000000, start_date=20260726T033235, end_date=20260726T033238
[2026-07-26T03:32:38.967+0000] {local_task_job_runner.py:266} INFO - Task exited with return code 0
[2026-07-26T03:32:39.004+0000] {taskinstance.py:3900} INFO - 1 downstream tasks scheduled from follow-on schedule check
[2026-07-26T03:32:39.007+0000] {local_task_job_runner.py:245} INFO - ::endgroup::
[2026-07-26T12:38:50.849+0000] {local_task_job_runner.py:123} INFO - ::group::Pre task execution logs
[2026-07-26T12:38:50.874+0000] {taskinstance.py:2612} INFO - Dependencies all met for dep_context=non-requeueable deps ti=<TaskInstance: wap_incremental_cfpb_pipeline.extract_and_upload_company scheduled__2026-07-25T00:00:00+00:00 map_index=0 [queued]>
[2026-07-26T12:38:50.884+0000] {taskinstance.py:2612} INFO - Dependencies all met for dep_context=requeueable deps ti=<TaskInstance: wap_incremental_cfpb_pipeline.extract_and_upload_company scheduled__2026-07-25T00:00:00+00:00 map_index=0 [queued]>
[2026-07-26T12:38:50.885+0000] {taskinstance.py:2865} INFO - Starting attempt 1 of 1
[2026-07-26T12:38:50.897+0000] {taskinstance.py:2888} INFO - Executing <Mapped(_PythonDecoratedOperator): extract_and_upload_company> on 2026-07-25 00:00:00+00:00
[2026-07-26T12:38:50.902+0000] {standard_task_runner.py:72} INFO - Started process 576 to run task
[2026-07-26T12:38:50.909+0000] {standard_task_runner.py:104} INFO - Running: ['airflow', 'tasks', 'run', 'wap_incremental_cfpb_pipeline', 'extract_and_upload_company', 'scheduled__2026-07-25T00:00:00+00:00', '--job-id', '6', '--raw', '--subdir', 'DAGS_FOLDER/wap_incremental_cfpb_pipeline.py', '--cfg-path', '/tmp/tmpdab8urjo', '--map-index', '0']
[2026-07-26T12:38:50.910+0000] {standard_task_runner.py:105} INFO - Job 6: Subtask extract_and_upload_company
[2026-07-26T12:38:51.019+0000] {task_command.py:467} INFO - Running <TaskInstance: wap_incremental_cfpb_pipeline.extract_and_upload_company scheduled__2026-07-25T00:00:00+00:00 map_index=0 [running]> on host a0b459f8cde6
[2026-07-26T12:38:51.139+0000] {taskinstance.py:3131} INFO - Exporting env vars: AIRFLOW_CTX_DAG_OWNER='airflow' AIRFLOW_CTX_DAG_ID='wap_incremental_cfpb_pipeline' AIRFLOW_CTX_TASK_ID='extract_and_upload_company' AIRFLOW_CTX_EXECUTION_DATE='2026-07-25T00:00:00+00:00' AIRFLOW_CTX_TRY_NUMBER='1' AIRFLOW_CTX_DAG_RUN_ID='scheduled__2026-07-25T00:00:00+00:00'
[2026-07-26T12:38:51.142+0000] {taskinstance.py:731} INFO - ::endgroup::
[2026-07-26T12:38:51.150+0000] {cfpb_api_client.py:487} INFO - 🛡️ Khởi động lưới lọc Rescued Data cho công ty: JPMORGAN CHASE & CO.
[2026-07-26T12:38:51.151+0000] {cfpb_api_client.py:460} INFO - 🏢 Khởi tạo luồng kéo dữ liệu cho công ty: JPMORGAN CHASE & CO.
[2026-07-26T12:38:51.152+0000] {cfpb_api_client.py:389} INFO - 🚀 BẮT ĐẦU: Kéo luồng dữ liệu từ 2026-07-18 đến 2026-07-25
[2026-07-26T12:38:52.504+0000] {cfpb_api_client.py:438} INFO -   ➜ Đã kéo được 21 / 21 records...
[2026-07-26T12:38:52.506+0000] {cfpb_api_client.py:442} INFO - ✅ HOÀN TẤT: Đã lấy toàn bộ 21 khiếu nại có sẵn.
[2026-07-26T12:38:52.507+0000] {minio_loader.py:203} INFO - 📤 Đang upload inc_2026-07-25_jpmorgan_chase_&_co._complaints.json lên s3://lakehouse/landing/consumer_complaints/run_date=2026-07-25/inc_2026-07-25_jpmorgan_chase_&_co._complaints.json
[2026-07-26T12:38:52.510+0000] {crypto.py:82} WARNING - empty cryptography key - values will not be stored encrypted.
[2026-07-26T12:38:52.512+0000] {base.py:84} INFO - Retrieving connection 'minio_default'
[2026-07-26T12:38:52.513+0000] {connection_wrapper.py:388} INFO - AWS Connection (conn_id='minio_default', conn_type='aws') credentials retrieved from login and ***.
[2026-07-26T12:38:53.077+0000] {python.py:240} INFO - Done. Returned value was: 21
[2026-07-26T12:38:53.106+0000] {taskinstance.py:340} INFO - ::group::Post task execution logs
[2026-07-26T12:38:53.107+0000] {taskinstance.py:352} INFO - Marking task as SUCCESS. dag_id=wap_incremental_cfpb_pipeline, task_id=extract_and_upload_company, run_id=scheduled__2026-07-25T00:00:00+00:00, map_index=0, execution_date=20260725T000000, start_date=20260726T123850, end_date=20260726T123853
[2026-07-26T12:38:53.132+0000] {local_task_job_runner.py:266} INFO - Task exited with return code 0
[2026-07-26T12:38:53.162+0000] {taskinstance.py:3900} INFO - 1 downstream tasks scheduled from follow-on schedule check
[2026-07-26T12:38:53.166+0000] {local_task_job_runner.py:245} INFO - ::endgroup::
