[2026-07-26T03:32:47.615+0000] {local_task_job_runner.py:123} INFO - ::group::Pre task execution logs
[2026-07-26T03:32:47.638+0000] {taskinstance.py:2612} INFO - Dependencies all met for dep_context=non-requeueable deps ti=<TaskInstance: wap_incremental_cfpb_pipeline.audit_on_branch scheduled__2026-07-25T00:00:00+00:00 [queued]>
[2026-07-26T03:32:47.650+0000] {taskinstance.py:2612} INFO - Dependencies all met for dep_context=requeueable deps ti=<TaskInstance: wap_incremental_cfpb_pipeline.audit_on_branch scheduled__2026-07-25T00:00:00+00:00 [queued]>
[2026-07-26T03:32:47.652+0000] {taskinstance.py:2865} INFO - Starting attempt 1 of 1
[2026-07-26T03:32:47.664+0000] {taskinstance.py:2888} INFO - Executing <Task(_PythonDecoratedOperator): audit_on_branch> on 2026-07-25 00:00:00+00:00
[2026-07-26T03:32:47.671+0000] {standard_task_runner.py:72} INFO - Started process 2745 to run task
[2026-07-26T03:32:47.676+0000] {standard_task_runner.py:104} INFO - Running: ['airflow', 'tasks', 'run', 'wap_incremental_cfpb_pipeline', 'audit_on_branch', 'scheduled__2026-07-25T00:00:00+00:00', '--job-id', '11', '--raw', '--subdir', 'DAGS_FOLDER/wap_incremental_cfpb_pipeline.py', '--cfg-path', '/tmp/tmpgb6opgjw']
[2026-07-26T03:32:47.678+0000] {standard_task_runner.py:105} INFO - Job 11: Subtask audit_on_branch
[2026-07-26T03:32:47.772+0000] {task_command.py:467} INFO - Running <TaskInstance: wap_incremental_cfpb_pipeline.audit_on_branch scheduled__2026-07-25T00:00:00+00:00 [running]> on host d8495756e740
[2026-07-26T03:32:47.929+0000] {taskinstance.py:3131} INFO - Exporting env vars: AIRFLOW_CTX_DAG_OWNER='airflow' AIRFLOW_CTX_DAG_ID='wap_incremental_cfpb_pipeline' AIRFLOW_CTX_TASK_ID='audit_on_branch' AIRFLOW_CTX_EXECUTION_DATE='2026-07-25T00:00:00+00:00' AIRFLOW_CTX_TRY_NUMBER='1' AIRFLOW_CTX_DAG_RUN_ID='scheduled__2026-07-25T00:00:00+00:00'
[2026-07-26T03:32:47.934+0000] {taskinstance.py:731} INFO - ::endgroup::
[2026-07-26T03:32:47.939+0000] {crypto.py:82} WARNING - empty cryptography key - values will not be stored encrypted.
[2026-07-26T03:32:47.942+0000] {base.py:84} INFO - Retrieving connection 'minio_default'
[2026-07-26T03:32:47.945+0000] {base.py:84} INFO - Retrieving connection 'nessie_api_default'
[2026-07-26T03:32:48.160+0000] {duckdb_to_bronze.py:63} INFO - Đã khởi tạo DuckDB và PyIceberg Catalog trên nhánh 'etl_20260725_scheduled202607'.
[2026-07-26T03:32:48.200+0000] {__init__.py:331} INFO - Loaded FileIO: pyiceberg.io.fsspec.FsspecFileIO
[2026-07-26T03:32:48.202+0000] {wap_incremental_cfpb_pipeline.py:207} INFO - 🔍 Đang Audit qua DuckDB Native (iceberg_scan)...
[2026-07-26T03:32:48.204+0000] {duckdb_to_bronze.py:205} INFO - Đang thực thi Audit Query qua DuckDB: 
                SELECT 
                    COUNT(*) as total_rows,
                    COUNT(_rescued_data) as drifted_rows
                FROM iceberg_scan('s3://lakehouse/bronze/raw_consumer_complaints_16626558-3f84-4ae4-8f4a-9ec474b9c9ba/metadata/00000-57696c06-a110-4dee-9d47-974140ec7567.metadata.json')
                WHERE _run_id = 'scheduled__2026-07-25T00:00:00+00:00'
            
[2026-07-26T03:32:48.253+0000] {duckdb_to_bronze.py:211} INFO - Đã đóng kết nối DuckDB an toàn.
[2026-07-26T03:32:48.255+0000] {wap_incremental_cfpb_pipeline.py:219} INFO - ✅ AUDIT PASS: Đối soát thành công (36 rows). Sẵn sàng Publish.
[2026-07-26T03:32:48.257+0000] {python.py:240} INFO - Done. Returned value was: {'wap_branch': 'etl_20260725_scheduled202607', 'total_inserted_rows': 36, 'total_extracted_rows': 36, 'run_id': 'scheduled__2026-07-25T00:00:00+00:00', 'audit_passed': True}
[2026-07-26T03:32:48.331+0000] {taskinstance.py:340} INFO - ::group::Post task execution logs
[2026-07-26T03:32:48.333+0000] {taskinstance.py:352} INFO - Marking task as SUCCESS. dag_id=wap_incremental_cfpb_pipeline, task_id=audit_on_branch, run_id=scheduled__2026-07-25T00:00:00+00:00, execution_date=20260725T000000, start_date=20260726T033247, end_date=20260726T033248
[2026-07-26T03:32:48.376+0000] {local_task_job_runner.py:266} INFO - Task exited with return code 0
[2026-07-26T03:32:48.411+0000] {taskinstance.py:3900} INFO - 1 downstream tasks scheduled from follow-on schedule check
[2026-07-26T03:32:48.415+0000] {local_task_job_runner.py:245} INFO - ::endgroup::
[2026-07-26T12:38:59.888+0000] {local_task_job_runner.py:123} INFO - ::group::Pre task execution logs
[2026-07-26T12:38:59.907+0000] {taskinstance.py:2612} INFO - Dependencies all met for dep_context=non-requeueable deps ti=<TaskInstance: wap_incremental_cfpb_pipeline.audit_on_branch scheduled__2026-07-25T00:00:00+00:00 [queued]>
[2026-07-26T12:38:59.916+0000] {taskinstance.py:2612} INFO - Dependencies all met for dep_context=requeueable deps ti=<TaskInstance: wap_incremental_cfpb_pipeline.audit_on_branch scheduled__2026-07-25T00:00:00+00:00 [queued]>
[2026-07-26T12:38:59.917+0000] {taskinstance.py:2865} INFO - Starting attempt 1 of 1
[2026-07-26T12:38:59.928+0000] {taskinstance.py:2888} INFO - Executing <Task(_PythonDecoratedOperator): audit_on_branch> on 2026-07-25 00:00:00+00:00
[2026-07-26T12:38:59.934+0000] {standard_task_runner.py:72} INFO - Started process 818 to run task
[2026-07-26T12:38:59.937+0000] {standard_task_runner.py:104} INFO - Running: ['airflow', 'tasks', 'run', 'wap_incremental_cfpb_pipeline', 'audit_on_branch', 'scheduled__2026-07-25T00:00:00+00:00', '--job-id', '10', '--raw', '--subdir', 'DAGS_FOLDER/wap_incremental_cfpb_pipeline.py', '--cfg-path', '/tmp/tmpv3hywe79']
[2026-07-26T12:38:59.940+0000] {standard_task_runner.py:105} INFO - Job 10: Subtask audit_on_branch
[2026-07-26T12:39:00.021+0000] {task_command.py:467} INFO - Running <TaskInstance: wap_incremental_cfpb_pipeline.audit_on_branch scheduled__2026-07-25T00:00:00+00:00 [running]> on host a0b459f8cde6
[2026-07-26T12:39:00.111+0000] {taskinstance.py:3131} INFO - Exporting env vars: AIRFLOW_CTX_DAG_OWNER='airflow' AIRFLOW_CTX_DAG_ID='wap_incremental_cfpb_pipeline' AIRFLOW_CTX_TASK_ID='audit_on_branch' AIRFLOW_CTX_EXECUTION_DATE='2026-07-25T00:00:00+00:00' AIRFLOW_CTX_TRY_NUMBER='1' AIRFLOW_CTX_DAG_RUN_ID='scheduled__2026-07-25T00:00:00+00:00'
[2026-07-26T12:39:00.114+0000] {taskinstance.py:731} INFO - ::endgroup::
[2026-07-26T12:39:00.117+0000] {crypto.py:82} WARNING - empty cryptography key - values will not be stored encrypted.
[2026-07-26T12:39:00.120+0000] {base.py:84} INFO - Retrieving connection 'minio_default'
[2026-07-26T12:39:00.122+0000] {base.py:84} INFO - Retrieving connection 'nessie_api_default'
[2026-07-26T12:39:00.237+0000] {duckdb_to_bronze.py:63} INFO - Đã khởi tạo DuckDB và PyIceberg Catalog trên nhánh 'etl_20260725_scheduled202607'.
[2026-07-26T12:39:00.258+0000] {__init__.py:331} INFO - Loaded FileIO: pyiceberg.io.fsspec.FsspecFileIO
[2026-07-26T12:39:00.259+0000] {wap_incremental_cfpb_pipeline.py:207} INFO - 🔍 Đang Audit qua DuckDB Native (iceberg_scan)...
[2026-07-26T12:39:00.261+0000] {duckdb_to_bronze.py:205} INFO - Đang thực thi Audit Query qua DuckDB: 
                SELECT 
                    COUNT(*) as total_rows,
                    COUNT(_rescued_data) as drifted_rows
                FROM iceberg_scan('s3://lakehouse/bronze/raw_consumer_complaints_7213837e-2520-4657-9f98-3d5aea50fce3/metadata/00000-98383e08-f3b4-4e6c-9a46-ab1549bdade1.metadata.json')
                WHERE _run_id = 'scheduled__2026-07-25T00:00:00+00:00'
            
[2026-07-26T12:39:00.289+0000] {duckdb_to_bronze.py:211} INFO - Đã đóng kết nối DuckDB an toàn.
[2026-07-26T12:39:00.291+0000] {wap_incremental_cfpb_pipeline.py:219} INFO - ✅ AUDIT PASS: Đối soát thành công (36 rows). Sẵn sàng Publish.
[2026-07-26T12:39:00.292+0000] {python.py:240} INFO - Done. Returned value was: {'wap_branch': 'etl_20260725_scheduled202607', 'total_inserted_rows': 36, 'total_extracted_rows': 36, 'run_id': 'scheduled__2026-07-25T00:00:00+00:00', 'audit_passed': True}
[2026-07-26T12:39:00.330+0000] {taskinstance.py:340} INFO - ::group::Post task execution logs
[2026-07-26T12:39:00.332+0000] {taskinstance.py:352} INFO - Marking task as SUCCESS. dag_id=wap_incremental_cfpb_pipeline, task_id=audit_on_branch, run_id=scheduled__2026-07-25T00:00:00+00:00, execution_date=20260725T000000, start_date=20260726T123859, end_date=20260726T123900
[2026-07-26T12:39:00.367+0000] {local_task_job_runner.py:266} INFO - Task exited with return code 0
[2026-07-26T12:39:00.394+0000] {taskinstance.py:3900} INFO - 1 downstream tasks scheduled from follow-on schedule check
[2026-07-26T12:39:00.397+0000] {local_task_job_runner.py:245} INFO - ::endgroup::
