[2026-07-22T03:10:20.659+0000] {local_task_job_runner.py:123} INFO - ::group::Pre task execution logs
[2026-07-22T03:10:20.687+0000] {taskinstance.py:2612} INFO - Dependencies all met for dep_context=non-requeueable deps ti=<TaskInstance: dbt_silver_gold_incremental.transform_gold.dim_dates.run manual__2026-07-22T03:09:03.603752+00:00 [queued]>
[2026-07-22T03:10:20.700+0000] {taskinstance.py:2612} INFO - Dependencies all met for dep_context=requeueable deps ti=<TaskInstance: dbt_silver_gold_incremental.transform_gold.dim_dates.run manual__2026-07-22T03:09:03.603752+00:00 [queued]>
[2026-07-22T03:10:20.702+0000] {taskinstance.py:2865} INFO - Starting attempt 1 of 2
[2026-07-22T03:10:20.722+0000] {taskinstance.py:2888} INFO - Executing <Task(DbtRunLocalOperator): transform_gold.dim_dates.run> on 2026-07-22 03:09:03.603752+00:00
[2026-07-22T03:10:20.728+0000] {standard_task_runner.py:72} INFO - Started process 1563 to run task
[2026-07-22T03:10:20.736+0000] {standard_task_runner.py:104} INFO - Running: ['airflow', 'tasks', 'run', 'dbt_silver_gold_incremental', 'transform_gold.dim_dates.run', 'manual__2026-07-22T03:09:03.603752+00:00', '--job-id', '16', '--raw', '--subdir', 'DAGS_FOLDER/dbt_silver_gold.py', '--cfg-path', '/tmp/tmppe754lfj']
[2026-07-22T03:10:20.742+0000] {standard_task_runner.py:105} INFO - Job 16: Subtask transform_gold.dim_dates.run
[2026-07-22T03:10:20.855+0000] {task_command.py:467} INFO - Running <TaskInstance: dbt_silver_gold_incremental.transform_gold.dim_dates.run manual__2026-07-22T03:09:03.603752+00:00 [running]> on host 55d72f6a8c76
[2026-07-22T03:10:20.989+0000] {taskinstance.py:3131} INFO - Exporting env vars: AIRFLOW_CTX_DAG_OWNER='data_engineer' AIRFLOW_CTX_DAG_ID='dbt_silver_gold_incremental' AIRFLOW_CTX_TASK_ID='transform_gold.dim_dates.run' AIRFLOW_CTX_EXECUTION_DATE='2026-07-22T03:09:03.603752+00:00' AIRFLOW_CTX_TRY_NUMBER='1' AIRFLOW_CTX_DAG_RUN_ID='manual__2026-07-22T03:09:03.603752+00:00'
[2026-07-22T03:10:20.992+0000] {taskinstance.py:731} INFO - ::endgroup::
[2026-07-22T03:10:23.140+0000] {local.py:294} INFO - dbtRunner is available. Using dbtRunner for invoking dbt.
[2026-07-22T03:10:23.143+0000] {local.py:518} INFO - Cloning project to writable temp directory /tmp/tmpvuq6pbpk from /opt/airflow/dbt_transform
[2026-07-22T03:10:23.157+0000] {local.py:538} INFO - Partial parse is enabled and the latest partial parse file is /tmp/cosmos/dbt_silver_gold_incremental__transform_gold/target/partial_parse.msgpack
[2026-07-22T03:10:23.182+0000] {config.py:395} INFO - Using user-supplied profiles.yml at /opt/airflow/dbt_transform/profiles.yml
[2026-07-22T03:10:23.193+0000] {runner.py:95} INFO - Trying to run dbtRunner with:
 ['deps', '--project-dir', '/tmp/tmpvuq6pbpk', '--profiles-dir', '/opt/airflow/dbt_transform', '--profile', 'lakehouse_dbt', '--target', 'dev', '--no-static-parser']
 in /tmp/tmpvuq6pbpk
[2026-07-22T03:10:23.301+0000] {logging_mixin.py:190} INFO - 03:10:23  Running with dbt=1.8.8
[2026-07-22T03:10:23.539+0000] {converter.py:314} INFO - ::group::Cosmos DAG parsing logs
[2026-07-22T03:10:23.544+0000] {graph.py:869} INFO - Trying to parse the dbt project using dbt ls cache cosmos_cache__dbt_silver_gold_incremental__transform_silver...
[2026-07-22T03:10:25.709+0000] {cache.py:383} INFO - Cosmos performance: time to calculate cache identifier cosmos_cache__dbt_silver_gold_incremental__transform_silver for current version: 2.140115168000193
[2026-07-22T03:10:25.711+0000] {graph.py:886} INFO - Cosmos performance [55d72f6a8c76|1563]: The cache size for cosmos_cache__dbt_silver_gold_incremental__transform_silver is 5952
[2026-07-22T03:10:25.713+0000] {graph.py:898} INFO - Cosmos performance: Cache hit for cosmos_cache__dbt_silver_gold_incremental__transform_silver - 05ffbd106a1bc15abcd4c95efc6e13be,5e34606eb5f2b3dea81a8e19fa3ba138
[2026-07-22T03:10:25.714+0000] {graph.py:799} INFO - Total nodes: 7
[2026-07-22T03:10:25.716+0000] {graph.py:800} INFO - Total filtered nodes: 7
[2026-07-22T03:10:25.718+0000] {converter.py:361} INFO - Cosmos performance (dbt_silver_gold_incremental__transform_silver) - [55d72f6a8c76|1563]: It took 2.17s to parse the dbt project for DAG using dbt_ls_cache
[2026-07-22T03:10:25.729+0000] {converter.py:413} INFO - Cosmos performance (dbt_silver_gold_incremental__transform_silver) - [55d72f6a8c76|1563]: It took 0.0114s to build the Airflow DAG.
[2026-07-22T03:10:25.731+0000] {converter.py:420} INFO - ::endgroup::Cosmos DAG parsing logs
[2026-07-22T03:10:25.733+0000] {converter.py:314} INFO - ::group::Cosmos DAG parsing logs
[2026-07-22T03:10:25.738+0000] {graph.py:869} INFO - Trying to parse the dbt project using dbt ls cache cosmos_cache__dbt_silver_gold_incremental__transform_gold...
[2026-07-22T03:10:27.926+0000] {cache.py:383} INFO - Cosmos performance: time to calculate cache identifier cosmos_cache__dbt_silver_gold_incremental__transform_gold for current version: 2.1662403989994345
[2026-07-22T03:10:27.928+0000] {graph.py:886} INFO - Cosmos performance [55d72f6a8c76|1563]: The cache size for cosmos_cache__dbt_silver_gold_incremental__transform_gold is 35822
[2026-07-22T03:10:27.930+0000] {graph.py:898} INFO - Cosmos performance: Cache hit for cosmos_cache__dbt_silver_gold_incremental__transform_gold - 05ffbd106a1bc15abcd4c95efc6e13be,304321e940a9403dceb380589bd0566f
[2026-07-22T03:10:27.931+0000] {graph.py:799} INFO - Total nodes: 39
[2026-07-22T03:10:27.933+0000] {graph.py:800} INFO - Total filtered nodes: 39
[2026-07-22T03:10:27.934+0000] {converter.py:361} INFO - Cosmos performance (dbt_silver_gold_incremental__transform_gold) - [55d72f6a8c76|1563]: It took 2.2s to parse the dbt project for DAG using dbt_ls_cache
[2026-07-22T03:10:27.993+0000] {converter.py:413} INFO - Cosmos performance (dbt_silver_gold_incremental__transform_gold) - [55d72f6a8c76|1563]: It took 0.0585s to build the Airflow DAG.
[2026-07-22T03:10:27.994+0000] {converter.py:420} INFO - ::endgroup::Cosmos DAG parsing logs
[2026-07-22T03:10:27.996+0000] {converter.py:314} INFO - ::group::Cosmos DAG parsing logs
[2026-07-22T03:10:28.003+0000] {graph.py:869} INFO - Trying to parse the dbt project using dbt ls cache cosmos_cache__dbt_silver_gold_full_load__transform_silver...
[2026-07-22T03:10:29.968+0000] {cache.py:383} INFO - Cosmos performance: time to calculate cache identifier cosmos_cache__dbt_silver_gold_full_load__transform_silver for current version: 1.9500467190000563
[2026-07-22T03:10:29.970+0000] {graph.py:886} INFO - Cosmos performance [55d72f6a8c76|1563]: The cache size for cosmos_cache__dbt_silver_gold_full_load__transform_silver is 5952
[2026-07-22T03:10:29.971+0000] {graph.py:898} INFO - Cosmos performance: Cache hit for cosmos_cache__dbt_silver_gold_full_load__transform_silver - 05ffbd106a1bc15abcd4c95efc6e13be,5e34606eb5f2b3dea81a8e19fa3ba138
[2026-07-22T03:10:29.973+0000] {graph.py:799} INFO - Total nodes: 7
[2026-07-22T03:10:29.974+0000] {graph.py:800} INFO - Total filtered nodes: 7
[2026-07-22T03:10:29.976+0000] {converter.py:361} INFO - Cosmos performance (dbt_silver_gold_full_load__transform_silver) - [55d72f6a8c76|1563]: It took 1.97s to parse the dbt project for DAG using dbt_ls_cache
[2026-07-22T03:10:29.988+0000] {converter.py:413} INFO - Cosmos performance (dbt_silver_gold_full_load__transform_silver) - [55d72f6a8c76|1563]: It took 0.0121s to build the Airflow DAG.
[2026-07-22T03:10:29.989+0000] {converter.py:420} INFO - ::endgroup::Cosmos DAG parsing logs
[2026-07-22T03:10:29.991+0000] {converter.py:314} INFO - ::group::Cosmos DAG parsing logs
[2026-07-22T03:10:29.995+0000] {graph.py:869} INFO - Trying to parse the dbt project using dbt ls cache cosmos_cache__dbt_silver_gold_full_load__transform_gold...
[2026-07-22T03:10:31.837+0000] {cache.py:383} INFO - Cosmos performance: time to calculate cache identifier cosmos_cache__dbt_silver_gold_full_load__transform_gold for current version: 1.827177930000289
[2026-07-22T03:10:31.838+0000] {graph.py:886} INFO - Cosmos performance [55d72f6a8c76|1563]: The cache size for cosmos_cache__dbt_silver_gold_full_load__transform_gold is 35822
[2026-07-22T03:10:31.841+0000] {graph.py:898} INFO - Cosmos performance: Cache hit for cosmos_cache__dbt_silver_gold_full_load__transform_gold - 05ffbd106a1bc15abcd4c95efc6e13be,304321e940a9403dceb380589bd0566f
[2026-07-22T03:10:31.842+0000] {graph.py:799} INFO - Total nodes: 39
[2026-07-22T03:10:31.843+0000] {graph.py:800} INFO - Total filtered nodes: 39
[2026-07-22T03:10:31.844+0000] {converter.py:361} INFO - Cosmos performance (dbt_silver_gold_full_load__transform_gold) - [55d72f6a8c76|1563]: It took 1.85s to parse the dbt project for DAG using dbt_ls_cache
[2026-07-22T03:10:31.878+0000] {converter.py:413} INFO - Cosmos performance (dbt_silver_gold_full_load__transform_gold) - [55d72f6a8c76|1563]: It took 0.0343s to build the Airflow DAG.
[2026-07-22T03:10:31.881+0000] {converter.py:420} INFO - ::endgroup::Cosmos DAG parsing logs
[2026-07-22T03:10:32.524+0000] {logging_mixin.py:190} INFO - 03:10:32  Installing dbt-labs/dbt_utils
[2026-07-22T03:10:33.116+0000] {logging_mixin.py:190} INFO - 03:10:33  Installed from version 1.3.0
[2026-07-22T03:10:33.119+0000] {logging_mixin.py:190} INFO - 03:10:33  Updated version available: 1.4.1
[2026-07-22T03:10:33.122+0000] {logging_mixin.py:190} INFO - 03:10:33  Installing metaplane/dbt_expectations
[2026-07-22T03:10:34.101+0000] {logging_mixin.py:190} INFO - 03:10:34  Installed from version 0.10.8
[2026-07-22T03:10:34.103+0000] {logging_mixin.py:190} INFO - 03:10:34  Updated version available: 0.10.10
[2026-07-22T03:10:34.105+0000] {logging_mixin.py:190} INFO - 03:10:34  Installing godatadriven/dbt_date
[2026-07-22T03:10:34.664+0000] {logging_mixin.py:190} INFO - 03:10:34  Installed from version 0.15.0
[2026-07-22T03:10:34.667+0000] {logging_mixin.py:190} INFO - 03:10:34  Up to date!
[2026-07-22T03:10:34.671+0000] {logging_mixin.py:190} INFO - 03:10:34
[2026-07-22T03:10:34.673+0000] {logging_mixin.py:190} INFO - 03:10:34  Updates available for packages: ['dbt-labs/dbt_utils', 'metaplane/dbt_expectations']                 
Update your versions in packages.yml, then run dbt deps
[2026-07-22T03:10:35.931+0000] {runner.py:95} INFO - Trying to run dbtRunner with:
 ['run', '--select', 'fqn:consumer_complaints_transformation.marts.dim_dates', '--project-dir', '/tmp/tmpvuq6pbpk', '--profiles-dir', '/opt/airflow/dbt_transform', '--profile', 'lakehouse_dbt', '--target', 'dev', '--no-static-parser']
 in /tmp/tmpvuq6pbpk
[2026-07-22T03:10:35.974+0000] {logging_mixin.py:190} INFO - 03:10:35  Running with dbt=1.8.8
[2026-07-22T03:10:36.016+0000] {auth.py:343} INFO - keyring module not found. OAuth2 token will not be stored in keyring.
[2026-07-22T03:10:36.021+0000] {auth.py:343} INFO - keyring module not found. OAuth2 token will not be stored in keyring.
[2026-07-22T03:10:36.162+0000] {logging_mixin.py:190} INFO - 03:10:36  Registered adapter: trino=1.8.5
[2026-07-22T03:10:36.710+0000] {logging_mixin.py:190} INFO - 03:10:36  Unable to do partial parsing because config vars, config profile, or config target have changed
[2026-07-22T03:10:39.061+0000] {logging_mixin.py:190} INFO - 03:10:39  [WARNING]: Deprecated functionality
The `tests` config has been renamed to `data_tests`. Please see
https://docs.getdbt.com/docs/build/data-tests#new-data_tests-syntax for more
information.
[2026-07-22T03:10:40.329+0000] {logging_mixin.py:190} INFO - 03:10:40  Found 8 models, 40 data tests, 1 source, 9 metrics, 839 macros, 5 semantic models
[2026-07-22T03:10:40.335+0000] {logging_mixin.py:190} INFO - 03:10:40
[2026-07-22T03:10:40.379+0000] {logging_mixin.py:190} INFO - 03:10:40  [WARNING]: SSL certificate validation is disabled by default. It is legacy behavior which will be changed in future releases. It is strongly advised to enable `require_certificate_validation` flag or explicitly set `cert` configuration to `True` for security reasons. You may receive an error after that if your SSL setup is incorrect.
You may opt into the new behavior sooner by setting `flags.require_certificate_validation` to `True` in `dbt_project.yml`.
Visit https://docs.getdbt.com/reference/global-configs/behavior-changes for more information.
[2026-07-22T03:10:41.310+0000] {logging_mixin.py:190} INFO - 03:10:41  Concurrency: 1 threads (target='dev')
[2026-07-22T03:10:41.314+0000] {logging_mixin.py:190} INFO - 03:10:41
[2026-07-22T03:10:41.331+0000] {logging_mixin.py:190} INFO - 03:10:41  1 of 1 START sql table model gold.dim_dates .................................... [RUN]
[2026-07-22T03:10:43.147+0000] {logging_mixin.py:190} INFO - 03:10:43  1 of 1 OK created sql table model gold.dim_dates ............................... [CREATE TABLE (5 rows) in 1.81s]
[2026-07-22T03:10:43.154+0000] {logging_mixin.py:190} INFO - 03:10:43
[2026-07-22T03:10:43.157+0000] {logging_mixin.py:190} INFO - 03:10:43  Finished running 1 table model in 0 hours 0 minutes and 2.82 seconds (2.82s).
[2026-07-22T03:10:43.231+0000] {logging_mixin.py:190} INFO - 03:10:43
[2026-07-22T03:10:43.233+0000] {logging_mixin.py:190} INFO - 03:10:43  Completed successfully
[2026-07-22T03:10:43.236+0000] {logging_mixin.py:190} INFO - 03:10:43
[2026-07-22T03:10:43.239+0000] {logging_mixin.py:190} INFO - 03:10:43  Done. PASS=1 WARN=0 ERROR=0 SKIP=0 TOTAL=1
[2026-07-22T03:10:44.608+0000] {local.py:196} WARNING - Artifact schema version: https://schemas.getdbt.com/dbt/manifest/v12.json is above dbt-ol supported version 7. This might cause errors.
[2026-07-22T03:10:44.621+0000] {local.py:594} INFO - Inlets: []
[2026-07-22T03:10:44.624+0000] {local.py:595} INFO - Outlets: []
[2026-07-22T03:10:44.633+0000] {local.py:886} INFO - Assigning inlets/outlets with DatasetAlias in Airflow 2
[2026-07-22T03:10:44.803+0000] {taskinstance.py:340} INFO - ::group::Post task execution logs
[2026-07-22T03:10:44.816+0000] {taskinstance.py:352} INFO - Marking task as SUCCESS. dag_id=dbt_silver_gold_incremental, task_id=transform_gold.dim_dates.run, run_id=manual__2026-07-22T03:09:03.603752+00:00, execution_date=20260722T030903, start_date=20260722T031020, end_date=20260722T031044
[2026-07-22T03:10:45.698+0000] {_client.py:1026} INFO - HTTP Request: GET https://astronomer.gateway.scarf.sh/astronomer-cosmos/v3/task_instance?cosmos_version=1.15.0&airflow_version=2.10.2&python_version=3.10.15&platform_system=Linux&platform_machine=x86_64&status=success&operator_name=DbtRunLocalOperator&is_cosmos_operator_subclass=False&invocation_mode=dbt_runner&execution_mode=local&profile_strategy=yaml_file&profile_mapping_class=None&database=trino&is_mapped_task=False&dbt_command=run&install_deps=True&has_callback=False&duration=24.126856 "HTTP/1.1 200 OK"
[2026-07-22T03:10:45.774+0000] {local_task_job_runner.py:266} INFO - Task exited with return code 0
[2026-07-22T03:10:45.835+0000] {taskinstance.py:3900} INFO - 0 downstream tasks scheduled from follow-on schedule check
[2026-07-22T03:10:45.844+0000] {local_task_job_runner.py:245} INFO - ::endgroup::
