[2026-07-23T04:13:22.216+0000] {local_task_job_runner.py:123} INFO - ::group::Pre task execution logs
[2026-07-23T04:13:22.233+0000] {taskinstance.py:2612} INFO - Dependencies all met for dep_context=non-requeueable deps ti=<TaskInstance: dbt_docs_generate_and_publish.upload_docs_to_minio scheduled__2026-07-22T02:00:00+00:00 [queued]>
[2026-07-23T04:13:22.243+0000] {taskinstance.py:2612} INFO - Dependencies all met for dep_context=requeueable deps ti=<TaskInstance: dbt_docs_generate_and_publish.upload_docs_to_minio scheduled__2026-07-22T02:00:00+00:00 [queued]>
[2026-07-23T04:13:22.245+0000] {taskinstance.py:2865} INFO - Starting attempt 1 of 3
[2026-07-23T04:13:22.257+0000] {taskinstance.py:2888} INFO - Executing <Task(_PythonDecoratedOperator): upload_docs_to_minio> on 2026-07-22 02:00:00+00:00
[2026-07-23T04:13:22.262+0000] {standard_task_runner.py:72} INFO - Started process 421 to run task
[2026-07-23T04:13:22.265+0000] {standard_task_runner.py:104} INFO - Running: ['airflow', 'tasks', 'run', 'dbt_docs_generate_and_publish', 'upload_docs_to_minio', 'scheduled__2026-07-22T02:00:00+00:00', '--job-id', '34', '--raw', '--subdir', 'DAGS_FOLDER/dbt_docs_pipeline.py', '--cfg-path', '/tmp/tmpxhw6weuc']
[2026-07-23T04:13:22.268+0000] {standard_task_runner.py:105} INFO - Job 34: Subtask upload_docs_to_minio
[2026-07-23T04:13:22.344+0000] {task_command.py:467} INFO - Running <TaskInstance: dbt_docs_generate_and_publish.upload_docs_to_minio scheduled__2026-07-22T02:00:00+00:00 [running]> on host 22c6c0e714b5
[2026-07-23T04:13:22.419+0000] {taskinstance.py:3131} INFO - Exporting env vars: AIRFLOW_CTX_DAG_OWNER='data_engineer' AIRFLOW_CTX_DAG_ID='dbt_docs_generate_and_publish' AIRFLOW_CTX_TASK_ID='upload_docs_to_minio' AIRFLOW_CTX_EXECUTION_DATE='2026-07-22T02:00:00+00:00' AIRFLOW_CTX_TRY_NUMBER='1' AIRFLOW_CTX_DAG_RUN_ID='scheduled__2026-07-22T02:00:00+00:00'
[2026-07-23T04:13:22.421+0000] {taskinstance.py:731} INFO - ::endgroup::
[2026-07-23T04:13:22.425+0000] {dbt_docs_pipeline.py:72} INFO - Đang tiến hành upload file index.html lên bucket dbt-docs...
[2026-07-23T04:13:22.427+0000] {crypto.py:82} WARNING - empty cryptography key - values will not be stored encrypted.
[2026-07-23T04:13:22.429+0000] {base.py:84} INFO - Retrieving connection 'minio_default'
[2026-07-23T04:13:22.430+0000] {connection_wrapper.py:388} INFO - AWS Connection (conn_id='minio_default', conn_type='aws') credentials retrieved from login and ***.
[2026-07-23T04:13:22.788+0000] {dbt_docs_pipeline.py:79} INFO - ✅ Upload thành công: index.html
[2026-07-23T04:13:22.791+0000] {dbt_docs_pipeline.py:72} INFO - Đang tiến hành upload file manifest.json lên bucket dbt-docs...
[2026-07-23T04:13:22.837+0000] {dbt_docs_pipeline.py:79} INFO - ✅ Upload thành công: manifest.json
[2026-07-23T04:13:22.839+0000] {dbt_docs_pipeline.py:72} INFO - Đang tiến hành upload file catalog.json lên bucket dbt-docs...
[2026-07-23T04:13:22.853+0000] {dbt_docs_pipeline.py:79} INFO - ✅ Upload thành công: catalog.json
[2026-07-23T04:13:22.854+0000] {dbt_docs_pipeline.py:87} INFO - 🎉 Toàn bộ tài liệu dbt đã được publish lên MinIO thành công!
[2026-07-23T04:13:22.855+0000] {python.py:240} INFO - Done. Returned value was: None
[2026-07-23T04:13:22.866+0000] {taskinstance.py:340} INFO - ::group::Post task execution logs
[2026-07-23T04:13:22.867+0000] {taskinstance.py:352} INFO - Marking task as SUCCESS. dag_id=dbt_docs_generate_and_publish, task_id=upload_docs_to_minio, run_id=scheduled__2026-07-22T02:00:00+00:00, execution_date=20260722T020000, start_date=20260723T041322, end_date=20260723T041322
[2026-07-23T04:13:22.921+0000] {local_task_job_runner.py:266} INFO - Task exited with return code 0
[2026-07-23T04:13:22.939+0000] {taskinstance.py:3900} INFO - 0 downstream tasks scheduled from follow-on schedule check
[2026-07-23T04:13:22.942+0000] {local_task_job_runner.py:245} INFO - ::endgroup::
