[2026-08-13T04:12:39.669+0000] {local_task_job_runner.py:123} INFO - ::group::Pre task execution logs
[2026-08-13T04:12:39.697+0000] {taskinstance.py:2612} INFO - Dependencies all met for dep_context=non-requeueable deps ti=<TaskInstance: setup_lakehouse_infrastructure_v3.deploy_schemas_and_tables manual__2026-08-13T04:12:37.893396+00:00 [queued]>
[2026-08-13T04:12:39.717+0000] {taskinstance.py:2612} INFO - Dependencies all met for dep_context=requeueable deps ti=<TaskInstance: setup_lakehouse_infrastructure_v3.deploy_schemas_and_tables manual__2026-08-13T04:12:37.893396+00:00 [queued]>
[2026-08-13T04:12:39.720+0000] {taskinstance.py:2865} INFO - Starting attempt 1 of 1
[2026-08-13T04:12:39.747+0000] {taskinstance.py:2888} INFO - Executing <Task(_PythonDecoratedOperator): deploy_schemas_and_tables> on 2026-08-13 04:12:37.893396+00:00
[2026-08-13T04:12:39.754+0000] {standard_task_runner.py:72} INFO - Started process 782 to run task
[2026-08-13T04:12:39.758+0000] {standard_task_runner.py:104} INFO - Running: ['airflow', 'tasks', 'run', 'setup_lakehouse_infrastructure_v3', 'deploy_schemas_and_tables', 'manual__2026-08-13T04:12:37.893396+00:00', '--job-id', '99', '--raw', '--subdir', 'DAGS_FOLDER/setup_lakehouse_infrastructure_v3.py', '--cfg-path', '/tmp/tmpd62jls5v']
[2026-08-13T04:12:39.767+0000] {standard_task_runner.py:105} INFO - Job 99: Subtask deploy_schemas_and_tables
[2026-08-13T04:12:39.844+0000] {task_command.py:467} INFO - Running <TaskInstance: setup_lakehouse_infrastructure_v3.deploy_schemas_and_tables manual__2026-08-13T04:12:37.893396+00:00 [running]> on host 7414d2c946fa
[2026-08-13T04:12:39.931+0000] {taskinstance.py:3131} INFO - Exporting env vars: AIRFLOW_CTX_DAG_OWNER='airflow' AIRFLOW_CTX_DAG_ID='setup_lakehouse_infrastructure_v3' AIRFLOW_CTX_TASK_ID='deploy_schemas_and_tables' AIRFLOW_CTX_EXECUTION_DATE='2026-08-13T04:12:37.893396+00:00' AIRFLOW_CTX_TRY_NUMBER='1' AIRFLOW_CTX_DAG_RUN_ID='manual__2026-08-13T04:12:37.893396+00:00'
[2026-08-13T04:12:39.937+0000] {taskinstance.py:731} INFO - ::endgroup::
[2026-08-13T04:12:39.946+0000] {setup_lakehouse_infrastructure_v3.py:46} INFO - ⏭️ BỎ QUA TẦNG LANDING: Không cần tạo bảng Trino cho file raw JSON.
[2026-08-13T04:12:39.947+0000] {setup_lakehouse_infrastructure_v3.py:52} INFO - === ĐANG DEPLOY TẦNG: BRONZE_LAYER ===
[2026-08-13T04:12:39.949+0000] {base.py:84} INFO - Retrieving connection 'trino_default'
[2026-08-13T04:12:39.950+0000] {base.py:84} INFO - Retrieving connection 'trino_default'
[2026-08-13T04:12:39.957+0000] {sql.py:509} INFO - Running statement: CREATE SCHEMA IF NOT EXISTS lakehouse.bronze, parameters: None
[2026-08-13T04:12:40.321+0000] {base.py:84} INFO - Retrieving connection 'trino_default'
[2026-08-13T04:12:40.323+0000] {base.py:84} INFO - Retrieving connection 'trino_default'
[2026-08-13T04:12:40.326+0000] {sql.py:509} INFO - Running statement: 
                CREATE TABLE IF NOT EXISTS lakehouse.bronze.raw_consumer_complaints (
                    complaint_id BIGINT,
    date_received TIMESTAMP(6) WITH TIME ZONE,
    date_sent_to_company TIMESTAMP(6) WITH TIME ZONE,
    product VARCHAR,
    sub_product VARCHAR,
    issue VARCHAR,
    sub_issue VARCHAR,
    company VARCHAR,
    state VARCHAR,
    zip_code VARCHAR,
    tags VARCHAR,
    submitted_via VARCHAR,
    company_response VARCHAR,
    timely VARCHAR,
    has_narrative VARCHAR,
    complaint_what_happened VARCHAR,
    company_public_response VARCHAR,
    _rescued_data VARCHAR,
    _ingest_time TIMESTAMP(6) WITH TIME ZONE,
    _run_id VARCHAR,
    _source_system VARCHAR
                )
                
WITH (
    format = 'PARQUET',
    partitioning = ARRAY['day(_ingest_time)']
), parameters: None
[2026-08-13T04:12:42.921+0000] {setup_lakehouse_infrastructure_v3.py:88} INFO - Đang kiểm tra Schema Drift cho bảng lakehouse.bronze.raw_consumer_complaints...
[2026-08-13T04:12:42.924+0000] {base.py:84} INFO - Retrieving connection 'trino_default'
[2026-08-13T04:12:42.926+0000] {base.py:84} INFO - Retrieving connection 'trino_default'
[2026-08-13T04:12:42.929+0000] {sql.py:509} INFO - Running statement: SELECT column_name 
                    FROM lakehouse.information_schema.columns 
                    WHERE table_schema = 'bronze' AND table_name = 'raw_consumer_complaints', parameters: None
[2026-08-13T04:12:43.709+0000] {setup_lakehouse_infrastructure_v3.py:52} INFO - === ĐANG DEPLOY TẦNG: SILVER_LAYER ===
[2026-08-13T04:12:43.711+0000] {base.py:84} INFO - Retrieving connection 'trino_default'
[2026-08-13T04:12:43.713+0000] {base.py:84} INFO - Retrieving connection 'trino_default'
[2026-08-13T04:12:43.715+0000] {sql.py:509} INFO - Running statement: CREATE SCHEMA IF NOT EXISTS lakehouse.silver, parameters: None
[2026-08-13T04:12:43.740+0000] {setup_lakehouse_infrastructure_v3.py:52} INFO - === ĐANG DEPLOY TẦNG: GOLD_LAYER ===
[2026-08-13T04:12:43.743+0000] {base.py:84} INFO - Retrieving connection 'trino_default'
[2026-08-13T04:12:43.745+0000] {base.py:84} INFO - Retrieving connection 'trino_default'
[2026-08-13T04:12:43.747+0000] {sql.py:509} INFO - Running statement: CREATE SCHEMA IF NOT EXISTS lakehouse.gold, parameters: None
[2026-08-13T04:12:43.774+0000] {python.py:240} INFO - Done. Returned value was: None
[2026-08-13T04:12:43.903+0000] {taskinstance.py:340} INFO - ::group::Post task execution logs
[2026-08-13T04:12:43.904+0000] {taskinstance.py:352} INFO - Marking task as SUCCESS. dag_id=setup_lakehouse_infrastructure_v3, task_id=deploy_schemas_and_tables, run_id=manual__2026-08-13T04:12:37.893396+00:00, execution_date=20260813T041237, start_date=20260813T041239, end_date=20260813T041243
[2026-08-13T04:12:43.952+0000] {local_task_job_runner.py:266} INFO - Task exited with return code 0
[2026-08-13T04:12:43.971+0000] {taskinstance.py:3900} INFO - 0 downstream tasks scheduled from follow-on schedule check
[2026-08-13T04:12:43.975+0000] {local_task_job_runner.py:245} INFO - ::endgroup::
