[2026-07-01T00:34:01.907+0000] {taskinstance.py:1979} INFO - Dependencies all met for dep_context=non-requeueable deps ti=<TaskInstance: dbt_silver_transform.dim_issues.run scheduled__2026-06-30T00:00:00+00:00 [queued]>
[2026-07-01T00:34:01.919+0000] {taskinstance.py:1979} INFO - Dependencies all met for dep_context=requeueable deps ti=<TaskInstance: dbt_silver_transform.dim_issues.run scheduled__2026-06-30T00:00:00+00:00 [queued]>
[2026-07-01T00:34:01.919+0000] {taskinstance.py:2193} INFO - Starting attempt 1 of 1
[2026-07-01T00:34:01.947+0000] {taskinstance.py:2214} INFO - Executing <Task(DbtRunLocalOperator): dim_issues.run> on 2026-06-30 00:00:00+00:00
[2026-07-01T00:34:01.953+0000] {standard_task_runner.py:60} INFO - Started process 692 to run task
[2026-07-01T00:34:01.957+0000] {standard_task_runner.py:87} INFO - Running: ['airflow', 'tasks', 'run', 'dbt_silver_transform', 'dim_issues.run', 'scheduled__2026-06-30T00:00:00+00:00', '--job-id', '20', '--raw', '--subdir', 'DAGS_FOLDER/dbt_silver_dag.py', '--cfg-path', '/tmp/tmp369x1iri']
[2026-07-01T00:34:01.960+0000] {standard_task_runner.py:88} INFO - Job 20: Subtask dim_issues.run
[2026-07-01T00:34:02.073+0000] {task_command.py:423} INFO - Running <TaskInstance: dbt_silver_transform.dim_issues.run scheduled__2026-06-30T00:00:00+00:00 [running]> on host d9a47ef9fc12
[2026-07-01T00:34:02.686+0000] {taskinstance.py:2510} INFO - Exporting env vars: AIRFLOW_CTX_DAG_OWNER='airflow' AIRFLOW_CTX_DAG_ID='dbt_silver_transform' AIRFLOW_CTX_TASK_ID='dim_issues.run' AIRFLOW_CTX_EXECUTION_DATE='2026-06-30T00:00:00+00:00' AIRFLOW_CTX_TRY_NUMBER='1' AIRFLOW_CTX_DAG_RUN_ID='scheduled__2026-06-30T00:00:00+00:00'
[2026-07-01T00:34:04.134+0000] {local.py:244} INFO - dbtRunner is available. Using dbtRunner for invoking dbt.
[2026-07-01T00:34:04.136+0000] {local.py:464} INFO - Cloning project to writable temp directory /tmp/tmpol1itcwm from /opt/airflow/dbt_transform
[2026-07-01T00:34:04.146+0000] {local.py:484} INFO - Partial parse is enabled and the latest partial parse file is /tmp/cosmos/dbt_silver_transform/target/partial_parse.msgpack
[2026-07-01T00:34:04.179+0000] {config.py:360} INFO - Using user-supplied profiles.yml at /opt/airflow/dbt_transform/profiles.yml
[2026-07-01T00:34:04.191+0000] {runner.py:60} INFO - Trying to run dbtRunner with:
 ['deps', '--project-dir', '/tmp/tmpol1itcwm', '--profiles-dir', '/opt/airflow/dbt_transform', '--profile', 'lakehouse_dbt', '--target', 'dev', '--no-static-parser']
 in /tmp/tmpol1itcwm
[2026-07-01T00:34:04.302+0000] {logging_mixin.py:188} INFO - 00:34:04  Running with dbt=1.8.7
[2026-07-01T00:34:04.475+0000] {graph.py:611} INFO - Trying to parse the dbt project using dbt ls cache cosmos_cache__dbt_silver_transform...
[2026-07-01T00:34:06.380+0000] {cache.py:320} INFO - Cosmos performance: time to calculate cache identifier cosmos_cache__dbt_silver_transform for current version: 1.8940665070000477
[2026-07-01T00:34:06.381+0000] {graph.py:628} INFO - Cosmos performance [d9a47ef9fc12|692]: The cache size for cosmos_cache__dbt_silver_transform is 28858
[2026-07-01T00:34:06.382+0000] {graph.py:636} INFO - Cosmos performance: Cache hit for cosmos_cache__dbt_silver_transform - 49ccca7a68abd93bef1222a126ec7d4b,d41d8cd98f00b204e9800998ecf8427e
[2026-07-01T00:34:06.383+0000] {graph.py:561} INFO - Total nodes: 34
[2026-07-01T00:34:06.383+0000] {graph.py:562} INFO - Total filtered nodes: 34
[2026-07-01T00:34:06.384+0000] {converter.py:291} INFO - Cosmos performance (dbt_silver_transform) -  [d9a47ef9fc12|692]: It took 1.91s to parse the dbt project for DAG using LoadMode.DBT_LS_CACHE
[2026-07-01T00:34:06.429+0000] {converter.py:336} INFO - Cosmos performance (dbt_silver_transform) - [d9a47ef9fc12|692]: It took 0.0452s to build the Airflow DAG.
[2026-07-01T00:34:07.044+0000] {logging_mixin.py:188} INFO - 00:34:07  Installing dbt-labs/dbt_utils
[2026-07-01T00:34:07.646+0000] {logging_mixin.py:188} INFO - 00:34:07  Installed from version 1.3.0
[2026-07-01T00:34:07.648+0000] {logging_mixin.py:188} INFO - 00:34:07  Updated version available: 1.4.1
[2026-07-01T00:34:07.650+0000] {logging_mixin.py:188} INFO - 00:34:07  Installing metaplane/dbt_expectations
[2026-07-01T00:34:08.726+0000] {logging_mixin.py:188} INFO - 00:34:08  Installed from version 0.10.8
[2026-07-01T00:34:08.727+0000] {logging_mixin.py:188} INFO - 00:34:08  Updated version available: 0.10.10
[2026-07-01T00:34:08.729+0000] {logging_mixin.py:188} INFO - 00:34:08  Installing godatadriven/dbt_date
[2026-07-01T00:34:09.244+0000] {logging_mixin.py:188} INFO - 00:34:09  Installed from version 0.15.0
[2026-07-01T00:34:09.245+0000] {logging_mixin.py:188} INFO - 00:34:09  Up to date!
[2026-07-01T00:34:09.246+0000] {logging_mixin.py:188} INFO - 00:34:09
[2026-07-01T00:34:09.247+0000] {logging_mixin.py:188} INFO - 00:34:09  Updates available for packages: ['dbt-labs/dbt_utils', 'metaplane/dbt_expectations']                 
Update your versions in packages.yml, then run dbt deps
[2026-07-01T00:34:10.296+0000] {runner.py:60} INFO - Trying to run dbtRunner with:
 ['run', '--models', 'dim_issues', '--project-dir', '/tmp/tmpol1itcwm', '--profiles-dir', '/opt/airflow/dbt_transform', '--profile', 'lakehouse_dbt', '--target', 'dev', '--no-static-parser']
 in /tmp/tmpol1itcwm
[2026-07-01T00:34:10.325+0000] {logging_mixin.py:188} INFO - 00:34:10  Running with dbt=1.8.7
[2026-07-01T00:34:10.365+0000] {auth.py:343} INFO - keyring module not found. OAuth2 token will not be stored in keyring.
[2026-07-01T00:34:10.368+0000] {auth.py:343} INFO - keyring module not found. OAuth2 token will not be stored in keyring.
[2026-07-01T00:34:10.494+0000] {logging_mixin.py:188} INFO - 00:34:10  Registered adapter: trino=1.8.5
[2026-07-01T00:34:11.651+0000] {logging_mixin.py:188} INFO - 00:34:11  Found 7 models, 26 data tests, 1 source, 838 macros
[2026-07-01T00:34:11.654+0000] {logging_mixin.py:188} INFO - 00:34:11
[2026-07-01T00:34:11.725+0000] {logging_mixin.py:188} INFO - 00:34:11  [WARNING]: SSL certificate validation is disabled by default. It is legacy behavior which will be changed in future releases. It is strongly advised to enable `require_certificate_validation` flag or explicitly set `cert` configuration to `True` for security reasons. You may receive an error after that if your SSL setup is incorrect.
You may opt into the new behavior sooner by setting `flags.require_certificate_validation` to `True` in `dbt_project.yml`.
Visit https://docs.getdbt.com/reference/global-configs/behavior-changes for more information.
[2026-07-01T00:34:12.738+0000] {logging_mixin.py:188} INFO - 00:34:12
[2026-07-01T00:34:12.741+0000] {logging_mixin.py:188} INFO - 00:34:12  Finished running  in 0 hours 0 minutes and 1.08 seconds (1.08s).
[2026-07-01T00:34:12.746+0000] {logging_mixin.py:188} INFO - 00:34:12  Encountered an error:
Database Error
  TrinoQueryError(type=INTERNAL_ERROR, name=GENERIC_INTERNAL_ERROR, message="Namespace already exists: gold", query_id=20260701_003412_00020_dmb6n)
[2026-07-01T00:34:13.949+0000] {local.py:138} WARNING - Artifact schema version: https://schemas.getdbt.com/dbt/manifest/v12.json is above dbt-ol supported version 7. This might cause errors.
[2026-07-01T00:34:13.952+0000] {local.py:538} INFO - Inlets: []
[2026-07-01T00:34:13.953+0000] {local.py:539} INFO - Outlets: []
[2026-07-01T00:34:13.954+0000] {local.py:761} INFO - Assigning inlets/outlets without DatasetAlias
[2026-07-01T00:34:13.957+0000] {dag.py:3047} INFO - Sync 1 DAGs
[2026-07-01T00:34:14.042+0000] {dag.py:3834} INFO - Setting next_dagrun for dbt_silver_transform to 2026-07-01 00:00:00+00:00, run_after=2026-07-02 00:00:00+00:00
[2026-07-01T00:34:14.100+0000] {taskinstance.py:2728} ERROR - Task failed with exception
Traceback (most recent call last):
  File "/home/airflow/.local/lib/python3.8/site-packages/airflow/models/taskinstance.py", line 444, in _execute_task
    result = _execute_callable(context=context, **execute_callable_kwargs)
  File "/home/airflow/.local/lib/python3.8/site-packages/airflow/models/taskinstance.py", line 414, in _execute_callable
    return execute_callable(context=context, **execute_callable_kwargs)
  File "/home/airflow/.local/lib/python3.8/site-packages/cosmos/operators/base.py", line 310, in execute
    self.build_and_run_cmd(context=context, cmd_flags=self.add_cmd_flags())
  File "/home/airflow/.local/lib/python3.8/site-packages/cosmos/operators/local.py", line 842, in build_and_run_cmd
    result = self.run_command(
  File "/home/airflow/.local/lib/python3.8/site-packages/cosmos/operators/local.py", line 639, in run_command
    self.handle_exception(result)
  File "/home/airflow/.local/lib/python3.8/site-packages/cosmos/operators/local.py", line 258, in handle_exception_dbt_runner
    return dbt_runner.handle_exception_if_needed(result)
  File "/home/airflow/.local/lib/python3.8/site-packages/cosmos/dbt/runner.py", line 109, in handle_exception_if_needed
    raise CosmosDbtRunError(f"dbt invocation did not complete with unhandled error: {result.exception}")
cosmos.exceptions.CosmosDbtRunError: dbt invocation did not complete with unhandled error: Database Error
  TrinoQueryError(type=INTERNAL_ERROR, name=GENERIC_INTERNAL_ERROR, message="Namespace already exists: gold", query_id=20260701_003412_00020_dmb6n)
[2026-07-01T00:34:14.112+0000] {taskinstance.py:1149} INFO - Marking task as FAILED. dag_id=dbt_silver_transform, task_id=dim_issues.run, execution_date=20260630T000000, start_date=20260701T003401, end_date=20260701T003414
[2026-07-01T00:34:14.132+0000] {standard_task_runner.py:107} ERROR - Failed to execute job 20 for task dim_issues.run (dbt invocation did not complete with unhandled error: Database Error
  TrinoQueryError(type=INTERNAL_ERROR, name=GENERIC_INTERNAL_ERROR, message="Namespace already exists: gold", query_id=20260701_003412_00020_dmb6n); 692)
[2026-07-01T00:34:14.193+0000] {local_task_job_runner.py:234} INFO - Task exited with return code 1
[2026-07-01T00:34:14.269+0000] {taskinstance.py:3309} INFO - 0 downstream tasks scheduled from follow-on schedule check
[2026-07-01T03:08:24.347+0000] {taskinstance.py:1979} INFO - Dependencies all met for dep_context=non-requeueable deps ti=<TaskInstance: dbt_silver_transform.dim_issues.run scheduled__2026-06-30T00:00:00+00:00 [queued]>
[2026-07-01T03:08:24.360+0000] {taskinstance.py:1979} INFO - Dependencies all met for dep_context=requeueable deps ti=<TaskInstance: dbt_silver_transform.dim_issues.run scheduled__2026-06-30T00:00:00+00:00 [queued]>
[2026-07-01T03:08:24.360+0000] {taskinstance.py:2193} INFO - Starting attempt 1 of 1
[2026-07-01T03:08:24.409+0000] {taskinstance.py:2214} INFO - Executing <Task(DbtRunLocalOperator): dim_issues.run> on 2026-06-30 00:00:00+00:00
[2026-07-01T03:08:24.419+0000] {standard_task_runner.py:60} INFO - Started process 1100 to run task
[2026-07-01T03:08:24.425+0000] {standard_task_runner.py:87} INFO - Running: ['airflow', 'tasks', 'run', 'dbt_silver_transform', 'dim_issues.run', 'scheduled__2026-06-30T00:00:00+00:00', '--job-id', '27', '--raw', '--subdir', 'DAGS_FOLDER/dbt_silver_dag.py', '--cfg-path', '/tmp/tmpzgxky64q']
[2026-07-01T03:08:24.433+0000] {standard_task_runner.py:88} INFO - Job 27: Subtask dim_issues.run
[2026-07-01T03:08:24.562+0000] {task_command.py:423} INFO - Running <TaskInstance: dbt_silver_transform.dim_issues.run scheduled__2026-06-30T00:00:00+00:00 [running]> on host d0f85a50725b
[2026-07-01T03:08:25.280+0000] {taskinstance.py:2510} INFO - Exporting env vars: AIRFLOW_CTX_DAG_OWNER='airflow' AIRFLOW_CTX_DAG_ID='dbt_silver_transform' AIRFLOW_CTX_TASK_ID='dim_issues.run' AIRFLOW_CTX_EXECUTION_DATE='2026-06-30T00:00:00+00:00' AIRFLOW_CTX_TRY_NUMBER='1' AIRFLOW_CTX_DAG_RUN_ID='scheduled__2026-06-30T00:00:00+00:00'
[2026-07-01T03:08:26.683+0000] {local.py:244} INFO - dbtRunner is available. Using dbtRunner for invoking dbt.
[2026-07-01T03:08:26.685+0000] {local.py:464} INFO - Cloning project to writable temp directory /tmp/tmp_ndg052o from /opt/airflow/dbt_transform
[2026-07-01T03:08:26.700+0000] {local.py:484} INFO - Partial parse is enabled and the latest partial parse file is /tmp/cosmos/dbt_silver_transform/target/partial_parse.msgpack
[2026-07-01T03:08:26.731+0000] {config.py:360} INFO - Using user-supplied profiles.yml at /opt/airflow/dbt_transform/profiles.yml
[2026-07-01T03:08:26.744+0000] {runner.py:60} INFO - Trying to run dbtRunner with:
 ['deps', '--project-dir', '/tmp/tmp_ndg052o', '--profiles-dir', '/opt/airflow/dbt_transform', '--profile', 'lakehouse_dbt', '--target', 'dev', '--no-static-parser']
 in /tmp/tmp_ndg052o
[2026-07-01T03:08:26.826+0000] {logging_mixin.py:188} INFO - 03:08:26  Running with dbt=1.8.7
[2026-07-01T03:08:26.999+0000] {graph.py:611} INFO - Trying to parse the dbt project using dbt ls cache cosmos_cache__dbt_silver_transform...
[2026-07-01T03:08:29.401+0000] {cache.py:320} INFO - Cosmos performance: time to calculate cache identifier cosmos_cache__dbt_silver_transform for current version: 2.3851564899996447
[2026-07-01T03:08:29.402+0000] {graph.py:628} INFO - Cosmos performance [d0f85a50725b|1100]: The cache size for cosmos_cache__dbt_silver_transform is 28858
[2026-07-01T03:08:29.404+0000] {graph.py:636} INFO - Cosmos performance: Cache hit for cosmos_cache__dbt_silver_transform - 2f9e5d9673ea80ac326b267b22fd4057,d41d8cd98f00b204e9800998ecf8427e
[2026-07-01T03:08:29.405+0000] {graph.py:561} INFO - Total nodes: 34
[2026-07-01T03:08:29.405+0000] {graph.py:562} INFO - Total filtered nodes: 34
[2026-07-01T03:08:29.406+0000] {converter.py:291} INFO - Cosmos performance (dbt_silver_transform) -  [d0f85a50725b|1100]: It took 2.41s to parse the dbt project for DAG using LoadMode.DBT_LS_CACHE
[2026-07-01T03:08:29.491+0000] {converter.py:336} INFO - Cosmos performance (dbt_silver_transform) - [d0f85a50725b|1100]: It took 0.0848s to build the Airflow DAG.
[2026-07-01T03:08:30.033+0000] {logging_mixin.py:188} INFO - 03:08:30  Installing dbt-labs/dbt_utils
[2026-07-01T03:08:30.559+0000] {logging_mixin.py:188} INFO - 03:08:30  Installed from version 1.3.0
[2026-07-01T03:08:30.560+0000] {logging_mixin.py:188} INFO - 03:08:30  Updated version available: 1.4.1
[2026-07-01T03:08:30.561+0000] {logging_mixin.py:188} INFO - 03:08:30  Installing metaplane/dbt_expectations
[2026-07-01T03:08:35.750+0000] {logging_mixin.py:188} INFO - 03:08:35  Installed from version 0.10.8
[2026-07-01T03:08:35.752+0000] {logging_mixin.py:188} INFO - 03:08:35  Updated version available: 0.10.10
[2026-07-01T03:08:35.755+0000] {logging_mixin.py:188} INFO - 03:08:35  Installing godatadriven/dbt_date
[2026-07-01T03:08:36.555+0000] {logging_mixin.py:188} INFO - 03:08:36  Installed from version 0.15.0
[2026-07-01T03:08:36.558+0000] {logging_mixin.py:188} INFO - 03:08:36  Up to date!
[2026-07-01T03:08:36.564+0000] {logging_mixin.py:188} INFO - 03:08:36
[2026-07-01T03:08:36.573+0000] {logging_mixin.py:188} INFO - 03:08:36  Updates available for packages: ['dbt-labs/dbt_utils', 'metaplane/dbt_expectations']                 
Update your versions in packages.yml, then run dbt deps
[2026-07-01T03:08:37.763+0000] {runner.py:60} INFO - Trying to run dbtRunner with:
 ['run', '--models', 'dim_issues', '--project-dir', '/tmp/tmp_ndg052o', '--profiles-dir', '/opt/airflow/dbt_transform', '--profile', 'lakehouse_dbt', '--target', 'dev', '--no-static-parser']
 in /tmp/tmp_ndg052o
[2026-07-01T03:08:37.820+0000] {logging_mixin.py:188} INFO - 03:08:37  Running with dbt=1.8.7
[2026-07-01T03:08:37.926+0000] {auth.py:343} INFO - keyring module not found. OAuth2 token will not be stored in keyring.
[2026-07-01T03:08:37.936+0000] {auth.py:343} INFO - keyring module not found. OAuth2 token will not be stored in keyring.
[2026-07-01T03:08:38.279+0000] {logging_mixin.py:188} INFO - 03:08:38  Registered adapter: trino=1.8.5
[2026-07-01T03:08:40.492+0000] {logging_mixin.py:188} INFO - 03:08:40  Found 7 models, 26 data tests, 1 source, 838 macros
[2026-07-01T03:08:40.495+0000] {logging_mixin.py:188} INFO - 03:08:40
[2026-07-01T03:08:40.535+0000] {logging_mixin.py:188} INFO - 03:08:40  [WARNING]: SSL certificate validation is disabled by default. It is legacy behavior which will be changed in future releases. It is strongly advised to enable `require_certificate_validation` flag or explicitly set `cert` configuration to `True` for security reasons. You may receive an error after that if your SSL setup is incorrect.
You may opt into the new behavior sooner by setting `flags.require_certificate_validation` to `True` in `dbt_project.yml`.
Visit https://docs.getdbt.com/reference/global-configs/behavior-changes for more information.
[2026-07-01T03:08:40.829+0000] {logging_mixin.py:188} INFO - 03:08:40  Concurrency: 4 threads (target='dev')
[2026-07-01T03:08:40.831+0000] {logging_mixin.py:188} INFO - 03:08:40
[2026-07-01T03:08:40.840+0000] {logging_mixin.py:188} INFO - 03:08:40  1 of 1 START sql table model gold.dim_issues ................................... [RUN]
[2026-07-01T03:08:41.663+0000] {logging_mixin.py:188} INFO - 03:08:41  1 of 1 OK created sql table model gold.dim_issues .............................. [CREATE TABLE (249 rows) in 0.81s]
[2026-07-01T03:08:41.676+0000] {logging_mixin.py:188} INFO - 03:08:41
[2026-07-01T03:08:41.678+0000] {logging_mixin.py:188} INFO - 03:08:41  Finished running 1 table model in 0 hours 0 minutes and 1.18 seconds (1.18s).
[2026-07-01T03:08:41.791+0000] {logging_mixin.py:188} INFO - 03:08:41
[2026-07-01T03:08:41.793+0000] {logging_mixin.py:188} INFO - 03:08:41  Completed successfully
[2026-07-01T03:08:41.795+0000] {logging_mixin.py:188} INFO - 03:08:41
[2026-07-01T03:08:41.797+0000] {logging_mixin.py:188} INFO - 03:08:41  Done. PASS=1 WARN=0 ERROR=0 SKIP=0 TOTAL=1
[2026-07-01T03:08:42.906+0000] {local.py:138} WARNING - Artifact schema version: https://schemas.getdbt.com/dbt/manifest/v12.json is above dbt-ol supported version 7. This might cause errors.
[2026-07-01T03:08:42.907+0000] {local.py:138} WARNING - Artifact schema version: https://schemas.getdbt.com/dbt/run-results/v6.json is above dbt-ol supported version 5. This might cause errors.
[2026-07-01T03:08:42.915+0000] {local.py:538} INFO - Inlets: []
[2026-07-01T03:08:42.915+0000] {local.py:539} INFO - Outlets: []
[2026-07-01T03:08:42.916+0000] {local.py:761} INFO - Assigning inlets/outlets without DatasetAlias
[2026-07-01T03:08:42.918+0000] {dag.py:3047} INFO - Sync 1 DAGs
[2026-07-01T03:08:42.953+0000] {dag.py:3834} INFO - Setting next_dagrun for dbt_silver_transform to 2026-07-01 00:00:00+00:00, run_after=2026-07-02 00:00:00+00:00
[2026-07-01T03:08:43.017+0000] {taskinstance.py:1149} INFO - Marking task as SUCCESS. dag_id=dbt_silver_transform, task_id=dim_issues.run, execution_date=20260630T000000, start_date=20260701T030824, end_date=20260701T030843
[2026-07-01T03:08:43.075+0000] {local_task_job_runner.py:234} INFO - Task exited with return code 0
[2026-07-01T03:08:43.133+0000] {taskinstance.py:3309} INFO - 1 downstream tasks scheduled from follow-on schedule check
