[2026-07-23T02:01:35.732+0000] {local_task_job_runner.py:123} INFO - ::group::Pre task execution logs
[2026-07-23T02:01:35.749+0000] {taskinstance.py:2612} INFO - Dependencies all met for dep_context=non-requeueable deps ti=<TaskInstance: wap_incremental_cfpb_pipeline.write_to_wap_branch scheduled__2026-07-22T00:00:00+00:00 [queued]>
[2026-07-23T02:01:35.757+0000] {taskinstance.py:2612} INFO - Dependencies all met for dep_context=requeueable deps ti=<TaskInstance: wap_incremental_cfpb_pipeline.write_to_wap_branch scheduled__2026-07-22T00:00:00+00:00 [queued]>
[2026-07-23T02:01:35.759+0000] {taskinstance.py:2865} INFO - Starting attempt 1 of 1
[2026-07-23T02:01:35.770+0000] {taskinstance.py:2888} INFO - Executing <Task(_PythonDecoratedOperator): write_to_wap_branch> on 2026-07-22 00:00:00+00:00
[2026-07-23T02:01:35.775+0000] {standard_task_runner.py:72} INFO - Started process 1506 to run task
[2026-07-23T02:01:35.778+0000] {standard_task_runner.py:104} INFO - Running: ['airflow', 'tasks', 'run', 'wap_incremental_cfpb_pipeline', 'write_to_wap_branch', 'scheduled__2026-07-22T00:00:00+00:00', '--job-id', '9', '--raw', '--subdir', 'DAGS_FOLDER/wap_incremental_cfpb_pipeline.py', '--cfg-path', '/tmp/tmp35ot5w0b']
[2026-07-23T02:01:35.780+0000] {standard_task_runner.py:105} INFO - Job 9: Subtask write_to_wap_branch
[2026-07-23T02:01:35.855+0000] {task_command.py:467} INFO - Running <TaskInstance: wap_incremental_cfpb_pipeline.write_to_wap_branch scheduled__2026-07-22T00:00:00+00:00 [running]> on host d0280eba3cdf
[2026-07-23T02:01:35.953+0000] {taskinstance.py:3131} INFO - Exporting env vars: AIRFLOW_CTX_DAG_OWNER='airflow' AIRFLOW_CTX_DAG_ID='wap_incremental_cfpb_pipeline' AIRFLOW_CTX_TASK_ID='write_to_wap_branch' AIRFLOW_CTX_EXECUTION_DATE='2026-07-22T00:00:00+00:00' AIRFLOW_CTX_TRY_NUMBER='1' AIRFLOW_CTX_DAG_RUN_ID='scheduled__2026-07-22T00:00:00+00:00'
[2026-07-23T02:01:35.956+0000] {taskinstance.py:731} INFO - ::endgroup::
[2026-07-23T02:01:35.960+0000] {crypto.py:82} WARNING - empty cryptography key - values will not be stored encrypted.
[2026-07-23T02:01:35.962+0000] {base.py:84} INFO - Retrieving connection 'minio_default'
[2026-07-23T02:01:35.964+0000] {base.py:84} INFO - Retrieving connection 'nessie_api_default'
[2026-07-23T02:01:37.129+0000] {duckdb_to_bronze.py:63} INFO - Đã khởi tạo DuckDB và PyIceberg Catalog trên nhánh 'etl_20260722_scheduled202607'.
[2026-07-23T02:01:37.152+0000] {__init__.py:331} INFO - Loaded FileIO: pyiceberg.io.fsspec.FsspecFileIO
[2026-07-23T02:01:37.154+0000] {duckdb_to_bronze.py:106} INFO - 🧹 [Incremental] Đang dọn dẹp dữ liệu cũ của _run_id = 'scheduled__2026-07-22T00:00:00+00:00' trên nhánh 'etl_20260722_scheduled202607'...
[2026-07-23T02:01:37.634+0000] {logging_mixin.py:190} WARNING - /home/airflow/.local/lib/python3.10/site-packages/pyiceberg/table/__init__.py:651 UserWarning: Delete operation did not match any records
[2026-07-23T02:01:37.636+0000] {duckdb_to_bronze.py:108} INFO - ✅ Dọn dẹp Incremental hoàn tất.
[2026-07-23T02:01:37.806+0000] {duckdb_to_bronze.py:142} INFO - Hoàn tất (Batch): 31 dòng vào bronze.raw_consumer_complaints.
[2026-07-23T02:01:37.809+0000] {duckdb_to_bronze.py:211} INFO - Đã đóng kết nối DuckDB an toàn.
[2026-07-23T02:01:37.811+0000] {python.py:240} INFO - Done. Returned value was: {'wap_branch': 'etl_20260722_scheduled202607', 'total_inserted_rows': 31, 'total_extracted_rows': 31, 'run_id': 'scheduled__2026-07-22T00:00:00+00:00'}
[2026-07-23T02:01:37.849+0000] {taskinstance.py:340} INFO - ::group::Post task execution logs
[2026-07-23T02:01:37.853+0000] {taskinstance.py:352} INFO - Marking task as SUCCESS. dag_id=wap_incremental_cfpb_pipeline, task_id=write_to_wap_branch, run_id=scheduled__2026-07-22T00:00:00+00:00, execution_date=20260722T000000, start_date=20260723T020135, end_date=20260723T020137
[2026-07-23T02:01:37.902+0000] {local_task_job_runner.py:266} INFO - Task exited with return code 0
[2026-07-23T02:01:37.927+0000] {taskinstance.py:3900} INFO - 1 downstream tasks scheduled from follow-on schedule check
[2026-07-23T02:01:37.932+0000] {local_task_job_runner.py:245} INFO - ::endgroup::
[2026-07-23T03:03:13.258+0000] {local_task_job_runner.py:123} INFO - ::group::Pre task execution logs
[2026-07-23T03:03:13.276+0000] {taskinstance.py:2612} INFO - Dependencies all met for dep_context=non-requeueable deps ti=<TaskInstance: wap_incremental_cfpb_pipeline.write_to_wap_branch scheduled__2026-07-22T00:00:00+00:00 [queued]>
[2026-07-23T03:03:13.283+0000] {taskinstance.py:2612} INFO - Dependencies all met for dep_context=requeueable deps ti=<TaskInstance: wap_incremental_cfpb_pipeline.write_to_wap_branch scheduled__2026-07-22T00:00:00+00:00 [queued]>
[2026-07-23T03:03:13.285+0000] {taskinstance.py:2865} INFO - Starting attempt 1 of 1
[2026-07-23T03:03:13.298+0000] {taskinstance.py:2888} INFO - Executing <Task(_PythonDecoratedOperator): write_to_wap_branch> on 2026-07-22 00:00:00+00:00
[2026-07-23T03:03:13.303+0000] {standard_task_runner.py:72} INFO - Started process 820 to run task
[2026-07-23T03:03:13.306+0000] {standard_task_runner.py:104} INFO - Running: ['airflow', 'tasks', 'run', 'wap_incremental_cfpb_pipeline', 'write_to_wap_branch', 'scheduled__2026-07-22T00:00:00+00:00', '--job-id', '9', '--raw', '--subdir', 'DAGS_FOLDER/wap_incremental_cfpb_pipeline.py', '--cfg-path', '/tmp/tmpexbtn5oy']
[2026-07-23T03:03:13.309+0000] {standard_task_runner.py:105} INFO - Job 9: Subtask write_to_wap_branch
[2026-07-23T03:03:13.393+0000] {task_command.py:467} INFO - Running <TaskInstance: wap_incremental_cfpb_pipeline.write_to_wap_branch scheduled__2026-07-22T00:00:00+00:00 [running]> on host b3f56365d5f7
[2026-07-23T03:03:13.523+0000] {taskinstance.py:3131} INFO - Exporting env vars: AIRFLOW_CTX_DAG_OWNER='airflow' AIRFLOW_CTX_DAG_ID='wap_incremental_cfpb_pipeline' AIRFLOW_CTX_TASK_ID='write_to_wap_branch' AIRFLOW_CTX_EXECUTION_DATE='2026-07-22T00:00:00+00:00' AIRFLOW_CTX_TRY_NUMBER='1' AIRFLOW_CTX_DAG_RUN_ID='scheduled__2026-07-22T00:00:00+00:00'
[2026-07-23T03:03:13.528+0000] {taskinstance.py:731} INFO - ::endgroup::
[2026-07-23T03:03:13.533+0000] {crypto.py:82} WARNING - empty cryptography key - values will not be stored encrypted.
[2026-07-23T03:03:13.536+0000] {base.py:84} INFO - Retrieving connection 'minio_default'
[2026-07-23T03:03:13.539+0000] {base.py:84} INFO - Retrieving connection 'nessie_api_default'
[2026-07-23T03:03:14.484+0000] {duckdb_to_bronze.py:63} INFO - Đã khởi tạo DuckDB và PyIceberg Catalog trên nhánh 'etl_20260722_scheduled202607'.
[2026-07-23T03:03:14.510+0000] {__init__.py:331} INFO - Loaded FileIO: pyiceberg.io.fsspec.FsspecFileIO
[2026-07-23T03:03:14.512+0000] {duckdb_to_bronze.py:106} INFO - 🧹 [Incremental] Đang dọn dẹp dữ liệu cũ của _run_id = 'scheduled__2026-07-22T00:00:00+00:00' trên nhánh 'etl_20260722_scheduled202607'...
[2026-07-23T03:03:14.982+0000] {logging_mixin.py:190} WARNING - /home/airflow/.local/lib/python3.10/site-packages/pyiceberg/table/__init__.py:651 UserWarning: Delete operation did not match any records
[2026-07-23T03:03:14.984+0000] {duckdb_to_bronze.py:108} INFO - ✅ Dọn dẹp Incremental hoàn tất.
[2026-07-23T03:03:15.158+0000] {duckdb_to_bronze.py:142} INFO - Hoàn tất (Batch): 31 dòng vào bronze.raw_consumer_complaints.
[2026-07-23T03:03:15.162+0000] {duckdb_to_bronze.py:211} INFO - Đã đóng kết nối DuckDB an toàn.
[2026-07-23T03:03:15.164+0000] {python.py:240} INFO - Done. Returned value was: {'wap_branch': 'etl_20260722_scheduled202607', 'total_inserted_rows': 31, 'total_extracted_rows': 31, 'run_id': 'scheduled__2026-07-22T00:00:00+00:00'}
[2026-07-23T03:03:15.201+0000] {taskinstance.py:340} INFO - ::group::Post task execution logs
[2026-07-23T03:03:15.203+0000] {taskinstance.py:352} INFO - Marking task as SUCCESS. dag_id=wap_incremental_cfpb_pipeline, task_id=write_to_wap_branch, run_id=scheduled__2026-07-22T00:00:00+00:00, execution_date=20260722T000000, start_date=20260723T030313, end_date=20260723T030315
[2026-07-23T03:03:15.255+0000] {local_task_job_runner.py:266} INFO - Task exited with return code 0
[2026-07-23T03:03:15.283+0000] {taskinstance.py:3900} INFO - 0 downstream tasks scheduled from follow-on schedule check
[2026-07-23T03:03:15.291+0000] {local_task_job_runner.py:245} INFO - ::endgroup::
[2026-07-23T03:45:17.733+0000] {local_task_job_runner.py:123} INFO - ::group::Pre task execution logs
[2026-07-23T03:45:17.750+0000] {taskinstance.py:2612} INFO - Dependencies all met for dep_context=non-requeueable deps ti=<TaskInstance: wap_incremental_cfpb_pipeline.write_to_wap_branch scheduled__2026-07-22T00:00:00+00:00 [queued]>
[2026-07-23T03:45:17.759+0000] {taskinstance.py:2612} INFO - Dependencies all met for dep_context=requeueable deps ti=<TaskInstance: wap_incremental_cfpb_pipeline.write_to_wap_branch scheduled__2026-07-22T00:00:00+00:00 [queued]>
[2026-07-23T03:45:17.760+0000] {taskinstance.py:2865} INFO - Starting attempt 1 of 1
[2026-07-23T03:45:17.771+0000] {taskinstance.py:2888} INFO - Executing <Task(_PythonDecoratedOperator): write_to_wap_branch> on 2026-07-22 00:00:00+00:00
[2026-07-23T03:45:17.776+0000] {standard_task_runner.py:72} INFO - Started process 842 to run task
[2026-07-23T03:45:17.779+0000] {standard_task_runner.py:104} INFO - Running: ['airflow', 'tasks', 'run', 'wap_incremental_cfpb_pipeline', 'write_to_wap_branch', 'scheduled__2026-07-22T00:00:00+00:00', '--job-id', '9', '--raw', '--subdir', 'DAGS_FOLDER/wap_incremental_cfpb_pipeline.py', '--cfg-path', '/tmp/tmp74sgx57v']
[2026-07-23T03:45:17.781+0000] {standard_task_runner.py:105} INFO - Job 9: Subtask write_to_wap_branch
[2026-07-23T03:45:17.851+0000] {task_command.py:467} INFO - Running <TaskInstance: wap_incremental_cfpb_pipeline.write_to_wap_branch scheduled__2026-07-22T00:00:00+00:00 [running]> on host 260824ef083b
[2026-07-23T03:45:17.945+0000] {taskinstance.py:3131} INFO - Exporting env vars: AIRFLOW_CTX_DAG_OWNER='airflow' AIRFLOW_CTX_DAG_ID='wap_incremental_cfpb_pipeline' AIRFLOW_CTX_TASK_ID='write_to_wap_branch' AIRFLOW_CTX_EXECUTION_DATE='2026-07-22T00:00:00+00:00' AIRFLOW_CTX_TRY_NUMBER='1' AIRFLOW_CTX_DAG_RUN_ID='scheduled__2026-07-22T00:00:00+00:00'
[2026-07-23T03:45:17.948+0000] {taskinstance.py:731} INFO - ::endgroup::
[2026-07-23T03:45:17.952+0000] {crypto.py:82} WARNING - empty cryptography key - values will not be stored encrypted.
[2026-07-23T03:45:17.955+0000] {base.py:84} INFO - Retrieving connection 'minio_default'
[2026-07-23T03:45:17.957+0000] {base.py:84} INFO - Retrieving connection 'nessie_api_default'
[2026-07-23T03:45:19.036+0000] {duckdb_to_bronze.py:63} INFO - Đã khởi tạo DuckDB và PyIceberg Catalog trên nhánh 'etl_20260722_scheduled202607'.
[2026-07-23T03:45:19.062+0000] {__init__.py:331} INFO - Loaded FileIO: pyiceberg.io.fsspec.FsspecFileIO
[2026-07-23T03:45:19.063+0000] {duckdb_to_bronze.py:106} INFO - 🧹 [Incremental] Đang dọn dẹp dữ liệu cũ của _run_id = 'scheduled__2026-07-22T00:00:00+00:00' trên nhánh 'etl_20260722_scheduled202607'...
[2026-07-23T03:45:19.505+0000] {logging_mixin.py:190} WARNING - /home/airflow/.local/lib/python3.10/site-packages/pyiceberg/table/__init__.py:651 UserWarning: Delete operation did not match any records
[2026-07-23T03:45:19.509+0000] {duckdb_to_bronze.py:108} INFO - ✅ Dọn dẹp Incremental hoàn tất.
[2026-07-23T03:45:19.674+0000] {duckdb_to_bronze.py:142} INFO - Hoàn tất (Batch): 31 dòng vào bronze.raw_consumer_complaints.
[2026-07-23T03:45:19.678+0000] {duckdb_to_bronze.py:211} INFO - Đã đóng kết nối DuckDB an toàn.
[2026-07-23T03:45:19.680+0000] {python.py:240} INFO - Done. Returned value was: {'wap_branch': 'etl_20260722_scheduled202607', 'total_inserted_rows': 31, 'total_extracted_rows': 31, 'run_id': 'scheduled__2026-07-22T00:00:00+00:00'}
[2026-07-23T03:45:19.718+0000] {taskinstance.py:340} INFO - ::group::Post task execution logs
[2026-07-23T03:45:19.721+0000] {taskinstance.py:352} INFO - Marking task as SUCCESS. dag_id=wap_incremental_cfpb_pipeline, task_id=write_to_wap_branch, run_id=scheduled__2026-07-22T00:00:00+00:00, execution_date=20260722T000000, start_date=20260723T034517, end_date=20260723T034519
[2026-07-23T03:45:19.761+0000] {local_task_job_runner.py:266} INFO - Task exited with return code 0
[2026-07-23T03:45:19.789+0000] {taskinstance.py:3900} INFO - 1 downstream tasks scheduled from follow-on schedule check
[2026-07-23T03:45:19.794+0000] {local_task_job_runner.py:245} INFO - ::endgroup::
