[2026-07-19T04:35:06.198+0000] {local_task_job_runner.py:123} INFO - ::group::Pre task execution logs
[2026-07-19T04:35:06.240+0000] {taskinstance.py:2612} INFO - Dependencies all met for dep_context=non-requeueable deps ti=<TaskInstance: dbt_silver_gold_incremental.transform_gold.fct_complaints.run manual__2026-07-19T04:32:25.721206+00:00 [queued]>
[2026-07-19T04:35:06.252+0000] {taskinstance.py:2612} INFO - Dependencies all met for dep_context=requeueable deps ti=<TaskInstance: dbt_silver_gold_incremental.transform_gold.fct_complaints.run manual__2026-07-19T04:32:25.721206+00:00 [queued]>
[2026-07-19T04:35:06.253+0000] {taskinstance.py:2865} INFO - Starting attempt 1 of 2
[2026-07-19T04:35:06.269+0000] {taskinstance.py:2888} INFO - Executing <Task(DbtRunLocalOperator): transform_gold.fct_complaints.run> on 2026-07-19 04:32:25.721206+00:00
[2026-07-19T04:35:06.277+0000] {standard_task_runner.py:72} INFO - Started process 1332 to run task
[2026-07-19T04:35:06.285+0000] {standard_task_runner.py:104} INFO - Running: ['airflow', 'tasks', 'run', 'dbt_silver_gold_incremental', 'transform_gold.fct_complaints.run', 'manual__2026-07-19T04:32:25.721206+00:00', '--job-id', '21', '--raw', '--subdir', 'DAGS_FOLDER/dbt_silver_gold.py', '--cfg-path', '/tmp/tmpw28di7u4']
[2026-07-19T04:35:06.293+0000] {standard_task_runner.py:105} INFO - Job 21: Subtask transform_gold.fct_complaints.run
[2026-07-19T04:35:06.448+0000] {task_command.py:467} INFO - Running <TaskInstance: dbt_silver_gold_incremental.transform_gold.fct_complaints.run manual__2026-07-19T04:32:25.721206+00:00 [running]> on host 634783a6dfed
[2026-07-19T04:35:06.587+0000] {taskinstance.py:3131} INFO - Exporting env vars: AIRFLOW_CTX_DAG_OWNER='data_engineer' AIRFLOW_CTX_DAG_ID='dbt_silver_gold_incremental' AIRFLOW_CTX_TASK_ID='transform_gold.fct_complaints.run' AIRFLOW_CTX_EXECUTION_DATE='2026-07-19T04:32:25.721206+00:00' AIRFLOW_CTX_TRY_NUMBER='1' AIRFLOW_CTX_DAG_RUN_ID='manual__2026-07-19T04:32:25.721206+00:00'
[2026-07-19T04:35:06.591+0000] {taskinstance.py:731} INFO - ::endgroup::
[2026-07-19T04:35:08.265+0000] {local.py:294} INFO - dbtRunner is available. Using dbtRunner for invoking dbt.
[2026-07-19T04:35:08.267+0000] {local.py:518} INFO - Cloning project to writable temp directory /tmp/tmpjnokgvhc from /opt/airflow/dbt_transform
[2026-07-19T04:35:08.279+0000] {local.py:538} INFO - Partial parse is enabled and the latest partial parse file is /tmp/cosmos/dbt_silver_gold_incremental__transform_gold/target/partial_parse.msgpack
[2026-07-19T04:35:08.295+0000] {config.py:395} INFO - Using user-supplied profiles.yml at /opt/airflow/dbt_transform/profiles.yml
[2026-07-19T04:35:08.314+0000] {runner.py:95} INFO - Trying to run dbtRunner with:
 ['deps', '--project-dir', '/tmp/tmpjnokgvhc', '--profiles-dir', '/opt/airflow/dbt_transform', '--profile', 'lakehouse_dbt', '--target', 'dev', '--no-static-parser']
 in /tmp/tmpjnokgvhc
[2026-07-19T04:35:08.413+0000] {logging_mixin.py:190} INFO - 04:35:08  Running with dbt=1.8.8
[2026-07-19T04:35:08.544+0000] {converter.py:314} INFO - ::group::Cosmos DAG parsing logs
[2026-07-19T04:35:08.547+0000] {graph.py:869} INFO - Trying to parse the dbt project using dbt ls cache cosmos_cache__dbt_silver_gold_incremental__transform_silver...
[2026-07-19T04:35:11.684+0000] {cache.py:383} INFO - Cosmos performance: time to calculate cache identifier cosmos_cache__dbt_silver_gold_incremental__transform_silver for current version: 3.1247282839995023
[2026-07-19T04:35:11.686+0000] {graph.py:886} INFO - Cosmos performance [634783a6dfed|1332]: The cache size for cosmos_cache__dbt_silver_gold_incremental__transform_silver is 5960
[2026-07-19T04:35:11.688+0000] {graph.py:898} INFO - Cosmos performance: Cache hit for cosmos_cache__dbt_silver_gold_incremental__transform_silver - ccb89f537d6e9098d854bb64f1ff230b,5e34606eb5f2b3dea81a8e19fa3ba138
[2026-07-19T04:35:11.689+0000] {graph.py:799} INFO - Total nodes: 7
[2026-07-19T04:35:11.691+0000] {graph.py:800} INFO - Total filtered nodes: 7
[2026-07-19T04:35:11.692+0000] {converter.py:361} INFO - Cosmos performance (dbt_silver_gold_incremental__transform_silver) - [634783a6dfed|1332]: It took 3.14s to parse the dbt project for DAG using dbt_ls_cache
[2026-07-19T04:35:11.706+0000] {converter.py:413} INFO - Cosmos performance (dbt_silver_gold_incremental__transform_silver) - [634783a6dfed|1332]: It took 0.0139s to build the Airflow DAG.
[2026-07-19T04:35:11.708+0000] {converter.py:420} INFO - ::endgroup::Cosmos DAG parsing logs
[2026-07-19T04:35:11.709+0000] {converter.py:314} INFO - ::group::Cosmos DAG parsing logs
[2026-07-19T04:35:11.713+0000] {graph.py:869} INFO - Trying to parse the dbt project using dbt ls cache cosmos_cache__dbt_silver_gold_incremental__transform_gold...
[2026-07-19T04:35:13.781+0000] {cache.py:383} INFO - Cosmos performance: time to calculate cache identifier cosmos_cache__dbt_silver_gold_incremental__transform_gold for current version: 2.0579903720008588
[2026-07-19T04:35:13.782+0000] {graph.py:886} INFO - Cosmos performance [634783a6dfed|1332]: The cache size for cosmos_cache__dbt_silver_gold_incremental__transform_gold is 35986
[2026-07-19T04:35:13.785+0000] {graph.py:898} INFO - Cosmos performance: Cache hit for cosmos_cache__dbt_silver_gold_incremental__transform_gold - ccb89f537d6e9098d854bb64f1ff230b,304321e940a9403dceb380589bd0566f
[2026-07-19T04:35:13.786+0000] {graph.py:799} INFO - Total nodes: 39
[2026-07-19T04:35:13.788+0000] {graph.py:800} INFO - Total filtered nodes: 39
[2026-07-19T04:35:13.789+0000] {converter.py:361} INFO - Cosmos performance (dbt_silver_gold_incremental__transform_gold) - [634783a6dfed|1332]: It took 2.08s to parse the dbt project for DAG using dbt_ls_cache
[2026-07-19T04:35:13.830+0000] {converter.py:413} INFO - Cosmos performance (dbt_silver_gold_incremental__transform_gold) - [634783a6dfed|1332]: It took 0.0411s to build the Airflow DAG.
[2026-07-19T04:35:13.832+0000] {converter.py:420} INFO - ::endgroup::Cosmos DAG parsing logs
[2026-07-19T04:35:13.834+0000] {converter.py:314} INFO - ::group::Cosmos DAG parsing logs
[2026-07-19T04:35:13.838+0000] {graph.py:869} INFO - Trying to parse the dbt project using dbt ls cache cosmos_cache__dbt_silver_gold_full_load__transform_silver...
[2026-07-19T04:35:15.426+0000] {cache.py:383} INFO - Cosmos performance: time to calculate cache identifier cosmos_cache__dbt_silver_gold_full_load__transform_silver for current version: 1.5734174150002218
[2026-07-19T04:35:15.427+0000] {graph.py:886} INFO - Cosmos performance [634783a6dfed|1332]: The cache size for cosmos_cache__dbt_silver_gold_full_load__transform_silver is 5960
[2026-07-19T04:35:15.428+0000] {graph.py:898} INFO - Cosmos performance: Cache hit for cosmos_cache__dbt_silver_gold_full_load__transform_silver - ccb89f537d6e9098d854bb64f1ff230b,5e34606eb5f2b3dea81a8e19fa3ba138
[2026-07-19T04:35:15.429+0000] {graph.py:799} INFO - Total nodes: 7
[2026-07-19T04:35:15.430+0000] {graph.py:800} INFO - Total filtered nodes: 7
[2026-07-19T04:35:15.431+0000] {converter.py:361} INFO - Cosmos performance (dbt_silver_gold_full_load__transform_silver) - [634783a6dfed|1332]: It took 1.59s to parse the dbt project for DAG using dbt_ls_cache
[2026-07-19T04:35:15.439+0000] {converter.py:413} INFO - Cosmos performance (dbt_silver_gold_full_load__transform_silver) - [634783a6dfed|1332]: It took 0.00802s to build the Airflow DAG.
[2026-07-19T04:35:15.440+0000] {converter.py:420} INFO - ::endgroup::Cosmos DAG parsing logs
[2026-07-19T04:35:15.442+0000] {converter.py:314} INFO - ::group::Cosmos DAG parsing logs
[2026-07-19T04:35:15.446+0000] {graph.py:869} INFO - Trying to parse the dbt project using dbt ls cache cosmos_cache__dbt_silver_gold_full_load__transform_gold...
[2026-07-19T04:35:16.903+0000] {cache.py:383} INFO - Cosmos performance: time to calculate cache identifier cosmos_cache__dbt_silver_gold_full_load__transform_gold for current version: 1.4478496319989063
[2026-07-19T04:35:16.904+0000] {graph.py:886} INFO - Cosmos performance [634783a6dfed|1332]: The cache size for cosmos_cache__dbt_silver_gold_full_load__transform_gold is 35986
[2026-07-19T04:35:16.906+0000] {graph.py:898} INFO - Cosmos performance: Cache hit for cosmos_cache__dbt_silver_gold_full_load__transform_gold - ccb89f537d6e9098d854bb64f1ff230b,304321e940a9403dceb380589bd0566f
[2026-07-19T04:35:16.907+0000] {graph.py:799} INFO - Total nodes: 39
[2026-07-19T04:35:16.908+0000] {graph.py:800} INFO - Total filtered nodes: 39
[2026-07-19T04:35:16.909+0000] {converter.py:361} INFO - Cosmos performance (dbt_silver_gold_full_load__transform_gold) - [634783a6dfed|1332]: It took 1.46s to parse the dbt project for DAG using dbt_ls_cache
[2026-07-19T04:35:16.937+0000] {converter.py:413} INFO - Cosmos performance (dbt_silver_gold_full_load__transform_gold) - [634783a6dfed|1332]: It took 0.0275s to build the Airflow DAG.
[2026-07-19T04:35:16.938+0000] {converter.py:420} INFO - ::endgroup::Cosmos DAG parsing logs
[2026-07-19T04:35:17.369+0000] {logging_mixin.py:190} INFO - 04:35:17  Installing dbt-labs/dbt_utils
[2026-07-19T04:35:17.888+0000] {logging_mixin.py:190} INFO - 04:35:17  Installed from version 1.3.0
[2026-07-19T04:35:17.890+0000] {logging_mixin.py:190} INFO - 04:35:17  Updated version available: 1.4.1
[2026-07-19T04:35:17.893+0000] {logging_mixin.py:190} INFO - 04:35:17  Installing metaplane/dbt_expectations
[2026-07-19T04:35:20.024+0000] {logging_mixin.py:190} INFO - 04:35:20  Installed from version 0.10.8
[2026-07-19T04:35:20.026+0000] {logging_mixin.py:190} INFO - 04:35:20  Updated version available: 0.10.10
[2026-07-19T04:35:20.029+0000] {logging_mixin.py:190} INFO - 04:35:20  Installing godatadriven/dbt_date
[2026-07-19T04:35:21.415+0000] {logging_mixin.py:190} INFO - 04:35:21  Installed from version 0.15.0
[2026-07-19T04:35:21.417+0000] {logging_mixin.py:190} INFO - 04:35:21  Up to date!
[2026-07-19T04:35:21.419+0000] {logging_mixin.py:190} INFO - 04:35:21
[2026-07-19T04:35:21.421+0000] {logging_mixin.py:190} INFO - 04:35:21  Updates available for packages: ['dbt-labs/dbt_utils', 'metaplane/dbt_expectations']                 
Update your versions in packages.yml, then run dbt deps
[2026-07-19T04:35:22.568+0000] {runner.py:95} INFO - Trying to run dbtRunner with:
 ['run', '--select', 'fqn:consumer_complaints_transformation.marts.fct_complaints', '--project-dir', '/tmp/tmpjnokgvhc', '--profiles-dir', '/opt/airflow/dbt_transform', '--profile', 'lakehouse_dbt', '--target', 'dev', '--no-static-parser']
 in /tmp/tmpjnokgvhc
[2026-07-19T04:35:22.597+0000] {logging_mixin.py:190} INFO - 04:35:22  Running with dbt=1.8.8
[2026-07-19T04:35:22.641+0000] {auth.py:343} INFO - keyring module not found. OAuth2 token will not be stored in keyring.
[2026-07-19T04:35:22.646+0000] {auth.py:343} INFO - keyring module not found. OAuth2 token will not be stored in keyring.
[2026-07-19T04:35:22.797+0000] {logging_mixin.py:190} INFO - 04:35:22  Registered adapter: trino=1.8.5
[2026-07-19T04:35:23.339+0000] {logging_mixin.py:190} INFO - 04:35:23  Unable to do partial parsing because config vars, config profile, or config target have changed
[2026-07-19T04:35:26.652+0000] {logging_mixin.py:190} INFO - 04:35:26  [WARNING]: Deprecated functionality
The `tests` config has been renamed to `data_tests`. Please see
https://docs.getdbt.com/docs/build/data-tests#new-data_tests-syntax for more
information.
[2026-07-19T04:35:29.168+0000] {logging_mixin.py:190} INFO - 04:35:29  Found 8 models, 40 data tests, 1 source, 9 metrics, 839 macros, 5 semantic models
[2026-07-19T04:35:29.184+0000] {logging_mixin.py:190} INFO - 04:35:29
[2026-07-19T04:35:29.249+0000] {logging_mixin.py:190} INFO - 04:35:29  [WARNING]: SSL certificate validation is disabled by default. It is legacy behavior which will be changed in future releases. It is strongly advised to enable `require_certificate_validation` flag or explicitly set `cert` configuration to `True` for security reasons. You may receive an error after that if your SSL setup is incorrect.
You may opt into the new behavior sooner by setting `flags.require_certificate_validation` to `True` in `dbt_project.yml`.
Visit https://docs.getdbt.com/reference/global-configs/behavior-changes for more information.
[2026-07-19T04:35:29.889+0000] {logging_mixin.py:190} INFO - 04:35:29  Concurrency: 1 threads (target='dev')
[2026-07-19T04:35:29.893+0000] {logging_mixin.py:190} INFO - 04:35:29
[2026-07-19T04:35:29.913+0000] {logging_mixin.py:190} INFO - 04:35:29  1 of 1 START sql incremental model silver.fct_complaints ....................... [RUN]
[2026-07-19T04:35:31.451+0000] {logging_mixin.py:190} INFO - 04:35:31  1 of 1 OK created sql incremental model silver.fct_complaints .................. [CREATE TABLE (48 rows) in 1.53s]
[2026-07-19T04:35:31.459+0000] {logging_mixin.py:190} INFO - 04:35:31
[2026-07-19T04:35:31.460+0000] {logging_mixin.py:190} INFO - 04:35:31  Finished running 1 incremental model in 0 hours 0 minutes and 2.27 seconds (2.27s).
[2026-07-19T04:35:31.525+0000] {logging_mixin.py:190} INFO - 04:35:31
[2026-07-19T04:35:31.529+0000] {logging_mixin.py:190} INFO - 04:35:31  Completed successfully
[2026-07-19T04:35:31.532+0000] {logging_mixin.py:190} INFO - 04:35:31
[2026-07-19T04:35:31.536+0000] {logging_mixin.py:190} INFO - 04:35:31  Done. PASS=1 WARN=0 ERROR=0 SKIP=0 TOTAL=1
[2026-07-19T04:35:32.694+0000] {local.py:196} WARNING - Artifact schema version: https://schemas.getdbt.com/dbt/manifest/v12.json is above dbt-ol supported version 7. This might cause errors.
[2026-07-19T04:35:32.701+0000] {local.py:594} INFO - Inlets: []
[2026-07-19T04:35:32.702+0000] {local.py:595} INFO - Outlets: []
[2026-07-19T04:35:32.704+0000] {local.py:886} INFO - Assigning inlets/outlets with DatasetAlias in Airflow 2
[2026-07-19T04:35:32.773+0000] {taskinstance.py:340} INFO - ::group::Post task execution logs
[2026-07-19T04:35:32.774+0000] {taskinstance.py:352} INFO - Marking task as SUCCESS. dag_id=dbt_silver_gold_incremental, task_id=transform_gold.fct_complaints.run, run_id=manual__2026-07-19T04:32:25.721206+00:00, execution_date=20260719T043225, start_date=20260719T043506, end_date=20260719T043532
[2026-07-19T04:35:33.522+0000] {_client.py:1026} INFO - HTTP Request: GET https://astronomer.gateway.scarf.sh/astronomer-cosmos/v3/task_instance?cosmos_version=1.15.0&airflow_version=2.10.2&python_version=3.10.15&platform_system=Linux&platform_machine=x86_64&status=success&operator_name=DbtRunLocalOperator&is_cosmos_operator_subclass=False&invocation_mode=dbt_runner&execution_mode=local&profile_strategy=yaml_file&profile_mapping_class=None&database=trino&is_mapped_task=False&dbt_command=run&install_deps=True&has_callback=False&duration=26.532566 "HTTP/1.1 200 OK"
[2026-07-19T04:35:33.570+0000] {local_task_job_runner.py:266} INFO - Task exited with return code 0
[2026-07-19T04:35:33.602+0000] {taskinstance.py:3900} INFO - 0 downstream tasks scheduled from follow-on schedule check
[2026-07-19T04:35:33.605+0000] {local_task_job_runner.py:245} INFO - ::endgroup::
