[2026-07-26T02:41:23.568+0000] {local_task_job_runner.py:123} INFO - ::group::Pre task execution logs
[2026-07-26T02:41:23.587+0000] {taskinstance.py:2612} INFO - Dependencies all met for dep_context=non-requeueable deps ti=<TaskInstance: dbt_docs_generate_and_publish.upload_docs_to_minio scheduled__2026-07-25T02:00:00+00:00 [queued]>
[2026-07-26T02:41:23.596+0000] {taskinstance.py:2612} INFO - Dependencies all met for dep_context=requeueable deps ti=<TaskInstance: dbt_docs_generate_and_publish.upload_docs_to_minio scheduled__2026-07-25T02:00:00+00:00 [queued]>
[2026-07-26T02:41:23.598+0000] {taskinstance.py:2865} INFO - Starting attempt 1 of 3
[2026-07-26T02:41:23.611+0000] {taskinstance.py:2888} INFO - Executing <Task(_PythonDecoratedOperator): upload_docs_to_minio> on 2026-07-25 02:00:00+00:00
[2026-07-26T02:41:23.616+0000] {standard_task_runner.py:72} INFO - Started process 546 to run task
[2026-07-26T02:41:23.621+0000] {standard_task_runner.py:104} INFO - Running: ['airflow', 'tasks', 'run', 'dbt_docs_generate_and_publish', 'upload_docs_to_minio', 'scheduled__2026-07-25T02:00:00+00:00', '--job-id', '4', '--raw', '--subdir', 'DAGS_FOLDER/dbt_docs_pipeline.py', '--cfg-path', '/tmp/tmptrpya_rp']
[2026-07-26T02:41:23.624+0000] {standard_task_runner.py:105} INFO - Job 4: Subtask upload_docs_to_minio
[2026-07-26T02:41:23.700+0000] {task_command.py:467} INFO - Running <TaskInstance: dbt_docs_generate_and_publish.upload_docs_to_minio scheduled__2026-07-25T02:00:00+00:00 [running]> on host 327712b8479a
[2026-07-26T02:41:23.780+0000] {taskinstance.py:3131} INFO - Exporting env vars: AIRFLOW_CTX_DAG_OWNER='data_engineer' AIRFLOW_CTX_DAG_ID='dbt_docs_generate_and_publish' AIRFLOW_CTX_TASK_ID='upload_docs_to_minio' AIRFLOW_CTX_EXECUTION_DATE='2026-07-25T02:00:00+00:00' AIRFLOW_CTX_TRY_NUMBER='1' AIRFLOW_CTX_DAG_RUN_ID='scheduled__2026-07-25T02:00:00+00:00'
[2026-07-26T02:41:23.781+0000] {taskinstance.py:731} INFO - ::endgroup::
[2026-07-26T02:41:23.786+0000] {dbt_docs_pipeline.py:72} INFO - Đang tiến hành upload file index.html lên bucket dbt-docs...
[2026-07-26T02:41:23.788+0000] {crypto.py:82} WARNING - empty cryptography key - values will not be stored encrypted.
[2026-07-26T02:41:23.790+0000] {base.py:84} INFO - Retrieving connection 'minio_default'
[2026-07-26T02:41:23.791+0000] {connection_wrapper.py:388} INFO - AWS Connection (conn_id='minio_default', conn_type='aws') credentials retrieved from login and ***.
[2026-07-26T02:41:24.256+0000] {dbt_docs_pipeline.py:79} INFO - ✅ Upload thành công: index.html
[2026-07-26T02:41:24.259+0000] {dbt_docs_pipeline.py:72} INFO - Đang tiến hành upload file manifest.json lên bucket dbt-docs...
[2026-07-26T02:41:24.306+0000] {dbt_docs_pipeline.py:79} INFO - ✅ Upload thành công: manifest.json
[2026-07-26T02:41:24.309+0000] {dbt_docs_pipeline.py:72} INFO - Đang tiến hành upload file catalog.json lên bucket dbt-docs...
[2026-07-26T02:41:24.322+0000] {dbt_docs_pipeline.py:79} INFO - ✅ Upload thành công: catalog.json
[2026-07-26T02:41:24.323+0000] {dbt_docs_pipeline.py:87} INFO - 🎉 Toàn bộ tài liệu dbt đã được publish lên MinIO thành công!
[2026-07-26T02:41:24.325+0000] {python.py:240} INFO - Done. Returned value was: None
[2026-07-26T02:41:24.336+0000] {taskinstance.py:340} INFO - ::group::Post task execution logs
[2026-07-26T02:41:24.338+0000] {taskinstance.py:352} INFO - Marking task as SUCCESS. dag_id=dbt_docs_generate_and_publish, task_id=upload_docs_to_minio, run_id=scheduled__2026-07-25T02:00:00+00:00, execution_date=20260725T020000, start_date=20260726T024123, end_date=20260726T024124
[2026-07-26T02:41:24.356+0000] {local_task_job_runner.py:266} INFO - Task exited with return code 0
[2026-07-26T02:41:24.376+0000] {taskinstance.py:3900} INFO - 0 downstream tasks scheduled from follow-on schedule check
[2026-07-26T02:41:24.379+0000] {local_task_job_runner.py:245} INFO - ::endgroup::
[2026-07-26T10:21:52.597+0000] {local_task_job_runner.py:123} INFO - ::group::Pre task execution logs
[2026-07-26T10:21:52.615+0000] {taskinstance.py:2612} INFO - Dependencies all met for dep_context=non-requeueable deps ti=<TaskInstance: dbt_docs_generate_and_publish.upload_docs_to_minio scheduled__2026-07-25T02:00:00+00:00 [queued]>
[2026-07-26T10:21:52.623+0000] {taskinstance.py:2612} INFO - Dependencies all met for dep_context=requeueable deps ti=<TaskInstance: dbt_docs_generate_and_publish.upload_docs_to_minio scheduled__2026-07-25T02:00:00+00:00 [queued]>
[2026-07-26T10:21:52.625+0000] {taskinstance.py:2865} INFO - Starting attempt 1 of 3
[2026-07-26T10:21:52.636+0000] {taskinstance.py:2888} INFO - Executing <Task(_PythonDecoratedOperator): upload_docs_to_minio> on 2026-07-25 02:00:00+00:00
[2026-07-26T10:21:52.641+0000] {standard_task_runner.py:72} INFO - Started process 546 to run task
[2026-07-26T10:21:52.644+0000] {standard_task_runner.py:104} INFO - Running: ['airflow', 'tasks', 'run', 'dbt_docs_generate_and_publish', 'upload_docs_to_minio', 'scheduled__2026-07-25T02:00:00+00:00', '--job-id', '40', '--raw', '--subdir', 'DAGS_FOLDER/dbt_docs_pipeline.py', '--cfg-path', '/tmp/tmpxpe25hcc']
[2026-07-26T10:21:52.647+0000] {standard_task_runner.py:105} INFO - Job 40: Subtask upload_docs_to_minio
[2026-07-26T10:21:52.723+0000] {task_command.py:467} INFO - Running <TaskInstance: dbt_docs_generate_and_publish.upload_docs_to_minio scheduled__2026-07-25T02:00:00+00:00 [running]> on host a69e4e253d86
[2026-07-26T10:21:52.798+0000] {taskinstance.py:3131} INFO - Exporting env vars: AIRFLOW_CTX_DAG_OWNER='data_engineer' AIRFLOW_CTX_DAG_ID='dbt_docs_generate_and_publish' AIRFLOW_CTX_TASK_ID='upload_docs_to_minio' AIRFLOW_CTX_EXECUTION_DATE='2026-07-25T02:00:00+00:00' AIRFLOW_CTX_TRY_NUMBER='1' AIRFLOW_CTX_DAG_RUN_ID='scheduled__2026-07-25T02:00:00+00:00'
[2026-07-26T10:21:52.801+0000] {taskinstance.py:731} INFO - ::endgroup::
[2026-07-26T10:21:52.806+0000] {dbt_docs_pipeline.py:72} INFO - Đang tiến hành upload file index.html lên bucket dbt-docs...
[2026-07-26T10:21:52.808+0000] {crypto.py:82} WARNING - empty cryptography key - values will not be stored encrypted.
[2026-07-26T10:21:52.810+0000] {base.py:84} INFO - Retrieving connection 'minio_default'
[2026-07-26T10:21:52.812+0000] {connection_wrapper.py:388} INFO - AWS Connection (conn_id='minio_default', conn_type='aws') credentials retrieved from login and ***.
[2026-07-26T10:21:53.241+0000] {dbt_docs_pipeline.py:79} INFO - ✅ Upload thành công: index.html
[2026-07-26T10:21:53.244+0000] {dbt_docs_pipeline.py:72} INFO - Đang tiến hành upload file manifest.json lên bucket dbt-docs...
[2026-07-26T10:21:53.295+0000] {dbt_docs_pipeline.py:79} INFO - ✅ Upload thành công: manifest.json
[2026-07-26T10:21:53.297+0000] {dbt_docs_pipeline.py:72} INFO - Đang tiến hành upload file catalog.json lên bucket dbt-docs...
[2026-07-26T10:21:53.310+0000] {dbt_docs_pipeline.py:79} INFO - ✅ Upload thành công: catalog.json
[2026-07-26T10:21:53.312+0000] {dbt_docs_pipeline.py:87} INFO - 🎉 Toàn bộ tài liệu dbt đã được publish lên MinIO thành công!
[2026-07-26T10:21:53.313+0000] {python.py:240} INFO - Done. Returned value was: None
[2026-07-26T10:21:53.323+0000] {taskinstance.py:340} INFO - ::group::Post task execution logs
[2026-07-26T10:21:53.325+0000] {taskinstance.py:352} INFO - Marking task as SUCCESS. dag_id=dbt_docs_generate_and_publish, task_id=upload_docs_to_minio, run_id=scheduled__2026-07-25T02:00:00+00:00, execution_date=20260725T020000, start_date=20260726T102152, end_date=20260726T102153
[2026-07-26T10:21:53.382+0000] {local_task_job_runner.py:266} INFO - Task exited with return code 0
[2026-07-26T10:21:53.400+0000] {taskinstance.py:3900} INFO - 0 downstream tasks scheduled from follow-on schedule check
[2026-07-26T10:21:53.404+0000] {local_task_job_runner.py:245} INFO - ::endgroup::
[2026-07-26T13:01:37.703+0000] {local_task_job_runner.py:123} INFO - ::group::Pre task execution logs
[2026-07-26T13:01:37.720+0000] {taskinstance.py:2612} INFO - Dependencies all met for dep_context=non-requeueable deps ti=<TaskInstance: dbt_docs_generate_and_publish.upload_docs_to_minio scheduled__2026-07-25T02:00:00+00:00 [queued]>
[2026-07-26T13:01:37.727+0000] {taskinstance.py:2612} INFO - Dependencies all met for dep_context=requeueable deps ti=<TaskInstance: dbt_docs_generate_and_publish.upload_docs_to_minio scheduled__2026-07-25T02:00:00+00:00 [queued]>
[2026-07-26T13:01:37.729+0000] {taskinstance.py:2865} INFO - Starting attempt 1 of 3
[2026-07-26T13:01:37.739+0000] {taskinstance.py:2888} INFO - Executing <Task(_PythonDecoratedOperator): upload_docs_to_minio> on 2026-07-25 02:00:00+00:00
[2026-07-26T13:01:37.744+0000] {standard_task_runner.py:72} INFO - Started process 2515 to run task
[2026-07-26T13:01:37.748+0000] {standard_task_runner.py:104} INFO - Running: ['airflow', 'tasks', 'run', 'dbt_docs_generate_and_publish', 'upload_docs_to_minio', 'scheduled__2026-07-25T02:00:00+00:00', '--job-id', '30', '--raw', '--subdir', 'DAGS_FOLDER/dbt_docs_pipeline.py', '--cfg-path', '/tmp/tmpmqvo1h0g']
[2026-07-26T13:01:37.751+0000] {standard_task_runner.py:105} INFO - Job 30: Subtask upload_docs_to_minio
[2026-07-26T13:01:37.822+0000] {task_command.py:467} INFO - Running <TaskInstance: dbt_docs_generate_and_publish.upload_docs_to_minio scheduled__2026-07-25T02:00:00+00:00 [running]> on host a0b459f8cde6
[2026-07-26T13:01:37.897+0000] {taskinstance.py:3131} INFO - Exporting env vars: AIRFLOW_CTX_DAG_OWNER='data_engineer' AIRFLOW_CTX_DAG_ID='dbt_docs_generate_and_publish' AIRFLOW_CTX_TASK_ID='upload_docs_to_minio' AIRFLOW_CTX_EXECUTION_DATE='2026-07-25T02:00:00+00:00' AIRFLOW_CTX_TRY_NUMBER='1' AIRFLOW_CTX_DAG_RUN_ID='scheduled__2026-07-25T02:00:00+00:00'
[2026-07-26T13:01:37.900+0000] {taskinstance.py:731} INFO - ::endgroup::
[2026-07-26T13:01:37.905+0000] {dbt_docs_pipeline.py:72} INFO - Đang tiến hành upload file index.html lên bucket dbt-docs...
[2026-07-26T13:01:37.907+0000] {crypto.py:82} WARNING - empty cryptography key - values will not be stored encrypted.
[2026-07-26T13:01:37.909+0000] {base.py:84} INFO - Retrieving connection 'minio_default'
[2026-07-26T13:01:37.911+0000] {connection_wrapper.py:388} INFO - AWS Connection (conn_id='minio_default', conn_type='aws') credentials retrieved from login and ***.
[2026-07-26T13:01:38.341+0000] {dbt_docs_pipeline.py:79} INFO - ✅ Upload thành công: index.html
[2026-07-26T13:01:38.344+0000] {dbt_docs_pipeline.py:72} INFO - Đang tiến hành upload file manifest.json lên bucket dbt-docs...
[2026-07-26T13:01:38.399+0000] {dbt_docs_pipeline.py:79} INFO - ✅ Upload thành công: manifest.json
[2026-07-26T13:01:38.402+0000] {dbt_docs_pipeline.py:72} INFO - Đang tiến hành upload file catalog.json lên bucket dbt-docs...
[2026-07-26T13:01:38.419+0000] {dbt_docs_pipeline.py:79} INFO - ✅ Upload thành công: catalog.json
[2026-07-26T13:01:38.420+0000] {dbt_docs_pipeline.py:87} INFO - 🎉 Toàn bộ tài liệu dbt đã được publish lên MinIO thành công!
[2026-07-26T13:01:38.422+0000] {python.py:240} INFO - Done. Returned value was: None
[2026-07-26T13:01:38.437+0000] {taskinstance.py:340} INFO - ::group::Post task execution logs
[2026-07-26T13:01:38.439+0000] {taskinstance.py:352} INFO - Marking task as SUCCESS. dag_id=dbt_docs_generate_and_publish, task_id=upload_docs_to_minio, run_id=scheduled__2026-07-25T02:00:00+00:00, execution_date=20260725T020000, start_date=20260726T130137, end_date=20260726T130138
[2026-07-26T13:01:38.486+0000] {local_task_job_runner.py:266} INFO - Task exited with return code 0
[2026-07-26T13:01:38.503+0000] {taskinstance.py:3900} INFO - 0 downstream tasks scheduled from follow-on schedule check
[2026-07-26T13:01:38.507+0000] {local_task_job_runner.py:245} INFO - ::endgroup::
