[2026-07-20T04:34:31.240+0000] {local_task_job_runner.py:123} INFO - ::group::Pre task execution logs
[2026-07-20T04:34:31.259+0000] {taskinstance.py:2612} INFO - Dependencies all met for dep_context=non-requeueable deps ti=<TaskInstance: dbt_silver_gold_full_load.transform_silver.stg__consumer_complaints.run manual__2026-07-20T04:34:20.399373+00:00 [queued]>
[2026-07-20T04:34:31.268+0000] {taskinstance.py:2612} INFO - Dependencies all met for dep_context=requeueable deps ti=<TaskInstance: dbt_silver_gold_full_load.transform_silver.stg__consumer_complaints.run manual__2026-07-20T04:34:20.399373+00:00 [queued]>
[2026-07-20T04:34:31.270+0000] {taskinstance.py:2865} INFO - Starting attempt 1 of 2
[2026-07-20T04:34:31.282+0000] {taskinstance.py:2888} INFO - Executing <Task(DbtRunLocalOperator): transform_silver.stg__consumer_complaints.run> on 2026-07-20 04:34:20.399373+00:00
[2026-07-20T04:34:31.287+0000] {standard_task_runner.py:72} INFO - Started process 1068 to run task
[2026-07-20T04:34:31.291+0000] {standard_task_runner.py:104} INFO - Running: ['airflow', 'tasks', 'run', 'dbt_silver_gold_full_load', 'transform_silver.stg__consumer_complaints.run', 'manual__2026-07-20T04:34:20.399373+00:00', '--job-id', '14', '--raw', '--subdir', 'DAGS_FOLDER/dbt_silver_gold.py', '--cfg-path', '/tmp/tmp8oa9pwrl']
[2026-07-20T04:34:31.294+0000] {standard_task_runner.py:105} INFO - Job 14: Subtask transform_silver.stg__consumer_complaints.run
[2026-07-20T04:34:31.375+0000] {task_command.py:467} INFO - Running <TaskInstance: dbt_silver_gold_full_load.transform_silver.stg__consumer_complaints.run manual__2026-07-20T04:34:20.399373+00:00 [running]> on host 8a8ae89cbbd7
[2026-07-20T04:34:31.449+0000] {taskinstance.py:3131} INFO - Exporting env vars: AIRFLOW_CTX_DAG_OWNER='data_engineer' AIRFLOW_CTX_DAG_ID='dbt_silver_gold_full_load' AIRFLOW_CTX_TASK_ID='transform_silver.stg__consumer_complaints.run' AIRFLOW_CTX_EXECUTION_DATE='2026-07-20T04:34:20.399373+00:00' AIRFLOW_CTX_TRY_NUMBER='1' AIRFLOW_CTX_DAG_RUN_ID='manual__2026-07-20T04:34:20.399373+00:00'
[2026-07-20T04:34:31.451+0000] {taskinstance.py:731} INFO - ::endgroup::
[2026-07-20T04:34:32.352+0000] {local.py:294} INFO - dbtRunner is available. Using dbtRunner for invoking dbt.
[2026-07-20T04:34:32.354+0000] {local.py:518} INFO - Cloning project to writable temp directory /tmp/tmp0gjykpv8 from /opt/airflow/dbt_transform
[2026-07-20T04:34:32.361+0000] {local.py:538} INFO - Partial parse is enabled and the latest partial parse file is /tmp/cosmos/dbt_silver_gold_full_load__transform_silver/target/partial_parse.msgpack
[2026-07-20T04:34:32.371+0000] {config.py:395} INFO - Using user-supplied profiles.yml at /opt/airflow/dbt_transform/profiles.yml
[2026-07-20T04:34:32.383+0000] {runner.py:95} INFO - Trying to run dbtRunner with:
 ['deps', '--project-dir', '/tmp/tmp0gjykpv8', '--profiles-dir', '/opt/airflow/dbt_transform', '--profile', 'lakehouse_dbt', '--target', 'dev', '--no-static-parser']
 in /tmp/tmp0gjykpv8
[2026-07-20T04:34:32.450+0000] {logging_mixin.py:190} INFO - 04:34:32  Running with dbt=1.8.8
[2026-07-20T04:34:32.557+0000] {converter.py:314} INFO - ::group::Cosmos DAG parsing logs
[2026-07-20T04:34:32.561+0000] {graph.py:869} INFO - Trying to parse the dbt project using dbt ls cache cosmos_cache__dbt_silver_gold_incremental__transform_silver...
[2026-07-20T04:34:35.759+0000] {cache.py:383} INFO - Cosmos performance: time to calculate cache identifier cosmos_cache__dbt_silver_gold_incremental__transform_silver for current version: 3.1885891219999394
[2026-07-20T04:34:35.761+0000] {graph.py:886} INFO - Cosmos performance [8a8ae89cbbd7|1068]: The cache size for cosmos_cache__dbt_silver_gold_incremental__transform_silver is 5960
[2026-07-20T04:34:35.762+0000] {graph.py:898} INFO - Cosmos performance: Cache hit for cosmos_cache__dbt_silver_gold_incremental__transform_silver - ccb89f537d6e9098d854bb64f1ff230b,5e34606eb5f2b3dea81a8e19fa3ba138
[2026-07-20T04:34:35.763+0000] {graph.py:799} INFO - Total nodes: 7
[2026-07-20T04:34:35.765+0000] {graph.py:800} INFO - Total filtered nodes: 7
[2026-07-20T04:34:35.766+0000] {converter.py:361} INFO - Cosmos performance (dbt_silver_gold_incremental__transform_silver) - [8a8ae89cbbd7|1068]: It took 3.21s to parse the dbt project for DAG using dbt_ls_cache
[2026-07-20T04:34:35.779+0000] {converter.py:413} INFO - Cosmos performance (dbt_silver_gold_incremental__transform_silver) - [8a8ae89cbbd7|1068]: It took 0.0123s to build the Airflow DAG.
[2026-07-20T04:34:35.781+0000] {converter.py:420} INFO - ::endgroup::Cosmos DAG parsing logs
[2026-07-20T04:34:35.783+0000] {converter.py:314} INFO - ::group::Cosmos DAG parsing logs
[2026-07-20T04:34:35.788+0000] {graph.py:869} INFO - Trying to parse the dbt project using dbt ls cache cosmos_cache__dbt_silver_gold_incremental__transform_gold...
[2026-07-20T04:34:38.974+0000] {cache.py:383} INFO - Cosmos performance: time to calculate cache identifier cosmos_cache__dbt_silver_gold_incremental__transform_gold for current version: 3.1736111560003337
[2026-07-20T04:34:38.976+0000] {graph.py:886} INFO - Cosmos performance [8a8ae89cbbd7|1068]: The cache size for cosmos_cache__dbt_silver_gold_incremental__transform_gold is 35986
[2026-07-20T04:34:38.978+0000] {graph.py:898} INFO - Cosmos performance: Cache hit for cosmos_cache__dbt_silver_gold_incremental__transform_gold - ccb89f537d6e9098d854bb64f1ff230b,304321e940a9403dceb380589bd0566f
[2026-07-20T04:34:38.979+0000] {graph.py:799} INFO - Total nodes: 39
[2026-07-20T04:34:38.981+0000] {graph.py:800} INFO - Total filtered nodes: 39
[2026-07-20T04:34:38.982+0000] {converter.py:361} INFO - Cosmos performance (dbt_silver_gold_incremental__transform_gold) - [8a8ae89cbbd7|1068]: It took 3.19s to parse the dbt project for DAG using dbt_ls_cache
[2026-07-20T04:34:39.019+0000] {converter.py:413} INFO - Cosmos performance (dbt_silver_gold_incremental__transform_gold) - [8a8ae89cbbd7|1068]: It took 0.0375s to build the Airflow DAG.
[2026-07-20T04:34:39.021+0000] {converter.py:420} INFO - ::endgroup::Cosmos DAG parsing logs
[2026-07-20T04:34:39.024+0000] {converter.py:314} INFO - ::group::Cosmos DAG parsing logs
[2026-07-20T04:34:39.027+0000] {graph.py:869} INFO - Trying to parse the dbt project using dbt ls cache cosmos_cache__dbt_silver_gold_full_load__transform_silver...
[2026-07-20T04:34:42.195+0000] {cache.py:383} INFO - Cosmos performance: time to calculate cache identifier cosmos_cache__dbt_silver_gold_full_load__transform_silver for current version: 3.1578672160003407
[2026-07-20T04:34:42.200+0000] {graph.py:886} INFO - Cosmos performance [8a8ae89cbbd7|1068]: The cache size for cosmos_cache__dbt_silver_gold_full_load__transform_silver is 5960
[2026-07-20T04:34:42.203+0000] {graph.py:898} INFO - Cosmos performance: Cache hit for cosmos_cache__dbt_silver_gold_full_load__transform_silver - ccb89f537d6e9098d854bb64f1ff230b,5e34606eb5f2b3dea81a8e19fa3ba138
[2026-07-20T04:34:42.205+0000] {graph.py:799} INFO - Total nodes: 7
[2026-07-20T04:34:42.210+0000] {graph.py:800} INFO - Total filtered nodes: 7
[2026-07-20T04:34:42.214+0000] {converter.py:361} INFO - Cosmos performance (dbt_silver_gold_full_load__transform_silver) - [8a8ae89cbbd7|1068]: It took 3.19s to parse the dbt project for DAG using dbt_ls_cache
[2026-07-20T04:34:42.231+0000] {converter.py:413} INFO - Cosmos performance (dbt_silver_gold_full_load__transform_silver) - [8a8ae89cbbd7|1068]: It took 0.0167s to build the Airflow DAG.
[2026-07-20T04:34:42.232+0000] {converter.py:420} INFO - ::endgroup::Cosmos DAG parsing logs
[2026-07-20T04:34:42.234+0000] {converter.py:314} INFO - ::group::Cosmos DAG parsing logs
[2026-07-20T04:34:42.237+0000] {graph.py:869} INFO - Trying to parse the dbt project using dbt ls cache cosmos_cache__dbt_silver_gold_full_load__transform_gold...
[2026-07-20T04:34:45.868+0000] {cache.py:383} INFO - Cosmos performance: time to calculate cache identifier cosmos_cache__dbt_silver_gold_full_load__transform_gold for current version: 3.621100937999472
[2026-07-20T04:34:45.870+0000] {graph.py:886} INFO - Cosmos performance [8a8ae89cbbd7|1068]: The cache size for cosmos_cache__dbt_silver_gold_full_load__transform_gold is 35986
[2026-07-20T04:34:45.872+0000] {graph.py:898} INFO - Cosmos performance: Cache hit for cosmos_cache__dbt_silver_gold_full_load__transform_gold - ccb89f537d6e9098d854bb64f1ff230b,304321e940a9403dceb380589bd0566f
[2026-07-20T04:34:45.874+0000] {graph.py:799} INFO - Total nodes: 39
[2026-07-20T04:34:45.875+0000] {graph.py:800} INFO - Total filtered nodes: 39
[2026-07-20T04:34:45.876+0000] {converter.py:361} INFO - Cosmos performance (dbt_silver_gold_full_load__transform_gold) - [8a8ae89cbbd7|1068]: It took 3.64s to parse the dbt project for DAG using dbt_ls_cache
[2026-07-20T04:34:45.923+0000] {converter.py:413} INFO - Cosmos performance (dbt_silver_gold_full_load__transform_gold) - [8a8ae89cbbd7|1068]: It took 0.0466s to build the Airflow DAG.
[2026-07-20T04:34:45.924+0000] {converter.py:420} INFO - ::endgroup::Cosmos DAG parsing logs
[2026-07-20T04:34:46.701+0000] {logging_mixin.py:190} INFO - 04:34:46  Installing dbt-labs/dbt_utils
[2026-07-20T04:34:47.437+0000] {logging_mixin.py:190} INFO - 04:34:47  Installed from version 1.3.0
[2026-07-20T04:34:47.440+0000] {logging_mixin.py:190} INFO - 04:34:47  Updated version available: 1.4.1
[2026-07-20T04:34:47.442+0000] {logging_mixin.py:190} INFO - 04:34:47  Installing metaplane/dbt_expectations
[2026-07-20T04:34:49.321+0000] {logging_mixin.py:190} INFO - 04:34:49  Installed from version 0.10.8
[2026-07-20T04:34:49.324+0000] {logging_mixin.py:190} INFO - 04:34:49  Updated version available: 0.10.10
[2026-07-20T04:34:49.327+0000] {logging_mixin.py:190} INFO - 04:34:49  Installing godatadriven/dbt_date
[2026-07-20T04:34:49.866+0000] {logging_mixin.py:190} INFO - 04:34:49  Installed from version 0.15.0
[2026-07-20T04:34:49.869+0000] {logging_mixin.py:190} INFO - 04:34:49  Up to date!
[2026-07-20T04:34:49.872+0000] {logging_mixin.py:190} INFO - 04:34:49
[2026-07-20T04:34:49.875+0000] {logging_mixin.py:190} INFO - 04:34:49  Updates available for packages: ['dbt-labs/dbt_utils', 'metaplane/dbt_expectations']                 
Update your versions in packages.yml, then run dbt deps
[2026-07-20T04:34:51.324+0000] {runner.py:95} INFO - Trying to run dbtRunner with:
 ['run', '--select', 'fqn:consumer_complaints_transformation.staging.stg__consumer_complaints', '--full-refresh', '--project-dir', '/tmp/tmp0gjykpv8', '--profiles-dir', '/opt/airflow/dbt_transform', '--profile', 'lakehouse_dbt', '--target', 'dev', '--no-static-parser']
 in /tmp/tmp0gjykpv8
[2026-07-20T04:34:51.358+0000] {logging_mixin.py:190} INFO - 04:34:51  Running with dbt=1.8.8
[2026-07-20T04:34:51.391+0000] {auth.py:343} INFO - keyring module not found. OAuth2 token will not be stored in keyring.
[2026-07-20T04:34:51.395+0000] {auth.py:343} INFO - keyring module not found. OAuth2 token will not be stored in keyring.
[2026-07-20T04:34:51.504+0000] {logging_mixin.py:190} INFO - 04:34:51  Registered adapter: trino=1.8.5
[2026-07-20T04:34:51.794+0000] {logging_mixin.py:190} INFO - 04:34:51  Unable to do partial parsing because config vars, config profile, or config target have changed
[2026-07-20T04:34:53.582+0000] {logging_mixin.py:190} INFO - 04:34:53  [WARNING]: Deprecated functionality
The `tests` config has been renamed to `data_tests`. Please see
https://docs.getdbt.com/docs/build/data-tests#new-data_tests-syntax for more
information.
[2026-07-20T04:34:54.353+0000] {logging_mixin.py:190} INFO - 04:34:54  Found 8 models, 40 data tests, 1 source, 9 metrics, 839 macros, 5 semantic models
[2026-07-20T04:34:54.357+0000] {logging_mixin.py:190} INFO - 04:34:54
[2026-07-20T04:34:54.384+0000] {logging_mixin.py:190} INFO - 04:34:54  [WARNING]: SSL certificate validation is disabled by default. It is legacy behavior which will be changed in future releases. It is strongly advised to enable `require_certificate_validation` flag or explicitly set `cert` configuration to `True` for security reasons. You may receive an error after that if your SSL setup is incorrect.
You may opt into the new behavior sooner by setting `flags.require_certificate_validation` to `True` in `dbt_project.yml`.
Visit https://docs.getdbt.com/reference/global-configs/behavior-changes for more information.
[2026-07-20T04:34:55.224+0000] {logging_mixin.py:190} INFO - 04:34:55  Concurrency: 1 threads (target='dev')
[2026-07-20T04:34:55.226+0000] {logging_mixin.py:190} INFO - 04:34:55
[2026-07-20T04:34:55.231+0000] {logging_mixin.py:190} INFO - 04:34:55  1 of 1 START sql incremental model silver.stg__consumer_complaints ............. [RUN]
[2026-07-20T04:35:02.253+0000] {logging_mixin.py:190} INFO - 04:35:02  1 of 1 OK created sql incremental model silver.stg__consumer_complaints ........ [CREATE TABLE (77_183 rows) in 7.02s]
[2026-07-20T04:35:02.259+0000] {logging_mixin.py:190} INFO - 04:35:02
[2026-07-20T04:35:02.261+0000] {logging_mixin.py:190} INFO - 04:35:02  Finished running 1 incremental model in 0 hours 0 minutes and 7.90 seconds (7.90s).
[2026-07-20T04:35:02.317+0000] {logging_mixin.py:190} INFO - 04:35:02
[2026-07-20T04:35:02.319+0000] {logging_mixin.py:190} INFO - 04:35:02  Completed successfully
[2026-07-20T04:35:02.322+0000] {logging_mixin.py:190} INFO - 04:35:02
[2026-07-20T04:35:02.324+0000] {logging_mixin.py:190} INFO - 04:35:02  Done. PASS=1 WARN=0 ERROR=0 SKIP=0 TOTAL=1
[2026-07-20T04:35:03.594+0000] {local.py:196} WARNING - Artifact schema version: https://schemas.getdbt.com/dbt/manifest/v12.json is above dbt-ol supported version 7. This might cause errors.
[2026-07-20T04:35:03.603+0000] {local.py:594} INFO - Inlets: []
[2026-07-20T04:35:03.605+0000] {local.py:595} INFO - Outlets: []
[2026-07-20T04:35:03.607+0000] {local.py:886} INFO - Assigning inlets/outlets with DatasetAlias in Airflow 2
[2026-07-20T04:35:03.693+0000] {taskinstance.py:340} INFO - ::group::Post task execution logs
[2026-07-20T04:35:03.696+0000] {taskinstance.py:352} INFO - Marking task as SUCCESS. dag_id=dbt_silver_gold_full_load, task_id=transform_silver.stg__consumer_complaints.run, run_id=manual__2026-07-20T04:34:20.399373+00:00, execution_date=20260720T043420, start_date=20260720T043431, end_date=20260720T043503
[2026-07-20T04:35:04.709+0000] {_client.py:1026} INFO - HTTP Request: GET https://astronomer.gateway.scarf.sh/astronomer-cosmos/v3/task_instance?cosmos_version=1.15.0&airflow_version=2.10.2&python_version=3.10.15&platform_system=Linux&platform_machine=x86_64&status=success&operator_name=DbtRunLocalOperator&is_cosmos_operator_subclass=False&invocation_mode=dbt_runner&execution_mode=local&profile_strategy=yaml_file&profile_mapping_class=None&database=trino&is_mapped_task=False&dbt_command=run&install_deps=True&has_callback=False&duration=32.435143 "HTTP/1.1 200 OK"
[2026-07-20T04:35:04.760+0000] {local_task_job_runner.py:266} INFO - Task exited with return code 0
[2026-07-20T04:35:04.792+0000] {taskinstance.py:3900} INFO - 0 downstream tasks scheduled from follow-on schedule check
[2026-07-20T04:35:04.795+0000] {local_task_job_runner.py:245} INFO - ::endgroup::
