[2026-07-20T03:15:25.096+0000] {local_task_job_runner.py:123} INFO - ::group::Pre task execution logs
[2026-07-20T03:15:25.114+0000] {taskinstance.py:2612} INFO - Dependencies all met for dep_context=non-requeueable deps ti=<TaskInstance: wap_incremental_cfpb_pipeline.audit_on_branch scheduled__2026-07-19T00:00:00+00:00 [queued]>
[2026-07-20T03:15:25.124+0000] {taskinstance.py:2612} INFO - Dependencies all met for dep_context=requeueable deps ti=<TaskInstance: wap_incremental_cfpb_pipeline.audit_on_branch scheduled__2026-07-19T00:00:00+00:00 [queued]>
[2026-07-20T03:15:25.125+0000] {taskinstance.py:2865} INFO - Starting attempt 1 of 1
[2026-07-20T03:15:25.136+0000] {taskinstance.py:2888} INFO - Executing <Task(_PythonDecoratedOperator): audit_on_branch> on 2026-07-19 00:00:00+00:00
[2026-07-20T03:15:25.142+0000] {standard_task_runner.py:72} INFO - Started process 1020 to run task
[2026-07-20T03:15:25.145+0000] {standard_task_runner.py:104} INFO - Running: ['airflow', 'tasks', 'run', 'wap_incremental_cfpb_pipeline', 'audit_on_branch', 'scheduled__2026-07-19T00:00:00+00:00', '--job-id', '10', '--raw', '--subdir', 'DAGS_FOLDER/wap_incremental_cfpb_pipeline.py', '--cfg-path', '/tmp/tmp1kba7jpb']
[2026-07-20T03:15:25.147+0000] {standard_task_runner.py:105} INFO - Job 10: Subtask audit_on_branch
[2026-07-20T03:15:25.214+0000] {task_command.py:467} INFO - Running <TaskInstance: wap_incremental_cfpb_pipeline.audit_on_branch scheduled__2026-07-19T00:00:00+00:00 [running]> on host f5e745c7acdb
[2026-07-20T03:15:25.304+0000] {taskinstance.py:3131} INFO - Exporting env vars: AIRFLOW_CTX_DAG_OWNER='airflow' AIRFLOW_CTX_DAG_ID='wap_incremental_cfpb_pipeline' AIRFLOW_CTX_TASK_ID='audit_on_branch' AIRFLOW_CTX_EXECUTION_DATE='2026-07-19T00:00:00+00:00' AIRFLOW_CTX_TRY_NUMBER='1' AIRFLOW_CTX_DAG_RUN_ID='scheduled__2026-07-19T00:00:00+00:00'
[2026-07-20T03:15:25.307+0000] {taskinstance.py:731} INFO - ::endgroup::
[2026-07-20T03:15:25.310+0000] {crypto.py:82} WARNING - empty cryptography key - values will not be stored encrypted.
[2026-07-20T03:15:25.312+0000] {base.py:84} INFO - Retrieving connection 'minio_default'
[2026-07-20T03:15:25.314+0000] {base.py:84} INFO - Retrieving connection 'nessie_api_default'
[2026-07-20T03:15:25.406+0000] {duckdb_to_bronze.py:63} INFO - Đã khởi tạo DuckDB và PyIceberg Catalog trên nhánh 'etl_20260719_scheduled202607'.
[2026-07-20T03:15:25.423+0000] {__init__.py:331} INFO - Loaded FileIO: pyiceberg.io.fsspec.FsspecFileIO
[2026-07-20T03:15:25.426+0000] {wap_incremental_cfpb_pipeline.py:207} INFO - 🔍 Đang Audit qua DuckDB Native (iceberg_scan)...
[2026-07-20T03:15:25.428+0000] {duckdb_to_bronze.py:189} INFO - Đang thực thi Audit Query qua DuckDB: 
                SELECT 
                    COUNT(*) as total_rows,
                    COUNT(_rescued_data) as drifted_rows
                FROM iceberg_scan('s3://lakehouse/bronze/raw_consumer_complaints_c906fc3c-0dcb-40b8-8178-6badaa0fbc9b/metadata/00000-6225edc8-6f3a-4d83-9a7f-76e3c27f73f8.metadata.json')
                WHERE _run_id = 'scheduled__2026-07-19T00:00:00+00:00'
            
[2026-07-20T03:15:25.447+0000] {duckdb_to_bronze.py:195} INFO - Đã đóng kết nối DuckDB an toàn.
[2026-07-20T03:15:25.448+0000] {wap_incremental_cfpb_pipeline.py:219} INFO - ✅ AUDIT PASS: Đối soát thành công (40 rows). Sẵn sàng Publish.
[2026-07-20T03:15:25.450+0000] {python.py:240} INFO - Done. Returned value was: {'wap_branch': 'etl_20260719_scheduled202607', 'total_inserted_rows': 40, 'total_extracted_rows': 40, 'run_id': 'scheduled__2026-07-19T00:00:00+00:00', 'audit_passed': True}
[2026-07-20T03:15:25.489+0000] {taskinstance.py:340} INFO - ::group::Post task execution logs
[2026-07-20T03:15:25.491+0000] {taskinstance.py:352} INFO - Marking task as SUCCESS. dag_id=wap_incremental_cfpb_pipeline, task_id=audit_on_branch, run_id=scheduled__2026-07-19T00:00:00+00:00, execution_date=20260719T000000, start_date=20260720T031525, end_date=20260720T031525
[2026-07-20T03:15:25.521+0000] {local_task_job_runner.py:266} INFO - Task exited with return code 0
[2026-07-20T03:15:25.549+0000] {taskinstance.py:3900} INFO - 1 downstream tasks scheduled from follow-on schedule check
[2026-07-20T03:15:25.553+0000] {local_task_job_runner.py:245} INFO - ::endgroup::
