[2026-08-07T03:06:21.172+0000] {local_task_job_runner.py:123} INFO - ::group::Pre task execution logs
[2026-08-07T03:06:21.206+0000] {taskinstance.py:2612} INFO - Dependencies all met for dep_context=non-requeueable deps ti=<TaskInstance: logistics_orders_full_load.reconciliation_summary manual__2026-08-07T02:58:10.811999+00:00 [queued]>
[2026-08-07T03:06:21.224+0000] {taskinstance.py:2612} INFO - Dependencies all met for dep_context=requeueable deps ti=<TaskInstance: logistics_orders_full_load.reconciliation_summary manual__2026-08-07T02:58:10.811999+00:00 [queued]>
[2026-08-07T03:06:21.227+0000] {taskinstance.py:2865} INFO - Starting attempt 1 of 1
[2026-08-07T03:06:21.247+0000] {taskinstance.py:2888} INFO - Executing <Task(_PythonDecoratedOperator): reconciliation_summary> on 2026-08-07 02:58:10.811999+00:00
[2026-08-07T03:06:21.256+0000] {standard_task_runner.py:72} INFO - Started process 2792 to run task
[2026-08-07T03:06:21.261+0000] {standard_task_runner.py:104} INFO - Running: ['airflow', 'tasks', 'run', 'logistics_orders_full_load', 'reconciliation_summary', 'manual__2026-08-07T02:58:10.811999+00:00', '--job-id', '11', '--raw', '--subdir', 'DAGS_FOLDER/logistics_full_load.py', '--cfg-path', '/tmp/tmppa6ipoby']
[2026-08-07T03:06:21.265+0000] {standard_task_runner.py:105} INFO - Job 11: Subtask reconciliation_summary
[2026-08-07T03:06:21.372+0000] {task_command.py:467} INFO - Running <TaskInstance: logistics_orders_full_load.reconciliation_summary manual__2026-08-07T02:58:10.811999+00:00 [running]> on host 11b57f220b99
[2026-08-07T03:06:21.496+0000] {taskinstance.py:3131} INFO - Exporting env vars: AIRFLOW_CTX_DAG_OWNER='airflow' AIRFLOW_CTX_DAG_ID='logistics_orders_full_load' AIRFLOW_CTX_TASK_ID='reconciliation_summary' AIRFLOW_CTX_EXECUTION_DATE='2026-08-07T02:58:10.811999+00:00' AIRFLOW_CTX_TRY_NUMBER='1' AIRFLOW_CTX_DAG_RUN_ID='manual__2026-08-07T02:58:10.811999+00:00'
[2026-08-07T03:06:21.499+0000] {taskinstance.py:731} INFO - ::endgroup::
[2026-08-07T03:06:21.502+0000] {logistics_full_load.py:228} INFO - 
        📊 BÁO CÁO FULL LOAD ĐỐI SOÁT
        - Run ID: manual__2026-08-07T02:58:10.811999+00:00
        - Dữ liệu API (Extracted): 200,000
        - Nạp Bronze  (Inserted) : 200,000
        - Dữ liệu lỗi (Rescued)  : 0
        
[2026-08-07T03:06:21.504+0000] {python.py:240} INFO - Done. Returned value was: None
[2026-08-07T03:06:21.520+0000] {taskinstance.py:340} INFO - ::group::Post task execution logs
[2026-08-07T03:06:21.522+0000] {taskinstance.py:352} INFO - Marking task as SUCCESS. dag_id=logistics_orders_full_load, task_id=reconciliation_summary, run_id=manual__2026-08-07T02:58:10.811999+00:00, execution_date=20260807T025810, start_date=20260807T030621, end_date=20260807T030621
[2026-08-07T03:06:21.558+0000] {local_task_job_runner.py:266} INFO - Task exited with return code 0
[2026-08-07T03:06:21.582+0000] {taskinstance.py:3900} INFO - 0 downstream tasks scheduled from follow-on schedule check
[2026-08-07T03:06:21.585+0000] {local_task_job_runner.py:245} INFO - ::endgroup::
