[2026-07-04T13:16:13.411+0000] {taskinstance.py:1979} INFO - Dependencies all met for dep_context=non-requeueable deps ti=<TaskInstance: dbt_silver_gold.gold_layer.time_spine_run scheduled__2026-07-03T00:00:00+00:00 [queued]>
[2026-07-04T13:16:13.426+0000] {taskinstance.py:1979} INFO - Dependencies all met for dep_context=requeueable deps ti=<TaskInstance: dbt_silver_gold.gold_layer.time_spine_run scheduled__2026-07-03T00:00:00+00:00 [queued]>
[2026-07-04T13:16:13.427+0000] {taskinstance.py:2193} INFO - Starting attempt 1 of 1
[2026-07-04T13:16:13.446+0000] {taskinstance.py:2214} INFO - Executing <Task(DbtRunLocalOperator): gold_layer.time_spine_run> on 2026-07-03 00:00:00+00:00
[2026-07-04T13:16:13.457+0000] {standard_task_runner.py:60} INFO - Started process 280 to run task
[2026-07-04T13:16:13.464+0000] {standard_task_runner.py:87} INFO - Running: ['airflow', 'tasks', 'run', 'dbt_silver_gold', 'gold_layer.time_spine_run', 'scheduled__2026-07-03T00:00:00+00:00', '--job-id', '38', '--raw', '--subdir', 'DAGS_FOLDER/dbt_silver_gold.py', '--cfg-path', '/tmp/tmpdukf1798']
[2026-07-04T13:16:13.466+0000] {standard_task_runner.py:88} INFO - Job 38: Subtask gold_layer.time_spine_run
[2026-07-04T13:16:13.577+0000] {task_command.py:423} INFO - Running <TaskInstance: dbt_silver_gold.gold_layer.time_spine_run scheduled__2026-07-03T00:00:00+00:00 [running]> on host 75f86298c0be
[2026-07-04T13:16:14.201+0000] {taskinstance.py:2510} INFO - Exporting env vars: AIRFLOW_CTX_DAG_OWNER='airflow' AIRFLOW_CTX_DAG_ID='dbt_silver_gold' AIRFLOW_CTX_TASK_ID='gold_layer.time_spine_run' AIRFLOW_CTX_EXECUTION_DATE='2026-07-03T00:00:00+00:00' AIRFLOW_CTX_TRY_NUMBER='1' AIRFLOW_CTX_DAG_RUN_ID='scheduled__2026-07-03T00:00:00+00:00'
[2026-07-04T13:16:15.651+0000] {local.py:244} INFO - dbtRunner is available. Using dbtRunner for invoking dbt.
[2026-07-04T13:16:15.652+0000] {local.py:464} INFO - Cloning project to writable temp directory /tmp/tmpvt26goaz from /opt/airflow/dbt_transform
[2026-07-04T13:16:15.665+0000] {local.py:484} INFO - Partial parse is enabled and the latest partial parse file is None
[2026-07-04T13:16:15.667+0000] {config.py:360} INFO - Using user-supplied profiles.yml at /opt/airflow/dbt_transform/profiles.yml
[2026-07-04T13:16:15.680+0000] {runner.py:60} INFO - Trying to run dbtRunner with:
 ['deps', '--project-dir', '/tmp/tmpvt26goaz', '--profiles-dir', '/opt/airflow/dbt_transform', '--profile', 'lakehouse_dbt', '--target', 'dev', '--no-static-parser']
 in /tmp/tmpvt26goaz
[2026-07-04T13:16:15.812+0000] {logging_mixin.py:188} INFO - 13:16:15  Running with dbt=1.8.7
[2026-07-04T13:16:16.036+0000] {graph.py:611} INFO - Trying to parse the dbt project using dbt ls cache cosmos_cache__dbt_silver_gold__silver_layer...
[2026-07-04T13:16:18.195+0000] {cache.py:320} INFO - Cosmos performance: time to calculate cache identifier cosmos_cache__dbt_silver_gold__silver_layer for current version: 2.141562284999992
[2026-07-04T13:16:18.196+0000] {graph.py:628} INFO - Cosmos performance [75f86298c0be|280]: The cache size for cosmos_cache__dbt_silver_gold__silver_layer is 2980
[2026-07-04T13:16:18.196+0000] {graph.py:636} INFO - Cosmos performance: Cache hit for cosmos_cache__dbt_silver_gold__silver_layer - 4f3ca57f4cfb1bcb0b8f6dd125a24427,5e34606eb5f2b3dea81a8e19fa3ba138
[2026-07-04T13:16:18.197+0000] {graph.py:561} INFO - Total nodes: 4
[2026-07-04T13:16:18.198+0000] {graph.py:562} INFO - Total filtered nodes: 4
[2026-07-04T13:16:18.198+0000] {converter.py:291} INFO - Cosmos performance (dbt_silver_gold__silver_layer) -  [75f86298c0be|280]: It took 2.16s to parse the dbt project for DAG using LoadMode.DBT_LS_CACHE
[2026-07-04T13:16:18.208+0000] {converter.py:336} INFO - Cosmos performance (dbt_silver_gold__silver_layer) - [75f86298c0be|280]: It took 0.00998s to build the Airflow DAG.
[2026-07-04T13:16:18.213+0000] {graph.py:611} INFO - Trying to parse the dbt project using dbt ls cache cosmos_cache__dbt_silver_gold__gold_layer...
[2026-07-04T13:16:20.532+0000] {cache.py:320} INFO - Cosmos performance: time to calculate cache identifier cosmos_cache__dbt_silver_gold__gold_layer for current version: 2.299089737999992
[2026-07-04T13:16:20.533+0000] {graph.py:628} INFO - Cosmos performance [75f86298c0be|280]: The cache size for cosmos_cache__dbt_silver_gold__gold_layer is 28926
[2026-07-04T13:16:20.536+0000] {graph.py:636} INFO - Cosmos performance: Cache hit for cosmos_cache__dbt_silver_gold__gold_layer - 4f3ca57f4cfb1bcb0b8f6dd125a24427,c3a79eb2a33bd9f2182805b663a126a1
[2026-07-04T13:16:20.536+0000] {graph.py:561} INFO - Total nodes: 35
[2026-07-04T13:16:20.537+0000] {graph.py:562} INFO - Total filtered nodes: 35
[2026-07-04T13:16:20.537+0000] {converter.py:291} INFO - Cosmos performance (dbt_silver_gold__gold_layer) -  [75f86298c0be|280]: It took 2.32s to parse the dbt project for DAG using LoadMode.DBT_LS_CACHE
[2026-07-04T13:16:20.541+0000] {graph.py:332} WARNING - Unavailable conversion function for <DbtResourceType.METRIC> (node <metric.consumer_complaints_transformation.avg_response_time_days>). Define a converter function using render_config.node_converters.
[2026-07-04T13:16:20.542+0000] {graph.py:332} WARNING - Unavailable conversion function for <DbtResourceType.METRIC> (node <metric.consumer_complaints_transformation.total_complaints>). Define a converter function using render_config.node_converters.
[2026-07-04T13:16:20.591+0000] {graph.py:332} WARNING - Unavailable conversion function for <DbtResourceType.SEMANTIC_MODEL> (node <semantic_model.consumer_complaints_transformation.complaints>). Define a converter function using render_config.node_converters.
[2026-07-04T13:16:20.592+0000] {converter.py:336} INFO - Cosmos performance (dbt_silver_gold__gold_layer) - [75f86298c0be|280]: It took 0.0551s to build the Airflow DAG.
[2026-07-04T13:16:21.252+0000] {logging_mixin.py:188} INFO - 13:16:21  Installing dbt-labs/dbt_utils
[2026-07-04T13:16:22.647+0000] {logging_mixin.py:188} INFO - 13:16:22  Installed from version 1.3.0
[2026-07-04T13:16:22.649+0000] {logging_mixin.py:188} INFO - 13:16:22  Updated version available: 1.4.1
[2026-07-04T13:16:22.651+0000] {logging_mixin.py:188} INFO - 13:16:22  Installing metaplane/dbt_expectations
[2026-07-04T13:16:24.595+0000] {logging_mixin.py:188} INFO - 13:16:24  Installed from version 0.10.8
[2026-07-04T13:16:24.596+0000] {logging_mixin.py:188} INFO - 13:16:24  Updated version available: 0.10.10
[2026-07-04T13:16:24.598+0000] {logging_mixin.py:188} INFO - 13:16:24  Installing godatadriven/dbt_date
[2026-07-04T13:16:25.162+0000] {logging_mixin.py:188} INFO - 13:16:25  Installed from version 0.15.0
[2026-07-04T13:16:25.163+0000] {logging_mixin.py:188} INFO - 13:16:25  Up to date!
[2026-07-04T13:16:25.165+0000] {logging_mixin.py:188} INFO - 13:16:25
[2026-07-04T13:16:25.166+0000] {logging_mixin.py:188} INFO - 13:16:25  Updates available for packages: ['dbt-labs/dbt_utils', 'metaplane/dbt_expectations']                 
Update your versions in packages.yml, then run dbt deps
[2026-07-04T13:16:26.176+0000] {runner.py:60} INFO - Trying to run dbtRunner with:
 ['run', '--models', 'time_spine', '--project-dir', '/tmp/tmpvt26goaz', '--profiles-dir', '/opt/airflow/dbt_transform', '--profile', 'lakehouse_dbt', '--target', 'dev', '--no-static-parser']
 in /tmp/tmpvt26goaz
[2026-07-04T13:16:26.209+0000] {logging_mixin.py:188} INFO - 13:16:26  Running with dbt=1.8.7
[2026-07-04T13:16:26.263+0000] {auth.py:343} INFO - keyring module not found. OAuth2 token will not be stored in keyring.
[2026-07-04T13:16:26.268+0000] {auth.py:343} INFO - keyring module not found. OAuth2 token will not be stored in keyring.
[2026-07-04T13:16:26.480+0000] {logging_mixin.py:188} INFO - 13:16:26  Registered adapter: trino=1.8.5
[2026-07-04T13:16:27.119+0000] {logging_mixin.py:188} INFO - 13:16:27  Unable to do partial parsing because saved manifest not found. Starting full parse.
[2026-07-04T13:16:31.854+0000] {logging_mixin.py:188} INFO - 13:16:31  [WARNING]: Deprecated functionality
The `tests` config has been renamed to `data_tests`. Please see
https://docs.getdbt.com/docs/build/data-tests#new-data_tests-syntax for more
information.
[2026-07-04T13:16:34.454+0000] {logging_mixin.py:188} INFO - 13:16:34  Found 9 models, 26 data tests, 1 source, 2 metrics, 838 macros, 1 semantic model
[2026-07-04T13:16:34.463+0000] {logging_mixin.py:188} INFO - 13:16:34
[2026-07-04T13:16:34.595+0000] {logging_mixin.py:188} INFO - 13:16:34  [WARNING]: SSL certificate validation is disabled by default. It is legacy behavior which will be changed in future releases. It is strongly advised to enable `require_certificate_validation` flag or explicitly set `cert` configuration to `True` for security reasons. You may receive an error after that if your SSL setup is incorrect.
You may opt into the new behavior sooner by setting `flags.require_certificate_validation` to `True` in `dbt_project.yml`.
Visit https://docs.getdbt.com/reference/global-configs/behavior-changes for more information.
[2026-07-04T13:16:35.827+0000] {logging_mixin.py:188} INFO - 13:16:35  Concurrency: 4 threads (target='dev')
[2026-07-04T13:16:35.833+0000] {logging_mixin.py:188} INFO - 13:16:35
[2026-07-04T13:16:35.872+0000] {logging_mixin.py:188} INFO - 13:16:35  1 of 1 START sql table model gold.time_spine ................................... [RUN]
[2026-07-04T13:16:38.727+0000] {logging_mixin.py:188} INFO - 13:16:38  1 of 1 OK created sql table model gold.time_spine .............................. [CREATE TABLE (2_191 rows) in 2.84s]
[2026-07-04T13:16:38.733+0000] {logging_mixin.py:188} INFO - 13:16:38
[2026-07-04T13:16:38.734+0000] {logging_mixin.py:188} INFO - 13:16:38  Finished running 1 table model in 0 hours 0 minutes and 4.27 seconds (4.27s).
[2026-07-04T13:16:38.800+0000] {logging_mixin.py:188} INFO - 13:16:38
[2026-07-04T13:16:38.802+0000] {logging_mixin.py:188} INFO - 13:16:38  Completed successfully
[2026-07-04T13:16:38.803+0000] {logging_mixin.py:188} INFO - 13:16:38
[2026-07-04T13:16:38.804+0000] {logging_mixin.py:188} INFO - 13:16:38  Done. PASS=1 WARN=0 ERROR=0 SKIP=0 TOTAL=1
[2026-07-04T13:16:40.284+0000] {local.py:138} WARNING - Artifact schema version: https://schemas.getdbt.com/dbt/manifest/v12.json is above dbt-ol supported version 7. This might cause errors.
[2026-07-04T13:16:40.286+0000] {local.py:138} WARNING - Artifact schema version: https://schemas.getdbt.com/dbt/run-results/v6.json is above dbt-ol supported version 5. This might cause errors.
[2026-07-04T13:16:40.300+0000] {local.py:538} INFO - Inlets: []
[2026-07-04T13:16:40.301+0000] {local.py:539} INFO - Outlets: []
[2026-07-04T13:16:40.303+0000] {local.py:761} INFO - Assigning inlets/outlets without DatasetAlias
[2026-07-04T13:16:40.308+0000] {dag.py:3047} INFO - Sync 1 DAGs
[2026-07-04T13:16:40.488+0000] {taskinstance.py:1149} INFO - Marking task as SUCCESS. dag_id=dbt_silver_gold, task_id=gold_layer.time_spine_run, execution_date=20260703T000000, start_date=20260704T131613, end_date=20260704T131640
[2026-07-04T13:16:40.582+0000] {local_task_job_runner.py:234} INFO - Task exited with return code 0
[2026-07-04T13:16:40.923+0000] {taskinstance.py:3309} INFO - 1 downstream tasks scheduled from follow-on schedule check
