[2026-07-16T01:26:44.011+0000] {local_task_job_runner.py:123} INFO - ::group::Pre task execution logs
[2026-07-16T01:26:44.036+0000] {taskinstance.py:2612} INFO - Dependencies all met for dep_context=non-requeueable deps ti=<TaskInstance: wap_consumer_complaints_pipeline.extract_and_upload scheduled__2026-07-15T00:00:00+00:00 map_index=0 [queued]>
[2026-07-16T01:26:44.048+0000] {taskinstance.py:2612} INFO - Dependencies all met for dep_context=requeueable deps ti=<TaskInstance: wap_consumer_complaints_pipeline.extract_and_upload scheduled__2026-07-15T00:00:00+00:00 map_index=0 [queued]>
[2026-07-16T01:26:44.050+0000] {taskinstance.py:2865} INFO - Starting attempt 1 of 2
[2026-07-16T01:26:44.064+0000] {taskinstance.py:2888} INFO - Executing <Mapped(_PythonDecoratedOperator): extract_and_upload> on 2026-07-15 00:00:00+00:00
[2026-07-16T01:26:44.071+0000] {standard_task_runner.py:72} INFO - Started process 569 to run task
[2026-07-16T01:26:44.075+0000] {standard_task_runner.py:104} INFO - Running: ['airflow', 'tasks', 'run', 'wap_consumer_complaints_pipeline', 'extract_and_upload', 'scheduled__2026-07-15T00:00:00+00:00', '--job-id', '5', '--raw', '--subdir', 'DAGS_FOLDER/wap_consumer_complaints_pipeline.py', '--cfg-path', '/tmp/tmpbakqk_c_', '--map-index', '0']
[2026-07-16T01:26:44.077+0000] {standard_task_runner.py:105} INFO - Job 5: Subtask extract_and_upload
[2026-07-16T01:26:44.154+0000] {task_command.py:467} INFO - Running <TaskInstance: wap_consumer_complaints_pipeline.extract_and_upload scheduled__2026-07-15T00:00:00+00:00 map_index=0 [running]> on host ea8719a8a5a2
[2026-07-16T01:26:44.263+0000] {taskinstance.py:3131} INFO - Exporting env vars: AIRFLOW_CTX_DAG_OWNER='data_engineer' AIRFLOW_CTX_DAG_ID='wap_consumer_complaints_pipeline' AIRFLOW_CTX_TASK_ID='extract_and_upload' AIRFLOW_CTX_EXECUTION_DATE='2026-07-15T00:00:00+00:00' AIRFLOW_CTX_TRY_NUMBER='1' AIRFLOW_CTX_DAG_RUN_ID='scheduled__2026-07-15T00:00:00+00:00'
[2026-07-16T01:26:44.266+0000] {taskinstance.py:731} INFO - ::endgroup::
[2026-07-16T01:26:44.276+0000] {cfpb_api_client.py:487} INFO - 🛡️ Khởi động lưới lọc Rescued Data cho công ty: JPMORGAN CHASE & CO.
[2026-07-16T01:26:44.278+0000] {cfpb_api_client.py:460} INFO - 🏢 Khởi tạo luồng kéo dữ liệu cho công ty: JPMORGAN CHASE & CO.
[2026-07-16T01:26:44.279+0000] {cfpb_api_client.py:389} INFO - 🚀 BẮT ĐẦU: Kéo luồng dữ liệu từ 2026-07-08 đến 2026-07-15
[2026-07-16T01:26:50.958+0000] {cfpb_api_client.py:438} INFO -   ➜ Đã kéo được 11 / 11 records...
[2026-07-16T01:26:50.959+0000] {cfpb_api_client.py:442} INFO - ✅ HOÀN TẤT: Đã lấy toàn bộ 11 khiếu nại có sẵn.
[2026-07-16T01:26:50.961+0000] {minio_loader.py:203} INFO - 📤 Đang upload inc_2026-07-15_JPMORGAN_CHASE_&_CO..json lên s3://lakehouse/landing/consumer_complaints/run_date=2026-07-15/inc_2026-07-15_JPMORGAN_CHASE_&_CO..json
[2026-07-16T01:26:50.965+0000] {crypto.py:82} WARNING - empty cryptography key - values will not be stored encrypted.
[2026-07-16T01:26:50.967+0000] {base.py:84} INFO - Retrieving connection 'minio_default'
[2026-07-16T01:26:50.968+0000] {connection_wrapper.py:388} INFO - AWS Connection (conn_id='minio_default', conn_type='aws') credentials retrieved from login and ***.
[2026-07-16T01:26:51.375+0000] {python.py:240} INFO - Done. Returned value was: 11
[2026-07-16T01:26:51.405+0000] {taskinstance.py:340} INFO - ::group::Post task execution logs
[2026-07-16T01:26:51.406+0000] {taskinstance.py:352} INFO - Marking task as SUCCESS. dag_id=wap_consumer_complaints_pipeline, task_id=extract_and_upload, run_id=scheduled__2026-07-15T00:00:00+00:00, map_index=0, execution_date=20260715T000000, start_date=20260716T012644, end_date=20260716T012651
[2026-07-16T01:26:51.435+0000] {local_task_job_runner.py:266} INFO - Task exited with return code 0
[2026-07-16T01:26:51.475+0000] {taskinstance.py:3900} INFO - 0 downstream tasks scheduled from follow-on schedule check
[2026-07-16T01:26:51.478+0000] {local_task_job_runner.py:245} INFO - ::endgroup::
[2026-07-16T01:40:51.965+0000] {local_task_job_runner.py:123} INFO - ::group::Pre task execution logs
[2026-07-16T01:40:51.989+0000] {taskinstance.py:2612} INFO - Dependencies all met for dep_context=non-requeueable deps ti=<TaskInstance: wap_consumer_complaints_pipeline.extract_and_upload scheduled__2026-07-15T00:00:00+00:00 map_index=0 [queued]>
[2026-07-16T01:40:52.001+0000] {taskinstance.py:2612} INFO - Dependencies all met for dep_context=requeueable deps ti=<TaskInstance: wap_consumer_complaints_pipeline.extract_and_upload scheduled__2026-07-15T00:00:00+00:00 map_index=0 [queued]>
[2026-07-16T01:40:52.002+0000] {taskinstance.py:2865} INFO - Starting attempt 1 of 2
[2026-07-16T01:40:52.013+0000] {taskinstance.py:2888} INFO - Executing <Mapped(_PythonDecoratedOperator): extract_and_upload> on 2026-07-15 00:00:00+00:00
[2026-07-16T01:40:52.019+0000] {standard_task_runner.py:72} INFO - Started process 571 to run task
[2026-07-16T01:40:52.025+0000] {standard_task_runner.py:104} INFO - Running: ['airflow', 'tasks', 'run', 'wap_consumer_complaints_pipeline', 'extract_and_upload', 'scheduled__2026-07-15T00:00:00+00:00', '--job-id', '6', '--raw', '--subdir', 'DAGS_FOLDER/wap_consumer_complaints_pipeline.py', '--cfg-path', '/tmp/tmpdolpz1_0', '--map-index', '0']
[2026-07-16T01:40:52.027+0000] {standard_task_runner.py:105} INFO - Job 6: Subtask extract_and_upload
[2026-07-16T01:40:52.101+0000] {task_command.py:467} INFO - Running <TaskInstance: wap_consumer_complaints_pipeline.extract_and_upload scheduled__2026-07-15T00:00:00+00:00 map_index=0 [running]> on host a7c65b19a05f
[2026-07-16T01:40:52.201+0000] {taskinstance.py:3131} INFO - Exporting env vars: AIRFLOW_CTX_DAG_OWNER='data_engineer' AIRFLOW_CTX_DAG_ID='wap_consumer_complaints_pipeline' AIRFLOW_CTX_TASK_ID='extract_and_upload' AIRFLOW_CTX_EXECUTION_DATE='2026-07-15T00:00:00+00:00' AIRFLOW_CTX_TRY_NUMBER='1' AIRFLOW_CTX_DAG_RUN_ID='scheduled__2026-07-15T00:00:00+00:00'
[2026-07-16T01:40:52.203+0000] {taskinstance.py:731} INFO - ::endgroup::
[2026-07-16T01:40:52.209+0000] {cfpb_api_client.py:487} INFO - 🛡️ Khởi động lưới lọc Rescued Data cho công ty: JPMORGAN CHASE & CO.
[2026-07-16T01:40:52.213+0000] {cfpb_api_client.py:460} INFO - 🏢 Khởi tạo luồng kéo dữ liệu cho công ty: JPMORGAN CHASE & CO.
[2026-07-16T01:40:52.214+0000] {cfpb_api_client.py:389} INFO - 🚀 BẮT ĐẦU: Kéo luồng dữ liệu từ 2026-07-08 đến 2026-07-15
[2026-07-16T01:40:52.503+0000] {cfpb_api_client.py:438} INFO -   ➜ Đã kéo được 11 / 11 records...
[2026-07-16T01:40:52.505+0000] {cfpb_api_client.py:442} INFO - ✅ HOÀN TẤT: Đã lấy toàn bộ 11 khiếu nại có sẵn.
[2026-07-16T01:40:52.506+0000] {minio_loader.py:203} INFO - 📤 Đang upload inc_2026-07-15_JPMORGAN_CHASE_&_CO..json lên s3://lakehouse/landing/consumer_complaints/run_date=2026-07-15/inc_2026-07-15_JPMORGAN_CHASE_&_CO..json
[2026-07-16T01:40:52.508+0000] {crypto.py:82} WARNING - empty cryptography key - values will not be stored encrypted.
[2026-07-16T01:40:52.510+0000] {base.py:84} INFO - Retrieving connection 'minio_default'
[2026-07-16T01:40:52.511+0000] {connection_wrapper.py:388} INFO - AWS Connection (conn_id='minio_default', conn_type='aws') credentials retrieved from login and ***.
[2026-07-16T01:40:53.012+0000] {python.py:240} INFO - Done. Returned value was: 11
[2026-07-16T01:40:53.048+0000] {taskinstance.py:340} INFO - ::group::Post task execution logs
[2026-07-16T01:40:53.049+0000] {taskinstance.py:352} INFO - Marking task as SUCCESS. dag_id=wap_consumer_complaints_pipeline, task_id=extract_and_upload, run_id=scheduled__2026-07-15T00:00:00+00:00, map_index=0, execution_date=20260715T000000, start_date=20260716T014051, end_date=20260716T014053
[2026-07-16T01:40:53.080+0000] {local_task_job_runner.py:266} INFO - Task exited with return code 0
[2026-07-16T01:40:53.140+0000] {taskinstance.py:3900} INFO - 1 downstream tasks scheduled from follow-on schedule check
[2026-07-16T01:40:53.143+0000] {local_task_job_runner.py:245} INFO - ::endgroup::
[2026-07-16T02:12:55.839+0000] {local_task_job_runner.py:123} INFO - ::group::Pre task execution logs
[2026-07-16T02:12:55.860+0000] {taskinstance.py:2612} INFO - Dependencies all met for dep_context=non-requeueable deps ti=<TaskInstance: wap_consumer_complaints_pipeline.extract_and_upload scheduled__2026-07-15T00:00:00+00:00 map_index=0 [queued]>
[2026-07-16T02:12:55.872+0000] {taskinstance.py:2612} INFO - Dependencies all met for dep_context=requeueable deps ti=<TaskInstance: wap_consumer_complaints_pipeline.extract_and_upload scheduled__2026-07-15T00:00:00+00:00 map_index=0 [queued]>
[2026-07-16T02:12:55.873+0000] {taskinstance.py:2865} INFO - Starting attempt 1 of 2
[2026-07-16T02:12:55.884+0000] {taskinstance.py:2888} INFO - Executing <Mapped(_PythonDecoratedOperator): extract_and_upload> on 2026-07-15 00:00:00+00:00
[2026-07-16T02:12:55.894+0000] {standard_task_runner.py:72} INFO - Started process 728 to run task
[2026-07-16T02:12:55.899+0000] {standard_task_runner.py:104} INFO - Running: ['airflow', 'tasks', 'run', 'wap_consumer_complaints_pipeline', 'extract_and_upload', 'scheduled__2026-07-15T00:00:00+00:00', '--job-id', '5', '--raw', '--subdir', 'DAGS_FOLDER/wap_consumer_complaints_pipeline.py', '--cfg-path', '/tmp/tmparr14t1z', '--map-index', '0']
[2026-07-16T02:12:55.900+0000] {standard_task_runner.py:105} INFO - Job 5: Subtask extract_and_upload
[2026-07-16T02:12:55.986+0000] {task_command.py:467} INFO - Running <TaskInstance: wap_consumer_complaints_pipeline.extract_and_upload scheduled__2026-07-15T00:00:00+00:00 map_index=0 [running]> on host 61ab07fddcad
[2026-07-16T02:12:56.092+0000] {taskinstance.py:3131} INFO - Exporting env vars: AIRFLOW_CTX_DAG_OWNER='data_engineer' AIRFLOW_CTX_DAG_ID='wap_consumer_complaints_pipeline' AIRFLOW_CTX_TASK_ID='extract_and_upload' AIRFLOW_CTX_EXECUTION_DATE='2026-07-15T00:00:00+00:00' AIRFLOW_CTX_TRY_NUMBER='1' AIRFLOW_CTX_DAG_RUN_ID='scheduled__2026-07-15T00:00:00+00:00'
[2026-07-16T02:12:56.096+0000] {taskinstance.py:731} INFO - ::endgroup::
[2026-07-16T02:12:56.102+0000] {cfpb_api_client.py:487} INFO - 🛡️ Khởi động lưới lọc Rescued Data cho công ty: JPMORGAN CHASE & CO.
[2026-07-16T02:12:56.103+0000] {cfpb_api_client.py:460} INFO - 🏢 Khởi tạo luồng kéo dữ liệu cho công ty: JPMORGAN CHASE & CO.
[2026-07-16T02:12:56.104+0000] {cfpb_api_client.py:389} INFO - 🚀 BẮT ĐẦU: Kéo luồng dữ liệu từ 2026-07-08 đến 2026-07-15
[2026-07-16T02:12:56.443+0000] {cfpb_api_client.py:438} INFO -   ➜ Đã kéo được 11 / 11 records...
[2026-07-16T02:12:56.444+0000] {cfpb_api_client.py:442} INFO - ✅ HOÀN TẤT: Đã lấy toàn bộ 11 khiếu nại có sẵn.
[2026-07-16T02:12:56.449+0000] {minio_loader.py:203} INFO - 📤 Đang upload inc_2026-07-15_JPMORGAN_CHASE_&_CO..json lên s3://lakehouse/landing/consumer_complaints/run_date=2026-07-15/inc_2026-07-15_JPMORGAN_CHASE_&_CO..json
[2026-07-16T02:12:56.451+0000] {crypto.py:82} WARNING - empty cryptography key - values will not be stored encrypted.
[2026-07-16T02:12:56.452+0000] {base.py:84} INFO - Retrieving connection 'minio_default'
[2026-07-16T02:12:56.454+0000] {connection_wrapper.py:388} INFO - AWS Connection (conn_id='minio_default', conn_type='aws') credentials retrieved from login and ***.
[2026-07-16T02:12:56.859+0000] {python.py:240} INFO - Done. Returned value was: 11
[2026-07-16T02:12:56.889+0000] {taskinstance.py:340} INFO - ::group::Post task execution logs
[2026-07-16T02:12:56.891+0000] {taskinstance.py:352} INFO - Marking task as SUCCESS. dag_id=wap_consumer_complaints_pipeline, task_id=extract_and_upload, run_id=scheduled__2026-07-15T00:00:00+00:00, map_index=0, execution_date=20260715T000000, start_date=20260716T021255, end_date=20260716T021256
[2026-07-16T02:12:56.918+0000] {local_task_job_runner.py:266} INFO - Task exited with return code 0
[2026-07-16T02:12:56.933+0000] {local_task_job_runner.py:245} INFO - ::endgroup::
[2026-07-16T02:46:36.266+0000] {local_task_job_runner.py:123} INFO - ::group::Pre task execution logs
[2026-07-16T02:46:36.287+0000] {taskinstance.py:2612} INFO - Dependencies all met for dep_context=non-requeueable deps ti=<TaskInstance: wap_consumer_complaints_pipeline.extract_and_upload scheduled__2026-07-15T00:00:00+00:00 map_index=0 [queued]>
[2026-07-16T02:46:36.298+0000] {taskinstance.py:2612} INFO - Dependencies all met for dep_context=requeueable deps ti=<TaskInstance: wap_consumer_complaints_pipeline.extract_and_upload scheduled__2026-07-15T00:00:00+00:00 map_index=0 [queued]>
[2026-07-16T02:46:36.300+0000] {taskinstance.py:2865} INFO - Starting attempt 1 of 2
[2026-07-16T02:46:36.312+0000] {taskinstance.py:2888} INFO - Executing <Mapped(_PythonDecoratedOperator): extract_and_upload> on 2026-07-15 00:00:00+00:00
[2026-07-16T02:46:36.318+0000] {standard_task_runner.py:72} INFO - Started process 1239 to run task
[2026-07-16T02:46:36.323+0000] {standard_task_runner.py:104} INFO - Running: ['airflow', 'tasks', 'run', 'wap_consumer_complaints_pipeline', 'extract_and_upload', 'scheduled__2026-07-15T00:00:00+00:00', '--job-id', '6', '--raw', '--subdir', 'DAGS_FOLDER/wap_consumer_complaints_pipeline.py', '--cfg-path', '/tmp/tmppze9oofr', '--map-index', '0']
[2026-07-16T02:46:36.326+0000] {standard_task_runner.py:105} INFO - Job 6: Subtask extract_and_upload
[2026-07-16T02:46:36.413+0000] {task_command.py:467} INFO - Running <TaskInstance: wap_consumer_complaints_pipeline.extract_and_upload scheduled__2026-07-15T00:00:00+00:00 map_index=0 [running]> on host a13230b985ee
[2026-07-16T02:46:36.518+0000] {taskinstance.py:3131} INFO - Exporting env vars: AIRFLOW_CTX_DAG_OWNER='data_engineer' AIRFLOW_CTX_DAG_ID='wap_consumer_complaints_pipeline' AIRFLOW_CTX_TASK_ID='extract_and_upload' AIRFLOW_CTX_EXECUTION_DATE='2026-07-15T00:00:00+00:00' AIRFLOW_CTX_TRY_NUMBER='1' AIRFLOW_CTX_DAG_RUN_ID='scheduled__2026-07-15T00:00:00+00:00'
[2026-07-16T02:46:36.520+0000] {taskinstance.py:731} INFO - ::endgroup::
[2026-07-16T02:46:36.527+0000] {cfpb_api_client.py:487} INFO - 🛡️ Khởi động lưới lọc Rescued Data cho công ty: JPMORGAN CHASE & CO.
[2026-07-16T02:46:36.528+0000] {cfpb_api_client.py:460} INFO - 🏢 Khởi tạo luồng kéo dữ liệu cho công ty: JPMORGAN CHASE & CO.
[2026-07-16T02:46:36.529+0000] {cfpb_api_client.py:389} INFO - 🚀 BẮT ĐẦU: Kéo luồng dữ liệu từ 2026-07-08 đến 2026-07-15
[2026-07-16T02:46:36.847+0000] {cfpb_api_client.py:438} INFO -   ➜ Đã kéo được 11 / 11 records...
[2026-07-16T02:46:36.848+0000] {cfpb_api_client.py:442} INFO - ✅ HOÀN TẤT: Đã lấy toàn bộ 11 khiếu nại có sẵn.
[2026-07-16T02:46:36.850+0000] {minio_loader.py:203} INFO - 📤 Đang upload inc_2026-07-15_JPMORGAN_CHASE_&_CO..json lên s3://lakehouse/landing/consumer_complaints/run_date=2026-07-15/inc_2026-07-15_JPMORGAN_CHASE_&_CO..json
[2026-07-16T02:46:36.852+0000] {crypto.py:82} WARNING - empty cryptography key - values will not be stored encrypted.
[2026-07-16T02:46:36.854+0000] {base.py:84} INFO - Retrieving connection 'minio_default'
[2026-07-16T02:46:36.855+0000] {connection_wrapper.py:388} INFO - AWS Connection (conn_id='minio_default', conn_type='aws') credentials retrieved from login and ***.
[2026-07-16T02:46:37.293+0000] {python.py:240} INFO - Done. Returned value was: 11
[2026-07-16T02:46:37.328+0000] {taskinstance.py:340} INFO - ::group::Post task execution logs
[2026-07-16T02:46:37.330+0000] {taskinstance.py:352} INFO - Marking task as SUCCESS. dag_id=wap_consumer_complaints_pipeline, task_id=extract_and_upload, run_id=scheduled__2026-07-15T00:00:00+00:00, map_index=0, execution_date=20260715T000000, start_date=20260716T024636, end_date=20260716T024637
[2026-07-16T02:46:37.380+0000] {local_task_job_runner.py:266} INFO - Task exited with return code 0
[2026-07-16T02:46:37.395+0000] {local_task_job_runner.py:245} INFO - ::endgroup::
[2026-07-16T03:02:33.162+0000] {local_task_job_runner.py:123} INFO - ::group::Pre task execution logs
[2026-07-16T03:02:33.185+0000] {taskinstance.py:2612} INFO - Dependencies all met for dep_context=non-requeueable deps ti=<TaskInstance: wap_consumer_complaints_pipeline.extract_and_upload scheduled__2026-07-15T00:00:00+00:00 map_index=0 [queued]>
[2026-07-16T03:02:33.198+0000] {taskinstance.py:2612} INFO - Dependencies all met for dep_context=requeueable deps ti=<TaskInstance: wap_consumer_complaints_pipeline.extract_and_upload scheduled__2026-07-15T00:00:00+00:00 map_index=0 [queued]>
[2026-07-16T03:02:33.200+0000] {taskinstance.py:2865} INFO - Starting attempt 1 of 2
[2026-07-16T03:02:33.213+0000] {taskinstance.py:2888} INFO - Executing <Mapped(_PythonDecoratedOperator): extract_and_upload> on 2026-07-15 00:00:00+00:00
[2026-07-16T03:02:33.219+0000] {standard_task_runner.py:72} INFO - Started process 818 to run task
[2026-07-16T03:02:33.223+0000] {standard_task_runner.py:104} INFO - Running: ['airflow', 'tasks', 'run', 'wap_consumer_complaints_pipeline', 'extract_and_upload', 'scheduled__2026-07-15T00:00:00+00:00', '--job-id', '5', '--raw', '--subdir', 'DAGS_FOLDER/wap_consumer_complaints_pipeline.py', '--cfg-path', '/tmp/tmp_e8i0wy9', '--map-index', '0']
[2026-07-16T03:02:33.225+0000] {standard_task_runner.py:105} INFO - Job 5: Subtask extract_and_upload
[2026-07-16T03:02:33.304+0000] {task_command.py:467} INFO - Running <TaskInstance: wap_consumer_complaints_pipeline.extract_and_upload scheduled__2026-07-15T00:00:00+00:00 map_index=0 [running]> on host 08cf7cf6ccff
[2026-07-16T03:02:33.407+0000] {taskinstance.py:3131} INFO - Exporting env vars: AIRFLOW_CTX_DAG_OWNER='data_engineer' AIRFLOW_CTX_DAG_ID='wap_consumer_complaints_pipeline' AIRFLOW_CTX_TASK_ID='extract_and_upload' AIRFLOW_CTX_EXECUTION_DATE='2026-07-15T00:00:00+00:00' AIRFLOW_CTX_TRY_NUMBER='1' AIRFLOW_CTX_DAG_RUN_ID='scheduled__2026-07-15T00:00:00+00:00'
[2026-07-16T03:02:33.409+0000] {taskinstance.py:731} INFO - ::endgroup::
[2026-07-16T03:02:33.416+0000] {cfpb_api_client.py:487} INFO - 🛡️ Khởi động lưới lọc Rescued Data cho công ty: JPMORGAN CHASE & CO.
[2026-07-16T03:02:33.417+0000] {cfpb_api_client.py:460} INFO - 🏢 Khởi tạo luồng kéo dữ liệu cho công ty: JPMORGAN CHASE & CO.
[2026-07-16T03:02:33.418+0000] {cfpb_api_client.py:389} INFO - 🚀 BẮT ĐẦU: Kéo luồng dữ liệu từ 2026-07-08 đến 2026-07-15
[2026-07-16T03:02:33.733+0000] {cfpb_api_client.py:438} INFO -   ➜ Đã kéo được 11 / 11 records...
[2026-07-16T03:02:33.736+0000] {cfpb_api_client.py:442} INFO - ✅ HOÀN TẤT: Đã lấy toàn bộ 11 khiếu nại có sẵn.
[2026-07-16T03:02:33.738+0000] {minio_loader.py:203} INFO - 📤 Đang upload inc_2026-07-15_JPMORGAN_CHASE_&_CO..json lên s3://lakehouse/landing/consumer_complaints/run_date=2026-07-15/inc_2026-07-15_JPMORGAN_CHASE_&_CO..json
[2026-07-16T03:02:33.741+0000] {crypto.py:82} WARNING - empty cryptography key - values will not be stored encrypted.
[2026-07-16T03:02:33.742+0000] {base.py:84} INFO - Retrieving connection 'minio_default'
[2026-07-16T03:02:33.744+0000] {connection_wrapper.py:388} INFO - AWS Connection (conn_id='minio_default', conn_type='aws') credentials retrieved from login and ***.
[2026-07-16T03:02:34.222+0000] {python.py:240} INFO - Done. Returned value was: 11
[2026-07-16T03:02:34.255+0000] {taskinstance.py:340} INFO - ::group::Post task execution logs
[2026-07-16T03:02:34.257+0000] {taskinstance.py:352} INFO - Marking task as SUCCESS. dag_id=wap_consumer_complaints_pipeline, task_id=extract_and_upload, run_id=scheduled__2026-07-15T00:00:00+00:00, map_index=0, execution_date=20260715T000000, start_date=20260716T030233, end_date=20260716T030234
[2026-07-16T03:02:34.283+0000] {local_task_job_runner.py:266} INFO - Task exited with return code 0
[2026-07-16T03:02:34.333+0000] {taskinstance.py:3900} INFO - 1 downstream tasks scheduled from follow-on schedule check
[2026-07-16T03:02:34.337+0000] {local_task_job_runner.py:245} INFO - ::endgroup::
[2026-07-16T03:09:32.134+0000] {local_task_job_runner.py:123} INFO - ::group::Pre task execution logs
[2026-07-16T03:09:32.157+0000] {taskinstance.py:2612} INFO - Dependencies all met for dep_context=non-requeueable deps ti=<TaskInstance: wap_consumer_complaints_pipeline.extract_and_upload scheduled__2026-07-15T00:00:00+00:00 map_index=0 [queued]>
[2026-07-16T03:09:32.169+0000] {taskinstance.py:2612} INFO - Dependencies all met for dep_context=requeueable deps ti=<TaskInstance: wap_consumer_complaints_pipeline.extract_and_upload scheduled__2026-07-15T00:00:00+00:00 map_index=0 [queued]>
[2026-07-16T03:09:32.171+0000] {taskinstance.py:2865} INFO - Starting attempt 1 of 2
[2026-07-16T03:09:32.184+0000] {taskinstance.py:2888} INFO - Executing <Mapped(_PythonDecoratedOperator): extract_and_upload> on 2026-07-15 00:00:00+00:00
[2026-07-16T03:09:32.190+0000] {standard_task_runner.py:72} INFO - Started process 466 to run task
[2026-07-16T03:09:32.195+0000] {standard_task_runner.py:104} INFO - Running: ['airflow', 'tasks', 'run', 'wap_consumer_complaints_pipeline', 'extract_and_upload', 'scheduled__2026-07-15T00:00:00+00:00', '--job-id', '6', '--raw', '--subdir', 'DAGS_FOLDER/wap_consumer_complaints_pipeline.py', '--cfg-path', '/tmp/tmp04a17xa2', '--map-index', '0']
[2026-07-16T03:09:32.197+0000] {standard_task_runner.py:105} INFO - Job 6: Subtask extract_and_upload
[2026-07-16T03:09:32.291+0000] {task_command.py:467} INFO - Running <TaskInstance: wap_consumer_complaints_pipeline.extract_and_upload scheduled__2026-07-15T00:00:00+00:00 map_index=0 [running]> on host c2b93859cfca
[2026-07-16T03:09:32.407+0000] {taskinstance.py:3131} INFO - Exporting env vars: AIRFLOW_CTX_DAG_OWNER='data_engineer' AIRFLOW_CTX_DAG_ID='wap_consumer_complaints_pipeline' AIRFLOW_CTX_TASK_ID='extract_and_upload' AIRFLOW_CTX_EXECUTION_DATE='2026-07-15T00:00:00+00:00' AIRFLOW_CTX_TRY_NUMBER='1' AIRFLOW_CTX_DAG_RUN_ID='scheduled__2026-07-15T00:00:00+00:00'
[2026-07-16T03:09:32.410+0000] {taskinstance.py:731} INFO - ::endgroup::
[2026-07-16T03:09:32.417+0000] {cfpb_api_client.py:487} INFO - 🛡️ Khởi động lưới lọc Rescued Data cho công ty: JPMORGAN CHASE & CO.
[2026-07-16T03:09:32.418+0000] {cfpb_api_client.py:460} INFO - 🏢 Khởi tạo luồng kéo dữ liệu cho công ty: JPMORGAN CHASE & CO.
[2026-07-16T03:09:32.419+0000] {cfpb_api_client.py:389} INFO - 🚀 BẮT ĐẦU: Kéo luồng dữ liệu từ 2026-07-08 đến 2026-07-15
[2026-07-16T03:09:32.772+0000] {cfpb_api_client.py:438} INFO -   ➜ Đã kéo được 11 / 11 records...
[2026-07-16T03:09:32.774+0000] {cfpb_api_client.py:442} INFO - ✅ HOÀN TẤT: Đã lấy toàn bộ 11 khiếu nại có sẵn.
[2026-07-16T03:09:32.775+0000] {minio_loader.py:203} INFO - 📤 Đang upload inc_2026-07-15_JPMORGAN_CHASE_&_CO..json lên s3://lakehouse/landing/consumer_complaints/run_date=2026-07-15/inc_2026-07-15_JPMORGAN_CHASE_&_CO..json
[2026-07-16T03:09:32.777+0000] {crypto.py:82} WARNING - empty cryptography key - values will not be stored encrypted.
[2026-07-16T03:09:32.779+0000] {base.py:84} INFO - Retrieving connection 'minio_default'
[2026-07-16T03:09:32.781+0000] {connection_wrapper.py:388} INFO - AWS Connection (conn_id='minio_default', conn_type='aws') credentials retrieved from login and ***.
[2026-07-16T03:09:33.285+0000] {python.py:240} INFO - Done. Returned value was: 11
[2026-07-16T03:09:33.325+0000] {taskinstance.py:340} INFO - ::group::Post task execution logs
[2026-07-16T03:09:33.328+0000] {taskinstance.py:352} INFO - Marking task as SUCCESS. dag_id=wap_consumer_complaints_pipeline, task_id=extract_and_upload, run_id=scheduled__2026-07-15T00:00:00+00:00, map_index=0, execution_date=20260715T000000, start_date=20260716T030932, end_date=20260716T030933
[2026-07-16T03:09:33.378+0000] {local_task_job_runner.py:266} INFO - Task exited with return code 0
[2026-07-16T03:09:33.395+0000] {local_task_job_runner.py:245} INFO - ::endgroup::
[2026-07-16T03:13:56.716+0000] {local_task_job_runner.py:123} INFO - ::group::Pre task execution logs
[2026-07-16T03:13:56.738+0000] {taskinstance.py:2612} INFO - Dependencies all met for dep_context=non-requeueable deps ti=<TaskInstance: wap_consumer_complaints_pipeline.extract_and_upload scheduled__2026-07-15T00:00:00+00:00 map_index=0 [queued]>
[2026-07-16T03:13:56.750+0000] {taskinstance.py:2612} INFO - Dependencies all met for dep_context=requeueable deps ti=<TaskInstance: wap_consumer_complaints_pipeline.extract_and_upload scheduled__2026-07-15T00:00:00+00:00 map_index=0 [queued]>
[2026-07-16T03:13:56.752+0000] {taskinstance.py:2865} INFO - Starting attempt 1 of 2
[2026-07-16T03:13:56.764+0000] {taskinstance.py:2888} INFO - Executing <Mapped(_PythonDecoratedOperator): extract_and_upload> on 2026-07-15 00:00:00+00:00
[2026-07-16T03:13:56.770+0000] {standard_task_runner.py:72} INFO - Started process 1428 to run task
[2026-07-16T03:13:56.775+0000] {standard_task_runner.py:104} INFO - Running: ['airflow', 'tasks', 'run', 'wap_consumer_complaints_pipeline', 'extract_and_upload', 'scheduled__2026-07-15T00:00:00+00:00', '--job-id', '12', '--raw', '--subdir', 'DAGS_FOLDER/wap_consumer_complaints_pipeline.py', '--cfg-path', '/tmp/tmp6wi9f_e_', '--map-index', '0']
[2026-07-16T03:13:56.777+0000] {standard_task_runner.py:105} INFO - Job 12: Subtask extract_and_upload
[2026-07-16T03:13:56.866+0000] {task_command.py:467} INFO - Running <TaskInstance: wap_consumer_complaints_pipeline.extract_and_upload scheduled__2026-07-15T00:00:00+00:00 map_index=0 [running]> on host c2b93859cfca
[2026-07-16T03:13:56.968+0000] {taskinstance.py:3131} INFO - Exporting env vars: AIRFLOW_CTX_DAG_OWNER='data_engineer' AIRFLOW_CTX_DAG_ID='wap_consumer_complaints_pipeline' AIRFLOW_CTX_TASK_ID='extract_and_upload' AIRFLOW_CTX_EXECUTION_DATE='2026-07-15T00:00:00+00:00' AIRFLOW_CTX_TRY_NUMBER='1' AIRFLOW_CTX_DAG_RUN_ID='scheduled__2026-07-15T00:00:00+00:00'
[2026-07-16T03:13:56.971+0000] {taskinstance.py:731} INFO - ::endgroup::
[2026-07-16T03:13:56.979+0000] {cfpb_api_client.py:487} INFO - 🛡️ Khởi động lưới lọc Rescued Data cho công ty: JPMORGAN CHASE & CO.
[2026-07-16T03:13:56.980+0000] {cfpb_api_client.py:460} INFO - 🏢 Khởi tạo luồng kéo dữ liệu cho công ty: JPMORGAN CHASE & CO.
[2026-07-16T03:13:56.982+0000] {cfpb_api_client.py:389} INFO - 🚀 BẮT ĐẦU: Kéo luồng dữ liệu từ 2026-07-08 đến 2026-07-15
[2026-07-16T03:13:57.278+0000] {cfpb_api_client.py:438} INFO -   ➜ Đã kéo được 11 / 11 records...
[2026-07-16T03:13:57.279+0000] {cfpb_api_client.py:442} INFO - ✅ HOÀN TẤT: Đã lấy toàn bộ 11 khiếu nại có sẵn.
[2026-07-16T03:13:57.281+0000] {minio_loader.py:203} INFO - 📤 Đang upload inc_2026-07-15_JPMORGAN_CHASE_&_CO..json lên s3://lakehouse/landing/consumer_complaints/run_date=2026-07-15/inc_2026-07-15_JPMORGAN_CHASE_&_CO..json
[2026-07-16T03:13:57.283+0000] {crypto.py:82} WARNING - empty cryptography key - values will not be stored encrypted.
[2026-07-16T03:13:57.285+0000] {base.py:84} INFO - Retrieving connection 'minio_default'
[2026-07-16T03:13:57.287+0000] {connection_wrapper.py:388} INFO - AWS Connection (conn_id='minio_default', conn_type='aws') credentials retrieved from login and ***.
[2026-07-16T03:13:57.704+0000] {python.py:240} INFO - Done. Returned value was: 11
[2026-07-16T03:13:57.732+0000] {taskinstance.py:340} INFO - ::group::Post task execution logs
[2026-07-16T03:13:57.734+0000] {taskinstance.py:352} INFO - Marking task as SUCCESS. dag_id=wap_consumer_complaints_pipeline, task_id=extract_and_upload, run_id=scheduled__2026-07-15T00:00:00+00:00, map_index=0, execution_date=20260715T000000, start_date=20260716T031356, end_date=20260716T031357
[2026-07-16T03:13:57.755+0000] {local_task_job_runner.py:266} INFO - Task exited with return code 0
[2026-07-16T03:13:57.795+0000] {taskinstance.py:3900} INFO - 1 downstream tasks scheduled from follow-on schedule check
[2026-07-16T03:13:57.798+0000] {local_task_job_runner.py:245} INFO - ::endgroup::
[2026-07-16T03:56:31.287+0000] {local_task_job_runner.py:123} INFO - ::group::Pre task execution logs
[2026-07-16T03:56:31.314+0000] {taskinstance.py:2612} INFO - Dependencies all met for dep_context=non-requeueable deps ti=<TaskInstance: wap_consumer_complaints_pipeline.extract_and_upload scheduled__2026-07-15T00:00:00+00:00 map_index=0 [queued]>
[2026-07-16T03:56:31.325+0000] {taskinstance.py:2612} INFO - Dependencies all met for dep_context=requeueable deps ti=<TaskInstance: wap_consumer_complaints_pipeline.extract_and_upload scheduled__2026-07-15T00:00:00+00:00 map_index=0 [queued]>
[2026-07-16T03:56:31.326+0000] {taskinstance.py:2865} INFO - Starting attempt 1 of 2
[2026-07-16T03:56:31.340+0000] {taskinstance.py:2888} INFO - Executing <Mapped(_PythonDecoratedOperator): extract_and_upload> on 2026-07-15 00:00:00+00:00
[2026-07-16T03:56:31.345+0000] {standard_task_runner.py:72} INFO - Started process 818 to run task
[2026-07-16T03:56:31.349+0000] {standard_task_runner.py:104} INFO - Running: ['airflow', 'tasks', 'run', 'wap_consumer_complaints_pipeline', 'extract_and_upload', 'scheduled__2026-07-15T00:00:00+00:00', '--job-id', '6', '--raw', '--subdir', 'DAGS_FOLDER/wap_consumer_complaints_pipeline.py', '--cfg-path', '/tmp/tmpeq4zz976', '--map-index', '0']
[2026-07-16T03:56:31.352+0000] {standard_task_runner.py:105} INFO - Job 6: Subtask extract_and_upload
[2026-07-16T03:56:31.434+0000] {task_command.py:467} INFO - Running <TaskInstance: wap_consumer_complaints_pipeline.extract_and_upload scheduled__2026-07-15T00:00:00+00:00 map_index=0 [running]> on host fb5e151b7902
[2026-07-16T03:56:31.542+0000] {taskinstance.py:3131} INFO - Exporting env vars: AIRFLOW_CTX_DAG_OWNER='data_engineer' AIRFLOW_CTX_DAG_ID='wap_consumer_complaints_pipeline' AIRFLOW_CTX_TASK_ID='extract_and_upload' AIRFLOW_CTX_EXECUTION_DATE='2026-07-15T00:00:00+00:00' AIRFLOW_CTX_TRY_NUMBER='1' AIRFLOW_CTX_DAG_RUN_ID='scheduled__2026-07-15T00:00:00+00:00'
[2026-07-16T03:56:31.545+0000] {taskinstance.py:731} INFO - ::endgroup::
[2026-07-16T03:56:31.555+0000] {cfpb_api_client.py:487} INFO - 🛡️ Khởi động lưới lọc Rescued Data cho công ty: JPMORGAN CHASE & CO.
[2026-07-16T03:56:31.557+0000] {cfpb_api_client.py:460} INFO - 🏢 Khởi tạo luồng kéo dữ liệu cho công ty: JPMORGAN CHASE & CO.
[2026-07-16T03:56:31.558+0000] {cfpb_api_client.py:389} INFO - 🚀 BẮT ĐẦU: Kéo luồng dữ liệu từ 2026-07-08 đến 2026-07-15
[2026-07-16T03:56:31.855+0000] {cfpb_api_client.py:438} INFO -   ➜ Đã kéo được 11 / 11 records...
[2026-07-16T03:56:31.858+0000] {cfpb_api_client.py:442} INFO - ✅ HOÀN TẤT: Đã lấy toàn bộ 11 khiếu nại có sẵn.
[2026-07-16T03:56:31.860+0000] {minio_loader.py:203} INFO - 📤 Đang upload inc_2026-07-15_JPMORGAN_CHASE_&_CO..json lên s3://lakehouse/landing/consumer_complaints/run_date=2026-07-15/inc_2026-07-15_JPMORGAN_CHASE_&_CO..json
[2026-07-16T03:56:31.863+0000] {crypto.py:82} WARNING - empty cryptography key - values will not be stored encrypted.
[2026-07-16T03:56:31.865+0000] {base.py:84} INFO - Retrieving connection 'minio_default'
[2026-07-16T03:56:31.866+0000] {connection_wrapper.py:388} INFO - AWS Connection (conn_id='minio_default', conn_type='aws') credentials retrieved from login and ***.
[2026-07-16T03:56:32.272+0000] {python.py:240} INFO - Done. Returned value was: 11
[2026-07-16T03:56:32.301+0000] {taskinstance.py:340} INFO - ::group::Post task execution logs
[2026-07-16T03:56:32.303+0000] {taskinstance.py:352} INFO - Marking task as SUCCESS. dag_id=wap_consumer_complaints_pipeline, task_id=extract_and_upload, run_id=scheduled__2026-07-15T00:00:00+00:00, map_index=0, execution_date=20260715T000000, start_date=20260716T035631, end_date=20260716T035632
[2026-07-16T03:56:32.330+0000] {local_task_job_runner.py:266} INFO - Task exited with return code 0
[2026-07-16T03:56:32.369+0000] {taskinstance.py:3900} INFO - 1 downstream tasks scheduled from follow-on schedule check
[2026-07-16T03:56:32.373+0000] {local_task_job_runner.py:245} INFO - ::endgroup::
[2026-07-16T04:20:00.730+0000] {local_task_job_runner.py:123} INFO - ::group::Pre task execution logs
[2026-07-16T04:20:00.758+0000] {taskinstance.py:2612} INFO - Dependencies all met for dep_context=non-requeueable deps ti=<TaskInstance: wap_consumer_complaints_pipeline.extract_and_upload scheduled__2026-07-15T00:00:00+00:00 map_index=0 [queued]>
[2026-07-16T04:20:00.771+0000] {taskinstance.py:2612} INFO - Dependencies all met for dep_context=requeueable deps ti=<TaskInstance: wap_consumer_complaints_pipeline.extract_and_upload scheduled__2026-07-15T00:00:00+00:00 map_index=0 [queued]>
[2026-07-16T04:20:00.773+0000] {taskinstance.py:2865} INFO - Starting attempt 1 of 2
[2026-07-16T04:20:00.786+0000] {taskinstance.py:2888} INFO - Executing <Mapped(_PythonDecoratedOperator): extract_and_upload> on 2026-07-15 00:00:00+00:00
[2026-07-16T04:20:00.793+0000] {standard_task_runner.py:72} INFO - Started process 639 to run task
[2026-07-16T04:20:00.799+0000] {standard_task_runner.py:104} INFO - Running: ['airflow', 'tasks', 'run', 'wap_consumer_complaints_pipeline', 'extract_and_upload', 'scheduled__2026-07-15T00:00:00+00:00', '--job-id', '6', '--raw', '--subdir', 'DAGS_FOLDER/wap_consumer_complaints_pipeline.py', '--cfg-path', '/tmp/tmpdl_akqs3', '--map-index', '0']
[2026-07-16T04:20:00.801+0000] {standard_task_runner.py:105} INFO - Job 6: Subtask extract_and_upload
[2026-07-16T04:20:00.881+0000] {task_command.py:467} INFO - Running <TaskInstance: wap_consumer_complaints_pipeline.extract_and_upload scheduled__2026-07-15T00:00:00+00:00 map_index=0 [running]> on host 32badddb9ea4
[2026-07-16T04:20:00.991+0000] {taskinstance.py:3131} INFO - Exporting env vars: AIRFLOW_CTX_DAG_OWNER='data_engineer' AIRFLOW_CTX_DAG_ID='wap_consumer_complaints_pipeline' AIRFLOW_CTX_TASK_ID='extract_and_upload' AIRFLOW_CTX_EXECUTION_DATE='2026-07-15T00:00:00+00:00' AIRFLOW_CTX_TRY_NUMBER='1' AIRFLOW_CTX_DAG_RUN_ID='scheduled__2026-07-15T00:00:00+00:00'
[2026-07-16T04:20:00.994+0000] {taskinstance.py:731} INFO - ::endgroup::
[2026-07-16T04:20:01.001+0000] {cfpb_api_client.py:487} INFO - 🛡️ Khởi động lưới lọc Rescued Data cho công ty: JPMORGAN CHASE & CO.
[2026-07-16T04:20:01.002+0000] {cfpb_api_client.py:460} INFO - 🏢 Khởi tạo luồng kéo dữ liệu cho công ty: JPMORGAN CHASE & CO.
[2026-07-16T04:20:01.004+0000] {cfpb_api_client.py:389} INFO - 🚀 BẮT ĐẦU: Kéo luồng dữ liệu từ 2026-07-08 đến 2026-07-15
[2026-07-16T04:20:01.325+0000] {cfpb_api_client.py:438} INFO -   ➜ Đã kéo được 11 / 11 records...
[2026-07-16T04:20:01.327+0000] {cfpb_api_client.py:442} INFO - ✅ HOÀN TẤT: Đã lấy toàn bộ 11 khiếu nại có sẵn.
[2026-07-16T04:20:01.328+0000] {minio_loader.py:203} INFO - 📤 Đang upload inc_2026-07-15_JPMORGAN_CHASE_&_CO..json lên s3://lakehouse/landing/consumer_complaints/run_date=2026-07-15/inc_2026-07-15_JPMORGAN_CHASE_&_CO..json
[2026-07-16T04:20:01.330+0000] {crypto.py:82} WARNING - empty cryptography key - values will not be stored encrypted.
[2026-07-16T04:20:01.332+0000] {base.py:84} INFO - Retrieving connection 'minio_default'
[2026-07-16T04:20:01.333+0000] {connection_wrapper.py:388} INFO - AWS Connection (conn_id='minio_default', conn_type='aws') credentials retrieved from login and ***.
[2026-07-16T04:20:01.752+0000] {python.py:240} INFO - Done. Returned value was: 11
[2026-07-16T04:20:01.782+0000] {taskinstance.py:340} INFO - ::group::Post task execution logs
[2026-07-16T04:20:01.784+0000] {taskinstance.py:352} INFO - Marking task as SUCCESS. dag_id=wap_consumer_complaints_pipeline, task_id=extract_and_upload, run_id=scheduled__2026-07-15T00:00:00+00:00, map_index=0, execution_date=20260715T000000, start_date=20260716T042000, end_date=20260716T042001
[2026-07-16T04:20:01.818+0000] {local_task_job_runner.py:266} INFO - Task exited with return code 0
[2026-07-16T04:20:01.867+0000] {taskinstance.py:3900} INFO - 1 downstream tasks scheduled from follow-on schedule check
[2026-07-16T04:20:01.871+0000] {local_task_job_runner.py:245} INFO - ::endgroup::
[2026-07-16T08:35:01.199+0000] {local_task_job_runner.py:123} INFO - ::group::Pre task execution logs
[2026-07-16T08:35:01.227+0000] {taskinstance.py:2612} INFO - Dependencies all met for dep_context=non-requeueable deps ti=<TaskInstance: wap_consumer_complaints_pipeline.extract_and_upload scheduled__2026-07-15T00:00:00+00:00 map_index=0 [queued]>
[2026-07-16T08:35:01.241+0000] {taskinstance.py:2612} INFO - Dependencies all met for dep_context=requeueable deps ti=<TaskInstance: wap_consumer_complaints_pipeline.extract_and_upload scheduled__2026-07-15T00:00:00+00:00 map_index=0 [queued]>
[2026-07-16T08:35:01.243+0000] {taskinstance.py:2865} INFO - Starting attempt 1 of 2
[2026-07-16T08:35:01.256+0000] {taskinstance.py:2888} INFO - Executing <Mapped(_PythonDecoratedOperator): extract_and_upload> on 2026-07-15 00:00:00+00:00
[2026-07-16T08:35:01.262+0000] {standard_task_runner.py:72} INFO - Started process 555 to run task
[2026-07-16T08:35:01.266+0000] {standard_task_runner.py:104} INFO - Running: ['airflow', 'tasks', 'run', 'wap_consumer_complaints_pipeline', 'extract_and_upload', 'scheduled__2026-07-15T00:00:00+00:00', '--job-id', '5', '--raw', '--subdir', 'DAGS_FOLDER/wap_consumer_complaints_pipeline.py', '--cfg-path', '/tmp/tmp2xz3wnoh', '--map-index', '0']
[2026-07-16T08:35:01.268+0000] {standard_task_runner.py:105} INFO - Job 5: Subtask extract_and_upload
[2026-07-16T08:35:01.356+0000] {task_command.py:467} INFO - Running <TaskInstance: wap_consumer_complaints_pipeline.extract_and_upload scheduled__2026-07-15T00:00:00+00:00 map_index=0 [running]> on host 099a2a11ba7b
[2026-07-16T08:35:01.472+0000] {taskinstance.py:3131} INFO - Exporting env vars: AIRFLOW_CTX_DAG_OWNER='data_engineer' AIRFLOW_CTX_DAG_ID='wap_consumer_complaints_pipeline' AIRFLOW_CTX_TASK_ID='extract_and_upload' AIRFLOW_CTX_EXECUTION_DATE='2026-07-15T00:00:00+00:00' AIRFLOW_CTX_TRY_NUMBER='1' AIRFLOW_CTX_DAG_RUN_ID='scheduled__2026-07-15T00:00:00+00:00'
[2026-07-16T08:35:01.475+0000] {taskinstance.py:731} INFO - ::endgroup::
[2026-07-16T08:35:01.484+0000] {cfpb_api_client.py:487} INFO - 🛡️ Khởi động lưới lọc Rescued Data cho công ty: JPMORGAN CHASE & CO.
[2026-07-16T08:35:01.485+0000] {cfpb_api_client.py:460} INFO - 🏢 Khởi tạo luồng kéo dữ liệu cho công ty: JPMORGAN CHASE & CO.
[2026-07-16T08:35:01.487+0000] {cfpb_api_client.py:389} INFO - 🚀 BẮT ĐẦU: Kéo luồng dữ liệu từ 2026-07-08 đến 2026-07-15
[2026-07-16T08:35:01.814+0000] {cfpb_api_client.py:438} INFO -   ➜ Đã kéo được 11 / 11 records...
[2026-07-16T08:35:01.815+0000] {cfpb_api_client.py:442} INFO - ✅ HOÀN TẤT: Đã lấy toàn bộ 11 khiếu nại có sẵn.
[2026-07-16T08:35:01.817+0000] {minio_loader.py:203} INFO - 📤 Đang upload inc_2026-07-15_JPMORGAN_CHASE_&_CO..json lên s3://lakehouse/landing/consumer_complaints/run_date=2026-07-15/inc_2026-07-15_JPMORGAN_CHASE_&_CO..json
[2026-07-16T08:35:01.819+0000] {crypto.py:82} WARNING - empty cryptography key - values will not be stored encrypted.
[2026-07-16T08:35:01.821+0000] {base.py:84} INFO - Retrieving connection 'minio_default'
[2026-07-16T08:35:01.822+0000] {connection_wrapper.py:388} INFO - AWS Connection (conn_id='minio_default', conn_type='aws') credentials retrieved from login and ***.
[2026-07-16T08:35:02.256+0000] {python.py:240} INFO - Done. Returned value was: 11
[2026-07-16T08:35:02.285+0000] {taskinstance.py:340} INFO - ::group::Post task execution logs
[2026-07-16T08:35:02.287+0000] {taskinstance.py:352} INFO - Marking task as SUCCESS. dag_id=wap_consumer_complaints_pipeline, task_id=extract_and_upload, run_id=scheduled__2026-07-15T00:00:00+00:00, map_index=0, execution_date=20260715T000000, start_date=20260716T083501, end_date=20260716T083502
[2026-07-16T08:35:02.328+0000] {local_task_job_runner.py:266} INFO - Task exited with return code 0
[2026-07-16T08:35:02.370+0000] {taskinstance.py:3900} INFO - 1 downstream tasks scheduled from follow-on schedule check
[2026-07-16T08:35:02.374+0000] {local_task_job_runner.py:245} INFO - ::endgroup::
[2026-07-16T08:55:52.729+0000] {local_task_job_runner.py:123} INFO - ::group::Pre task execution logs
[2026-07-16T08:55:52.752+0000] {taskinstance.py:2612} INFO - Dependencies all met for dep_context=non-requeueable deps ti=<TaskInstance: wap_consumer_complaints_pipeline.extract_and_upload scheduled__2026-07-15T00:00:00+00:00 map_index=0 [queued]>
[2026-07-16T08:55:52.763+0000] {taskinstance.py:2612} INFO - Dependencies all met for dep_context=requeueable deps ti=<TaskInstance: wap_consumer_complaints_pipeline.extract_and_upload scheduled__2026-07-15T00:00:00+00:00 map_index=0 [queued]>
[2026-07-16T08:55:52.764+0000] {taskinstance.py:2865} INFO - Starting attempt 1 of 2
[2026-07-16T08:55:52.776+0000] {taskinstance.py:2888} INFO - Executing <Mapped(_PythonDecoratedOperator): extract_and_upload> on 2026-07-15 00:00:00+00:00
[2026-07-16T08:55:52.782+0000] {standard_task_runner.py:72} INFO - Started process 550 to run task
[2026-07-16T08:55:52.786+0000] {standard_task_runner.py:104} INFO - Running: ['airflow', 'tasks', 'run', 'wap_consumer_complaints_pipeline', 'extract_and_upload', 'scheduled__2026-07-15T00:00:00+00:00', '--job-id', '5', '--raw', '--subdir', 'DAGS_FOLDER/wap_consumer_complaints_pipeline.py', '--cfg-path', '/tmp/tmp0vpifhdk', '--map-index', '0']
[2026-07-16T08:55:52.788+0000] {standard_task_runner.py:105} INFO - Job 5: Subtask extract_and_upload
[2026-07-16T08:55:52.872+0000] {task_command.py:467} INFO - Running <TaskInstance: wap_consumer_complaints_pipeline.extract_and_upload scheduled__2026-07-15T00:00:00+00:00 map_index=0 [running]> on host ff224703bff6
[2026-07-16T08:55:52.981+0000] {taskinstance.py:3131} INFO - Exporting env vars: AIRFLOW_CTX_DAG_OWNER='data_engineer' AIRFLOW_CTX_DAG_ID='wap_consumer_complaints_pipeline' AIRFLOW_CTX_TASK_ID='extract_and_upload' AIRFLOW_CTX_EXECUTION_DATE='2026-07-15T00:00:00+00:00' AIRFLOW_CTX_TRY_NUMBER='1' AIRFLOW_CTX_DAG_RUN_ID='scheduled__2026-07-15T00:00:00+00:00'
[2026-07-16T08:55:52.983+0000] {taskinstance.py:731} INFO - ::endgroup::
[2026-07-16T08:55:52.990+0000] {cfpb_api_client.py:487} INFO - 🛡️ Khởi động lưới lọc Rescued Data cho công ty: JPMORGAN CHASE & CO.
[2026-07-16T08:55:52.991+0000] {cfpb_api_client.py:460} INFO - 🏢 Khởi tạo luồng kéo dữ liệu cho công ty: JPMORGAN CHASE & CO.
[2026-07-16T08:55:52.992+0000] {cfpb_api_client.py:389} INFO - 🚀 BẮT ĐẦU: Kéo luồng dữ liệu từ 2026-07-08 đến 2026-07-15
[2026-07-16T08:55:53.328+0000] {cfpb_api_client.py:438} INFO -   ➜ Đã kéo được 11 / 11 records...
[2026-07-16T08:55:53.330+0000] {cfpb_api_client.py:442} INFO - ✅ HOÀN TẤT: Đã lấy toàn bộ 11 khiếu nại có sẵn.
[2026-07-16T08:55:53.332+0000] {minio_loader.py:203} INFO - 📤 Đang upload inc_2026-07-15_JPMORGAN_CHASE_&_CO..json lên s3://lakehouse/landing/consumer_complaints/run_date=2026-07-15/inc_2026-07-15_JPMORGAN_CHASE_&_CO..json
[2026-07-16T08:55:53.334+0000] {crypto.py:82} WARNING - empty cryptography key - values will not be stored encrypted.
[2026-07-16T08:55:53.336+0000] {base.py:84} INFO - Retrieving connection 'minio_default'
[2026-07-16T08:55:53.337+0000] {connection_wrapper.py:388} INFO - AWS Connection (conn_id='minio_default', conn_type='aws') credentials retrieved from login and ***.
[2026-07-16T08:55:53.833+0000] {python.py:240} INFO - Done. Returned value was: 11
[2026-07-16T08:55:53.868+0000] {taskinstance.py:340} INFO - ::group::Post task execution logs
[2026-07-16T08:55:53.870+0000] {taskinstance.py:352} INFO - Marking task as SUCCESS. dag_id=wap_consumer_complaints_pipeline, task_id=extract_and_upload, run_id=scheduled__2026-07-15T00:00:00+00:00, map_index=0, execution_date=20260715T000000, start_date=20260716T085552, end_date=20260716T085553
[2026-07-16T08:55:53.927+0000] {local_task_job_runner.py:266} INFO - Task exited with return code 0
[2026-07-16T08:55:53.974+0000] {taskinstance.py:3900} INFO - 1 downstream tasks scheduled from follow-on schedule check
[2026-07-16T08:55:53.980+0000] {local_task_job_runner.py:245} INFO - ::endgroup::
[2026-07-16T09:06:18.063+0000] {local_task_job_runner.py:123} INFO - ::group::Pre task execution logs
[2026-07-16T09:06:18.087+0000] {taskinstance.py:2612} INFO - Dependencies all met for dep_context=non-requeueable deps ti=<TaskInstance: wap_consumer_complaints_pipeline.extract_and_upload scheduled__2026-07-15T00:00:00+00:00 map_index=0 [queued]>
[2026-07-16T09:06:18.098+0000] {taskinstance.py:2612} INFO - Dependencies all met for dep_context=requeueable deps ti=<TaskInstance: wap_consumer_complaints_pipeline.extract_and_upload scheduled__2026-07-15T00:00:00+00:00 map_index=0 [queued]>
[2026-07-16T09:06:18.100+0000] {taskinstance.py:2865} INFO - Starting attempt 1 of 2
[2026-07-16T09:06:18.113+0000] {taskinstance.py:2888} INFO - Executing <Mapped(_PythonDecoratedOperator): extract_and_upload> on 2026-07-15 00:00:00+00:00
[2026-07-16T09:06:18.119+0000] {standard_task_runner.py:72} INFO - Started process 728 to run task
[2026-07-16T09:06:18.123+0000] {standard_task_runner.py:104} INFO - Running: ['airflow', 'tasks', 'run', 'wap_consumer_complaints_pipeline', 'extract_and_upload', 'scheduled__2026-07-15T00:00:00+00:00', '--job-id', '6', '--raw', '--subdir', 'DAGS_FOLDER/wap_consumer_complaints_pipeline.py', '--cfg-path', '/tmp/tmpvyxz39lq', '--map-index', '0']
[2026-07-16T09:06:18.125+0000] {standard_task_runner.py:105} INFO - Job 6: Subtask extract_and_upload
[2026-07-16T09:06:18.217+0000] {task_command.py:467} INFO - Running <TaskInstance: wap_consumer_complaints_pipeline.extract_and_upload scheduled__2026-07-15T00:00:00+00:00 map_index=0 [running]> on host dc5ba7739cad
[2026-07-16T09:06:18.318+0000] {taskinstance.py:3131} INFO - Exporting env vars: AIRFLOW_CTX_DAG_OWNER='data_engineer' AIRFLOW_CTX_DAG_ID='wap_consumer_complaints_pipeline' AIRFLOW_CTX_TASK_ID='extract_and_upload' AIRFLOW_CTX_EXECUTION_DATE='2026-07-15T00:00:00+00:00' AIRFLOW_CTX_TRY_NUMBER='1' AIRFLOW_CTX_DAG_RUN_ID='scheduled__2026-07-15T00:00:00+00:00'
[2026-07-16T09:06:18.321+0000] {taskinstance.py:731} INFO - ::endgroup::
[2026-07-16T09:06:18.329+0000] {cfpb_api_client.py:487} INFO - 🛡️ Khởi động lưới lọc Rescued Data cho công ty: JPMORGAN CHASE & CO.
[2026-07-16T09:06:18.330+0000] {cfpb_api_client.py:460} INFO - 🏢 Khởi tạo luồng kéo dữ liệu cho công ty: JPMORGAN CHASE & CO.
[2026-07-16T09:06:18.331+0000] {cfpb_api_client.py:389} INFO - 🚀 BẮT ĐẦU: Kéo luồng dữ liệu từ 2026-07-08 đến 2026-07-15
[2026-07-16T09:06:18.640+0000] {cfpb_api_client.py:438} INFO -   ➜ Đã kéo được 11 / 11 records...
[2026-07-16T09:06:18.641+0000] {cfpb_api_client.py:442} INFO - ✅ HOÀN TẤT: Đã lấy toàn bộ 11 khiếu nại có sẵn.
[2026-07-16T09:06:18.642+0000] {minio_loader.py:203} INFO - 📤 Đang upload inc_2026-07-15_JPMORGAN_CHASE_&_CO..json lên s3://lakehouse/landing/consumer_complaints/run_date=2026-07-15/inc_2026-07-15_JPMORGAN_CHASE_&_CO..json
[2026-07-16T09:06:18.644+0000] {crypto.py:82} WARNING - empty cryptography key - values will not be stored encrypted.
[2026-07-16T09:06:18.646+0000] {base.py:84} INFO - Retrieving connection 'minio_default'
[2026-07-16T09:06:18.648+0000] {connection_wrapper.py:388} INFO - AWS Connection (conn_id='minio_default', conn_type='aws') credentials retrieved from login and ***.
[2026-07-16T09:06:19.030+0000] {python.py:240} INFO - Done. Returned value was: 11
[2026-07-16T09:06:19.060+0000] {taskinstance.py:340} INFO - ::group::Post task execution logs
[2026-07-16T09:06:19.062+0000] {taskinstance.py:352} INFO - Marking task as SUCCESS. dag_id=wap_consumer_complaints_pipeline, task_id=extract_and_upload, run_id=scheduled__2026-07-15T00:00:00+00:00, map_index=0, execution_date=20260715T000000, start_date=20260716T090618, end_date=20260716T090619
[2026-07-16T09:06:19.103+0000] {local_task_job_runner.py:266} INFO - Task exited with return code 0
[2026-07-16T09:06:19.118+0000] {local_task_job_runner.py:245} INFO - ::endgroup::
[2026-07-16T09:29:49.996+0000] {local_task_job_runner.py:123} INFO - ::group::Pre task execution logs
[2026-07-16T09:29:50.019+0000] {taskinstance.py:2612} INFO - Dependencies all met for dep_context=non-requeueable deps ti=<TaskInstance: wap_consumer_complaints_pipeline.extract_and_upload scheduled__2026-07-15T00:00:00+00:00 map_index=0 [queued]>
[2026-07-16T09:29:50.031+0000] {taskinstance.py:2612} INFO - Dependencies all met for dep_context=requeueable deps ti=<TaskInstance: wap_consumer_complaints_pipeline.extract_and_upload scheduled__2026-07-15T00:00:00+00:00 map_index=0 [queued]>
[2026-07-16T09:29:50.032+0000] {taskinstance.py:2865} INFO - Starting attempt 1 of 2
[2026-07-16T09:29:50.046+0000] {taskinstance.py:2888} INFO - Executing <Mapped(_PythonDecoratedOperator): extract_and_upload> on 2026-07-15 00:00:00+00:00
[2026-07-16T09:29:50.052+0000] {standard_task_runner.py:72} INFO - Started process 811 to run task
[2026-07-16T09:29:50.057+0000] {standard_task_runner.py:104} INFO - Running: ['airflow', 'tasks', 'run', 'wap_consumer_complaints_pipeline', 'extract_and_upload', 'scheduled__2026-07-15T00:00:00+00:00', '--job-id', '6', '--raw', '--subdir', 'DAGS_FOLDER/wap_consumer_complaints_pipeline.py', '--cfg-path', '/tmp/tmplx00qgrt', '--map-index', '0']
[2026-07-16T09:29:50.060+0000] {standard_task_runner.py:105} INFO - Job 6: Subtask extract_and_upload
[2026-07-16T09:29:50.148+0000] {task_command.py:467} INFO - Running <TaskInstance: wap_consumer_complaints_pipeline.extract_and_upload scheduled__2026-07-15T00:00:00+00:00 map_index=0 [running]> on host 9028e05e2e4e
[2026-07-16T09:29:50.292+0000] {taskinstance.py:3131} INFO - Exporting env vars: AIRFLOW_CTX_DAG_OWNER='data_engineer' AIRFLOW_CTX_DAG_ID='wap_consumer_complaints_pipeline' AIRFLOW_CTX_TASK_ID='extract_and_upload' AIRFLOW_CTX_EXECUTION_DATE='2026-07-15T00:00:00+00:00' AIRFLOW_CTX_TRY_NUMBER='1' AIRFLOW_CTX_DAG_RUN_ID='scheduled__2026-07-15T00:00:00+00:00'
[2026-07-16T09:29:50.295+0000] {taskinstance.py:731} INFO - ::endgroup::
[2026-07-16T09:29:50.303+0000] {cfpb_api_client.py:487} INFO - 🛡️ Khởi động lưới lọc Rescued Data cho công ty: JPMORGAN CHASE & CO.
[2026-07-16T09:29:50.304+0000] {cfpb_api_client.py:460} INFO - 🏢 Khởi tạo luồng kéo dữ liệu cho công ty: JPMORGAN CHASE & CO.
[2026-07-16T09:29:50.306+0000] {cfpb_api_client.py:389} INFO - 🚀 BẮT ĐẦU: Kéo luồng dữ liệu từ 2026-07-08 đến 2026-07-15
[2026-07-16T09:29:50.629+0000] {cfpb_api_client.py:438} INFO -   ➜ Đã kéo được 11 / 11 records...
[2026-07-16T09:29:50.630+0000] {cfpb_api_client.py:442} INFO - ✅ HOÀN TẤT: Đã lấy toàn bộ 11 khiếu nại có sẵn.
[2026-07-16T09:29:50.632+0000] {minio_loader.py:203} INFO - 📤 Đang upload inc_2026-07-15_JPMORGAN_CHASE_&_CO..json lên s3://lakehouse/landing/consumer_complaints/run_date=2026-07-15/inc_2026-07-15_JPMORGAN_CHASE_&_CO..json
[2026-07-16T09:29:50.634+0000] {crypto.py:82} WARNING - empty cryptography key - values will not be stored encrypted.
[2026-07-16T09:29:50.636+0000] {base.py:84} INFO - Retrieving connection 'minio_default'
[2026-07-16T09:29:50.638+0000] {connection_wrapper.py:388} INFO - AWS Connection (conn_id='minio_default', conn_type='aws') credentials retrieved from login and ***.
[2026-07-16T09:29:51.138+0000] {python.py:240} INFO - Done. Returned value was: 11
[2026-07-16T09:29:51.186+0000] {taskinstance.py:340} INFO - ::group::Post task execution logs
[2026-07-16T09:29:51.187+0000] {taskinstance.py:352} INFO - Marking task as SUCCESS. dag_id=wap_consumer_complaints_pipeline, task_id=extract_and_upload, run_id=scheduled__2026-07-15T00:00:00+00:00, map_index=0, execution_date=20260715T000000, start_date=20260716T092950, end_date=20260716T092951
[2026-07-16T09:29:51.237+0000] {local_task_job_runner.py:266} INFO - Task exited with return code 0
[2026-07-16T09:29:51.252+0000] {local_task_job_runner.py:245} INFO - ::endgroup::
[2026-07-16T10:02:05.175+0000] {local_task_job_runner.py:123} INFO - ::group::Pre task execution logs
[2026-07-16T10:02:05.202+0000] {taskinstance.py:2612} INFO - Dependencies all met for dep_context=non-requeueable deps ti=<TaskInstance: wap_consumer_complaints_pipeline.extract_and_upload scheduled__2026-07-15T00:00:00+00:00 map_index=0 [queued]>
[2026-07-16T10:02:05.215+0000] {taskinstance.py:2612} INFO - Dependencies all met for dep_context=requeueable deps ti=<TaskInstance: wap_consumer_complaints_pipeline.extract_and_upload scheduled__2026-07-15T00:00:00+00:00 map_index=0 [queued]>
[2026-07-16T10:02:05.217+0000] {taskinstance.py:2865} INFO - Starting attempt 1 of 2
[2026-07-16T10:02:05.232+0000] {taskinstance.py:2888} INFO - Executing <Mapped(_PythonDecoratedOperator): extract_and_upload> on 2026-07-15 00:00:00+00:00
[2026-07-16T10:02:05.239+0000] {standard_task_runner.py:72} INFO - Started process 570 to run task
[2026-07-16T10:02:05.245+0000] {standard_task_runner.py:104} INFO - Running: ['airflow', 'tasks', 'run', 'wap_consumer_complaints_pipeline', 'extract_and_upload', 'scheduled__2026-07-15T00:00:00+00:00', '--job-id', '7', '--raw', '--subdir', 'DAGS_FOLDER/wap_consumer_complaints_pipeline.py', '--cfg-path', '/tmp/tmpbr1dww3d', '--map-index', '0']
[2026-07-16T10:02:05.248+0000] {standard_task_runner.py:105} INFO - Job 7: Subtask extract_and_upload
[2026-07-16T10:02:05.354+0000] {task_command.py:467} INFO - Running <TaskInstance: wap_consumer_complaints_pipeline.extract_and_upload scheduled__2026-07-15T00:00:00+00:00 map_index=0 [running]> on host b39c54b535d9
[2026-07-16T10:02:05.477+0000] {taskinstance.py:3131} INFO - Exporting env vars: AIRFLOW_CTX_DAG_OWNER='data_engineer' AIRFLOW_CTX_DAG_ID='wap_consumer_complaints_pipeline' AIRFLOW_CTX_TASK_ID='extract_and_upload' AIRFLOW_CTX_EXECUTION_DATE='2026-07-15T00:00:00+00:00' AIRFLOW_CTX_TRY_NUMBER='1' AIRFLOW_CTX_DAG_RUN_ID='scheduled__2026-07-15T00:00:00+00:00'
[2026-07-16T10:02:05.480+0000] {taskinstance.py:731} INFO - ::endgroup::
[2026-07-16T10:02:05.489+0000] {cfpb_api_client.py:487} INFO - 🛡️ Khởi động lưới lọc Rescued Data cho công ty: JPMORGAN CHASE & CO.
[2026-07-16T10:02:05.491+0000] {cfpb_api_client.py:460} INFO - 🏢 Khởi tạo luồng kéo dữ liệu cho công ty: JPMORGAN CHASE & CO.
[2026-07-16T10:02:05.492+0000] {cfpb_api_client.py:389} INFO - 🚀 BẮT ĐẦU: Kéo luồng dữ liệu từ 2026-07-08 đến 2026-07-15
[2026-07-16T10:02:15.168+0000] {cfpb_api_client.py:438} INFO -   ➜ Đã kéo được 27 / 27 records...
[2026-07-16T10:02:15.170+0000] {cfpb_api_client.py:442} INFO - ✅ HOÀN TẤT: Đã lấy toàn bộ 27 khiếu nại có sẵn.
[2026-07-16T10:02:15.172+0000] {minio_loader.py:203} INFO - 📤 Đang upload inc_2026-07-15_JPMORGAN_CHASE_&_CO..json lên s3://lakehouse/landing/consumer_complaints/run_date=2026-07-15/inc_2026-07-15_JPMORGAN_CHASE_&_CO..json
[2026-07-16T10:02:15.174+0000] {crypto.py:82} WARNING - empty cryptography key - values will not be stored encrypted.
[2026-07-16T10:02:15.176+0000] {base.py:84} INFO - Retrieving connection 'minio_default'
[2026-07-16T10:02:15.177+0000] {connection_wrapper.py:388} INFO - AWS Connection (conn_id='minio_default', conn_type='aws') credentials retrieved from login and ***.
[2026-07-16T10:02:15.534+0000] {python.py:240} INFO - Done. Returned value was: 27
[2026-07-16T10:02:15.561+0000] {taskinstance.py:340} INFO - ::group::Post task execution logs
[2026-07-16T10:02:15.562+0000] {taskinstance.py:352} INFO - Marking task as SUCCESS. dag_id=wap_consumer_complaints_pipeline, task_id=extract_and_upload, run_id=scheduled__2026-07-15T00:00:00+00:00, map_index=0, execution_date=20260715T000000, start_date=20260716T100205, end_date=20260716T100215
[2026-07-16T10:02:15.596+0000] {local_task_job_runner.py:266} INFO - Task exited with return code 0
[2026-07-16T10:02:15.633+0000] {taskinstance.py:3900} INFO - 0 downstream tasks scheduled from follow-on schedule check
[2026-07-16T10:02:15.637+0000] {local_task_job_runner.py:245} INFO - ::endgroup::
