[2026-07-18T01:28:32.781+0000] {local_task_job_runner.py:123} INFO - ::group::Pre task execution logs
[2026-07-18T01:28:32.798+0000] {taskinstance.py:2612} INFO - Dependencies all met for dep_context=non-requeueable deps ti=<TaskInstance: consumer_complaints_ingestion_wap.prepare_and_create_branch scheduled__2026-07-17T00:00:00+00:00 [queued]>
[2026-07-18T01:28:32.806+0000] {taskinstance.py:2612} INFO - Dependencies all met for dep_context=requeueable deps ti=<TaskInstance: consumer_complaints_ingestion_wap.prepare_and_create_branch scheduled__2026-07-17T00:00:00+00:00 [queued]>
[2026-07-18T01:28:32.808+0000] {taskinstance.py:2865} INFO - Starting attempt 1 of 1
[2026-07-18T01:28:32.818+0000] {taskinstance.py:2888} INFO - Executing <Task(_PythonDecoratedOperator): prepare_and_create_branch> on 2026-07-17 00:00:00+00:00
[2026-07-18T01:28:32.824+0000] {standard_task_runner.py:72} INFO - Started process 970 to run task
[2026-07-18T01:28:32.828+0000] {standard_task_runner.py:104} INFO - Running: ['airflow', 'tasks', 'run', 'consumer_complaints_ingestion_wap', 'prepare_and_create_branch', 'scheduled__2026-07-17T00:00:00+00:00', '--job-id', '4', '--raw', '--subdir', 'DAGS_FOLDER/wap_consumer_complaints_pipeline.py', '--cfg-path', '/tmp/tmpac9_s94v']
[2026-07-18T01:28:32.830+0000] {standard_task_runner.py:105} INFO - Job 4: Subtask prepare_and_create_branch
[2026-07-18T01:28:32.904+0000] {task_command.py:467} INFO - Running <TaskInstance: consumer_complaints_ingestion_wap.prepare_and_create_branch scheduled__2026-07-17T00:00:00+00:00 [running]> on host ac6ebf98646b
[2026-07-18T01:28:32.994+0000] {taskinstance.py:3131} INFO - Exporting env vars: AIRFLOW_CTX_DAG_OWNER='airflow' AIRFLOW_CTX_DAG_ID='consumer_complaints_ingestion_wap' AIRFLOW_CTX_TASK_ID='prepare_and_create_branch' AIRFLOW_CTX_EXECUTION_DATE='2026-07-17T00:00:00+00:00' AIRFLOW_CTX_TRY_NUMBER='1' AIRFLOW_CTX_DAG_RUN_ID='scheduled__2026-07-17T00:00:00+00:00'
[2026-07-18T01:28:33.000+0000] {taskinstance.py:731} INFO - ::endgroup::
[2026-07-18T01:28:33.005+0000] {crypto.py:82} WARNING - empty cryptography key - values will not be stored encrypted.
[2026-07-18T01:28:33.007+0000] {base.py:84} INFO - Retrieving connection 'minio_default'
[2026-07-18T01:28:33.010+0000] {connection_wrapper.py:388} INFO - AWS Connection (conn_id='minio_default', conn_type='aws') credentials retrieved from login and ***.
[2026-07-18T01:28:33.711+0000] {minio_loader.py:188} INFO - ℹ️ Phân vùng landing/consumer_complaints/run_date=2026-07-17 đang trống.
[2026-07-18T01:28:33.713+0000] {wap_consumer_complaints_pipeline.py:60} INFO - ✅ [LANDING] Đã dọn dẹp phân vùng run_date=2026-07-17.
[2026-07-18T01:28:33.715+0000] {base.py:84} INFO - Retrieving connection 'nessie_api_default'
[2026-07-18T01:28:33.759+0000] {nessie_client.py:46} INFO - 🌿 Đã tạo nhánh 'etl_inc_2026-07-17_scheduled__2026_07_17T00_00_00' (Hash: 16583234)
[2026-07-18T01:28:33.761+0000] {python.py:240} INFO - Done. Returned value was: {'run_date': '2026-07-17', 'start_date': '2026-07-10', 'end_date': '2026-07-17', 'run_id': 'scheduled__2026-07-17T00:00:00+00:00', 'wap_branch': 'etl_inc_2026-07-17_scheduled__2026_07_17T00_00_00'}
[2026-07-18T01:28:33.802+0000] {taskinstance.py:340} INFO - ::group::Post task execution logs
[2026-07-18T01:28:33.803+0000] {taskinstance.py:352} INFO - Marking task as SUCCESS. dag_id=consumer_complaints_ingestion_wap, task_id=prepare_and_create_branch, run_id=scheduled__2026-07-17T00:00:00+00:00, execution_date=20260717T000000, start_date=20260718T012832, end_date=20260718T012833
[2026-07-18T01:28:33.847+0000] {local_task_job_runner.py:266} INFO - Task exited with return code 0
[2026-07-18T01:28:33.881+0000] {taskinstance.py:3900} INFO - 2 downstream tasks scheduled from follow-on schedule check
[2026-07-18T01:28:33.885+0000] {local_task_job_runner.py:245} INFO - ::endgroup::
[2026-07-18T01:39:25.402+0000] {local_task_job_runner.py:123} INFO - ::group::Pre task execution logs
[2026-07-18T01:39:25.418+0000] {taskinstance.py:2612} INFO - Dependencies all met for dep_context=non-requeueable deps ti=<TaskInstance: consumer_complaints_ingestion_wap.prepare_and_create_branch scheduled__2026-07-17T00:00:00+00:00 [queued]>
[2026-07-18T01:39:25.425+0000] {taskinstance.py:2612} INFO - Dependencies all met for dep_context=requeueable deps ti=<TaskInstance: consumer_complaints_ingestion_wap.prepare_and_create_branch scheduled__2026-07-17T00:00:00+00:00 [queued]>
[2026-07-18T01:39:25.427+0000] {taskinstance.py:2865} INFO - Starting attempt 1 of 1
[2026-07-18T01:39:25.438+0000] {taskinstance.py:2888} INFO - Executing <Task(_PythonDecoratedOperator): prepare_and_create_branch> on 2026-07-17 00:00:00+00:00
[2026-07-18T01:39:25.444+0000] {standard_task_runner.py:72} INFO - Started process 443 to run task
[2026-07-18T01:39:25.449+0000] {standard_task_runner.py:104} INFO - Running: ['airflow', 'tasks', 'run', 'consumer_complaints_ingestion_wap', 'prepare_and_create_branch', 'scheduled__2026-07-17T00:00:00+00:00', '--job-id', '4', '--raw', '--subdir', 'DAGS_FOLDER/wap_consumer_complaints_pipeline.py', '--cfg-path', '/tmp/tmpncn9nco2']
[2026-07-18T01:39:25.453+0000] {standard_task_runner.py:105} INFO - Job 4: Subtask prepare_and_create_branch
[2026-07-18T01:39:25.536+0000] {task_command.py:467} INFO - Running <TaskInstance: consumer_complaints_ingestion_wap.prepare_and_create_branch scheduled__2026-07-17T00:00:00+00:00 [running]> on host 93246aa1c53f
[2026-07-18T01:39:25.640+0000] {taskinstance.py:3131} INFO - Exporting env vars: AIRFLOW_CTX_DAG_OWNER='airflow' AIRFLOW_CTX_DAG_ID='consumer_complaints_ingestion_wap' AIRFLOW_CTX_TASK_ID='prepare_and_create_branch' AIRFLOW_CTX_EXECUTION_DATE='2026-07-17T00:00:00+00:00' AIRFLOW_CTX_TRY_NUMBER='1' AIRFLOW_CTX_DAG_RUN_ID='scheduled__2026-07-17T00:00:00+00:00'
[2026-07-18T01:39:25.644+0000] {taskinstance.py:731} INFO - ::endgroup::
[2026-07-18T01:39:25.650+0000] {crypto.py:82} WARNING - empty cryptography key - values will not be stored encrypted.
[2026-07-18T01:39:25.653+0000] {base.py:84} INFO - Retrieving connection 'minio_default'
[2026-07-18T01:39:25.655+0000] {connection_wrapper.py:388} INFO - AWS Connection (conn_id='minio_default', conn_type='aws') credentials retrieved from login and ***.
[2026-07-18T01:39:26.145+0000] {minio_loader.py:188} INFO - ℹ️ Phân vùng landing/consumer_complaints/run_date=2026-07-17 đang trống.
[2026-07-18T01:39:26.148+0000] {wap_consumer_complaints_pipeline.py:61} INFO - ✅ [LANDING] Đã dọn dẹp phân vùng run_date=2026-07-17.
[2026-07-18T01:39:26.151+0000] {base.py:84} INFO - Retrieving connection 'nessie_api_default'
[2026-07-18T01:39:26.219+0000] {nessie_client.py:46} INFO - 🌿 Đã tạo nhánh 'etl_20260717_scheduled202607' (Hash: 068667be)
[2026-07-18T01:39:26.224+0000] {wap_consumer_complaints_pipeline.py:78} INFO - 🌿 [WAP] Đã tạo/tái sử dụng nhánh tạm: etl_20260717_scheduled202607
[2026-07-18T01:39:26.226+0000] {python.py:240} INFO - Done. Returned value was: {'run_date': '2026-07-17', 'start_date': '2026-07-10', 'end_date': '2026-07-17', 'run_id': 'scheduled__2026-07-17T00:00:00+00:00', 'wap_branch': 'etl_20260717_scheduled202607'}
[2026-07-18T01:39:26.276+0000] {taskinstance.py:340} INFO - ::group::Post task execution logs
[2026-07-18T01:39:26.278+0000] {taskinstance.py:352} INFO - Marking task as SUCCESS. dag_id=consumer_complaints_ingestion_wap, task_id=prepare_and_create_branch, run_id=scheduled__2026-07-17T00:00:00+00:00, execution_date=20260717T000000, start_date=20260718T013925, end_date=20260718T013926
[2026-07-18T01:39:26.307+0000] {local_task_job_runner.py:266} INFO - Task exited with return code 0
[2026-07-18T01:39:26.348+0000] {taskinstance.py:3900} INFO - 2 downstream tasks scheduled from follow-on schedule check
[2026-07-18T01:39:26.353+0000] {local_task_job_runner.py:245} INFO - ::endgroup::
[2026-07-18T01:50:33.380+0000] {local_task_job_runner.py:123} INFO - ::group::Pre task execution logs
[2026-07-18T01:50:33.398+0000] {taskinstance.py:2612} INFO - Dependencies all met for dep_context=non-requeueable deps ti=<TaskInstance: consumer_complaints_ingestion_wap.prepare_and_create_branch scheduled__2026-07-17T00:00:00+00:00 [queued]>
[2026-07-18T01:50:33.407+0000] {taskinstance.py:2612} INFO - Dependencies all met for dep_context=requeueable deps ti=<TaskInstance: consumer_complaints_ingestion_wap.prepare_and_create_branch scheduled__2026-07-17T00:00:00+00:00 [queued]>
[2026-07-18T01:50:33.408+0000] {taskinstance.py:2865} INFO - Starting attempt 1 of 1
[2026-07-18T01:50:33.419+0000] {taskinstance.py:2888} INFO - Executing <Task(_PythonDecoratedOperator): prepare_and_create_branch> on 2026-07-17 00:00:00+00:00
[2026-07-18T01:50:33.426+0000] {standard_task_runner.py:72} INFO - Started process 359 to run task
[2026-07-18T01:50:33.429+0000] {standard_task_runner.py:104} INFO - Running: ['airflow', 'tasks', 'run', 'consumer_complaints_ingestion_wap', 'prepare_and_create_branch', 'scheduled__2026-07-17T00:00:00+00:00', '--job-id', '4', '--raw', '--subdir', 'DAGS_FOLDER/wap_consumer_complaints_pipeline.py', '--cfg-path', '/tmp/tmpbt00duoz']
[2026-07-18T01:50:33.431+0000] {standard_task_runner.py:105} INFO - Job 4: Subtask prepare_and_create_branch
[2026-07-18T01:50:33.523+0000] {task_command.py:467} INFO - Running <TaskInstance: consumer_complaints_ingestion_wap.prepare_and_create_branch scheduled__2026-07-17T00:00:00+00:00 [running]> on host a48e29a78335
[2026-07-18T01:50:33.611+0000] {taskinstance.py:3131} INFO - Exporting env vars: AIRFLOW_CTX_DAG_OWNER='airflow' AIRFLOW_CTX_DAG_ID='consumer_complaints_ingestion_wap' AIRFLOW_CTX_TASK_ID='prepare_and_create_branch' AIRFLOW_CTX_EXECUTION_DATE='2026-07-17T00:00:00+00:00' AIRFLOW_CTX_TRY_NUMBER='1' AIRFLOW_CTX_DAG_RUN_ID='scheduled__2026-07-17T00:00:00+00:00'
[2026-07-18T01:50:33.615+0000] {taskinstance.py:731} INFO - ::endgroup::
[2026-07-18T01:50:33.619+0000] {crypto.py:82} WARNING - empty cryptography key - values will not be stored encrypted.
[2026-07-18T01:50:33.621+0000] {base.py:84} INFO - Retrieving connection 'minio_default'
[2026-07-18T01:50:33.622+0000] {connection_wrapper.py:388} INFO - AWS Connection (conn_id='minio_default', conn_type='aws') credentials retrieved from login and ***.
[2026-07-18T01:50:34.083+0000] {minio_loader.py:188} INFO - ℹ️ Phân vùng landing/consumer_complaints/run_date=2026-07-17 đang trống.
[2026-07-18T01:50:34.085+0000] {wap_consumer_complaints_pipeline.py:61} INFO - ✅ [LANDING] Đã dọn dẹp phân vùng run_date=2026-07-17.
[2026-07-18T01:50:34.087+0000] {base.py:84} INFO - Retrieving connection 'nessie_api_default'
[2026-07-18T01:50:34.139+0000] {nessie_client.py:46} INFO - 🌿 Đã tạo nhánh 'etl_20260717_scheduled202607' (Hash: 7e0d5a61)
[2026-07-18T01:50:34.141+0000] {wap_consumer_complaints_pipeline.py:78} INFO - 🌿 [WAP] Đã tạo/tái sử dụng nhánh tạm: etl_20260717_scheduled202607
[2026-07-18T01:50:34.142+0000] {python.py:240} INFO - Done. Returned value was: {'run_date': '2026-07-17', 'start_date': '2026-07-10', 'end_date': '2026-07-17', 'run_id': 'scheduled__2026-07-17T00:00:00+00:00', 'wap_branch': 'etl_20260717_scheduled202607'}
[2026-07-18T01:50:34.187+0000] {taskinstance.py:340} INFO - ::group::Post task execution logs
[2026-07-18T01:50:34.189+0000] {taskinstance.py:352} INFO - Marking task as SUCCESS. dag_id=consumer_complaints_ingestion_wap, task_id=prepare_and_create_branch, run_id=scheduled__2026-07-17T00:00:00+00:00, execution_date=20260717T000000, start_date=20260718T015033, end_date=20260718T015034
[2026-07-18T01:50:34.246+0000] {local_task_job_runner.py:266} INFO - Task exited with return code 0
[2026-07-18T01:50:34.283+0000] {taskinstance.py:3900} INFO - 2 downstream tasks scheduled from follow-on schedule check
[2026-07-18T01:50:34.287+0000] {local_task_job_runner.py:245} INFO - ::endgroup::
[2026-07-18T02:22:14.274+0000] {local_task_job_runner.py:123} INFO - ::group::Pre task execution logs
[2026-07-18T02:22:14.291+0000] {taskinstance.py:2612} INFO - Dependencies all met for dep_context=non-requeueable deps ti=<TaskInstance: consumer_complaints_ingestion_wap.prepare_and_create_branch scheduled__2026-07-17T00:00:00+00:00 [queued]>
[2026-07-18T02:22:14.298+0000] {taskinstance.py:2612} INFO - Dependencies all met for dep_context=requeueable deps ti=<TaskInstance: consumer_complaints_ingestion_wap.prepare_and_create_branch scheduled__2026-07-17T00:00:00+00:00 [queued]>
[2026-07-18T02:22:14.300+0000] {taskinstance.py:2865} INFO - Starting attempt 1 of 1
[2026-07-18T02:22:14.311+0000] {taskinstance.py:2888} INFO - Executing <Task(_PythonDecoratedOperator): prepare_and_create_branch> on 2026-07-17 00:00:00+00:00
[2026-07-18T02:22:14.316+0000] {standard_task_runner.py:72} INFO - Started process 359 to run task
[2026-07-18T02:22:14.320+0000] {standard_task_runner.py:104} INFO - Running: ['airflow', 'tasks', 'run', 'consumer_complaints_ingestion_wap', 'prepare_and_create_branch', 'scheduled__2026-07-17T00:00:00+00:00', '--job-id', '4', '--raw', '--subdir', 'DAGS_FOLDER/wap_consumer_complaints_pipeline.py', '--cfg-path', '/tmp/tmpui9rjqsl']
[2026-07-18T02:22:14.322+0000] {standard_task_runner.py:105} INFO - Job 4: Subtask prepare_and_create_branch
[2026-07-18T02:22:14.407+0000] {task_command.py:467} INFO - Running <TaskInstance: consumer_complaints_ingestion_wap.prepare_and_create_branch scheduled__2026-07-17T00:00:00+00:00 [running]> on host 407f07aaae66
[2026-07-18T02:22:14.482+0000] {taskinstance.py:3131} INFO - Exporting env vars: AIRFLOW_CTX_DAG_OWNER='airflow' AIRFLOW_CTX_DAG_ID='consumer_complaints_ingestion_wap' AIRFLOW_CTX_TASK_ID='prepare_and_create_branch' AIRFLOW_CTX_EXECUTION_DATE='2026-07-17T00:00:00+00:00' AIRFLOW_CTX_TRY_NUMBER='1' AIRFLOW_CTX_DAG_RUN_ID='scheduled__2026-07-17T00:00:00+00:00'
[2026-07-18T02:22:14.485+0000] {taskinstance.py:731} INFO - ::endgroup::
[2026-07-18T02:22:14.488+0000] {crypto.py:82} WARNING - empty cryptography key - values will not be stored encrypted.
[2026-07-18T02:22:14.490+0000] {base.py:84} INFO - Retrieving connection 'minio_default'
[2026-07-18T02:22:14.492+0000] {connection_wrapper.py:388} INFO - AWS Connection (conn_id='minio_default', conn_type='aws') credentials retrieved from login and ***.
[2026-07-18T02:22:14.961+0000] {minio_loader.py:188} INFO - ℹ️ Phân vùng landing/consumer_complaints/run_date=2026-07-17 đang trống.
[2026-07-18T02:22:14.962+0000] {wap_consumer_complaints_pipeline.py:58} INFO - ✅ [LANDING] Đã dọn dẹp phân vùng run_date=2026-07-17.
[2026-07-18T02:22:14.964+0000] {base.py:84} INFO - Retrieving connection 'nessie_api_default'
[2026-07-18T02:22:15.010+0000] {nessie_client.py:46} INFO - 🌿 Đã tạo nhánh 'etl_20260717_scheduled202607' (Hash: 0c277f96)
[2026-07-18T02:22:15.012+0000] {wap_consumer_complaints_pipeline.py:72} INFO - 🌿 [WAP] Đã tạo/tái sử dụng nhánh tạm: etl_20260717_scheduled202607
[2026-07-18T02:22:15.014+0000] {python.py:240} INFO - Done. Returned value was: {'run_date': '2026-07-17', 'start_date': '2026-07-10', 'end_date': '2026-07-17', 'run_id': 'scheduled__2026-07-17T00:00:00+00:00', 'wap_branch': 'etl_20260717_scheduled202607'}
[2026-07-18T02:22:15.052+0000] {taskinstance.py:340} INFO - ::group::Post task execution logs
[2026-07-18T02:22:15.054+0000] {taskinstance.py:352} INFO - Marking task as SUCCESS. dag_id=consumer_complaints_ingestion_wap, task_id=prepare_and_create_branch, run_id=scheduled__2026-07-17T00:00:00+00:00, execution_date=20260717T000000, start_date=20260718T022214, end_date=20260718T022215
[2026-07-18T02:22:15.097+0000] {local_task_job_runner.py:266} INFO - Task exited with return code 0
[2026-07-18T02:22:15.132+0000] {taskinstance.py:3900} INFO - 2 downstream tasks scheduled from follow-on schedule check
[2026-07-18T02:22:15.135+0000] {local_task_job_runner.py:245} INFO - ::endgroup::
[2026-07-18T02:31:40.146+0000] {local_task_job_runner.py:123} INFO - ::group::Pre task execution logs
[2026-07-18T02:31:40.165+0000] {taskinstance.py:2612} INFO - Dependencies all met for dep_context=non-requeueable deps ti=<TaskInstance: consumer_complaints_ingestion_wap.prepare_and_create_branch scheduled__2026-07-17T00:00:00+00:00 [queued]>
[2026-07-18T02:31:40.173+0000] {taskinstance.py:2612} INFO - Dependencies all met for dep_context=requeueable deps ti=<TaskInstance: consumer_complaints_ingestion_wap.prepare_and_create_branch scheduled__2026-07-17T00:00:00+00:00 [queued]>
[2026-07-18T02:31:40.174+0000] {taskinstance.py:2865} INFO - Starting attempt 1 of 1
[2026-07-18T02:31:40.185+0000] {taskinstance.py:2888} INFO - Executing <Task(_PythonDecoratedOperator): prepare_and_create_branch> on 2026-07-17 00:00:00+00:00
[2026-07-18T02:31:40.191+0000] {standard_task_runner.py:72} INFO - Started process 445 to run task
[2026-07-18T02:31:40.194+0000] {standard_task_runner.py:104} INFO - Running: ['airflow', 'tasks', 'run', 'consumer_complaints_ingestion_wap', 'prepare_and_create_branch', 'scheduled__2026-07-17T00:00:00+00:00', '--job-id', '4', '--raw', '--subdir', 'DAGS_FOLDER/wap_consumer_complaints_pipeline.py', '--cfg-path', '/tmp/tmpupt4e_0n']
[2026-07-18T02:31:40.197+0000] {standard_task_runner.py:105} INFO - Job 4: Subtask prepare_and_create_branch
[2026-07-18T02:31:40.280+0000] {task_command.py:467} INFO - Running <TaskInstance: consumer_complaints_ingestion_wap.prepare_and_create_branch scheduled__2026-07-17T00:00:00+00:00 [running]> on host e28a35e52d18
[2026-07-18T02:31:40.364+0000] {taskinstance.py:3131} INFO - Exporting env vars: AIRFLOW_CTX_DAG_OWNER='airflow' AIRFLOW_CTX_DAG_ID='consumer_complaints_ingestion_wap' AIRFLOW_CTX_TASK_ID='prepare_and_create_branch' AIRFLOW_CTX_EXECUTION_DATE='2026-07-17T00:00:00+00:00' AIRFLOW_CTX_TRY_NUMBER='1' AIRFLOW_CTX_DAG_RUN_ID='scheduled__2026-07-17T00:00:00+00:00'
[2026-07-18T02:31:40.367+0000] {taskinstance.py:731} INFO - ::endgroup::
[2026-07-18T02:31:40.370+0000] {crypto.py:82} WARNING - empty cryptography key - values will not be stored encrypted.
[2026-07-18T02:31:40.372+0000] {base.py:84} INFO - Retrieving connection 'minio_default'
[2026-07-18T02:31:40.374+0000] {connection_wrapper.py:388} INFO - AWS Connection (conn_id='minio_default', conn_type='aws') credentials retrieved from login and ***.
[2026-07-18T02:31:40.815+0000] {minio_loader.py:188} INFO - ℹ️ Phân vùng landing/consumer_complaints/run_date=2026-07-17 đang trống.
[2026-07-18T02:31:40.816+0000] {wap_consumer_complaints_pipeline.py:58} INFO - ✅ [LANDING] Đã dọn dẹp phân vùng run_date=2026-07-17.
[2026-07-18T02:31:40.817+0000] {base.py:84} INFO - Retrieving connection 'nessie_api_default'
[2026-07-18T02:31:40.872+0000] {nessie_client.py:46} INFO - 🌿 Đã tạo nhánh 'etl_20260717_scheduled202607' (Hash: 94728428)
[2026-07-18T02:31:40.874+0000] {wap_consumer_complaints_pipeline.py:72} INFO - 🌿 [WAP] Đã tạo/tái sử dụng nhánh tạm: etl_20260717_scheduled202607
[2026-07-18T02:31:40.876+0000] {python.py:240} INFO - Done. Returned value was: {'run_date': '2026-07-17', 'start_date': '2026-07-10', 'end_date': '2026-07-17', 'run_id': 'scheduled__2026-07-17T00:00:00+00:00', 'wap_branch': 'etl_20260717_scheduled202607'}
[2026-07-18T02:31:40.918+0000] {taskinstance.py:340} INFO - ::group::Post task execution logs
[2026-07-18T02:31:40.919+0000] {taskinstance.py:352} INFO - Marking task as SUCCESS. dag_id=consumer_complaints_ingestion_wap, task_id=prepare_and_create_branch, run_id=scheduled__2026-07-17T00:00:00+00:00, execution_date=20260717T000000, start_date=20260718T023140, end_date=20260718T023140
[2026-07-18T02:31:40.971+0000] {local_task_job_runner.py:266} INFO - Task exited with return code 0
[2026-07-18T02:31:41.023+0000] {taskinstance.py:3900} INFO - 2 downstream tasks scheduled from follow-on schedule check
[2026-07-18T02:31:41.027+0000] {local_task_job_runner.py:245} INFO - ::endgroup::
