[2026-07-17T02:07:42.108+0000] {local_task_job_runner.py:123} INFO - ::group::Pre task execution logs
[2026-07-17T02:07:42.135+0000] {taskinstance.py:2612} INFO - Dependencies all met for dep_context=non-requeueable deps ti=<TaskInstance: wap_consumer_complaints_pipeline.dbt_transform.dim_locations.run scheduled__2026-07-16T00:00:00+00:00 [queued]>
[2026-07-17T02:07:42.148+0000] {taskinstance.py:2612} INFO - Dependencies all met for dep_context=requeueable deps ti=<TaskInstance: wap_consumer_complaints_pipeline.dbt_transform.dim_locations.run scheduled__2026-07-16T00:00:00+00:00 [queued]>
[2026-07-17T02:07:42.150+0000] {taskinstance.py:2865} INFO - Starting attempt 2 of 2
[2026-07-17T02:07:42.174+0000] {taskinstance.py:2888} INFO - Executing <Task(DbtRunLocalOperator): dbt_transform.dim_locations.run> on 2026-07-16 00:00:00+00:00
[2026-07-17T02:07:42.183+0000] {standard_task_runner.py:72} INFO - Started process 3283 to run task
[2026-07-17T02:07:42.190+0000] {standard_task_runner.py:104} INFO - Running: ['airflow', 'tasks', 'run', 'wap_consumer_complaints_pipeline', 'dbt_transform.dim_locations.run', 'scheduled__2026-07-16T00:00:00+00:00', '--job-id', '22', '--raw', '--subdir', 'DAGS_FOLDER/wap_consumer_complaints_pipeline.py', '--cfg-path', '/tmp/tmp4t7csqpu']
[2026-07-17T02:07:42.191+0000] {standard_task_runner.py:105} INFO - Job 22: Subtask dbt_transform.dim_locations.run
[2026-07-17T02:07:42.289+0000] {task_command.py:467} INFO - Running <TaskInstance: wap_consumer_complaints_pipeline.dbt_transform.dim_locations.run scheduled__2026-07-16T00:00:00+00:00 [running]> on host e6c7c1682e85
[2026-07-17T02:07:42.425+0000] {taskinstance.py:3131} INFO - Exporting env vars: AIRFLOW_CTX_DAG_OWNER='data_engineer' AIRFLOW_CTX_DAG_ID='wap_consumer_complaints_pipeline' AIRFLOW_CTX_TASK_ID='dbt_transform.dim_locations.run' AIRFLOW_CTX_EXECUTION_DATE='2026-07-16T00:00:00+00:00' AIRFLOW_CTX_TRY_NUMBER='2' AIRFLOW_CTX_DAG_RUN_ID='scheduled__2026-07-16T00:00:00+00:00'
[2026-07-17T02:07:42.428+0000] {taskinstance.py:731} INFO - ::endgroup::
[2026-07-17T02:07:43.873+0000] {local.py:294} INFO - dbtRunner is available. Using dbtRunner for invoking dbt.
[2026-07-17T02:07:43.876+0000] {local.py:518} INFO - Cloning project to writable temp directory /tmp/tmp5vao3k6_ from /opt/airflow/dbt_transform
[2026-07-17T02:07:43.891+0000] {local.py:538} INFO - Partial parse is enabled and the latest partial parse file is /tmp/cosmos/wap_consumer_complaints_pipeline__dbt_transform/target/partial_parse.msgpack
[2026-07-17T02:07:43.905+0000] {config.py:395} INFO - Using user-supplied profiles.yml at /opt/airflow/dbt_transform/profiles.yml
[2026-07-17T02:07:43.919+0000] {runner.py:95} INFO - Trying to run dbtRunner with:
 ['deps', '--project-dir', '/tmp/tmp5vao3k6_', '--profiles-dir', '/opt/airflow/dbt_transform', '--profile', 'lakehouse_dbt', '--target', 'dev', '--no-static-parser']
 in /tmp/tmp5vao3k6_
[2026-07-17T02:07:44.005+0000] {logging_mixin.py:190} INFO - 02:07:44  Running with dbt=1.8.8
[2026-07-17T02:07:44.159+0000] {converter.py:314} INFO - ::group::Cosmos DAG parsing logs
[2026-07-17T02:07:44.165+0000] {graph.py:869} INFO - Trying to parse the dbt project using dbt ls cache cosmos_cache__dbt_silver_gold_incremental__transform_silver...
[2026-07-17T02:07:47.641+0000] {cache.py:383} INFO - Cosmos performance: time to calculate cache identifier cosmos_cache__dbt_silver_gold_incremental__transform_silver for current version: 3.463554255999952
[2026-07-17T02:07:47.642+0000] {graph.py:886} INFO - Cosmos performance [e6c7c1682e85|3283]: The cache size for cosmos_cache__dbt_silver_gold_incremental__transform_silver is 5960
[2026-07-17T02:07:47.643+0000] {graph.py:898} INFO - Cosmos performance: Cache hit for cosmos_cache__dbt_silver_gold_incremental__transform_silver - 241f870d1aae7250659c27c5ef433ade,5e34606eb5f2b3dea81a8e19fa3ba138
[2026-07-17T02:07:47.645+0000] {graph.py:799} INFO - Total nodes: 7
[2026-07-17T02:07:47.647+0000] {graph.py:800} INFO - Total filtered nodes: 7
[2026-07-17T02:07:47.648+0000] {converter.py:361} INFO - Cosmos performance (dbt_silver_gold_incremental__transform_silver) - [e6c7c1682e85|3283]: It took 3.48s to parse the dbt project for DAG using dbt_ls_cache
[2026-07-17T02:07:47.661+0000] {converter.py:413} INFO - Cosmos performance (dbt_silver_gold_incremental__transform_silver) - [e6c7c1682e85|3283]: It took 0.0124s to build the Airflow DAG.
[2026-07-17T02:07:47.662+0000] {converter.py:420} INFO - ::endgroup::Cosmos DAG parsing logs
[2026-07-17T02:07:47.664+0000] {converter.py:314} INFO - ::group::Cosmos DAG parsing logs
[2026-07-17T02:07:47.668+0000] {graph.py:869} INFO - Trying to parse the dbt project using dbt ls cache cosmos_cache__dbt_silver_gold_incremental__transform_gold...
[2026-07-17T02:07:50.059+0000] {cache.py:383} INFO - Cosmos performance: time to calculate cache identifier cosmos_cache__dbt_silver_gold_incremental__transform_gold for current version: 2.3790251680002257
[2026-07-17T02:07:50.061+0000] {graph.py:886} INFO - Cosmos performance [e6c7c1682e85|3283]: The cache size for cosmos_cache__dbt_silver_gold_incremental__transform_gold is 35986
[2026-07-17T02:07:50.063+0000] {graph.py:898} INFO - Cosmos performance: Cache hit for cosmos_cache__dbt_silver_gold_incremental__transform_gold - 241f870d1aae7250659c27c5ef433ade,304321e940a9403dceb380589bd0566f
[2026-07-17T02:07:50.064+0000] {graph.py:799} INFO - Total nodes: 39
[2026-07-17T02:07:50.066+0000] {graph.py:800} INFO - Total filtered nodes: 39
[2026-07-17T02:07:50.067+0000] {converter.py:361} INFO - Cosmos performance (dbt_silver_gold_incremental__transform_gold) - [e6c7c1682e85|3283]: It took 2.4s to parse the dbt project for DAG using dbt_ls_cache
[2026-07-17T02:07:50.102+0000] {converter.py:413} INFO - Cosmos performance (dbt_silver_gold_incremental__transform_gold) - [e6c7c1682e85|3283]: It took 0.0349s to build the Airflow DAG.
[2026-07-17T02:07:50.104+0000] {converter.py:420} INFO - ::endgroup::Cosmos DAG parsing logs
[2026-07-17T02:07:50.106+0000] {converter.py:314} INFO - ::group::Cosmos DAG parsing logs
[2026-07-17T02:07:50.108+0000] {graph.py:869} INFO - Trying to parse the dbt project using dbt ls cache cosmos_cache__dbt_silver_gold_full_load__transform_silver...
[2026-07-17T02:07:51.943+0000] {cache.py:383} INFO - Cosmos performance: time to calculate cache identifier cosmos_cache__dbt_silver_gold_full_load__transform_silver for current version: 1.8231000879995918
[2026-07-17T02:07:51.944+0000] {graph.py:886} INFO - Cosmos performance [e6c7c1682e85|3283]: The cache size for cosmos_cache__dbt_silver_gold_full_load__transform_silver is 5960
[2026-07-17T02:07:51.945+0000] {graph.py:898} INFO - Cosmos performance: Cache hit for cosmos_cache__dbt_silver_gold_full_load__transform_silver - 241f870d1aae7250659c27c5ef433ade,5e34606eb5f2b3dea81a8e19fa3ba138
[2026-07-17T02:07:51.946+0000] {graph.py:799} INFO - Total nodes: 7
[2026-07-17T02:07:51.948+0000] {graph.py:800} INFO - Total filtered nodes: 7
[2026-07-17T02:07:51.949+0000] {converter.py:361} INFO - Cosmos performance (dbt_silver_gold_full_load__transform_silver) - [e6c7c1682e85|3283]: It took 1.84s to parse the dbt project for DAG using dbt_ls_cache
[2026-07-17T02:07:51.957+0000] {converter.py:413} INFO - Cosmos performance (dbt_silver_gold_full_load__transform_silver) - [e6c7c1682e85|3283]: It took 0.00757s to build the Airflow DAG.
[2026-07-17T02:07:51.958+0000] {converter.py:420} INFO - ::endgroup::Cosmos DAG parsing logs
[2026-07-17T02:07:51.959+0000] {converter.py:314} INFO - ::group::Cosmos DAG parsing logs
[2026-07-17T02:07:51.963+0000] {graph.py:869} INFO - Trying to parse the dbt project using dbt ls cache cosmos_cache__dbt_silver_gold_full_load__transform_gold...
[2026-07-17T02:07:55.363+0000] {cache.py:383} INFO - Cosmos performance: time to calculate cache identifier cosmos_cache__dbt_silver_gold_full_load__transform_gold for current version: 3.388487649999661
[2026-07-17T02:07:55.364+0000] {graph.py:886} INFO - Cosmos performance [e6c7c1682e85|3283]: The cache size for cosmos_cache__dbt_silver_gold_full_load__transform_gold is 35986
[2026-07-17T02:07:55.366+0000] {graph.py:898} INFO - Cosmos performance: Cache hit for cosmos_cache__dbt_silver_gold_full_load__transform_gold - 241f870d1aae7250659c27c5ef433ade,304321e940a9403dceb380589bd0566f
[2026-07-17T02:07:55.368+0000] {graph.py:799} INFO - Total nodes: 39
[2026-07-17T02:07:55.369+0000] {graph.py:800} INFO - Total filtered nodes: 39
[2026-07-17T02:07:55.371+0000] {converter.py:361} INFO - Cosmos performance (dbt_silver_gold_full_load__transform_gold) - [e6c7c1682e85|3283]: It took 3.41s to parse the dbt project for DAG using dbt_ls_cache
[2026-07-17T02:07:55.416+0000] {converter.py:413} INFO - Cosmos performance (dbt_silver_gold_full_load__transform_gold) - [e6c7c1682e85|3283]: It took 0.0447s to build the Airflow DAG.
[2026-07-17T02:07:55.417+0000] {converter.py:420} INFO - ::endgroup::Cosmos DAG parsing logs
[2026-07-17T02:07:55.907+0000] {logging_mixin.py:190} INFO - 02:07:55  Installing dbt-labs/dbt_utils
[2026-07-17T02:07:56.560+0000] {logging_mixin.py:190} INFO - 02:07:56  Installed from version 1.3.0
[2026-07-17T02:07:56.563+0000] {logging_mixin.py:190} INFO - 02:07:56  Updated version available: 1.4.1
[2026-07-17T02:07:56.566+0000] {logging_mixin.py:190} INFO - 02:07:56  Installing metaplane/dbt_expectations
[2026-07-17T02:07:57.911+0000] {logging_mixin.py:190} INFO - 02:07:57  Installed from version 0.10.8
[2026-07-17T02:07:57.914+0000] {logging_mixin.py:190} INFO - 02:07:57  Updated version available: 0.10.10
[2026-07-17T02:07:57.921+0000] {logging_mixin.py:190} INFO - 02:07:57  Installing godatadriven/dbt_date
[2026-07-17T02:07:58.463+0000] {logging_mixin.py:190} INFO - 02:07:58  Installed from version 0.15.0
[2026-07-17T02:07:58.465+0000] {logging_mixin.py:190} INFO - 02:07:58  Up to date!
[2026-07-17T02:07:58.469+0000] {logging_mixin.py:190} INFO - 02:07:58
[2026-07-17T02:07:58.471+0000] {logging_mixin.py:190} INFO - 02:07:58  Updates available for packages: ['dbt-labs/dbt_utils', 'metaplane/dbt_expectations']                 
Update your versions in packages.yml, then run dbt deps
[2026-07-17T02:07:59.711+0000] {runner.py:95} INFO - Trying to run dbtRunner with:
 ['run', '--select', 'fqn:consumer_complaints_transformation.marts.dim_locations', '--project-dir', '/tmp/tmp5vao3k6_', '--profiles-dir', '/opt/airflow/dbt_transform', '--profile', 'lakehouse_dbt', '--target', 'dev', '--no-static-parser']
 in /tmp/tmp5vao3k6_
[2026-07-17T02:07:59.741+0000] {logging_mixin.py:190} INFO - 02:07:59  Running with dbt=1.8.8
[2026-07-17T02:07:59.772+0000] {auth.py:343} INFO - keyring module not found. OAuth2 token will not be stored in keyring.
[2026-07-17T02:07:59.776+0000] {auth.py:343} INFO - keyring module not found. OAuth2 token will not be stored in keyring.
[2026-07-17T02:07:59.957+0000] {logging_mixin.py:190} INFO - 02:07:59  Registered adapter: trino=1.8.5
[2026-07-17T02:08:01.030+0000] {logging_mixin.py:190} INFO - 02:08:01  Found 8 models, 40 data tests, 1 source, 9 metrics, 839 macros, 5 semantic models
[2026-07-17T02:08:01.034+0000] {logging_mixin.py:190} INFO - 02:08:01
[2026-07-17T02:08:01.066+0000] {logging_mixin.py:190} INFO - 02:08:01  [WARNING]: SSL certificate validation is disabled by default. It is legacy behavior which will be changed in future releases. It is strongly advised to enable `require_certificate_validation` flag or explicitly set `cert` configuration to `True` for security reasons. You may receive an error after that if your SSL setup is incorrect.
You may opt into the new behavior sooner by setting `flags.require_certificate_validation` to `True` in `dbt_project.yml`.
Visit https://docs.getdbt.com/reference/global-configs/behavior-changes for more information.
[2026-07-17T02:08:01.379+0000] {logging_mixin.py:190} INFO - 02:08:01  Concurrency: 1 threads (target='dev')
[2026-07-17T02:08:01.381+0000] {logging_mixin.py:190} INFO - 02:08:01
[2026-07-17T02:08:01.385+0000] {logging_mixin.py:190} INFO - 02:08:01  1 of 1 START sql incremental model gold.dim_locations@etl_20260716_000000 ...... [RUN]
[2026-07-17T02:08:01.483+0000] {logging_mixin.py:190} INFO - 02:08:01  1 of 1 ERROR creating sql incremental model gold.dim_locations@etl_20260716_000000  [ERROR in 0.09s]
[2026-07-17T02:08:01.488+0000] {logging_mixin.py:190} INFO - 02:08:01
[2026-07-17T02:08:01.490+0000] {logging_mixin.py:190} INFO - 02:08:01  Finished running 1 incremental model in 0 hours 0 minutes and 0.45 seconds (0.45s).
[2026-07-17T02:08:01.547+0000] {logging_mixin.py:190} INFO - 02:08:01
[2026-07-17T02:08:01.551+0000] {logging_mixin.py:190} INFO - 02:08:01  Completed with 1 error and 0 warnings:
[2026-07-17T02:08:01.554+0000] {logging_mixin.py:190} INFO - 02:08:01
[2026-07-17T02:08:01.557+0000] {logging_mixin.py:190} INFO - 02:08:01    Database Error in model dim_locations (models/marts/dim_locations.sql)
  TrinoExternalError(type=EXTERNAL, name=ICEBERG_CATALOG_ERROR, message="Failed to load view 'stg__consumer_complaints@etl_20260716_000000'", query_id=20260717_020204_00061_hjtsz)
  compiled code at target/run/consumer_complaints_transformation/models/marts/dim_locations.sql
[2026-07-17T02:08:01.560+0000] {logging_mixin.py:190} INFO - 02:08:01
[2026-07-17T02:08:01.564+0000] {logging_mixin.py:190} INFO - 02:08:01  Done. PASS=0 WARN=0 ERROR=1 SKIP=0 TOTAL=1
[2026-07-17T02:08:02.711+0000] {local.py:196} WARNING - Artifact schema version: https://schemas.getdbt.com/dbt/manifest/v12.json is above dbt-ol supported version 7. This might cause errors.
[2026-07-17T02:08:02.720+0000] {local.py:594} INFO - Inlets: []
[2026-07-17T02:08:02.723+0000] {local.py:595} INFO - Outlets: []
[2026-07-17T02:08:02.724+0000] {local.py:886} INFO - Assigning inlets/outlets with DatasetAlias in Airflow 2
[2026-07-17T02:08:02.759+0000] {taskinstance.py:3310} ERROR - Task failed with exception
Traceback (most recent call last):
  File "/home/airflow/.local/lib/python3.10/site-packages/airflow/models/taskinstance.py", line 767, in _execute_task
    result = _execute_callable(context=context, **execute_callable_kwargs)
  File "/home/airflow/.local/lib/python3.10/site-packages/airflow/models/taskinstance.py", line 733, in _execute_callable
    return ExecutionCallableRunner(
  File "/home/airflow/.local/lib/python3.10/site-packages/airflow/utils/operator_helpers.py", line 252, in run
    return self.func(*args, **kwargs)
  File "/home/airflow/.local/lib/python3.10/site-packages/cosmos/operators/base.py", line 346, in execute
    self.build_and_run_cmd(context=context, cmd_flags=self.add_cmd_flags(), **kwargs)
  File "/home/airflow/.local/lib/python3.10/site-packages/cosmos/operators/local.py", line 968, in build_and_run_cmd
    result = self.run_command(
  File "/home/airflow/.local/lib/python3.10/site-packages/cosmos/operators/local.py", line 743, in run_command
    self.handle_exception(result)
  File "/home/airflow/.local/lib/python3.10/site-packages/cosmos/operators/local.py", line 308, in handle_exception_dbt_runner
    return dbt_runner.handle_exception_if_needed(result)
  File "/home/airflow/.local/lib/python3.10/site-packages/cosmos/dbt/runner.py", line 156, in handle_exception_if_needed
    raise CosmosDbtRunError(f"dbt invocation completed with errors: {error_message}")
cosmos.exceptions.CosmosDbtRunError: dbt invocation completed with errors: dim_locations: Database Error in model dim_locations (models/marts/dim_locations.sql)
  TrinoExternalError(type=EXTERNAL, name=ICEBERG_CATALOG_ERROR, message="Failed to load view 'stg__consumer_complaints@etl_20260716_000000'", query_id=20260717_020204_00061_hjtsz)
  compiled code at target/run/consumer_complaints_transformation/models/marts/dim_locations.sql
[2026-07-17T02:08:03.431+0000] {_client.py:1026} INFO - HTTP Request: GET https://astronomer.gateway.scarf.sh/astronomer-cosmos/v3/task_instance?cosmos_version=1.15.0&airflow_version=2.10.2&python_version=3.10.15&platform_system=Linux&platform_machine=x86_64&status=failed&operator_name=DbtRunLocalOperator&is_cosmos_operator_subclass=False&invocation_mode=dbt_runner&execution_mode=local&profile_strategy=yaml_file&profile_mapping_class=None&database=trino&is_mapped_task=False&dbt_command=run&install_deps=True&has_callback=False&duration=20.636442 "HTTP/1.1 200 OK"
[2026-07-17T02:08:03.434+0000] {taskinstance.py:1225} INFO - Marking task as FAILED. dag_id=wap_consumer_complaints_pipeline, task_id=dbt_transform.dim_locations.run, run_id=scheduled__2026-07-16T00:00:00+00:00, execution_date=20260716T000000, start_date=20260717T020742, end_date=20260717T020802
[2026-07-17T02:08:03.449+0000] {taskinstance.py:340} INFO - ::group::Post task execution logs
[2026-07-17T02:08:03.451+0000] {standard_task_runner.py:124} ERROR - Failed to execute job 22 for task dbt_transform.dim_locations.run (dbt invocation completed with errors: dim_locations: Database Error in model dim_locations (models/marts/dim_locations.sql)
  TrinoExternalError(type=EXTERNAL, name=ICEBERG_CATALOG_ERROR, message="Failed to load view 'stg__consumer_complaints@etl_20260716_000000'", query_id=20260717_020204_00061_hjtsz)
  compiled code at target/run/consumer_complaints_transformation/models/marts/dim_locations.sql; 3283)
Traceback (most recent call last):
  File "/home/airflow/.local/lib/python3.10/site-packages/airflow/task/task_runner/standard_task_runner.py", line 117, in _start_by_fork
    ret = args.func(args, dag=self.dag)
  File "/home/airflow/.local/lib/python3.10/site-packages/airflow/cli/cli_config.py", line 49, in command
    return func(*args, **kwargs)
  File "/home/airflow/.local/lib/python3.10/site-packages/airflow/utils/cli.py", line 115, in wrapper
    return f(*args, **kwargs)
  File "/home/airflow/.local/lib/python3.10/site-packages/airflow/cli/commands/task_command.py", line 483, in task_run
    task_return_code = _run_task_by_selected_method(args, _dag, ti)
  File "/home/airflow/.local/lib/python3.10/site-packages/airflow/cli/commands/task_command.py", line 256, in _run_task_by_selected_method
    return _run_raw_task(args, ti)
  File "/home/airflow/.local/lib/python3.10/site-packages/airflow/cli/commands/task_command.py", line 341, in _run_raw_task
    return ti._run_raw_task(
  File "/home/airflow/.local/lib/python3.10/site-packages/airflow/utils/session.py", line 97, in wrapper
    return func(*args, session=session, **kwargs)
  File "/home/airflow/.local/lib/python3.10/site-packages/airflow/models/taskinstance.py", line 3004, in _run_raw_task
    return _run_raw_task(
  File "/home/airflow/.local/lib/python3.10/site-packages/airflow/models/taskinstance.py", line 273, in _run_raw_task
    TaskInstance._execute_task_with_callbacks(
  File "/home/airflow/.local/lib/python3.10/site-packages/airflow/models/taskinstance.py", line 3158, in _execute_task_with_callbacks
    result = self._execute_task(context, task_orig)
  File "/home/airflow/.local/lib/python3.10/site-packages/airflow/models/taskinstance.py", line 3182, in _execute_task
    return _execute_task(self, context, task_orig)
  File "/home/airflow/.local/lib/python3.10/site-packages/airflow/models/taskinstance.py", line 767, in _execute_task
    result = _execute_callable(context=context, **execute_callable_kwargs)
  File "/home/airflow/.local/lib/python3.10/site-packages/airflow/models/taskinstance.py", line 733, in _execute_callable
    return ExecutionCallableRunner(
  File "/home/airflow/.local/lib/python3.10/site-packages/airflow/utils/operator_helpers.py", line 252, in run
    return self.func(*args, **kwargs)
  File "/home/airflow/.local/lib/python3.10/site-packages/cosmos/operators/base.py", line 346, in execute
    self.build_and_run_cmd(context=context, cmd_flags=self.add_cmd_flags(), **kwargs)
  File "/home/airflow/.local/lib/python3.10/site-packages/cosmos/operators/local.py", line 968, in build_and_run_cmd
    result = self.run_command(
  File "/home/airflow/.local/lib/python3.10/site-packages/cosmos/operators/local.py", line 743, in run_command
    self.handle_exception(result)
  File "/home/airflow/.local/lib/python3.10/site-packages/cosmos/operators/local.py", line 308, in handle_exception_dbt_runner
    return dbt_runner.handle_exception_if_needed(result)
  File "/home/airflow/.local/lib/python3.10/site-packages/cosmos/dbt/runner.py", line 156, in handle_exception_if_needed
    raise CosmosDbtRunError(f"dbt invocation completed with errors: {error_message}")
cosmos.exceptions.CosmosDbtRunError: dbt invocation completed with errors: dim_locations: Database Error in model dim_locations (models/marts/dim_locations.sql)
  TrinoExternalError(type=EXTERNAL, name=ICEBERG_CATALOG_ERROR, message="Failed to load view 'stg__consumer_complaints@etl_20260716_000000'", query_id=20260717_020204_00061_hjtsz)
  compiled code at target/run/consumer_complaints_transformation/models/marts/dim_locations.sql
[2026-07-17T02:08:03.486+0000] {local_task_job_runner.py:266} INFO - Task exited with return code 1
[2026-07-17T02:08:03.519+0000] {taskinstance.py:3900} INFO - 0 downstream tasks scheduled from follow-on schedule check
[2026-07-17T02:08:03.528+0000] {local_task_job_runner.py:245} INFO - ::endgroup::
[2026-07-17T02:58:24.427+0000] {local_task_job_runner.py:123} INFO - ::group::Pre task execution logs
[2026-07-17T02:58:24.450+0000] {taskinstance.py:2612} INFO - Dependencies all met for dep_context=non-requeueable deps ti=<TaskInstance: wap_consumer_complaints_pipeline.dbt_transform.dim_locations.run scheduled__2026-07-16T00:00:00+00:00 [queued]>
[2026-07-17T02:58:24.462+0000] {taskinstance.py:2612} INFO - Dependencies all met for dep_context=requeueable deps ti=<TaskInstance: wap_consumer_complaints_pipeline.dbt_transform.dim_locations.run scheduled__2026-07-16T00:00:00+00:00 [queued]>
[2026-07-17T02:58:24.463+0000] {taskinstance.py:2865} INFO - Starting attempt 2 of 2
[2026-07-17T02:58:24.482+0000] {taskinstance.py:2888} INFO - Executing <Task(DbtRunLocalOperator): dbt_transform.dim_locations.run> on 2026-07-16 00:00:00+00:00
[2026-07-17T02:58:24.492+0000] {standard_task_runner.py:72} INFO - Started process 1771 to run task
[2026-07-17T02:58:24.502+0000] {standard_task_runner.py:104} INFO - Running: ['airflow', 'tasks', 'run', 'wap_consumer_complaints_pipeline', 'dbt_transform.dim_locations.run', 'scheduled__2026-07-16T00:00:00+00:00', '--job-id', '21', '--raw', '--subdir', 'DAGS_FOLDER/wap_consumer_complaints_pipeline.py', '--cfg-path', '/tmp/tmppntv2pyj']
[2026-07-17T02:58:24.505+0000] {standard_task_runner.py:105} INFO - Job 21: Subtask dbt_transform.dim_locations.run
[2026-07-17T02:58:24.617+0000] {task_command.py:467} INFO - Running <TaskInstance: wap_consumer_complaints_pipeline.dbt_transform.dim_locations.run scheduled__2026-07-16T00:00:00+00:00 [running]> on host e3287f191908
[2026-07-17T02:58:24.758+0000] {taskinstance.py:3131} INFO - Exporting env vars: AIRFLOW_CTX_DAG_OWNER='data_engineer' AIRFLOW_CTX_DAG_ID='wap_consumer_complaints_pipeline' AIRFLOW_CTX_TASK_ID='dbt_transform.dim_locations.run' AIRFLOW_CTX_EXECUTION_DATE='2026-07-16T00:00:00+00:00' AIRFLOW_CTX_TRY_NUMBER='2' AIRFLOW_CTX_DAG_RUN_ID='scheduled__2026-07-16T00:00:00+00:00'
[2026-07-17T02:58:24.763+0000] {taskinstance.py:731} INFO - ::endgroup::
[2026-07-17T02:58:26.262+0000] {local.py:294} INFO - dbtRunner is available. Using dbtRunner for invoking dbt.
[2026-07-17T02:58:26.264+0000] {local.py:518} INFO - Cloning project to writable temp directory /tmp/tmpyv9p8haa from /opt/airflow/dbt_transform
[2026-07-17T02:58:26.276+0000] {local.py:538} INFO - Partial parse is enabled and the latest partial parse file is /tmp/cosmos/wap_consumer_complaints_pipeline__dbt_transform/target/partial_parse.msgpack
[2026-07-17T02:58:26.292+0000] {config.py:395} INFO - Using user-supplied profiles.yml at /opt/airflow/dbt_transform/profiles.yml
[2026-07-17T02:58:26.308+0000] {runner.py:95} INFO - Trying to run dbtRunner with:
 ['deps', '--project-dir', '/tmp/tmpyv9p8haa', '--profiles-dir', '/opt/airflow/dbt_transform', '--profile', 'lakehouse_dbt', '--target', 'dev', '--no-static-parser']
 in /tmp/tmpyv9p8haa
[2026-07-17T02:58:26.398+0000] {logging_mixin.py:190} INFO - 02:58:26  Running with dbt=1.8.8
[2026-07-17T02:58:26.561+0000] {converter.py:314} INFO - ::group::Cosmos DAG parsing logs
[2026-07-17T02:58:26.568+0000] {graph.py:869} INFO - Trying to parse the dbt project using dbt ls cache cosmos_cache__dbt_silver_gold_incremental__transform_silver...
[2026-07-17T02:58:28.533+0000] {cache.py:383} INFO - Cosmos performance: time to calculate cache identifier cosmos_cache__dbt_silver_gold_incremental__transform_silver for current version: 1.9489664320000202
[2026-07-17T02:58:28.535+0000] {graph.py:886} INFO - Cosmos performance [e3287f191908|1771]: The cache size for cosmos_cache__dbt_silver_gold_incremental__transform_silver is 5960
[2026-07-17T02:58:28.537+0000] {graph.py:898} INFO - Cosmos performance: Cache hit for cosmos_cache__dbt_silver_gold_incremental__transform_silver - e0ec0cb5a1bebdb5ac7da9a4d415ea9d,5e34606eb5f2b3dea81a8e19fa3ba138
[2026-07-17T02:58:28.538+0000] {graph.py:799} INFO - Total nodes: 7
[2026-07-17T02:58:28.541+0000] {graph.py:800} INFO - Total filtered nodes: 7
[2026-07-17T02:58:28.543+0000] {converter.py:361} INFO - Cosmos performance (dbt_silver_gold_incremental__transform_silver) - [e3287f191908|1771]: It took 1.98s to parse the dbt project for DAG using dbt_ls_cache
[2026-07-17T02:58:28.556+0000] {converter.py:413} INFO - Cosmos performance (dbt_silver_gold_incremental__transform_silver) - [e3287f191908|1771]: It took 0.0129s to build the Airflow DAG.
[2026-07-17T02:58:28.557+0000] {converter.py:420} INFO - ::endgroup::Cosmos DAG parsing logs
[2026-07-17T02:58:28.559+0000] {converter.py:314} INFO - ::group::Cosmos DAG parsing logs
[2026-07-17T02:58:28.562+0000] {graph.py:869} INFO - Trying to parse the dbt project using dbt ls cache cosmos_cache__dbt_silver_gold_incremental__transform_gold...
[2026-07-17T02:58:30.540+0000] {cache.py:383} INFO - Cosmos performance: time to calculate cache identifier cosmos_cache__dbt_silver_gold_incremental__transform_gold for current version: 1.963907713000026
[2026-07-17T02:58:30.542+0000] {graph.py:886} INFO - Cosmos performance [e3287f191908|1771]: The cache size for cosmos_cache__dbt_silver_gold_incremental__transform_gold is 35986
[2026-07-17T02:58:30.545+0000] {graph.py:898} INFO - Cosmos performance: Cache hit for cosmos_cache__dbt_silver_gold_incremental__transform_gold - e0ec0cb5a1bebdb5ac7da9a4d415ea9d,304321e940a9403dceb380589bd0566f
[2026-07-17T02:58:30.547+0000] {graph.py:799} INFO - Total nodes: 39
[2026-07-17T02:58:30.548+0000] {graph.py:800} INFO - Total filtered nodes: 39
[2026-07-17T02:58:30.549+0000] {converter.py:361} INFO - Cosmos performance (dbt_silver_gold_incremental__transform_gold) - [e3287f191908|1771]: It took 1.99s to parse the dbt project for DAG using dbt_ls_cache
[2026-07-17T02:58:30.584+0000] {converter.py:413} INFO - Cosmos performance (dbt_silver_gold_incremental__transform_gold) - [e3287f191908|1771]: It took 0.0349s to build the Airflow DAG.
[2026-07-17T02:58:30.586+0000] {converter.py:420} INFO - ::endgroup::Cosmos DAG parsing logs
[2026-07-17T02:58:30.588+0000] {converter.py:314} INFO - ::group::Cosmos DAG parsing logs
[2026-07-17T02:58:30.592+0000] {graph.py:869} INFO - Trying to parse the dbt project using dbt ls cache cosmos_cache__dbt_silver_gold_full_load__transform_silver...
[2026-07-17T02:58:32.658+0000] {cache.py:383} INFO - Cosmos performance: time to calculate cache identifier cosmos_cache__dbt_silver_gold_full_load__transform_silver for current version: 2.0483299349999697
[2026-07-17T02:58:32.661+0000] {graph.py:886} INFO - Cosmos performance [e3287f191908|1771]: The cache size for cosmos_cache__dbt_silver_gold_full_load__transform_silver is 5960
[2026-07-17T02:58:32.663+0000] {graph.py:898} INFO - Cosmos performance: Cache hit for cosmos_cache__dbt_silver_gold_full_load__transform_silver - e0ec0cb5a1bebdb5ac7da9a4d415ea9d,5e34606eb5f2b3dea81a8e19fa3ba138
[2026-07-17T02:58:32.666+0000] {graph.py:799} INFO - Total nodes: 7
[2026-07-17T02:58:32.669+0000] {graph.py:800} INFO - Total filtered nodes: 7
[2026-07-17T02:58:32.673+0000] {converter.py:361} INFO - Cosmos performance (dbt_silver_gold_full_load__transform_silver) - [e3287f191908|1771]: It took 2.08s to parse the dbt project for DAG using dbt_ls_cache
[2026-07-17T02:58:32.689+0000] {converter.py:413} INFO - Cosmos performance (dbt_silver_gold_full_load__transform_silver) - [e3287f191908|1771]: It took 0.016s to build the Airflow DAG.
[2026-07-17T02:58:32.692+0000] {converter.py:420} INFO - ::endgroup::Cosmos DAG parsing logs
[2026-07-17T02:58:32.697+0000] {converter.py:314} INFO - ::group::Cosmos DAG parsing logs
[2026-07-17T02:58:32.701+0000] {graph.py:869} INFO - Trying to parse the dbt project using dbt ls cache cosmos_cache__dbt_silver_gold_full_load__transform_gold...
[2026-07-17T02:58:34.780+0000] {cache.py:383} INFO - Cosmos performance: time to calculate cache identifier cosmos_cache__dbt_silver_gold_full_load__transform_gold for current version: 2.053043416000037
[2026-07-17T02:58:34.781+0000] {graph.py:886} INFO - Cosmos performance [e3287f191908|1771]: The cache size for cosmos_cache__dbt_silver_gold_full_load__transform_gold is 35986
[2026-07-17T02:58:34.784+0000] {graph.py:898} INFO - Cosmos performance: Cache hit for cosmos_cache__dbt_silver_gold_full_load__transform_gold - e0ec0cb5a1bebdb5ac7da9a4d415ea9d,304321e940a9403dceb380589bd0566f
[2026-07-17T02:58:34.786+0000] {graph.py:799} INFO - Total nodes: 39
[2026-07-17T02:58:34.787+0000] {graph.py:800} INFO - Total filtered nodes: 39
[2026-07-17T02:58:34.789+0000] {converter.py:361} INFO - Cosmos performance (dbt_silver_gold_full_load__transform_gold) - [e3287f191908|1771]: It took 2.09s to parse the dbt project for DAG using dbt_ls_cache
[2026-07-17T02:58:34.823+0000] {converter.py:413} INFO - Cosmos performance (dbt_silver_gold_full_load__transform_gold) - [e3287f191908|1771]: It took 0.0343s to build the Airflow DAG.
[2026-07-17T02:58:34.825+0000] {converter.py:420} INFO - ::endgroup::Cosmos DAG parsing logs
[2026-07-17T02:58:35.508+0000] {logging_mixin.py:190} INFO - 02:58:35  Installing dbt-labs/dbt_utils
[2026-07-17T02:58:36.425+0000] {logging_mixin.py:190} INFO - 02:58:36  Installed from version 1.3.0
[2026-07-17T02:58:36.427+0000] {logging_mixin.py:190} INFO - 02:58:36  Updated version available: 1.4.1
[2026-07-17T02:58:36.429+0000] {logging_mixin.py:190} INFO - 02:58:36  Installing metaplane/dbt_expectations
[2026-07-17T02:58:37.544+0000] {logging_mixin.py:190} INFO - 02:58:37  Installed from version 0.10.8
[2026-07-17T02:58:37.545+0000] {logging_mixin.py:190} INFO - 02:58:37  Updated version available: 0.10.10
[2026-07-17T02:58:37.548+0000] {logging_mixin.py:190} INFO - 02:58:37  Installing godatadriven/dbt_date
[2026-07-17T02:58:38.093+0000] {logging_mixin.py:190} INFO - 02:58:38  Installed from version 0.15.0
[2026-07-17T02:58:38.095+0000] {logging_mixin.py:190} INFO - 02:58:38  Up to date!
[2026-07-17T02:58:38.097+0000] {logging_mixin.py:190} INFO - 02:58:38
[2026-07-17T02:58:38.099+0000] {logging_mixin.py:190} INFO - 02:58:38  Updates available for packages: ['dbt-labs/dbt_utils', 'metaplane/dbt_expectations']                 
Update your versions in packages.yml, then run dbt deps
[2026-07-17T02:58:39.344+0000] {runner.py:95} INFO - Trying to run dbtRunner with:
 ['run', '--select', 'fqn:consumer_complaints_transformation.marts.dim_locations', '--project-dir', '/tmp/tmpyv9p8haa', '--profiles-dir', '/opt/airflow/dbt_transform', '--profile', 'lakehouse_dbt', '--target', 'dev', '--no-static-parser']
 in /tmp/tmpyv9p8haa
[2026-07-17T02:58:39.382+0000] {logging_mixin.py:190} INFO - 02:58:39  Running with dbt=1.8.8
[2026-07-17T02:58:39.423+0000] {auth.py:343} INFO - keyring module not found. OAuth2 token will not be stored in keyring.
[2026-07-17T02:58:39.428+0000] {auth.py:343} INFO - keyring module not found. OAuth2 token will not be stored in keyring.
[2026-07-17T02:58:39.690+0000] {logging_mixin.py:190} INFO - 02:58:39  Registered adapter: trino=1.8.5
[2026-07-17T02:58:41.739+0000] {logging_mixin.py:190} INFO - 02:58:41  Found 8 models, 40 data tests, 1 source, 9 metrics, 839 macros, 5 semantic models
[2026-07-17T02:58:41.745+0000] {logging_mixin.py:190} INFO - 02:58:41
[2026-07-17T02:58:41.822+0000] {logging_mixin.py:190} INFO - 02:58:41  [WARNING]: SSL certificate validation is disabled by default. It is legacy behavior which will be changed in future releases. It is strongly advised to enable `require_certificate_validation` flag or explicitly set `cert` configuration to `True` for security reasons. You may receive an error after that if your SSL setup is incorrect.
You may opt into the new behavior sooner by setting `flags.require_certificate_validation` to `True` in `dbt_project.yml`.
Visit https://docs.getdbt.com/reference/global-configs/behavior-changes for more information.
[2026-07-17T02:58:43.745+0000] {logging_mixin.py:190} INFO - 02:58:43  Concurrency: 1 threads (target='dev')
[2026-07-17T02:58:43.750+0000] {logging_mixin.py:190} INFO - 02:58:43
[2026-07-17T02:58:43.763+0000] {logging_mixin.py:190} INFO - 02:58:43  1 of 1 START sql incremental model gold.dim_locations@etl_20260716_000000 ...... [RUN]
[2026-07-17T02:58:44.040+0000] {logging_mixin.py:190} INFO - 02:58:44  1 of 1 ERROR creating sql incremental model gold.dim_locations@etl_20260716_000000  [ERROR in 0.27s]
[2026-07-17T02:58:44.055+0000] {logging_mixin.py:190} INFO - 02:58:44
[2026-07-17T02:58:44.058+0000] {logging_mixin.py:190} INFO - 02:58:44  Finished running 1 incremental model in 0 hours 0 minutes and 2.31 seconds (2.31s).
[2026-07-17T02:58:44.175+0000] {logging_mixin.py:190} INFO - 02:58:44
[2026-07-17T02:58:44.178+0000] {logging_mixin.py:190} INFO - 02:58:44  Completed with 1 error and 0 warnings:
[2026-07-17T02:58:44.181+0000] {logging_mixin.py:190} INFO - 02:58:44
[2026-07-17T02:58:44.189+0000] {logging_mixin.py:190} INFO - 02:58:44    Database Error in model dim_locations (models/marts/dim_locations.sql)
  TrinoExternalError(type=EXTERNAL, name=ICEBERG_CATALOG_ERROR, message="Failed to load view 'stg__consumer_complaints@etl_20260716_000000'", query_id=20260717_025844_00055_dskgu)
  compiled code at target/run/consumer_complaints_transformation/models/marts/dim_locations.sql
[2026-07-17T02:58:44.192+0000] {logging_mixin.py:190} INFO - 02:58:44
[2026-07-17T02:58:44.196+0000] {logging_mixin.py:190} INFO - 02:58:44  Done. PASS=0 WARN=0 ERROR=1 SKIP=0 TOTAL=1
[2026-07-17T02:58:45.537+0000] {local.py:196} WARNING - Artifact schema version: https://schemas.getdbt.com/dbt/manifest/v12.json is above dbt-ol supported version 7. This might cause errors.
[2026-07-17T02:58:45.547+0000] {local.py:594} INFO - Inlets: []
[2026-07-17T02:58:45.549+0000] {local.py:595} INFO - Outlets: []
[2026-07-17T02:58:45.551+0000] {local.py:886} INFO - Assigning inlets/outlets with DatasetAlias in Airflow 2
[2026-07-17T02:58:45.593+0000] {taskinstance.py:3310} ERROR - Task failed with exception
Traceback (most recent call last):
  File "/home/airflow/.local/lib/python3.10/site-packages/airflow/models/taskinstance.py", line 767, in _execute_task
    result = _execute_callable(context=context, **execute_callable_kwargs)
  File "/home/airflow/.local/lib/python3.10/site-packages/airflow/models/taskinstance.py", line 733, in _execute_callable
    return ExecutionCallableRunner(
  File "/home/airflow/.local/lib/python3.10/site-packages/airflow/utils/operator_helpers.py", line 252, in run
    return self.func(*args, **kwargs)
  File "/home/airflow/.local/lib/python3.10/site-packages/cosmos/operators/base.py", line 346, in execute
    self.build_and_run_cmd(context=context, cmd_flags=self.add_cmd_flags(), **kwargs)
  File "/home/airflow/.local/lib/python3.10/site-packages/cosmos/operators/local.py", line 968, in build_and_run_cmd
    result = self.run_command(
  File "/home/airflow/.local/lib/python3.10/site-packages/cosmos/operators/local.py", line 743, in run_command
    self.handle_exception(result)
  File "/home/airflow/.local/lib/python3.10/site-packages/cosmos/operators/local.py", line 308, in handle_exception_dbt_runner
    return dbt_runner.handle_exception_if_needed(result)
  File "/home/airflow/.local/lib/python3.10/site-packages/cosmos/dbt/runner.py", line 156, in handle_exception_if_needed
    raise CosmosDbtRunError(f"dbt invocation completed with errors: {error_message}")
cosmos.exceptions.CosmosDbtRunError: dbt invocation completed with errors: dim_locations: Database Error in model dim_locations (models/marts/dim_locations.sql)
  TrinoExternalError(type=EXTERNAL, name=ICEBERG_CATALOG_ERROR, message="Failed to load view 'stg__consumer_complaints@etl_20260716_000000'", query_id=20260717_025844_00055_dskgu)
  compiled code at target/run/consumer_complaints_transformation/models/marts/dim_locations.sql
[2026-07-17T02:58:46.442+0000] {_client.py:1026} INFO - HTTP Request: GET https://astronomer.gateway.scarf.sh/astronomer-cosmos/v3/task_instance?cosmos_version=1.15.0&airflow_version=2.10.2&python_version=3.10.15&platform_system=Linux&platform_machine=x86_64&status=failed&operator_name=DbtRunLocalOperator&is_cosmos_operator_subclass=False&invocation_mode=dbt_runner&execution_mode=local&profile_strategy=yaml_file&profile_mapping_class=None&database=trino&is_mapped_task=False&dbt_command=run&install_deps=True&has_callback=False&duration=21.163438 "HTTP/1.1 200 OK"
[2026-07-17T02:58:46.445+0000] {taskinstance.py:1225} INFO - Marking task as FAILED. dag_id=wap_consumer_complaints_pipeline, task_id=dbt_transform.dim_locations.run, run_id=scheduled__2026-07-16T00:00:00+00:00, execution_date=20260716T000000, start_date=20260717T025824, end_date=20260717T025845
[2026-07-17T02:58:46.474+0000] {taskinstance.py:340} INFO - ::group::Post task execution logs
[2026-07-17T02:58:46.476+0000] {standard_task_runner.py:124} ERROR - Failed to execute job 21 for task dbt_transform.dim_locations.run (dbt invocation completed with errors: dim_locations: Database Error in model dim_locations (models/marts/dim_locations.sql)
  TrinoExternalError(type=EXTERNAL, name=ICEBERG_CATALOG_ERROR, message="Failed to load view 'stg__consumer_complaints@etl_20260716_000000'", query_id=20260717_025844_00055_dskgu)
  compiled code at target/run/consumer_complaints_transformation/models/marts/dim_locations.sql; 1771)
Traceback (most recent call last):
  File "/home/airflow/.local/lib/python3.10/site-packages/airflow/task/task_runner/standard_task_runner.py", line 117, in _start_by_fork
    ret = args.func(args, dag=self.dag)
  File "/home/airflow/.local/lib/python3.10/site-packages/airflow/cli/cli_config.py", line 49, in command
    return func(*args, **kwargs)
  File "/home/airflow/.local/lib/python3.10/site-packages/airflow/utils/cli.py", line 115, in wrapper
    return f(*args, **kwargs)
  File "/home/airflow/.local/lib/python3.10/site-packages/airflow/cli/commands/task_command.py", line 483, in task_run
    task_return_code = _run_task_by_selected_method(args, _dag, ti)
  File "/home/airflow/.local/lib/python3.10/site-packages/airflow/cli/commands/task_command.py", line 256, in _run_task_by_selected_method
    return _run_raw_task(args, ti)
  File "/home/airflow/.local/lib/python3.10/site-packages/airflow/cli/commands/task_command.py", line 341, in _run_raw_task
    return ti._run_raw_task(
  File "/home/airflow/.local/lib/python3.10/site-packages/airflow/utils/session.py", line 97, in wrapper
    return func(*args, session=session, **kwargs)
  File "/home/airflow/.local/lib/python3.10/site-packages/airflow/models/taskinstance.py", line 3004, in _run_raw_task
    return _run_raw_task(
  File "/home/airflow/.local/lib/python3.10/site-packages/airflow/models/taskinstance.py", line 273, in _run_raw_task
    TaskInstance._execute_task_with_callbacks(
  File "/home/airflow/.local/lib/python3.10/site-packages/airflow/models/taskinstance.py", line 3158, in _execute_task_with_callbacks
    result = self._execute_task(context, task_orig)
  File "/home/airflow/.local/lib/python3.10/site-packages/airflow/models/taskinstance.py", line 3182, in _execute_task
    return _execute_task(self, context, task_orig)
  File "/home/airflow/.local/lib/python3.10/site-packages/airflow/models/taskinstance.py", line 767, in _execute_task
    result = _execute_callable(context=context, **execute_callable_kwargs)
  File "/home/airflow/.local/lib/python3.10/site-packages/airflow/models/taskinstance.py", line 733, in _execute_callable
    return ExecutionCallableRunner(
  File "/home/airflow/.local/lib/python3.10/site-packages/airflow/utils/operator_helpers.py", line 252, in run
    return self.func(*args, **kwargs)
  File "/home/airflow/.local/lib/python3.10/site-packages/cosmos/operators/base.py", line 346, in execute
    self.build_and_run_cmd(context=context, cmd_flags=self.add_cmd_flags(), **kwargs)
  File "/home/airflow/.local/lib/python3.10/site-packages/cosmos/operators/local.py", line 968, in build_and_run_cmd
    result = self.run_command(
  File "/home/airflow/.local/lib/python3.10/site-packages/cosmos/operators/local.py", line 743, in run_command
    self.handle_exception(result)
  File "/home/airflow/.local/lib/python3.10/site-packages/cosmos/operators/local.py", line 308, in handle_exception_dbt_runner
    return dbt_runner.handle_exception_if_needed(result)
  File "/home/airflow/.local/lib/python3.10/site-packages/cosmos/dbt/runner.py", line 156, in handle_exception_if_needed
    raise CosmosDbtRunError(f"dbt invocation completed with errors: {error_message}")
cosmos.exceptions.CosmosDbtRunError: dbt invocation completed with errors: dim_locations: Database Error in model dim_locations (models/marts/dim_locations.sql)
  TrinoExternalError(type=EXTERNAL, name=ICEBERG_CATALOG_ERROR, message="Failed to load view 'stg__consumer_complaints@etl_20260716_000000'", query_id=20260717_025844_00055_dskgu)
  compiled code at target/run/consumer_complaints_transformation/models/marts/dim_locations.sql
[2026-07-17T02:58:46.536+0000] {local_task_job_runner.py:266} INFO - Task exited with return code 1
[2026-07-17T02:58:46.556+0000] {local_task_job_runner.py:245} INFO - ::endgroup::
[2026-07-17T03:09:21.958+0000] {local_task_job_runner.py:123} INFO - ::group::Pre task execution logs
[2026-07-17T03:09:21.987+0000] {taskinstance.py:2612} INFO - Dependencies all met for dep_context=non-requeueable deps ti=<TaskInstance: wap_consumer_complaints_pipeline.dbt_transform.dim_locations.run scheduled__2026-07-16T00:00:00+00:00 [queued]>
[2026-07-17T03:09:22.001+0000] {taskinstance.py:2612} INFO - Dependencies all met for dep_context=requeueable deps ti=<TaskInstance: wap_consumer_complaints_pipeline.dbt_transform.dim_locations.run scheduled__2026-07-16T00:00:00+00:00 [queued]>
[2026-07-17T03:09:22.003+0000] {taskinstance.py:2865} INFO - Starting attempt 2 of 2
[2026-07-17T03:09:22.035+0000] {taskinstance.py:2888} INFO - Executing <Task(DbtRunLocalOperator): dbt_transform.dim_locations.run> on 2026-07-16 00:00:00+00:00
[2026-07-17T03:09:22.067+0000] {standard_task_runner.py:72} INFO - Started process 1617 to run task
[2026-07-17T03:09:22.085+0000] {standard_task_runner.py:104} INFO - Running: ['airflow', 'tasks', 'run', 'wap_consumer_complaints_pipeline', 'dbt_transform.dim_locations.run', 'scheduled__2026-07-16T00:00:00+00:00', '--job-id', '21', '--raw', '--subdir', 'DAGS_FOLDER/wap_consumer_complaints_pipeline.py', '--cfg-path', '/tmp/tmp4il_dk64']
[2026-07-17T03:09:22.101+0000] {standard_task_runner.py:105} INFO - Job 21: Subtask dbt_transform.dim_locations.run
[2026-07-17T03:09:22.222+0000] {task_command.py:467} INFO - Running <TaskInstance: wap_consumer_complaints_pipeline.dbt_transform.dim_locations.run scheduled__2026-07-16T00:00:00+00:00 [running]> on host a3cdeedf1561
[2026-07-17T03:09:22.380+0000] {taskinstance.py:3131} INFO - Exporting env vars: AIRFLOW_CTX_DAG_OWNER='data_engineer' AIRFLOW_CTX_DAG_ID='wap_consumer_complaints_pipeline' AIRFLOW_CTX_TASK_ID='dbt_transform.dim_locations.run' AIRFLOW_CTX_EXECUTION_DATE='2026-07-16T00:00:00+00:00' AIRFLOW_CTX_TRY_NUMBER='2' AIRFLOW_CTX_DAG_RUN_ID='scheduled__2026-07-16T00:00:00+00:00'
[2026-07-17T03:09:22.383+0000] {taskinstance.py:731} INFO - ::endgroup::
[2026-07-17T03:09:24.003+0000] {local.py:294} INFO - dbtRunner is available. Using dbtRunner for invoking dbt.
[2026-07-17T03:09:24.005+0000] {local.py:518} INFO - Cloning project to writable temp directory /tmp/tmpewc0vuhv from /opt/airflow/dbt_transform
[2026-07-17T03:09:24.020+0000] {local.py:538} INFO - Partial parse is enabled and the latest partial parse file is /tmp/cosmos/wap_consumer_complaints_pipeline__dbt_transform/target/partial_parse.msgpack
[2026-07-17T03:09:24.040+0000] {config.py:395} INFO - Using user-supplied profiles.yml at /opt/airflow/dbt_transform/profiles.yml
[2026-07-17T03:09:24.057+0000] {runner.py:95} INFO - Trying to run dbtRunner with:
 ['deps', '--project-dir', '/tmp/tmpewc0vuhv', '--profiles-dir', '/opt/airflow/dbt_transform', '--profile', 'lakehouse_dbt', '--target', 'dev', '--no-static-parser']
 in /tmp/tmpewc0vuhv
[2026-07-17T03:09:24.161+0000] {logging_mixin.py:190} INFO - 03:09:24  Running with dbt=1.8.8
[2026-07-17T03:09:24.341+0000] {converter.py:314} INFO - ::group::Cosmos DAG parsing logs
[2026-07-17T03:09:24.346+0000] {graph.py:869} INFO - Trying to parse the dbt project using dbt ls cache cosmos_cache__dbt_silver_gold_incremental__transform_silver...
[2026-07-17T03:09:26.230+0000] {cache.py:383} INFO - Cosmos performance: time to calculate cache identifier cosmos_cache__dbt_silver_gold_incremental__transform_silver for current version: 1.865994824000154
[2026-07-17T03:09:26.232+0000] {graph.py:886} INFO - Cosmos performance [a3cdeedf1561|1617]: The cache size for cosmos_cache__dbt_silver_gold_incremental__transform_silver is 5960
[2026-07-17T03:09:26.233+0000] {graph.py:898} INFO - Cosmos performance: Cache hit for cosmos_cache__dbt_silver_gold_incremental__transform_silver - cf20e5a95ed324994dc72c47d0c54e47,5e34606eb5f2b3dea81a8e19fa3ba138
[2026-07-17T03:09:26.235+0000] {graph.py:799} INFO - Total nodes: 7
[2026-07-17T03:09:26.236+0000] {graph.py:800} INFO - Total filtered nodes: 7
[2026-07-17T03:09:26.237+0000] {converter.py:361} INFO - Cosmos performance (dbt_silver_gold_incremental__transform_silver) - [a3cdeedf1561|1617]: It took 1.89s to parse the dbt project for DAG using dbt_ls_cache
[2026-07-17T03:09:26.250+0000] {converter.py:413} INFO - Cosmos performance (dbt_silver_gold_incremental__transform_silver) - [a3cdeedf1561|1617]: It took 0.0129s to build the Airflow DAG.
[2026-07-17T03:09:26.252+0000] {converter.py:420} INFO - ::endgroup::Cosmos DAG parsing logs
[2026-07-17T03:09:26.254+0000] {converter.py:314} INFO - ::group::Cosmos DAG parsing logs
[2026-07-17T03:09:26.257+0000] {graph.py:869} INFO - Trying to parse the dbt project using dbt ls cache cosmos_cache__dbt_silver_gold_incremental__transform_gold...
[2026-07-17T03:09:28.232+0000] {cache.py:383} INFO - Cosmos performance: time to calculate cache identifier cosmos_cache__dbt_silver_gold_incremental__transform_gold for current version: 1.9553806970000096
[2026-07-17T03:09:28.234+0000] {graph.py:886} INFO - Cosmos performance [a3cdeedf1561|1617]: The cache size for cosmos_cache__dbt_silver_gold_incremental__transform_gold is 35986
[2026-07-17T03:09:28.236+0000] {graph.py:898} INFO - Cosmos performance: Cache hit for cosmos_cache__dbt_silver_gold_incremental__transform_gold - cf20e5a95ed324994dc72c47d0c54e47,304321e940a9403dceb380589bd0566f
[2026-07-17T03:09:28.237+0000] {graph.py:799} INFO - Total nodes: 39
[2026-07-17T03:09:28.239+0000] {graph.py:800} INFO - Total filtered nodes: 39
[2026-07-17T03:09:28.240+0000] {converter.py:361} INFO - Cosmos performance (dbt_silver_gold_incremental__transform_gold) - [a3cdeedf1561|1617]: It took 1.98s to parse the dbt project for DAG using dbt_ls_cache
[2026-07-17T03:09:28.269+0000] {converter.py:413} INFO - Cosmos performance (dbt_silver_gold_incremental__transform_gold) - [a3cdeedf1561|1617]: It took 0.0293s to build the Airflow DAG.
[2026-07-17T03:09:28.271+0000] {converter.py:420} INFO - ::endgroup::Cosmos DAG parsing logs
[2026-07-17T03:09:28.273+0000] {converter.py:314} INFO - ::group::Cosmos DAG parsing logs
[2026-07-17T03:09:28.275+0000] {graph.py:869} INFO - Trying to parse the dbt project using dbt ls cache cosmos_cache__dbt_silver_gold_full_load__transform_silver...
[2026-07-17T03:09:30.386+0000] {cache.py:383} INFO - Cosmos performance: time to calculate cache identifier cosmos_cache__dbt_silver_gold_full_load__transform_silver for current version: 2.0956342920001134
[2026-07-17T03:09:30.387+0000] {graph.py:886} INFO - Cosmos performance [a3cdeedf1561|1617]: The cache size for cosmos_cache__dbt_silver_gold_full_load__transform_silver is 5960
[2026-07-17T03:09:30.389+0000] {graph.py:898} INFO - Cosmos performance: Cache hit for cosmos_cache__dbt_silver_gold_full_load__transform_silver - cf20e5a95ed324994dc72c47d0c54e47,5e34606eb5f2b3dea81a8e19fa3ba138
[2026-07-17T03:09:30.390+0000] {graph.py:799} INFO - Total nodes: 7
[2026-07-17T03:09:30.391+0000] {graph.py:800} INFO - Total filtered nodes: 7
[2026-07-17T03:09:30.393+0000] {converter.py:361} INFO - Cosmos performance (dbt_silver_gold_full_load__transform_silver) - [a3cdeedf1561|1617]: It took 2.12s to parse the dbt project for DAG using dbt_ls_cache
[2026-07-17T03:09:30.402+0000] {converter.py:413} INFO - Cosmos performance (dbt_silver_gold_full_load__transform_silver) - [a3cdeedf1561|1617]: It took 0.00964s to build the Airflow DAG.
[2026-07-17T03:09:30.404+0000] {converter.py:420} INFO - ::endgroup::Cosmos DAG parsing logs
[2026-07-17T03:09:30.405+0000] {converter.py:314} INFO - ::group::Cosmos DAG parsing logs
[2026-07-17T03:09:30.409+0000] {graph.py:869} INFO - Trying to parse the dbt project using dbt ls cache cosmos_cache__dbt_silver_gold_full_load__transform_gold...
[2026-07-17T03:09:32.585+0000] {cache.py:383} INFO - Cosmos performance: time to calculate cache identifier cosmos_cache__dbt_silver_gold_full_load__transform_gold for current version: 2.1595581629999288
[2026-07-17T03:09:32.587+0000] {graph.py:886} INFO - Cosmos performance [a3cdeedf1561|1617]: The cache size for cosmos_cache__dbt_silver_gold_full_load__transform_gold is 35986
[2026-07-17T03:09:32.589+0000] {graph.py:898} INFO - Cosmos performance: Cache hit for cosmos_cache__dbt_silver_gold_full_load__transform_gold - cf20e5a95ed324994dc72c47d0c54e47,304321e940a9403dceb380589bd0566f
[2026-07-17T03:09:32.591+0000] {graph.py:799} INFO - Total nodes: 39
[2026-07-17T03:09:32.592+0000] {graph.py:800} INFO - Total filtered nodes: 39
[2026-07-17T03:09:32.593+0000] {converter.py:361} INFO - Cosmos performance (dbt_silver_gold_full_load__transform_gold) - [a3cdeedf1561|1617]: It took 2.18s to parse the dbt project for DAG using dbt_ls_cache
[2026-07-17T03:09:32.621+0000] {converter.py:413} INFO - Cosmos performance (dbt_silver_gold_full_load__transform_gold) - [a3cdeedf1561|1617]: It took 0.0281s to build the Airflow DAG.
[2026-07-17T03:09:32.623+0000] {converter.py:420} INFO - ::endgroup::Cosmos DAG parsing logs
[2026-07-17T03:09:33.520+0000] {logging_mixin.py:190} INFO - 03:09:33  Installing dbt-labs/dbt_utils
[2026-07-17T03:09:34.848+0000] {logging_mixin.py:190} INFO - 03:09:34  Installed from version 1.3.0
[2026-07-17T03:09:34.851+0000] {logging_mixin.py:190} INFO - 03:09:34  Updated version available: 1.4.1
[2026-07-17T03:09:34.855+0000] {logging_mixin.py:190} INFO - 03:09:34  Installing metaplane/dbt_expectations
[2026-07-17T03:09:37.251+0000] {logging_mixin.py:190} INFO - 03:09:37  Installed from version 0.10.8
[2026-07-17T03:09:37.255+0000] {logging_mixin.py:190} INFO - 03:09:37  Updated version available: 0.10.10
[2026-07-17T03:09:37.258+0000] {logging_mixin.py:190} INFO - 03:09:37  Installing godatadriven/dbt_date
[2026-07-17T03:09:37.820+0000] {logging_mixin.py:190} INFO - 03:09:37  Installed from version 0.15.0
[2026-07-17T03:09:37.822+0000] {logging_mixin.py:190} INFO - 03:09:37  Up to date!
[2026-07-17T03:09:37.824+0000] {logging_mixin.py:190} INFO - 03:09:37
[2026-07-17T03:09:37.827+0000] {logging_mixin.py:190} INFO - 03:09:37  Updates available for packages: ['dbt-labs/dbt_utils', 'metaplane/dbt_expectations']                 
Update your versions in packages.yml, then run dbt deps
[2026-07-17T03:09:39.136+0000] {runner.py:95} INFO - Trying to run dbtRunner with:
 ['run', '--select', 'fqn:consumer_complaints_transformation.marts.dim_locations', '--project-dir', '/tmp/tmpewc0vuhv', '--profiles-dir', '/opt/airflow/dbt_transform', '--profile', 'lakehouse_dbt', '--target', 'dev', '--no-static-parser']
 in /tmp/tmpewc0vuhv
[2026-07-17T03:09:39.204+0000] {logging_mixin.py:190} INFO - 03:09:39  Running with dbt=1.8.8
[2026-07-17T03:09:39.253+0000] {auth.py:343} INFO - keyring module not found. OAuth2 token will not be stored in keyring.
[2026-07-17T03:09:39.259+0000] {auth.py:343} INFO - keyring module not found. OAuth2 token will not be stored in keyring.
[2026-07-17T03:09:39.461+0000] {logging_mixin.py:190} INFO - 03:09:39  Registered adapter: trino=1.8.5
[2026-07-17T03:09:40.799+0000] {logging_mixin.py:190} INFO - 03:09:40  Found 8 models, 40 data tests, 1 source, 9 metrics, 839 macros, 5 semantic models
[2026-07-17T03:09:40.802+0000] {logging_mixin.py:190} INFO - 03:09:40
[2026-07-17T03:09:40.830+0000] {logging_mixin.py:190} INFO - 03:09:40  [WARNING]: SSL certificate validation is disabled by default. It is legacy behavior which will be changed in future releases. It is strongly advised to enable `require_certificate_validation` flag or explicitly set `cert` configuration to `True` for security reasons. You may receive an error after that if your SSL setup is incorrect.
You may opt into the new behavior sooner by setting `flags.require_certificate_validation` to `True` in `dbt_project.yml`.
Visit https://docs.getdbt.com/reference/global-configs/behavior-changes for more information.
[2026-07-17T03:09:41.144+0000] {logging_mixin.py:190} INFO - 03:09:41  Concurrency: 1 threads (target='dev')
[2026-07-17T03:09:41.147+0000] {logging_mixin.py:190} INFO - 03:09:41
[2026-07-17T03:09:41.153+0000] {logging_mixin.py:190} INFO - 03:09:41  1 of 1 START sql incremental model gold.dim_locations@etl_20260716_000000 ...... [RUN]
[2026-07-17T03:09:41.249+0000] {logging_mixin.py:190} INFO - 03:09:41  1 of 1 ERROR creating sql incremental model gold.dim_locations@etl_20260716_000000  [ERROR in 0.09s]
[2026-07-17T03:09:41.256+0000] {logging_mixin.py:190} INFO - 03:09:41
[2026-07-17T03:09:41.259+0000] {logging_mixin.py:190} INFO - 03:09:41  Finished running 1 incremental model in 0 hours 0 minutes and 0.45 seconds (0.45s).
[2026-07-17T03:09:41.313+0000] {logging_mixin.py:190} INFO - 03:09:41
[2026-07-17T03:09:41.315+0000] {logging_mixin.py:190} INFO - 03:09:41  Completed with 1 error and 0 warnings:
[2026-07-17T03:09:41.316+0000] {logging_mixin.py:190} INFO - 03:09:41
[2026-07-17T03:09:41.320+0000] {logging_mixin.py:190} INFO - 03:09:41    Database Error in model dim_locations (models/marts/dim_locations.sql)
  TrinoExternalError(type=EXTERNAL, name=ICEBERG_CATALOG_ERROR, message="Failed to load view 'stg__consumer_complaints@etl_20260716_000000'", query_id=20260717_030941_00068_yubmz)
  compiled code at target/run/consumer_complaints_transformation/models/marts/dim_locations.sql
[2026-07-17T03:09:41.322+0000] {logging_mixin.py:190} INFO - 03:09:41
[2026-07-17T03:09:41.323+0000] {logging_mixin.py:190} INFO - 03:09:41  Done. PASS=0 WARN=0 ERROR=1 SKIP=0 TOTAL=1
[2026-07-17T03:09:42.543+0000] {local.py:196} WARNING - Artifact schema version: https://schemas.getdbt.com/dbt/manifest/v12.json is above dbt-ol supported version 7. This might cause errors.
[2026-07-17T03:09:42.557+0000] {local.py:594} INFO - Inlets: []
[2026-07-17T03:09:42.559+0000] {local.py:595} INFO - Outlets: []
[2026-07-17T03:09:42.562+0000] {local.py:886} INFO - Assigning inlets/outlets with DatasetAlias in Airflow 2
[2026-07-17T03:09:42.604+0000] {taskinstance.py:3310} ERROR - Task failed with exception
Traceback (most recent call last):
  File "/home/airflow/.local/lib/python3.10/site-packages/airflow/models/taskinstance.py", line 767, in _execute_task
    result = _execute_callable(context=context, **execute_callable_kwargs)
  File "/home/airflow/.local/lib/python3.10/site-packages/airflow/models/taskinstance.py", line 733, in _execute_callable
    return ExecutionCallableRunner(
  File "/home/airflow/.local/lib/python3.10/site-packages/airflow/utils/operator_helpers.py", line 252, in run
    return self.func(*args, **kwargs)
  File "/home/airflow/.local/lib/python3.10/site-packages/cosmos/operators/base.py", line 346, in execute
    self.build_and_run_cmd(context=context, cmd_flags=self.add_cmd_flags(), **kwargs)
  File "/home/airflow/.local/lib/python3.10/site-packages/cosmos/operators/local.py", line 968, in build_and_run_cmd
    result = self.run_command(
  File "/home/airflow/.local/lib/python3.10/site-packages/cosmos/operators/local.py", line 743, in run_command
    self.handle_exception(result)
  File "/home/airflow/.local/lib/python3.10/site-packages/cosmos/operators/local.py", line 308, in handle_exception_dbt_runner
    return dbt_runner.handle_exception_if_needed(result)
  File "/home/airflow/.local/lib/python3.10/site-packages/cosmos/dbt/runner.py", line 156, in handle_exception_if_needed
    raise CosmosDbtRunError(f"dbt invocation completed with errors: {error_message}")
cosmos.exceptions.CosmosDbtRunError: dbt invocation completed with errors: dim_locations: Database Error in model dim_locations (models/marts/dim_locations.sql)
  TrinoExternalError(type=EXTERNAL, name=ICEBERG_CATALOG_ERROR, message="Failed to load view 'stg__consumer_complaints@etl_20260716_000000'", query_id=20260717_030941_00068_yubmz)
  compiled code at target/run/consumer_complaints_transformation/models/marts/dim_locations.sql
[2026-07-17T03:09:43.271+0000] {_client.py:1026} INFO - HTTP Request: GET https://astronomer.gateway.scarf.sh/astronomer-cosmos/v3/task_instance?cosmos_version=1.15.0&airflow_version=2.10.2&python_version=3.10.15&platform_system=Linux&platform_machine=x86_64&status=failed&operator_name=DbtRunLocalOperator&is_cosmos_operator_subclass=False&invocation_mode=dbt_runner&execution_mode=local&profile_strategy=yaml_file&profile_mapping_class=None&database=trino&is_mapped_task=False&dbt_command=run&install_deps=True&has_callback=False&duration=20.634444 "HTTP/1.1 200 OK"
[2026-07-17T03:09:43.273+0000] {taskinstance.py:1225} INFO - Marking task as FAILED. dag_id=wap_consumer_complaints_pipeline, task_id=dbt_transform.dim_locations.run, run_id=scheduled__2026-07-16T00:00:00+00:00, execution_date=20260716T000000, start_date=20260717T030921, end_date=20260717T030942
[2026-07-17T03:09:43.287+0000] {taskinstance.py:340} INFO - ::group::Post task execution logs
[2026-07-17T03:09:43.290+0000] {standard_task_runner.py:124} ERROR - Failed to execute job 21 for task dbt_transform.dim_locations.run (dbt invocation completed with errors: dim_locations: Database Error in model dim_locations (models/marts/dim_locations.sql)
  TrinoExternalError(type=EXTERNAL, name=ICEBERG_CATALOG_ERROR, message="Failed to load view 'stg__consumer_complaints@etl_20260716_000000'", query_id=20260717_030941_00068_yubmz)
  compiled code at target/run/consumer_complaints_transformation/models/marts/dim_locations.sql; 1617)
Traceback (most recent call last):
  File "/home/airflow/.local/lib/python3.10/site-packages/airflow/task/task_runner/standard_task_runner.py", line 117, in _start_by_fork
    ret = args.func(args, dag=self.dag)
  File "/home/airflow/.local/lib/python3.10/site-packages/airflow/cli/cli_config.py", line 49, in command
    return func(*args, **kwargs)
  File "/home/airflow/.local/lib/python3.10/site-packages/airflow/utils/cli.py", line 115, in wrapper
    return f(*args, **kwargs)
  File "/home/airflow/.local/lib/python3.10/site-packages/airflow/cli/commands/task_command.py", line 483, in task_run
    task_return_code = _run_task_by_selected_method(args, _dag, ti)
  File "/home/airflow/.local/lib/python3.10/site-packages/airflow/cli/commands/task_command.py", line 256, in _run_task_by_selected_method
    return _run_raw_task(args, ti)
  File "/home/airflow/.local/lib/python3.10/site-packages/airflow/cli/commands/task_command.py", line 341, in _run_raw_task
    return ti._run_raw_task(
  File "/home/airflow/.local/lib/python3.10/site-packages/airflow/utils/session.py", line 97, in wrapper
    return func(*args, session=session, **kwargs)
  File "/home/airflow/.local/lib/python3.10/site-packages/airflow/models/taskinstance.py", line 3004, in _run_raw_task
    return _run_raw_task(
  File "/home/airflow/.local/lib/python3.10/site-packages/airflow/models/taskinstance.py", line 273, in _run_raw_task
    TaskInstance._execute_task_with_callbacks(
  File "/home/airflow/.local/lib/python3.10/site-packages/airflow/models/taskinstance.py", line 3158, in _execute_task_with_callbacks
    result = self._execute_task(context, task_orig)
  File "/home/airflow/.local/lib/python3.10/site-packages/airflow/models/taskinstance.py", line 3182, in _execute_task
    return _execute_task(self, context, task_orig)
  File "/home/airflow/.local/lib/python3.10/site-packages/airflow/models/taskinstance.py", line 767, in _execute_task
    result = _execute_callable(context=context, **execute_callable_kwargs)
  File "/home/airflow/.local/lib/python3.10/site-packages/airflow/models/taskinstance.py", line 733, in _execute_callable
    return ExecutionCallableRunner(
  File "/home/airflow/.local/lib/python3.10/site-packages/airflow/utils/operator_helpers.py", line 252, in run
    return self.func(*args, **kwargs)
  File "/home/airflow/.local/lib/python3.10/site-packages/cosmos/operators/base.py", line 346, in execute
    self.build_and_run_cmd(context=context, cmd_flags=self.add_cmd_flags(), **kwargs)
  File "/home/airflow/.local/lib/python3.10/site-packages/cosmos/operators/local.py", line 968, in build_and_run_cmd
    result = self.run_command(
  File "/home/airflow/.local/lib/python3.10/site-packages/cosmos/operators/local.py", line 743, in run_command
    self.handle_exception(result)
  File "/home/airflow/.local/lib/python3.10/site-packages/cosmos/operators/local.py", line 308, in handle_exception_dbt_runner
    return dbt_runner.handle_exception_if_needed(result)
  File "/home/airflow/.local/lib/python3.10/site-packages/cosmos/dbt/runner.py", line 156, in handle_exception_if_needed
    raise CosmosDbtRunError(f"dbt invocation completed with errors: {error_message}")
cosmos.exceptions.CosmosDbtRunError: dbt invocation completed with errors: dim_locations: Database Error in model dim_locations (models/marts/dim_locations.sql)
  TrinoExternalError(type=EXTERNAL, name=ICEBERG_CATALOG_ERROR, message="Failed to load view 'stg__consumer_complaints@etl_20260716_000000'", query_id=20260717_030941_00068_yubmz)
  compiled code at target/run/consumer_complaints_transformation/models/marts/dim_locations.sql
[2026-07-17T03:09:43.306+0000] {local_task_job_runner.py:266} INFO - Task exited with return code 1
[2026-07-17T03:09:43.340+0000] {taskinstance.py:3900} INFO - 0 downstream tasks scheduled from follow-on schedule check
[2026-07-17T03:09:43.349+0000] {local_task_job_runner.py:245} INFO - ::endgroup::
