[2026-07-26T12:39:13.952+0000] {local_task_job_runner.py:123} INFO - ::group::Pre task execution logs
[2026-07-26T12:39:13.970+0000] {taskinstance.py:2612} INFO - Dependencies all met for dep_context=non-requeueable deps ti=<TaskInstance: dbt_silver_gold_incremental.transform_silver.stg__consumer_complaints.run manual__2026-07-26T12:39:02.989686+00:00 [queued]>
[2026-07-26T12:39:13.978+0000] {taskinstance.py:2612} INFO - Dependencies all met for dep_context=requeueable deps ti=<TaskInstance: dbt_silver_gold_incremental.transform_silver.stg__consumer_complaints.run manual__2026-07-26T12:39:02.989686+00:00 [queued]>
[2026-07-26T12:39:13.980+0000] {taskinstance.py:2865} INFO - Starting attempt 1 of 2
[2026-07-26T12:39:13.991+0000] {taskinstance.py:2888} INFO - Executing <Task(DbtRunLocalOperator): transform_silver.stg__consumer_complaints.run> on 2026-07-26 12:39:02.989686+00:00
[2026-07-26T12:39:13.996+0000] {standard_task_runner.py:72} INFO - Started process 963 to run task
[2026-07-26T12:39:13.999+0000] {standard_task_runner.py:104} INFO - Running: ['airflow', 'tasks', 'run', 'dbt_silver_gold_incremental', 'transform_silver.stg__consumer_complaints.run', 'manual__2026-07-26T12:39:02.989686+00:00', '--job-id', '14', '--raw', '--subdir', 'DAGS_FOLDER/dbt_silver_gold.py', '--cfg-path', '/tmp/tmp6_hsow5y']
[2026-07-26T12:39:14.002+0000] {standard_task_runner.py:105} INFO - Job 14: Subtask transform_silver.stg__consumer_complaints.run
[2026-07-26T12:39:14.074+0000] {task_command.py:467} INFO - Running <TaskInstance: dbt_silver_gold_incremental.transform_silver.stg__consumer_complaints.run manual__2026-07-26T12:39:02.989686+00:00 [running]> on host a0b459f8cde6
[2026-07-26T12:39:14.146+0000] {taskinstance.py:3131} INFO - Exporting env vars: AIRFLOW_CTX_DAG_OWNER='data_engineer' AIRFLOW_CTX_DAG_ID='dbt_silver_gold_incremental' AIRFLOW_CTX_TASK_ID='transform_silver.stg__consumer_complaints.run' AIRFLOW_CTX_EXECUTION_DATE='2026-07-26T12:39:02.989686+00:00' AIRFLOW_CTX_TRY_NUMBER='1' AIRFLOW_CTX_DAG_RUN_ID='manual__2026-07-26T12:39:02.989686+00:00'
[2026-07-26T12:39:14.149+0000] {taskinstance.py:731} INFO - ::endgroup::
[2026-07-26T12:39:15.100+0000] {local.py:294} INFO - dbtRunner is available. Using dbtRunner for invoking dbt.
[2026-07-26T12:39:15.103+0000] {local.py:518} INFO - Cloning project to writable temp directory /tmp/tmpxdmxd7n0 from /opt/airflow/dbt_transform
[2026-07-26T12:39:15.111+0000] {local.py:538} INFO - Partial parse is enabled and the latest partial parse file is /tmp/cosmos/dbt_silver_gold_incremental__transform_silver/target/partial_parse.msgpack
[2026-07-26T12:39:15.122+0000] {config.py:395} INFO - Using user-supplied profiles.yml at /opt/airflow/dbt_transform/profiles.yml
[2026-07-26T12:39:15.130+0000] {runner.py:95} INFO - Trying to run dbtRunner with:
 ['deps', '--project-dir', '/tmp/tmpxdmxd7n0', '--profiles-dir', '/opt/airflow/dbt_transform', '--profile', 'lakehouse_dbt', '--target', 'dev', '--no-static-parser']
 in /tmp/tmpxdmxd7n0
[2026-07-26T12:39:15.187+0000] {logging_mixin.py:190} INFO - 12:39:15  Running with dbt=1.8.8
[2026-07-26T12:39:15.381+0000] {converter.py:314} INFO - ::group::Cosmos DAG parsing logs
[2026-07-26T12:39:15.384+0000] {graph.py:869} INFO - Trying to parse the dbt project using dbt ls cache cosmos_cache__dbt_silver_gold_incremental__transform_silver...
[2026-07-26T12:39:18.078+0000] {cache.py:383} INFO - Cosmos performance: time to calculate cache identifier cosmos_cache__dbt_silver_gold_incremental__transform_silver for current version: 2.681963708000012
[2026-07-26T12:39:18.079+0000] {graph.py:886} INFO - Cosmos performance [a0b459f8cde6|963]: The cache size for cosmos_cache__dbt_silver_gold_incremental__transform_silver is 6096
[2026-07-26T12:39:18.080+0000] {graph.py:898} INFO - Cosmos performance: Cache hit for cosmos_cache__dbt_silver_gold_incremental__transform_silver - b77642bd56914c9e2d6bfa2744b61b7c,5e34606eb5f2b3dea81a8e19fa3ba138
[2026-07-26T12:39:18.081+0000] {graph.py:799} INFO - Total nodes: 7
[2026-07-26T12:39:18.082+0000] {graph.py:800} INFO - Total filtered nodes: 7
[2026-07-26T12:39:18.083+0000] {converter.py:361} INFO - Cosmos performance (dbt_silver_gold_incremental__transform_silver) - [a0b459f8cde6|963]: It took 2.7s to parse the dbt project for DAG using dbt_ls_cache
[2026-07-26T12:39:18.093+0000] {converter.py:413} INFO - Cosmos performance (dbt_silver_gold_incremental__transform_silver) - [a0b459f8cde6|963]: It took 0.00986s to build the Airflow DAG.
[2026-07-26T12:39:18.094+0000] {converter.py:420} INFO - ::endgroup::Cosmos DAG parsing logs
[2026-07-26T12:39:18.095+0000] {converter.py:314} INFO - ::group::Cosmos DAG parsing logs
[2026-07-26T12:39:18.098+0000] {graph.py:869} INFO - Trying to parse the dbt project using dbt ls cache cosmos_cache__dbt_silver_gold_incremental__transform_gold...
[2026-07-26T12:39:20.900+0000] {cache.py:383} INFO - Cosmos performance: time to calculate cache identifier cosmos_cache__dbt_silver_gold_incremental__transform_gold for current version: 2.7937503870000455
[2026-07-26T12:39:20.901+0000] {graph.py:886} INFO - Cosmos performance [a0b459f8cde6|963]: The cache size for cosmos_cache__dbt_silver_gold_incremental__transform_gold is 35980
[2026-07-26T12:39:20.903+0000] {graph.py:898} INFO - Cosmos performance: Cache hit for cosmos_cache__dbt_silver_gold_incremental__transform_gold - b77642bd56914c9e2d6bfa2744b61b7c,304321e940a9403dceb380589bd0566f
[2026-07-26T12:39:20.904+0000] {graph.py:799} INFO - Total nodes: 39
[2026-07-26T12:39:20.905+0000] {graph.py:800} INFO - Total filtered nodes: 39
[2026-07-26T12:39:20.906+0000] {converter.py:361} INFO - Cosmos performance (dbt_silver_gold_incremental__transform_gold) - [a0b459f8cde6|963]: It took 2.81s to parse the dbt project for DAG using dbt_ls_cache
[2026-07-26T12:39:20.936+0000] {converter.py:413} INFO - Cosmos performance (dbt_silver_gold_incremental__transform_gold) - [a0b459f8cde6|963]: It took 0.0296s to build the Airflow DAG.
[2026-07-26T12:39:20.938+0000] {converter.py:420} INFO - ::endgroup::Cosmos DAG parsing logs
[2026-07-26T12:39:20.939+0000] {converter.py:314} INFO - ::group::Cosmos DAG parsing logs
[2026-07-26T12:39:20.942+0000] {graph.py:869} INFO - Trying to parse the dbt project using dbt ls cache cosmos_cache__dbt_silver_gold_full_load__transform_silver...
[2026-07-26T12:39:23.660+0000] {cache.py:383} INFO - Cosmos performance: time to calculate cache identifier cosmos_cache__dbt_silver_gold_full_load__transform_silver for current version: 2.7080681939999067
[2026-07-26T12:39:23.661+0000] {graph.py:886} INFO - Cosmos performance [a0b459f8cde6|963]: The cache size for cosmos_cache__dbt_silver_gold_full_load__transform_silver is 6096
[2026-07-26T12:39:23.662+0000] {graph.py:898} INFO - Cosmos performance: Cache hit for cosmos_cache__dbt_silver_gold_full_load__transform_silver - b77642bd56914c9e2d6bfa2744b61b7c,5e34606eb5f2b3dea81a8e19fa3ba138
[2026-07-26T12:39:23.664+0000] {graph.py:799} INFO - Total nodes: 7
[2026-07-26T12:39:23.665+0000] {graph.py:800} INFO - Total filtered nodes: 7
[2026-07-26T12:39:23.666+0000] {converter.py:361} INFO - Cosmos performance (dbt_silver_gold_full_load__transform_silver) - [a0b459f8cde6|963]: It took 2.72s to parse the dbt project for DAG using dbt_ls_cache
[2026-07-26T12:39:23.672+0000] {converter.py:413} INFO - Cosmos performance (dbt_silver_gold_full_load__transform_silver) - [a0b459f8cde6|963]: It took 0.00604s to build the Airflow DAG.
[2026-07-26T12:39:23.673+0000] {converter.py:420} INFO - ::endgroup::Cosmos DAG parsing logs
[2026-07-26T12:39:23.674+0000] {converter.py:314} INFO - ::group::Cosmos DAG parsing logs
[2026-07-26T12:39:23.676+0000] {graph.py:869} INFO - Trying to parse the dbt project using dbt ls cache cosmos_cache__dbt_silver_gold_full_load__transform_gold...
[2026-07-26T12:39:26.550+0000] {cache.py:383} INFO - Cosmos performance: time to calculate cache identifier cosmos_cache__dbt_silver_gold_full_load__transform_gold for current version: 2.864746266000111
[2026-07-26T12:39:26.551+0000] {graph.py:886} INFO - Cosmos performance [a0b459f8cde6|963]: The cache size for cosmos_cache__dbt_silver_gold_full_load__transform_gold is 35980
[2026-07-26T12:39:26.553+0000] {graph.py:898} INFO - Cosmos performance: Cache hit for cosmos_cache__dbt_silver_gold_full_load__transform_gold - b77642bd56914c9e2d6bfa2744b61b7c,304321e940a9403dceb380589bd0566f
[2026-07-26T12:39:26.554+0000] {graph.py:799} INFO - Total nodes: 39
[2026-07-26T12:39:26.555+0000] {graph.py:800} INFO - Total filtered nodes: 39
[2026-07-26T12:39:26.556+0000] {converter.py:361} INFO - Cosmos performance (dbt_silver_gold_full_load__transform_gold) - [a0b459f8cde6|963]: It took 2.88s to parse the dbt project for DAG using dbt_ls_cache
[2026-07-26T12:39:26.587+0000] {converter.py:413} INFO - Cosmos performance (dbt_silver_gold_full_load__transform_gold) - [a0b459f8cde6|963]: It took 0.0314s to build the Airflow DAG.
[2026-07-26T12:39:26.588+0000] {converter.py:420} INFO - ::endgroup::Cosmos DAG parsing logs
[2026-07-26T12:39:27.382+0000] {logging_mixin.py:190} INFO - 12:39:27  Installing dbt-labs/dbt_utils
[2026-07-26T12:39:28.041+0000] {logging_mixin.py:190} INFO - 12:39:28  Installed from version 1.3.0
[2026-07-26T12:39:28.043+0000] {logging_mixin.py:190} INFO - 12:39:28  Updated version available: 1.4.1
[2026-07-26T12:39:28.045+0000] {logging_mixin.py:190} INFO - 12:39:28  Installing metaplane/dbt_expectations
[2026-07-26T12:39:28.904+0000] {logging_mixin.py:190} INFO - 12:39:28  Installed from version 0.10.8
[2026-07-26T12:39:28.907+0000] {logging_mixin.py:190} INFO - 12:39:28  Updated version available: 0.10.10
[2026-07-26T12:39:28.910+0000] {logging_mixin.py:190} INFO - 12:39:28  Installing godatadriven/dbt_date
[2026-07-26T12:39:29.451+0000] {logging_mixin.py:190} INFO - 12:39:29  Installed from version 0.15.0
[2026-07-26T12:39:29.452+0000] {logging_mixin.py:190} INFO - 12:39:29  Up to date!
[2026-07-26T12:39:29.454+0000] {logging_mixin.py:190} INFO - 12:39:29
[2026-07-26T12:39:29.456+0000] {logging_mixin.py:190} INFO - 12:39:29  Updates available for packages: ['dbt-labs/dbt_utils', 'metaplane/dbt_expectations']                 
Update your versions in packages.yml, then run dbt deps
[2026-07-26T12:39:31.132+0000] {runner.py:95} INFO - Trying to run dbtRunner with:
 ['run', '--select', 'fqn:consumer_complaints_transformation.staging.stg__consumer_complaints', '--project-dir', '/tmp/tmpxdmxd7n0', '--profiles-dir', '/opt/airflow/dbt_transform', '--profile', 'lakehouse_dbt', '--target', 'dev', '--no-static-parser']
 in /tmp/tmpxdmxd7n0
[2026-07-26T12:39:31.154+0000] {logging_mixin.py:190} INFO - 12:39:31  Running with dbt=1.8.8
[2026-07-26T12:39:31.181+0000] {auth.py:343} INFO - keyring module not found. OAuth2 token will not be stored in keyring.
[2026-07-26T12:39:31.185+0000] {auth.py:343} INFO - keyring module not found. OAuth2 token will not be stored in keyring.
[2026-07-26T12:39:31.295+0000] {logging_mixin.py:190} INFO - 12:39:31  Registered adapter: trino=1.8.5
[2026-07-26T12:39:32.099+0000] {logging_mixin.py:190} INFO - 12:39:32  Found 8 models, 40 data tests, 1 source, 9 metrics, 839 macros, 5 semantic models
[2026-07-26T12:39:32.102+0000] {logging_mixin.py:190} INFO - 12:39:32
[2026-07-26T12:39:32.136+0000] {logging_mixin.py:190} INFO - 12:39:32  [WARNING]: SSL certificate validation is disabled by default. It is legacy behavior which will be changed in future releases. It is strongly advised to enable `require_certificate_validation` flag or explicitly set `cert` configuration to `True` for security reasons. You may receive an error after that if your SSL setup is incorrect.
You may opt into the new behavior sooner by setting `flags.require_certificate_validation` to `True` in `dbt_project.yml`.
Visit https://docs.getdbt.com/reference/global-configs/behavior-changes for more information.
[2026-07-26T12:39:33.183+0000] {logging_mixin.py:190} INFO - 12:39:33  Concurrency: 1 threads (target='dev')
[2026-07-26T12:39:33.185+0000] {logging_mixin.py:190} INFO - 12:39:33
[2026-07-26T12:39:33.190+0000] {logging_mixin.py:190} INFO - 12:39:33  1 of 1 START sql incremental model silver.stg__consumer_complaints ............. [RUN]
[2026-07-26T12:39:35.964+0000] {logging_mixin.py:190} INFO - 12:39:35  1 of 1 OK created sql incremental model silver.stg__consumer_complaints ........ [CREATE TABLE (36 rows) in 2.77s]
[2026-07-26T12:39:35.969+0000] {logging_mixin.py:190} INFO - 12:39:35
[2026-07-26T12:39:35.971+0000] {logging_mixin.py:190} INFO - 12:39:35  Finished running 1 incremental model in 0 hours 0 minutes and 3.87 seconds (3.87s).
[2026-07-26T12:39:36.014+0000] {logging_mixin.py:190} INFO - 12:39:36
[2026-07-26T12:39:36.016+0000] {logging_mixin.py:190} INFO - 12:39:36  Completed successfully
[2026-07-26T12:39:36.017+0000] {logging_mixin.py:190} INFO - 12:39:36
[2026-07-26T12:39:36.019+0000] {logging_mixin.py:190} INFO - 12:39:36  Done. PASS=1 WARN=0 ERROR=0 SKIP=0 TOTAL=1
[2026-07-26T12:39:37.210+0000] {local.py:196} WARNING - Artifact schema version: https://schemas.getdbt.com/dbt/manifest/v12.json is above dbt-ol supported version 7. This might cause errors.
[2026-07-26T12:39:37.217+0000] {local.py:594} INFO - Inlets: []
[2026-07-26T12:39:37.219+0000] {local.py:595} INFO - Outlets: []
[2026-07-26T12:39:37.221+0000] {local.py:886} INFO - Assigning inlets/outlets with DatasetAlias in Airflow 2
[2026-07-26T12:39:37.271+0000] {taskinstance.py:340} INFO - ::group::Post task execution logs
[2026-07-26T12:39:37.273+0000] {taskinstance.py:352} INFO - Marking task as SUCCESS. dag_id=dbt_silver_gold_incremental, task_id=transform_silver.stg__consumer_complaints.run, run_id=manual__2026-07-26T12:39:02.989686+00:00, execution_date=20260726T123902, start_date=20260726T123913, end_date=20260726T123937
[2026-07-26T12:39:38.127+0000] {_client.py:1026} INFO - HTTP Request: GET https://astronomer.gateway.scarf.sh/astronomer-cosmos/v3/task_instance?cosmos_version=1.15.0&airflow_version=2.10.2&python_version=3.10.15&platform_system=Linux&platform_machine=x86_64&status=success&operator_name=DbtRunLocalOperator&is_cosmos_operator_subclass=False&invocation_mode=dbt_runner&execution_mode=local&profile_strategy=yaml_file&profile_mapping_class=None&database=trino&is_mapped_task=False&dbt_command=run&install_deps=True&has_callback=False&duration=23.301244 "HTTP/1.1 200 OK"
[2026-07-26T12:39:38.176+0000] {local_task_job_runner.py:266} INFO - Task exited with return code 0
[2026-07-26T12:39:38.208+0000] {taskinstance.py:3900} INFO - 0 downstream tasks scheduled from follow-on schedule check
[2026-07-26T12:39:38.211+0000] {local_task_job_runner.py:245} INFO - ::endgroup::
