[2026-07-22T01:49:07.322+0000] {local_task_job_runner.py:123} INFO - ::group::Pre task execution logs
[2026-07-22T01:49:07.350+0000] {taskinstance.py:2612} INFO - Dependencies all met for dep_context=non-requeueable deps ti=<TaskInstance: lakehouse_full_compaction_pipeline.execute_optimize scheduled__2026-07-12T01:00:00+00:00 map_index=5 [queued]>
[2026-07-22T01:49:07.364+0000] {taskinstance.py:2612} INFO - Dependencies all met for dep_context=requeueable deps ti=<TaskInstance: lakehouse_full_compaction_pipeline.execute_optimize scheduled__2026-07-12T01:00:00+00:00 map_index=5 [queued]>
[2026-07-22T01:49:07.366+0000] {taskinstance.py:2865} INFO - Starting attempt 1 of 4
[2026-07-22T01:49:07.382+0000] {taskinstance.py:2888} INFO - Executing <Mapped(_PythonDecoratedOperator): execute_optimize> on 2026-07-12 01:00:00+00:00
[2026-07-22T01:49:07.389+0000] {standard_task_runner.py:72} INFO - Started process 1869 to run task
[2026-07-22T01:49:07.393+0000] {standard_task_runner.py:104} INFO - Running: ['airflow', 'tasks', 'run', 'lakehouse_full_compaction_pipeline', 'execute_optimize', 'scheduled__2026-07-12T01:00:00+00:00', '--job-id', '85', '--raw', '--subdir', 'DAGS_FOLDER/lakehouse_incremental_compaction_dag.py', '--cfg-path', '/tmp/tmpshndvs3j', '--map-index', '5']
[2026-07-22T01:49:07.396+0000] {standard_task_runner.py:105} INFO - Job 85: Subtask execute_optimize
[2026-07-22T01:49:07.495+0000] {task_command.py:467} INFO - Running <TaskInstance: lakehouse_full_compaction_pipeline.execute_optimize scheduled__2026-07-12T01:00:00+00:00 map_index=5 [running]> on host dbd63abba702
[2026-07-22T01:49:07.812+0000] {taskinstance.py:3131} INFO - Exporting env vars: AIRFLOW_CTX_DAG_OWNER='airflow' AIRFLOW_CTX_DAG_ID='lakehouse_full_compaction_pipeline' AIRFLOW_CTX_TASK_ID='execute_optimize' AIRFLOW_CTX_EXECUTION_DATE='2026-07-12T01:00:00+00:00' AIRFLOW_CTX_TRY_NUMBER='1' AIRFLOW_CTX_DAG_RUN_ID='scheduled__2026-07-12T01:00:00+00:00'
[2026-07-22T01:49:07.814+0000] {taskinstance.py:731} INFO - ::endgroup::
[2026-07-22T01:49:07.817+0000] {lakehouse_incremental_compaction_dag.py:121} INFO - Đang thực thi: ALTER TABLE lakehouse.gold.dim_issues EXECUTE optimize
[2026-07-22T01:49:07.819+0000] {base.py:84} INFO - Retrieving connection 'trino_default'
[2026-07-22T01:49:07.821+0000] {base.py:84} INFO - Retrieving connection 'trino_default'
[2026-07-22T01:49:07.824+0000] {sql.py:509} INFO - Running statement: ALTER TABLE lakehouse.gold.dim_issues EXECUTE optimize, parameters: None
[2026-07-22T01:49:07.864+0000] {taskinstance.py:3310} ERROR - Task failed with exception
Traceback (most recent call last):
  File "/home/airflow/.local/lib/python3.10/site-packages/airflow/models/taskinstance.py", line 767, in _execute_task
    result = _execute_callable(context=context, **execute_callable_kwargs)
  File "/home/airflow/.local/lib/python3.10/site-packages/airflow/models/taskinstance.py", line 733, in _execute_callable
    return ExecutionCallableRunner(
  File "/home/airflow/.local/lib/python3.10/site-packages/airflow/utils/operator_helpers.py", line 252, in run
    return self.func(*args, **kwargs)
  File "/home/airflow/.local/lib/python3.10/site-packages/airflow/models/baseoperator.py", line 406, in wrapper
    return func(self, *args, **kwargs)
  File "/home/airflow/.local/lib/python3.10/site-packages/airflow/decorators/base.py", line 266, in execute
    return_value = super().execute(context)
  File "/home/airflow/.local/lib/python3.10/site-packages/airflow/models/baseoperator.py", line 406, in wrapper
    return func(self, *args, **kwargs)
  File "/home/airflow/.local/lib/python3.10/site-packages/airflow/operators/python.py", line 238, in execute
    return_value = self.execute_callable()
  File "/home/airflow/.local/lib/python3.10/site-packages/airflow/operators/python.py", line 256, in execute_callable
    return runner.run(*self.op_args, **self.op_kwargs)
  File "/home/airflow/.local/lib/python3.10/site-packages/airflow/utils/operator_helpers.py", line 252, in run
    return self.func(*args, **kwargs)
  File "/opt/airflow/dags/lakehouse_incremental_compaction_dag.py", line 122, in execute_optimize
    trino_hook.run(sql)
  File "/home/airflow/.local/lib/python3.10/site-packages/airflow/providers/common/sql/hooks/sql.py", line 456, in run
    self._run_command(cur, sql_statement, parameters)
  File "/home/airflow/.local/lib/python3.10/site-packages/airflow/providers/common/sql/hooks/sql.py", line 514, in _run_command
    cur.execute(sql_statement)
  File "/home/airflow/.local/lib/python3.10/site-packages/trino/dbapi.py", line 589, in execute
    self._iterator = iter(self._query.execute())
  File "/home/airflow/.local/lib/python3.10/site-packages/trino/client.py", line 819, in execute
    self._result.rows += self.fetch()
  File "/home/airflow/.local/lib/python3.10/site-packages/trino/client.py", line 839, in fetch
    status = self._request.process(response)
  File "/home/airflow/.local/lib/python3.10/site-packages/trino/client.py", line 611, in process
    raise self._process_error(response["error"], response.get("id"))
trino.exceptions.TrinoUserError: TrinoUserError(type=USER_ERROR, name=TABLE_NOT_FOUND, message="line 1:7: Table 'lakehouse.gold.dim_issues' does not exist", query_id=20260722_014907_00121_vn5ju)
[2026-07-22T01:49:07.889+0000] {taskinstance.py:1225} INFO - Marking task as UP_FOR_RETRY. dag_id=lakehouse_full_compaction_pipeline, task_id=execute_optimize, run_id=scheduled__2026-07-12T01:00:00+00:00, map_index=5, execution_date=20260712T010000, start_date=20260722T014907, end_date=20260722T014907
[2026-07-22T01:49:07.909+0000] {taskinstance.py:340} INFO - ::group::Post task execution logs
[2026-07-22T01:49:07.911+0000] {standard_task_runner.py:124} ERROR - Failed to execute job 85 for task execute_optimize (TrinoUserError(type=USER_ERROR, name=TABLE_NOT_FOUND, message="line 1:7: Table 'lakehouse.gold.dim_issues' does not exist", query_id=20260722_014907_00121_vn5ju); 1869)
Traceback (most recent call last):
  File "/home/airflow/.local/lib/python3.10/site-packages/airflow/task/task_runner/standard_task_runner.py", line 117, in _start_by_fork
    ret = args.func(args, dag=self.dag)
  File "/home/airflow/.local/lib/python3.10/site-packages/airflow/cli/cli_config.py", line 49, in command
    return func(*args, **kwargs)
  File "/home/airflow/.local/lib/python3.10/site-packages/airflow/utils/cli.py", line 115, in wrapper
    return f(*args, **kwargs)
  File "/home/airflow/.local/lib/python3.10/site-packages/airflow/cli/commands/task_command.py", line 483, in task_run
    task_return_code = _run_task_by_selected_method(args, _dag, ti)
  File "/home/airflow/.local/lib/python3.10/site-packages/airflow/cli/commands/task_command.py", line 256, in _run_task_by_selected_method
    return _run_raw_task(args, ti)
  File "/home/airflow/.local/lib/python3.10/site-packages/airflow/cli/commands/task_command.py", line 341, in _run_raw_task
    return ti._run_raw_task(
  File "/home/airflow/.local/lib/python3.10/site-packages/airflow/utils/session.py", line 97, in wrapper
    return func(*args, session=session, **kwargs)
  File "/home/airflow/.local/lib/python3.10/site-packages/airflow/models/taskinstance.py", line 3004, in _run_raw_task
    return _run_raw_task(
  File "/home/airflow/.local/lib/python3.10/site-packages/airflow/models/taskinstance.py", line 273, in _run_raw_task
    TaskInstance._execute_task_with_callbacks(
  File "/home/airflow/.local/lib/python3.10/site-packages/airflow/models/taskinstance.py", line 3158, in _execute_task_with_callbacks
    result = self._execute_task(context, task_orig)
  File "/home/airflow/.local/lib/python3.10/site-packages/airflow/models/taskinstance.py", line 3182, in _execute_task
    return _execute_task(self, context, task_orig)
  File "/home/airflow/.local/lib/python3.10/site-packages/airflow/models/taskinstance.py", line 767, in _execute_task
    result = _execute_callable(context=context, **execute_callable_kwargs)
  File "/home/airflow/.local/lib/python3.10/site-packages/airflow/models/taskinstance.py", line 733, in _execute_callable
    return ExecutionCallableRunner(
  File "/home/airflow/.local/lib/python3.10/site-packages/airflow/utils/operator_helpers.py", line 252, in run
    return self.func(*args, **kwargs)
  File "/home/airflow/.local/lib/python3.10/site-packages/airflow/models/baseoperator.py", line 406, in wrapper
    return func(self, *args, **kwargs)
  File "/home/airflow/.local/lib/python3.10/site-packages/airflow/decorators/base.py", line 266, in execute
    return_value = super().execute(context)
  File "/home/airflow/.local/lib/python3.10/site-packages/airflow/models/baseoperator.py", line 406, in wrapper
    return func(self, *args, **kwargs)
  File "/home/airflow/.local/lib/python3.10/site-packages/airflow/operators/python.py", line 238, in execute
    return_value = self.execute_callable()
  File "/home/airflow/.local/lib/python3.10/site-packages/airflow/operators/python.py", line 256, in execute_callable
    return runner.run(*self.op_args, **self.op_kwargs)
  File "/home/airflow/.local/lib/python3.10/site-packages/airflow/utils/operator_helpers.py", line 252, in run
    return self.func(*args, **kwargs)
  File "/opt/airflow/dags/lakehouse_incremental_compaction_dag.py", line 122, in execute_optimize
    trino_hook.run(sql)
  File "/home/airflow/.local/lib/python3.10/site-packages/airflow/providers/common/sql/hooks/sql.py", line 456, in run
    self._run_command(cur, sql_statement, parameters)
  File "/home/airflow/.local/lib/python3.10/site-packages/airflow/providers/common/sql/hooks/sql.py", line 514, in _run_command
    cur.execute(sql_statement)
  File "/home/airflow/.local/lib/python3.10/site-packages/trino/dbapi.py", line 589, in execute
    self._iterator = iter(self._query.execute())
  File "/home/airflow/.local/lib/python3.10/site-packages/trino/client.py", line 819, in execute
    self._result.rows += self.fetch()
  File "/home/airflow/.local/lib/python3.10/site-packages/trino/client.py", line 839, in fetch
    status = self._request.process(response)
  File "/home/airflow/.local/lib/python3.10/site-packages/trino/client.py", line 611, in process
    raise self._process_error(response["error"], response.get("id"))
trino.exceptions.TrinoUserError: TrinoUserError(type=USER_ERROR, name=TABLE_NOT_FOUND, message="line 1:7: Table 'lakehouse.gold.dim_issues' does not exist", query_id=20260722_014907_00121_vn5ju)
[2026-07-22T01:49:07.931+0000] {local_task_job_runner.py:266} INFO - Task exited with return code 1
[2026-07-22T01:49:07.980+0000] {taskinstance.py:3900} INFO - 0 downstream tasks scheduled from follow-on schedule check
[2026-07-22T01:49:07.983+0000] {local_task_job_runner.py:245} INFO - ::endgroup::
[2026-07-22T03:12:55.467+0000] {local_task_job_runner.py:123} INFO - ::group::Pre task execution logs
[2026-07-22T03:12:55.493+0000] {taskinstance.py:2612} INFO - Dependencies all met for dep_context=non-requeueable deps ti=<TaskInstance: lakehouse_full_compaction_pipeline.execute_optimize scheduled__2026-07-12T01:00:00+00:00 map_index=5 [queued]>
[2026-07-22T03:12:55.506+0000] {taskinstance.py:2612} INFO - Dependencies all met for dep_context=requeueable deps ti=<TaskInstance: lakehouse_full_compaction_pipeline.execute_optimize scheduled__2026-07-12T01:00:00+00:00 map_index=5 [queued]>
[2026-07-22T03:12:55.507+0000] {taskinstance.py:2865} INFO - Starting attempt 1 of 4
[2026-07-22T03:12:55.521+0000] {taskinstance.py:2888} INFO - Executing <Mapped(_PythonDecoratedOperator): execute_optimize> on 2026-07-12 01:00:00+00:00
[2026-07-22T03:12:55.527+0000] {standard_task_runner.py:72} INFO - Started process 2285 to run task
[2026-07-22T03:12:55.531+0000] {standard_task_runner.py:104} INFO - Running: ['airflow', 'tasks', 'run', 'lakehouse_full_compaction_pipeline', 'execute_optimize', 'scheduled__2026-07-12T01:00:00+00:00', '--job-id', '35', '--raw', '--subdir', 'DAGS_FOLDER/lakehouse_incremental_compaction_dag.py', '--cfg-path', '/tmp/tmp35s7e9w7', '--map-index', '5']
[2026-07-22T03:12:55.534+0000] {standard_task_runner.py:105} INFO - Job 35: Subtask execute_optimize
[2026-07-22T03:12:55.622+0000] {task_command.py:467} INFO - Running <TaskInstance: lakehouse_full_compaction_pipeline.execute_optimize scheduled__2026-07-12T01:00:00+00:00 map_index=5 [running]> on host 55d72f6a8c76
[2026-07-22T03:12:55.876+0000] {taskinstance.py:3131} INFO - Exporting env vars: AIRFLOW_CTX_DAG_OWNER='airflow' AIRFLOW_CTX_DAG_ID='lakehouse_full_compaction_pipeline' AIRFLOW_CTX_TASK_ID='execute_optimize' AIRFLOW_CTX_EXECUTION_DATE='2026-07-12T01:00:00+00:00' AIRFLOW_CTX_TRY_NUMBER='1' AIRFLOW_CTX_DAG_RUN_ID='scheduled__2026-07-12T01:00:00+00:00'
[2026-07-22T03:12:55.879+0000] {taskinstance.py:731} INFO - ::endgroup::
[2026-07-22T03:12:55.881+0000] {lakehouse_incremental_compaction_dag.py:121} INFO - Đang thực thi: ALTER TABLE lakehouse.gold.dim_issues EXECUTE optimize
[2026-07-22T03:12:55.883+0000] {base.py:84} INFO - Retrieving connection 'trino_default'
[2026-07-22T03:12:55.884+0000] {base.py:84} INFO - Retrieving connection 'trino_default'
[2026-07-22T03:12:55.887+0000] {sql.py:509} INFO - Running statement: ALTER TABLE lakehouse.gold.dim_issues EXECUTE optimize, parameters: None
[2026-07-22T03:12:56.020+0000] {python.py:240} INFO - Done. Returned value was: {'table': 'lakehouse.gold.dim_issues', 'layer': 'gold', 'strategy': 'full_scan', 'retention_days': '14d'}
[2026-07-22T03:12:56.076+0000] {taskinstance.py:340} INFO - ::group::Post task execution logs
[2026-07-22T03:12:56.078+0000] {taskinstance.py:352} INFO - Marking task as SUCCESS. dag_id=lakehouse_full_compaction_pipeline, task_id=execute_optimize, run_id=scheduled__2026-07-12T01:00:00+00:00, map_index=5, execution_date=20260712T010000, start_date=20260722T031255, end_date=20260722T031256
[2026-07-22T03:12:56.109+0000] {local_task_job_runner.py:266} INFO - Task exited with return code 0
[2026-07-22T03:12:56.147+0000] {taskinstance.py:3900} INFO - 0 downstream tasks scheduled from follow-on schedule check
[2026-07-22T03:12:56.151+0000] {local_task_job_runner.py:245} INFO - ::endgroup::
[2026-07-22T03:55:46.078+0000] {local_task_job_runner.py:123} INFO - ::group::Pre task execution logs
[2026-07-22T03:55:46.107+0000] {taskinstance.py:2612} INFO - Dependencies all met for dep_context=non-requeueable deps ti=<TaskInstance: lakehouse_full_compaction_pipeline.execute_optimize scheduled__2026-07-12T01:00:00+00:00 map_index=5 [queued]>
[2026-07-22T03:55:46.120+0000] {taskinstance.py:2612} INFO - Dependencies all met for dep_context=requeueable deps ti=<TaskInstance: lakehouse_full_compaction_pipeline.execute_optimize scheduled__2026-07-12T01:00:00+00:00 map_index=5 [queued]>
[2026-07-22T03:55:46.123+0000] {taskinstance.py:2865} INFO - Starting attempt 1 of 4
[2026-07-22T03:55:46.137+0000] {taskinstance.py:2888} INFO - Executing <Mapped(_PythonDecoratedOperator): execute_optimize> on 2026-07-12 01:00:00+00:00
[2026-07-22T03:55:46.142+0000] {standard_task_runner.py:72} INFO - Started process 2279 to run task
[2026-07-22T03:55:46.146+0000] {standard_task_runner.py:104} INFO - Running: ['airflow', 'tasks', 'run', 'lakehouse_full_compaction_pipeline', 'execute_optimize', 'scheduled__2026-07-12T01:00:00+00:00', '--job-id', '34', '--raw', '--subdir', 'DAGS_FOLDER/lakehouse_incremental_compaction_dag.py', '--cfg-path', '/tmp/tmpyxjuojpa', '--map-index', '5']
[2026-07-22T03:55:46.151+0000] {standard_task_runner.py:105} INFO - Job 34: Subtask execute_optimize
[2026-07-22T03:55:46.252+0000] {task_command.py:467} INFO - Running <TaskInstance: lakehouse_full_compaction_pipeline.execute_optimize scheduled__2026-07-12T01:00:00+00:00 map_index=5 [running]> on host 793e7e004e3d
[2026-07-22T03:55:46.504+0000] {taskinstance.py:3131} INFO - Exporting env vars: AIRFLOW_CTX_DAG_OWNER='airflow' AIRFLOW_CTX_DAG_ID='lakehouse_full_compaction_pipeline' AIRFLOW_CTX_TASK_ID='execute_optimize' AIRFLOW_CTX_EXECUTION_DATE='2026-07-12T01:00:00+00:00' AIRFLOW_CTX_TRY_NUMBER='1' AIRFLOW_CTX_DAG_RUN_ID='scheduled__2026-07-12T01:00:00+00:00'
[2026-07-22T03:55:46.508+0000] {taskinstance.py:731} INFO - ::endgroup::
[2026-07-22T03:55:46.510+0000] {lakehouse_incremental_compaction_dag.py:121} INFO - Đang thực thi: ALTER TABLE lakehouse.gold.dim_issues EXECUTE optimize
[2026-07-22T03:55:46.512+0000] {base.py:84} INFO - Retrieving connection 'trino_default'
[2026-07-22T03:55:46.515+0000] {base.py:84} INFO - Retrieving connection 'trino_default'
[2026-07-22T03:55:46.519+0000] {sql.py:509} INFO - Running statement: ALTER TABLE lakehouse.gold.dim_issues EXECUTE optimize, parameters: None
[2026-07-22T03:55:46.749+0000] {python.py:240} INFO - Done. Returned value was: {'table': 'lakehouse.gold.dim_issues', 'layer': 'gold', 'strategy': 'full_scan', 'retention_days': '14d'}
[2026-07-22T03:55:46.839+0000] {taskinstance.py:340} INFO - ::group::Post task execution logs
[2026-07-22T03:55:46.841+0000] {taskinstance.py:352} INFO - Marking task as SUCCESS. dag_id=lakehouse_full_compaction_pipeline, task_id=execute_optimize, run_id=scheduled__2026-07-12T01:00:00+00:00, map_index=5, execution_date=20260712T010000, start_date=20260722T035546, end_date=20260722T035546
[2026-07-22T03:55:46.897+0000] {local_task_job_runner.py:266} INFO - Task exited with return code 0
[2026-07-22T03:55:46.917+0000] {local_task_job_runner.py:245} INFO - ::endgroup::
[2026-07-22T04:22:29.894+0000] {local_task_job_runner.py:123} INFO - ::group::Pre task execution logs
[2026-07-22T04:22:29.920+0000] {taskinstance.py:2612} INFO - Dependencies all met for dep_context=non-requeueable deps ti=<TaskInstance: lakehouse_full_compaction_pipeline.execute_optimize scheduled__2026-07-12T01:00:00+00:00 map_index=5 [queued]>
[2026-07-22T04:22:29.934+0000] {taskinstance.py:2612} INFO - Dependencies all met for dep_context=requeueable deps ti=<TaskInstance: lakehouse_full_compaction_pipeline.execute_optimize scheduled__2026-07-12T01:00:00+00:00 map_index=5 [queued]>
[2026-07-22T04:22:29.936+0000] {taskinstance.py:2865} INFO - Starting attempt 1 of 4
[2026-07-22T04:22:29.950+0000] {taskinstance.py:2888} INFO - Executing <Mapped(_PythonDecoratedOperator): execute_optimize> on 2026-07-12 01:00:00+00:00
[2026-07-22T04:22:29.960+0000] {standard_task_runner.py:72} INFO - Started process 2629 to run task
[2026-07-22T04:22:29.964+0000] {standard_task_runner.py:104} INFO - Running: ['airflow', 'tasks', 'run', 'lakehouse_full_compaction_pipeline', 'execute_optimize', 'scheduled__2026-07-12T01:00:00+00:00', '--job-id', '34', '--raw', '--subdir', 'DAGS_FOLDER/lakehouse_incremental_compaction_dag.py', '--cfg-path', '/tmp/tmp2vzq0ypx', '--map-index', '5']
[2026-07-22T04:22:29.968+0000] {standard_task_runner.py:105} INFO - Job 34: Subtask execute_optimize
[2026-07-22T04:22:30.068+0000] {task_command.py:467} INFO - Running <TaskInstance: lakehouse_full_compaction_pipeline.execute_optimize scheduled__2026-07-12T01:00:00+00:00 map_index=5 [running]> on host 46567f661dca
[2026-07-22T04:22:30.305+0000] {taskinstance.py:3131} INFO - Exporting env vars: AIRFLOW_CTX_DAG_OWNER='airflow' AIRFLOW_CTX_DAG_ID='lakehouse_full_compaction_pipeline' AIRFLOW_CTX_TASK_ID='execute_optimize' AIRFLOW_CTX_EXECUTION_DATE='2026-07-12T01:00:00+00:00' AIRFLOW_CTX_TRY_NUMBER='1' AIRFLOW_CTX_DAG_RUN_ID='scheduled__2026-07-12T01:00:00+00:00'
[2026-07-22T04:22:30.307+0000] {taskinstance.py:731} INFO - ::endgroup::
[2026-07-22T04:22:30.309+0000] {lakehouse_incremental_compaction_dag.py:121} INFO - Đang thực thi: ALTER TABLE lakehouse.gold.dim_issues EXECUTE optimize
[2026-07-22T04:22:30.311+0000] {base.py:84} INFO - Retrieving connection 'trino_default'
[2026-07-22T04:22:30.313+0000] {base.py:84} INFO - Retrieving connection 'trino_default'
[2026-07-22T04:22:30.317+0000] {sql.py:509} INFO - Running statement: ALTER TABLE lakehouse.gold.dim_issues EXECUTE optimize, parameters: None
[2026-07-22T04:22:30.456+0000] {python.py:240} INFO - Done. Returned value was: {'table': 'lakehouse.gold.dim_issues', 'layer': 'gold', 'strategy': 'full_scan', 'retention_days': '14d'}
[2026-07-22T04:22:30.501+0000] {taskinstance.py:340} INFO - ::group::Post task execution logs
[2026-07-22T04:22:30.503+0000] {taskinstance.py:352} INFO - Marking task as SUCCESS. dag_id=lakehouse_full_compaction_pipeline, task_id=execute_optimize, run_id=scheduled__2026-07-12T01:00:00+00:00, map_index=5, execution_date=20260712T010000, start_date=20260722T042229, end_date=20260722T042230
[2026-07-22T04:22:30.544+0000] {local_task_job_runner.py:266} INFO - Task exited with return code 0
[2026-07-22T04:22:30.558+0000] {local_task_job_runner.py:245} INFO - ::endgroup::
[2026-07-22T04:36:39.364+0000] {local_task_job_runner.py:123} INFO - ::group::Pre task execution logs
[2026-07-22T04:36:39.389+0000] {taskinstance.py:2612} INFO - Dependencies all met for dep_context=non-requeueable deps ti=<TaskInstance: lakehouse_full_compaction_pipeline.execute_optimize scheduled__2026-07-12T01:00:00+00:00 map_index=5 [queued]>
[2026-07-22T04:36:39.402+0000] {taskinstance.py:2612} INFO - Dependencies all met for dep_context=requeueable deps ti=<TaskInstance: lakehouse_full_compaction_pipeline.execute_optimize scheduled__2026-07-12T01:00:00+00:00 map_index=5 [queued]>
[2026-07-22T04:36:39.403+0000] {taskinstance.py:2865} INFO - Starting attempt 1 of 4
[2026-07-22T04:36:39.417+0000] {taskinstance.py:2888} INFO - Executing <Mapped(_PythonDecoratedOperator): execute_optimize> on 2026-07-12 01:00:00+00:00
[2026-07-22T04:36:39.423+0000] {standard_task_runner.py:72} INFO - Started process 872 to run task
[2026-07-22T04:36:39.427+0000] {standard_task_runner.py:104} INFO - Running: ['airflow', 'tasks', 'run', 'lakehouse_full_compaction_pipeline', 'execute_optimize', 'scheduled__2026-07-12T01:00:00+00:00', '--job-id', '74', '--raw', '--subdir', 'DAGS_FOLDER/lakehouse_incremental_compaction_dag.py', '--cfg-path', '/tmp/tmpblsp7ind', '--map-index', '5']
[2026-07-22T04:36:39.429+0000] {standard_task_runner.py:105} INFO - Job 74: Subtask execute_optimize
[2026-07-22T04:36:39.530+0000] {task_command.py:467} INFO - Running <TaskInstance: lakehouse_full_compaction_pipeline.execute_optimize scheduled__2026-07-12T01:00:00+00:00 map_index=5 [running]> on host b4f4a6304972
[2026-07-22T04:36:39.748+0000] {taskinstance.py:3131} INFO - Exporting env vars: AIRFLOW_CTX_DAG_OWNER='airflow' AIRFLOW_CTX_DAG_ID='lakehouse_full_compaction_pipeline' AIRFLOW_CTX_TASK_ID='execute_optimize' AIRFLOW_CTX_EXECUTION_DATE='2026-07-12T01:00:00+00:00' AIRFLOW_CTX_TRY_NUMBER='1' AIRFLOW_CTX_DAG_RUN_ID='scheduled__2026-07-12T01:00:00+00:00'
[2026-07-22T04:36:39.751+0000] {taskinstance.py:731} INFO - ::endgroup::
[2026-07-22T04:36:39.754+0000] {lakehouse_incremental_compaction_dag.py:121} INFO - Đang thực thi: ALTER TABLE lakehouse.gold.dim_issues EXECUTE optimize
[2026-07-22T04:36:39.757+0000] {base.py:84} INFO - Retrieving connection 'trino_default'
[2026-07-22T04:36:39.759+0000] {base.py:84} INFO - Retrieving connection 'trino_default'
[2026-07-22T04:36:39.762+0000] {sql.py:509} INFO - Running statement: ALTER TABLE lakehouse.gold.dim_issues EXECUTE optimize, parameters: None
[2026-07-22T04:36:40.071+0000] {python.py:240} INFO - Done. Returned value was: {'table': 'lakehouse.gold.dim_issues', 'layer': 'gold', 'strategy': 'full_scan', 'retention_days': '14d'}
[2026-07-22T04:36:40.123+0000] {taskinstance.py:340} INFO - ::group::Post task execution logs
[2026-07-22T04:36:40.125+0000] {taskinstance.py:352} INFO - Marking task as SUCCESS. dag_id=lakehouse_full_compaction_pipeline, task_id=execute_optimize, run_id=scheduled__2026-07-12T01:00:00+00:00, map_index=5, execution_date=20260712T010000, start_date=20260722T043639, end_date=20260722T043640
[2026-07-22T04:36:40.170+0000] {local_task_job_runner.py:266} INFO - Task exited with return code 0
[2026-07-22T04:36:40.188+0000] {local_task_job_runner.py:245} INFO - ::endgroup::
[2026-07-23T02:17:10.123+0000] {local_task_job_runner.py:123} INFO - ::group::Pre task execution logs
[2026-07-23T02:17:10.147+0000] {taskinstance.py:2612} INFO - Dependencies all met for dep_context=non-requeueable deps ti=<TaskInstance: lakehouse_full_compaction_pipeline.execute_optimize scheduled__2026-07-12T01:00:00+00:00 map_index=5 [queued]>
[2026-07-23T02:17:10.157+0000] {taskinstance.py:2612} INFO - Dependencies all met for dep_context=requeueable deps ti=<TaskInstance: lakehouse_full_compaction_pipeline.execute_optimize scheduled__2026-07-12T01:00:00+00:00 map_index=5 [queued]>
[2026-07-23T02:17:10.159+0000] {taskinstance.py:2865} INFO - Starting attempt 1 of 4
[2026-07-23T02:17:10.170+0000] {taskinstance.py:2888} INFO - Executing <Mapped(_PythonDecoratedOperator): execute_optimize> on 2026-07-12 01:00:00+00:00
[2026-07-23T02:17:10.177+0000] {standard_task_runner.py:72} INFO - Started process 3684 to run task
[2026-07-23T02:17:10.181+0000] {standard_task_runner.py:104} INFO - Running: ['airflow', 'tasks', 'run', 'lakehouse_full_compaction_pipeline', 'execute_optimize', 'scheduled__2026-07-12T01:00:00+00:00', '--job-id', '35', '--raw', '--subdir', 'DAGS_FOLDER/lakehouse_incremental_compaction_dag.py', '--cfg-path', '/tmp/tmp8nio_n0t', '--map-index', '5']
[2026-07-23T02:17:10.184+0000] {standard_task_runner.py:105} INFO - Job 35: Subtask execute_optimize
[2026-07-23T02:17:10.286+0000] {task_command.py:467} INFO - Running <TaskInstance: lakehouse_full_compaction_pipeline.execute_optimize scheduled__2026-07-12T01:00:00+00:00 map_index=5 [running]> on host d0280eba3cdf
[2026-07-23T02:17:10.529+0000] {taskinstance.py:3131} INFO - Exporting env vars: AIRFLOW_CTX_DAG_OWNER='airflow' AIRFLOW_CTX_DAG_ID='lakehouse_full_compaction_pipeline' AIRFLOW_CTX_TASK_ID='execute_optimize' AIRFLOW_CTX_EXECUTION_DATE='2026-07-12T01:00:00+00:00' AIRFLOW_CTX_TRY_NUMBER='1' AIRFLOW_CTX_DAG_RUN_ID='scheduled__2026-07-12T01:00:00+00:00'
[2026-07-23T02:17:10.530+0000] {taskinstance.py:731} INFO - ::endgroup::
[2026-07-23T02:17:10.533+0000] {lakehouse_incremental_compaction_dag.py:123} INFO - Đang thực thi: ALTER TABLE lakehouse.gold.dim_issues EXECUTE optimize
[2026-07-23T02:17:10.534+0000] {base.py:84} INFO - Retrieving connection 'trino_default'
[2026-07-23T02:17:10.535+0000] {base.py:84} INFO - Retrieving connection 'trino_default'
[2026-07-23T02:17:10.539+0000] {sql.py:509} INFO - Running statement: ALTER TABLE lakehouse.gold.dim_issues EXECUTE optimize, parameters: None
[2026-07-23T02:17:10.781+0000] {python.py:240} INFO - Done. Returned value was: {'table': 'lakehouse.gold.dim_issues', 'layer': 'gold', 'strategy': 'full_scan', 'retention_days': '14d'}
[2026-07-23T02:17:10.854+0000] {taskinstance.py:340} INFO - ::group::Post task execution logs
[2026-07-23T02:17:10.856+0000] {taskinstance.py:352} INFO - Marking task as SUCCESS. dag_id=lakehouse_full_compaction_pipeline, task_id=execute_optimize, run_id=scheduled__2026-07-12T01:00:00+00:00, map_index=5, execution_date=20260712T010000, start_date=20260723T021710, end_date=20260723T021710
[2026-07-23T02:17:10.918+0000] {local_task_job_runner.py:266} INFO - Task exited with return code 0
[2026-07-23T02:17:10.936+0000] {taskinstance.py:3900} INFO - 0 downstream tasks scheduled from follow-on schedule check
[2026-07-23T02:17:10.940+0000] {local_task_job_runner.py:245} INFO - ::endgroup::
[2026-07-23T03:07:32.332+0000] {local_task_job_runner.py:123} INFO - ::group::Pre task execution logs
[2026-07-23T03:07:32.360+0000] {taskinstance.py:2612} INFO - Dependencies all met for dep_context=non-requeueable deps ti=<TaskInstance: lakehouse_full_compaction_pipeline.execute_optimize scheduled__2026-07-12T01:00:00+00:00 map_index=5 [queued]>
[2026-07-23T03:07:32.376+0000] {taskinstance.py:2612} INFO - Dependencies all met for dep_context=requeueable deps ti=<TaskInstance: lakehouse_full_compaction_pipeline.execute_optimize scheduled__2026-07-12T01:00:00+00:00 map_index=5 [queued]>
[2026-07-23T03:07:32.378+0000] {taskinstance.py:2865} INFO - Starting attempt 1 of 4
[2026-07-23T03:07:32.393+0000] {taskinstance.py:2888} INFO - Executing <Mapped(_PythonDecoratedOperator): execute_optimize> on 2026-07-12 01:00:00+00:00
[2026-07-23T03:07:32.398+0000] {standard_task_runner.py:72} INFO - Started process 2281 to run task
[2026-07-23T03:07:32.402+0000] {standard_task_runner.py:104} INFO - Running: ['airflow', 'tasks', 'run', 'lakehouse_full_compaction_pipeline', 'execute_optimize', 'scheduled__2026-07-12T01:00:00+00:00', '--job-id', '35', '--raw', '--subdir', 'DAGS_FOLDER/lakehouse_incremental_compaction_dag.py', '--cfg-path', '/tmp/tmpfe65wejg', '--map-index', '5']
[2026-07-23T03:07:32.405+0000] {standard_task_runner.py:105} INFO - Job 35: Subtask execute_optimize
[2026-07-23T03:07:32.520+0000] {task_command.py:467} INFO - Running <TaskInstance: lakehouse_full_compaction_pipeline.execute_optimize scheduled__2026-07-12T01:00:00+00:00 map_index=5 [running]> on host b3f56365d5f7
[2026-07-23T03:07:32.765+0000] {taskinstance.py:3131} INFO - Exporting env vars: AIRFLOW_CTX_DAG_OWNER='airflow' AIRFLOW_CTX_DAG_ID='lakehouse_full_compaction_pipeline' AIRFLOW_CTX_TASK_ID='execute_optimize' AIRFLOW_CTX_EXECUTION_DATE='2026-07-12T01:00:00+00:00' AIRFLOW_CTX_TRY_NUMBER='1' AIRFLOW_CTX_DAG_RUN_ID='scheduled__2026-07-12T01:00:00+00:00'
[2026-07-23T03:07:32.767+0000] {taskinstance.py:731} INFO - ::endgroup::
[2026-07-23T03:07:32.771+0000] {lakehouse_incremental_compaction_dag.py:126} INFO - ==================================================
[2026-07-23T03:07:32.772+0000] {lakehouse_incremental_compaction_dag.py:127} INFO - 🚀 BẮT ĐẦU OPTIMIZE: lakehouse.gold.dim_issues
[2026-07-23T03:07:32.774+0000] {lakehouse_incremental_compaction_dag.py:128} INFO - ⚙️ Chiến lược: full_scan
[2026-07-23T03:07:32.775+0000] {lakehouse_incremental_compaction_dag.py:129} INFO - 📝 DDL: ALTER TABLE lakehouse.gold.dim_issues EXECUTE optimize
[2026-07-23T03:07:32.776+0000] {lakehouse_incremental_compaction_dag.py:130} INFO - ==================================================
[2026-07-23T03:07:32.778+0000] {base.py:84} INFO - Retrieving connection 'trino_default'
[2026-07-23T03:07:32.779+0000] {base.py:84} INFO - Retrieving connection 'trino_default'
[2026-07-23T03:07:32.782+0000] {sql.py:509} INFO - Running statement: ALTER TABLE lakehouse.gold.dim_issues EXECUTE optimize, parameters: None
[2026-07-23T03:07:32.944+0000] {lakehouse_incremental_compaction_dag.py:139} INFO - ✅ Hoàn thành truy vấn trong 0.17 giây.
[2026-07-23T03:07:32.946+0000] {lakehouse_incremental_compaction_dag.py:151} INFO - ℹ️ KẾT QUẢ: Không có dữ liệu trả về hoặc không có file nào được tác động.
[2026-07-23T03:07:32.948+0000] {lakehouse_incremental_compaction_dag.py:159} INFO - 🏁 Đã bảo trì xong metadata cho lakehouse.gold.dim_issues.
[2026-07-23T03:07:32.952+0000] {python.py:240} INFO - Done. Returned value was: {'table': 'lakehouse.gold.dim_issues', 'layer': 'gold', 'strategy': 'full_scan', 'retention_days': '14d'}
[2026-07-23T03:07:33.015+0000] {taskinstance.py:340} INFO - ::group::Post task execution logs
[2026-07-23T03:07:33.017+0000] {taskinstance.py:352} INFO - Marking task as SUCCESS. dag_id=lakehouse_full_compaction_pipeline, task_id=execute_optimize, run_id=scheduled__2026-07-12T01:00:00+00:00, map_index=5, execution_date=20260712T010000, start_date=20260723T030732, end_date=20260723T030733
[2026-07-23T03:07:33.061+0000] {local_task_job_runner.py:266} INFO - Task exited with return code 0
[2026-07-23T03:07:33.080+0000] {local_task_job_runner.py:245} INFO - ::endgroup::
