[2026-08-05T06:31:11.662+0000] {local_task_job_runner.py:123} INFO - ::group::Pre task execution logs
[2026-08-05T06:31:11.692+0000] {taskinstance.py:2612} INFO - Dependencies all met for dep_context=non-requeueable deps ti=<TaskInstance: logistics_orders_full_load.extract_and_upload_city_full manual__2026-08-05T06:31:06.883902+00:00 map_index=0 [queued]>
[2026-08-05T06:31:11.702+0000] {taskinstance.py:2612} INFO - Dependencies all met for dep_context=requeueable deps ti=<TaskInstance: logistics_orders_full_load.extract_and_upload_city_full manual__2026-08-05T06:31:06.883902+00:00 map_index=0 [queued]>
[2026-08-05T06:31:11.706+0000] {taskinstance.py:2865} INFO - Starting attempt 1 of 1
[2026-08-05T06:31:11.718+0000] {taskinstance.py:2888} INFO - Executing <Mapped(_PythonDecoratedOperator): extract_and_upload_city_full> on 2026-08-05 06:31:06.883902+00:00
[2026-08-05T06:31:11.726+0000] {standard_task_runner.py:72} INFO - Started process 1385 to run task
[2026-08-05T06:31:11.733+0000] {standard_task_runner.py:104} INFO - Running: ['airflow', 'tasks', 'run', 'logistics_orders_full_load', 'extract_and_upload_city_full', 'manual__2026-08-05T06:31:06.883902+00:00', '--job-id', '6', '--raw', '--subdir', 'DAGS_FOLDER/logistics_full_load.py', '--cfg-path', '/tmp/tmpladniwx4', '--map-index', '0']
[2026-08-05T06:31:11.735+0000] {standard_task_runner.py:105} INFO - Job 6: Subtask extract_and_upload_city_full
[2026-08-05T06:31:11.843+0000] {task_command.py:467} INFO - Running <TaskInstance: logistics_orders_full_load.extract_and_upload_city_full manual__2026-08-05T06:31:06.883902+00:00 map_index=0 [running]> on host d576d9cb631e
[2026-08-05T06:31:11.967+0000] {taskinstance.py:3131} INFO - Exporting env vars: AIRFLOW_CTX_DAG_OWNER='airflow' AIRFLOW_CTX_DAG_ID='logistics_orders_full_load' AIRFLOW_CTX_TASK_ID='extract_and_upload_city_full' AIRFLOW_CTX_EXECUTION_DATE='2026-08-05T06:31:06.883902+00:00' AIRFLOW_CTX_TRY_NUMBER='1' AIRFLOW_CTX_DAG_RUN_ID='manual__2026-08-05T06:31:06.883902+00:00'
[2026-08-05T06:31:11.969+0000] {taskinstance.py:731} INFO - ::endgroup::
[2026-08-05T06:31:11.978+0000] {orders_api_client.py:92} INFO - Khởi tạo luồng kéo dữ liệu Batch cho city_id: SGN
[2026-08-05T06:31:17.494+0000] {orders_api_client.py:97} INFO - ✅ HOÀN TẤT: Đã lấy 10000 bản ghi từ Batch API.
[2026-08-05T06:31:18.165+0000] {minio_loader.py:139} INFO - 📤 Đang upload full_2026-08-05_sgn_orders.json lên s3://lakehouse/landing/logistics_orders/run_date=2026-08-05/full_2026-08-05_sgn_orders.json
[2026-08-05T06:31:18.168+0000] {crypto.py:82} WARNING - empty cryptography key - values will not be stored encrypted.
[2026-08-05T06:31:18.169+0000] {base.py:84} INFO - Retrieving connection 'minio_default'
[2026-08-05T06:31:18.171+0000] {connection_wrapper.py:388} INFO - AWS Connection (conn_id='minio_default', conn_type='aws') credentials retrieved from login and ***.
[2026-08-05T06:31:18.687+0000] {python.py:240} INFO - Done. Returned value was: 10000
[2026-08-05T06:31:18.718+0000] {taskinstance.py:340} INFO - ::group::Post task execution logs
[2026-08-05T06:31:18.720+0000] {taskinstance.py:352} INFO - Marking task as SUCCESS. dag_id=logistics_orders_full_load, task_id=extract_and_upload_city_full, run_id=manual__2026-08-05T06:31:06.883902+00:00, map_index=0, execution_date=20260805T063106, start_date=20260805T063111, end_date=20260805T063118
[2026-08-05T06:31:18.745+0000] {local_task_job_runner.py:266} INFO - Task exited with return code 0
[2026-08-05T06:31:18.778+0000] {taskinstance.py:3900} INFO - 1 downstream tasks scheduled from follow-on schedule check
[2026-08-05T06:31:18.783+0000] {local_task_job_runner.py:245} INFO - ::endgroup::
