[2026-08-11T09:17:51.717+0000] {local_task_job_runner.py:123} INFO - ::group::Pre task execution logs
[2026-08-11T09:17:51.746+0000] {taskinstance.py:2612} INFO - Dependencies all met for dep_context=non-requeueable deps ti=<TaskInstance: logistics_orders_full_load.full_load_stream_to_bronze manual__2026-08-11T09:14:38.931486+00:00 [queued]>
[2026-08-11T09:17:51.763+0000] {taskinstance.py:2612} INFO - Dependencies all met for dep_context=requeueable deps ti=<TaskInstance: logistics_orders_full_load.full_load_stream_to_bronze manual__2026-08-11T09:14:38.931486+00:00 [queued]>
[2026-08-11T09:17:51.767+0000] {taskinstance.py:2865} INFO - Starting attempt 1 of 1
[2026-08-11T09:17:51.788+0000] {taskinstance.py:2888} INFO - Executing <Task(_PythonDecoratedOperator): full_load_stream_to_bronze> on 2026-08-11 09:14:38.931486+00:00
[2026-08-11T09:17:51.799+0000] {standard_task_runner.py:72} INFO - Started process 2429 to run task
[2026-08-11T09:17:51.808+0000] {standard_task_runner.py:104} INFO - Running: ['airflow', 'tasks', 'run', 'logistics_orders_full_load', 'full_load_stream_to_bronze', 'manual__2026-08-11T09:14:38.931486+00:00', '--job-id', '9', '--raw', '--subdir', 'DAGS_FOLDER/logistics_full_load.py', '--cfg-path', '/tmp/tmp5owce4ng']
[2026-08-11T09:17:51.814+0000] {standard_task_runner.py:105} INFO - Job 9: Subtask full_load_stream_to_bronze
[2026-08-11T09:17:51.928+0000] {task_command.py:467} INFO - Running <TaskInstance: logistics_orders_full_load.full_load_stream_to_bronze manual__2026-08-11T09:14:38.931486+00:00 [running]> on host b92e7356d1ec
[2026-08-11T09:17:52.146+0000] {taskinstance.py:3131} INFO - Exporting env vars: AIRFLOW_CTX_DAG_OWNER='airflow' AIRFLOW_CTX_DAG_ID='logistics_orders_full_load' AIRFLOW_CTX_TASK_ID='full_load_stream_to_bronze' AIRFLOW_CTX_EXECUTION_DATE='2026-08-11T09:14:38.931486+00:00' AIRFLOW_CTX_TRY_NUMBER='1' AIRFLOW_CTX_DAG_RUN_ID='manual__2026-08-11T09:14:38.931486+00:00'
[2026-08-11T09:17:52.148+0000] {taskinstance.py:731} INFO - ::endgroup::
[2026-08-11T09:17:52.154+0000] {crypto.py:82} WARNING - empty cryptography key - values will not be stored encrypted.
[2026-08-11T09:17:52.157+0000] {base.py:84} INFO - Retrieving connection 'minio_default'
[2026-08-11T09:17:52.159+0000] {base.py:84} INFO - Retrieving connection 'nessie_api_default'
[2026-08-11T09:17:53.838+0000] {duckdb_api_to_bronze.py:69} INFO - Đã khởi tạo DuckDB và PyIceberg Catalog trên nhánh 'main'.
[2026-08-11T09:17:53.840+0000] {duckdb_api_to_bronze.py:167} INFO - Bắt đầu chế độ STREAMING cho ngày: 2026-08-11 (Chunk Size: 250000)
[2026-08-11T09:17:53.891+0000] {__init__.py:331} INFO - Loaded FileIO: pyiceberg.io.fsspec.FsspecFileIO
[2026-08-11T09:17:53.894+0000] {duckdb_api_to_bronze.py:124} INFO - ⏩ [Append] Bỏ qua bước dọn dẹp, tiến hành cộng dồn dữ liệu.
[2026-08-11T09:18:07.699+0000] {duckdb_api_to_bronze.py:192} INFO - -> Đã ghi thành công chunk #1 (200,000 dòng) vào Iceberg.
[2026-08-11T09:18:07.702+0000] {duckdb_api_to_bronze.py:194} INFO - ✅ Hoàn tất (Stream): Đã nạp 200,000 dòng vào bronze.raw_orders.
[2026-08-11T09:18:07.770+0000] {duckdb_api_to_bronze.py:219} INFO - Đã đóng kết nối DuckDB an toàn.
[2026-08-11T09:18:07.772+0000] {python.py:240} INFO - Done. Returned value was: {'inserted_run_id': 'manual__2026-08-11T09:14:38.931486+00:00', 'total_extracted_rows': 200000, 'total_inserted_rows': 200000}
[2026-08-11T09:18:07.845+0000] {taskinstance.py:340} INFO - ::group::Post task execution logs
[2026-08-11T09:18:07.847+0000] {taskinstance.py:352} INFO - Marking task as SUCCESS. dag_id=logistics_orders_full_load, task_id=full_load_stream_to_bronze, run_id=manual__2026-08-11T09:14:38.931486+00:00, execution_date=20260811T091438, start_date=20260811T091751, end_date=20260811T091807
[2026-08-11T09:18:07.920+0000] {local_task_job_runner.py:266} INFO - Task exited with return code 0
[2026-08-11T09:18:07.970+0000] {taskinstance.py:3900} INFO - 1 downstream tasks scheduled from follow-on schedule check
[2026-08-11T09:18:07.974+0000] {local_task_job_runner.py:245} INFO - ::endgroup::
