[2026-08-14T15:48:28.739+0000] {local_task_job_runner.py:123} INFO - ::group::Pre task execution logs
[2026-08-14T15:48:28.760+0000] {taskinstance.py:2612} INFO - Dependencies all met for dep_context=non-requeueable deps ti=<TaskInstance: dbt_gold_full_load.transform_gold.dim_user.run manual__2026-08-14T15:47:12.440588+00:00 [queued]>
[2026-08-14T15:48:28.777+0000] {taskinstance.py:2612} INFO - Dependencies all met for dep_context=requeueable deps ti=<TaskInstance: dbt_gold_full_load.transform_gold.dim_user.run manual__2026-08-14T15:47:12.440588+00:00 [queued]>
[2026-08-14T15:48:28.784+0000] {taskinstance.py:2865} INFO - Starting attempt 1 of 2
[2026-08-14T15:48:28.801+0000] {taskinstance.py:2888} INFO - Executing <Task(DbtRunLocalOperator): transform_gold.dim_user.run> on 2026-08-14 15:47:12.440588+00:00
[2026-08-14T15:48:28.811+0000] {standard_task_runner.py:72} INFO - Started process 436 to run task
[2026-08-14T15:48:28.818+0000] {standard_task_runner.py:104} INFO - Running: ['airflow', 'tasks', 'run', 'dbt_gold_full_load', 'transform_gold.dim_user.run', 'manual__2026-08-14T15:47:12.440588+00:00', '--job-id', '241', '--raw', '--subdir', 'DAGS_FOLDER/dbt_gold.py', '--cfg-path', '/tmp/tmpp088uvo3']
[2026-08-14T15:48:28.821+0000] {standard_task_runner.py:105} INFO - Job 241: Subtask transform_gold.dim_user.run
[2026-08-14T15:48:28.944+0000] {task_command.py:467} INFO - Running <TaskInstance: dbt_gold_full_load.transform_gold.dim_user.run manual__2026-08-14T15:47:12.440588+00:00 [running]> on host 4a852612b921
[2026-08-14T15:48:29.080+0000] {taskinstance.py:3131} INFO - Exporting env vars: AIRFLOW_CTX_DAG_OWNER='data-platform-team' AIRFLOW_CTX_DAG_ID='dbt_gold_full_load' AIRFLOW_CTX_TASK_ID='transform_gold.dim_user.run' AIRFLOW_CTX_EXECUTION_DATE='2026-08-14T15:47:12.440588+00:00' AIRFLOW_CTX_TRY_NUMBER='1' AIRFLOW_CTX_DAG_RUN_ID='manual__2026-08-14T15:47:12.440588+00:00'
[2026-08-14T15:48:29.084+0000] {taskinstance.py:731} INFO - ::endgroup::
[2026-08-14T15:48:29.089+0000] {local.py:294} INFO - dbtRunner is available. Using dbtRunner for invoking dbt.
[2026-08-14T15:48:29.091+0000] {local.py:518} INFO - Cloning project to writable temp directory /tmp/tmpkn2omjlm from /opt/airflow/dbt_transform
[2026-08-14T15:48:29.106+0000] {local.py:538} INFO - Partial parse is enabled and the latest partial parse file is /tmp/cosmos/dbt_gold_full_load__transform_gold/target/partial_parse.msgpack
[2026-08-14T15:48:29.130+0000] {config.py:395} INFO - Using user-supplied profiles.yml at /opt/airflow/dbt_transform/profiles.yml
[2026-08-14T15:48:29.151+0000] {runner.py:95} INFO - Trying to run dbtRunner with:
 ['deps', '--project-dir', '/tmp/tmpkn2omjlm', '--profiles-dir', '/opt/airflow/dbt_transform', '--profile', 'lakehouse_dbt', '--target', 'dev', '--no-static-parser']
 in /tmp/tmpkn2omjlm
[2026-08-14T15:48:29.203+0000] {logging_mixin.py:190} INFO - 15:48:29  Running with dbt=1.8.8
[2026-08-14T15:48:29.317+0000] {logging_mixin.py:190} INFO - 15:48:29  Installing dbt-labs/dbt_utils
[2026-08-14T15:48:29.848+0000] {logging_mixin.py:190} INFO - 15:48:29  Installed from version 1.3.0
[2026-08-14T15:48:29.850+0000] {logging_mixin.py:190} INFO - 15:48:29  Updated version available: 1.4.1
[2026-08-14T15:48:29.858+0000] {logging_mixin.py:190} INFO - 15:48:29  Installing metaplane/dbt_expectations
[2026-08-14T15:48:32.426+0000] {logging_mixin.py:190} INFO - 15:48:32  Installed from version 0.10.8
[2026-08-14T15:48:32.431+0000] {logging_mixin.py:190} INFO - 15:48:32  Updated version available: 0.10.10
[2026-08-14T15:48:32.435+0000] {logging_mixin.py:190} INFO - 15:48:32  Installing godatadriven/dbt_date
[2026-08-14T15:48:32.952+0000] {logging_mixin.py:190} INFO - 15:48:32  Installed from version 0.15.0
[2026-08-14T15:48:32.957+0000] {logging_mixin.py:190} INFO - 15:48:32  Up to date!
[2026-08-14T15:48:32.960+0000] {logging_mixin.py:190} INFO - 15:48:32
[2026-08-14T15:48:32.962+0000] {logging_mixin.py:190} INFO - 15:48:32  Updates available for packages: ['dbt-labs/dbt_utils', 'metaplane/dbt_expectations']                 
Update your versions in packages.yml, then run dbt deps
[2026-08-14T15:48:34.247+0000] {runner.py:95} INFO - Trying to run dbtRunner with:
 ['run', '--select', 'fqn:logistics_transformation.marts.dim_user', '--full-refresh', '--project-dir', '/tmp/tmpkn2omjlm', '--profiles-dir', '/opt/airflow/dbt_transform', '--profile', 'lakehouse_dbt', '--target', 'dev', '--no-static-parser']
 in /tmp/tmpkn2omjlm
[2026-08-14T15:48:34.283+0000] {logging_mixin.py:190} INFO - 15:48:34  Running with dbt=1.8.8
[2026-08-14T15:48:34.387+0000] {logging_mixin.py:190} INFO - 15:48:34  Registered adapter: trino=1.8.5
[2026-08-14T15:48:34.480+0000] {logging_mixin.py:190} INFO - 15:48:34  Unable to do partial parsing because config vars, config profile, or config target have changed
[2026-08-14T15:48:39.291+0000] {logging_mixin.py:190} INFO - 15:48:39  Found 11 models, 36 data tests, 1 source, 839 macros
[2026-08-14T15:48:39.306+0000] {logging_mixin.py:190} INFO - 15:48:39
[2026-08-14T15:48:39.359+0000] {logging_mixin.py:190} INFO - 15:48:39  [WARNING]: SSL certificate validation is disabled by default. It is legacy behavior which will be changed in future releases. It is strongly advised to enable `require_certificate_validation` flag or explicitly set `cert` configuration to `True` for security reasons. You may receive an error after that if your SSL setup is incorrect.
You may opt into the new behavior sooner by setting `flags.require_certificate_validation` to `True` in `dbt_project.yml`.
Visit https://docs.getdbt.com/reference/global-configs/behavior-changes for more information.
[2026-08-14T15:48:46.536+0000] {logging_mixin.py:190} INFO - 15:48:46  Concurrency: 1 threads (target='dev')
[2026-08-14T15:48:46.543+0000] {logging_mixin.py:190} INFO - 15:48:46
[2026-08-14T15:48:46.565+0000] {logging_mixin.py:190} INFO - 15:48:46  1 of 1 START sql incremental model gold.dim_user ............................... [RUN]
[2026-08-14T15:48:47.603+0000] {logging_mixin.py:190} INFO - 15:48:47  1 of 1 ERROR creating sql incremental model gold.dim_user ...................... [ERROR in 1.01s]
[2026-08-14T15:48:47.621+0000] {logging_mixin.py:190} INFO - 15:48:47
[2026-08-14T15:48:47.628+0000] {logging_mixin.py:190} INFO - 15:48:47  Finished running 1 incremental model in 0 hours 0 minutes and 8.31 seconds (8.31s).
[2026-08-14T15:48:47.809+0000] {logging_mixin.py:190} INFO - 15:48:47
[2026-08-14T15:48:47.814+0000] {logging_mixin.py:190} INFO - 15:48:47  Completed with 1 error and 0 warnings:
[2026-08-14T15:48:47.816+0000] {logging_mixin.py:190} INFO - 15:48:47
[2026-08-14T15:48:47.818+0000] {logging_mixin.py:190} INFO - 15:48:47    Database Error in model dim_user (models/marts/dim_user.sql)
  TrinoUserError(type=USER_ERROR, name=TABLE_NOT_FOUND, message="line 20:10: Table 'lakehouse.silver.stg_orders' does not exist", query_id=20260814_154846_00016_tnnk6)
  compiled code at target/run/logistics_transformation/models/marts/dim_user.sql
[2026-08-14T15:48:47.820+0000] {logging_mixin.py:190} INFO - 15:48:47
[2026-08-14T15:48:47.823+0000] {logging_mixin.py:190} INFO - 15:48:47  Done. PASS=0 WARN=0 ERROR=1 SKIP=0 TOTAL=1
[2026-08-14T15:48:49.357+0000] {local.py:196} WARNING - Artifact schema version: https://schemas.getdbt.com/dbt/manifest/v12.json is above dbt-ol supported version 7. This might cause errors.
[2026-08-14T15:48:49.376+0000] {local.py:594} INFO - Inlets: []
[2026-08-14T15:48:49.386+0000] {local.py:595} INFO - Outlets: []
[2026-08-14T15:48:49.388+0000] {local.py:886} INFO - Assigning inlets/outlets with DatasetAlias in Airflow 2
[2026-08-14T15:48:49.515+0000] {taskinstance.py:3310} ERROR - Task failed with exception
Traceback (most recent call last):
  File "/home/airflow/.local/lib/python3.10/site-packages/airflow/models/taskinstance.py", line 767, in _execute_task
    result = _execute_callable(context=context, **execute_callable_kwargs)
  File "/home/airflow/.local/lib/python3.10/site-packages/airflow/models/taskinstance.py", line 733, in _execute_callable
    return ExecutionCallableRunner(
  File "/home/airflow/.local/lib/python3.10/site-packages/airflow/utils/operator_helpers.py", line 252, in run
    return self.func(*args, **kwargs)
  File "/home/airflow/.local/lib/python3.10/site-packages/cosmos/operators/base.py", line 346, in execute
    self.build_and_run_cmd(context=context, cmd_flags=self.add_cmd_flags(), **kwargs)
  File "/home/airflow/.local/lib/python3.10/site-packages/cosmos/operators/local.py", line 968, in build_and_run_cmd
    result = self.run_command(
  File "/home/airflow/.local/lib/python3.10/site-packages/cosmos/operators/local.py", line 743, in run_command
    self.handle_exception(result)
  File "/home/airflow/.local/lib/python3.10/site-packages/cosmos/operators/local.py", line 308, in handle_exception_dbt_runner
    return dbt_runner.handle_exception_if_needed(result)
  File "/home/airflow/.local/lib/python3.10/site-packages/cosmos/dbt/runner.py", line 156, in handle_exception_if_needed
    raise CosmosDbtRunError(f"dbt invocation completed with errors: {error_message}")
cosmos.exceptions.CosmosDbtRunError: dbt invocation completed with errors: dim_user: Database Error in model dim_user (models/marts/dim_user.sql)
  TrinoUserError(type=USER_ERROR, name=TABLE_NOT_FOUND, message="line 20:10: Table 'lakehouse.silver.stg_orders' does not exist", query_id=20260814_154846_00016_tnnk6)
  compiled code at target/run/logistics_transformation/models/marts/dim_user.sql
[2026-08-14T15:48:50.377+0000] {_client.py:1026} INFO - HTTP Request: GET https://astronomer.gateway.scarf.sh/astronomer-cosmos/v3/task_instance?cosmos_version=1.15.0&airflow_version=2.10.2&python_version=3.10.15&platform_system=Linux&platform_machine=x86_64&status=failed&operator_name=DbtRunLocalOperator&is_cosmos_operator_subclass=False&invocation_mode=dbt_runner&execution_mode=local&profile_strategy=yaml_file&profile_mapping_class=None&database=trino&is_mapped_task=False&dbt_command=run&install_deps=True&has_callback=False&duration=20.781398 "HTTP/1.1 200 OK"
[2026-08-14T15:48:50.383+0000] {taskinstance.py:1225} INFO - Marking task as UP_FOR_RETRY. dag_id=dbt_gold_full_load, task_id=transform_gold.dim_user.run, run_id=manual__2026-08-14T15:47:12.440588+00:00, execution_date=20260814T154712, start_date=20260814T154828, end_date=20260814T154849
[2026-08-14T15:48:50.447+0000] {taskinstance.py:340} INFO - ::group::Post task execution logs
[2026-08-14T15:48:50.454+0000] {standard_task_runner.py:124} ERROR - Failed to execute job 241 for task transform_gold.dim_user.run (dbt invocation completed with errors: dim_user: Database Error in model dim_user (models/marts/dim_user.sql)
  TrinoUserError(type=USER_ERROR, name=TABLE_NOT_FOUND, message="line 20:10: Table 'lakehouse.silver.stg_orders' does not exist", query_id=20260814_154846_00016_tnnk6)
  compiled code at target/run/logistics_transformation/models/marts/dim_user.sql; 436)
Traceback (most recent call last):
  File "/home/airflow/.local/lib/python3.10/site-packages/airflow/task/task_runner/standard_task_runner.py", line 117, in _start_by_fork
    ret = args.func(args, dag=self.dag)
  File "/home/airflow/.local/lib/python3.10/site-packages/airflow/cli/cli_config.py", line 49, in command
    return func(*args, **kwargs)
  File "/home/airflow/.local/lib/python3.10/site-packages/airflow/utils/cli.py", line 115, in wrapper
    return f(*args, **kwargs)
  File "/home/airflow/.local/lib/python3.10/site-packages/airflow/cli/commands/task_command.py", line 483, in task_run
    task_return_code = _run_task_by_selected_method(args, _dag, ti)
  File "/home/airflow/.local/lib/python3.10/site-packages/airflow/cli/commands/task_command.py", line 256, in _run_task_by_selected_method
    return _run_raw_task(args, ti)
  File "/home/airflow/.local/lib/python3.10/site-packages/airflow/cli/commands/task_command.py", line 341, in _run_raw_task
    return ti._run_raw_task(
  File "/home/airflow/.local/lib/python3.10/site-packages/airflow/utils/session.py", line 97, in wrapper
    return func(*args, session=session, **kwargs)
  File "/home/airflow/.local/lib/python3.10/site-packages/airflow/models/taskinstance.py", line 3004, in _run_raw_task
    return _run_raw_task(
  File "/home/airflow/.local/lib/python3.10/site-packages/airflow/models/taskinstance.py", line 273, in _run_raw_task
    TaskInstance._execute_task_with_callbacks(
  File "/home/airflow/.local/lib/python3.10/site-packages/airflow/models/taskinstance.py", line 3158, in _execute_task_with_callbacks
    result = self._execute_task(context, task_orig)
  File "/home/airflow/.local/lib/python3.10/site-packages/airflow/models/taskinstance.py", line 3182, in _execute_task
    return _execute_task(self, context, task_orig)
  File "/home/airflow/.local/lib/python3.10/site-packages/airflow/models/taskinstance.py", line 767, in _execute_task
    result = _execute_callable(context=context, **execute_callable_kwargs)
  File "/home/airflow/.local/lib/python3.10/site-packages/airflow/models/taskinstance.py", line 733, in _execute_callable
    return ExecutionCallableRunner(
  File "/home/airflow/.local/lib/python3.10/site-packages/airflow/utils/operator_helpers.py", line 252, in run
    return self.func(*args, **kwargs)
  File "/home/airflow/.local/lib/python3.10/site-packages/cosmos/operators/base.py", line 346, in execute
    self.build_and_run_cmd(context=context, cmd_flags=self.add_cmd_flags(), **kwargs)
  File "/home/airflow/.local/lib/python3.10/site-packages/cosmos/operators/local.py", line 968, in build_and_run_cmd
    result = self.run_command(
  File "/home/airflow/.local/lib/python3.10/site-packages/cosmos/operators/local.py", line 743, in run_command
    self.handle_exception(result)
  File "/home/airflow/.local/lib/python3.10/site-packages/cosmos/operators/local.py", line 308, in handle_exception_dbt_runner
    return dbt_runner.handle_exception_if_needed(result)
  File "/home/airflow/.local/lib/python3.10/site-packages/cosmos/dbt/runner.py", line 156, in handle_exception_if_needed
    raise CosmosDbtRunError(f"dbt invocation completed with errors: {error_message}")
cosmos.exceptions.CosmosDbtRunError: dbt invocation completed with errors: dim_user: Database Error in model dim_user (models/marts/dim_user.sql)
  TrinoUserError(type=USER_ERROR, name=TABLE_NOT_FOUND, message="line 20:10: Table 'lakehouse.silver.stg_orders' does not exist", query_id=20260814_154846_00016_tnnk6)
  compiled code at target/run/logistics_transformation/models/marts/dim_user.sql
[2026-08-14T15:48:50.557+0000] {local_task_job_runner.py:266} INFO - Task exited with return code 1
[2026-08-14T15:48:50.653+0000] {taskinstance.py:3900} INFO - 0 downstream tasks scheduled from follow-on schedule check
[2026-08-14T15:48:50.660+0000] {local_task_job_runner.py:245} INFO - ::endgroup::
