[2026-07-16T02:16:22.343+0000] {local_task_job_runner.py:123} INFO - ::group::Pre task execution logs
[2026-07-16T02:16:22.361+0000] {taskinstance.py:2612} INFO - Dependencies all met for dep_context=non-requeueable deps ti=<TaskInstance: wap_consumer_complaints_pipeline.audit_rescued_data scheduled__2026-07-15T00:00:00+00:00 [queued]>
[2026-07-16T02:16:22.368+0000] {taskinstance.py:2612} INFO - Dependencies all met for dep_context=requeueable deps ti=<TaskInstance: wap_consumer_complaints_pipeline.audit_rescued_data scheduled__2026-07-15T00:00:00+00:00 [queued]>
[2026-07-16T02:16:22.369+0000] {taskinstance.py:2865} INFO - Starting attempt 2 of 2
[2026-07-16T02:16:22.381+0000] {taskinstance.py:2888} INFO - Executing <Task(_PythonDecoratedOperator): audit_rescued_data> on 2026-07-15 00:00:00+00:00
[2026-07-16T02:16:22.387+0000] {standard_task_runner.py:72} INFO - Started process 1422 to run task
[2026-07-16T02:16:22.390+0000] {standard_task_runner.py:104} INFO - Running: ['airflow', 'tasks', 'run', 'wap_consumer_complaints_pipeline', 'audit_rescued_data', 'scheduled__2026-07-15T00:00:00+00:00', '--job-id', '11', '--raw', '--subdir', 'DAGS_FOLDER/wap_consumer_complaints_pipeline.py', '--cfg-path', '/tmp/tmpvbunu3zl']
[2026-07-16T02:16:22.393+0000] {standard_task_runner.py:105} INFO - Job 11: Subtask audit_rescued_data
[2026-07-16T02:16:22.463+0000] {task_command.py:467} INFO - Running <TaskInstance: wap_consumer_complaints_pipeline.audit_rescued_data scheduled__2026-07-15T00:00:00+00:00 [running]> on host 61ab07fddcad
[2026-07-16T02:16:22.565+0000] {taskinstance.py:3131} INFO - Exporting env vars: AIRFLOW_CTX_DAG_OWNER='data_engineer' AIRFLOW_CTX_DAG_ID='wap_consumer_complaints_pipeline' AIRFLOW_CTX_TASK_ID='audit_rescued_data' AIRFLOW_CTX_EXECUTION_DATE='2026-07-15T00:00:00+00:00' AIRFLOW_CTX_TRY_NUMBER='2' AIRFLOW_CTX_DAG_RUN_ID='scheduled__2026-07-15T00:00:00+00:00'
[2026-07-16T02:16:22.569+0000] {taskinstance.py:731} INFO - ::endgroup::
[2026-07-16T02:16:22.572+0000] {base.py:84} INFO - Retrieving connection 'trino_default'
[2026-07-16T02:16:22.574+0000] {base.py:84} INFO - Retrieving connection 'trino_default'
[2026-07-16T02:16:22.597+0000] {taskinstance.py:3310} ERROR - Task failed with exception
Traceback (most recent call last):
  File "/home/airflow/.local/lib/python3.10/site-packages/airflow/models/taskinstance.py", line 767, in _execute_task
    result = _execute_callable(context=context, **execute_callable_kwargs)
  File "/home/airflow/.local/lib/python3.10/site-packages/airflow/models/taskinstance.py", line 733, in _execute_callable
    return ExecutionCallableRunner(
  File "/home/airflow/.local/lib/python3.10/site-packages/airflow/utils/operator_helpers.py", line 252, in run
    return self.func(*args, **kwargs)
  File "/home/airflow/.local/lib/python3.10/site-packages/airflow/models/baseoperator.py", line 406, in wrapper
    return func(self, *args, **kwargs)
  File "/home/airflow/.local/lib/python3.10/site-packages/airflow/decorators/base.py", line 266, in execute
    return_value = super().execute(context)
  File "/home/airflow/.local/lib/python3.10/site-packages/airflow/models/baseoperator.py", line 406, in wrapper
    return func(self, *args, **kwargs)
  File "/home/airflow/.local/lib/python3.10/site-packages/airflow/operators/python.py", line 238, in execute
    return_value = self.execute_callable()
  File "/home/airflow/.local/lib/python3.10/site-packages/airflow/operators/python.py", line 256, in execute_callable
    return runner.run(*self.op_args, **self.op_kwargs)
  File "/home/airflow/.local/lib/python3.10/site-packages/airflow/utils/operator_helpers.py", line 252, in run
    return self.func(*args, **kwargs)
  File "/opt/airflow/dags/wap_consumer_complaints_pipeline.py", line 233, in audit_rescued_data
    cur.execute(f"SET SESSION {TRINO_CATALOG}.nessie_reference_name = '{env_data['branch_name']}'")
  File "/home/airflow/.local/lib/python3.10/site-packages/trino/dbapi.py", line 589, in execute
    self._iterator = iter(self._query.execute())
  File "/home/airflow/.local/lib/python3.10/site-packages/trino/client.py", line 819, in execute
    self._result.rows += self.fetch()
  File "/home/airflow/.local/lib/python3.10/site-packages/trino/client.py", line 839, in fetch
    status = self._request.process(response)
  File "/home/airflow/.local/lib/python3.10/site-packages/trino/client.py", line 611, in process
    raise self._process_error(response["error"], response.get("id"))
trino.exceptions.TrinoUserError: TrinoUserError(type=USER_ERROR, name=INVALID_SESSION_PROPERTY, message="line 1:47: Session property 'lakehouse.nessie_reference_name' does not exist", query_id=20260716_021622_00010_6trdu)
[2026-07-16T02:16:22.617+0000] {taskinstance.py:1225} INFO - Marking task as FAILED. dag_id=wap_consumer_complaints_pipeline, task_id=audit_rescued_data, run_id=scheduled__2026-07-15T00:00:00+00:00, execution_date=20260715T000000, start_date=20260716T021622, end_date=20260716T021622
[2026-07-16T02:16:22.629+0000] {taskinstance.py:340} INFO - ::group::Post task execution logs
[2026-07-16T02:16:22.631+0000] {standard_task_runner.py:124} ERROR - Failed to execute job 11 for task audit_rescued_data (TrinoUserError(type=USER_ERROR, name=INVALID_SESSION_PROPERTY, message="line 1:47: Session property 'lakehouse.nessie_reference_name' does not exist", query_id=20260716_021622_00010_6trdu); 1422)
Traceback (most recent call last):
  File "/home/airflow/.local/lib/python3.10/site-packages/airflow/task/task_runner/standard_task_runner.py", line 117, in _start_by_fork
    ret = args.func(args, dag=self.dag)
  File "/home/airflow/.local/lib/python3.10/site-packages/airflow/cli/cli_config.py", line 49, in command
    return func(*args, **kwargs)
  File "/home/airflow/.local/lib/python3.10/site-packages/airflow/utils/cli.py", line 115, in wrapper
    return f(*args, **kwargs)
  File "/home/airflow/.local/lib/python3.10/site-packages/airflow/cli/commands/task_command.py", line 483, in task_run
    task_return_code = _run_task_by_selected_method(args, _dag, ti)
  File "/home/airflow/.local/lib/python3.10/site-packages/airflow/cli/commands/task_command.py", line 256, in _run_task_by_selected_method
    return _run_raw_task(args, ti)
  File "/home/airflow/.local/lib/python3.10/site-packages/airflow/cli/commands/task_command.py", line 341, in _run_raw_task
    return ti._run_raw_task(
  File "/home/airflow/.local/lib/python3.10/site-packages/airflow/utils/session.py", line 97, in wrapper
    return func(*args, session=session, **kwargs)
  File "/home/airflow/.local/lib/python3.10/site-packages/airflow/models/taskinstance.py", line 3004, in _run_raw_task
    return _run_raw_task(
  File "/home/airflow/.local/lib/python3.10/site-packages/airflow/models/taskinstance.py", line 273, in _run_raw_task
    TaskInstance._execute_task_with_callbacks(
  File "/home/airflow/.local/lib/python3.10/site-packages/airflow/models/taskinstance.py", line 3158, in _execute_task_with_callbacks
    result = self._execute_task(context, task_orig)
  File "/home/airflow/.local/lib/python3.10/site-packages/airflow/models/taskinstance.py", line 3182, in _execute_task
    return _execute_task(self, context, task_orig)
  File "/home/airflow/.local/lib/python3.10/site-packages/airflow/models/taskinstance.py", line 767, in _execute_task
    result = _execute_callable(context=context, **execute_callable_kwargs)
  File "/home/airflow/.local/lib/python3.10/site-packages/airflow/models/taskinstance.py", line 733, in _execute_callable
    return ExecutionCallableRunner(
  File "/home/airflow/.local/lib/python3.10/site-packages/airflow/utils/operator_helpers.py", line 252, in run
    return self.func(*args, **kwargs)
  File "/home/airflow/.local/lib/python3.10/site-packages/airflow/models/baseoperator.py", line 406, in wrapper
    return func(self, *args, **kwargs)
  File "/home/airflow/.local/lib/python3.10/site-packages/airflow/decorators/base.py", line 266, in execute
    return_value = super().execute(context)
  File "/home/airflow/.local/lib/python3.10/site-packages/airflow/models/baseoperator.py", line 406, in wrapper
    return func(self, *args, **kwargs)
  File "/home/airflow/.local/lib/python3.10/site-packages/airflow/operators/python.py", line 238, in execute
    return_value = self.execute_callable()
  File "/home/airflow/.local/lib/python3.10/site-packages/airflow/operators/python.py", line 256, in execute_callable
    return runner.run(*self.op_args, **self.op_kwargs)
  File "/home/airflow/.local/lib/python3.10/site-packages/airflow/utils/operator_helpers.py", line 252, in run
    return self.func(*args, **kwargs)
  File "/opt/airflow/dags/wap_consumer_complaints_pipeline.py", line 233, in audit_rescued_data
    cur.execute(f"SET SESSION {TRINO_CATALOG}.nessie_reference_name = '{env_data['branch_name']}'")
  File "/home/airflow/.local/lib/python3.10/site-packages/trino/dbapi.py", line 589, in execute
    self._iterator = iter(self._query.execute())
  File "/home/airflow/.local/lib/python3.10/site-packages/trino/client.py", line 819, in execute
    self._result.rows += self.fetch()
  File "/home/airflow/.local/lib/python3.10/site-packages/trino/client.py", line 839, in fetch
    status = self._request.process(response)
  File "/home/airflow/.local/lib/python3.10/site-packages/trino/client.py", line 611, in process
    raise self._process_error(response["error"], response.get("id"))
trino.exceptions.TrinoUserError: TrinoUserError(type=USER_ERROR, name=INVALID_SESSION_PROPERTY, message="line 1:47: Session property 'lakehouse.nessie_reference_name' does not exist", query_id=20260716_021622_00010_6trdu)
[2026-07-16T02:16:22.646+0000] {local_task_job_runner.py:266} INFO - Task exited with return code 1
[2026-07-16T02:16:22.661+0000] {local_task_job_runner.py:245} INFO - ::endgroup::
