[2026-07-16T01:41:12.902+0000] {local_task_job_runner.py:123} INFO - ::group::Pre task execution logs
[2026-07-16T01:41:12.921+0000] {taskinstance.py:2612} INFO - Dependencies all met for dep_context=non-requeueable deps ti=<TaskInstance: wap_consumer_complaints_pipeline.audit_rescued_data scheduled__2026-07-15T00:00:00+00:00 [queued]>
[2026-07-16T01:41:12.932+0000] {taskinstance.py:2612} INFO - Dependencies all met for dep_context=requeueable deps ti=<TaskInstance: wap_consumer_complaints_pipeline.audit_rescued_data scheduled__2026-07-15T00:00:00+00:00 [queued]>
[2026-07-16T01:41:12.933+0000] {taskinstance.py:2865} INFO - Starting attempt 1 of 2
[2026-07-16T01:41:12.945+0000] {taskinstance.py:2888} INFO - Executing <Task(_PythonDecoratedOperator): audit_rescued_data> on 2026-07-15 00:00:00+00:00
[2026-07-16T01:41:12.951+0000] {standard_task_runner.py:72} INFO - Started process 784 to run task
[2026-07-16T01:41:12.955+0000] {standard_task_runner.py:104} INFO - Running: ['airflow', 'tasks', 'run', 'wap_consumer_complaints_pipeline', 'audit_rescued_data', 'scheduled__2026-07-15T00:00:00+00:00', '--job-id', '10', '--raw', '--subdir', 'DAGS_FOLDER/wap_consumer_complaints_pipeline.py', '--cfg-path', '/tmp/tmp_00_sbdl']
[2026-07-16T01:41:12.958+0000] {standard_task_runner.py:105} INFO - Job 10: Subtask audit_rescued_data
[2026-07-16T01:41:13.045+0000] {task_command.py:467} INFO - Running <TaskInstance: wap_consumer_complaints_pipeline.audit_rescued_data scheduled__2026-07-15T00:00:00+00:00 [running]> on host a7c65b19a05f
[2026-07-16T01:41:13.153+0000] {taskinstance.py:3131} INFO - Exporting env vars: AIRFLOW_CTX_DAG_OWNER='data_engineer' AIRFLOW_CTX_DAG_ID='wap_consumer_complaints_pipeline' AIRFLOW_CTX_TASK_ID='audit_rescued_data' AIRFLOW_CTX_EXECUTION_DATE='2026-07-15T00:00:00+00:00' AIRFLOW_CTX_TRY_NUMBER='1' AIRFLOW_CTX_DAG_RUN_ID='scheduled__2026-07-15T00:00:00+00:00'
[2026-07-16T01:41:13.156+0000] {taskinstance.py:731} INFO - ::endgroup::
[2026-07-16T01:41:13.160+0000] {base.py:84} INFO - Retrieving connection 'trino_default'
[2026-07-16T01:41:13.162+0000] {base.py:84} INFO - Retrieving connection 'trino_default'
[2026-07-16T01:41:13.165+0000] {sql.py:509} INFO - Running statement: SELECT COUNT(*) FROM lakehouse.bronze.raw_consumer_complaints 
            FOR VERSION AS OF 'etl_20260715_000000'
            WHERE _run_id = 'scheduled__2026-07-15T00:00:00+00:00' AND _rescued_data IS NOT NULL, parameters: None
[2026-07-16T01:41:13.225+0000] {taskinstance.py:3310} ERROR - Task failed with exception
Traceback (most recent call last):
  File "/home/airflow/.local/lib/python3.10/site-packages/airflow/providers/trino/hooks/trino.py", line 191, in get_first
    return super().get_first(self.strip_sql_string(sql), parameters)
  File "/home/airflow/.local/lib/python3.10/site-packages/airflow/providers/common/sql/hooks/sql.py", line 332, in get_first
    return self.run(sql=sql, parameters=parameters, handler=fetch_one_handler)
  File "/home/airflow/.local/lib/python3.10/site-packages/airflow/providers/common/sql/hooks/sql.py", line 456, in run
    self._run_command(cur, sql_statement, parameters)
  File "/home/airflow/.local/lib/python3.10/site-packages/airflow/providers/common/sql/hooks/sql.py", line 514, in _run_command
    cur.execute(sql_statement)
  File "/home/airflow/.local/lib/python3.10/site-packages/trino/dbapi.py", line 589, in execute
    self._iterator = iter(self._query.execute())
  File "/home/airflow/.local/lib/python3.10/site-packages/trino/client.py", line 819, in execute
    self._result.rows += self.fetch()
  File "/home/airflow/.local/lib/python3.10/site-packages/trino/client.py", line 839, in fetch
    status = self._request.process(response)
  File "/home/airflow/.local/lib/python3.10/site-packages/trino/client.py", line 611, in process
    raise self._process_error(response["error"], response.get("id"))
trino.exceptions.TrinoUserError: TrinoUserError(type=USER_ERROR, name=INVALID_ARGUMENTS, message="Cannot find snapshot with reference name: etl_20260715_000000", query_id=20260716_014113_00010_crwij)

During handling of the above exception, another exception occurred:

Traceback (most recent call last):
  File "/home/airflow/.local/lib/python3.10/site-packages/airflow/models/taskinstance.py", line 767, in _execute_task
    result = _execute_callable(context=context, **execute_callable_kwargs)
  File "/home/airflow/.local/lib/python3.10/site-packages/airflow/models/taskinstance.py", line 733, in _execute_callable
    return ExecutionCallableRunner(
  File "/home/airflow/.local/lib/python3.10/site-packages/airflow/utils/operator_helpers.py", line 252, in run
    return self.func(*args, **kwargs)
  File "/home/airflow/.local/lib/python3.10/site-packages/airflow/models/baseoperator.py", line 406, in wrapper
    return func(self, *args, **kwargs)
  File "/home/airflow/.local/lib/python3.10/site-packages/airflow/decorators/base.py", line 266, in execute
    return_value = super().execute(context)
  File "/home/airflow/.local/lib/python3.10/site-packages/airflow/models/baseoperator.py", line 406, in wrapper
    return func(self, *args, **kwargs)
  File "/home/airflow/.local/lib/python3.10/site-packages/airflow/operators/python.py", line 238, in execute
    return_value = self.execute_callable()
  File "/home/airflow/.local/lib/python3.10/site-packages/airflow/operators/python.py", line 256, in execute_callable
    return runner.run(*self.op_args, **self.op_kwargs)
  File "/home/airflow/.local/lib/python3.10/site-packages/airflow/utils/operator_helpers.py", line 252, in run
    return self.func(*args, **kwargs)
  File "/opt/airflow/dags/wap_consumer_complaints_pipeline.py", line 213, in audit_rescued_data
    records = trino_hook.get_first(audit_sql)
  File "/home/airflow/.local/lib/python3.10/site-packages/airflow/providers/trino/hooks/trino.py", line 193, in get_first
    raise TrinoException(e)
airflow.providers.trino.hooks.trino.TrinoException: TrinoUserError(type=USER_ERROR, name=INVALID_ARGUMENTS, message="Cannot find snapshot with reference name: etl_20260715_000000", query_id=20260716_014113_00010_crwij)
[2026-07-16T01:41:13.252+0000] {taskinstance.py:1225} INFO - Marking task as UP_FOR_RETRY. dag_id=wap_consumer_complaints_pipeline, task_id=audit_rescued_data, run_id=scheduled__2026-07-15T00:00:00+00:00, execution_date=20260715T000000, start_date=20260716T014112, end_date=20260716T014113
[2026-07-16T01:41:13.269+0000] {taskinstance.py:340} INFO - ::group::Post task execution logs
[2026-07-16T01:41:13.271+0000] {standard_task_runner.py:124} ERROR - Failed to execute job 10 for task audit_rescued_data (TrinoUserError(type=USER_ERROR, name=INVALID_ARGUMENTS, message="Cannot find snapshot with reference name: etl_20260715_000000", query_id=20260716_014113_00010_crwij); 784)
Traceback (most recent call last):
  File "/home/airflow/.local/lib/python3.10/site-packages/airflow/providers/trino/hooks/trino.py", line 191, in get_first
    return super().get_first(self.strip_sql_string(sql), parameters)
  File "/home/airflow/.local/lib/python3.10/site-packages/airflow/providers/common/sql/hooks/sql.py", line 332, in get_first
    return self.run(sql=sql, parameters=parameters, handler=fetch_one_handler)
  File "/home/airflow/.local/lib/python3.10/site-packages/airflow/providers/common/sql/hooks/sql.py", line 456, in run
    self._run_command(cur, sql_statement, parameters)
  File "/home/airflow/.local/lib/python3.10/site-packages/airflow/providers/common/sql/hooks/sql.py", line 514, in _run_command
    cur.execute(sql_statement)
  File "/home/airflow/.local/lib/python3.10/site-packages/trino/dbapi.py", line 589, in execute
    self._iterator = iter(self._query.execute())
  File "/home/airflow/.local/lib/python3.10/site-packages/trino/client.py", line 819, in execute
    self._result.rows += self.fetch()
  File "/home/airflow/.local/lib/python3.10/site-packages/trino/client.py", line 839, in fetch
    status = self._request.process(response)
  File "/home/airflow/.local/lib/python3.10/site-packages/trino/client.py", line 611, in process
    raise self._process_error(response["error"], response.get("id"))
trino.exceptions.TrinoUserError: TrinoUserError(type=USER_ERROR, name=INVALID_ARGUMENTS, message="Cannot find snapshot with reference name: etl_20260715_000000", query_id=20260716_014113_00010_crwij)

During handling of the above exception, another exception occurred:

Traceback (most recent call last):
  File "/home/airflow/.local/lib/python3.10/site-packages/airflow/task/task_runner/standard_task_runner.py", line 117, in _start_by_fork
    ret = args.func(args, dag=self.dag)
  File "/home/airflow/.local/lib/python3.10/site-packages/airflow/cli/cli_config.py", line 49, in command
    return func(*args, **kwargs)
  File "/home/airflow/.local/lib/python3.10/site-packages/airflow/utils/cli.py", line 115, in wrapper
    return f(*args, **kwargs)
  File "/home/airflow/.local/lib/python3.10/site-packages/airflow/cli/commands/task_command.py", line 483, in task_run
    task_return_code = _run_task_by_selected_method(args, _dag, ti)
  File "/home/airflow/.local/lib/python3.10/site-packages/airflow/cli/commands/task_command.py", line 256, in _run_task_by_selected_method
    return _run_raw_task(args, ti)
  File "/home/airflow/.local/lib/python3.10/site-packages/airflow/cli/commands/task_command.py", line 341, in _run_raw_task
    return ti._run_raw_task(
  File "/home/airflow/.local/lib/python3.10/site-packages/airflow/utils/session.py", line 97, in wrapper
    return func(*args, session=session, **kwargs)
  File "/home/airflow/.local/lib/python3.10/site-packages/airflow/models/taskinstance.py", line 3004, in _run_raw_task
    return _run_raw_task(
  File "/home/airflow/.local/lib/python3.10/site-packages/airflow/models/taskinstance.py", line 273, in _run_raw_task
    TaskInstance._execute_task_with_callbacks(
  File "/home/airflow/.local/lib/python3.10/site-packages/airflow/models/taskinstance.py", line 3158, in _execute_task_with_callbacks
    result = self._execute_task(context, task_orig)
  File "/home/airflow/.local/lib/python3.10/site-packages/airflow/models/taskinstance.py", line 3182, in _execute_task
    return _execute_task(self, context, task_orig)
  File "/home/airflow/.local/lib/python3.10/site-packages/airflow/models/taskinstance.py", line 767, in _execute_task
    result = _execute_callable(context=context, **execute_callable_kwargs)
  File "/home/airflow/.local/lib/python3.10/site-packages/airflow/models/taskinstance.py", line 733, in _execute_callable
    return ExecutionCallableRunner(
  File "/home/airflow/.local/lib/python3.10/site-packages/airflow/utils/operator_helpers.py", line 252, in run
    return self.func(*args, **kwargs)
  File "/home/airflow/.local/lib/python3.10/site-packages/airflow/models/baseoperator.py", line 406, in wrapper
    return func(self, *args, **kwargs)
  File "/home/airflow/.local/lib/python3.10/site-packages/airflow/decorators/base.py", line 266, in execute
    return_value = super().execute(context)
  File "/home/airflow/.local/lib/python3.10/site-packages/airflow/models/baseoperator.py", line 406, in wrapper
    return func(self, *args, **kwargs)
  File "/home/airflow/.local/lib/python3.10/site-packages/airflow/operators/python.py", line 238, in execute
    return_value = self.execute_callable()
  File "/home/airflow/.local/lib/python3.10/site-packages/airflow/operators/python.py", line 256, in execute_callable
    return runner.run(*self.op_args, **self.op_kwargs)
  File "/home/airflow/.local/lib/python3.10/site-packages/airflow/utils/operator_helpers.py", line 252, in run
    return self.func(*args, **kwargs)
  File "/opt/airflow/dags/wap_consumer_complaints_pipeline.py", line 213, in audit_rescued_data
    records = trino_hook.get_first(audit_sql)
  File "/home/airflow/.local/lib/python3.10/site-packages/airflow/providers/trino/hooks/trino.py", line 193, in get_first
    raise TrinoException(e)
airflow.providers.trino.hooks.trino.TrinoException: TrinoUserError(type=USER_ERROR, name=INVALID_ARGUMENTS, message="Cannot find snapshot with reference name: etl_20260715_000000", query_id=20260716_014113_00010_crwij)
[2026-07-16T01:41:13.292+0000] {local_task_job_runner.py:266} INFO - Task exited with return code 1
[2026-07-16T01:41:13.325+0000] {taskinstance.py:3900} INFO - 0 downstream tasks scheduled from follow-on schedule check
[2026-07-16T01:41:13.330+0000] {local_task_job_runner.py:245} INFO - ::endgroup::
[2026-07-16T02:13:16.569+0000] {local_task_job_runner.py:123} INFO - ::group::Pre task execution logs
[2026-07-16T02:13:16.591+0000] {taskinstance.py:2612} INFO - Dependencies all met for dep_context=non-requeueable deps ti=<TaskInstance: wap_consumer_complaints_pipeline.audit_rescued_data scheduled__2026-07-15T00:00:00+00:00 [queued]>
[2026-07-16T02:13:16.601+0000] {taskinstance.py:2612} INFO - Dependencies all met for dep_context=requeueable deps ti=<TaskInstance: wap_consumer_complaints_pipeline.audit_rescued_data scheduled__2026-07-15T00:00:00+00:00 [queued]>
[2026-07-16T02:13:16.602+0000] {taskinstance.py:2865} INFO - Starting attempt 1 of 2
[2026-07-16T02:13:16.614+0000] {taskinstance.py:2888} INFO - Executing <Task(_PythonDecoratedOperator): audit_rescued_data> on 2026-07-15 00:00:00+00:00
[2026-07-16T02:13:16.621+0000] {standard_task_runner.py:72} INFO - Started process 891 to run task
[2026-07-16T02:13:16.626+0000] {standard_task_runner.py:104} INFO - Running: ['airflow', 'tasks', 'run', 'wap_consumer_complaints_pipeline', 'audit_rescued_data', 'scheduled__2026-07-15T00:00:00+00:00', '--job-id', '9', '--raw', '--subdir', 'DAGS_FOLDER/wap_consumer_complaints_pipeline.py', '--cfg-path', '/tmp/tmp3mrpapod']
[2026-07-16T02:13:16.627+0000] {standard_task_runner.py:105} INFO - Job 9: Subtask audit_rescued_data
[2026-07-16T02:13:16.710+0000] {task_command.py:467} INFO - Running <TaskInstance: wap_consumer_complaints_pipeline.audit_rescued_data scheduled__2026-07-15T00:00:00+00:00 [running]> on host 61ab07fddcad
[2026-07-16T02:13:16.835+0000] {taskinstance.py:3131} INFO - Exporting env vars: AIRFLOW_CTX_DAG_OWNER='data_engineer' AIRFLOW_CTX_DAG_ID='wap_consumer_complaints_pipeline' AIRFLOW_CTX_TASK_ID='audit_rescued_data' AIRFLOW_CTX_EXECUTION_DATE='2026-07-15T00:00:00+00:00' AIRFLOW_CTX_TRY_NUMBER='1' AIRFLOW_CTX_DAG_RUN_ID='scheduled__2026-07-15T00:00:00+00:00'
[2026-07-16T02:13:16.837+0000] {taskinstance.py:731} INFO - ::endgroup::
[2026-07-16T02:13:16.841+0000] {base.py:84} INFO - Retrieving connection 'trino_default'
[2026-07-16T02:13:16.842+0000] {base.py:84} INFO - Retrieving connection 'trino_default'
[2026-07-16T02:13:16.873+0000] {taskinstance.py:3310} ERROR - Task failed with exception
Traceback (most recent call last):
  File "/home/airflow/.local/lib/python3.10/site-packages/airflow/models/taskinstance.py", line 767, in _execute_task
    result = _execute_callable(context=context, **execute_callable_kwargs)
  File "/home/airflow/.local/lib/python3.10/site-packages/airflow/models/taskinstance.py", line 733, in _execute_callable
    return ExecutionCallableRunner(
  File "/home/airflow/.local/lib/python3.10/site-packages/airflow/utils/operator_helpers.py", line 252, in run
    return self.func(*args, **kwargs)
  File "/home/airflow/.local/lib/python3.10/site-packages/airflow/models/baseoperator.py", line 406, in wrapper
    return func(self, *args, **kwargs)
  File "/home/airflow/.local/lib/python3.10/site-packages/airflow/decorators/base.py", line 266, in execute
    return_value = super().execute(context)
  File "/home/airflow/.local/lib/python3.10/site-packages/airflow/models/baseoperator.py", line 406, in wrapper
    return func(self, *args, **kwargs)
  File "/home/airflow/.local/lib/python3.10/site-packages/airflow/operators/python.py", line 238, in execute
    return_value = self.execute_callable()
  File "/home/airflow/.local/lib/python3.10/site-packages/airflow/operators/python.py", line 256, in execute_callable
    return runner.run(*self.op_args, **self.op_kwargs)
  File "/home/airflow/.local/lib/python3.10/site-packages/airflow/utils/operator_helpers.py", line 252, in run
    return self.func(*args, **kwargs)
  File "/opt/airflow/dags/wap_consumer_complaints_pipeline.py", line 233, in audit_rescued_data
    cur.execute(f"SET SESSION {TRINO_CATALOG}.nessie_reference_name = '{env_data['branch_name']}'")
  File "/home/airflow/.local/lib/python3.10/site-packages/trino/dbapi.py", line 589, in execute
    self._iterator = iter(self._query.execute())
  File "/home/airflow/.local/lib/python3.10/site-packages/trino/client.py", line 819, in execute
    self._result.rows += self.fetch()
  File "/home/airflow/.local/lib/python3.10/site-packages/trino/client.py", line 839, in fetch
    status = self._request.process(response)
  File "/home/airflow/.local/lib/python3.10/site-packages/trino/client.py", line 611, in process
    raise self._process_error(response["error"], response.get("id"))
trino.exceptions.TrinoUserError: TrinoUserError(type=USER_ERROR, name=INVALID_SESSION_PROPERTY, message="line 1:47: Session property 'lakehouse.nessie_reference_name' does not exist", query_id=20260716_021316_00008_6trdu)
[2026-07-16T02:13:16.895+0000] {taskinstance.py:1225} INFO - Marking task as UP_FOR_RETRY. dag_id=wap_consumer_complaints_pipeline, task_id=audit_rescued_data, run_id=scheduled__2026-07-15T00:00:00+00:00, execution_date=20260715T000000, start_date=20260716T021316, end_date=20260716T021316
[2026-07-16T02:13:16.912+0000] {taskinstance.py:340} INFO - ::group::Post task execution logs
[2026-07-16T02:13:16.915+0000] {standard_task_runner.py:124} ERROR - Failed to execute job 9 for task audit_rescued_data (TrinoUserError(type=USER_ERROR, name=INVALID_SESSION_PROPERTY, message="line 1:47: Session property 'lakehouse.nessie_reference_name' does not exist", query_id=20260716_021316_00008_6trdu); 891)
Traceback (most recent call last):
  File "/home/airflow/.local/lib/python3.10/site-packages/airflow/task/task_runner/standard_task_runner.py", line 117, in _start_by_fork
    ret = args.func(args, dag=self.dag)
  File "/home/airflow/.local/lib/python3.10/site-packages/airflow/cli/cli_config.py", line 49, in command
    return func(*args, **kwargs)
  File "/home/airflow/.local/lib/python3.10/site-packages/airflow/utils/cli.py", line 115, in wrapper
    return f(*args, **kwargs)
  File "/home/airflow/.local/lib/python3.10/site-packages/airflow/cli/commands/task_command.py", line 483, in task_run
    task_return_code = _run_task_by_selected_method(args, _dag, ti)
  File "/home/airflow/.local/lib/python3.10/site-packages/airflow/cli/commands/task_command.py", line 256, in _run_task_by_selected_method
    return _run_raw_task(args, ti)
  File "/home/airflow/.local/lib/python3.10/site-packages/airflow/cli/commands/task_command.py", line 341, in _run_raw_task
    return ti._run_raw_task(
  File "/home/airflow/.local/lib/python3.10/site-packages/airflow/utils/session.py", line 97, in wrapper
    return func(*args, session=session, **kwargs)
  File "/home/airflow/.local/lib/python3.10/site-packages/airflow/models/taskinstance.py", line 3004, in _run_raw_task
    return _run_raw_task(
  File "/home/airflow/.local/lib/python3.10/site-packages/airflow/models/taskinstance.py", line 273, in _run_raw_task
    TaskInstance._execute_task_with_callbacks(
  File "/home/airflow/.local/lib/python3.10/site-packages/airflow/models/taskinstance.py", line 3158, in _execute_task_with_callbacks
    result = self._execute_task(context, task_orig)
  File "/home/airflow/.local/lib/python3.10/site-packages/airflow/models/taskinstance.py", line 3182, in _execute_task
    return _execute_task(self, context, task_orig)
  File "/home/airflow/.local/lib/python3.10/site-packages/airflow/models/taskinstance.py", line 767, in _execute_task
    result = _execute_callable(context=context, **execute_callable_kwargs)
  File "/home/airflow/.local/lib/python3.10/site-packages/airflow/models/taskinstance.py", line 733, in _execute_callable
    return ExecutionCallableRunner(
  File "/home/airflow/.local/lib/python3.10/site-packages/airflow/utils/operator_helpers.py", line 252, in run
    return self.func(*args, **kwargs)
  File "/home/airflow/.local/lib/python3.10/site-packages/airflow/models/baseoperator.py", line 406, in wrapper
    return func(self, *args, **kwargs)
  File "/home/airflow/.local/lib/python3.10/site-packages/airflow/decorators/base.py", line 266, in execute
    return_value = super().execute(context)
  File "/home/airflow/.local/lib/python3.10/site-packages/airflow/models/baseoperator.py", line 406, in wrapper
    return func(self, *args, **kwargs)
  File "/home/airflow/.local/lib/python3.10/site-packages/airflow/operators/python.py", line 238, in execute
    return_value = self.execute_callable()
  File "/home/airflow/.local/lib/python3.10/site-packages/airflow/operators/python.py", line 256, in execute_callable
    return runner.run(*self.op_args, **self.op_kwargs)
  File "/home/airflow/.local/lib/python3.10/site-packages/airflow/utils/operator_helpers.py", line 252, in run
    return self.func(*args, **kwargs)
  File "/opt/airflow/dags/wap_consumer_complaints_pipeline.py", line 233, in audit_rescued_data
    cur.execute(f"SET SESSION {TRINO_CATALOG}.nessie_reference_name = '{env_data['branch_name']}'")
  File "/home/airflow/.local/lib/python3.10/site-packages/trino/dbapi.py", line 589, in execute
    self._iterator = iter(self._query.execute())
  File "/home/airflow/.local/lib/python3.10/site-packages/trino/client.py", line 819, in execute
    self._result.rows += self.fetch()
  File "/home/airflow/.local/lib/python3.10/site-packages/trino/client.py", line 839, in fetch
    status = self._request.process(response)
  File "/home/airflow/.local/lib/python3.10/site-packages/trino/client.py", line 611, in process
    raise self._process_error(response["error"], response.get("id"))
trino.exceptions.TrinoUserError: TrinoUserError(type=USER_ERROR, name=INVALID_SESSION_PROPERTY, message="line 1:47: Session property 'lakehouse.nessie_reference_name' does not exist", query_id=20260716_021316_00008_6trdu)
[2026-07-16T02:13:16.962+0000] {local_task_job_runner.py:266} INFO - Task exited with return code 1
[2026-07-16T02:13:16.996+0000] {taskinstance.py:3900} INFO - 0 downstream tasks scheduled from follow-on schedule check
[2026-07-16T02:13:16.999+0000] {local_task_job_runner.py:245} INFO - ::endgroup::
[2026-07-16T02:46:56.786+0000] {local_task_job_runner.py:123} INFO - ::group::Pre task execution logs
[2026-07-16T02:46:56.808+0000] {taskinstance.py:2612} INFO - Dependencies all met for dep_context=non-requeueable deps ti=<TaskInstance: wap_consumer_complaints_pipeline.audit_rescued_data scheduled__2026-07-15T00:00:00+00:00 [queued]>
[2026-07-16T02:46:56.818+0000] {taskinstance.py:2612} INFO - Dependencies all met for dep_context=requeueable deps ti=<TaskInstance: wap_consumer_complaints_pipeline.audit_rescued_data scheduled__2026-07-15T00:00:00+00:00 [queued]>
[2026-07-16T02:46:56.819+0000] {taskinstance.py:2865} INFO - Starting attempt 1 of 2
[2026-07-16T02:46:56.831+0000] {taskinstance.py:2888} INFO - Executing <Task(_PythonDecoratedOperator): audit_rescued_data> on 2026-07-15 00:00:00+00:00
[2026-07-16T02:46:56.837+0000] {standard_task_runner.py:72} INFO - Started process 1426 to run task
[2026-07-16T02:46:56.840+0000] {standard_task_runner.py:104} INFO - Running: ['airflow', 'tasks', 'run', 'wap_consumer_complaints_pipeline', 'audit_rescued_data', 'scheduled__2026-07-15T00:00:00+00:00', '--job-id', '9', '--raw', '--subdir', 'DAGS_FOLDER/wap_consumer_complaints_pipeline.py', '--cfg-path', '/tmp/tmpwr3u0vqd']
[2026-07-16T02:46:56.842+0000] {standard_task_runner.py:105} INFO - Job 9: Subtask audit_rescued_data
[2026-07-16T02:46:56.948+0000] {task_command.py:467} INFO - Running <TaskInstance: wap_consumer_complaints_pipeline.audit_rescued_data scheduled__2026-07-15T00:00:00+00:00 [running]> on host a13230b985ee
[2026-07-16T02:46:57.083+0000] {taskinstance.py:3131} INFO - Exporting env vars: AIRFLOW_CTX_DAG_OWNER='data_engineer' AIRFLOW_CTX_DAG_ID='wap_consumer_complaints_pipeline' AIRFLOW_CTX_TASK_ID='audit_rescued_data' AIRFLOW_CTX_EXECUTION_DATE='2026-07-15T00:00:00+00:00' AIRFLOW_CTX_TRY_NUMBER='1' AIRFLOW_CTX_DAG_RUN_ID='scheduled__2026-07-15T00:00:00+00:00'
[2026-07-16T02:46:57.086+0000] {taskinstance.py:731} INFO - ::endgroup::
[2026-07-16T02:46:57.091+0000] {base.py:84} INFO - Retrieving connection 'trino_default'
[2026-07-16T02:46:57.093+0000] {base.py:84} INFO - Retrieving connection 'trino_default'
[2026-07-16T02:46:57.097+0000] {sql.py:509} INFO - Running statement: SELECT COUNT(*) FROM lakehouse.bronze.raw_consumer_complaints 
            FOR VERSION AS OF 'etl_20260715_000000'
            WHERE _run_id = 'scheduled__2026-07-15T00:00:00+00:00' AND _rescued_data IS NOT NULL, parameters: None
[2026-07-16T02:46:57.198+0000] {taskinstance.py:3310} ERROR - Task failed with exception
Traceback (most recent call last):
  File "/home/airflow/.local/lib/python3.10/site-packages/airflow/providers/trino/hooks/trino.py", line 191, in get_first
    return super().get_first(self.strip_sql_string(sql), parameters)
  File "/home/airflow/.local/lib/python3.10/site-packages/airflow/providers/common/sql/hooks/sql.py", line 332, in get_first
    return self.run(sql=sql, parameters=parameters, handler=fetch_one_handler)
  File "/home/airflow/.local/lib/python3.10/site-packages/airflow/providers/common/sql/hooks/sql.py", line 456, in run
    self._run_command(cur, sql_statement, parameters)
  File "/home/airflow/.local/lib/python3.10/site-packages/airflow/providers/common/sql/hooks/sql.py", line 514, in _run_command
    cur.execute(sql_statement)
  File "/home/airflow/.local/lib/python3.10/site-packages/trino/dbapi.py", line 589, in execute
    self._iterator = iter(self._query.execute())
  File "/home/airflow/.local/lib/python3.10/site-packages/trino/client.py", line 819, in execute
    self._result.rows += self.fetch()
  File "/home/airflow/.local/lib/python3.10/site-packages/trino/client.py", line 839, in fetch
    status = self._request.process(response)
  File "/home/airflow/.local/lib/python3.10/site-packages/trino/client.py", line 611, in process
    raise self._process_error(response["error"], response.get("id"))
trino.exceptions.TrinoUserError: TrinoUserError(type=USER_ERROR, name=INVALID_ARGUMENTS, message="Cannot find snapshot with reference name: etl_20260715_000000", query_id=20260716_023625_00008_a73f3)

During handling of the above exception, another exception occurred:

Traceback (most recent call last):
  File "/opt/airflow/dags/wap_consumer_complaints_pipeline.py", line 232, in audit_rescued_data
    records = trino_hook.get_first(audit_sql)
  File "/home/airflow/.local/lib/python3.10/site-packages/airflow/providers/trino/hooks/trino.py", line 193, in get_first
    raise TrinoException(e)
airflow.providers.trino.hooks.trino.TrinoException: TrinoUserError(type=USER_ERROR, name=INVALID_ARGUMENTS, message="Cannot find snapshot with reference name: etl_20260715_000000", query_id=20260716_023625_00008_a73f3)

During handling of the above exception, another exception occurred:

Traceback (most recent call last):
  File "/home/airflow/.local/lib/python3.10/site-packages/airflow/models/taskinstance.py", line 767, in _execute_task
    result = _execute_callable(context=context, **execute_callable_kwargs)
  File "/home/airflow/.local/lib/python3.10/site-packages/airflow/models/taskinstance.py", line 733, in _execute_callable
    return ExecutionCallableRunner(
  File "/home/airflow/.local/lib/python3.10/site-packages/airflow/utils/operator_helpers.py", line 252, in run
    return self.func(*args, **kwargs)
  File "/home/airflow/.local/lib/python3.10/site-packages/airflow/models/baseoperator.py", line 406, in wrapper
    return func(self, *args, **kwargs)
  File "/home/airflow/.local/lib/python3.10/site-packages/airflow/decorators/base.py", line 266, in execute
    return_value = super().execute(context)
  File "/home/airflow/.local/lib/python3.10/site-packages/airflow/models/baseoperator.py", line 406, in wrapper
    return func(self, *args, **kwargs)
  File "/home/airflow/.local/lib/python3.10/site-packages/airflow/operators/python.py", line 238, in execute
    return_value = self.execute_callable()
  File "/home/airflow/.local/lib/python3.10/site-packages/airflow/operators/python.py", line 256, in execute_callable
    return runner.run(*self.op_args, **self.op_kwargs)
  File "/home/airflow/.local/lib/python3.10/site-packages/airflow/utils/operator_helpers.py", line 252, in run
    return self.func(*args, **kwargs)
  File "/opt/airflow/dags/wap_consumer_complaints_pipeline.py", line 235, in audit_rescued_data
    raise AirflowException(f"Lỗi truy vấn Audit Data trên nhánh {env_data['branch_name']}: {e}")
airflow.exceptions.AirflowException: Lỗi truy vấn Audit Data trên nhánh etl_20260715_000000: TrinoUserError(type=USER_ERROR, name=INVALID_ARGUMENTS, message="Cannot find snapshot with reference name: etl_20260715_000000", query_id=20260716_023625_00008_a73f3)
[2026-07-16T02:46:57.217+0000] {taskinstance.py:1225} INFO - Marking task as UP_FOR_RETRY. dag_id=wap_consumer_complaints_pipeline, task_id=audit_rescued_data, run_id=scheduled__2026-07-15T00:00:00+00:00, execution_date=20260715T000000, start_date=20260716T024656, end_date=20260716T024657
[2026-07-16T02:46:57.233+0000] {taskinstance.py:340} INFO - ::group::Post task execution logs
[2026-07-16T02:46:57.235+0000] {standard_task_runner.py:124} ERROR - Failed to execute job 9 for task audit_rescued_data (Lỗi truy vấn Audit Data trên nhánh etl_20260715_000000: TrinoUserError(type=USER_ERROR, name=INVALID_ARGUMENTS, message="Cannot find snapshot with reference name: etl_20260715_000000", query_id=20260716_023625_00008_a73f3); 1426)
Traceback (most recent call last):
  File "/home/airflow/.local/lib/python3.10/site-packages/airflow/providers/trino/hooks/trino.py", line 191, in get_first
    return super().get_first(self.strip_sql_string(sql), parameters)
  File "/home/airflow/.local/lib/python3.10/site-packages/airflow/providers/common/sql/hooks/sql.py", line 332, in get_first
    return self.run(sql=sql, parameters=parameters, handler=fetch_one_handler)
  File "/home/airflow/.local/lib/python3.10/site-packages/airflow/providers/common/sql/hooks/sql.py", line 456, in run
    self._run_command(cur, sql_statement, parameters)
  File "/home/airflow/.local/lib/python3.10/site-packages/airflow/providers/common/sql/hooks/sql.py", line 514, in _run_command
    cur.execute(sql_statement)
  File "/home/airflow/.local/lib/python3.10/site-packages/trino/dbapi.py", line 589, in execute
    self._iterator = iter(self._query.execute())
  File "/home/airflow/.local/lib/python3.10/site-packages/trino/client.py", line 819, in execute
    self._result.rows += self.fetch()
  File "/home/airflow/.local/lib/python3.10/site-packages/trino/client.py", line 839, in fetch
    status = self._request.process(response)
  File "/home/airflow/.local/lib/python3.10/site-packages/trino/client.py", line 611, in process
    raise self._process_error(response["error"], response.get("id"))
trino.exceptions.TrinoUserError: TrinoUserError(type=USER_ERROR, name=INVALID_ARGUMENTS, message="Cannot find snapshot with reference name: etl_20260715_000000", query_id=20260716_023625_00008_a73f3)

During handling of the above exception, another exception occurred:

Traceback (most recent call last):
  File "/opt/airflow/dags/wap_consumer_complaints_pipeline.py", line 232, in audit_rescued_data
    records = trino_hook.get_first(audit_sql)
  File "/home/airflow/.local/lib/python3.10/site-packages/airflow/providers/trino/hooks/trino.py", line 193, in get_first
    raise TrinoException(e)
airflow.providers.trino.hooks.trino.TrinoException: TrinoUserError(type=USER_ERROR, name=INVALID_ARGUMENTS, message="Cannot find snapshot with reference name: etl_20260715_000000", query_id=20260716_023625_00008_a73f3)

During handling of the above exception, another exception occurred:

Traceback (most recent call last):
  File "/home/airflow/.local/lib/python3.10/site-packages/airflow/task/task_runner/standard_task_runner.py", line 117, in _start_by_fork
    ret = args.func(args, dag=self.dag)
  File "/home/airflow/.local/lib/python3.10/site-packages/airflow/cli/cli_config.py", line 49, in command
    return func(*args, **kwargs)
  File "/home/airflow/.local/lib/python3.10/site-packages/airflow/utils/cli.py", line 115, in wrapper
    return f(*args, **kwargs)
  File "/home/airflow/.local/lib/python3.10/site-packages/airflow/cli/commands/task_command.py", line 483, in task_run
    task_return_code = _run_task_by_selected_method(args, _dag, ti)
  File "/home/airflow/.local/lib/python3.10/site-packages/airflow/cli/commands/task_command.py", line 256, in _run_task_by_selected_method
    return _run_raw_task(args, ti)
  File "/home/airflow/.local/lib/python3.10/site-packages/airflow/cli/commands/task_command.py", line 341, in _run_raw_task
    return ti._run_raw_task(
  File "/home/airflow/.local/lib/python3.10/site-packages/airflow/utils/session.py", line 97, in wrapper
    return func(*args, session=session, **kwargs)
  File "/home/airflow/.local/lib/python3.10/site-packages/airflow/models/taskinstance.py", line 3004, in _run_raw_task
    return _run_raw_task(
  File "/home/airflow/.local/lib/python3.10/site-packages/airflow/models/taskinstance.py", line 273, in _run_raw_task
    TaskInstance._execute_task_with_callbacks(
  File "/home/airflow/.local/lib/python3.10/site-packages/airflow/models/taskinstance.py", line 3158, in _execute_task_with_callbacks
    result = self._execute_task(context, task_orig)
  File "/home/airflow/.local/lib/python3.10/site-packages/airflow/models/taskinstance.py", line 3182, in _execute_task
    return _execute_task(self, context, task_orig)
  File "/home/airflow/.local/lib/python3.10/site-packages/airflow/models/taskinstance.py", line 767, in _execute_task
    result = _execute_callable(context=context, **execute_callable_kwargs)
  File "/home/airflow/.local/lib/python3.10/site-packages/airflow/models/taskinstance.py", line 733, in _execute_callable
    return ExecutionCallableRunner(
  File "/home/airflow/.local/lib/python3.10/site-packages/airflow/utils/operator_helpers.py", line 252, in run
    return self.func(*args, **kwargs)
  File "/home/airflow/.local/lib/python3.10/site-packages/airflow/models/baseoperator.py", line 406, in wrapper
    return func(self, *args, **kwargs)
  File "/home/airflow/.local/lib/python3.10/site-packages/airflow/decorators/base.py", line 266, in execute
    return_value = super().execute(context)
  File "/home/airflow/.local/lib/python3.10/site-packages/airflow/models/baseoperator.py", line 406, in wrapper
    return func(self, *args, **kwargs)
  File "/home/airflow/.local/lib/python3.10/site-packages/airflow/operators/python.py", line 238, in execute
    return_value = self.execute_callable()
  File "/home/airflow/.local/lib/python3.10/site-packages/airflow/operators/python.py", line 256, in execute_callable
    return runner.run(*self.op_args, **self.op_kwargs)
  File "/home/airflow/.local/lib/python3.10/site-packages/airflow/utils/operator_helpers.py", line 252, in run
    return self.func(*args, **kwargs)
  File "/opt/airflow/dags/wap_consumer_complaints_pipeline.py", line 235, in audit_rescued_data
    raise AirflowException(f"Lỗi truy vấn Audit Data trên nhánh {env_data['branch_name']}: {e}")
airflow.exceptions.AirflowException: Lỗi truy vấn Audit Data trên nhánh etl_20260715_000000: TrinoUserError(type=USER_ERROR, name=INVALID_ARGUMENTS, message="Cannot find snapshot with reference name: etl_20260715_000000", query_id=20260716_023625_00008_a73f3)
[2026-07-16T02:46:57.258+0000] {local_task_job_runner.py:266} INFO - Task exited with return code 1
[2026-07-16T02:46:57.296+0000] {taskinstance.py:3900} INFO - 0 downstream tasks scheduled from follow-on schedule check
[2026-07-16T02:46:57.300+0000] {local_task_job_runner.py:245} INFO - ::endgroup::
[2026-07-16T03:02:54.159+0000] {local_task_job_runner.py:123} INFO - ::group::Pre task execution logs
[2026-07-16T03:02:54.177+0000] {taskinstance.py:2612} INFO - Dependencies all met for dep_context=non-requeueable deps ti=<TaskInstance: wap_consumer_complaints_pipeline.audit_rescued_data scheduled__2026-07-15T00:00:00+00:00 [queued]>
[2026-07-16T03:02:54.189+0000] {taskinstance.py:2612} INFO - Dependencies all met for dep_context=requeueable deps ti=<TaskInstance: wap_consumer_complaints_pipeline.audit_rescued_data scheduled__2026-07-15T00:00:00+00:00 [queued]>
[2026-07-16T03:02:54.190+0000] {taskinstance.py:2865} INFO - Starting attempt 1 of 2
[2026-07-16T03:02:54.202+0000] {taskinstance.py:2888} INFO - Executing <Task(_PythonDecoratedOperator): audit_rescued_data> on 2026-07-15 00:00:00+00:00
[2026-07-16T03:02:54.209+0000] {standard_task_runner.py:72} INFO - Started process 963 to run task
[2026-07-16T03:02:54.213+0000] {standard_task_runner.py:104} INFO - Running: ['airflow', 'tasks', 'run', 'wap_consumer_complaints_pipeline', 'audit_rescued_data', 'scheduled__2026-07-15T00:00:00+00:00', '--job-id', '10', '--raw', '--subdir', 'DAGS_FOLDER/wap_consumer_complaints_pipeline.py', '--cfg-path', '/tmp/tmp54b0ez2k']
[2026-07-16T03:02:54.215+0000] {standard_task_runner.py:105} INFO - Job 10: Subtask audit_rescued_data
[2026-07-16T03:02:54.322+0000] {task_command.py:467} INFO - Running <TaskInstance: wap_consumer_complaints_pipeline.audit_rescued_data scheduled__2026-07-15T00:00:00+00:00 [running]> on host 08cf7cf6ccff
[2026-07-16T03:02:54.450+0000] {taskinstance.py:3131} INFO - Exporting env vars: AIRFLOW_CTX_DAG_OWNER='data_engineer' AIRFLOW_CTX_DAG_ID='wap_consumer_complaints_pipeline' AIRFLOW_CTX_TASK_ID='audit_rescued_data' AIRFLOW_CTX_EXECUTION_DATE='2026-07-15T00:00:00+00:00' AIRFLOW_CTX_TRY_NUMBER='1' AIRFLOW_CTX_DAG_RUN_ID='scheduled__2026-07-15T00:00:00+00:00'
[2026-07-16T03:02:54.453+0000] {taskinstance.py:731} INFO - ::endgroup::
[2026-07-16T03:02:54.458+0000] {base.py:84} INFO - Retrieving connection 'trino_default'
[2026-07-16T03:02:54.460+0000] {base.py:84} INFO - Retrieving connection 'trino_default'
[2026-07-16T03:02:54.514+0000] {taskinstance.py:3310} ERROR - Task failed with exception
Traceback (most recent call last):
  File "/opt/airflow/dags/wap_consumer_complaints_pipeline.py", line 230, in audit_rescued_data
    cursor.execute(f"SET SESSION {TRINO_CATALOG}.nessie_reference_name = '{env_data['branch_name']}'")
  File "/home/airflow/.local/lib/python3.10/site-packages/trino/dbapi.py", line 589, in execute
    self._iterator = iter(self._query.execute())
  File "/home/airflow/.local/lib/python3.10/site-packages/trino/client.py", line 819, in execute
    self._result.rows += self.fetch()
  File "/home/airflow/.local/lib/python3.10/site-packages/trino/client.py", line 839, in fetch
    status = self._request.process(response)
  File "/home/airflow/.local/lib/python3.10/site-packages/trino/client.py", line 611, in process
    raise self._process_error(response["error"], response.get("id"))
trino.exceptions.TrinoUserError: TrinoUserError(type=USER_ERROR, name=INVALID_SESSION_PROPERTY, message="line 1:47: Session property 'lakehouse.nessie_reference_name' does not exist", query_id=20260716_030254_00009_59vgb)

During handling of the above exception, another exception occurred:

Traceback (most recent call last):
  File "/home/airflow/.local/lib/python3.10/site-packages/airflow/models/taskinstance.py", line 767, in _execute_task
    result = _execute_callable(context=context, **execute_callable_kwargs)
  File "/home/airflow/.local/lib/python3.10/site-packages/airflow/models/taskinstance.py", line 733, in _execute_callable
    return ExecutionCallableRunner(
  File "/home/airflow/.local/lib/python3.10/site-packages/airflow/utils/operator_helpers.py", line 252, in run
    return self.func(*args, **kwargs)
  File "/home/airflow/.local/lib/python3.10/site-packages/airflow/models/baseoperator.py", line 406, in wrapper
    return func(self, *args, **kwargs)
  File "/home/airflow/.local/lib/python3.10/site-packages/airflow/decorators/base.py", line 266, in execute
    return_value = super().execute(context)
  File "/home/airflow/.local/lib/python3.10/site-packages/airflow/models/baseoperator.py", line 406, in wrapper
    return func(self, *args, **kwargs)
  File "/home/airflow/.local/lib/python3.10/site-packages/airflow/operators/python.py", line 238, in execute
    return_value = self.execute_callable()
  File "/home/airflow/.local/lib/python3.10/site-packages/airflow/operators/python.py", line 256, in execute_callable
    return runner.run(*self.op_args, **self.op_kwargs)
  File "/home/airflow/.local/lib/python3.10/site-packages/airflow/utils/operator_helpers.py", line 252, in run
    return self.func(*args, **kwargs)
  File "/opt/airflow/dags/wap_consumer_complaints_pipeline.py", line 243, in audit_rescued_data
    raise AirflowException(f"Lỗi truy vấn Audit Data trên nhánh {env_data['branch_name']}: {e}")
airflow.exceptions.AirflowException: Lỗi truy vấn Audit Data trên nhánh etl_20260715_000000: TrinoUserError(type=USER_ERROR, name=INVALID_SESSION_PROPERTY, message="line 1:47: Session property 'lakehouse.nessie_reference_name' does not exist", query_id=20260716_030254_00009_59vgb)
[2026-07-16T03:02:54.534+0000] {taskinstance.py:1225} INFO - Marking task as UP_FOR_RETRY. dag_id=wap_consumer_complaints_pipeline, task_id=audit_rescued_data, run_id=scheduled__2026-07-15T00:00:00+00:00, execution_date=20260715T000000, start_date=20260716T030254, end_date=20260716T030254
[2026-07-16T03:02:54.554+0000] {taskinstance.py:340} INFO - ::group::Post task execution logs
[2026-07-16T03:02:54.557+0000] {standard_task_runner.py:124} ERROR - Failed to execute job 10 for task audit_rescued_data (Lỗi truy vấn Audit Data trên nhánh etl_20260715_000000: TrinoUserError(type=USER_ERROR, name=INVALID_SESSION_PROPERTY, message="line 1:47: Session property 'lakehouse.nessie_reference_name' does not exist", query_id=20260716_030254_00009_59vgb); 963)
Traceback (most recent call last):
  File "/opt/airflow/dags/wap_consumer_complaints_pipeline.py", line 230, in audit_rescued_data
    cursor.execute(f"SET SESSION {TRINO_CATALOG}.nessie_reference_name = '{env_data['branch_name']}'")
  File "/home/airflow/.local/lib/python3.10/site-packages/trino/dbapi.py", line 589, in execute
    self._iterator = iter(self._query.execute())
  File "/home/airflow/.local/lib/python3.10/site-packages/trino/client.py", line 819, in execute
    self._result.rows += self.fetch()
  File "/home/airflow/.local/lib/python3.10/site-packages/trino/client.py", line 839, in fetch
    status = self._request.process(response)
  File "/home/airflow/.local/lib/python3.10/site-packages/trino/client.py", line 611, in process
    raise self._process_error(response["error"], response.get("id"))
trino.exceptions.TrinoUserError: TrinoUserError(type=USER_ERROR, name=INVALID_SESSION_PROPERTY, message="line 1:47: Session property 'lakehouse.nessie_reference_name' does not exist", query_id=20260716_030254_00009_59vgb)

During handling of the above exception, another exception occurred:

Traceback (most recent call last):
  File "/home/airflow/.local/lib/python3.10/site-packages/airflow/task/task_runner/standard_task_runner.py", line 117, in _start_by_fork
    ret = args.func(args, dag=self.dag)
  File "/home/airflow/.local/lib/python3.10/site-packages/airflow/cli/cli_config.py", line 49, in command
    return func(*args, **kwargs)
  File "/home/airflow/.local/lib/python3.10/site-packages/airflow/utils/cli.py", line 115, in wrapper
    return f(*args, **kwargs)
  File "/home/airflow/.local/lib/python3.10/site-packages/airflow/cli/commands/task_command.py", line 483, in task_run
    task_return_code = _run_task_by_selected_method(args, _dag, ti)
  File "/home/airflow/.local/lib/python3.10/site-packages/airflow/cli/commands/task_command.py", line 256, in _run_task_by_selected_method
    return _run_raw_task(args, ti)
  File "/home/airflow/.local/lib/python3.10/site-packages/airflow/cli/commands/task_command.py", line 341, in _run_raw_task
    return ti._run_raw_task(
  File "/home/airflow/.local/lib/python3.10/site-packages/airflow/utils/session.py", line 97, in wrapper
    return func(*args, session=session, **kwargs)
  File "/home/airflow/.local/lib/python3.10/site-packages/airflow/models/taskinstance.py", line 3004, in _run_raw_task
    return _run_raw_task(
  File "/home/airflow/.local/lib/python3.10/site-packages/airflow/models/taskinstance.py", line 273, in _run_raw_task
    TaskInstance._execute_task_with_callbacks(
  File "/home/airflow/.local/lib/python3.10/site-packages/airflow/models/taskinstance.py", line 3158, in _execute_task_with_callbacks
    result = self._execute_task(context, task_orig)
  File "/home/airflow/.local/lib/python3.10/site-packages/airflow/models/taskinstance.py", line 3182, in _execute_task
    return _execute_task(self, context, task_orig)
  File "/home/airflow/.local/lib/python3.10/site-packages/airflow/models/taskinstance.py", line 767, in _execute_task
    result = _execute_callable(context=context, **execute_callable_kwargs)
  File "/home/airflow/.local/lib/python3.10/site-packages/airflow/models/taskinstance.py", line 733, in _execute_callable
    return ExecutionCallableRunner(
  File "/home/airflow/.local/lib/python3.10/site-packages/airflow/utils/operator_helpers.py", line 252, in run
    return self.func(*args, **kwargs)
  File "/home/airflow/.local/lib/python3.10/site-packages/airflow/models/baseoperator.py", line 406, in wrapper
    return func(self, *args, **kwargs)
  File "/home/airflow/.local/lib/python3.10/site-packages/airflow/decorators/base.py", line 266, in execute
    return_value = super().execute(context)
  File "/home/airflow/.local/lib/python3.10/site-packages/airflow/models/baseoperator.py", line 406, in wrapper
    return func(self, *args, **kwargs)
  File "/home/airflow/.local/lib/python3.10/site-packages/airflow/operators/python.py", line 238, in execute
    return_value = self.execute_callable()
  File "/home/airflow/.local/lib/python3.10/site-packages/airflow/operators/python.py", line 256, in execute_callable
    return runner.run(*self.op_args, **self.op_kwargs)
  File "/home/airflow/.local/lib/python3.10/site-packages/airflow/utils/operator_helpers.py", line 252, in run
    return self.func(*args, **kwargs)
  File "/opt/airflow/dags/wap_consumer_complaints_pipeline.py", line 243, in audit_rescued_data
    raise AirflowException(f"Lỗi truy vấn Audit Data trên nhánh {env_data['branch_name']}: {e}")
airflow.exceptions.AirflowException: Lỗi truy vấn Audit Data trên nhánh etl_20260715_000000: TrinoUserError(type=USER_ERROR, name=INVALID_SESSION_PROPERTY, message="line 1:47: Session property 'lakehouse.nessie_reference_name' does not exist", query_id=20260716_030254_00009_59vgb)
[2026-07-16T03:02:54.589+0000] {local_task_job_runner.py:266} INFO - Task exited with return code 1
[2026-07-16T03:02:54.608+0000] {local_task_job_runner.py:245} INFO - ::endgroup::
[2026-07-16T03:09:52.509+0000] {local_task_job_runner.py:123} INFO - ::group::Pre task execution logs
[2026-07-16T03:09:52.531+0000] {taskinstance.py:2612} INFO - Dependencies all met for dep_context=non-requeueable deps ti=<TaskInstance: wap_consumer_complaints_pipeline.audit_rescued_data scheduled__2026-07-15T00:00:00+00:00 [queued]>
[2026-07-16T03:09:52.541+0000] {taskinstance.py:2612} INFO - Dependencies all met for dep_context=requeueable deps ti=<TaskInstance: wap_consumer_complaints_pipeline.audit_rescued_data scheduled__2026-07-15T00:00:00+00:00 [queued]>
[2026-07-16T03:09:52.542+0000] {taskinstance.py:2865} INFO - Starting attempt 1 of 2
[2026-07-16T03:09:52.558+0000] {taskinstance.py:2888} INFO - Executing <Task(_PythonDecoratedOperator): audit_rescued_data> on 2026-07-15 00:00:00+00:00
[2026-07-16T03:09:52.565+0000] {standard_task_runner.py:72} INFO - Started process 698 to run task
[2026-07-16T03:09:52.569+0000] {standard_task_runner.py:104} INFO - Running: ['airflow', 'tasks', 'run', 'wap_consumer_complaints_pipeline', 'audit_rescued_data', 'scheduled__2026-07-15T00:00:00+00:00', '--job-id', '10', '--raw', '--subdir', 'DAGS_FOLDER/wap_consumer_complaints_pipeline.py', '--cfg-path', '/tmp/tmpwru0_yy1']
[2026-07-16T03:09:52.571+0000] {standard_task_runner.py:105} INFO - Job 10: Subtask audit_rescued_data
[2026-07-16T03:09:52.674+0000] {task_command.py:467} INFO - Running <TaskInstance: wap_consumer_complaints_pipeline.audit_rescued_data scheduled__2026-07-15T00:00:00+00:00 [running]> on host c2b93859cfca
[2026-07-16T03:09:52.808+0000] {taskinstance.py:3131} INFO - Exporting env vars: AIRFLOW_CTX_DAG_OWNER='data_engineer' AIRFLOW_CTX_DAG_ID='wap_consumer_complaints_pipeline' AIRFLOW_CTX_TASK_ID='audit_rescued_data' AIRFLOW_CTX_EXECUTION_DATE='2026-07-15T00:00:00+00:00' AIRFLOW_CTX_TRY_NUMBER='1' AIRFLOW_CTX_DAG_RUN_ID='scheduled__2026-07-15T00:00:00+00:00'
[2026-07-16T03:09:52.811+0000] {taskinstance.py:731} INFO - ::endgroup::
[2026-07-16T03:09:52.816+0000] {base.py:84} INFO - Retrieving connection 'trino_default'
[2026-07-16T03:09:52.818+0000] {base.py:84} INFO - Retrieving connection 'trino_default'
[2026-07-16T03:09:52.822+0000] {sql.py:509} INFO - Running statement: SELECT COUNT(*) FROM lakehouse.bronze.raw_consumer_complaints 
            FOR VERSION AS OF 'etl_20260715_000000'
            WHERE _run_id = 'scheduled__2026-07-15T00:00:00+00:00' AND _rescued_data IS NOT NULL, parameters: None
[2026-07-16T03:09:52.923+0000] {taskinstance.py:3310} ERROR - Task failed with exception
Traceback (most recent call last):
  File "/home/airflow/.local/lib/python3.10/site-packages/airflow/providers/trino/hooks/trino.py", line 191, in get_first
    return super().get_first(self.strip_sql_string(sql), parameters)
  File "/home/airflow/.local/lib/python3.10/site-packages/airflow/providers/common/sql/hooks/sql.py", line 332, in get_first
    return self.run(sql=sql, parameters=parameters, handler=fetch_one_handler)
  File "/home/airflow/.local/lib/python3.10/site-packages/airflow/providers/common/sql/hooks/sql.py", line 456, in run
    self._run_command(cur, sql_statement, parameters)
  File "/home/airflow/.local/lib/python3.10/site-packages/airflow/providers/common/sql/hooks/sql.py", line 514, in _run_command
    cur.execute(sql_statement)
  File "/home/airflow/.local/lib/python3.10/site-packages/trino/dbapi.py", line 589, in execute
    self._iterator = iter(self._query.execute())
  File "/home/airflow/.local/lib/python3.10/site-packages/trino/client.py", line 819, in execute
    self._result.rows += self.fetch()
  File "/home/airflow/.local/lib/python3.10/site-packages/trino/client.py", line 839, in fetch
    status = self._request.process(response)
  File "/home/airflow/.local/lib/python3.10/site-packages/trino/client.py", line 611, in process
    raise self._process_error(response["error"], response.get("id"))
trino.exceptions.TrinoUserError: TrinoUserError(type=USER_ERROR, name=INVALID_ARGUMENTS, message="Cannot find snapshot with reference name: etl_20260715_000000", query_id=20260716_030952_00009_rce8a)

During handling of the above exception, another exception occurred:

Traceback (most recent call last):
  File "/opt/airflow/dags/wap_consumer_complaints_pipeline.py", line 232, in audit_rescued_data
    records = trino_hook.get_first(audit_sql)
  File "/home/airflow/.local/lib/python3.10/site-packages/airflow/providers/trino/hooks/trino.py", line 193, in get_first
    raise TrinoException(e)
airflow.providers.trino.hooks.trino.TrinoException: TrinoUserError(type=USER_ERROR, name=INVALID_ARGUMENTS, message="Cannot find snapshot with reference name: etl_20260715_000000", query_id=20260716_030952_00009_rce8a)

During handling of the above exception, another exception occurred:

Traceback (most recent call last):
  File "/home/airflow/.local/lib/python3.10/site-packages/airflow/models/taskinstance.py", line 767, in _execute_task
    result = _execute_callable(context=context, **execute_callable_kwargs)
  File "/home/airflow/.local/lib/python3.10/site-packages/airflow/models/taskinstance.py", line 733, in _execute_callable
    return ExecutionCallableRunner(
  File "/home/airflow/.local/lib/python3.10/site-packages/airflow/utils/operator_helpers.py", line 252, in run
    return self.func(*args, **kwargs)
  File "/home/airflow/.local/lib/python3.10/site-packages/airflow/models/baseoperator.py", line 406, in wrapper
    return func(self, *args, **kwargs)
  File "/home/airflow/.local/lib/python3.10/site-packages/airflow/decorators/base.py", line 266, in execute
    return_value = super().execute(context)
  File "/home/airflow/.local/lib/python3.10/site-packages/airflow/models/baseoperator.py", line 406, in wrapper
    return func(self, *args, **kwargs)
  File "/home/airflow/.local/lib/python3.10/site-packages/airflow/operators/python.py", line 238, in execute
    return_value = self.execute_callable()
  File "/home/airflow/.local/lib/python3.10/site-packages/airflow/operators/python.py", line 256, in execute_callable
    return runner.run(*self.op_args, **self.op_kwargs)
  File "/home/airflow/.local/lib/python3.10/site-packages/airflow/utils/operator_helpers.py", line 252, in run
    return self.func(*args, **kwargs)
  File "/opt/airflow/dags/wap_consumer_complaints_pipeline.py", line 235, in audit_rescued_data
    raise AirflowException(f"Lỗi truy vấn Audit Data trên nhánh {env_data['branch_name']}: {e}")
airflow.exceptions.AirflowException: Lỗi truy vấn Audit Data trên nhánh etl_20260715_000000: TrinoUserError(type=USER_ERROR, name=INVALID_ARGUMENTS, message="Cannot find snapshot with reference name: etl_20260715_000000", query_id=20260716_030952_00009_rce8a)
[2026-07-16T03:09:52.941+0000] {taskinstance.py:1225} INFO - Marking task as UP_FOR_RETRY. dag_id=wap_consumer_complaints_pipeline, task_id=audit_rescued_data, run_id=scheduled__2026-07-15T00:00:00+00:00, execution_date=20260715T000000, start_date=20260716T030952, end_date=20260716T030952
[2026-07-16T03:09:52.964+0000] {taskinstance.py:340} INFO - ::group::Post task execution logs
[2026-07-16T03:09:52.966+0000] {standard_task_runner.py:124} ERROR - Failed to execute job 10 for task audit_rescued_data (Lỗi truy vấn Audit Data trên nhánh etl_20260715_000000: TrinoUserError(type=USER_ERROR, name=INVALID_ARGUMENTS, message="Cannot find snapshot with reference name: etl_20260715_000000", query_id=20260716_030952_00009_rce8a); 698)
Traceback (most recent call last):
  File "/home/airflow/.local/lib/python3.10/site-packages/airflow/providers/trino/hooks/trino.py", line 191, in get_first
    return super().get_first(self.strip_sql_string(sql), parameters)
  File "/home/airflow/.local/lib/python3.10/site-packages/airflow/providers/common/sql/hooks/sql.py", line 332, in get_first
    return self.run(sql=sql, parameters=parameters, handler=fetch_one_handler)
  File "/home/airflow/.local/lib/python3.10/site-packages/airflow/providers/common/sql/hooks/sql.py", line 456, in run
    self._run_command(cur, sql_statement, parameters)
  File "/home/airflow/.local/lib/python3.10/site-packages/airflow/providers/common/sql/hooks/sql.py", line 514, in _run_command
    cur.execute(sql_statement)
  File "/home/airflow/.local/lib/python3.10/site-packages/trino/dbapi.py", line 589, in execute
    self._iterator = iter(self._query.execute())
  File "/home/airflow/.local/lib/python3.10/site-packages/trino/client.py", line 819, in execute
    self._result.rows += self.fetch()
  File "/home/airflow/.local/lib/python3.10/site-packages/trino/client.py", line 839, in fetch
    status = self._request.process(response)
  File "/home/airflow/.local/lib/python3.10/site-packages/trino/client.py", line 611, in process
    raise self._process_error(response["error"], response.get("id"))
trino.exceptions.TrinoUserError: TrinoUserError(type=USER_ERROR, name=INVALID_ARGUMENTS, message="Cannot find snapshot with reference name: etl_20260715_000000", query_id=20260716_030952_00009_rce8a)

During handling of the above exception, another exception occurred:

Traceback (most recent call last):
  File "/opt/airflow/dags/wap_consumer_complaints_pipeline.py", line 232, in audit_rescued_data
    records = trino_hook.get_first(audit_sql)
  File "/home/airflow/.local/lib/python3.10/site-packages/airflow/providers/trino/hooks/trino.py", line 193, in get_first
    raise TrinoException(e)
airflow.providers.trino.hooks.trino.TrinoException: TrinoUserError(type=USER_ERROR, name=INVALID_ARGUMENTS, message="Cannot find snapshot with reference name: etl_20260715_000000", query_id=20260716_030952_00009_rce8a)

During handling of the above exception, another exception occurred:

Traceback (most recent call last):
  File "/home/airflow/.local/lib/python3.10/site-packages/airflow/task/task_runner/standard_task_runner.py", line 117, in _start_by_fork
    ret = args.func(args, dag=self.dag)
  File "/home/airflow/.local/lib/python3.10/site-packages/airflow/cli/cli_config.py", line 49, in command
    return func(*args, **kwargs)
  File "/home/airflow/.local/lib/python3.10/site-packages/airflow/utils/cli.py", line 115, in wrapper
    return f(*args, **kwargs)
  File "/home/airflow/.local/lib/python3.10/site-packages/airflow/cli/commands/task_command.py", line 483, in task_run
    task_return_code = _run_task_by_selected_method(args, _dag, ti)
  File "/home/airflow/.local/lib/python3.10/site-packages/airflow/cli/commands/task_command.py", line 256, in _run_task_by_selected_method
    return _run_raw_task(args, ti)
  File "/home/airflow/.local/lib/python3.10/site-packages/airflow/cli/commands/task_command.py", line 341, in _run_raw_task
    return ti._run_raw_task(
  File "/home/airflow/.local/lib/python3.10/site-packages/airflow/utils/session.py", line 97, in wrapper
    return func(*args, session=session, **kwargs)
  File "/home/airflow/.local/lib/python3.10/site-packages/airflow/models/taskinstance.py", line 3004, in _run_raw_task
    return _run_raw_task(
  File "/home/airflow/.local/lib/python3.10/site-packages/airflow/models/taskinstance.py", line 273, in _run_raw_task
    TaskInstance._execute_task_with_callbacks(
  File "/home/airflow/.local/lib/python3.10/site-packages/airflow/models/taskinstance.py", line 3158, in _execute_task_with_callbacks
    result = self._execute_task(context, task_orig)
  File "/home/airflow/.local/lib/python3.10/site-packages/airflow/models/taskinstance.py", line 3182, in _execute_task
    return _execute_task(self, context, task_orig)
  File "/home/airflow/.local/lib/python3.10/site-packages/airflow/models/taskinstance.py", line 767, in _execute_task
    result = _execute_callable(context=context, **execute_callable_kwargs)
  File "/home/airflow/.local/lib/python3.10/site-packages/airflow/models/taskinstance.py", line 733, in _execute_callable
    return ExecutionCallableRunner(
  File "/home/airflow/.local/lib/python3.10/site-packages/airflow/utils/operator_helpers.py", line 252, in run
    return self.func(*args, **kwargs)
  File "/home/airflow/.local/lib/python3.10/site-packages/airflow/models/baseoperator.py", line 406, in wrapper
    return func(self, *args, **kwargs)
  File "/home/airflow/.local/lib/python3.10/site-packages/airflow/decorators/base.py", line 266, in execute
    return_value = super().execute(context)
  File "/home/airflow/.local/lib/python3.10/site-packages/airflow/models/baseoperator.py", line 406, in wrapper
    return func(self, *args, **kwargs)
  File "/home/airflow/.local/lib/python3.10/site-packages/airflow/operators/python.py", line 238, in execute
    return_value = self.execute_callable()
  File "/home/airflow/.local/lib/python3.10/site-packages/airflow/operators/python.py", line 256, in execute_callable
    return runner.run(*self.op_args, **self.op_kwargs)
  File "/home/airflow/.local/lib/python3.10/site-packages/airflow/utils/operator_helpers.py", line 252, in run
    return self.func(*args, **kwargs)
  File "/opt/airflow/dags/wap_consumer_complaints_pipeline.py", line 235, in audit_rescued_data
    raise AirflowException(f"Lỗi truy vấn Audit Data trên nhánh {env_data['branch_name']}: {e}")
airflow.exceptions.AirflowException: Lỗi truy vấn Audit Data trên nhánh etl_20260715_000000: TrinoUserError(type=USER_ERROR, name=INVALID_ARGUMENTS, message="Cannot find snapshot with reference name: etl_20260715_000000", query_id=20260716_030952_00009_rce8a)
[2026-07-16T03:09:52.986+0000] {local_task_job_runner.py:266} INFO - Task exited with return code 1
[2026-07-16T03:09:53.030+0000] {taskinstance.py:3900} INFO - 0 downstream tasks scheduled from follow-on schedule check
[2026-07-16T03:09:53.033+0000] {local_task_job_runner.py:245} INFO - ::endgroup::
[2026-07-16T03:14:17.369+0000] {local_task_job_runner.py:123} INFO - ::group::Pre task execution logs
[2026-07-16T03:14:17.389+0000] {taskinstance.py:2612} INFO - Dependencies all met for dep_context=non-requeueable deps ti=<TaskInstance: wap_consumer_complaints_pipeline.audit_rescued_data scheduled__2026-07-15T00:00:00+00:00 [queued]>
[2026-07-16T03:14:17.399+0000] {taskinstance.py:2612} INFO - Dependencies all met for dep_context=requeueable deps ti=<TaskInstance: wap_consumer_complaints_pipeline.audit_rescued_data scheduled__2026-07-15T00:00:00+00:00 [queued]>
[2026-07-16T03:14:17.401+0000] {taskinstance.py:2865} INFO - Starting attempt 1 of 2
[2026-07-16T03:14:17.414+0000] {taskinstance.py:2888} INFO - Executing <Task(_PythonDecoratedOperator): audit_rescued_data> on 2026-07-15 00:00:00+00:00
[2026-07-16T03:14:17.421+0000] {standard_task_runner.py:72} INFO - Started process 1594 to run task
[2026-07-16T03:14:17.425+0000] {standard_task_runner.py:104} INFO - Running: ['airflow', 'tasks', 'run', 'wap_consumer_complaints_pipeline', 'audit_rescued_data', 'scheduled__2026-07-15T00:00:00+00:00', '--job-id', '16', '--raw', '--subdir', 'DAGS_FOLDER/wap_consumer_complaints_pipeline.py', '--cfg-path', '/tmp/tmp43rgc27z']
[2026-07-16T03:14:17.427+0000] {standard_task_runner.py:105} INFO - Job 16: Subtask audit_rescued_data
[2026-07-16T03:14:17.526+0000] {task_command.py:467} INFO - Running <TaskInstance: wap_consumer_complaints_pipeline.audit_rescued_data scheduled__2026-07-15T00:00:00+00:00 [running]> on host c2b93859cfca
[2026-07-16T03:14:17.631+0000] {taskinstance.py:3131} INFO - Exporting env vars: AIRFLOW_CTX_DAG_OWNER='data_engineer' AIRFLOW_CTX_DAG_ID='wap_consumer_complaints_pipeline' AIRFLOW_CTX_TASK_ID='audit_rescued_data' AIRFLOW_CTX_EXECUTION_DATE='2026-07-15T00:00:00+00:00' AIRFLOW_CTX_TRY_NUMBER='1' AIRFLOW_CTX_DAG_RUN_ID='scheduled__2026-07-15T00:00:00+00:00'
[2026-07-16T03:14:17.633+0000] {taskinstance.py:731} INFO - ::endgroup::
[2026-07-16T03:14:17.637+0000] {base.py:84} INFO - Retrieving connection 'trino_default'
[2026-07-16T03:14:17.639+0000] {base.py:84} INFO - Retrieving connection 'trino_default'
[2026-07-16T03:14:17.643+0000] {sql.py:509} INFO - Running statement: SELECT COUNT(*) FROM lakehouse.bronze."raw_consumer_complaints@etl_20260715_000000"
            WHERE _run_id = 'scheduled__2026-07-15T00:00:00+00:00' AND _rescued_data IS NOT NULL, parameters: None
[2026-07-16T03:14:17.702+0000] {taskinstance.py:3310} ERROR - Task failed with exception
Traceback (most recent call last):
  File "/home/airflow/.local/lib/python3.10/site-packages/airflow/providers/trino/hooks/trino.py", line 191, in get_first
    return super().get_first(self.strip_sql_string(sql), parameters)
  File "/home/airflow/.local/lib/python3.10/site-packages/airflow/providers/common/sql/hooks/sql.py", line 332, in get_first
    return self.run(sql=sql, parameters=parameters, handler=fetch_one_handler)
  File "/home/airflow/.local/lib/python3.10/site-packages/airflow/providers/common/sql/hooks/sql.py", line 456, in run
    self._run_command(cur, sql_statement, parameters)
  File "/home/airflow/.local/lib/python3.10/site-packages/airflow/providers/common/sql/hooks/sql.py", line 514, in _run_command
    cur.execute(sql_statement)
  File "/home/airflow/.local/lib/python3.10/site-packages/trino/dbapi.py", line 589, in execute
    self._iterator = iter(self._query.execute())
  File "/home/airflow/.local/lib/python3.10/site-packages/trino/client.py", line 819, in execute
    self._result.rows += self.fetch()
  File "/home/airflow/.local/lib/python3.10/site-packages/trino/client.py", line 839, in fetch
    status = self._request.process(response)
  File "/home/airflow/.local/lib/python3.10/site-packages/trino/client.py", line 611, in process
    raise self._process_error(response["error"], response.get("id"))
trino.exceptions.TrinoUserError: TrinoUserError(type=USER_ERROR, name=TABLE_NOT_FOUND, message="line 1:22: Table 'lakehouse.bronze."raw_consumer_complaints@etl_20260715_000000"' does not exist", query_id=20260716_031417_00011_rce8a)

During handling of the above exception, another exception occurred:

Traceback (most recent call last):
  File "/opt/airflow/dags/wap_consumer_complaints_pipeline.py", line 232, in audit_rescued_data
    records = trino_hook.get_first(audit_sql)
  File "/home/airflow/.local/lib/python3.10/site-packages/airflow/providers/trino/hooks/trino.py", line 193, in get_first
    raise TrinoException(e)
airflow.providers.trino.hooks.trino.TrinoException: TrinoUserError(type=USER_ERROR, name=TABLE_NOT_FOUND, message="line 1:22: Table 'lakehouse.bronze."raw_consumer_complaints@etl_20260715_000000"' does not exist", query_id=20260716_031417_00011_rce8a)

During handling of the above exception, another exception occurred:

Traceback (most recent call last):
  File "/home/airflow/.local/lib/python3.10/site-packages/airflow/models/taskinstance.py", line 767, in _execute_task
    result = _execute_callable(context=context, **execute_callable_kwargs)
  File "/home/airflow/.local/lib/python3.10/site-packages/airflow/models/taskinstance.py", line 733, in _execute_callable
    return ExecutionCallableRunner(
  File "/home/airflow/.local/lib/python3.10/site-packages/airflow/utils/operator_helpers.py", line 252, in run
    return self.func(*args, **kwargs)
  File "/home/airflow/.local/lib/python3.10/site-packages/airflow/models/baseoperator.py", line 406, in wrapper
    return func(self, *args, **kwargs)
  File "/home/airflow/.local/lib/python3.10/site-packages/airflow/decorators/base.py", line 266, in execute
    return_value = super().execute(context)
  File "/home/airflow/.local/lib/python3.10/site-packages/airflow/models/baseoperator.py", line 406, in wrapper
    return func(self, *args, **kwargs)
  File "/home/airflow/.local/lib/python3.10/site-packages/airflow/operators/python.py", line 238, in execute
    return_value = self.execute_callable()
  File "/home/airflow/.local/lib/python3.10/site-packages/airflow/operators/python.py", line 256, in execute_callable
    return runner.run(*self.op_args, **self.op_kwargs)
  File "/home/airflow/.local/lib/python3.10/site-packages/airflow/utils/operator_helpers.py", line 252, in run
    return self.func(*args, **kwargs)
  File "/opt/airflow/dags/wap_consumer_complaints_pipeline.py", line 235, in audit_rescued_data
    raise AirflowException(f"Lỗi truy vấn Audit Data trên nhánh {env_data['branch_name']}: {e}")
airflow.exceptions.AirflowException: Lỗi truy vấn Audit Data trên nhánh etl_20260715_000000: TrinoUserError(type=USER_ERROR, name=TABLE_NOT_FOUND, message="line 1:22: Table 'lakehouse.bronze."raw_consumer_complaints@etl_20260715_000000"' does not exist", query_id=20260716_031417_00011_rce8a)
[2026-07-16T03:14:17.723+0000] {taskinstance.py:1225} INFO - Marking task as UP_FOR_RETRY. dag_id=wap_consumer_complaints_pipeline, task_id=audit_rescued_data, run_id=scheduled__2026-07-15T00:00:00+00:00, execution_date=20260715T000000, start_date=20260716T031417, end_date=20260716T031417
[2026-07-16T03:14:17.740+0000] {taskinstance.py:340} INFO - ::group::Post task execution logs
[2026-07-16T03:14:17.742+0000] {standard_task_runner.py:124} ERROR - Failed to execute job 16 for task audit_rescued_data (Lỗi truy vấn Audit Data trên nhánh etl_20260715_000000: TrinoUserError(type=USER_ERROR, name=TABLE_NOT_FOUND, message="line 1:22: Table 'lakehouse.bronze."raw_consumer_complaints@etl_20260715_000000"' does not exist", query_id=20260716_031417_00011_rce8a); 1594)
Traceback (most recent call last):
  File "/home/airflow/.local/lib/python3.10/site-packages/airflow/providers/trino/hooks/trino.py", line 191, in get_first
    return super().get_first(self.strip_sql_string(sql), parameters)
  File "/home/airflow/.local/lib/python3.10/site-packages/airflow/providers/common/sql/hooks/sql.py", line 332, in get_first
    return self.run(sql=sql, parameters=parameters, handler=fetch_one_handler)
  File "/home/airflow/.local/lib/python3.10/site-packages/airflow/providers/common/sql/hooks/sql.py", line 456, in run
    self._run_command(cur, sql_statement, parameters)
  File "/home/airflow/.local/lib/python3.10/site-packages/airflow/providers/common/sql/hooks/sql.py", line 514, in _run_command
    cur.execute(sql_statement)
  File "/home/airflow/.local/lib/python3.10/site-packages/trino/dbapi.py", line 589, in execute
    self._iterator = iter(self._query.execute())
  File "/home/airflow/.local/lib/python3.10/site-packages/trino/client.py", line 819, in execute
    self._result.rows += self.fetch()
  File "/home/airflow/.local/lib/python3.10/site-packages/trino/client.py", line 839, in fetch
    status = self._request.process(response)
  File "/home/airflow/.local/lib/python3.10/site-packages/trino/client.py", line 611, in process
    raise self._process_error(response["error"], response.get("id"))
trino.exceptions.TrinoUserError: TrinoUserError(type=USER_ERROR, name=TABLE_NOT_FOUND, message="line 1:22: Table 'lakehouse.bronze."raw_consumer_complaints@etl_20260715_000000"' does not exist", query_id=20260716_031417_00011_rce8a)

During handling of the above exception, another exception occurred:

Traceback (most recent call last):
  File "/opt/airflow/dags/wap_consumer_complaints_pipeline.py", line 232, in audit_rescued_data
    records = trino_hook.get_first(audit_sql)
  File "/home/airflow/.local/lib/python3.10/site-packages/airflow/providers/trino/hooks/trino.py", line 193, in get_first
    raise TrinoException(e)
airflow.providers.trino.hooks.trino.TrinoException: TrinoUserError(type=USER_ERROR, name=TABLE_NOT_FOUND, message="line 1:22: Table 'lakehouse.bronze."raw_consumer_complaints@etl_20260715_000000"' does not exist", query_id=20260716_031417_00011_rce8a)

During handling of the above exception, another exception occurred:

Traceback (most recent call last):
  File "/home/airflow/.local/lib/python3.10/site-packages/airflow/task/task_runner/standard_task_runner.py", line 117, in _start_by_fork
    ret = args.func(args, dag=self.dag)
  File "/home/airflow/.local/lib/python3.10/site-packages/airflow/cli/cli_config.py", line 49, in command
    return func(*args, **kwargs)
  File "/home/airflow/.local/lib/python3.10/site-packages/airflow/utils/cli.py", line 115, in wrapper
    return f(*args, **kwargs)
  File "/home/airflow/.local/lib/python3.10/site-packages/airflow/cli/commands/task_command.py", line 483, in task_run
    task_return_code = _run_task_by_selected_method(args, _dag, ti)
  File "/home/airflow/.local/lib/python3.10/site-packages/airflow/cli/commands/task_command.py", line 256, in _run_task_by_selected_method
    return _run_raw_task(args, ti)
  File "/home/airflow/.local/lib/python3.10/site-packages/airflow/cli/commands/task_command.py", line 341, in _run_raw_task
    return ti._run_raw_task(
  File "/home/airflow/.local/lib/python3.10/site-packages/airflow/utils/session.py", line 97, in wrapper
    return func(*args, session=session, **kwargs)
  File "/home/airflow/.local/lib/python3.10/site-packages/airflow/models/taskinstance.py", line 3004, in _run_raw_task
    return _run_raw_task(
  File "/home/airflow/.local/lib/python3.10/site-packages/airflow/models/taskinstance.py", line 273, in _run_raw_task
    TaskInstance._execute_task_with_callbacks(
  File "/home/airflow/.local/lib/python3.10/site-packages/airflow/models/taskinstance.py", line 3158, in _execute_task_with_callbacks
    result = self._execute_task(context, task_orig)
  File "/home/airflow/.local/lib/python3.10/site-packages/airflow/models/taskinstance.py", line 3182, in _execute_task
    return _execute_task(self, context, task_orig)
  File "/home/airflow/.local/lib/python3.10/site-packages/airflow/models/taskinstance.py", line 767, in _execute_task
    result = _execute_callable(context=context, **execute_callable_kwargs)
  File "/home/airflow/.local/lib/python3.10/site-packages/airflow/models/taskinstance.py", line 733, in _execute_callable
    return ExecutionCallableRunner(
  File "/home/airflow/.local/lib/python3.10/site-packages/airflow/utils/operator_helpers.py", line 252, in run
    return self.func(*args, **kwargs)
  File "/home/airflow/.local/lib/python3.10/site-packages/airflow/models/baseoperator.py", line 406, in wrapper
    return func(self, *args, **kwargs)
  File "/home/airflow/.local/lib/python3.10/site-packages/airflow/decorators/base.py", line 266, in execute
    return_value = super().execute(context)
  File "/home/airflow/.local/lib/python3.10/site-packages/airflow/models/baseoperator.py", line 406, in wrapper
    return func(self, *args, **kwargs)
  File "/home/airflow/.local/lib/python3.10/site-packages/airflow/operators/python.py", line 238, in execute
    return_value = self.execute_callable()
  File "/home/airflow/.local/lib/python3.10/site-packages/airflow/operators/python.py", line 256, in execute_callable
    return runner.run(*self.op_args, **self.op_kwargs)
  File "/home/airflow/.local/lib/python3.10/site-packages/airflow/utils/operator_helpers.py", line 252, in run
    return self.func(*args, **kwargs)
  File "/opt/airflow/dags/wap_consumer_complaints_pipeline.py", line 235, in audit_rescued_data
    raise AirflowException(f"Lỗi truy vấn Audit Data trên nhánh {env_data['branch_name']}: {e}")
airflow.exceptions.AirflowException: Lỗi truy vấn Audit Data trên nhánh etl_20260715_000000: TrinoUserError(type=USER_ERROR, name=TABLE_NOT_FOUND, message="line 1:22: Table 'lakehouse.bronze."raw_consumer_complaints@etl_20260715_000000"' does not exist", query_id=20260716_031417_00011_rce8a)
[2026-07-16T03:14:17.761+0000] {local_task_job_runner.py:266} INFO - Task exited with return code 1
[2026-07-16T03:14:17.794+0000] {taskinstance.py:3900} INFO - 0 downstream tasks scheduled from follow-on schedule check
[2026-07-16T03:14:17.798+0000] {local_task_job_runner.py:245} INFO - ::endgroup::
