[2026-07-02T03:11:03.521+0000] {taskinstance.py:1979} INFO - Dependencies all met for dep_context=non-requeueable deps ti=<TaskInstance: dbt_silver_gold.gold_layer.metricflow_time_spine_run scheduled__2026-07-01T00:00:00+00:00 [queued]>
[2026-07-02T03:11:03.535+0000] {taskinstance.py:1979} INFO - Dependencies all met for dep_context=requeueable deps ti=<TaskInstance: dbt_silver_gold.gold_layer.metricflow_time_spine_run scheduled__2026-07-01T00:00:00+00:00 [queued]>
[2026-07-02T03:11:03.537+0000] {taskinstance.py:2193} INFO - Starting attempt 1 of 1
[2026-07-02T03:11:03.554+0000] {taskinstance.py:2214} INFO - Executing <Task(DbtRunLocalOperator): gold_layer.metricflow_time_spine_run> on 2026-07-01 00:00:00+00:00
[2026-07-02T03:11:03.559+0000] {standard_task_runner.py:60} INFO - Started process 594 to run task
[2026-07-02T03:11:03.563+0000] {standard_task_runner.py:87} INFO - Running: ['airflow', 'tasks', 'run', 'dbt_silver_gold', 'gold_layer.metricflow_time_spine_run', 'scheduled__2026-07-01T00:00:00+00:00', '--job-id', '21', '--raw', '--subdir', 'DAGS_FOLDER/dbt_silver_gold.py', '--cfg-path', '/tmp/tmpyj2fnfab']
[2026-07-02T03:11:03.567+0000] {standard_task_runner.py:88} INFO - Job 21: Subtask gold_layer.metricflow_time_spine_run
[2026-07-02T03:11:03.655+0000] {task_command.py:423} INFO - Running <TaskInstance: dbt_silver_gold.gold_layer.metricflow_time_spine_run scheduled__2026-07-01T00:00:00+00:00 [running]> on host de0130cc60b3
[2026-07-02T03:11:03.965+0000] {taskinstance.py:2510} INFO - Exporting env vars: AIRFLOW_CTX_DAG_OWNER='airflow' AIRFLOW_CTX_DAG_ID='dbt_silver_gold' AIRFLOW_CTX_TASK_ID='gold_layer.metricflow_time_spine_run' AIRFLOW_CTX_EXECUTION_DATE='2026-07-01T00:00:00+00:00' AIRFLOW_CTX_TRY_NUMBER='1' AIRFLOW_CTX_DAG_RUN_ID='scheduled__2026-07-01T00:00:00+00:00'
[2026-07-02T03:11:05.000+0000] {local.py:244} INFO - dbtRunner is available. Using dbtRunner for invoking dbt.
[2026-07-02T03:11:05.001+0000] {local.py:464} INFO - Cloning project to writable temp directory /tmp/tmp6o24tphx from /opt/airflow/dbt_transform
[2026-07-02T03:11:05.015+0000] {local.py:484} INFO - Partial parse is enabled and the latest partial parse file is /tmp/cosmos/dbt_silver_gold__gold_layer/target/partial_parse.msgpack
[2026-07-02T03:11:05.027+0000] {config.py:360} INFO - Using user-supplied profiles.yml at /opt/airflow/dbt_transform/profiles.yml
[2026-07-02T03:11:05.043+0000] {runner.py:60} INFO - Trying to run dbtRunner with:
 ['deps', '--project-dir', '/tmp/tmp6o24tphx', '--profiles-dir', '/opt/airflow/dbt_transform', '--profile', 'lakehouse_dbt', '--target', 'dev', '--no-static-parser']
 in /tmp/tmp6o24tphx
[2026-07-02T03:11:05.144+0000] {logging_mixin.py:188} INFO - 03:11:05  Running with dbt=1.8.7
[2026-07-02T03:11:05.334+0000] {graph.py:611} INFO - Trying to parse the dbt project using dbt ls cache cosmos_cache__dbt_silver_gold__silver_layer...
[2026-07-02T03:11:07.896+0000] {cache.py:320} INFO - Cosmos performance: time to calculate cache identifier cosmos_cache__dbt_silver_gold__silver_layer for current version: 2.5495140029997856
[2026-07-02T03:11:07.897+0000] {graph.py:628} INFO - Cosmos performance [de0130cc60b3|594]: The cache size for cosmos_cache__dbt_silver_gold__silver_layer is 2980
[2026-07-02T03:11:07.898+0000] {graph.py:636} INFO - Cosmos performance: Cache hit for cosmos_cache__dbt_silver_gold__silver_layer - 2100e30e0fd641107626a3d2c6606995,5e34606eb5f2b3dea81a8e19fa3ba138
[2026-07-02T03:11:07.898+0000] {graph.py:561} INFO - Total nodes: 4
[2026-07-02T03:11:07.899+0000] {graph.py:562} INFO - Total filtered nodes: 4
[2026-07-02T03:11:07.900+0000] {converter.py:291} INFO - Cosmos performance (dbt_silver_gold__silver_layer) -  [de0130cc60b3|594]: It took 2.57s to parse the dbt project for DAG using LoadMode.DBT_LS_CACHE
[2026-07-02T03:11:07.910+0000] {converter.py:336} INFO - Cosmos performance (dbt_silver_gold__silver_layer) - [de0130cc60b3|594]: It took 0.0109s to build the Airflow DAG.
[2026-07-02T03:11:07.914+0000] {graph.py:611} INFO - Trying to parse the dbt project using dbt ls cache cosmos_cache__dbt_silver_gold__gold_layer...
[2026-07-02T03:11:10.818+0000] {cache.py:320} INFO - Cosmos performance: time to calculate cache identifier cosmos_cache__dbt_silver_gold__gold_layer for current version: 2.8919670559989754
[2026-07-02T03:11:10.819+0000] {graph.py:628} INFO - Cosmos performance [de0130cc60b3|594]: The cache size for cosmos_cache__dbt_silver_gold__gold_layer is 28926
[2026-07-02T03:11:10.820+0000] {graph.py:636} INFO - Cosmos performance: Cache hit for cosmos_cache__dbt_silver_gold__gold_layer - 2100e30e0fd641107626a3d2c6606995,c3a79eb2a33bd9f2182805b663a126a1
[2026-07-02T03:11:10.821+0000] {graph.py:561} INFO - Total nodes: 35
[2026-07-02T03:11:10.821+0000] {graph.py:562} INFO - Total filtered nodes: 35
[2026-07-02T03:11:10.821+0000] {converter.py:291} INFO - Cosmos performance (dbt_silver_gold__gold_layer) -  [de0130cc60b3|594]: It took 2.91s to parse the dbt project for DAG using LoadMode.DBT_LS_CACHE
[2026-07-02T03:11:10.825+0000] {graph.py:332} WARNING - Unavailable conversion function for <DbtResourceType.METRIC> (node <metric.consumer_complaints_transformation.avg_response_time_days>). Define a converter function using render_config.node_converters.
[2026-07-02T03:11:10.826+0000] {graph.py:332} WARNING - Unavailable conversion function for <DbtResourceType.METRIC> (node <metric.consumer_complaints_transformation.total_complaints>). Define a converter function using render_config.node_converters.
[2026-07-02T03:11:10.878+0000] {graph.py:332} WARNING - Unavailable conversion function for <DbtResourceType.SEMANTIC_MODEL> (node <semantic_model.consumer_complaints_transformation.complaints>). Define a converter function using render_config.node_converters.
[2026-07-02T03:11:10.879+0000] {converter.py:336} INFO - Cosmos performance (dbt_silver_gold__gold_layer) - [de0130cc60b3|594]: It took 0.0577s to build the Airflow DAG.
[2026-07-02T03:11:11.522+0000] {logging_mixin.py:188} INFO - 03:11:11  Installing dbt-labs/dbt_utils
[2026-07-02T03:11:12.050+0000] {logging_mixin.py:188} INFO - 03:11:12  Installed from version 1.3.0
[2026-07-02T03:11:12.051+0000] {logging_mixin.py:188} INFO - 03:11:12  Updated version available: 1.4.1
[2026-07-02T03:11:12.052+0000] {logging_mixin.py:188} INFO - 03:11:12  Installing metaplane/dbt_expectations
[2026-07-02T03:11:12.977+0000] {logging_mixin.py:188} INFO - 03:11:12  Installed from version 0.10.8
[2026-07-02T03:11:12.978+0000] {logging_mixin.py:188} INFO - 03:11:12  Updated version available: 0.10.10
[2026-07-02T03:11:12.979+0000] {logging_mixin.py:188} INFO - 03:11:12  Installing godatadriven/dbt_date
[2026-07-02T03:11:13.549+0000] {logging_mixin.py:188} INFO - 03:11:13  Installed from version 0.15.0
[2026-07-02T03:11:13.551+0000] {logging_mixin.py:188} INFO - 03:11:13  Up to date!
[2026-07-02T03:11:13.553+0000] {logging_mixin.py:188} INFO - 03:11:13
[2026-07-02T03:11:13.555+0000] {logging_mixin.py:188} INFO - 03:11:13  Updates available for packages: ['dbt-labs/dbt_utils', 'metaplane/dbt_expectations']                 
Update your versions in packages.yml, then run dbt deps
[2026-07-02T03:11:14.588+0000] {runner.py:60} INFO - Trying to run dbtRunner with:
 ['run', '--models', 'metricflow_time_spine', '--project-dir', '/tmp/tmp6o24tphx', '--profiles-dir', '/opt/airflow/dbt_transform', '--profile', 'lakehouse_dbt', '--target', 'dev', '--no-static-parser']
 in /tmp/tmp6o24tphx
[2026-07-02T03:11:14.621+0000] {logging_mixin.py:188} INFO - 03:11:14  Running with dbt=1.8.7
[2026-07-02T03:11:14.672+0000] {auth.py:343} INFO - keyring module not found. OAuth2 token will not be stored in keyring.
[2026-07-02T03:11:14.682+0000] {auth.py:343} INFO - keyring module not found. OAuth2 token will not be stored in keyring.
[2026-07-02T03:11:14.948+0000] {logging_mixin.py:188} INFO - 03:11:14  Registered adapter: trino=1.8.5
[2026-07-02T03:11:18.519+0000] {logging_mixin.py:188} INFO - 03:11:18  Found 9 models, 26 data tests, 1 source, 2 metrics, 838 macros, 1 semantic model
[2026-07-02T03:11:18.528+0000] {logging_mixin.py:188} INFO - 03:11:18
[2026-07-02T03:11:18.638+0000] {logging_mixin.py:188} INFO - 03:11:18  [WARNING]: SSL certificate validation is disabled by default. It is legacy behavior which will be changed in future releases. It is strongly advised to enable `require_certificate_validation` flag or explicitly set `cert` configuration to `True` for security reasons. You may receive an error after that if your SSL setup is incorrect.
You may opt into the new behavior sooner by setting `flags.require_certificate_validation` to `True` in `dbt_project.yml`.
Visit https://docs.getdbt.com/reference/global-configs/behavior-changes for more information.
[2026-07-02T03:11:19.479+0000] {logging_mixin.py:188} INFO - 03:11:19  Concurrency: 4 threads (target='dev')
[2026-07-02T03:11:19.485+0000] {logging_mixin.py:188} INFO - 03:11:19
[2026-07-02T03:11:19.501+0000] {logging_mixin.py:188} INFO - 03:11:19  1 of 1 START sql table model gold.metricflow_time_spine ........................ [RUN]
[2026-07-02T03:11:20.790+0000] {logging_mixin.py:188} INFO - 03:11:20  1 of 1 OK created sql table model gold.metricflow_time_spine ................... [CREATE TABLE (2_191 rows) in 1.27s]
[2026-07-02T03:11:20.804+0000] {logging_mixin.py:188} INFO - 03:11:20
[2026-07-02T03:11:20.806+0000] {logging_mixin.py:188} INFO - 03:11:20  Finished running 1 table model in 0 hours 0 minutes and 2.27 seconds (2.27s).
[2026-07-02T03:11:20.910+0000] {logging_mixin.py:188} INFO - 03:11:20
[2026-07-02T03:11:20.912+0000] {logging_mixin.py:188} INFO - 03:11:20  Completed successfully
[2026-07-02T03:11:20.914+0000] {logging_mixin.py:188} INFO - 03:11:20
[2026-07-02T03:11:20.916+0000] {logging_mixin.py:188} INFO - 03:11:20  Done. PASS=1 WARN=0 ERROR=0 SKIP=0 TOTAL=1
[2026-07-02T03:11:21.966+0000] {local.py:138} WARNING - Artifact schema version: https://schemas.getdbt.com/dbt/manifest/v12.json is above dbt-ol supported version 7. This might cause errors.
[2026-07-02T03:11:21.967+0000] {local.py:138} WARNING - Artifact schema version: https://schemas.getdbt.com/dbt/run-results/v6.json is above dbt-ol supported version 5. This might cause errors.
[2026-07-02T03:11:21.975+0000] {local.py:538} INFO - Inlets: []
[2026-07-02T03:11:21.975+0000] {local.py:539} INFO - Outlets: []
[2026-07-02T03:11:21.976+0000] {local.py:761} INFO - Assigning inlets/outlets without DatasetAlias
[2026-07-02T03:11:21.976+0000] {dag.py:3047} INFO - Sync 1 DAGs
[2026-07-02T03:11:22.066+0000] {taskinstance.py:1149} INFO - Marking task as SUCCESS. dag_id=dbt_silver_gold, task_id=gold_layer.metricflow_time_spine_run, execution_date=20260701T000000, start_date=20260702T031103, end_date=20260702T031122
[2026-07-02T03:11:22.121+0000] {local_task_job_runner.py:234} INFO - Task exited with return code 0
[2026-07-02T03:11:22.148+0000] {taskinstance.py:3309} INFO - 0 downstream tasks scheduled from follow-on schedule check
[2026-07-02T09:28:37.826+0000] {taskinstance.py:1979} INFO - Dependencies all met for dep_context=non-requeueable deps ti=<TaskInstance: dbt_silver_gold.gold_layer.metricflow_time_spine_run scheduled__2026-07-01T00:00:00+00:00 [queued]>
[2026-07-02T09:28:37.841+0000] {taskinstance.py:1979} INFO - Dependencies all met for dep_context=requeueable deps ti=<TaskInstance: dbt_silver_gold.gold_layer.metricflow_time_spine_run scheduled__2026-07-01T00:00:00+00:00 [queued]>
[2026-07-02T09:28:37.842+0000] {taskinstance.py:2193} INFO - Starting attempt 1 of 1
[2026-07-02T09:28:37.863+0000] {taskinstance.py:2214} INFO - Executing <Task(DbtRunLocalOperator): gold_layer.metricflow_time_spine_run> on 2026-07-01 00:00:00+00:00
[2026-07-02T09:28:37.874+0000] {standard_task_runner.py:60} INFO - Started process 471 to run task
[2026-07-02T09:28:37.879+0000] {standard_task_runner.py:87} INFO - Running: ['airflow', 'tasks', 'run', 'dbt_silver_gold', 'gold_layer.metricflow_time_spine_run', 'scheduled__2026-07-01T00:00:00+00:00', '--job-id', '19', '--raw', '--subdir', 'DAGS_FOLDER/dbt_silver_gold.py', '--cfg-path', '/tmp/tmpdub6gw9w']
[2026-07-02T09:28:37.883+0000] {standard_task_runner.py:88} INFO - Job 19: Subtask gold_layer.metricflow_time_spine_run
[2026-07-02T09:28:38.003+0000] {task_command.py:423} INFO - Running <TaskInstance: dbt_silver_gold.gold_layer.metricflow_time_spine_run scheduled__2026-07-01T00:00:00+00:00 [running]> on host d66718608651
[2026-07-02T09:28:38.448+0000] {taskinstance.py:2510} INFO - Exporting env vars: AIRFLOW_CTX_DAG_OWNER='airflow' AIRFLOW_CTX_DAG_ID='dbt_silver_gold' AIRFLOW_CTX_TASK_ID='gold_layer.metricflow_time_spine_run' AIRFLOW_CTX_EXECUTION_DATE='2026-07-01T00:00:00+00:00' AIRFLOW_CTX_TRY_NUMBER='1' AIRFLOW_CTX_DAG_RUN_ID='scheduled__2026-07-01T00:00:00+00:00'
[2026-07-02T09:28:39.765+0000] {local.py:244} INFO - dbtRunner is available. Using dbtRunner for invoking dbt.
[2026-07-02T09:28:39.767+0000] {local.py:464} INFO - Cloning project to writable temp directory /tmp/tmpr0680tac from /opt/airflow/dbt_transform
[2026-07-02T09:28:39.779+0000] {local.py:484} INFO - Partial parse is enabled and the latest partial parse file is /tmp/cosmos/dbt_silver_gold__gold_layer/target/partial_parse.msgpack
[2026-07-02T09:28:39.803+0000] {config.py:360} INFO - Using user-supplied profiles.yml at /opt/airflow/dbt_transform/profiles.yml
[2026-07-02T09:28:39.822+0000] {runner.py:60} INFO - Trying to run dbtRunner with:
 ['deps', '--project-dir', '/tmp/tmpr0680tac', '--profiles-dir', '/opt/airflow/dbt_transform', '--profile', 'lakehouse_dbt', '--target', 'dev', '--no-static-parser']
 in /tmp/tmpr0680tac
[2026-07-02T09:28:39.959+0000] {logging_mixin.py:188} INFO - 09:28:39  Running with dbt=1.8.7
[2026-07-02T09:28:40.194+0000] {graph.py:611} INFO - Trying to parse the dbt project using dbt ls cache cosmos_cache__dbt_silver_gold__silver_layer...
[2026-07-02T09:28:42.256+0000] {cache.py:320} INFO - Cosmos performance: time to calculate cache identifier cosmos_cache__dbt_silver_gold__silver_layer for current version: 2.045824814000298
[2026-07-02T09:28:42.257+0000] {graph.py:628} INFO - Cosmos performance [d66718608651|471]: The cache size for cosmos_cache__dbt_silver_gold__silver_layer is 2980
[2026-07-02T09:28:42.258+0000] {graph.py:636} INFO - Cosmos performance: Cache hit for cosmos_cache__dbt_silver_gold__silver_layer - ac833fed299a03a6109c9771254c5023,5e34606eb5f2b3dea81a8e19fa3ba138
[2026-07-02T09:28:42.258+0000] {graph.py:561} INFO - Total nodes: 4
[2026-07-02T09:28:42.259+0000] {graph.py:562} INFO - Total filtered nodes: 4
[2026-07-02T09:28:42.259+0000] {converter.py:291} INFO - Cosmos performance (dbt_silver_gold__silver_layer) -  [d66718608651|471]: It took 2.07s to parse the dbt project for DAG using LoadMode.DBT_LS_CACHE
[2026-07-02T09:28:42.269+0000] {converter.py:336} INFO - Cosmos performance (dbt_silver_gold__silver_layer) - [d66718608651|471]: It took 0.00938s to build the Airflow DAG.
[2026-07-02T09:28:42.273+0000] {graph.py:611} INFO - Trying to parse the dbt project using dbt ls cache cosmos_cache__dbt_silver_gold__gold_layer...
[2026-07-02T09:28:44.390+0000] {cache.py:320} INFO - Cosmos performance: time to calculate cache identifier cosmos_cache__dbt_silver_gold__gold_layer for current version: 2.1060527520003234
[2026-07-02T09:28:44.391+0000] {graph.py:628} INFO - Cosmos performance [d66718608651|471]: The cache size for cosmos_cache__dbt_silver_gold__gold_layer is 28926
[2026-07-02T09:28:44.392+0000] {graph.py:636} INFO - Cosmos performance: Cache hit for cosmos_cache__dbt_silver_gold__gold_layer - ac833fed299a03a6109c9771254c5023,c3a79eb2a33bd9f2182805b663a126a1
[2026-07-02T09:28:44.393+0000] {graph.py:561} INFO - Total nodes: 35
[2026-07-02T09:28:44.393+0000] {graph.py:562} INFO - Total filtered nodes: 35
[2026-07-02T09:28:44.394+0000] {converter.py:291} INFO - Cosmos performance (dbt_silver_gold__gold_layer) -  [d66718608651|471]: It took 2.12s to parse the dbt project for DAG using LoadMode.DBT_LS_CACHE
[2026-07-02T09:28:44.398+0000] {graph.py:332} WARNING - Unavailable conversion function for <DbtResourceType.METRIC> (node <metric.consumer_complaints_transformation.avg_response_time_days>). Define a converter function using render_config.node_converters.
[2026-07-02T09:28:44.398+0000] {graph.py:332} WARNING - Unavailable conversion function for <DbtResourceType.METRIC> (node <metric.consumer_complaints_transformation.total_complaints>). Define a converter function using render_config.node_converters.
[2026-07-02T09:28:44.428+0000] {graph.py:332} WARNING - Unavailable conversion function for <DbtResourceType.SEMANTIC_MODEL> (node <semantic_model.consumer_complaints_transformation.complaints>). Define a converter function using render_config.node_converters.
[2026-07-02T09:28:44.430+0000] {converter.py:336} INFO - Cosmos performance (dbt_silver_gold__gold_layer) - [d66718608651|471]: It took 0.0358s to build the Airflow DAG.
[2026-07-02T09:28:45.086+0000] {logging_mixin.py:188} INFO - 09:28:45  Installing dbt-labs/dbt_utils
[2026-07-02T09:28:45.624+0000] {logging_mixin.py:188} INFO - 09:28:45  Installed from version 1.3.0
[2026-07-02T09:28:45.625+0000] {logging_mixin.py:188} INFO - 09:28:45  Updated version available: 1.4.1
[2026-07-02T09:28:45.626+0000] {logging_mixin.py:188} INFO - 09:28:45  Installing metaplane/dbt_expectations
[2026-07-02T09:28:46.664+0000] {logging_mixin.py:188} INFO - 09:28:46  Installed from version 0.10.8
[2026-07-02T09:28:46.665+0000] {logging_mixin.py:188} INFO - 09:28:46  Updated version available: 0.10.10
[2026-07-02T09:28:46.667+0000] {logging_mixin.py:188} INFO - 09:28:46  Installing godatadriven/dbt_date
[2026-07-02T09:28:47.229+0000] {logging_mixin.py:188} INFO - 09:28:47  Installed from version 0.15.0
[2026-07-02T09:28:47.230+0000] {logging_mixin.py:188} INFO - 09:28:47  Up to date!
[2026-07-02T09:28:47.232+0000] {logging_mixin.py:188} INFO - 09:28:47
[2026-07-02T09:28:47.232+0000] {logging_mixin.py:188} INFO - 09:28:47  Updates available for packages: ['dbt-labs/dbt_utils', 'metaplane/dbt_expectations']                 
Update your versions in packages.yml, then run dbt deps
[2026-07-02T09:28:48.280+0000] {runner.py:60} INFO - Trying to run dbtRunner with:
 ['run', '--models', 'metricflow_time_spine', '--project-dir', '/tmp/tmpr0680tac', '--profiles-dir', '/opt/airflow/dbt_transform', '--profile', 'lakehouse_dbt', '--target', 'dev', '--no-static-parser']
 in /tmp/tmpr0680tac
[2026-07-02T09:28:48.308+0000] {logging_mixin.py:188} INFO - 09:28:48  Running with dbt=1.8.7
[2026-07-02T09:28:48.344+0000] {auth.py:343} INFO - keyring module not found. OAuth2 token will not be stored in keyring.
[2026-07-02T09:28:48.347+0000] {auth.py:343} INFO - keyring module not found. OAuth2 token will not be stored in keyring.
[2026-07-02T09:28:48.510+0000] {logging_mixin.py:188} INFO - 09:28:48  Registered adapter: trino=1.8.5
[2026-07-02T09:28:49.906+0000] {logging_mixin.py:188} INFO - 09:28:49  Found 9 models, 26 data tests, 1 source, 2 metrics, 838 macros, 1 semantic model
[2026-07-02T09:28:49.910+0000] {logging_mixin.py:188} INFO - 09:28:49
[2026-07-02T09:28:49.994+0000] {logging_mixin.py:188} INFO - 09:28:49  [WARNING]: SSL certificate validation is disabled by default. It is legacy behavior which will be changed in future releases. It is strongly advised to enable `require_certificate_validation` flag or explicitly set `cert` configuration to `True` for security reasons. You may receive an error after that if your SSL setup is incorrect.
You may opt into the new behavior sooner by setting `flags.require_certificate_validation` to `True` in `dbt_project.yml`.
Visit https://docs.getdbt.com/reference/global-configs/behavior-changes for more information.
[2026-07-02T09:28:50.938+0000] {logging_mixin.py:188} INFO - 09:28:50  Concurrency: 4 threads (target='dev')
[2026-07-02T09:28:50.940+0000] {logging_mixin.py:188} INFO - 09:28:50
[2026-07-02T09:28:50.947+0000] {logging_mixin.py:188} INFO - 09:28:50  1 of 1 START sql table model gold.metricflow_time_spine ........................ [RUN]
[2026-07-02T09:28:52.628+0000] {logging_mixin.py:188} INFO - 09:28:52  1 of 1 OK created sql table model gold.metricflow_time_spine ................... [CREATE TABLE (2_191 rows) in 1.67s]
[2026-07-02T09:28:52.653+0000] {logging_mixin.py:188} INFO - 09:28:52
[2026-07-02T09:28:52.658+0000] {logging_mixin.py:188} INFO - 09:28:52  Finished running 1 table model in 0 hours 0 minutes and 2.74 seconds (2.74s).
[2026-07-02T09:28:52.856+0000] {logging_mixin.py:188} INFO - 09:28:52
[2026-07-02T09:28:52.859+0000] {logging_mixin.py:188} INFO - 09:28:52  Completed successfully
[2026-07-02T09:28:52.862+0000] {logging_mixin.py:188} INFO - 09:28:52
[2026-07-02T09:28:52.870+0000] {logging_mixin.py:188} INFO - 09:28:52  Done. PASS=1 WARN=0 ERROR=0 SKIP=0 TOTAL=1
[2026-07-02T09:28:54.100+0000] {local.py:138} WARNING - Artifact schema version: https://schemas.getdbt.com/dbt/manifest/v12.json is above dbt-ol supported version 7. This might cause errors.
[2026-07-02T09:28:54.113+0000] {local.py:138} WARNING - Artifact schema version: https://schemas.getdbt.com/dbt/run-results/v6.json is above dbt-ol supported version 5. This might cause errors.
[2026-07-02T09:28:54.156+0000] {local.py:538} INFO - Inlets: []
[2026-07-02T09:28:54.163+0000] {local.py:539} INFO - Outlets: []
[2026-07-02T09:28:54.164+0000] {local.py:761} INFO - Assigning inlets/outlets without DatasetAlias
[2026-07-02T09:28:54.166+0000] {dag.py:3047} INFO - Sync 1 DAGs
[2026-07-02T09:28:54.464+0000] {taskinstance.py:1149} INFO - Marking task as SUCCESS. dag_id=dbt_silver_gold, task_id=gold_layer.metricflow_time_spine_run, execution_date=20260701T000000, start_date=20260702T092837, end_date=20260702T092854
[2026-07-02T09:28:54.567+0000] {local_task_job_runner.py:234} INFO - Task exited with return code 0
[2026-07-02T09:28:54.645+0000] {taskinstance.py:3309} INFO - 0 downstream tasks scheduled from follow-on schedule check
