[2026-07-14T01:36:32.848+0000] {local_task_job_runner.py:123} INFO - ::group::Pre task execution logs
[2026-07-14T01:36:32.884+0000] {taskinstance.py:2612} INFO - Dependencies all met for dep_context=non-requeueable deps ti=<TaskInstance: dbt_silver_gold_incremental.transform_gold.fct_complaints.run manual__2026-07-14T01:35:17.037657+00:00 [queued]>
[2026-07-14T01:36:32.899+0000] {taskinstance.py:2612} INFO - Dependencies all met for dep_context=requeueable deps ti=<TaskInstance: dbt_silver_gold_incremental.transform_gold.fct_complaints.run manual__2026-07-14T01:35:17.037657+00:00 [queued]>
[2026-07-14T01:36:32.901+0000] {taskinstance.py:2865} INFO - Starting attempt 1 of 2
[2026-07-14T01:36:32.921+0000] {taskinstance.py:2888} INFO - Executing <Task(DbtRunLocalOperator): transform_gold.fct_complaints.run> on 2026-07-14 01:35:17.037657+00:00
[2026-07-14T01:36:32.927+0000] {standard_task_runner.py:72} INFO - Started process 981 to run task
[2026-07-14T01:36:32.935+0000] {standard_task_runner.py:104} INFO - Running: ['airflow', 'tasks', 'run', 'dbt_silver_gold_incremental', 'transform_gold.fct_complaints.run', 'manual__2026-07-14T01:35:17.037657+00:00', '--job-id', '15', '--raw', '--subdir', 'DAGS_FOLDER/dbt_silver_gold.py', '--cfg-path', '/tmp/tmpksn693ej']
[2026-07-14T01:36:32.942+0000] {standard_task_runner.py:105} INFO - Job 15: Subtask transform_gold.fct_complaints.run
[2026-07-14T01:36:33.180+0000] {task_command.py:467} INFO - Running <TaskInstance: dbt_silver_gold_incremental.transform_gold.fct_complaints.run manual__2026-07-14T01:35:17.037657+00:00 [running]> on host 9cb994dc7c37
[2026-07-14T01:36:33.401+0000] {taskinstance.py:3131} INFO - Exporting env vars: AIRFLOW_CTX_DAG_OWNER='data_engineer' AIRFLOW_CTX_DAG_ID='dbt_silver_gold_incremental' AIRFLOW_CTX_TASK_ID='transform_gold.fct_complaints.run' AIRFLOW_CTX_EXECUTION_DATE='2026-07-14T01:35:17.037657+00:00' AIRFLOW_CTX_TRY_NUMBER='1' AIRFLOW_CTX_DAG_RUN_ID='manual__2026-07-14T01:35:17.037657+00:00'
[2026-07-14T01:36:33.404+0000] {taskinstance.py:731} INFO - ::endgroup::
[2026-07-14T01:36:36.754+0000] {local.py:294} INFO - dbtRunner is available. Using dbtRunner for invoking dbt.
[2026-07-14T01:36:36.757+0000] {local.py:518} INFO - Cloning project to writable temp directory /tmp/tmpif0x15tq from /opt/airflow/dbt_transform
[2026-07-14T01:36:36.776+0000] {local.py:538} INFO - Partial parse is enabled and the latest partial parse file is None
[2026-07-14T01:36:36.779+0000] {config.py:395} INFO - Using user-supplied profiles.yml at /opt/airflow/dbt_transform/profiles.yml
[2026-07-14T01:36:36.802+0000] {runner.py:95} INFO - Trying to run dbtRunner with:
 ['deps', '--project-dir', '/tmp/tmpif0x15tq', '--profiles-dir', '/opt/airflow/dbt_transform', '--profile', 'lakehouse_dbt', '--target', 'dev', '--no-static-parser']
 in /tmp/tmpif0x15tq
[2026-07-14T01:36:36.979+0000] {logging_mixin.py:190} INFO - 01:36:36  Running with dbt=1.8.8
[2026-07-14T01:36:37.312+0000] {converter.py:314} INFO - ::group::Cosmos DAG parsing logs
[2026-07-14T01:36:37.320+0000] {graph.py:869} INFO - Trying to parse the dbt project using dbt ls cache cosmos_cache__dbt_silver_gold_incremental__transform_silver...
[2026-07-14T01:36:39.927+0000] {cache.py:383} INFO - Cosmos performance: time to calculate cache identifier cosmos_cache__dbt_silver_gold_incremental__transform_silver for current version: 2.5745328069999687
[2026-07-14T01:36:39.929+0000] {graph.py:886} INFO - Cosmos performance [9cb994dc7c37|981]: The cache size for cosmos_cache__dbt_silver_gold_incremental__transform_silver is 3241
[2026-07-14T01:36:39.932+0000] {graph.py:898} INFO - Cosmos performance: Cache hit for cosmos_cache__dbt_silver_gold_incremental__transform_silver - d1170740ead3019e15b47b199f628557,5e34606eb5f2b3dea81a8e19fa3ba138
[2026-07-14T01:36:39.933+0000] {graph.py:799} INFO - Total nodes: 4
[2026-07-14T01:36:39.936+0000] {graph.py:800} INFO - Total filtered nodes: 4
[2026-07-14T01:36:39.938+0000] {converter.py:361} INFO - Cosmos performance (dbt_silver_gold_incremental__transform_silver) - [9cb994dc7c37|981]: It took 2.62s to parse the dbt project for DAG using dbt_ls_cache
[2026-07-14T01:36:39.952+0000] {converter.py:413} INFO - Cosmos performance (dbt_silver_gold_incremental__transform_silver) - [9cb994dc7c37|981]: It took 0.0133s to build the Airflow DAG.
[2026-07-14T01:36:39.954+0000] {converter.py:420} INFO - ::endgroup::Cosmos DAG parsing logs
[2026-07-14T01:36:39.956+0000] {converter.py:314} INFO - ::group::Cosmos DAG parsing logs
[2026-07-14T01:36:39.961+0000] {graph.py:869} INFO - Trying to parse the dbt project using dbt ls cache cosmos_cache__dbt_silver_gold_incremental__transform_gold...
[2026-07-14T01:36:42.796+0000] {cache.py:383} INFO - Cosmos performance: time to calculate cache identifier cosmos_cache__dbt_silver_gold_incremental__transform_gold for current version: 2.810612022999976
[2026-07-14T01:36:42.798+0000] {graph.py:886} INFO - Cosmos performance [9cb994dc7c37|981]: The cache size for cosmos_cache__dbt_silver_gold_incremental__transform_gold is 28174
[2026-07-14T01:36:42.802+0000] {graph.py:898} INFO - Cosmos performance: Cache hit for cosmos_cache__dbt_silver_gold_incremental__transform_gold - d1170740ead3019e15b47b199f628557,304321e940a9403dceb380589bd0566f
[2026-07-14T01:36:42.808+0000] {graph.py:799} INFO - Total nodes: 32
[2026-07-14T01:36:42.810+0000] {graph.py:800} INFO - Total filtered nodes: 32
[2026-07-14T01:36:42.812+0000] {converter.py:361} INFO - Cosmos performance (dbt_silver_gold_incremental__transform_gold) - [9cb994dc7c37|981]: It took 2.85s to parse the dbt project for DAG using dbt_ls_cache
[2026-07-14T01:36:42.858+0000] {converter.py:413} INFO - Cosmos performance (dbt_silver_gold_incremental__transform_gold) - [9cb994dc7c37|981]: It took 0.0459s to build the Airflow DAG.
[2026-07-14T01:36:42.860+0000] {converter.py:420} INFO - ::endgroup::Cosmos DAG parsing logs
[2026-07-14T01:36:42.863+0000] {converter.py:314} INFO - ::group::Cosmos DAG parsing logs
[2026-07-14T01:36:42.871+0000] {graph.py:869} INFO - Trying to parse the dbt project using dbt ls cache cosmos_cache__dbt_silver_gold_full_load__transform_silver...
[2026-07-14T01:36:45.604+0000] {cache.py:383} INFO - Cosmos performance: time to calculate cache identifier cosmos_cache__dbt_silver_gold_full_load__transform_silver for current version: 2.7017959940000082
[2026-07-14T01:36:45.606+0000] {graph.py:886} INFO - Cosmos performance [9cb994dc7c37|981]: The cache size for cosmos_cache__dbt_silver_gold_full_load__transform_silver is 3241
[2026-07-14T01:36:45.609+0000] {graph.py:898} INFO - Cosmos performance: Cache hit for cosmos_cache__dbt_silver_gold_full_load__transform_silver - d1170740ead3019e15b47b199f628557,5e34606eb5f2b3dea81a8e19fa3ba138
[2026-07-14T01:36:45.612+0000] {graph.py:799} INFO - Total nodes: 4
[2026-07-14T01:36:45.614+0000] {graph.py:800} INFO - Total filtered nodes: 4
[2026-07-14T01:36:45.617+0000] {converter.py:361} INFO - Cosmos performance (dbt_silver_gold_full_load__transform_silver) - [9cb994dc7c37|981]: It took 2.75s to parse the dbt project for DAG using dbt_ls_cache
[2026-07-14T01:36:45.632+0000] {converter.py:413} INFO - Cosmos performance (dbt_silver_gold_full_load__transform_silver) - [9cb994dc7c37|981]: It took 0.015s to build the Airflow DAG.
[2026-07-14T01:36:45.634+0000] {converter.py:420} INFO - ::endgroup::Cosmos DAG parsing logs
[2026-07-14T01:36:45.636+0000] {converter.py:314} INFO - ::group::Cosmos DAG parsing logs
[2026-07-14T01:36:45.644+0000] {graph.py:869} INFO - Trying to parse the dbt project using dbt ls cache cosmos_cache__dbt_silver_gold_full_load__transform_gold...
[2026-07-14T01:36:48.950+0000] {cache.py:383} INFO - Cosmos performance: time to calculate cache identifier cosmos_cache__dbt_silver_gold_full_load__transform_gold for current version: 3.2806521499999803
[2026-07-14T01:36:48.952+0000] {graph.py:886} INFO - Cosmos performance [9cb994dc7c37|981]: The cache size for cosmos_cache__dbt_silver_gold_full_load__transform_gold is 28174
[2026-07-14T01:36:48.956+0000] {graph.py:898} INFO - Cosmos performance: Cache hit for cosmos_cache__dbt_silver_gold_full_load__transform_gold - d1170740ead3019e15b47b199f628557,304321e940a9403dceb380589bd0566f
[2026-07-14T01:36:48.959+0000] {graph.py:799} INFO - Total nodes: 32
[2026-07-14T01:36:48.960+0000] {graph.py:800} INFO - Total filtered nodes: 32
[2026-07-14T01:36:48.962+0000] {converter.py:361} INFO - Cosmos performance (dbt_silver_gold_full_load__transform_gold) - [9cb994dc7c37|981]: It took 3.32s to parse the dbt project for DAG using dbt_ls_cache
[2026-07-14T01:36:49.028+0000] {converter.py:413} INFO - Cosmos performance (dbt_silver_gold_full_load__transform_gold) - [9cb994dc7c37|981]: It took 0.0659s to build the Airflow DAG.
[2026-07-14T01:36:49.030+0000] {converter.py:420} INFO - ::endgroup::Cosmos DAG parsing logs
[2026-07-14T01:36:49.596+0000] {logging_mixin.py:190} INFO - 01:36:49  Installing dbt-labs/dbt_utils
[2026-07-14T01:36:50.278+0000] {logging_mixin.py:190} INFO - 01:36:50  Installed from version 1.3.0
[2026-07-14T01:36:50.282+0000] {logging_mixin.py:190} INFO - 01:36:50  Updated version available: 1.4.1
[2026-07-14T01:36:50.288+0000] {logging_mixin.py:190} INFO - 01:36:50  Installing metaplane/dbt_expectations
[2026-07-14T01:36:52.036+0000] {logging_mixin.py:190} INFO - 01:36:52  Installed from version 0.10.8
[2026-07-14T01:36:52.047+0000] {logging_mixin.py:190} INFO - 01:36:52  Updated version available: 0.10.10
[2026-07-14T01:36:52.055+0000] {logging_mixin.py:190} INFO - 01:36:52  Installing godatadriven/dbt_date
[2026-07-14T01:36:52.625+0000] {logging_mixin.py:190} INFO - 01:36:52  Installed from version 0.15.0
[2026-07-14T01:36:52.630+0000] {logging_mixin.py:190} INFO - 01:36:52  Up to date!
[2026-07-14T01:36:52.636+0000] {logging_mixin.py:190} INFO - 01:36:52
[2026-07-14T01:36:52.639+0000] {logging_mixin.py:190} INFO - 01:36:52  Updates available for packages: ['dbt-labs/dbt_utils', 'metaplane/dbt_expectations']                 
Update your versions in packages.yml, then run dbt deps
[2026-07-14T01:36:54.139+0000] {runner.py:95} INFO - Trying to run dbtRunner with:
 ['run', '--select', 'fqn:consumer_complaints_transformation.marts.fct_complaints', '--project-dir', '/tmp/tmpif0x15tq', '--profiles-dir', '/opt/airflow/dbt_transform', '--profile', 'lakehouse_dbt', '--target', 'dev', '--no-static-parser']
 in /tmp/tmpif0x15tq
[2026-07-14T01:36:54.220+0000] {logging_mixin.py:190} INFO - 01:36:54  Running with dbt=1.8.8
[2026-07-14T01:36:54.328+0000] {auth.py:343} INFO - keyring module not found. OAuth2 token will not be stored in keyring.
[2026-07-14T01:36:54.338+0000] {auth.py:343} INFO - keyring module not found. OAuth2 token will not be stored in keyring.
[2026-07-14T01:36:54.659+0000] {logging_mixin.py:190} INFO - 01:36:54  Registered adapter: trino=1.8.5
[2026-07-14T01:36:55.578+0000] {logging_mixin.py:190} INFO - 01:36:55  Unable to do partial parsing because saved manifest not found. Starting full parse.
[2026-07-14T01:37:00.508+0000] {logging_mixin.py:190} INFO - 01:37:00  [WARNING]: Deprecated functionality
The `tests` config has been renamed to `data_tests`. Please see
https://docs.getdbt.com/docs/build/data-tests#new-data_tests-syntax for more
information.
[2026-07-14T01:37:02.549+0000] {logging_mixin.py:190} INFO - 01:37:02  Found 9 models, 28 data tests, 1 source, 2 metrics, 838 macros, 1 semantic model
[2026-07-14T01:37:02.558+0000] {logging_mixin.py:190} INFO - 01:37:02
[2026-07-14T01:37:02.926+0000] {logging_mixin.py:190} INFO - 01:37:02  [WARNING]: SSL certificate validation is disabled by default. It is legacy behavior which will be changed in future releases. It is strongly advised to enable `require_certificate_validation` flag or explicitly set `cert` configuration to `True` for security reasons. You may receive an error after that if your SSL setup is incorrect.
You may opt into the new behavior sooner by setting `flags.require_certificate_validation` to `True` in `dbt_project.yml`.
Visit https://docs.getdbt.com/reference/global-configs/behavior-changes for more information.
[2026-07-14T01:37:04.812+0000] {logging_mixin.py:190} INFO - 01:37:04  Concurrency: 4 threads (target='dev')
[2026-07-14T01:37:04.819+0000] {logging_mixin.py:190} INFO - 01:37:04
[2026-07-14T01:37:04.848+0000] {logging_mixin.py:190} INFO - 01:37:04  1 of 1 START sql incremental model gold.fct_complaints ......................... [RUN]
[2026-07-14T01:37:08.959+0000] {logging_mixin.py:190} INFO - 01:37:08  1 of 1 OK created sql incremental model gold.fct_complaints .................... [CREATE TABLE (7 rows) in 4.10s]
[2026-07-14T01:37:08.972+0000] {logging_mixin.py:190} INFO - 01:37:08
[2026-07-14T01:37:08.976+0000] {logging_mixin.py:190} INFO - 01:37:08  Finished running 1 incremental model in 0 hours 0 minutes and 6.41 seconds (6.41s).
[2026-07-14T01:37:09.072+0000] {logging_mixin.py:190} INFO - 01:37:09
[2026-07-14T01:37:09.074+0000] {logging_mixin.py:190} INFO - 01:37:09  Completed successfully
[2026-07-14T01:37:09.076+0000] {logging_mixin.py:190} INFO - 01:37:09
[2026-07-14T01:37:09.080+0000] {logging_mixin.py:190} INFO - 01:37:09  Done. PASS=1 WARN=0 ERROR=0 SKIP=0 TOTAL=1
[2026-07-14T01:37:10.290+0000] {local.py:196} WARNING - Artifact schema version: https://schemas.getdbt.com/dbt/manifest/v12.json is above dbt-ol supported version 7. This might cause errors.
[2026-07-14T01:37:10.302+0000] {local.py:594} INFO - Inlets: []
[2026-07-14T01:37:10.305+0000] {local.py:595} INFO - Outlets: []
[2026-07-14T01:37:10.307+0000] {local.py:886} INFO - Assigning inlets/outlets with DatasetAlias in Airflow 2
[2026-07-14T01:37:10.418+0000] {taskinstance.py:340} INFO - ::group::Post task execution logs
[2026-07-14T01:37:10.421+0000] {taskinstance.py:352} INFO - Marking task as SUCCESS. dag_id=dbt_silver_gold_incremental, task_id=transform_gold.fct_complaints.run, run_id=manual__2026-07-14T01:35:17.037657+00:00, execution_date=20260714T013517, start_date=20260714T013632, end_date=20260714T013710
[2026-07-14T01:37:11.134+0000] {_client.py:1026} INFO - HTTP Request: GET https://astronomer.gateway.scarf.sh/astronomer-cosmos/v3/task_instance?cosmos_version=1.15.0&airflow_version=2.10.2&python_version=3.10.15&platform_system=Linux&platform_machine=x86_64&status=success&operator_name=DbtRunLocalOperator&is_cosmos_operator_subclass=False&invocation_mode=dbt_runner&execution_mode=local&profile_strategy=yaml_file&profile_mapping_class=None&database=trino&is_mapped_task=False&dbt_command=run&install_deps=True&has_callback=False&duration=37.534887 "HTTP/1.1 200 OK"
[2026-07-14T01:37:11.203+0000] {local_task_job_runner.py:266} INFO - Task exited with return code 0
[2026-07-14T01:37:11.249+0000] {taskinstance.py:3900} INFO - 0 downstream tasks scheduled from follow-on schedule check
[2026-07-14T01:37:11.255+0000] {local_task_job_runner.py:245} INFO - ::endgroup::
