[2026-07-17T03:35:26.284+0000] {local_task_job_runner.py:123} INFO - ::group::Pre task execution logs
[2026-07-17T03:35:26.302+0000] {taskinstance.py:2612} INFO - Dependencies all met for dep_context=non-requeueable deps ti=<TaskInstance: wap_consumer_complaints_pipeline.bootstrap_base_table_if_missing scheduled__2026-07-16T00:00:00+00:00 [queued]>
[2026-07-17T03:35:26.312+0000] {taskinstance.py:2612} INFO - Dependencies all met for dep_context=requeueable deps ti=<TaskInstance: wap_consumer_complaints_pipeline.bootstrap_base_table_if_missing scheduled__2026-07-16T00:00:00+00:00 [queued]>
[2026-07-17T03:35:26.314+0000] {taskinstance.py:2865} INFO - Starting attempt 2 of 2
[2026-07-17T03:35:26.326+0000] {taskinstance.py:2888} INFO - Executing <Task(_PythonDecoratedOperator): bootstrap_base_table_if_missing> on 2026-07-16 00:00:00+00:00
[2026-07-17T03:35:26.333+0000] {standard_task_runner.py:72} INFO - Started process 966 to run task
[2026-07-17T03:35:26.337+0000] {standard_task_runner.py:104} INFO - Running: ['airflow', 'tasks', 'run', 'wap_consumer_complaints_pipeline', 'bootstrap_base_table_if_missing', 'scheduled__2026-07-16T00:00:00+00:00', '--job-id', '5', '--raw', '--subdir', 'DAGS_FOLDER/wap_consumer_complaints_pipeline.py', '--cfg-path', '/tmp/tmpiyzp74m8']
[2026-07-17T03:35:26.339+0000] {standard_task_runner.py:105} INFO - Job 5: Subtask bootstrap_base_table_if_missing
[2026-07-17T03:35:26.412+0000] {task_command.py:467} INFO - Running <TaskInstance: wap_consumer_complaints_pipeline.bootstrap_base_table_if_missing scheduled__2026-07-16T00:00:00+00:00 [running]> on host d5600cb2e4bf
[2026-07-17T03:35:26.491+0000] {taskinstance.py:3131} INFO - Exporting env vars: AIRFLOW_CTX_DAG_OWNER='data_engineer' AIRFLOW_CTX_DAG_ID='wap_consumer_complaints_pipeline' AIRFLOW_CTX_TASK_ID='bootstrap_base_table_if_missing' AIRFLOW_CTX_EXECUTION_DATE='2026-07-16T00:00:00+00:00' AIRFLOW_CTX_TRY_NUMBER='2' AIRFLOW_CTX_DAG_RUN_ID='scheduled__2026-07-16T00:00:00+00:00'
[2026-07-17T03:35:26.493+0000] {taskinstance.py:731} INFO - ::endgroup::
[2026-07-17T03:35:26.496+0000] {wap_consumer_complaints_pipeline.py:110} INFO - 🧹 Đang kiểm tra và dọn dẹp View rác (nếu tồn tại)...
[2026-07-17T03:35:26.499+0000] {base.py:84} INFO - Retrieving connection 'trino_default'
[2026-07-17T03:35:26.502+0000] {base.py:84} INFO - Retrieving connection 'trino_default'
[2026-07-17T03:35:26.507+0000] {sql.py:509} INFO - Running statement: DROP VIEW IF EXISTS lakehouse.bronze.stg__consumer_complaints, parameters: None
[2026-07-17T03:35:26.543+0000] {base.py:84} INFO - Retrieving connection 'trino_default'
[2026-07-17T03:35:26.545+0000] {base.py:84} INFO - Retrieving connection 'trino_default'
[2026-07-17T03:35:26.546+0000] {sql.py:509} INFO - Running statement: SELECT 1 
            FROM lakehouse.information_schema.tables 
            WHERE table_schema = 'bronze' 
            AND table_name = 'stg__consumer_complaints'
            AND table_type = 'BASE TABLE', parameters: None
[2026-07-17T03:35:26.629+0000] {wap_consumer_complaints_pipeline.py:131} INFO - ⏳ Bảng gốc chưa tồn tại hoặc bị sai định dạng. Bắt đầu bootstrap bằng dbt...
[2026-07-17T03:35:34.549+0000] {wap_consumer_complaints_pipeline.py:147} ERROR - [0m03:35:27  Running with dbt=1.8.8
[0m03:35:28  Registered adapter: trino=1.8.5
[0m03:35:33  Found 8 models, 40 data tests, 1 source, 9 metrics, 839 macros, 5 semantic models
[0m03:35:33  
[0m03:35:33  [[33mWARNING[0m]: SSL certificate validation is disabled by default. It is legacy behavior which will be changed in future releases. It is strongly advised to enable `require_certificate_validation` flag or explicitly set `cert` configuration to `True` for security reasons. You may receive an error after that if your SSL setup is incorrect.
You may opt into the new behavior sooner by setting `flags.require_certificate_validation` to `True` in `dbt_project.yml`.
Visit https://docs.getdbt.com/reference/global-configs/behavior-changes for more information.
[0m03:35:33  
[0m03:35:33  Finished running  in 0 hours 0 minutes and 0.07 seconds (0.07s).
[0m03:35:33  Encountered an error:
Database Error
  TrinoUserError(type=USER_ERROR, name=INVALID_SESSION_PROPERTY, message="Session property 'nessie_reference_name' does not exist", query_id=20260717_033533_00013_jdi94)

[2026-07-17T03:35:34.562+0000] {taskinstance.py:3310} ERROR - Task failed with exception
Traceback (most recent call last):
  File "/home/airflow/.local/lib/python3.10/site-packages/airflow/models/taskinstance.py", line 767, in _execute_task
    result = _execute_callable(context=context, **execute_callable_kwargs)
  File "/home/airflow/.local/lib/python3.10/site-packages/airflow/models/taskinstance.py", line 733, in _execute_callable
    return ExecutionCallableRunner(
  File "/home/airflow/.local/lib/python3.10/site-packages/airflow/utils/operator_helpers.py", line 252, in run
    return self.func(*args, **kwargs)
  File "/home/airflow/.local/lib/python3.10/site-packages/airflow/models/baseoperator.py", line 406, in wrapper
    return func(self, *args, **kwargs)
  File "/home/airflow/.local/lib/python3.10/site-packages/airflow/decorators/base.py", line 266, in execute
    return_value = super().execute(context)
  File "/home/airflow/.local/lib/python3.10/site-packages/airflow/models/baseoperator.py", line 406, in wrapper
    return func(self, *args, **kwargs)
  File "/home/airflow/.local/lib/python3.10/site-packages/airflow/operators/python.py", line 238, in execute
    return_value = self.execute_callable()
  File "/home/airflow/.local/lib/python3.10/site-packages/airflow/operators/python.py", line 256, in execute_callable
    return runner.run(*self.op_args, **self.op_kwargs)
  File "/home/airflow/.local/lib/python3.10/site-packages/airflow/utils/operator_helpers.py", line 252, in run
    return self.func(*args, **kwargs)
  File "/opt/airflow/dags/wap_consumer_complaints_pipeline.py", line 148, in bootstrap_base_table_if_missing
    raise AirflowException(f"❌ Bootstrap thất bại! Lỗi: {result.stderr}")
airflow.exceptions.AirflowException: ❌ Bootstrap thất bại! Lỗi: 
[2026-07-17T03:35:34.571+0000] {taskinstance.py:1225} INFO - Marking task as FAILED. dag_id=wap_consumer_complaints_pipeline, task_id=bootstrap_base_table_if_missing, run_id=scheduled__2026-07-16T00:00:00+00:00, execution_date=20260716T000000, start_date=20260717T033526, end_date=20260717T033534
[2026-07-17T03:35:34.589+0000] {taskinstance.py:340} INFO - ::group::Post task execution logs
[2026-07-17T03:35:34.591+0000] {standard_task_runner.py:124} ERROR - Failed to execute job 5 for task bootstrap_base_table_if_missing (❌ Bootstrap thất bại! Lỗi: ; 966)
Traceback (most recent call last):
  File "/home/airflow/.local/lib/python3.10/site-packages/airflow/task/task_runner/standard_task_runner.py", line 117, in _start_by_fork
    ret = args.func(args, dag=self.dag)
  File "/home/airflow/.local/lib/python3.10/site-packages/airflow/cli/cli_config.py", line 49, in command
    return func(*args, **kwargs)
  File "/home/airflow/.local/lib/python3.10/site-packages/airflow/utils/cli.py", line 115, in wrapper
    return f(*args, **kwargs)
  File "/home/airflow/.local/lib/python3.10/site-packages/airflow/cli/commands/task_command.py", line 483, in task_run
    task_return_code = _run_task_by_selected_method(args, _dag, ti)
  File "/home/airflow/.local/lib/python3.10/site-packages/airflow/cli/commands/task_command.py", line 256, in _run_task_by_selected_method
    return _run_raw_task(args, ti)
  File "/home/airflow/.local/lib/python3.10/site-packages/airflow/cli/commands/task_command.py", line 341, in _run_raw_task
    return ti._run_raw_task(
  File "/home/airflow/.local/lib/python3.10/site-packages/airflow/utils/session.py", line 97, in wrapper
    return func(*args, session=session, **kwargs)
  File "/home/airflow/.local/lib/python3.10/site-packages/airflow/models/taskinstance.py", line 3004, in _run_raw_task
    return _run_raw_task(
  File "/home/airflow/.local/lib/python3.10/site-packages/airflow/models/taskinstance.py", line 273, in _run_raw_task
    TaskInstance._execute_task_with_callbacks(
  File "/home/airflow/.local/lib/python3.10/site-packages/airflow/models/taskinstance.py", line 3158, in _execute_task_with_callbacks
    result = self._execute_task(context, task_orig)
  File "/home/airflow/.local/lib/python3.10/site-packages/airflow/models/taskinstance.py", line 3182, in _execute_task
    return _execute_task(self, context, task_orig)
  File "/home/airflow/.local/lib/python3.10/site-packages/airflow/models/taskinstance.py", line 767, in _execute_task
    result = _execute_callable(context=context, **execute_callable_kwargs)
  File "/home/airflow/.local/lib/python3.10/site-packages/airflow/models/taskinstance.py", line 733, in _execute_callable
    return ExecutionCallableRunner(
  File "/home/airflow/.local/lib/python3.10/site-packages/airflow/utils/operator_helpers.py", line 252, in run
    return self.func(*args, **kwargs)
  File "/home/airflow/.local/lib/python3.10/site-packages/airflow/models/baseoperator.py", line 406, in wrapper
    return func(self, *args, **kwargs)
  File "/home/airflow/.local/lib/python3.10/site-packages/airflow/decorators/base.py", line 266, in execute
    return_value = super().execute(context)
  File "/home/airflow/.local/lib/python3.10/site-packages/airflow/models/baseoperator.py", line 406, in wrapper
    return func(self, *args, **kwargs)
  File "/home/airflow/.local/lib/python3.10/site-packages/airflow/operators/python.py", line 238, in execute
    return_value = self.execute_callable()
  File "/home/airflow/.local/lib/python3.10/site-packages/airflow/operators/python.py", line 256, in execute_callable
    return runner.run(*self.op_args, **self.op_kwargs)
  File "/home/airflow/.local/lib/python3.10/site-packages/airflow/utils/operator_helpers.py", line 252, in run
    return self.func(*args, **kwargs)
  File "/opt/airflow/dags/wap_consumer_complaints_pipeline.py", line 148, in bootstrap_base_table_if_missing
    raise AirflowException(f"❌ Bootstrap thất bại! Lỗi: {result.stderr}")
airflow.exceptions.AirflowException: ❌ Bootstrap thất bại! Lỗi: 
[2026-07-17T03:35:34.623+0000] {local_task_job_runner.py:266} INFO - Task exited with return code 1
[2026-07-17T03:35:34.668+0000] {taskinstance.py:3900} INFO - 0 downstream tasks scheduled from follow-on schedule check
[2026-07-17T03:35:34.674+0000] {local_task_job_runner.py:245} INFO - ::endgroup::
