[2026-07-17T00:47:48.427+0000] {local_task_job_runner.py:123} INFO - ::group::Pre task execution logs
[2026-07-17T00:47:48.452+0000] {taskinstance.py:2612} INFO - Dependencies all met for dep_context=non-requeueable deps ti=<TaskInstance: wap_consumer_complaints_pipeline.bootstrap_base_table_if_missing scheduled__2026-07-16T00:00:00+00:00 [queued]>
[2026-07-17T00:47:48.461+0000] {taskinstance.py:2612} INFO - Dependencies all met for dep_context=requeueable deps ti=<TaskInstance: wap_consumer_complaints_pipeline.bootstrap_base_table_if_missing scheduled__2026-07-16T00:00:00+00:00 [queued]>
[2026-07-17T00:47:48.463+0000] {taskinstance.py:2865} INFO - Starting attempt 1 of 2
[2026-07-17T00:47:48.474+0000] {taskinstance.py:2888} INFO - Executing <Task(_PythonDecoratedOperator): bootstrap_base_table_if_missing> on 2026-07-16 00:00:00+00:00
[2026-07-17T00:47:48.479+0000] {standard_task_runner.py:72} INFO - Started process 643 to run task
[2026-07-17T00:47:48.483+0000] {standard_task_runner.py:104} INFO - Running: ['airflow', 'tasks', 'run', 'wap_consumer_complaints_pipeline', 'bootstrap_base_table_if_missing', 'scheduled__2026-07-16T00:00:00+00:00', '--job-id', '5', '--raw', '--subdir', 'DAGS_FOLDER/wap_consumer_complaints_pipeline.py', '--cfg-path', '/tmp/tmph8o7a7hz']
[2026-07-17T00:47:48.485+0000] {standard_task_runner.py:105} INFO - Job 5: Subtask bootstrap_base_table_if_missing
[2026-07-17T00:47:48.563+0000] {task_command.py:467} INFO - Running <TaskInstance: wap_consumer_complaints_pipeline.bootstrap_base_table_if_missing scheduled__2026-07-16T00:00:00+00:00 [running]> on host 6e4bd04e8f25
[2026-07-17T00:47:48.647+0000] {taskinstance.py:3131} INFO - Exporting env vars: AIRFLOW_CTX_DAG_OWNER='data_engineer' AIRFLOW_CTX_DAG_ID='wap_consumer_complaints_pipeline' AIRFLOW_CTX_TASK_ID='bootstrap_base_table_if_missing' AIRFLOW_CTX_EXECUTION_DATE='2026-07-16T00:00:00+00:00' AIRFLOW_CTX_TRY_NUMBER='1' AIRFLOW_CTX_DAG_RUN_ID='scheduled__2026-07-16T00:00:00+00:00'
[2026-07-17T00:47:48.649+0000] {taskinstance.py:731} INFO - ::endgroup::
[2026-07-17T00:47:48.653+0000] {base.py:84} INFO - Retrieving connection 'trino_default'
[2026-07-17T00:47:48.654+0000] {base.py:84} INFO - Retrieving connection 'trino_default'
[2026-07-17T00:47:48.658+0000] {sql.py:509} INFO - Running statement: SELECT 1 
            FROM lakehouse.information_schema.tables 
            WHERE table_schema = 'bronze' 
            AND table_name = 'stg__consumer_complaints', parameters: None
[2026-07-17T00:47:48.917+0000] {wap_consumer_complaints_pipeline.py:121} INFO - ⏳ Bảng gốc chưa tồn tại. Bắt đầu bootstrap bảng rỗng trên main...
[2026-07-17T00:47:50.513+0000] {wap_consumer_complaints_pipeline.py:131} ERROR - 
[2026-07-17T00:47:50.525+0000] {taskinstance.py:3310} ERROR - Task failed with exception
Traceback (most recent call last):
  File "/home/airflow/.local/lib/python3.10/site-packages/airflow/models/taskinstance.py", line 767, in _execute_task
    result = _execute_callable(context=context, **execute_callable_kwargs)
  File "/home/airflow/.local/lib/python3.10/site-packages/airflow/models/taskinstance.py", line 733, in _execute_callable
    return ExecutionCallableRunner(
  File "/home/airflow/.local/lib/python3.10/site-packages/airflow/utils/operator_helpers.py", line 252, in run
    return self.func(*args, **kwargs)
  File "/home/airflow/.local/lib/python3.10/site-packages/airflow/models/baseoperator.py", line 406, in wrapper
    return func(self, *args, **kwargs)
  File "/home/airflow/.local/lib/python3.10/site-packages/airflow/decorators/base.py", line 266, in execute
    return_value = super().execute(context)
  File "/home/airflow/.local/lib/python3.10/site-packages/airflow/models/baseoperator.py", line 406, in wrapper
    return func(self, *args, **kwargs)
  File "/home/airflow/.local/lib/python3.10/site-packages/airflow/operators/python.py", line 238, in execute
    return_value = self.execute_callable()
  File "/home/airflow/.local/lib/python3.10/site-packages/airflow/operators/python.py", line 256, in execute_callable
    return runner.run(*self.op_args, **self.op_kwargs)
  File "/home/airflow/.local/lib/python3.10/site-packages/airflow/utils/operator_helpers.py", line 252, in run
    return self.func(*args, **kwargs)
  File "/opt/airflow/dags/wap_consumer_complaints_pipeline.py", line 132, in bootstrap_base_table_if_missing
    raise AirflowException(f"❌ Bootstrap thất bại! Lỗi: {result.stderr}")
airflow.exceptions.AirflowException: ❌ Bootstrap thất bại! Lỗi: Usage: dbt run [OPTIONS]
Try 'dbt run -h' for help.

Error: Invalid value for '--profiles-dir': Path '/home/airflow/.dbt' does not exist.

[2026-07-17T00:47:50.538+0000] {taskinstance.py:1225} INFO - Marking task as UP_FOR_RETRY. dag_id=wap_consumer_complaints_pipeline, task_id=bootstrap_base_table_if_missing, run_id=scheduled__2026-07-16T00:00:00+00:00, execution_date=20260716T000000, start_date=20260717T004748, end_date=20260717T004750
[2026-07-17T00:47:50.558+0000] {taskinstance.py:340} INFO - ::group::Post task execution logs
[2026-07-17T00:47:50.559+0000] {standard_task_runner.py:124} ERROR - Failed to execute job 5 for task bootstrap_base_table_if_missing (❌ Bootstrap thất bại! Lỗi: Usage: dbt run [OPTIONS]
Try 'dbt run -h' for help.

Error: Invalid value for '--profiles-dir': Path '/home/airflow/.dbt' does not exist.
; 643)
Traceback (most recent call last):
  File "/home/airflow/.local/lib/python3.10/site-packages/airflow/task/task_runner/standard_task_runner.py", line 117, in _start_by_fork
    ret = args.func(args, dag=self.dag)
  File "/home/airflow/.local/lib/python3.10/site-packages/airflow/cli/cli_config.py", line 49, in command
    return func(*args, **kwargs)
  File "/home/airflow/.local/lib/python3.10/site-packages/airflow/utils/cli.py", line 115, in wrapper
    return f(*args, **kwargs)
  File "/home/airflow/.local/lib/python3.10/site-packages/airflow/cli/commands/task_command.py", line 483, in task_run
    task_return_code = _run_task_by_selected_method(args, _dag, ti)
  File "/home/airflow/.local/lib/python3.10/site-packages/airflow/cli/commands/task_command.py", line 256, in _run_task_by_selected_method
    return _run_raw_task(args, ti)
  File "/home/airflow/.local/lib/python3.10/site-packages/airflow/cli/commands/task_command.py", line 341, in _run_raw_task
    return ti._run_raw_task(
  File "/home/airflow/.local/lib/python3.10/site-packages/airflow/utils/session.py", line 97, in wrapper
    return func(*args, session=session, **kwargs)
  File "/home/airflow/.local/lib/python3.10/site-packages/airflow/models/taskinstance.py", line 3004, in _run_raw_task
    return _run_raw_task(
  File "/home/airflow/.local/lib/python3.10/site-packages/airflow/models/taskinstance.py", line 273, in _run_raw_task
    TaskInstance._execute_task_with_callbacks(
  File "/home/airflow/.local/lib/python3.10/site-packages/airflow/models/taskinstance.py", line 3158, in _execute_task_with_callbacks
    result = self._execute_task(context, task_orig)
  File "/home/airflow/.local/lib/python3.10/site-packages/airflow/models/taskinstance.py", line 3182, in _execute_task
    return _execute_task(self, context, task_orig)
  File "/home/airflow/.local/lib/python3.10/site-packages/airflow/models/taskinstance.py", line 767, in _execute_task
    result = _execute_callable(context=context, **execute_callable_kwargs)
  File "/home/airflow/.local/lib/python3.10/site-packages/airflow/models/taskinstance.py", line 733, in _execute_callable
    return ExecutionCallableRunner(
  File "/home/airflow/.local/lib/python3.10/site-packages/airflow/utils/operator_helpers.py", line 252, in run
    return self.func(*args, **kwargs)
  File "/home/airflow/.local/lib/python3.10/site-packages/airflow/models/baseoperator.py", line 406, in wrapper
    return func(self, *args, **kwargs)
  File "/home/airflow/.local/lib/python3.10/site-packages/airflow/decorators/base.py", line 266, in execute
    return_value = super().execute(context)
  File "/home/airflow/.local/lib/python3.10/site-packages/airflow/models/baseoperator.py", line 406, in wrapper
    return func(self, *args, **kwargs)
  File "/home/airflow/.local/lib/python3.10/site-packages/airflow/operators/python.py", line 238, in execute
    return_value = self.execute_callable()
  File "/home/airflow/.local/lib/python3.10/site-packages/airflow/operators/python.py", line 256, in execute_callable
    return runner.run(*self.op_args, **self.op_kwargs)
  File "/home/airflow/.local/lib/python3.10/site-packages/airflow/utils/operator_helpers.py", line 252, in run
    return self.func(*args, **kwargs)
  File "/opt/airflow/dags/wap_consumer_complaints_pipeline.py", line 132, in bootstrap_base_table_if_missing
    raise AirflowException(f"❌ Bootstrap thất bại! Lỗi: {result.stderr}")
airflow.exceptions.AirflowException: ❌ Bootstrap thất bại! Lỗi: Usage: dbt run [OPTIONS]
Try 'dbt run -h' for help.

Error: Invalid value for '--profiles-dir': Path '/home/airflow/.dbt' does not exist.

[2026-07-17T00:47:50.585+0000] {local_task_job_runner.py:266} INFO - Task exited with return code 1
[2026-07-17T00:47:50.639+0000] {taskinstance.py:3900} INFO - 0 downstream tasks scheduled from follow-on schedule check
[2026-07-17T00:47:50.642+0000] {local_task_job_runner.py:245} INFO - ::endgroup::
[2026-07-17T00:55:09.455+0000] {local_task_job_runner.py:123} INFO - ::group::Pre task execution logs
[2026-07-17T00:55:09.479+0000] {taskinstance.py:2612} INFO - Dependencies all met for dep_context=non-requeueable deps ti=<TaskInstance: wap_consumer_complaints_pipeline.bootstrap_base_table_if_missing scheduled__2026-07-16T00:00:00+00:00 [queued]>
[2026-07-17T00:55:09.493+0000] {taskinstance.py:2612} INFO - Dependencies all met for dep_context=requeueable deps ti=<TaskInstance: wap_consumer_complaints_pipeline.bootstrap_base_table_if_missing scheduled__2026-07-16T00:00:00+00:00 [queued]>
[2026-07-17T00:55:09.494+0000] {taskinstance.py:2865} INFO - Starting attempt 1 of 2
[2026-07-17T00:55:09.510+0000] {taskinstance.py:2888} INFO - Executing <Task(_PythonDecoratedOperator): bootstrap_base_table_if_missing> on 2026-07-16 00:00:00+00:00
[2026-07-17T00:55:09.518+0000] {standard_task_runner.py:72} INFO - Started process 483 to run task
[2026-07-17T00:55:09.528+0000] {standard_task_runner.py:104} INFO - Running: ['airflow', 'tasks', 'run', 'wap_consumer_complaints_pipeline', 'bootstrap_base_table_if_missing', 'scheduled__2026-07-16T00:00:00+00:00', '--job-id', '5', '--raw', '--subdir', 'DAGS_FOLDER/wap_consumer_complaints_pipeline.py', '--cfg-path', '/tmp/tmpn6fivru7']
[2026-07-17T00:55:09.530+0000] {standard_task_runner.py:105} INFO - Job 5: Subtask bootstrap_base_table_if_missing
[2026-07-17T00:55:09.643+0000] {task_command.py:467} INFO - Running <TaskInstance: wap_consumer_complaints_pipeline.bootstrap_base_table_if_missing scheduled__2026-07-16T00:00:00+00:00 [running]> on host 5c7fcb628b2a
[2026-07-17T00:55:09.739+0000] {taskinstance.py:3131} INFO - Exporting env vars: AIRFLOW_CTX_DAG_OWNER='data_engineer' AIRFLOW_CTX_DAG_ID='wap_consumer_complaints_pipeline' AIRFLOW_CTX_TASK_ID='bootstrap_base_table_if_missing' AIRFLOW_CTX_EXECUTION_DATE='2026-07-16T00:00:00+00:00' AIRFLOW_CTX_TRY_NUMBER='1' AIRFLOW_CTX_DAG_RUN_ID='scheduled__2026-07-16T00:00:00+00:00'
[2026-07-17T00:55:09.743+0000] {taskinstance.py:731} INFO - ::endgroup::
[2026-07-17T00:55:09.748+0000] {base.py:84} INFO - Retrieving connection 'trino_default'
[2026-07-17T00:55:09.751+0000] {base.py:84} INFO - Retrieving connection 'trino_default'
[2026-07-17T00:55:09.755+0000] {sql.py:509} INFO - Running statement: SELECT 1 
            FROM lakehouse.information_schema.tables 
            WHERE table_schema = 'bronze' 
            AND table_name = 'stg__consumer_complaints', parameters: None
[2026-07-17T00:55:09.996+0000] {wap_consumer_complaints_pipeline.py:121} INFO - ⏳ Bảng gốc chưa tồn tại. Bắt đầu bootstrap bảng rỗng trên main...
[2026-07-17T00:55:24.390+0000] {wap_consumer_complaints_pipeline.py:139} INFO - ✅ Đã bootstrap xong bộ khung bảng gốc!
[2026-07-17T00:55:24.391+0000] {python.py:240} INFO - Done. Returned value was: None
[2026-07-17T00:55:24.404+0000] {taskinstance.py:340} INFO - ::group::Post task execution logs
[2026-07-17T00:55:24.406+0000] {taskinstance.py:352} INFO - Marking task as SUCCESS. dag_id=wap_consumer_complaints_pipeline, task_id=bootstrap_base_table_if_missing, run_id=scheduled__2026-07-16T00:00:00+00:00, execution_date=20260716T000000, start_date=20260717T005509, end_date=20260717T005524
[2026-07-17T00:55:24.455+0000] {local_task_job_runner.py:266} INFO - Task exited with return code 0
[2026-07-17T00:55:24.501+0000] {taskinstance.py:3900} INFO - 2 downstream tasks scheduled from follow-on schedule check
[2026-07-17T00:55:24.504+0000] {local_task_job_runner.py:245} INFO - ::endgroup::
[2026-07-17T01:15:32.209+0000] {local_task_job_runner.py:123} INFO - ::group::Pre task execution logs
[2026-07-17T01:15:32.229+0000] {taskinstance.py:2612} INFO - Dependencies all met for dep_context=non-requeueable deps ti=<TaskInstance: wap_consumer_complaints_pipeline.bootstrap_base_table_if_missing scheduled__2026-07-16T00:00:00+00:00 [queued]>
[2026-07-17T01:15:32.238+0000] {taskinstance.py:2612} INFO - Dependencies all met for dep_context=requeueable deps ti=<TaskInstance: wap_consumer_complaints_pipeline.bootstrap_base_table_if_missing scheduled__2026-07-16T00:00:00+00:00 [queued]>
[2026-07-17T01:15:32.239+0000] {taskinstance.py:2865} INFO - Starting attempt 1 of 2
[2026-07-17T01:15:32.249+0000] {taskinstance.py:2888} INFO - Executing <Task(_PythonDecoratedOperator): bootstrap_base_table_if_missing> on 2026-07-16 00:00:00+00:00
[2026-07-17T01:15:32.256+0000] {standard_task_runner.py:72} INFO - Started process 1679 to run task
[2026-07-17T01:15:32.260+0000] {standard_task_runner.py:104} INFO - Running: ['airflow', 'tasks', 'run', 'wap_consumer_complaints_pipeline', 'bootstrap_base_table_if_missing', 'scheduled__2026-07-16T00:00:00+00:00', '--job-id', '5', '--raw', '--subdir', 'DAGS_FOLDER/wap_consumer_complaints_pipeline.py', '--cfg-path', '/tmp/tmp_ot3fjeu']
[2026-07-17T01:15:32.262+0000] {standard_task_runner.py:105} INFO - Job 5: Subtask bootstrap_base_table_if_missing
[2026-07-17T01:15:32.355+0000] {task_command.py:467} INFO - Running <TaskInstance: wap_consumer_complaints_pipeline.bootstrap_base_table_if_missing scheduled__2026-07-16T00:00:00+00:00 [running]> on host 3c5c45fc8844
[2026-07-17T01:15:32.442+0000] {taskinstance.py:3131} INFO - Exporting env vars: AIRFLOW_CTX_DAG_OWNER='data_engineer' AIRFLOW_CTX_DAG_ID='wap_consumer_complaints_pipeline' AIRFLOW_CTX_TASK_ID='bootstrap_base_table_if_missing' AIRFLOW_CTX_EXECUTION_DATE='2026-07-16T00:00:00+00:00' AIRFLOW_CTX_TRY_NUMBER='1' AIRFLOW_CTX_DAG_RUN_ID='scheduled__2026-07-16T00:00:00+00:00'
[2026-07-17T01:15:32.445+0000] {taskinstance.py:731} INFO - ::endgroup::
[2026-07-17T01:15:32.449+0000] {base.py:84} INFO - Retrieving connection 'trino_default'
[2026-07-17T01:15:32.450+0000] {base.py:84} INFO - Retrieving connection 'trino_default'
[2026-07-17T01:15:32.454+0000] {sql.py:509} INFO - Running statement: SELECT 1 
            FROM lakehouse.information_schema.tables 
            WHERE table_schema = 'bronze' 
            AND table_name = 'stg__consumer_complaints', parameters: None
[2026-07-17T01:15:32.669+0000] {wap_consumer_complaints_pipeline.py:121} INFO - ⏳ Bảng gốc chưa tồn tại. Bắt đầu bootstrap bảng rỗng trên main...
[2026-07-17T01:15:43.109+0000] {wap_consumer_complaints_pipeline.py:139} INFO - ✅ Đã bootstrap xong bộ khung bảng gốc!
[2026-07-17T01:15:43.110+0000] {python.py:240} INFO - Done. Returned value was: None
[2026-07-17T01:15:43.122+0000] {taskinstance.py:340} INFO - ::group::Post task execution logs
[2026-07-17T01:15:43.123+0000] {taskinstance.py:352} INFO - Marking task as SUCCESS. dag_id=wap_consumer_complaints_pipeline, task_id=bootstrap_base_table_if_missing, run_id=scheduled__2026-07-16T00:00:00+00:00, execution_date=20260716T000000, start_date=20260717T011532, end_date=20260717T011543
[2026-07-17T01:15:43.174+0000] {local_task_job_runner.py:266} INFO - Task exited with return code 0
[2026-07-17T01:15:43.223+0000] {taskinstance.py:3900} INFO - 2 downstream tasks scheduled from follow-on schedule check
[2026-07-17T01:15:43.227+0000] {local_task_job_runner.py:245} INFO - ::endgroup::
[2026-07-17T01:36:01.701+0000] {local_task_job_runner.py:123} INFO - ::group::Pre task execution logs
[2026-07-17T01:36:01.720+0000] {taskinstance.py:2612} INFO - Dependencies all met for dep_context=non-requeueable deps ti=<TaskInstance: wap_consumer_complaints_pipeline.bootstrap_base_table_if_missing scheduled__2026-07-16T00:00:00+00:00 [queued]>
[2026-07-17T01:36:01.731+0000] {taskinstance.py:2612} INFO - Dependencies all met for dep_context=requeueable deps ti=<TaskInstance: wap_consumer_complaints_pipeline.bootstrap_base_table_if_missing scheduled__2026-07-16T00:00:00+00:00 [queued]>
[2026-07-17T01:36:01.732+0000] {taskinstance.py:2865} INFO - Starting attempt 1 of 2
[2026-07-17T01:36:01.744+0000] {taskinstance.py:2888} INFO - Executing <Task(_PythonDecoratedOperator): bootstrap_base_table_if_missing> on 2026-07-16 00:00:00+00:00
[2026-07-17T01:36:01.749+0000] {standard_task_runner.py:72} INFO - Started process 2246 to run task
[2026-07-17T01:36:01.754+0000] {standard_task_runner.py:104} INFO - Running: ['airflow', 'tasks', 'run', 'wap_consumer_complaints_pipeline', 'bootstrap_base_table_if_missing', 'scheduled__2026-07-16T00:00:00+00:00', '--job-id', '4', '--raw', '--subdir', 'DAGS_FOLDER/wap_consumer_complaints_pipeline.py', '--cfg-path', '/tmp/tmpyt864ti1']
[2026-07-17T01:36:01.755+0000] {standard_task_runner.py:105} INFO - Job 4: Subtask bootstrap_base_table_if_missing
[2026-07-17T01:36:01.845+0000] {task_command.py:467} INFO - Running <TaskInstance: wap_consumer_complaints_pipeline.bootstrap_base_table_if_missing scheduled__2026-07-16T00:00:00+00:00 [running]> on host 46ae8afe9fc1
[2026-07-17T01:36:01.927+0000] {taskinstance.py:3131} INFO - Exporting env vars: AIRFLOW_CTX_DAG_OWNER='data_engineer' AIRFLOW_CTX_DAG_ID='wap_consumer_complaints_pipeline' AIRFLOW_CTX_TASK_ID='bootstrap_base_table_if_missing' AIRFLOW_CTX_EXECUTION_DATE='2026-07-16T00:00:00+00:00' AIRFLOW_CTX_TRY_NUMBER='1' AIRFLOW_CTX_DAG_RUN_ID='scheduled__2026-07-16T00:00:00+00:00'
[2026-07-17T01:36:01.929+0000] {taskinstance.py:731} INFO - ::endgroup::
[2026-07-17T01:36:01.932+0000] {base.py:84} INFO - Retrieving connection 'trino_default'
[2026-07-17T01:36:01.934+0000] {base.py:84} INFO - Retrieving connection 'trino_default'
[2026-07-17T01:36:01.937+0000] {sql.py:509} INFO - Running statement: SELECT 1 
            FROM lakehouse.information_schema.tables 
            WHERE table_schema = 'bronze' 
            AND table_name = 'stg__consumer_complaints', parameters: None
[2026-07-17T01:36:02.219+0000] {wap_consumer_complaints_pipeline.py:121} INFO - ⏳ Bảng gốc chưa tồn tại. Bắt đầu bootstrap bảng rỗng trên main...
[2026-07-17T01:36:13.534+0000] {wap_consumer_complaints_pipeline.py:139} INFO - ✅ Đã bootstrap xong bộ khung bảng gốc!
[2026-07-17T01:36:13.537+0000] {python.py:240} INFO - Done. Returned value was: None
[2026-07-17T01:36:13.557+0000] {taskinstance.py:340} INFO - ::group::Post task execution logs
[2026-07-17T01:36:13.559+0000] {taskinstance.py:352} INFO - Marking task as SUCCESS. dag_id=wap_consumer_complaints_pipeline, task_id=bootstrap_base_table_if_missing, run_id=scheduled__2026-07-16T00:00:00+00:00, execution_date=20260716T000000, start_date=20260717T013601, end_date=20260717T013613
[2026-07-17T01:36:13.615+0000] {local_task_job_runner.py:266} INFO - Task exited with return code 0
[2026-07-17T01:36:13.676+0000] {taskinstance.py:3900} INFO - 1 downstream tasks scheduled from follow-on schedule check
[2026-07-17T01:36:13.679+0000] {local_task_job_runner.py:245} INFO - ::endgroup::
[2026-07-17T02:02:30.849+0000] {local_task_job_runner.py:123} INFO - ::group::Pre task execution logs
[2026-07-17T02:02:30.868+0000] {taskinstance.py:2612} INFO - Dependencies all met for dep_context=non-requeueable deps ti=<TaskInstance: wap_consumer_complaints_pipeline.bootstrap_base_table_if_missing scheduled__2026-07-16T00:00:00+00:00 [queued]>
[2026-07-17T02:02:30.875+0000] {taskinstance.py:2612} INFO - Dependencies all met for dep_context=requeueable deps ti=<TaskInstance: wap_consumer_complaints_pipeline.bootstrap_base_table_if_missing scheduled__2026-07-16T00:00:00+00:00 [queued]>
[2026-07-17T02:02:30.876+0000] {taskinstance.py:2865} INFO - Starting attempt 1 of 2
[2026-07-17T02:02:30.888+0000] {taskinstance.py:2888} INFO - Executing <Task(_PythonDecoratedOperator): bootstrap_base_table_if_missing> on 2026-07-16 00:00:00+00:00
[2026-07-17T02:02:30.894+0000] {standard_task_runner.py:72} INFO - Started process 2107 to run task
[2026-07-17T02:02:30.899+0000] {standard_task_runner.py:104} INFO - Running: ['airflow', 'tasks', 'run', 'wap_consumer_complaints_pipeline', 'bootstrap_base_table_if_missing', 'scheduled__2026-07-16T00:00:00+00:00', '--job-id', '4', '--raw', '--subdir', 'DAGS_FOLDER/wap_consumer_complaints_pipeline.py', '--cfg-path', '/tmp/tmpvz1rk6cw']
[2026-07-17T02:02:30.900+0000] {standard_task_runner.py:105} INFO - Job 4: Subtask bootstrap_base_table_if_missing
[2026-07-17T02:02:30.991+0000] {task_command.py:467} INFO - Running <TaskInstance: wap_consumer_complaints_pipeline.bootstrap_base_table_if_missing scheduled__2026-07-16T00:00:00+00:00 [running]> on host e6c7c1682e85
[2026-07-17T02:02:31.068+0000] {taskinstance.py:3131} INFO - Exporting env vars: AIRFLOW_CTX_DAG_OWNER='data_engineer' AIRFLOW_CTX_DAG_ID='wap_consumer_complaints_pipeline' AIRFLOW_CTX_TASK_ID='bootstrap_base_table_if_missing' AIRFLOW_CTX_EXECUTION_DATE='2026-07-16T00:00:00+00:00' AIRFLOW_CTX_TRY_NUMBER='1' AIRFLOW_CTX_DAG_RUN_ID='scheduled__2026-07-16T00:00:00+00:00'
[2026-07-17T02:02:31.070+0000] {taskinstance.py:731} INFO - ::endgroup::
[2026-07-17T02:02:31.073+0000] {base.py:84} INFO - Retrieving connection 'trino_default'
[2026-07-17T02:02:31.075+0000] {base.py:84} INFO - Retrieving connection 'trino_default'
[2026-07-17T02:02:31.078+0000] {sql.py:509} INFO - Running statement: SELECT 1 
            FROM lakehouse.information_schema.tables 
            WHERE table_schema = 'bronze' 
            AND table_name = 'stg__consumer_complaints', parameters: None
[2026-07-17T02:02:31.287+0000] {wap_consumer_complaints_pipeline.py:121} INFO - ⏳ Bảng gốc chưa tồn tại. Bắt đầu bootstrap bảng rỗng trên main...
[2026-07-17T02:02:42.106+0000] {wap_consumer_complaints_pipeline.py:139} INFO - ✅ Đã bootstrap xong bộ khung bảng gốc!
[2026-07-17T02:02:42.108+0000] {python.py:240} INFO - Done. Returned value was: None
[2026-07-17T02:02:42.122+0000] {taskinstance.py:340} INFO - ::group::Post task execution logs
[2026-07-17T02:02:42.123+0000] {taskinstance.py:352} INFO - Marking task as SUCCESS. dag_id=wap_consumer_complaints_pipeline, task_id=bootstrap_base_table_if_missing, run_id=scheduled__2026-07-16T00:00:00+00:00, execution_date=20260716T000000, start_date=20260717T020230, end_date=20260717T020242
[2026-07-17T02:02:42.164+0000] {local_task_job_runner.py:266} INFO - Task exited with return code 0
[2026-07-17T02:02:42.208+0000] {taskinstance.py:3900} INFO - 1 downstream tasks scheduled from follow-on schedule check
[2026-07-17T02:02:42.214+0000] {local_task_job_runner.py:245} INFO - ::endgroup::
[2026-07-17T02:31:11.187+0000] {local_task_job_runner.py:123} INFO - ::group::Pre task execution logs
[2026-07-17T02:31:11.208+0000] {taskinstance.py:2612} INFO - Dependencies all met for dep_context=non-requeueable deps ti=<TaskInstance: wap_consumer_complaints_pipeline.bootstrap_base_table_if_missing scheduled__2026-07-16T00:00:00+00:00 [queued]>
[2026-07-17T02:31:11.221+0000] {taskinstance.py:2612} INFO - Dependencies all met for dep_context=requeueable deps ti=<TaskInstance: wap_consumer_complaints_pipeline.bootstrap_base_table_if_missing scheduled__2026-07-16T00:00:00+00:00 [queued]>
[2026-07-17T02:31:11.223+0000] {taskinstance.py:2865} INFO - Starting attempt 1 of 2
[2026-07-17T02:31:11.236+0000] {taskinstance.py:2888} INFO - Executing <Task(_PythonDecoratedOperator): bootstrap_base_table_if_missing> on 2026-07-16 00:00:00+00:00
[2026-07-17T02:31:11.242+0000] {standard_task_runner.py:72} INFO - Started process 406 to run task
[2026-07-17T02:31:11.247+0000] {standard_task_runner.py:104} INFO - Running: ['airflow', 'tasks', 'run', 'wap_consumer_complaints_pipeline', 'bootstrap_base_table_if_missing', 'scheduled__2026-07-16T00:00:00+00:00', '--job-id', '4', '--raw', '--subdir', 'DAGS_FOLDER/wap_consumer_complaints_pipeline.py', '--cfg-path', '/tmp/tmp974nx31x']
[2026-07-17T02:31:11.249+0000] {standard_task_runner.py:105} INFO - Job 4: Subtask bootstrap_base_table_if_missing
[2026-07-17T02:31:11.337+0000] {task_command.py:467} INFO - Running <TaskInstance: wap_consumer_complaints_pipeline.bootstrap_base_table_if_missing scheduled__2026-07-16T00:00:00+00:00 [running]> on host 0b96ba8d3379
[2026-07-17T02:31:11.423+0000] {taskinstance.py:3131} INFO - Exporting env vars: AIRFLOW_CTX_DAG_OWNER='data_engineer' AIRFLOW_CTX_DAG_ID='wap_consumer_complaints_pipeline' AIRFLOW_CTX_TASK_ID='bootstrap_base_table_if_missing' AIRFLOW_CTX_EXECUTION_DATE='2026-07-16T00:00:00+00:00' AIRFLOW_CTX_TRY_NUMBER='1' AIRFLOW_CTX_DAG_RUN_ID='scheduled__2026-07-16T00:00:00+00:00'
[2026-07-17T02:31:11.425+0000] {taskinstance.py:731} INFO - ::endgroup::
[2026-07-17T02:31:11.428+0000] {base.py:84} INFO - Retrieving connection 'trino_default'
[2026-07-17T02:31:11.429+0000] {base.py:84} INFO - Retrieving connection 'trino_default'
[2026-07-17T02:31:11.433+0000] {sql.py:509} INFO - Running statement: SELECT 1 
            FROM lakehouse.information_schema.tables 
            WHERE table_schema = 'bronze' 
            AND table_name = 'stg__consumer_complaints', parameters: None
[2026-07-17T02:31:11.667+0000] {wap_consumer_complaints_pipeline.py:121} INFO - ⏳ Bảng gốc chưa tồn tại. Bắt đầu bootstrap bảng rỗng trên main...
[2026-07-17T02:31:21.090+0000] {wap_consumer_complaints_pipeline.py:139} INFO - ✅ Đã bootstrap xong bộ khung bảng gốc!
[2026-07-17T02:31:21.091+0000] {python.py:240} INFO - Done. Returned value was: None
[2026-07-17T02:31:21.105+0000] {taskinstance.py:340} INFO - ::group::Post task execution logs
[2026-07-17T02:31:21.107+0000] {taskinstance.py:352} INFO - Marking task as SUCCESS. dag_id=wap_consumer_complaints_pipeline, task_id=bootstrap_base_table_if_missing, run_id=scheduled__2026-07-16T00:00:00+00:00, execution_date=20260716T000000, start_date=20260717T023111, end_date=20260717T023121
[2026-07-17T02:31:21.149+0000] {local_task_job_runner.py:266} INFO - Task exited with return code 0
[2026-07-17T02:31:21.197+0000] {taskinstance.py:3900} INFO - 1 downstream tasks scheduled from follow-on schedule check
[2026-07-17T02:31:21.202+0000] {local_task_job_runner.py:245} INFO - ::endgroup::
[2026-07-17T02:39:40.250+0000] {local_task_job_runner.py:123} INFO - ::group::Pre task execution logs
[2026-07-17T02:39:40.269+0000] {taskinstance.py:2612} INFO - Dependencies all met for dep_context=non-requeueable deps ti=<TaskInstance: wap_consumer_complaints_pipeline.bootstrap_base_table_if_missing scheduled__2026-07-16T00:00:00+00:00 [queued]>
[2026-07-17T02:39:40.276+0000] {taskinstance.py:2612} INFO - Dependencies all met for dep_context=requeueable deps ti=<TaskInstance: wap_consumer_complaints_pipeline.bootstrap_base_table_if_missing scheduled__2026-07-16T00:00:00+00:00 [queued]>
[2026-07-17T02:39:40.277+0000] {taskinstance.py:2865} INFO - Starting attempt 1 of 2
[2026-07-17T02:39:40.289+0000] {taskinstance.py:2888} INFO - Executing <Task(_PythonDecoratedOperator): bootstrap_base_table_if_missing> on 2026-07-16 00:00:00+00:00
[2026-07-17T02:39:40.295+0000] {standard_task_runner.py:72} INFO - Started process 436 to run task
[2026-07-17T02:39:40.299+0000] {standard_task_runner.py:104} INFO - Running: ['airflow', 'tasks', 'run', 'wap_consumer_complaints_pipeline', 'bootstrap_base_table_if_missing', 'scheduled__2026-07-16T00:00:00+00:00', '--job-id', '4', '--raw', '--subdir', 'DAGS_FOLDER/wap_consumer_complaints_pipeline.py', '--cfg-path', '/tmp/tmp92gkz72u']
[2026-07-17T02:39:40.300+0000] {standard_task_runner.py:105} INFO - Job 4: Subtask bootstrap_base_table_if_missing
[2026-07-17T02:39:40.386+0000] {task_command.py:467} INFO - Running <TaskInstance: wap_consumer_complaints_pipeline.bootstrap_base_table_if_missing scheduled__2026-07-16T00:00:00+00:00 [running]> on host ca61bab0d237
[2026-07-17T02:39:40.468+0000] {taskinstance.py:3131} INFO - Exporting env vars: AIRFLOW_CTX_DAG_OWNER='data_engineer' AIRFLOW_CTX_DAG_ID='wap_consumer_complaints_pipeline' AIRFLOW_CTX_TASK_ID='bootstrap_base_table_if_missing' AIRFLOW_CTX_EXECUTION_DATE='2026-07-16T00:00:00+00:00' AIRFLOW_CTX_TRY_NUMBER='1' AIRFLOW_CTX_DAG_RUN_ID='scheduled__2026-07-16T00:00:00+00:00'
[2026-07-17T02:39:40.471+0000] {taskinstance.py:731} INFO - ::endgroup::
[2026-07-17T02:39:40.474+0000] {wap_consumer_complaints_pipeline.py:110} INFO - 🧹 Đang kiểm tra và dọn dẹp View rác (nếu tồn tại)...
[2026-07-17T02:39:40.475+0000] {base.py:84} INFO - Retrieving connection 'trino_default'
[2026-07-17T02:39:40.477+0000] {base.py:84} INFO - Retrieving connection 'trino_default'
[2026-07-17T02:39:40.481+0000] {sql.py:509} INFO - Running statement: DROP VIEW IF EXISTS lakehouse.bronze.stg__consumer_complaints, parameters: None
[2026-07-17T02:39:40.520+0000] {base.py:84} INFO - Retrieving connection 'trino_default'
[2026-07-17T02:39:40.522+0000] {base.py:84} INFO - Retrieving connection 'trino_default'
[2026-07-17T02:39:40.523+0000] {sql.py:509} INFO - Running statement: SELECT 1 
            FROM lakehouse.information_schema.tables 
            WHERE table_schema = 'bronze' 
            AND table_name = 'stg__consumer_complaints'
            AND table_type = 'BASE TABLE', parameters: None
[2026-07-17T02:39:40.651+0000] {wap_consumer_complaints_pipeline.py:131} INFO - ⏳ Bảng gốc chưa tồn tại hoặc bị sai định dạng. Bắt đầu bootstrap bằng dbt...
[2026-07-17T02:39:50.652+0000] {wap_consumer_complaints_pipeline.py:149} INFO - ✅ Đã bootstrap xong bộ khung bảng gốc!
[2026-07-17T02:39:50.654+0000] {python.py:240} INFO - Done. Returned value was: None
[2026-07-17T02:39:50.667+0000] {taskinstance.py:340} INFO - ::group::Post task execution logs
[2026-07-17T02:39:50.668+0000] {taskinstance.py:352} INFO - Marking task as SUCCESS. dag_id=wap_consumer_complaints_pipeline, task_id=bootstrap_base_table_if_missing, run_id=scheduled__2026-07-16T00:00:00+00:00, execution_date=20260716T000000, start_date=20260717T023940, end_date=20260717T023950
[2026-07-17T02:39:50.711+0000] {local_task_job_runner.py:266} INFO - Task exited with return code 0
[2026-07-17T02:39:50.755+0000] {taskinstance.py:3900} INFO - 1 downstream tasks scheduled from follow-on schedule check
[2026-07-17T02:39:50.758+0000] {local_task_job_runner.py:245} INFO - ::endgroup::
[2026-07-17T02:53:12.807+0000] {local_task_job_runner.py:123} INFO - ::group::Pre task execution logs
[2026-07-17T02:53:12.824+0000] {taskinstance.py:2612} INFO - Dependencies all met for dep_context=non-requeueable deps ti=<TaskInstance: wap_consumer_complaints_pipeline.bootstrap_base_table_if_missing scheduled__2026-07-16T00:00:00+00:00 [queued]>
[2026-07-17T02:53:12.832+0000] {taskinstance.py:2612} INFO - Dependencies all met for dep_context=requeueable deps ti=<TaskInstance: wap_consumer_complaints_pipeline.bootstrap_base_table_if_missing scheduled__2026-07-16T00:00:00+00:00 [queued]>
[2026-07-17T02:53:12.833+0000] {taskinstance.py:2865} INFO - Starting attempt 1 of 2
[2026-07-17T02:53:12.845+0000] {taskinstance.py:2888} INFO - Executing <Task(_PythonDecoratedOperator): bootstrap_base_table_if_missing> on 2026-07-16 00:00:00+00:00
[2026-07-17T02:53:12.851+0000] {standard_task_runner.py:72} INFO - Started process 603 to run task
[2026-07-17T02:53:12.854+0000] {standard_task_runner.py:104} INFO - Running: ['airflow', 'tasks', 'run', 'wap_consumer_complaints_pipeline', 'bootstrap_base_table_if_missing', 'scheduled__2026-07-16T00:00:00+00:00', '--job-id', '4', '--raw', '--subdir', 'DAGS_FOLDER/wap_consumer_complaints_pipeline.py', '--cfg-path', '/tmp/tmpv7_pw_7n']
[2026-07-17T02:53:12.856+0000] {standard_task_runner.py:105} INFO - Job 4: Subtask bootstrap_base_table_if_missing
[2026-07-17T02:53:12.933+0000] {task_command.py:467} INFO - Running <TaskInstance: wap_consumer_complaints_pipeline.bootstrap_base_table_if_missing scheduled__2026-07-16T00:00:00+00:00 [running]> on host e3287f191908
[2026-07-17T02:53:13.010+0000] {taskinstance.py:3131} INFO - Exporting env vars: AIRFLOW_CTX_DAG_OWNER='data_engineer' AIRFLOW_CTX_DAG_ID='wap_consumer_complaints_pipeline' AIRFLOW_CTX_TASK_ID='bootstrap_base_table_if_missing' AIRFLOW_CTX_EXECUTION_DATE='2026-07-16T00:00:00+00:00' AIRFLOW_CTX_TRY_NUMBER='1' AIRFLOW_CTX_DAG_RUN_ID='scheduled__2026-07-16T00:00:00+00:00'
[2026-07-17T02:53:13.012+0000] {taskinstance.py:731} INFO - ::endgroup::
[2026-07-17T02:53:13.015+0000] {wap_consumer_complaints_pipeline.py:110} INFO - 🧹 Đang kiểm tra và dọn dẹp View rác (nếu tồn tại)...
[2026-07-17T02:53:13.017+0000] {base.py:84} INFO - Retrieving connection 'trino_default'
[2026-07-17T02:53:13.018+0000] {base.py:84} INFO - Retrieving connection 'trino_default'
[2026-07-17T02:53:13.022+0000] {sql.py:509} INFO - Running statement: DROP VIEW IF EXISTS lakehouse.bronze.stg__consumer_complaints, parameters: None
[2026-07-17T02:53:13.070+0000] {base.py:84} INFO - Retrieving connection 'trino_default'
[2026-07-17T02:53:13.072+0000] {base.py:84} INFO - Retrieving connection 'trino_default'
[2026-07-17T02:53:13.074+0000] {sql.py:509} INFO - Running statement: SELECT 1 
            FROM lakehouse.information_schema.tables 
            WHERE table_schema = 'bronze' 
            AND table_name = 'stg__consumer_complaints'
            AND table_type = 'BASE TABLE', parameters: None
[2026-07-17T02:53:13.209+0000] {wap_consumer_complaints_pipeline.py:131} INFO - ⏳ Bảng gốc chưa tồn tại hoặc bị sai định dạng. Bắt đầu bootstrap bằng dbt...
[2026-07-17T02:53:21.683+0000] {wap_consumer_complaints_pipeline.py:149} INFO - ✅ Đã bootstrap xong bộ khung bảng gốc!
[2026-07-17T02:53:21.685+0000] {python.py:240} INFO - Done. Returned value was: None
[2026-07-17T02:53:21.697+0000] {taskinstance.py:340} INFO - ::group::Post task execution logs
[2026-07-17T02:53:21.698+0000] {taskinstance.py:352} INFO - Marking task as SUCCESS. dag_id=wap_consumer_complaints_pipeline, task_id=bootstrap_base_table_if_missing, run_id=scheduled__2026-07-16T00:00:00+00:00, execution_date=20260716T000000, start_date=20260717T025312, end_date=20260717T025321
[2026-07-17T02:53:21.748+0000] {local_task_job_runner.py:266} INFO - Task exited with return code 0
[2026-07-17T02:53:21.789+0000] {taskinstance.py:3900} INFO - 1 downstream tasks scheduled from follow-on schedule check
[2026-07-17T02:53:21.794+0000] {local_task_job_runner.py:245} INFO - ::endgroup::
[2026-07-17T03:04:03.996+0000] {local_task_job_runner.py:123} INFO - ::group::Pre task execution logs
[2026-07-17T03:04:04.015+0000] {taskinstance.py:2612} INFO - Dependencies all met for dep_context=non-requeueable deps ti=<TaskInstance: wap_consumer_complaints_pipeline.bootstrap_base_table_if_missing scheduled__2026-07-16T00:00:00+00:00 [queued]>
[2026-07-17T03:04:04.023+0000] {taskinstance.py:2612} INFO - Dependencies all met for dep_context=requeueable deps ti=<TaskInstance: wap_consumer_complaints_pipeline.bootstrap_base_table_if_missing scheduled__2026-07-16T00:00:00+00:00 [queued]>
[2026-07-17T03:04:04.024+0000] {taskinstance.py:2865} INFO - Starting attempt 1 of 2
[2026-07-17T03:04:04.036+0000] {taskinstance.py:2888} INFO - Executing <Task(_PythonDecoratedOperator): bootstrap_base_table_if_missing> on 2026-07-16 00:00:00+00:00
[2026-07-17T03:04:04.042+0000] {standard_task_runner.py:72} INFO - Started process 436 to run task
[2026-07-17T03:04:04.045+0000] {standard_task_runner.py:104} INFO - Running: ['airflow', 'tasks', 'run', 'wap_consumer_complaints_pipeline', 'bootstrap_base_table_if_missing', 'scheduled__2026-07-16T00:00:00+00:00', '--job-id', '4', '--raw', '--subdir', 'DAGS_FOLDER/wap_consumer_complaints_pipeline.py', '--cfg-path', '/tmp/tmpd66s9don']
[2026-07-17T03:04:04.047+0000] {standard_task_runner.py:105} INFO - Job 4: Subtask bootstrap_base_table_if_missing
[2026-07-17T03:04:04.125+0000] {task_command.py:467} INFO - Running <TaskInstance: wap_consumer_complaints_pipeline.bootstrap_base_table_if_missing scheduled__2026-07-16T00:00:00+00:00 [running]> on host a3cdeedf1561
[2026-07-17T03:04:04.207+0000] {taskinstance.py:3131} INFO - Exporting env vars: AIRFLOW_CTX_DAG_OWNER='data_engineer' AIRFLOW_CTX_DAG_ID='wap_consumer_complaints_pipeline' AIRFLOW_CTX_TASK_ID='bootstrap_base_table_if_missing' AIRFLOW_CTX_EXECUTION_DATE='2026-07-16T00:00:00+00:00' AIRFLOW_CTX_TRY_NUMBER='1' AIRFLOW_CTX_DAG_RUN_ID='scheduled__2026-07-16T00:00:00+00:00'
[2026-07-17T03:04:04.209+0000] {taskinstance.py:731} INFO - ::endgroup::
[2026-07-17T03:04:04.211+0000] {wap_consumer_complaints_pipeline.py:110} INFO - 🧹 Đang kiểm tra và dọn dẹp View rác (nếu tồn tại)...
[2026-07-17T03:04:04.213+0000] {base.py:84} INFO - Retrieving connection 'trino_default'
[2026-07-17T03:04:04.216+0000] {base.py:84} INFO - Retrieving connection 'trino_default'
[2026-07-17T03:04:04.219+0000] {sql.py:509} INFO - Running statement: DROP VIEW IF EXISTS lakehouse.bronze.stg__consumer_complaints, parameters: None
[2026-07-17T03:04:04.256+0000] {base.py:84} INFO - Retrieving connection 'trino_default'
[2026-07-17T03:04:04.257+0000] {base.py:84} INFO - Retrieving connection 'trino_default'
[2026-07-17T03:04:04.258+0000] {sql.py:509} INFO - Running statement: SELECT 1 
            FROM lakehouse.information_schema.tables 
            WHERE table_schema = 'bronze' 
            AND table_name = 'stg__consumer_complaints'
            AND table_type = 'BASE TABLE', parameters: None
[2026-07-17T03:04:04.373+0000] {wap_consumer_complaints_pipeline.py:131} INFO - ⏳ Bảng gốc chưa tồn tại hoặc bị sai định dạng. Bắt đầu bootstrap bằng dbt...
[2026-07-17T03:04:14.637+0000] {wap_consumer_complaints_pipeline.py:149} INFO - ✅ Đã bootstrap xong bộ khung bảng gốc!
[2026-07-17T03:04:14.639+0000] {python.py:240} INFO - Done. Returned value was: None
[2026-07-17T03:04:14.653+0000] {taskinstance.py:340} INFO - ::group::Post task execution logs
[2026-07-17T03:04:14.654+0000] {taskinstance.py:352} INFO - Marking task as SUCCESS. dag_id=wap_consumer_complaints_pipeline, task_id=bootstrap_base_table_if_missing, run_id=scheduled__2026-07-16T00:00:00+00:00, execution_date=20260716T000000, start_date=20260717T030404, end_date=20260717T030414
[2026-07-17T03:04:14.698+0000] {local_task_job_runner.py:266} INFO - Task exited with return code 0
[2026-07-17T03:04:14.744+0000] {taskinstance.py:3900} INFO - 1 downstream tasks scheduled from follow-on schedule check
[2026-07-17T03:04:14.748+0000] {local_task_job_runner.py:245} INFO - ::endgroup::
[2026-07-17T03:32:08.556+0000] {local_task_job_runner.py:123} INFO - ::group::Pre task execution logs
[2026-07-17T03:32:08.573+0000] {taskinstance.py:2612} INFO - Dependencies all met for dep_context=non-requeueable deps ti=<TaskInstance: wap_consumer_complaints_pipeline.bootstrap_base_table_if_missing scheduled__2026-07-16T00:00:00+00:00 [queued]>
[2026-07-17T03:32:08.582+0000] {taskinstance.py:2612} INFO - Dependencies all met for dep_context=requeueable deps ti=<TaskInstance: wap_consumer_complaints_pipeline.bootstrap_base_table_if_missing scheduled__2026-07-16T00:00:00+00:00 [queued]>
[2026-07-17T03:32:08.584+0000] {taskinstance.py:2865} INFO - Starting attempt 1 of 2
[2026-07-17T03:32:08.598+0000] {taskinstance.py:2888} INFO - Executing <Task(_PythonDecoratedOperator): bootstrap_base_table_if_missing> on 2026-07-16 00:00:00+00:00
[2026-07-17T03:32:08.604+0000] {standard_task_runner.py:72} INFO - Started process 522 to run task
[2026-07-17T03:32:08.608+0000] {standard_task_runner.py:104} INFO - Running: ['airflow', 'tasks', 'run', 'wap_consumer_complaints_pipeline', 'bootstrap_base_table_if_missing', 'scheduled__2026-07-16T00:00:00+00:00', '--job-id', '4', '--raw', '--subdir', 'DAGS_FOLDER/wap_consumer_complaints_pipeline.py', '--cfg-path', '/tmp/tmpa7gnbx5e']
[2026-07-17T03:32:08.611+0000] {standard_task_runner.py:105} INFO - Job 4: Subtask bootstrap_base_table_if_missing
[2026-07-17T03:32:08.699+0000] {task_command.py:467} INFO - Running <TaskInstance: wap_consumer_complaints_pipeline.bootstrap_base_table_if_missing scheduled__2026-07-16T00:00:00+00:00 [running]> on host d5600cb2e4bf
[2026-07-17T03:32:08.777+0000] {taskinstance.py:3131} INFO - Exporting env vars: AIRFLOW_CTX_DAG_OWNER='data_engineer' AIRFLOW_CTX_DAG_ID='wap_consumer_complaints_pipeline' AIRFLOW_CTX_TASK_ID='bootstrap_base_table_if_missing' AIRFLOW_CTX_EXECUTION_DATE='2026-07-16T00:00:00+00:00' AIRFLOW_CTX_TRY_NUMBER='1' AIRFLOW_CTX_DAG_RUN_ID='scheduled__2026-07-16T00:00:00+00:00'
[2026-07-17T03:32:08.780+0000] {taskinstance.py:731} INFO - ::endgroup::
[2026-07-17T03:32:08.783+0000] {wap_consumer_complaints_pipeline.py:110} INFO - 🧹 Đang kiểm tra và dọn dẹp View rác (nếu tồn tại)...
[2026-07-17T03:32:08.786+0000] {base.py:84} INFO - Retrieving connection 'trino_default'
[2026-07-17T03:32:08.788+0000] {base.py:84} INFO - Retrieving connection 'trino_default'
[2026-07-17T03:32:08.792+0000] {sql.py:509} INFO - Running statement: DROP VIEW IF EXISTS lakehouse.bronze.stg__consumer_complaints, parameters: None
[2026-07-17T03:32:08.829+0000] {base.py:84} INFO - Retrieving connection 'trino_default'
[2026-07-17T03:32:08.831+0000] {base.py:84} INFO - Retrieving connection 'trino_default'
[2026-07-17T03:32:08.833+0000] {sql.py:509} INFO - Running statement: SELECT 1 
            FROM lakehouse.information_schema.tables 
            WHERE table_schema = 'bronze' 
            AND table_name = 'stg__consumer_complaints'
            AND table_type = 'BASE TABLE', parameters: None
[2026-07-17T03:32:08.945+0000] {wap_consumer_complaints_pipeline.py:131} INFO - ⏳ Bảng gốc chưa tồn tại hoặc bị sai định dạng. Bắt đầu bootstrap bằng dbt...
[2026-07-17T03:32:18.545+0000] {wap_consumer_complaints_pipeline.py:147} ERROR - [0m03:32:10  Running with dbt=1.8.8
[0m03:32:10  Registered adapter: trino=1.8.5
[0m03:32:14  Unable to do partial parsing because change detected to override macro. Starting full parse.
[0m03:32:16  [[33mWARNING[0m]: Deprecated functionality
The `tests` config has been renamed to `data_tests`. Please see
https://docs.getdbt.com/docs/build/data-tests#new-data_tests-syntax for more
information.
[0m03:32:17  Found 8 models, 40 data tests, 1 source, 9 metrics, 839 macros, 5 semantic models
[0m03:32:17  
[0m03:32:17  [[33mWARNING[0m]: SSL certificate validation is disabled by default. It is legacy behavior which will be changed in future releases. It is strongly advised to enable `require_certificate_validation` flag or explicitly set `cert` configuration to `True` for security reasons. You may receive an error after that if your SSL setup is incorrect.
You may opt into the new behavior sooner by setting `flags.require_certificate_validation` to `True` in `dbt_project.yml`.
Visit https://docs.getdbt.com/reference/global-configs/behavior-changes for more information.
[0m03:32:17  
[0m03:32:17  Finished running  in 0 hours 0 minutes and 0.07 seconds (0.07s).
[0m03:32:17  Encountered an error:
Database Error
  TrinoUserError(type=USER_ERROR, name=INVALID_SESSION_PROPERTY, message="Session property 'nessie_reference_name' does not exist", query_id=20260717_033217_00010_jdi94)

[2026-07-17T03:32:18.557+0000] {taskinstance.py:3310} ERROR - Task failed with exception
Traceback (most recent call last):
  File "/home/airflow/.local/lib/python3.10/site-packages/airflow/models/taskinstance.py", line 767, in _execute_task
    result = _execute_callable(context=context, **execute_callable_kwargs)
  File "/home/airflow/.local/lib/python3.10/site-packages/airflow/models/taskinstance.py", line 733, in _execute_callable
    return ExecutionCallableRunner(
  File "/home/airflow/.local/lib/python3.10/site-packages/airflow/utils/operator_helpers.py", line 252, in run
    return self.func(*args, **kwargs)
  File "/home/airflow/.local/lib/python3.10/site-packages/airflow/models/baseoperator.py", line 406, in wrapper
    return func(self, *args, **kwargs)
  File "/home/airflow/.local/lib/python3.10/site-packages/airflow/decorators/base.py", line 266, in execute
    return_value = super().execute(context)
  File "/home/airflow/.local/lib/python3.10/site-packages/airflow/models/baseoperator.py", line 406, in wrapper
    return func(self, *args, **kwargs)
  File "/home/airflow/.local/lib/python3.10/site-packages/airflow/operators/python.py", line 238, in execute
    return_value = self.execute_callable()
  File "/home/airflow/.local/lib/python3.10/site-packages/airflow/operators/python.py", line 256, in execute_callable
    return runner.run(*self.op_args, **self.op_kwargs)
  File "/home/airflow/.local/lib/python3.10/site-packages/airflow/utils/operator_helpers.py", line 252, in run
    return self.func(*args, **kwargs)
  File "/opt/airflow/dags/wap_consumer_complaints_pipeline.py", line 148, in bootstrap_base_table_if_missing
    raise AirflowException(f"❌ Bootstrap thất bại! Lỗi: {result.stderr}")
airflow.exceptions.AirflowException: ❌ Bootstrap thất bại! Lỗi: 
[2026-07-17T03:32:18.571+0000] {taskinstance.py:1225} INFO - Marking task as UP_FOR_RETRY. dag_id=wap_consumer_complaints_pipeline, task_id=bootstrap_base_table_if_missing, run_id=scheduled__2026-07-16T00:00:00+00:00, execution_date=20260716T000000, start_date=20260717T033208, end_date=20260717T033218
[2026-07-17T03:32:18.606+0000] {taskinstance.py:340} INFO - ::group::Post task execution logs
[2026-07-17T03:32:18.607+0000] {standard_task_runner.py:124} ERROR - Failed to execute job 4 for task bootstrap_base_table_if_missing (❌ Bootstrap thất bại! Lỗi: ; 522)
Traceback (most recent call last):
  File "/home/airflow/.local/lib/python3.10/site-packages/airflow/task/task_runner/standard_task_runner.py", line 117, in _start_by_fork
    ret = args.func(args, dag=self.dag)
  File "/home/airflow/.local/lib/python3.10/site-packages/airflow/cli/cli_config.py", line 49, in command
    return func(*args, **kwargs)
  File "/home/airflow/.local/lib/python3.10/site-packages/airflow/utils/cli.py", line 115, in wrapper
    return f(*args, **kwargs)
  File "/home/airflow/.local/lib/python3.10/site-packages/airflow/cli/commands/task_command.py", line 483, in task_run
    task_return_code = _run_task_by_selected_method(args, _dag, ti)
  File "/home/airflow/.local/lib/python3.10/site-packages/airflow/cli/commands/task_command.py", line 256, in _run_task_by_selected_method
    return _run_raw_task(args, ti)
  File "/home/airflow/.local/lib/python3.10/site-packages/airflow/cli/commands/task_command.py", line 341, in _run_raw_task
    return ti._run_raw_task(
  File "/home/airflow/.local/lib/python3.10/site-packages/airflow/utils/session.py", line 97, in wrapper
    return func(*args, session=session, **kwargs)
  File "/home/airflow/.local/lib/python3.10/site-packages/airflow/models/taskinstance.py", line 3004, in _run_raw_task
    return _run_raw_task(
  File "/home/airflow/.local/lib/python3.10/site-packages/airflow/models/taskinstance.py", line 273, in _run_raw_task
    TaskInstance._execute_task_with_callbacks(
  File "/home/airflow/.local/lib/python3.10/site-packages/airflow/models/taskinstance.py", line 3158, in _execute_task_with_callbacks
    result = self._execute_task(context, task_orig)
  File "/home/airflow/.local/lib/python3.10/site-packages/airflow/models/taskinstance.py", line 3182, in _execute_task
    return _execute_task(self, context, task_orig)
  File "/home/airflow/.local/lib/python3.10/site-packages/airflow/models/taskinstance.py", line 767, in _execute_task
    result = _execute_callable(context=context, **execute_callable_kwargs)
  File "/home/airflow/.local/lib/python3.10/site-packages/airflow/models/taskinstance.py", line 733, in _execute_callable
    return ExecutionCallableRunner(
  File "/home/airflow/.local/lib/python3.10/site-packages/airflow/utils/operator_helpers.py", line 252, in run
    return self.func(*args, **kwargs)
  File "/home/airflow/.local/lib/python3.10/site-packages/airflow/models/baseoperator.py", line 406, in wrapper
    return func(self, *args, **kwargs)
  File "/home/airflow/.local/lib/python3.10/site-packages/airflow/decorators/base.py", line 266, in execute
    return_value = super().execute(context)
  File "/home/airflow/.local/lib/python3.10/site-packages/airflow/models/baseoperator.py", line 406, in wrapper
    return func(self, *args, **kwargs)
  File "/home/airflow/.local/lib/python3.10/site-packages/airflow/operators/python.py", line 238, in execute
    return_value = self.execute_callable()
  File "/home/airflow/.local/lib/python3.10/site-packages/airflow/operators/python.py", line 256, in execute_callable
    return runner.run(*self.op_args, **self.op_kwargs)
  File "/home/airflow/.local/lib/python3.10/site-packages/airflow/utils/operator_helpers.py", line 252, in run
    return self.func(*args, **kwargs)
  File "/opt/airflow/dags/wap_consumer_complaints_pipeline.py", line 148, in bootstrap_base_table_if_missing
    raise AirflowException(f"❌ Bootstrap thất bại! Lỗi: {result.stderr}")
airflow.exceptions.AirflowException: ❌ Bootstrap thất bại! Lỗi: 
[2026-07-17T03:32:18.625+0000] {local_task_job_runner.py:266} INFO - Task exited with return code 1
[2026-07-17T03:32:18.669+0000] {taskinstance.py:3900} INFO - 0 downstream tasks scheduled from follow-on schedule check
[2026-07-17T03:32:18.672+0000] {local_task_job_runner.py:245} INFO - ::endgroup::
[2026-07-17T03:46:29.009+0000] {local_task_job_runner.py:123} INFO - ::group::Pre task execution logs
[2026-07-17T03:46:29.027+0000] {taskinstance.py:2612} INFO - Dependencies all met for dep_context=non-requeueable deps ti=<TaskInstance: wap_consumer_complaints_pipeline.bootstrap_base_table_if_missing scheduled__2026-07-16T00:00:00+00:00 [queued]>
[2026-07-17T03:46:29.034+0000] {taskinstance.py:2612} INFO - Dependencies all met for dep_context=requeueable deps ti=<TaskInstance: wap_consumer_complaints_pipeline.bootstrap_base_table_if_missing scheduled__2026-07-16T00:00:00+00:00 [queued]>
[2026-07-17T03:46:29.036+0000] {taskinstance.py:2865} INFO - Starting attempt 1 of 2
[2026-07-17T03:46:29.047+0000] {taskinstance.py:2888} INFO - Executing <Task(_PythonDecoratedOperator): bootstrap_base_table_if_missing> on 2026-07-16 00:00:00+00:00
[2026-07-17T03:46:29.053+0000] {standard_task_runner.py:72} INFO - Started process 756 to run task
[2026-07-17T03:46:29.057+0000] {standard_task_runner.py:104} INFO - Running: ['airflow', 'tasks', 'run', 'wap_consumer_complaints_pipeline', 'bootstrap_base_table_if_missing', 'scheduled__2026-07-16T00:00:00+00:00', '--job-id', '4', '--raw', '--subdir', 'DAGS_FOLDER/wap_consumer_complaints_pipeline.py', '--cfg-path', '/tmp/tmp6d940uo0']
[2026-07-17T03:46:29.058+0000] {standard_task_runner.py:105} INFO - Job 4: Subtask bootstrap_base_table_if_missing
[2026-07-17T03:46:29.170+0000] {task_command.py:467} INFO - Running <TaskInstance: wap_consumer_complaints_pipeline.bootstrap_base_table_if_missing scheduled__2026-07-16T00:00:00+00:00 [running]> on host 179ba2ea9fa0
[2026-07-17T03:46:29.261+0000] {taskinstance.py:3131} INFO - Exporting env vars: AIRFLOW_CTX_DAG_OWNER='data_engineer' AIRFLOW_CTX_DAG_ID='wap_consumer_complaints_pipeline' AIRFLOW_CTX_TASK_ID='bootstrap_base_table_if_missing' AIRFLOW_CTX_EXECUTION_DATE='2026-07-16T00:00:00+00:00' AIRFLOW_CTX_TRY_NUMBER='1' AIRFLOW_CTX_DAG_RUN_ID='scheduled__2026-07-16T00:00:00+00:00'
[2026-07-17T03:46:29.263+0000] {taskinstance.py:731} INFO - ::endgroup::
[2026-07-17T03:46:29.268+0000] {wap_consumer_complaints_pipeline.py:110} INFO - 🧹 Đang kiểm tra và dọn dẹp View rác (nếu tồn tại)...
[2026-07-17T03:46:29.270+0000] {base.py:84} INFO - Retrieving connection 'trino_default'
[2026-07-17T03:46:29.272+0000] {base.py:84} INFO - Retrieving connection 'trino_default'
[2026-07-17T03:46:29.278+0000] {sql.py:509} INFO - Running statement: DROP VIEW IF EXISTS lakehouse.bronze.stg__consumer_complaints, parameters: None
[2026-07-17T03:46:29.324+0000] {base.py:84} INFO - Retrieving connection 'trino_default'
[2026-07-17T03:46:29.325+0000] {base.py:84} INFO - Retrieving connection 'trino_default'
[2026-07-17T03:46:29.327+0000] {sql.py:509} INFO - Running statement: SELECT 1 
            FROM lakehouse.information_schema.tables 
            WHERE table_schema = 'bronze' 
            AND table_name = 'stg__consumer_complaints'
            AND table_type = 'BASE TABLE', parameters: None
[2026-07-17T03:46:29.452+0000] {wap_consumer_complaints_pipeline.py:131} INFO - ⏳ Bảng gốc chưa tồn tại hoặc bị sai định dạng. Bắt đầu bootstrap bằng dbt...
[2026-07-17T03:46:41.307+0000] {wap_consumer_complaints_pipeline.py:149} INFO - ✅ Đã bootstrap xong bộ khung bảng gốc!
[2026-07-17T03:46:41.309+0000] {python.py:240} INFO - Done. Returned value was: None
[2026-07-17T03:46:41.323+0000] {taskinstance.py:340} INFO - ::group::Post task execution logs
[2026-07-17T03:46:41.325+0000] {taskinstance.py:352} INFO - Marking task as SUCCESS. dag_id=wap_consumer_complaints_pipeline, task_id=bootstrap_base_table_if_missing, run_id=scheduled__2026-07-16T00:00:00+00:00, execution_date=20260716T000000, start_date=20260717T034629, end_date=20260717T034641
[2026-07-17T03:46:41.388+0000] {local_task_job_runner.py:266} INFO - Task exited with return code 0
[2026-07-17T03:46:41.430+0000] {taskinstance.py:3900} INFO - 1 downstream tasks scheduled from follow-on schedule check
[2026-07-17T03:46:41.434+0000] {local_task_job_runner.py:245} INFO - ::endgroup::
[2026-07-17T03:55:23.797+0000] {local_task_job_runner.py:123} INFO - ::group::Pre task execution logs
[2026-07-17T03:55:23.815+0000] {taskinstance.py:2612} INFO - Dependencies all met for dep_context=non-requeueable deps ti=<TaskInstance: wap_consumer_complaints_pipeline.bootstrap_base_table_if_missing scheduled__2026-07-16T00:00:00+00:00 [queued]>
[2026-07-17T03:55:23.823+0000] {taskinstance.py:2612} INFO - Dependencies all met for dep_context=requeueable deps ti=<TaskInstance: wap_consumer_complaints_pipeline.bootstrap_base_table_if_missing scheduled__2026-07-16T00:00:00+00:00 [queued]>
[2026-07-17T03:55:23.825+0000] {taskinstance.py:2865} INFO - Starting attempt 1 of 2
[2026-07-17T03:55:23.837+0000] {taskinstance.py:2888} INFO - Executing <Task(_PythonDecoratedOperator): bootstrap_base_table_if_missing> on 2026-07-16 00:00:00+00:00
[2026-07-17T03:55:23.842+0000] {standard_task_runner.py:72} INFO - Started process 455 to run task
[2026-07-17T03:55:23.846+0000] {standard_task_runner.py:104} INFO - Running: ['airflow', 'tasks', 'run', 'wap_consumer_complaints_pipeline', 'bootstrap_base_table_if_missing', 'scheduled__2026-07-16T00:00:00+00:00', '--job-id', '4', '--raw', '--subdir', 'DAGS_FOLDER/wap_consumer_complaints_pipeline.py', '--cfg-path', '/tmp/tmpr5zyr7g5']
[2026-07-17T03:55:23.848+0000] {standard_task_runner.py:105} INFO - Job 4: Subtask bootstrap_base_table_if_missing
[2026-07-17T03:55:23.942+0000] {task_command.py:467} INFO - Running <TaskInstance: wap_consumer_complaints_pipeline.bootstrap_base_table_if_missing scheduled__2026-07-16T00:00:00+00:00 [running]> on host 5264aaac7eea
[2026-07-17T03:55:24.023+0000] {taskinstance.py:3131} INFO - Exporting env vars: AIRFLOW_CTX_DAG_OWNER='data_engineer' AIRFLOW_CTX_DAG_ID='wap_consumer_complaints_pipeline' AIRFLOW_CTX_TASK_ID='bootstrap_base_table_if_missing' AIRFLOW_CTX_EXECUTION_DATE='2026-07-16T00:00:00+00:00' AIRFLOW_CTX_TRY_NUMBER='1' AIRFLOW_CTX_DAG_RUN_ID='scheduled__2026-07-16T00:00:00+00:00'
[2026-07-17T03:55:24.025+0000] {taskinstance.py:731} INFO - ::endgroup::
[2026-07-17T03:55:24.029+0000] {wap_consumer_complaints_pipeline.py:110} INFO - 🧹 Đang kiểm tra và dọn dẹp View rác (nếu tồn tại)...
[2026-07-17T03:55:24.031+0000] {base.py:84} INFO - Retrieving connection 'trino_default'
[2026-07-17T03:55:24.033+0000] {base.py:84} INFO - Retrieving connection 'trino_default'
[2026-07-17T03:55:24.039+0000] {sql.py:509} INFO - Running statement: DROP VIEW IF EXISTS lakehouse.bronze.stg__consumer_complaints, parameters: None
[2026-07-17T03:55:24.076+0000] {base.py:84} INFO - Retrieving connection 'trino_default'
[2026-07-17T03:55:24.079+0000] {base.py:84} INFO - Retrieving connection 'trino_default'
[2026-07-17T03:55:24.081+0000] {sql.py:509} INFO - Running statement: SELECT 1 
            FROM lakehouse.information_schema.tables 
            WHERE table_schema = 'bronze' 
            AND table_name = 'stg__consumer_complaints'
            AND table_type = 'BASE TABLE', parameters: None
[2026-07-17T03:55:24.189+0000] {wap_consumer_complaints_pipeline.py:131} INFO - ⏳ Bảng gốc chưa tồn tại hoặc bị sai định dạng. Bắt đầu bootstrap bằng dbt...
[2026-07-17T03:55:35.899+0000] {wap_consumer_complaints_pipeline.py:149} INFO - ✅ Đã bootstrap xong bộ khung bảng gốc!
[2026-07-17T03:55:35.901+0000] {python.py:240} INFO - Done. Returned value was: None
[2026-07-17T03:55:35.916+0000] {taskinstance.py:340} INFO - ::group::Post task execution logs
[2026-07-17T03:55:35.919+0000] {taskinstance.py:352} INFO - Marking task as SUCCESS. dag_id=wap_consumer_complaints_pipeline, task_id=bootstrap_base_table_if_missing, run_id=scheduled__2026-07-16T00:00:00+00:00, execution_date=20260716T000000, start_date=20260717T035523, end_date=20260717T035535
[2026-07-17T03:55:35.940+0000] {local_task_job_runner.py:266} INFO - Task exited with return code 0
[2026-07-17T03:55:35.987+0000] {taskinstance.py:3900} INFO - 1 downstream tasks scheduled from follow-on schedule check
[2026-07-17T03:55:35.990+0000] {local_task_job_runner.py:245} INFO - ::endgroup::
