[2026-06-28T01:00:59.320+0000] {taskinstance.py:1979} INFO - Dependencies all met for dep_context=non-requeueable deps ti=<TaskInstance: consumer_complaints_elt_lakehouse.upload_local_to_minio_landing manual__2026-06-27T04:27:58.796267+00:00 [queued]>
[2026-06-28T01:00:59.327+0000] {taskinstance.py:1979} INFO - Dependencies all met for dep_context=requeueable deps ti=<TaskInstance: consumer_complaints_elt_lakehouse.upload_local_to_minio_landing manual__2026-06-27T04:27:58.796267+00:00 [queued]>
[2026-06-28T01:00:59.328+0000] {taskinstance.py:2193} INFO - Starting attempt 1 of 2
[2026-06-28T01:00:59.339+0000] {taskinstance.py:2214} INFO - Executing <Task(_PythonDecoratedOperator): upload_local_to_minio_landing> on 2026-06-27 04:27:58.796267+00:00
[2026-06-28T01:00:59.344+0000] {standard_task_runner.py:60} INFO - Started process 230 to run task
[2026-06-28T01:00:59.347+0000] {standard_task_runner.py:87} INFO - Running: ['airflow', 'tasks', 'run', 'consumer_complaints_elt_lakehouse', 'upload_local_to_minio_landing', 'manual__2026-06-27T04:27:58.796267+00:00', '--job-id', '42', '--raw', '--subdir', 'DAGS_FOLDER/consumer_complaints_elt.py', '--cfg-path', '/tmp/tmp4rvtyl6f']
[2026-06-28T01:00:59.348+0000] {standard_task_runner.py:88} INFO - Job 42: Subtask upload_local_to_minio_landing
[2026-06-28T01:00:59.425+0000] {task_command.py:423} INFO - Running <TaskInstance: consumer_complaints_elt_lakehouse.upload_local_to_minio_landing manual__2026-06-27T04:27:58.796267+00:00 [running]> on host bcaa462ce9f4
[2026-06-28T01:00:59.513+0000] {taskinstance.py:2510} INFO - Exporting env vars: AIRFLOW_CTX_DAG_OWNER='data_engineering' AIRFLOW_CTX_DAG_ID='consumer_complaints_elt_lakehouse' AIRFLOW_CTX_TASK_ID='upload_local_to_minio_landing' AIRFLOW_CTX_EXECUTION_DATE='2026-06-27T04:27:58.796267+00:00' AIRFLOW_CTX_TRY_NUMBER='1' AIRFLOW_CTX_DAG_RUN_ID='manual__2026-06-27T04:27:58.796267+00:00'
[2026-06-28T01:00:59.515+0000] {minio_loader.py:47} INFO - Đang upload 2 files lên bucket: lakehouse
[2026-06-28T01:00:59.516+0000] {minio_loader.py:64} INFO - 📁 Đang upload jpmorgan_complaints.json (3.38 MB)
[2026-06-28T01:00:59.517+0000] {crypto.py:82} WARNING - empty cryptography key - values will not be stored encrypted.
[2026-06-28T01:00:59.518+0000] {base.py:83} INFO - Using connection ID 'minio_default' for task execution.
[2026-06-28T01:00:59.519+0000] {connection_wrapper.py:382} INFO - AWS Connection (conn_id='minio_default', conn_type='aws') credentials retrieved from login and password.
[2026-06-28T01:00:59.911+0000] {minio_loader.py:88} ERROR - Lỗi khi upload data cho jpmorgan: Failed to upload /tmp/consumer_complaints/jpmorgan_complaints.json to lakehouse/landing/consumer_complaints/20260628_010059_jpmorgan_complaints.json: An error occurred (InvalidAccessKeyId) when calling the PutObject operation: The Access Key Id you provided does not exist in our records.
[2026-06-28T01:00:59.912+0000] {minio_loader.py:64} INFO - 📁 Đang upload bank_of_america_complaints.json (34.32 MB)
[2026-06-28T01:00:59.921+0000] {minio_loader.py:88} ERROR - Lỗi khi upload data cho bank of america: Failed to upload /tmp/consumer_complaints/bank_of_america_complaints.json to lakehouse/landing/consumer_complaints/20260628_010059_bank_of_america_complaints.json: An error occurred (InvalidAccessKeyId) when calling the CreateMultipartUpload operation: The Access Key Id you provided does not exist in our records.
[2026-06-28T01:00:59.922+0000] {minio_loader.py:91} INFO - ✓ Hoàn tất upload 0 files lên Landing Zone
[2026-06-28T01:00:59.923+0000] {consumer_complaints_elt.py:157} INFO - Đã xóa file tạm local: /tmp/consumer_complaints/jpmorgan_complaints.json
[2026-06-28T01:00:59.927+0000] {consumer_complaints_elt.py:157} INFO - Đã xóa file tạm local: /tmp/consumer_complaints/bank_of_america_complaints.json
[2026-06-28T01:00:59.928+0000] {python.py:202} INFO - Done. Returned value was: []
[2026-06-28T01:00:59.953+0000] {taskinstance.py:1149} INFO - Marking task as SUCCESS. dag_id=consumer_complaints_elt_lakehouse, task_id=upload_local_to_minio_landing, execution_date=20260627T042758, start_date=20260628T010059, end_date=20260628T010059
[2026-06-28T01:01:00.004+0000] {local_task_job_runner.py:234} INFO - Task exited with return code 0
[2026-06-28T01:01:00.040+0000] {taskinstance.py:3309} INFO - 1 downstream tasks scheduled from follow-on schedule check
