[2026-07-07T04:54:49.823+0000] {taskinstance.py:1979} INFO - Dependencies all met for dep_context=non-requeueable deps ti=<TaskInstance: consumer_complaints_incremental_load.extract_and_rescue_api_to_local scheduled__2026-01-04T00:00:00+00:00 [queued]>
[2026-07-07T04:54:49.831+0000] {taskinstance.py:1979} INFO - Dependencies all met for dep_context=requeueable deps ti=<TaskInstance: consumer_complaints_incremental_load.extract_and_rescue_api_to_local scheduled__2026-01-04T00:00:00+00:00 [queued]>
[2026-07-07T04:54:49.832+0000] {taskinstance.py:2193} INFO - Starting attempt 1 of 1
[2026-07-07T04:54:49.843+0000] {taskinstance.py:2214} INFO - Executing <Task(_PythonDecoratedOperator): extract_and_rescue_api_to_local> on 2026-01-04 00:00:00+00:00
[2026-07-07T04:54:49.849+0000] {standard_task_runner.py:60} INFO - Started process 405 to run task
[2026-07-07T04:54:49.852+0000] {standard_task_runner.py:87} INFO - Running: ['airflow', 'tasks', 'run', 'consumer_complaints_incremental_load', 'extract_and_rescue_api_to_local', 'scheduled__2026-01-04T00:00:00+00:00', '--job-id', '16', '--raw', '--subdir', 'DAGS_FOLDER/consumer_complaints_incremental_dag.py', '--cfg-path', '/tmp/tmpd0q32nz4']
[2026-07-07T04:54:49.854+0000] {standard_task_runner.py:88} INFO - Job 16: Subtask extract_and_rescue_api_to_local
[2026-07-07T04:54:49.930+0000] {task_command.py:423} INFO - Running <TaskInstance: consumer_complaints_incremental_load.extract_and_rescue_api_to_local scheduled__2026-01-04T00:00:00+00:00 [running]> on host 7c9da0b9f835
[2026-07-07T04:54:50.022+0000] {taskinstance.py:2510} INFO - Exporting env vars: AIRFLOW_CTX_DAG_OWNER='airflow' AIRFLOW_CTX_DAG_ID='consumer_complaints_incremental_load' AIRFLOW_CTX_TASK_ID='extract_and_rescue_api_to_local' AIRFLOW_CTX_EXECUTION_DATE='2026-01-04T00:00:00+00:00' AIRFLOW_CTX_TRY_NUMBER='1' AIRFLOW_CTX_DAG_RUN_ID='scheduled__2026-01-04T00:00:00+00:00'
[2026-07-07T04:54:50.030+0000] {cfpb_api_client.py:486} INFO - 🛡️ Khởi động lưới lọc Rescued Data cho công ty: JPMORGAN CHASE & CO.
[2026-07-07T04:54:50.031+0000] {cfpb_api_client.py:460} INFO - 🏢 Khởi tạo luồng kéo dữ liệu cho công ty: JPMORGAN CHASE & CO.
[2026-07-07T04:54:50.031+0000] {cfpb_api_client.py:389} INFO - 🚀 BẮT ĐẦU: Kéo luồng dữ liệu từ 2025-12-28 đến 2026-01-04
[2026-07-07T04:54:53.773+0000] {cfpb_api_client.py:438} INFO -   ➜ Đã kéo được 508 / 508 records...
[2026-07-07T04:54:53.774+0000] {cfpb_api_client.py:442} INFO - ✅ HOÀN TẤT: Đã lấy toàn bộ 508 khiếu nại có sẵn.
[2026-07-07T04:54:53.774+0000] {cfpb_api_client.py:486} INFO - 🛡️ Khởi động lưới lọc Rescued Data cho công ty: BANK OF AMERICA, NATIONAL ASSOCIATION
[2026-07-07T04:54:53.775+0000] {cfpb_api_client.py:460} INFO - 🏢 Khởi tạo luồng kéo dữ liệu cho công ty: BANK OF AMERICA, NATIONAL ASSOCIATION
[2026-07-07T04:54:53.775+0000] {cfpb_api_client.py:389} INFO - 🚀 BẮT ĐẦU: Kéo luồng dữ liệu từ 2025-12-28 đến 2026-01-04
[2026-07-07T04:54:55.219+0000] {cfpb_api_client.py:438} INFO -   ➜ Đã kéo được 441 / 441 records...
[2026-07-07T04:54:55.220+0000] {cfpb_api_client.py:442} INFO - ✅ HOÀN TẤT: Đã lấy toàn bộ 441 khiếu nại có sẵn.
[2026-07-07T04:54:55.222+0000] {python.py:202} INFO - Done. Returned value was: {'files': {'JPMORGAN CHASE & CO.': '/tmp/inc_2026-01-04_jpmorgan_chase_&_co._complaints.json', 'BANK OF AMERICA, NATIONAL ASSOCIATION': '/tmp/inc_2026-01-04_bank_of_america_national_association_complaints.json'}, 'run_date': '2026-01-04'}
[2026-07-07T04:54:55.282+0000] {taskinstance.py:1149} INFO - Marking task as SUCCESS. dag_id=consumer_complaints_incremental_load, task_id=extract_and_rescue_api_to_local, execution_date=20260104T000000, start_date=20260707T045449, end_date=20260707T045455
[2026-07-07T04:54:55.336+0000] {local_task_job_runner.py:234} INFO - Task exited with return code 0
[2026-07-07T04:54:55.362+0000] {taskinstance.py:3309} INFO - 1 downstream tasks scheduled from follow-on schedule check
