[2026-08-17T10:55:54.681+0000] {local_task_job_runner.py:123} INFO - ::group::Pre task execution logs
[2026-08-17T10:55:54.700+0000] {taskinstance.py:2612} INFO - Dependencies all met for dep_context=non-requeueable deps ti=<TaskInstance: dbt_presentation_full_load.transform_presentation.obt_orders_run manual__2026-08-17T10:51:25.476915+00:00 [queued]>
[2026-08-17T10:55:54.709+0000] {taskinstance.py:2612} INFO - Dependencies all met for dep_context=requeueable deps ti=<TaskInstance: dbt_presentation_full_load.transform_presentation.obt_orders_run manual__2026-08-17T10:51:25.476915+00:00 [queued]>
[2026-08-17T10:55:54.711+0000] {taskinstance.py:2865} INFO - Starting attempt 2 of 2
[2026-08-17T10:55:54.729+0000] {taskinstance.py:2888} INFO - Executing <Task(DbtRunLocalOperator): transform_presentation.obt_orders_run> on 2026-08-17 10:51:25.476915+00:00
[2026-08-17T10:55:54.735+0000] {standard_task_runner.py:72} INFO - Started process 1540 to run task
[2026-08-17T10:55:54.739+0000] {standard_task_runner.py:104} INFO - Running: ['airflow', 'tasks', 'run', 'dbt_presentation_full_load', 'transform_presentation.obt_orders_run', 'manual__2026-08-17T10:51:25.476915+00:00', '--job-id', '341', '--raw', '--subdir', 'DAGS_FOLDER/dbt_presentation.py', '--cfg-path', '/tmp/tmpjinewv7_']
[2026-08-17T10:55:54.742+0000] {standard_task_runner.py:105} INFO - Job 341: Subtask transform_presentation.obt_orders_run
[2026-08-17T10:55:54.810+0000] {task_command.py:467} INFO - Running <TaskInstance: dbt_presentation_full_load.transform_presentation.obt_orders_run manual__2026-08-17T10:51:25.476915+00:00 [running]> on host 11ebdb1c952c
[2026-08-17T10:55:54.887+0000] {taskinstance.py:3131} INFO - Exporting env vars: AIRFLOW_CTX_DAG_OWNER='data_engineer' AIRFLOW_CTX_DAG_ID='dbt_presentation_full_load' AIRFLOW_CTX_TASK_ID='transform_presentation.obt_orders_run' AIRFLOW_CTX_EXECUTION_DATE='2026-08-17T10:51:25.476915+00:00' AIRFLOW_CTX_TRY_NUMBER='2' AIRFLOW_CTX_DAG_RUN_ID='manual__2026-08-17T10:51:25.476915+00:00'
[2026-08-17T10:55:54.890+0000] {taskinstance.py:731} INFO - ::endgroup::
[2026-08-17T10:55:55.696+0000] {local.py:294} INFO - dbtRunner is available. Using dbtRunner for invoking dbt.
[2026-08-17T10:55:55.698+0000] {local.py:518} INFO - Cloning project to writable temp directory /tmp/tmpisac4s67 from /opt/airflow/dbt_transform
[2026-08-17T10:55:55.707+0000] {local.py:538} INFO - Partial parse is enabled and the latest partial parse file is /tmp/cosmos/dbt_presentation_full_load__transform_presentation/target/partial_parse.msgpack
[2026-08-17T10:55:55.845+0000] {config.py:395} INFO - Using user-supplied profiles.yml at /opt/airflow/dbt_transform/profiles.yml
[2026-08-17T10:55:55.860+0000] {runner.py:95} INFO - Trying to run dbtRunner with:
 ['deps', '--project-dir', '/tmp/tmpisac4s67', '--profiles-dir', '/opt/airflow/dbt_transform', '--profile', 'lakehouse_dbt', '--target', 'dev', '--no-static-parser']
 in /tmp/tmpisac4s67
[2026-08-17T10:55:55.943+0000] {logging_mixin.py:190} INFO - 10:55:55  Running with dbt=1.8.8
[2026-08-17T10:55:56.207+0000] {converter.py:314} INFO - ::group::Cosmos DAG parsing logs
[2026-08-17T10:55:56.212+0000] {graph.py:869} INFO - Trying to parse the dbt project using dbt ls cache cosmos_cache__dbt_gold_incremental__transform_gold...
[2026-08-17T10:55:59.116+0000] {cache.py:383} INFO - Cosmos performance: time to calculate cache identifier cosmos_cache__dbt_gold_incremental__transform_gold for current version: 2.892088163999915
[2026-08-17T10:55:59.117+0000] {graph.py:886} INFO - Cosmos performance [11ebdb1c952c|1540]: The cache size for cosmos_cache__dbt_gold_incremental__transform_gold is 27795
[2026-08-17T10:55:59.119+0000] {graph.py:898} INFO - Cosmos performance: Cache hit for cosmos_cache__dbt_gold_incremental__transform_gold - 9271931f2ddf86d599c94ef767082319,304321e940a9403dceb380589bd0566f
[2026-08-17T10:55:59.120+0000] {graph.py:799} INFO - Total nodes: 34
[2026-08-17T10:55:59.121+0000] {graph.py:800} INFO - Total filtered nodes: 34
[2026-08-17T10:55:59.122+0000] {converter.py:361} INFO - Cosmos performance (dbt_gold_incremental__transform_gold) - [11ebdb1c952c|1540]: It took 2.91s to parse the dbt project for DAG using dbt_ls_cache
[2026-08-17T10:55:59.166+0000] {converter.py:413} INFO - Cosmos performance (dbt_gold_incremental__transform_gold) - [11ebdb1c952c|1540]: It took 0.0439s to build the Airflow DAG.
[2026-08-17T10:55:59.167+0000] {converter.py:420} INFO - ::endgroup::Cosmos DAG parsing logs
[2026-08-17T10:55:59.169+0000] {converter.py:314} INFO - ::group::Cosmos DAG parsing logs
[2026-08-17T10:55:59.173+0000] {graph.py:869} INFO - Trying to parse the dbt project using dbt ls cache cosmos_cache__dbt_gold_full_load__transform_gold...
[2026-08-17T10:56:02.120+0000] {cache.py:383} INFO - Cosmos performance: time to calculate cache identifier cosmos_cache__dbt_gold_full_load__transform_gold for current version: 2.936085540000022
[2026-08-17T10:56:02.122+0000] {graph.py:886} INFO - Cosmos performance [11ebdb1c952c|1540]: The cache size for cosmos_cache__dbt_gold_full_load__transform_gold is 27795
[2026-08-17T10:56:02.124+0000] {graph.py:898} INFO - Cosmos performance: Cache hit for cosmos_cache__dbt_gold_full_load__transform_gold - 9271931f2ddf86d599c94ef767082319,304321e940a9403dceb380589bd0566f
[2026-08-17T10:56:02.125+0000] {graph.py:799} INFO - Total nodes: 34
[2026-08-17T10:56:02.126+0000] {graph.py:800} INFO - Total filtered nodes: 34
[2026-08-17T10:56:02.127+0000] {converter.py:361} INFO - Cosmos performance (dbt_gold_full_load__transform_gold) - [11ebdb1c952c|1540]: It took 2.95s to parse the dbt project for DAG using dbt_ls_cache
[2026-08-17T10:56:02.177+0000] {converter.py:413} INFO - Cosmos performance (dbt_gold_full_load__transform_gold) - [11ebdb1c952c|1540]: It took 0.05s to build the Airflow DAG.
[2026-08-17T10:56:02.178+0000] {converter.py:420} INFO - ::endgroup::Cosmos DAG parsing logs
[2026-08-17T10:56:02.185+0000] {converter.py:314} INFO - ::group::Cosmos DAG parsing logs
[2026-08-17T10:56:02.189+0000] {graph.py:869} INFO - Trying to parse the dbt project using dbt ls cache cosmos_cache__dbt_presentation_incremental__transform_presentation...
[2026-08-17T10:56:04.808+0000] {cache.py:383} INFO - Cosmos performance: time to calculate cache identifier cosmos_cache__dbt_presentation_incremental__transform_presentation for current version: 2.609604078999837
[2026-08-17T10:56:04.810+0000] {graph.py:886} INFO - Cosmos performance [11ebdb1c952c|1540]: The cache size for cosmos_cache__dbt_presentation_incremental__transform_presentation is 1363
[2026-08-17T10:56:04.811+0000] {graph.py:898} INFO - Cosmos performance: Cache hit for cosmos_cache__dbt_presentation_incremental__transform_presentation - 9271931f2ddf86d599c94ef767082319,c53415ca2929bbf200a39f3202a4d1a5
[2026-08-17T10:56:04.812+0000] {graph.py:799} INFO - Total nodes: 1
[2026-08-17T10:56:04.813+0000] {graph.py:800} INFO - Total filtered nodes: 1
[2026-08-17T10:56:04.814+0000] {converter.py:361} INFO - Cosmos performance (dbt_presentation_incremental__transform_presentation) - [11ebdb1c952c|1540]: It took 2.63s to parse the dbt project for DAG using dbt_ls_cache
[2026-08-17T10:56:04.822+0000] {converter.py:413} INFO - Cosmos performance (dbt_presentation_incremental__transform_presentation) - [11ebdb1c952c|1540]: It took 0.00739s to build the Airflow DAG.
[2026-08-17T10:56:04.823+0000] {converter.py:420} INFO - ::endgroup::Cosmos DAG parsing logs
[2026-08-17T10:56:04.825+0000] {converter.py:314} INFO - ::group::Cosmos DAG parsing logs
[2026-08-17T10:56:04.831+0000] {graph.py:869} INFO - Trying to parse the dbt project using dbt ls cache cosmos_cache__dbt_presentation_full_load__transform_presentation...
[2026-08-17T10:56:07.507+0000] {cache.py:383} INFO - Cosmos performance: time to calculate cache identifier cosmos_cache__dbt_presentation_full_load__transform_presentation for current version: 2.6665379769999618
[2026-08-17T10:56:07.508+0000] {graph.py:886} INFO - Cosmos performance [11ebdb1c952c|1540]: The cache size for cosmos_cache__dbt_presentation_full_load__transform_presentation is 1363
[2026-08-17T10:56:07.510+0000] {graph.py:898} INFO - Cosmos performance: Cache hit for cosmos_cache__dbt_presentation_full_load__transform_presentation - 9271931f2ddf86d599c94ef767082319,c53415ca2929bbf200a39f3202a4d1a5
[2026-08-17T10:56:07.512+0000] {graph.py:799} INFO - Total nodes: 1
[2026-08-17T10:56:07.513+0000] {graph.py:800} INFO - Total filtered nodes: 1
[2026-08-17T10:56:07.515+0000] {converter.py:361} INFO - Cosmos performance (dbt_presentation_full_load__transform_presentation) - [11ebdb1c952c|1540]: It took 2.69s to parse the dbt project for DAG using dbt_ls_cache
[2026-08-17T10:56:07.524+0000] {converter.py:413} INFO - Cosmos performance (dbt_presentation_full_load__transform_presentation) - [11ebdb1c952c|1540]: It took 0.00945s to build the Airflow DAG.
[2026-08-17T10:56:07.527+0000] {converter.py:420} INFO - ::endgroup::Cosmos DAG parsing logs
[2026-08-17T10:56:07.538+0000] {converter.py:314} INFO - ::group::Cosmos DAG parsing logs
[2026-08-17T10:56:07.543+0000] {graph.py:869} INFO - Trying to parse the dbt project using dbt ls cache cosmos_cache__dbt_silver_gold_incremental__transform_silver...
[2026-08-17T10:56:10.069+0000] {cache.py:383} INFO - Cosmos performance: time to calculate cache identifier cosmos_cache__dbt_silver_gold_incremental__transform_silver for current version: 2.5055688630000077
[2026-08-17T10:56:10.071+0000] {graph.py:886} INFO - Cosmos performance [11ebdb1c952c|1540]: The cache size for cosmos_cache__dbt_silver_gold_incremental__transform_silver is 11300
[2026-08-17T10:56:10.073+0000] {graph.py:898} INFO - Cosmos performance: Cache hit for cosmos_cache__dbt_silver_gold_incremental__transform_silver - 9271931f2ddf86d599c94ef767082319,5e34606eb5f2b3dea81a8e19fa3ba138
[2026-08-17T10:56:10.074+0000] {graph.py:799} INFO - Total nodes: 13
[2026-08-17T10:56:10.075+0000] {graph.py:800} INFO - Total filtered nodes: 13
[2026-08-17T10:56:10.076+0000] {converter.py:361} INFO - Cosmos performance (dbt_silver_gold_incremental__transform_silver) - [11ebdb1c952c|1540]: It took 2.53s to parse the dbt project for DAG using dbt_ls_cache
[2026-08-17T10:56:10.098+0000] {converter.py:413} INFO - Cosmos performance (dbt_silver_gold_incremental__transform_silver) - [11ebdb1c952c|1540]: It took 0.0216s to build the Airflow DAG.
[2026-08-17T10:56:10.099+0000] {converter.py:420} INFO - ::endgroup::Cosmos DAG parsing logs
[2026-08-17T10:56:10.101+0000] {converter.py:314} INFO - ::group::Cosmos DAG parsing logs
[2026-08-17T10:56:10.105+0000] {graph.py:869} INFO - Trying to parse the dbt project using dbt ls cache cosmos_cache__dbt_silver_gold_incremental__transform_gold...
[2026-08-17T10:56:12.627+0000] {cache.py:383} INFO - Cosmos performance: time to calculate cache identifier cosmos_cache__dbt_silver_gold_incremental__transform_gold for current version: 2.51026297899989
[2026-08-17T10:56:12.628+0000] {graph.py:886} INFO - Cosmos performance [11ebdb1c952c|1540]: The cache size for cosmos_cache__dbt_silver_gold_incremental__transform_gold is 27795
[2026-08-17T10:56:12.630+0000] {graph.py:898} INFO - Cosmos performance: Cache hit for cosmos_cache__dbt_silver_gold_incremental__transform_gold - 9271931f2ddf86d599c94ef767082319,304321e940a9403dceb380589bd0566f
[2026-08-17T10:56:12.631+0000] {graph.py:799} INFO - Total nodes: 34
[2026-08-17T10:56:12.632+0000] {graph.py:800} INFO - Total filtered nodes: 34
[2026-08-17T10:56:12.633+0000] {converter.py:361} INFO - Cosmos performance (dbt_silver_gold_incremental__transform_gold) - [11ebdb1c952c|1540]: It took 2.53s to parse the dbt project for DAG using dbt_ls_cache
[2026-08-17T10:56:12.670+0000] {converter.py:413} INFO - Cosmos performance (dbt_silver_gold_incremental__transform_gold) - [11ebdb1c952c|1540]: It took 0.037s to build the Airflow DAG.
[2026-08-17T10:56:12.671+0000] {converter.py:420} INFO - ::endgroup::Cosmos DAG parsing logs
[2026-08-17T10:56:12.673+0000] {converter.py:314} INFO - ::group::Cosmos DAG parsing logs
[2026-08-17T10:56:12.676+0000] {graph.py:869} INFO - Trying to parse the dbt project using dbt ls cache cosmos_cache__dbt_silver_gold_full_load__transform_silver...
[2026-08-17T10:56:15.143+0000] {cache.py:383} INFO - Cosmos performance: time to calculate cache identifier cosmos_cache__dbt_silver_gold_full_load__transform_silver for current version: 2.4568692820000706
[2026-08-17T10:56:15.144+0000] {graph.py:886} INFO - Cosmos performance [11ebdb1c952c|1540]: The cache size for cosmos_cache__dbt_silver_gold_full_load__transform_silver is 11300
[2026-08-17T10:56:15.145+0000] {graph.py:898} INFO - Cosmos performance: Cache hit for cosmos_cache__dbt_silver_gold_full_load__transform_silver - 9271931f2ddf86d599c94ef767082319,5e34606eb5f2b3dea81a8e19fa3ba138
[2026-08-17T10:56:15.146+0000] {graph.py:799} INFO - Total nodes: 13
[2026-08-17T10:56:15.147+0000] {graph.py:800} INFO - Total filtered nodes: 13
[2026-08-17T10:56:15.148+0000] {converter.py:361} INFO - Cosmos performance (dbt_silver_gold_full_load__transform_silver) - [11ebdb1c952c|1540]: It took 2.47s to parse the dbt project for DAG using dbt_ls_cache
[2026-08-17T10:56:15.167+0000] {converter.py:413} INFO - Cosmos performance (dbt_silver_gold_full_load__transform_silver) - [11ebdb1c952c|1540]: It took 0.0183s to build the Airflow DAG.
[2026-08-17T10:56:15.168+0000] {converter.py:420} INFO - ::endgroup::Cosmos DAG parsing logs
[2026-08-17T10:56:15.170+0000] {converter.py:314} INFO - ::group::Cosmos DAG parsing logs
[2026-08-17T10:56:15.173+0000] {graph.py:869} INFO - Trying to parse the dbt project using dbt ls cache cosmos_cache__dbt_silver_gold_full_load__transform_gold...
[2026-08-17T10:56:17.655+0000] {cache.py:383} INFO - Cosmos performance: time to calculate cache identifier cosmos_cache__dbt_silver_gold_full_load__transform_gold for current version: 2.4737982009999087
[2026-08-17T10:56:17.656+0000] {graph.py:900} INFO - Cosmos performance: Cache miss for cosmos_cache__dbt_silver_gold_full_load__transform_gold - skipped
[2026-08-17T10:56:17.657+0000] {graph.py:983} INFO - Trying to parse the dbt project in `/opt/airflow/dbt_transform` using dbt ls...
[2026-08-17T10:56:17.668+0000] {config.py:395} INFO - Using user-supplied profiles.yml at /opt/airflow/dbt_transform/profiles.yml
[2026-08-17T10:56:17.678+0000] {graph.py:361} INFO - Running command with dbt Runner: `/home/airflow/.local/bin/dbt deps --project-dir /tmp/tmpkpy8l7dk --profiles-dir /opt/airflow/dbt_transform --profile lakehouse_dbt --target dev`
[2026-08-17T10:56:17.679+0000] {runner.py:95} INFO - Trying to run dbtRunner with:
 ['deps', '--project-dir', '/tmp/tmpkpy8l7dk', '--profiles-dir', '/opt/airflow/dbt_transform', '--profile', 'lakehouse_dbt', '--target', 'dev']
 in /tmp/tmpkpy8l7dk
[2026-08-17T10:56:17.696+0000] {logging_mixin.py:190} INFO - 10:56:17  Running with dbt=1.8.8
[2026-08-17T10:56:18.721+0000] {logging_mixin.py:190} INFO - 10:56:18  Installing dbt-labs/dbt_utils
[2026-08-17T10:56:19.295+0000] {logging_mixin.py:190} INFO - 10:56:19  Installed from version 1.3.0
[2026-08-17T10:56:19.298+0000] {logging_mixin.py:190} INFO - 10:56:19  Updated version available: 1.4.1
[2026-08-17T10:56:19.300+0000] {logging_mixin.py:190} INFO - 10:56:19  Installing metaplane/dbt_expectations
[2026-08-17T10:56:30.952+0000] {logging_mixin.py:190} INFO - 10:56:30  Installed from version 0.10.8
[2026-08-17T10:56:30.954+0000] {logging_mixin.py:190} INFO - 10:56:30  Updated version available: 0.10.10
[2026-08-17T10:56:30.958+0000] {logging_mixin.py:190} INFO - 10:56:30  Installing godatadriven/dbt_date
[2026-08-17T10:56:31.422+0000] {logging_mixin.py:190} INFO - 10:56:31  Installed from version 0.15.0
[2026-08-17T10:56:31.424+0000] {logging_mixin.py:190} INFO - 10:56:31  Up to date!
[2026-08-17T10:56:31.426+0000] {logging_mixin.py:190} INFO - 10:56:31
[2026-08-17T10:56:31.427+0000] {logging_mixin.py:190} INFO - 10:56:31  Updates available for packages: ['dbt-labs/dbt_utils', 'metaplane/dbt_expectations']                 
Update your versions in packages.yml, then run dbt deps
[2026-08-17T10:56:33.734+0000] {graph.py:361} INFO - Running command with dbt Runner: `/home/airflow/.local/bin/dbt ls --output json --output-keys name unique_id resource_type depends_on original_file_path tags config freshness fqn --project-dir /tmp/tmpkpy8l7dk --profiles-dir /opt/airflow/dbt_transform --profile lakehouse_dbt --target dev --select path:models/marts`
[2026-08-17T10:56:33.736+0000] {runner.py:95} INFO - Trying to run dbtRunner with:
 ['ls', '--output', 'json', '--output-keys', 'name', 'unique_id', 'resource_type', 'depends_on', 'original_file_path', 'tags', 'config', 'freshness', 'fqn', '--project-dir', '/tmp/tmpkpy8l7dk', '--profiles-dir', '/opt/airflow/dbt_transform', '--profile', 'lakehouse_dbt', '--target', 'dev', '--select', 'path:models/marts']
 in /tmp/tmpkpy8l7dk
[2026-08-17T10:56:33.761+0000] {logging_mixin.py:190} INFO - 10:56:33  Running with dbt=1.8.8
[2026-08-17T10:56:33.789+0000] {auth.py:343} INFO - keyring module not found. OAuth2 token will not be stored in keyring.
[2026-08-17T10:56:33.793+0000] {auth.py:343} INFO - keyring module not found. OAuth2 token will not be stored in keyring.
[2026-08-17T10:56:33.935+0000] {logging_mixin.py:190} INFO - 10:56:33  Registered adapter: trino=1.8.5
[2026-08-17T10:56:34.213+0000] {logging_mixin.py:190} INFO - 10:56:34  Unable to do partial parsing because saved manifest not found. Starting full parse.
[2026-08-17T10:56:36.217+0000] {logging_mixin.py:190} INFO - 10:56:36  [WARNING]: Deprecated functionality
The `tests` config has been renamed to `data_tests`. Please see
https://docs.getdbt.com/docs/build/data-tests#new-data_tests-syntax for more
information.
[2026-08-17T10:56:36.711+0000] {logging_mixin.py:190} INFO - 10:56:36  Found 11 models, 33 data tests, 4 sources, 839 macros
[2026-08-17T10:56:36.717+0000] {logging_mixin.py:190} INFO - {"name": "dim_date", "resource_type": "model", "original_file_path": "models/marts/dim_date.sql", "unique_id": "model.logistics_transformation.dim_date", "fqn": ["logistics_transformation", "marts", "dim_date"], "config": {"enabled": true, "alias": null, "schema": "gold", "database": null, "tags": ["gold", "dimension", "date"], "meta": {}, "group": null, "materialized": "incremental", "incremental_strategy": "merge", "persist_docs": {}, "post-hook": [], "pre-hook": [], "quoting": {}, "column_types": {}, "full_refresh": null, "unique_key": "date_sk", "on_schema_change": "ignore", "on_configuration_change": "apply", "grants": {}, "packages": [], "docs": {"show": true, "node_color": null}, "contract": {"enforced": false, "alias_types": true}, "access": "protected", "properties": {"format": "'PARQUET'"}}, "tags": ["gold", "dimension", "date"], "depends_on": {"macros": ["macro.dbt_utils.date_spine", "macro.dbt.is_incremental", "macro.dbt.current_timestamp"], "nodes": []}}
[2026-08-17T10:56:36.719+0000] {logging_mixin.py:190} INFO - {"name": "dim_partner", "resource_type": "model", "original_file_path": "models/marts/dim_partner.sql", "unique_id": "model.logistics_transformation.dim_partner", "fqn": ["logistics_transformation", "marts", "dim_partner"], "config": {"enabled": true, "alias": null, "schema": "gold", "database": null, "tags": ["gold", "dimension", "partner"], "meta": {}, "group": null, "materialized": "incremental", "incremental_strategy": "merge", "persist_docs": {}, "post-hook": [], "pre-hook": [], "quoting": {}, "column_types": {}, "full_refresh": null, "unique_key": "partner_sk", "on_schema_change": "ignore", "on_configuration_change": "apply", "grants": {}, "packages": [], "docs": {"show": true, "node_color": null}, "contract": {"enforced": false, "alias_types": true}, "access": "protected", "properties": {"format": "'PARQUET'"}}, "tags": ["gold", "dimension", "partner"], "depends_on": {"macros": ["macro.dbt.is_incremental", "macro.dbt_utils.generate_surrogate_key", "macro.dbt.current_timestamp"], "nodes": ["source.logistics_transformation.silver.orders"]}}
[2026-08-17T10:56:36.721+0000] {logging_mixin.py:190} INFO - {"name": "dim_supplier", "resource_type": "model", "original_file_path": "models/marts/dim_supplier.sql", "unique_id": "model.logistics_transformation.dim_supplier", "fqn": ["logistics_transformation", "marts", "dim_supplier"], "config": {"enabled": true, "alias": null, "schema": "gold", "database": null, "tags": ["gold", "dimension", "supplier"], "meta": {"owner": "data-platform-team", "domain": "supply"}, "group": null, "materialized": "incremental", "incremental_strategy": "merge", "persist_docs": {}, "post-hook": [], "pre-hook": [], "quoting": {}, "column_types": {}, "full_refresh": null, "unique_key": "supplier_sk", "on_schema_change": "ignore", "on_configuration_change": "apply", "grants": {}, "packages": [], "docs": {"show": true, "node_color": null}, "contract": {"enforced": false, "alias_types": true}, "access": "protected", "properties": {"format": "'PARQUET'"}}, "tags": ["gold", "dimension", "supplier"], "depends_on": {"macros": ["macro.dbt.is_incremental", "macro.dbt_utils.generate_surrogate_key", "macro.dbt.current_timestamp"], "nodes": ["source.logistics_transformation.silver.orders"]}}
[2026-08-17T10:56:36.722+0000] {logging_mixin.py:190} INFO - {"name": "dim_user", "resource_type": "model", "original_file_path": "models/marts/dim_user.sql", "unique_id": "model.logistics_transformation.dim_user", "fqn": ["logistics_transformation", "marts", "dim_user"], "config": {"enabled": true, "alias": null, "schema": "gold", "database": null, "tags": ["gold", "dimension", "user"], "meta": {"owner": "data-platform-team", "domain": "customer"}, "group": null, "materialized": "incremental", "incremental_strategy": "merge", "persist_docs": {}, "post-hook": [], "pre-hook": [], "quoting": {}, "column_types": {}, "full_refresh": null, "unique_key": "user_sk", "on_schema_change": "ignore", "on_configuration_change": "apply", "grants": {}, "packages": [], "docs": {"show": true, "node_color": null}, "contract": {"enforced": false, "alias_types": true}, "access": "protected", "properties": {"format": "'PARQUET'"}}, "tags": ["gold", "dimension", "user"], "depends_on": {"macros": ["macro.dbt.is_incremental", "macro.dbt_utils.generate_surrogate_key", "macro.dbt.current_timestamp"], "nodes": ["source.logistics_transformation.silver.orders"]}}
[2026-08-17T10:56:36.724+0000] {logging_mixin.py:190} INFO - {"name": "fact_order_requests", "resource_type": "model", "original_file_path": "models/marts/fact_order_requests.sql", "unique_id": "model.logistics_transformation.fact_order_requests", "fqn": ["logistics_transformation", "marts", "fact_order_requests"], "config": {"enabled": true, "alias": null, "schema": "gold", "database": null, "tags": ["gold", "fact", "requests"], "meta": {}, "group": null, "materialized": "incremental", "incremental_strategy": "merge", "persist_docs": {}, "post-hook": [], "pre-hook": [], "quoting": {}, "column_types": {}, "full_refresh": null, "unique_key": "order_request_sk", "on_schema_change": "ignore", "on_configuration_change": "apply", "grants": {}, "packages": [], "docs": {"show": true, "node_color": null}, "contract": {"enforced": false, "alias_types": true}, "access": "protected", "properties": {"format": "'PARQUET'", "partitioning": "ARRAY['day(create_time)']"}}, "tags": ["gold", "fact", "requests"], "depends_on": {"macros": ["macro.dbt.is_incremental", "macro.dbt_utils.generate_surrogate_key", "macro.dbt.current_timestamp"], "nodes": ["source.logistics_transformation.silver.order_requests"]}}
[2026-08-17T10:56:36.725+0000] {logging_mixin.py:190} INFO - {"name": "fact_order_stops", "resource_type": "model", "original_file_path": "models/marts/fact_order_stops.sql", "unique_id": "model.logistics_transformation.fact_order_stops", "fqn": ["logistics_transformation", "marts", "fact_order_stops"], "config": {"enabled": true, "alias": null, "schema": "gold", "database": null, "tags": ["gold", "fact", "stops"], "meta": {}, "group": null, "materialized": "incremental", "incremental_strategy": "merge", "persist_docs": {}, "post-hook": [], "pre-hook": [], "quoting": {}, "column_types": {}, "full_refresh": null, "unique_key": "order_stop_sk", "on_schema_change": "ignore", "on_configuration_change": "apply", "grants": {}, "packages": [], "docs": {"show": true, "node_color": null}, "contract": {"enforced": false, "alias_types": true}, "access": "protected", "properties": {"format": "'PARQUET'", "partitioning": "ARRAY['day(create_time)']"}}, "tags": ["gold", "fact", "stops"], "depends_on": {"macros": ["macro.dbt.is_incremental", "macro.dbt_utils.generate_surrogate_key", "macro.dbt.current_timestamp"], "nodes": ["source.logistics_transformation.silver.order_stops"]}}
[2026-08-17T10:56:36.726+0000] {logging_mixin.py:190} INFO - {"name": "fact_orders", "resource_type": "model", "original_file_path": "models/marts/fact_orders.sql", "unique_id": "model.logistics_transformation.fact_orders", "fqn": ["logistics_transformation", "marts", "fact_orders"], "config": {"enabled": true, "alias": null, "schema": "gold", "database": null, "tags": ["gold", "fact", "orders"], "meta": {"owner": "bi-team", "domain": "core-business"}, "group": null, "materialized": "incremental", "incremental_strategy": "merge", "persist_docs": {}, "post-hook": [], "pre-hook": [], "quoting": {}, "column_types": {}, "full_refresh": null, "unique_key": "order_sk", "on_schema_change": "ignore", "on_configuration_change": "apply", "grants": {}, "packages": [], "docs": {"show": true, "node_color": null}, "contract": {"enforced": false, "alias_types": true}, "access": "protected", "properties": {"format": "'PARQUET'", "partitioning": "ARRAY['day(create_time)']"}}, "tags": ["gold", "fact", "orders"], "depends_on": {"macros": ["macro.dbt.is_incremental", "macro.dbt_utils.generate_surrogate_key", "macro.dbt.current_timestamp"], "nodes": ["source.logistics_transformation.silver.orders"]}}
[2026-08-17T10:56:36.727+0000] {logging_mixin.py:190} INFO - {"name": "order_requests", "resource_type": "source", "original_file_path": "models/marts/sources.yml", "unique_id": "source.logistics_transformation.silver.order_requests", "fqn": ["logistics_transformation", "marts", "silver", "order_requests"], "freshness": {"warn_after": {"count": null, "period": null}, "error_after": {"count": null, "period": null}, "filter": null}, "tags": [], "config": {"enabled": true}}
[2026-08-17T10:56:36.729+0000] {logging_mixin.py:190} INFO - {"name": "order_stops", "resource_type": "source", "original_file_path": "models/marts/sources.yml", "unique_id": "source.logistics_transformation.silver.order_stops", "fqn": ["logistics_transformation", "marts", "silver", "order_stops"], "freshness": {"warn_after": {"count": null, "period": null}, "error_after": {"count": null, "period": null}, "filter": null}, "tags": [], "config": {"enabled": true}}
[2026-08-17T10:56:36.730+0000] {logging_mixin.py:190} INFO - {"name": "orders", "resource_type": "source", "original_file_path": "models/marts/sources.yml", "unique_id": "source.logistics_transformation.silver.orders", "fqn": ["logistics_transformation", "marts", "silver", "orders"], "freshness": {"warn_after": {"count": null, "period": null}, "error_after": {"count": null, "period": null}, "filter": null}, "tags": [], "config": {"enabled": true}}
[2026-08-17T10:56:36.731+0000] {logging_mixin.py:190} INFO - {"name": "dbt_expectations_expect_column_values_to_be_between_fact_orders_total_price__0", "resource_type": "test", "original_file_path": "models/marts/marts_schema.yml", "unique_id": "test.logistics_transformation.dbt_expectations_expect_column_values_to_be_between_fact_orders_total_price__0.6cc241ed3e", "fqn": ["logistics_transformation", "marts", "dbt_expectations_expect_column_values_to_be_between_fact_orders_total_price__0"], "config": {"enabled": true, "alias": "dbt_expectations_expect_column_1542757939459777145041b6132ba565", "schema": "dbt_test__audit", "database": null, "tags": [], "meta": {}, "group": null, "materialized": "test", "severity": "error", "store_failures": null, "store_failures_as": null, "where": null, "limit": null, "fail_calc": "count(*)", "warn_if": "!= 0", "error_if": "!= 0"}, "tags": [], "depends_on": {"macros": ["macro.dbt_expectations.test_expect_column_values_to_be_between", "macro.dbt.get_where_subquery"], "nodes": ["model.logistics_transformation.fact_orders"]}}
[2026-08-17T10:56:36.732+0000] {logging_mixin.py:190} INFO - {"name": "not_null_dim_date_date_sk", "resource_type": "test", "original_file_path": "models/marts/marts_schema.yml", "unique_id": "test.logistics_transformation.not_null_dim_date_date_sk.de88650994", "fqn": ["logistics_transformation", "marts", "not_null_dim_date_date_sk"], "config": {"enabled": true, "alias": null, "schema": "dbt_test__audit", "database": null, "tags": [], "meta": {}, "group": null, "materialized": "test", "severity": "ERROR", "store_failures": null, "store_failures_as": null, "where": null, "limit": null, "fail_calc": "count(*)", "warn_if": "!= 0", "error_if": "!= 0"}, "tags": [], "depends_on": {"macros": ["macro.dbt.test_not_null"], "nodes": ["model.logistics_transformation.dim_date"]}}
[2026-08-17T10:56:36.734+0000] {logging_mixin.py:190} INFO - {"name": "not_null_dim_partner_partner_sk", "resource_type": "test", "original_file_path": "models/marts/marts_schema.yml", "unique_id": "test.logistics_transformation.not_null_dim_partner_partner_sk.51030bcf7e", "fqn": ["logistics_transformation", "marts", "not_null_dim_partner_partner_sk"], "config": {"enabled": true, "alias": null, "schema": "dbt_test__audit", "database": null, "tags": [], "meta": {}, "group": null, "materialized": "test", "severity": "ERROR", "store_failures": null, "store_failures_as": null, "where": null, "limit": null, "fail_calc": "count(*)", "warn_if": "!= 0", "error_if": "!= 0"}, "tags": [], "depends_on": {"macros": ["macro.dbt.test_not_null"], "nodes": ["model.logistics_transformation.dim_partner"]}}
[2026-08-17T10:56:36.735+0000] {logging_mixin.py:190} INFO - {"name": "not_null_dim_supplier_supplier_sk", "resource_type": "test", "original_file_path": "models/marts/marts_schema.yml", "unique_id": "test.logistics_transformation.not_null_dim_supplier_supplier_sk.2431bdc298", "fqn": ["logistics_transformation", "marts", "not_null_dim_supplier_supplier_sk"], "config": {"enabled": true, "alias": null, "schema": "dbt_test__audit", "database": null, "tags": [], "meta": {}, "group": null, "materialized": "test", "severity": "ERROR", "store_failures": null, "store_failures_as": null, "where": null, "limit": null, "fail_calc": "count(*)", "warn_if": "!= 0", "error_if": "!= 0"}, "tags": [], "depends_on": {"macros": ["macro.dbt.test_not_null"], "nodes": ["model.logistics_transformation.dim_supplier"]}}
[2026-08-17T10:56:36.737+0000] {logging_mixin.py:190} INFO - {"name": "not_null_dim_user_user_sk", "resource_type": "test", "original_file_path": "models/marts/marts_schema.yml", "unique_id": "test.logistics_transformation.not_null_dim_user_user_sk.dd6c2895dd", "fqn": ["logistics_transformation", "marts", "not_null_dim_user_user_sk"], "config": {"enabled": true, "alias": null, "schema": "dbt_test__audit", "database": null, "tags": [], "meta": {}, "group": null, "materialized": "test", "severity": "ERROR", "store_failures": null, "store_failures_as": null, "where": null, "limit": null, "fail_calc": "count(*)", "warn_if": "!= 0", "error_if": "!= 0"}, "tags": [], "depends_on": {"macros": ["macro.dbt.test_not_null"], "nodes": ["model.logistics_transformation.dim_user"]}}
[2026-08-17T10:56:36.738+0000] {logging_mixin.py:190} INFO - {"name": "not_null_fact_order_requests_order_request_sk", "resource_type": "test", "original_file_path": "models/marts/marts_schema.yml", "unique_id": "test.logistics_transformation.not_null_fact_order_requests_order_request_sk.de307f2386", "fqn": ["logistics_transformation", "marts", "not_null_fact_order_requests_order_request_sk"], "config": {"enabled": true, "alias": null, "schema": "dbt_test__audit", "database": null, "tags": [], "meta": {}, "group": null, "materialized": "test", "severity": "ERROR", "store_failures": null, "store_failures_as": null, "where": null, "limit": null, "fail_calc": "count(*)", "warn_if": "!= 0", "error_if": "!= 0"}, "tags": [], "depends_on": {"macros": ["macro.dbt.test_not_null"], "nodes": ["model.logistics_transformation.fact_order_requests"]}}
[2026-08-17T10:56:36.739+0000] {logging_mixin.py:190} INFO - {"name": "not_null_fact_order_stops_order_sk", "resource_type": "test", "original_file_path": "models/marts/marts_schema.yml", "unique_id": "test.logistics_transformation.not_null_fact_order_stops_order_sk.9e3f96efbf", "fqn": ["logistics_transformation", "marts", "not_null_fact_order_stops_order_sk"], "config": {"enabled": true, "alias": null, "schema": "dbt_test__audit", "database": null, "tags": [], "meta": {}, "group": null, "materialized": "test", "severity": "ERROR", "store_failures": null, "store_failures_as": null, "where": null, "limit": null, "fail_calc": "count(*)", "warn_if": "!= 0", "error_if": "!= 0"}, "tags": [], "depends_on": {"macros": ["macro.dbt.test_not_null"], "nodes": ["model.logistics_transformation.fact_order_stops"]}}
[2026-08-17T10:56:36.740+0000] {logging_mixin.py:190} INFO - {"name": "not_null_fact_order_stops_order_stop_sk", "resource_type": "test", "original_file_path": "models/marts/marts_schema.yml", "unique_id": "test.logistics_transformation.not_null_fact_order_stops_order_stop_sk.da91cc055d", "fqn": ["logistics_transformation", "marts", "not_null_fact_order_stops_order_stop_sk"], "config": {"enabled": true, "alias": null, "schema": "dbt_test__audit", "database": null, "tags": [], "meta": {}, "group": null, "materialized": "test", "severity": "ERROR", "store_failures": null, "store_failures_as": null, "where": null, "limit": null, "fail_calc": "count(*)", "warn_if": "!= 0", "error_if": "!= 0"}, "tags": [], "depends_on": {"macros": ["macro.dbt.test_not_null"], "nodes": ["model.logistics_transformation.fact_order_stops"]}}
[2026-08-17T10:56:36.741+0000] {logging_mixin.py:190} INFO - {"name": "not_null_fact_orders_order_sk", "resource_type": "test", "original_file_path": "models/marts/marts_schema.yml", "unique_id": "test.logistics_transformation.not_null_fact_orders_order_sk.055fc92cc6", "fqn": ["logistics_transformation", "marts", "not_null_fact_orders_order_sk"], "config": {"enabled": true, "alias": null, "schema": "dbt_test__audit", "database": null, "tags": [], "meta": {}, "group": null, "materialized": "test", "severity": "ERROR", "store_failures": null, "store_failures_as": null, "where": null, "limit": null, "fail_calc": "count(*)", "warn_if": "!= 0", "error_if": "!= 0"}, "tags": [], "depends_on": {"macros": ["macro.dbt.test_not_null"], "nodes": ["model.logistics_transformation.fact_orders"]}}
[2026-08-17T10:56:36.742+0000] {logging_mixin.py:190} INFO - {"name": "not_null_fact_orders_partner_sk", "resource_type": "test", "original_file_path": "models/marts/marts_schema.yml", "unique_id": "test.logistics_transformation.not_null_fact_orders_partner_sk.5dedde8e4f", "fqn": ["logistics_transformation", "marts", "not_null_fact_orders_partner_sk"], "config": {"enabled": true, "alias": null, "schema": "dbt_test__audit", "database": null, "tags": [], "meta": {}, "group": null, "materialized": "test", "severity": "ERROR", "store_failures": null, "store_failures_as": null, "where": null, "limit": null, "fail_calc": "count(*)", "warn_if": "!= 0", "error_if": "!= 0"}, "tags": [], "depends_on": {"macros": ["macro.dbt.test_not_null"], "nodes": ["model.logistics_transformation.fact_orders"]}}
[2026-08-17T10:56:36.744+0000] {logging_mixin.py:190} INFO - {"name": "not_null_fact_orders_supplier_sk", "resource_type": "test", "original_file_path": "models/marts/marts_schema.yml", "unique_id": "test.logistics_transformation.not_null_fact_orders_supplier_sk.38c3564b25", "fqn": ["logistics_transformation", "marts", "not_null_fact_orders_supplier_sk"], "config": {"enabled": true, "alias": null, "schema": "dbt_test__audit", "database": null, "tags": [], "meta": {}, "group": null, "materialized": "test", "severity": "ERROR", "store_failures": null, "store_failures_as": null, "where": null, "limit": null, "fail_calc": "count(*)", "warn_if": "!= 0", "error_if": "!= 0"}, "tags": [], "depends_on": {"macros": ["macro.dbt.test_not_null"], "nodes": ["model.logistics_transformation.fact_orders"]}}
[2026-08-17T10:56:36.747+0000] {logging_mixin.py:190} INFO - {"name": "not_null_fact_orders_total_price", "resource_type": "test", "original_file_path": "models/marts/marts_schema.yml", "unique_id": "test.logistics_transformation.not_null_fact_orders_total_price.67e846cfe3", "fqn": ["logistics_transformation", "marts", "not_null_fact_orders_total_price"], "config": {"enabled": true, "alias": null, "schema": "dbt_test__audit", "database": null, "tags": [], "meta": {}, "group": null, "materialized": "test", "severity": "ERROR", "store_failures": null, "store_failures_as": null, "where": null, "limit": null, "fail_calc": "count(*)", "warn_if": "!= 0", "error_if": "!= 0"}, "tags": [], "depends_on": {"macros": ["macro.dbt.test_not_null"], "nodes": ["model.logistics_transformation.fact_orders"]}}
[2026-08-17T10:56:36.749+0000] {logging_mixin.py:190} INFO - {"name": "not_null_fact_orders_user_sk", "resource_type": "test", "original_file_path": "models/marts/marts_schema.yml", "unique_id": "test.logistics_transformation.not_null_fact_orders_user_sk.8088f75d26", "fqn": ["logistics_transformation", "marts", "not_null_fact_orders_user_sk"], "config": {"enabled": true, "alias": null, "schema": "dbt_test__audit", "database": null, "tags": [], "meta": {}, "group": null, "materialized": "test", "severity": "ERROR", "store_failures": null, "store_failures_as": null, "where": null, "limit": null, "fail_calc": "count(*)", "warn_if": "!= 0", "error_if": "!= 0"}, "tags": [], "depends_on": {"macros": ["macro.dbt.test_not_null"], "nodes": ["model.logistics_transformation.fact_orders"]}}
[2026-08-17T10:56:36.750+0000] {logging_mixin.py:190} INFO - {"name": "relationships_fact_order_stops_order_sk__order_sk__ref_fact_orders_", "resource_type": "test", "original_file_path": "models/marts/marts_schema.yml", "unique_id": "test.logistics_transformation.relationships_fact_order_stops_order_sk__order_sk__ref_fact_orders_.330f33a270", "fqn": ["logistics_transformation", "marts", "relationships_fact_order_stops_order_sk__order_sk__ref_fact_orders_"], "config": {"enabled": true, "alias": "relationships_fact_order_stops_6b8ac2857f7f9c35098e9d632d85eaaa", "schema": "dbt_test__audit", "database": null, "tags": [], "meta": {}, "group": null, "materialized": "test", "severity": "ERROR", "store_failures": null, "store_failures_as": null, "where": null, "limit": null, "fail_calc": "count(*)", "warn_if": "!= 0", "error_if": "!= 0"}, "tags": [], "depends_on": {"macros": ["macro.dbt.test_relationships", "macro.dbt.get_where_subquery"], "nodes": ["model.logistics_transformation.fact_orders", "model.logistics_transformation.fact_order_stops"]}}
[2026-08-17T10:56:36.753+0000] {logging_mixin.py:190} INFO - {"name": "relationships_fact_orders_partner_sk__partner_sk__ref_dim_partner_", "resource_type": "test", "original_file_path": "models/marts/marts_schema.yml", "unique_id": "test.logistics_transformation.relationships_fact_orders_partner_sk__partner_sk__ref_dim_partner_.5ff9350ecf", "fqn": ["logistics_transformation", "marts", "relationships_fact_orders_partner_sk__partner_sk__ref_dim_partner_"], "config": {"enabled": true, "alias": "relationships_fact_orders_ea6db77be9a38efa5b19ee906746f9f4", "schema": "dbt_test__audit", "database": null, "tags": [], "meta": {}, "group": null, "materialized": "test", "severity": "warn", "store_failures": null, "store_failures_as": null, "where": null, "limit": null, "fail_calc": "count(*)", "warn_if": "!= 0", "error_if": "!= 0"}, "tags": [], "depends_on": {"macros": ["macro.dbt.test_relationships", "macro.dbt.get_where_subquery"], "nodes": ["model.logistics_transformation.dim_partner", "model.logistics_transformation.fact_orders"]}}
[2026-08-17T10:56:36.754+0000] {logging_mixin.py:190} INFO - {"name": "relationships_fact_orders_supplier_sk__supplier_sk__ref_dim_supplier_", "resource_type": "test", "original_file_path": "models/marts/marts_schema.yml", "unique_id": "test.logistics_transformation.relationships_fact_orders_supplier_sk__supplier_sk__ref_dim_supplier_.7b2643dd3d", "fqn": ["logistics_transformation", "marts", "relationships_fact_orders_supplier_sk__supplier_sk__ref_dim_supplier_"], "config": {"enabled": true, "alias": "relationships_fact_orders_aaf13b4b403a89b5a2fdd88c7d2f8c7b", "schema": "dbt_test__audit", "database": null, "tags": [], "meta": {}, "group": null, "materialized": "test", "severity": "warn", "store_failures": null, "store_failures_as": null, "where": null, "limit": null, "fail_calc": "count(*)", "warn_if": "!= 0", "error_if": "!= 0"}, "tags": [], "depends_on": {"macros": ["macro.dbt.test_relationships", "macro.dbt.get_where_subquery"], "nodes": ["model.logistics_transformation.dim_supplier", "model.logistics_transformation.fact_orders"]}}
[2026-08-17T10:56:36.756+0000] {logging_mixin.py:190} INFO - {"name": "relationships_fact_orders_user_sk__user_sk__ref_dim_user_", "resource_type": "test", "original_file_path": "models/marts/marts_schema.yml", "unique_id": "test.logistics_transformation.relationships_fact_orders_user_sk__user_sk__ref_dim_user_.2a796b822a", "fqn": ["logistics_transformation", "marts", "relationships_fact_orders_user_sk__user_sk__ref_dim_user_"], "config": {"enabled": true, "alias": null, "schema": "dbt_test__audit", "database": null, "tags": [], "meta": {}, "group": null, "materialized": "test", "severity": "warn", "store_failures": null, "store_failures_as": null, "where": null, "limit": null, "fail_calc": "count(*)", "warn_if": "!= 0", "error_if": "!= 0"}, "tags": [], "depends_on": {"macros": ["macro.dbt.test_relationships", "macro.dbt.get_where_subquery"], "nodes": ["model.logistics_transformation.dim_user", "model.logistics_transformation.fact_orders"]}}
[2026-08-17T10:56:36.757+0000] {logging_mixin.py:190} INFO - {"name": "unique_dim_date_date_sk", "resource_type": "test", "original_file_path": "models/marts/marts_schema.yml", "unique_id": "test.logistics_transformation.unique_dim_date_date_sk.22c3358c34", "fqn": ["logistics_transformation", "marts", "unique_dim_date_date_sk"], "config": {"enabled": true, "alias": null, "schema": "dbt_test__audit", "database": null, "tags": [], "meta": {}, "group": null, "materialized": "test", "severity": "ERROR", "store_failures": null, "store_failures_as": null, "where": null, "limit": null, "fail_calc": "count(*)", "warn_if": "!= 0", "error_if": "!= 0"}, "tags": [], "depends_on": {"macros": ["macro.dbt.test_unique"], "nodes": ["model.logistics_transformation.dim_date"]}}
[2026-08-17T10:56:36.758+0000] {logging_mixin.py:190} INFO - {"name": "unique_dim_partner_partner_sk", "resource_type": "test", "original_file_path": "models/marts/marts_schema.yml", "unique_id": "test.logistics_transformation.unique_dim_partner_partner_sk.12dfbce2e0", "fqn": ["logistics_transformation", "marts", "unique_dim_partner_partner_sk"], "config": {"enabled": true, "alias": null, "schema": "dbt_test__audit", "database": null, "tags": [], "meta": {}, "group": null, "materialized": "test", "severity": "ERROR", "store_failures": null, "store_failures_as": null, "where": null, "limit": null, "fail_calc": "count(*)", "warn_if": "!= 0", "error_if": "!= 0"}, "tags": [], "depends_on": {"macros": ["macro.dbt.test_unique"], "nodes": ["model.logistics_transformation.dim_partner"]}}
[2026-08-17T10:56:36.760+0000] {logging_mixin.py:190} INFO - {"name": "unique_dim_supplier_supplier_sk", "resource_type": "test", "original_file_path": "models/marts/marts_schema.yml", "unique_id": "test.logistics_transformation.unique_dim_supplier_supplier_sk.cced48ade4", "fqn": ["logistics_transformation", "marts", "unique_dim_supplier_supplier_sk"], "config": {"enabled": true, "alias": null, "schema": "dbt_test__audit", "database": null, "tags": [], "meta": {}, "group": null, "materialized": "test", "severity": "ERROR", "store_failures": null, "store_failures_as": null, "where": null, "limit": null, "fail_calc": "count(*)", "warn_if": "!= 0", "error_if": "!= 0"}, "tags": [], "depends_on": {"macros": ["macro.dbt.test_unique"], "nodes": ["model.logistics_transformation.dim_supplier"]}}
[2026-08-17T10:56:36.761+0000] {logging_mixin.py:190} INFO - {"name": "unique_dim_user_user_sk", "resource_type": "test", "original_file_path": "models/marts/marts_schema.yml", "unique_id": "test.logistics_transformation.unique_dim_user_user_sk.f10ff1c376", "fqn": ["logistics_transformation", "marts", "unique_dim_user_user_sk"], "config": {"enabled": true, "alias": null, "schema": "dbt_test__audit", "database": null, "tags": [], "meta": {}, "group": null, "materialized": "test", "severity": "ERROR", "store_failures": null, "store_failures_as": null, "where": null, "limit": null, "fail_calc": "count(*)", "warn_if": "!= 0", "error_if": "!= 0"}, "tags": [], "depends_on": {"macros": ["macro.dbt.test_unique"], "nodes": ["model.logistics_transformation.dim_user"]}}
[2026-08-17T10:56:36.762+0000] {logging_mixin.py:190} INFO - {"name": "unique_fact_order_requests_order_request_sk", "resource_type": "test", "original_file_path": "models/marts/marts_schema.yml", "unique_id": "test.logistics_transformation.unique_fact_order_requests_order_request_sk.156f774657", "fqn": ["logistics_transformation", "marts", "unique_fact_order_requests_order_request_sk"], "config": {"enabled": true, "alias": null, "schema": "dbt_test__audit", "database": null, "tags": [], "meta": {}, "group": null, "materialized": "test", "severity": "ERROR", "store_failures": null, "store_failures_as": null, "where": null, "limit": null, "fail_calc": "count(*)", "warn_if": "!= 0", "error_if": "!= 0"}, "tags": [], "depends_on": {"macros": ["macro.dbt.test_unique"], "nodes": ["model.logistics_transformation.fact_order_requests"]}}
[2026-08-17T10:56:36.764+0000] {logging_mixin.py:190} INFO - {"name": "unique_fact_order_stops_order_stop_sk", "resource_type": "test", "original_file_path": "models/marts/marts_schema.yml", "unique_id": "test.logistics_transformation.unique_fact_order_stops_order_stop_sk.bc2be63a5f", "fqn": ["logistics_transformation", "marts", "unique_fact_order_stops_order_stop_sk"], "config": {"enabled": true, "alias": null, "schema": "dbt_test__audit", "database": null, "tags": [], "meta": {}, "group": null, "materialized": "test", "severity": "ERROR", "store_failures": null, "store_failures_as": null, "where": null, "limit": null, "fail_calc": "count(*)", "warn_if": "!= 0", "error_if": "!= 0"}, "tags": [], "depends_on": {"macros": ["macro.dbt.test_unique"], "nodes": ["model.logistics_transformation.fact_order_stops"]}}
[2026-08-17T10:56:36.766+0000] {logging_mixin.py:190} INFO - {"name": "unique_fact_orders_order_sk", "resource_type": "test", "original_file_path": "models/marts/marts_schema.yml", "unique_id": "test.logistics_transformation.unique_fact_orders_order_sk.718a9dd21c", "fqn": ["logistics_transformation", "marts", "unique_fact_orders_order_sk"], "config": {"enabled": true, "alias": null, "schema": "dbt_test__audit", "database": null, "tags": [], "meta": {}, "group": null, "materialized": "test", "severity": "ERROR", "store_failures": null, "store_failures_as": null, "where": null, "limit": null, "fail_calc": "count(*)", "warn_if": "!= 0", "error_if": "!= 0"}, "tags": [], "depends_on": {"macros": ["macro.dbt.test_unique"], "nodes": ["model.logistics_transformation.fact_orders"]}}
[2026-08-17T10:56:40.999+0000] {cache.py:383} INFO - Cosmos performance: time to calculate cache identifier cosmos_cache__dbt_silver_gold_full_load__transform_gold for current version: 2.920476957000119
[2026-08-17T10:56:41.019+0000] {crypto.py:82} WARNING - empty cryptography key - values will not be stored encrypted.
[2026-08-17T10:56:41.045+0000] {graph.py:799} INFO - Total nodes: 34
[2026-08-17T10:56:41.047+0000] {graph.py:800} INFO - Total filtered nodes: 34
[2026-08-17T10:56:41.048+0000] {converter.py:361} INFO - Cosmos performance (dbt_silver_gold_full_load__transform_gold) - [11ebdb1c952c|1540]: It took 25.9s to parse the dbt project for DAG using dbt_ls
[2026-08-17T10:56:41.106+0000] {converter.py:413} INFO - Cosmos performance (dbt_silver_gold_full_load__transform_gold) - [11ebdb1c952c|1540]: It took 0.0578s to build the Airflow DAG.
[2026-08-17T10:56:41.108+0000] {converter.py:420} INFO - ::endgroup::Cosmos DAG parsing logs
[2026-08-17T10:56:41.134+0000] {logging_mixin.py:190} INFO - 10:56:41  Installing dbt-labs/dbt_utils
[2026-08-17T10:56:42.472+0000] {logging_mixin.py:190} INFO - 10:56:42  Installed from version 1.3.0
[2026-08-17T10:56:42.474+0000] {logging_mixin.py:190} INFO - 10:56:42  Updated version available: 1.4.1
[2026-08-17T10:56:42.476+0000] {logging_mixin.py:190} INFO - 10:56:42  Installing metaplane/dbt_expectations
[2026-08-17T10:56:50.398+0000] {local_task_job_runner.py:346} WARNING - State of this instance has been externally set to None. Terminating instance.
[2026-08-17T10:56:50.400+0000] {local_task_job_runner.py:245} INFO - ::endgroup::
[2026-08-17T10:56:50.402+0000] {process_utils.py:132} INFO - Sending 15 to group 1540. PIDs of all processes in the group: [1630, 1540]
[2026-08-17T10:56:50.403+0000] {process_utils.py:87} INFO - Sending the signal 15 to group 1540
[2026-08-17T10:56:50.405+0000] {taskinstance.py:3092} ERROR - Received SIGTERM. Terminating subprocesses.
[2026-08-17T10:56:50.407+0000] {logging_mixin.py:190} INFO - 10:56:50  Encountered an error:
Task received SIGTERM signal
[2026-08-17T10:56:50.414+0000] {logging_mixin.py:190} INFO - 10:56:50  Traceback (most recent call last):
  File "/home/airflow/.local/lib/python3.10/site-packages/dbt/cli/requires.py", line 138, in wrapper
    result, success = func(*args, **kwargs)
  File "/home/airflow/.local/lib/python3.10/site-packages/dbt/cli/requires.py", line 101, in wrapper
    return func(*args, **kwargs)
  File "/home/airflow/.local/lib/python3.10/site-packages/dbt/cli/requires.py", line 201, in wrapper
    return func(*args, **kwargs)
  File "/home/airflow/.local/lib/python3.10/site-packages/dbt/cli/requires.py", line 247, in wrapper
    return func(*args, **kwargs)
  File "/home/airflow/.local/lib/python3.10/site-packages/dbt/cli/main.py", line 447, in deps
    results = task.run()
  File "/home/airflow/.local/lib/python3.10/site-packages/dbt/task/deps.py", line 260, in run
    package.install(self.project, renderer)
  File "/home/airflow/.local/lib/python3.10/site-packages/dbt/deps/registry.py", line 66, in install
    self._install(project, renderer)
  File "/home/airflow/.local/lib/python3.10/site-packages/dbt/deps/base.py", line 121, in _install
    connection_exception_retry(download_untar_fn, 5)
  File "/home/airflow/.local/lib/python3.10/site-packages/dbt_common/utils/connection.py", line 21, in connection_exception_retry
    return fn()
  File "/home/airflow/.local/lib/python3.10/site-packages/dbt/deps/base.py", line 132, in download_and_untar
    system.download(download_url, tar_path)
  File "/home/airflow/.local/lib/python3.10/site-packages/dbt_common/clients/system.py", line 592, in download
    response = requests.get(url, timeout=connection_timeout)
  File "/home/airflow/.local/lib/python3.10/site-packages/requests/api.py", line 73, in get
    return request("get", url, params=params, **kwargs)
  File "/home/airflow/.local/lib/python3.10/site-packages/requests/api.py", line 59, in request
    return session.request(method=method, url=url, **kwargs)
  File "/home/airflow/.local/lib/python3.10/site-packages/requests/sessions.py", line 589, in request
    resp = self.send(prep, **send_kwargs)
  File "/home/airflow/.local/lib/python3.10/site-packages/requests/sessions.py", line 746, in send
    r.content
  File "/home/airflow/.local/lib/python3.10/site-packages/requests/models.py", line 902, in content
    self._content = b"".join(self.iter_content(CONTENT_CHUNK_SIZE)) or b""
  File "/home/airflow/.local/lib/python3.10/site-packages/requests/models.py", line 820, in generate
    yield from self.raw.stream(chunk_size, decode_content=True)
  File "/home/airflow/.local/lib/python3.10/site-packages/urllib3/response.py", line 1060, in stream
    data = self.read(amt=amt, decode_content=decode_content)
  File "/home/airflow/.local/lib/python3.10/site-packages/urllib3/response.py", line 949, in read
    data = self._raw_read(amt)
  File "/home/airflow/.local/lib/python3.10/site-packages/urllib3/response.py", line 873, in _raw_read
    data = self._fp_read(amt, read1=read1) if not fp_closed else b""
  File "/home/airflow/.local/lib/python3.10/site-packages/urllib3/response.py", line 856, in _fp_read
    return self._fp.read(amt) if amt is not None else self._fp.read()
  File "/usr/local/lib/python3.10/http/client.py", line 466, in read
    s = self.fp.read(amt)
  File "/usr/local/lib/python3.10/socket.py", line 717, in readinto
    return self._sock.recv_into(b)
  File "/usr/local/lib/python3.10/ssl.py", line 1307, in recv_into
    return self.read(nbytes, buffer)
  File "/usr/local/lib/python3.10/ssl.py", line 1163, in read
    return self._sslobj.read(len, buffer)
  File "/home/airflow/.local/lib/python3.10/site-packages/airflow/models/taskinstance.py", line 3094, in signal_handler
    raise AirflowTaskTerminated("Task received SIGTERM signal")
airflow.exceptions.AirflowTaskTerminated: Task received SIGTERM signal
[2026-08-17T10:56:51.490+0000] {runner.py:95} INFO - Trying to run dbtRunner with:
 ['run', '--select', 'fqn:logistics_transformation.presentation.obt_orders', '--full-refresh', '--project-dir', '/tmp/tmpisac4s67', '--profiles-dir', '/opt/airflow/dbt_transform', '--profile', 'lakehouse_dbt', '--target', 'dev', '--no-static-parser']
 in /tmp/tmpisac4s67
[2026-08-17T10:56:51.514+0000] {logging_mixin.py:190} INFO - 10:56:51  Running with dbt=1.8.8
[2026-08-17T10:56:51.573+0000] {logging_mixin.py:190} INFO - 10:56:51  Registered adapter: trino=1.8.5
[2026-08-17T10:56:51.576+0000] {logging_mixin.py:190} INFO - 10:56:51  Encountered an error:
Compilation Error
  dbt found 3 package(s) specified in packages.yml, but only 1 package(s) installed in dbt_packages. Run "dbt deps" to install package dependencies.
[2026-08-17T10:56:52.701+0000] {local.py:196} WARNING - Artifact schema version: https://schemas.getdbt.com/dbt/manifest/v12.json is above dbt-ol supported version 7. This might cause errors.
[2026-08-17T10:56:52.703+0000] {local.py:594} INFO - Inlets: []
[2026-08-17T10:56:52.704+0000] {local.py:595} INFO - Outlets: []
[2026-08-17T10:56:52.706+0000] {local.py:886} INFO - Assigning inlets/outlets with DatasetAlias in Airflow 2
[2026-08-17T10:56:52.727+0000] {taskinstance.py:3310} ERROR - Task failed with exception
Traceback (most recent call last):
  File "/home/airflow/.local/lib/python3.10/site-packages/sqlalchemy/engine/base.py", line 1910, in _execute_context
    self.dialect.do_execute(
  File "/home/airflow/.local/lib/python3.10/site-packages/sqlalchemy/engine/default.py", line 736, in do_execute
    cursor.execute(statement, parameters)
psycopg2.errors.ForeignKeyViolation: insert or update on table "rendered_task_instance_fields" violates foreign key constraint "rtif_ti_fkey"
DETAIL:  Key (dag_id, task_id, run_id, map_index)=(dbt_presentation_full_load, transform_presentation.obt_orders_run, manual__2026-08-17T10:51:25.476915+00:00, -1) is not present in table "task_instance".


The above exception was the direct cause of the following exception:

Traceback (most recent call last):
  File "/home/airflow/.local/lib/python3.10/site-packages/airflow/models/taskinstance.py", line 767, in _execute_task
    result = _execute_callable(context=context, **execute_callable_kwargs)
  File "/home/airflow/.local/lib/python3.10/site-packages/airflow/models/taskinstance.py", line 733, in _execute_callable
    return ExecutionCallableRunner(
  File "/home/airflow/.local/lib/python3.10/site-packages/airflow/utils/operator_helpers.py", line 252, in run
    return self.func(*args, **kwargs)
  File "/home/airflow/.local/lib/python3.10/site-packages/cosmos/operators/base.py", line 346, in execute
    self.build_and_run_cmd(context=context, cmd_flags=self.add_cmd_flags(), **kwargs)
  File "/home/airflow/.local/lib/python3.10/site-packages/cosmos/operators/local.py", line 968, in build_and_run_cmd
    result = self.run_command(
  File "/home/airflow/.local/lib/python3.10/site-packages/cosmos/operators/local.py", line 742, in run_command
    self._handle_post_execution(tmp_project_dir, context, push_run_results_to_xcom)
  File "/home/airflow/.local/lib/python3.10/site-packages/cosmos/operators/local.py", line 631, in _handle_post_execution
    self._override_rtif(context)
  File "/home/airflow/.local/lib/python3.10/site-packages/cosmos/operators/local.py", line 476, in _override_rtif
    _override_rtif_airflow_2_x()
  File "/home/airflow/.local/lib/python3.10/site-packages/airflow/utils/session.py", line 96, in wrapper
    with create_session() as session:
  File "/usr/local/lib/python3.10/contextlib.py", line 142, in __exit__
    next(self.gen)
  File "/home/airflow/.local/lib/python3.10/site-packages/airflow/utils/session.py", line 57, in create_session
    session.commit()
  File "/home/airflow/.local/lib/python3.10/site-packages/sqlalchemy/orm/session.py", line 1454, in commit
    self._transaction.commit(_to_root=self.future)
  File "/home/airflow/.local/lib/python3.10/site-packages/sqlalchemy/orm/session.py", line 832, in commit
    self._prepare_impl()
  File "/home/airflow/.local/lib/python3.10/site-packages/sqlalchemy/orm/session.py", line 811, in _prepare_impl
    self.session.flush()
  File "/home/airflow/.local/lib/python3.10/site-packages/sqlalchemy/orm/session.py", line 3449, in flush
    self._flush(objects)
  File "/home/airflow/.local/lib/python3.10/site-packages/sqlalchemy/orm/session.py", line 3588, in _flush
    with util.safe_reraise():
  File "/home/airflow/.local/lib/python3.10/site-packages/sqlalchemy/util/langhelpers.py", line 70, in __exit__
    compat.raise_(
  File "/home/airflow/.local/lib/python3.10/site-packages/sqlalchemy/util/compat.py", line 211, in raise_
    raise exception
  File "/home/airflow/.local/lib/python3.10/site-packages/sqlalchemy/orm/session.py", line 3549, in _flush
    flush_context.execute()
  File "/home/airflow/.local/lib/python3.10/site-packages/sqlalchemy/orm/unitofwork.py", line 456, in execute
    rec.execute(self)
  File "/home/airflow/.local/lib/python3.10/site-packages/sqlalchemy/orm/unitofwork.py", line 630, in execute
    util.preloaded.orm_persistence.save_obj(
  File "/home/airflow/.local/lib/python3.10/site-packages/sqlalchemy/orm/persistence.py", line 245, in save_obj
    _emit_insert_statements(
  File "/home/airflow/.local/lib/python3.10/site-packages/sqlalchemy/orm/persistence.py", line 1097, in _emit_insert_statements
    c = connection._execute_20(
  File "/home/airflow/.local/lib/python3.10/site-packages/sqlalchemy/engine/base.py", line 1710, in _execute_20
    return meth(self, args_10style, kwargs_10style, execution_options)
  File "/home/airflow/.local/lib/python3.10/site-packages/sqlalchemy/sql/elements.py", line 334, in _execute_on_connection
    return connection._execute_clauseelement(
  File "/home/airflow/.local/lib/python3.10/site-packages/sqlalchemy/engine/base.py", line 1577, in _execute_clauseelement
    ret = self._execute_context(
  File "/home/airflow/.local/lib/python3.10/site-packages/sqlalchemy/engine/base.py", line 1953, in _execute_context
    self._handle_dbapi_exception(
  File "/home/airflow/.local/lib/python3.10/site-packages/sqlalchemy/engine/base.py", line 2134, in _handle_dbapi_exception
    util.raise_(
  File "/home/airflow/.local/lib/python3.10/site-packages/sqlalchemy/util/compat.py", line 211, in raise_
    raise exception
  File "/home/airflow/.local/lib/python3.10/site-packages/sqlalchemy/engine/base.py", line 1910, in _execute_context
    self.dialect.do_execute(
  File "/home/airflow/.local/lib/python3.10/site-packages/sqlalchemy/engine/default.py", line 736, in do_execute
    cursor.execute(statement, parameters)
sqlalchemy.exc.IntegrityError: (psycopg2.errors.ForeignKeyViolation) insert or update on table "rendered_task_instance_fields" violates foreign key constraint "rtif_ti_fkey"
DETAIL:  Key (dag_id, task_id, run_id, map_index)=(dbt_presentation_full_load, transform_presentation.obt_orders_run, manual__2026-08-17T10:51:25.476915+00:00, -1) is not present in table "task_instance".

[SQL: INSERT INTO rendered_task_instance_fields (dag_id, task_id, run_id, map_index, rendered_fields, k8s_pod_yaml) VALUES (%(dag_id)s, %(task_id)s, %(run_id)s, %(map_index)s, %(rendered_fields)s, %(k8s_pod_yaml)s)]
[parameters: {'dag_id': 'dbt_presentation_full_load', 'task_id': 'transform_presentation.obt_orders_run', 'run_id': 'manual__2026-08-17T10:51:25.476915+00:00', 'map_index': -1, 'rendered_fields': '{"env": null, "select": "fqn:logistics_transformation.presentation.obt_orders", "exclude": null, "selector": null, "vars": null, "models": null, "dbt_cmd_flags": [], "compiled_sql": "", "freshness": "", "install_deps": true, "full_refresh": true}', 'k8s_pod_yaml': 'null'}]
(Background on this error at: https://sqlalche.me/e/14/gkpj)
[2026-08-17T10:56:53.438+0000] {_client.py:1026} INFO - HTTP Request: GET https://astronomer.gateway.scarf.sh/astronomer-cosmos/v3/task_instance?cosmos_version=1.15.0&airflow_version=2.10.2&python_version=3.10.15&platform_system=Linux&platform_machine=x86_64&status=failed&operator_name=DbtRunLocalOperator&is_cosmos_operator_subclass=False&invocation_mode=dbt_runner&execution_mode=local&profile_strategy=yaml_file&profile_mapping_class=None&database=trino&is_mapped_task=False&dbt_command=run&install_deps=True&has_callback=False&duration=58.040149 "HTTP/1.1 200 OK"
[2026-08-17T10:56:53.440+0000] {taskinstance.py:1225} INFO - Marking task as FAILED. dag_id=dbt_presentation_full_load, task_id=transform_presentation.obt_orders_run, run_id=manual__2026-08-17T10:51:25.476915+00:00, execution_date=20260817T105125, start_date=20260817T105554, end_date=20260817T105652
[2026-08-17T10:56:53.459+0000] {taskinstance.py:340} INFO - ::group::Post task execution logs
[2026-08-17T10:56:53.461+0000] {standard_task_runner.py:124} ERROR - Failed to execute job 341 for task transform_presentation.obt_orders_run ((psycopg2.errors.ForeignKeyViolation) insert or update on table "task_fail" violates foreign key constraint "task_fail_ti_fkey"
DETAIL:  Key (dag_id, task_id, run_id, map_index)=(dbt_presentation_full_load, transform_presentation.obt_orders_run, manual__2026-08-17T10:51:25.476915+00:00, -1) is not present in table "task_instance".

[SQL: INSERT INTO task_fail (task_id, dag_id, run_id, map_index, start_date, end_date, duration) VALUES (%(task_id)s, %(dag_id)s, %(run_id)s, %(map_index)s, %(start_date)s, %(end_date)s, %(duration)s) RETURNING task_fail.id]
[parameters: {'task_id': 'transform_presentation.obt_orders_run', 'dag_id': 'dbt_presentation_full_load', 'run_id': 'manual__2026-08-17T10:51:25.476915+00:00', 'map_index': -1, 'start_date': datetime.datetime(2026, 8, 17, 10, 55, 54, 701704, tzinfo=Timezone('UTC')), 'end_date': datetime.datetime(2026, 8, 17, 10, 56, 52, 741853, tzinfo=Timezone('UTC')), 'duration': 58}]
(Background on this error at: https://sqlalche.me/e/14/gkpj); 1540)
Traceback (most recent call last):
  File "/home/airflow/.local/lib/python3.10/site-packages/sqlalchemy/engine/base.py", line 1910, in _execute_context
    self.dialect.do_execute(
  File "/home/airflow/.local/lib/python3.10/site-packages/sqlalchemy/engine/default.py", line 736, in do_execute
    cursor.execute(statement, parameters)
psycopg2.errors.ForeignKeyViolation: insert or update on table "rendered_task_instance_fields" violates foreign key constraint "rtif_ti_fkey"
DETAIL:  Key (dag_id, task_id, run_id, map_index)=(dbt_presentation_full_load, transform_presentation.obt_orders_run, manual__2026-08-17T10:51:25.476915+00:00, -1) is not present in table "task_instance".


The above exception was the direct cause of the following exception:

Traceback (most recent call last):
  File "/home/airflow/.local/lib/python3.10/site-packages/airflow/models/taskinstance.py", line 273, in _run_raw_task
    TaskInstance._execute_task_with_callbacks(
  File "/home/airflow/.local/lib/python3.10/site-packages/airflow/models/taskinstance.py", line 3158, in _execute_task_with_callbacks
    result = self._execute_task(context, task_orig)
  File "/home/airflow/.local/lib/python3.10/site-packages/airflow/models/taskinstance.py", line 3182, in _execute_task
    return _execute_task(self, context, task_orig)
  File "/home/airflow/.local/lib/python3.10/site-packages/airflow/models/taskinstance.py", line 767, in _execute_task
    result = _execute_callable(context=context, **execute_callable_kwargs)
  File "/home/airflow/.local/lib/python3.10/site-packages/airflow/models/taskinstance.py", line 733, in _execute_callable
    return ExecutionCallableRunner(
  File "/home/airflow/.local/lib/python3.10/site-packages/airflow/utils/operator_helpers.py", line 252, in run
    return self.func(*args, **kwargs)
  File "/home/airflow/.local/lib/python3.10/site-packages/cosmos/operators/base.py", line 346, in execute
    self.build_and_run_cmd(context=context, cmd_flags=self.add_cmd_flags(), **kwargs)
  File "/home/airflow/.local/lib/python3.10/site-packages/cosmos/operators/local.py", line 968, in build_and_run_cmd
    result = self.run_command(
  File "/home/airflow/.local/lib/python3.10/site-packages/cosmos/operators/local.py", line 742, in run_command
    self._handle_post_execution(tmp_project_dir, context, push_run_results_to_xcom)
  File "/home/airflow/.local/lib/python3.10/site-packages/cosmos/operators/local.py", line 631, in _handle_post_execution
    self._override_rtif(context)
  File "/home/airflow/.local/lib/python3.10/site-packages/cosmos/operators/local.py", line 476, in _override_rtif
    _override_rtif_airflow_2_x()
  File "/home/airflow/.local/lib/python3.10/site-packages/airflow/utils/session.py", line 96, in wrapper
    with create_session() as session:
  File "/usr/local/lib/python3.10/contextlib.py", line 142, in __exit__
    next(self.gen)
  File "/home/airflow/.local/lib/python3.10/site-packages/airflow/utils/session.py", line 57, in create_session
    session.commit()
  File "/home/airflow/.local/lib/python3.10/site-packages/sqlalchemy/orm/session.py", line 1454, in commit
    self._transaction.commit(_to_root=self.future)
  File "/home/airflow/.local/lib/python3.10/site-packages/sqlalchemy/orm/session.py", line 832, in commit
    self._prepare_impl()
  File "/home/airflow/.local/lib/python3.10/site-packages/sqlalchemy/orm/session.py", line 811, in _prepare_impl
    self.session.flush()
  File "/home/airflow/.local/lib/python3.10/site-packages/sqlalchemy/orm/session.py", line 3449, in flush
    self._flush(objects)
  File "/home/airflow/.local/lib/python3.10/site-packages/sqlalchemy/orm/session.py", line 3588, in _flush
    with util.safe_reraise():
  File "/home/airflow/.local/lib/python3.10/site-packages/sqlalchemy/util/langhelpers.py", line 70, in __exit__
    compat.raise_(
  File "/home/airflow/.local/lib/python3.10/site-packages/sqlalchemy/util/compat.py", line 211, in raise_
    raise exception
  File "/home/airflow/.local/lib/python3.10/site-packages/sqlalchemy/orm/session.py", line 3549, in _flush
    flush_context.execute()
  File "/home/airflow/.local/lib/python3.10/site-packages/sqlalchemy/orm/unitofwork.py", line 456, in execute
    rec.execute(self)
  File "/home/airflow/.local/lib/python3.10/site-packages/sqlalchemy/orm/unitofwork.py", line 630, in execute
    util.preloaded.orm_persistence.save_obj(
  File "/home/airflow/.local/lib/python3.10/site-packages/sqlalchemy/orm/persistence.py", line 245, in save_obj
    _emit_insert_statements(
  File "/home/airflow/.local/lib/python3.10/site-packages/sqlalchemy/orm/persistence.py", line 1097, in _emit_insert_statements
    c = connection._execute_20(
  File "/home/airflow/.local/lib/python3.10/site-packages/sqlalchemy/engine/base.py", line 1710, in _execute_20
    return meth(self, args_10style, kwargs_10style, execution_options)
  File "/home/airflow/.local/lib/python3.10/site-packages/sqlalchemy/sql/elements.py", line 334, in _execute_on_connection
    return connection._execute_clauseelement(
  File "/home/airflow/.local/lib/python3.10/site-packages/sqlalchemy/engine/base.py", line 1577, in _execute_clauseelement
    ret = self._execute_context(
  File "/home/airflow/.local/lib/python3.10/site-packages/sqlalchemy/engine/base.py", line 1953, in _execute_context
    self._handle_dbapi_exception(
  File "/home/airflow/.local/lib/python3.10/site-packages/sqlalchemy/engine/base.py", line 2134, in _handle_dbapi_exception
    util.raise_(
  File "/home/airflow/.local/lib/python3.10/site-packages/sqlalchemy/util/compat.py", line 211, in raise_
    raise exception
  File "/home/airflow/.local/lib/python3.10/site-packages/sqlalchemy/engine/base.py", line 1910, in _execute_context
    self.dialect.do_execute(
  File "/home/airflow/.local/lib/python3.10/site-packages/sqlalchemy/engine/default.py", line 736, in do_execute
    cursor.execute(statement, parameters)
sqlalchemy.exc.IntegrityError: (psycopg2.errors.ForeignKeyViolation) insert or update on table "rendered_task_instance_fields" violates foreign key constraint "rtif_ti_fkey"
DETAIL:  Key (dag_id, task_id, run_id, map_index)=(dbt_presentation_full_load, transform_presentation.obt_orders_run, manual__2026-08-17T10:51:25.476915+00:00, -1) is not present in table "task_instance".

[SQL: INSERT INTO rendered_task_instance_fields (dag_id, task_id, run_id, map_index, rendered_fields, k8s_pod_yaml) VALUES (%(dag_id)s, %(task_id)s, %(run_id)s, %(map_index)s, %(rendered_fields)s, %(k8s_pod_yaml)s)]
[parameters: {'dag_id': 'dbt_presentation_full_load', 'task_id': 'transform_presentation.obt_orders_run', 'run_id': 'manual__2026-08-17T10:51:25.476915+00:00', 'map_index': -1, 'rendered_fields': '{"env": null, "select": "fqn:logistics_transformation.presentation.obt_orders", "exclude": null, "selector": null, "vars": null, "models": null, "dbt_cmd_flags": [], "compiled_sql": "", "freshness": "", "install_deps": true, "full_refresh": true}', 'k8s_pod_yaml': 'null'}]
(Background on this error at: https://sqlalche.me/e/14/gkpj)

During handling of the above exception, another exception occurred:

Traceback (most recent call last):
  File "/home/airflow/.local/lib/python3.10/site-packages/sqlalchemy/engine/base.py", line 1910, in _execute_context
    self.dialect.do_execute(
  File "/home/airflow/.local/lib/python3.10/site-packages/sqlalchemy/engine/default.py", line 736, in do_execute
    cursor.execute(statement, parameters)
psycopg2.errors.ForeignKeyViolation: insert or update on table "task_fail" violates foreign key constraint "task_fail_ti_fkey"
DETAIL:  Key (dag_id, task_id, run_id, map_index)=(dbt_presentation_full_load, transform_presentation.obt_orders_run, manual__2026-08-17T10:51:25.476915+00:00, -1) is not present in table "task_instance".


The above exception was the direct cause of the following exception:

Traceback (most recent call last):
  File "/home/airflow/.local/lib/python3.10/site-packages/airflow/task/task_runner/standard_task_runner.py", line 117, in _start_by_fork
    ret = args.func(args, dag=self.dag)
  File "/home/airflow/.local/lib/python3.10/site-packages/airflow/cli/cli_config.py", line 49, in command
    return func(*args, **kwargs)
  File "/home/airflow/.local/lib/python3.10/site-packages/airflow/utils/cli.py", line 115, in wrapper
    return f(*args, **kwargs)
  File "/home/airflow/.local/lib/python3.10/site-packages/airflow/cli/commands/task_command.py", line 483, in task_run
    task_return_code = _run_task_by_selected_method(args, _dag, ti)
  File "/home/airflow/.local/lib/python3.10/site-packages/airflow/cli/commands/task_command.py", line 256, in _run_task_by_selected_method
    return _run_raw_task(args, ti)
  File "/home/airflow/.local/lib/python3.10/site-packages/airflow/cli/commands/task_command.py", line 341, in _run_raw_task
    return ti._run_raw_task(
  File "/home/airflow/.local/lib/python3.10/site-packages/airflow/utils/session.py", line 97, in wrapper
    return func(*args, session=session, **kwargs)
  File "/home/airflow/.local/lib/python3.10/site-packages/airflow/models/taskinstance.py", line 3004, in _run_raw_task
    return _run_raw_task(
  File "/home/airflow/.local/lib/python3.10/site-packages/airflow/models/taskinstance.py", line 336, in _run_raw_task
    ti.handle_failure(e, test_mode, context, session=session)
  File "/home/airflow/.local/lib/python3.10/site-packages/airflow/utils/session.py", line 94, in wrapper
    return func(*args, **kwargs)
  File "/home/airflow/.local/lib/python3.10/site-packages/airflow/models/taskinstance.py", line 3427, in handle_failure
    _handle_failure(
  File "/home/airflow/.local/lib/python3.10/site-packages/airflow/utils/session.py", line 94, in wrapper
    return func(*args, **kwargs)
  File "/home/airflow/.local/lib/python3.10/site-packages/airflow/api_internal/internal_api_call.py", line 139, in wrapper
    return func(*args, **kwargs)
  File "/home/airflow/.local/lib/python3.10/site-packages/airflow/models/taskinstance.py", line 1243, in _handle_failure
    TaskInstance.save_to_db(failure_context["ti"], session)
  File "/home/airflow/.local/lib/python3.10/site-packages/airflow/api_internal/internal_api_call.py", line 139, in wrapper
    return func(*args, **kwargs)
  File "/home/airflow/.local/lib/python3.10/site-packages/airflow/utils/session.py", line 94, in wrapper
    return func(*args, **kwargs)
  File "/home/airflow/.local/lib/python3.10/site-packages/airflow/models/taskinstance.py", line 3399, in save_to_db
    session.flush()
  File "/home/airflow/.local/lib/python3.10/site-packages/sqlalchemy/orm/session.py", line 3449, in flush
    self._flush(objects)
  File "/home/airflow/.local/lib/python3.10/site-packages/sqlalchemy/orm/session.py", line 3588, in _flush
    with util.safe_reraise():
  File "/home/airflow/.local/lib/python3.10/site-packages/sqlalchemy/util/langhelpers.py", line 70, in __exit__
    compat.raise_(
  File "/home/airflow/.local/lib/python3.10/site-packages/sqlalchemy/util/compat.py", line 211, in raise_
    raise exception
  File "/home/airflow/.local/lib/python3.10/site-packages/sqlalchemy/orm/session.py", line 3549, in _flush
    flush_context.execute()
  File "/home/airflow/.local/lib/python3.10/site-packages/sqlalchemy/orm/unitofwork.py", line 456, in execute
    rec.execute(self)
  File "/home/airflow/.local/lib/python3.10/site-packages/sqlalchemy/orm/unitofwork.py", line 630, in execute
    util.preloaded.orm_persistence.save_obj(
  File "/home/airflow/.local/lib/python3.10/site-packages/sqlalchemy/orm/persistence.py", line 245, in save_obj
    _emit_insert_statements(
  File "/home/airflow/.local/lib/python3.10/site-packages/sqlalchemy/orm/persistence.py", line 1238, in _emit_insert_statements
    result = connection._execute_20(
  File "/home/airflow/.local/lib/python3.10/site-packages/sqlalchemy/engine/base.py", line 1710, in _execute_20
    return meth(self, args_10style, kwargs_10style, execution_options)
  File "/home/airflow/.local/lib/python3.10/site-packages/sqlalchemy/sql/elements.py", line 334, in _execute_on_connection
    return connection._execute_clauseelement(
  File "/home/airflow/.local/lib/python3.10/site-packages/sqlalchemy/engine/base.py", line 1577, in _execute_clauseelement
    ret = self._execute_context(
  File "/home/airflow/.local/lib/python3.10/site-packages/sqlalchemy/engine/base.py", line 1953, in _execute_context
    self._handle_dbapi_exception(
  File "/home/airflow/.local/lib/python3.10/site-packages/sqlalchemy/engine/base.py", line 2134, in _handle_dbapi_exception
    util.raise_(
  File "/home/airflow/.local/lib/python3.10/site-packages/sqlalchemy/util/compat.py", line 211, in raise_
    raise exception
  File "/home/airflow/.local/lib/python3.10/site-packages/sqlalchemy/engine/base.py", line 1910, in _execute_context
    self.dialect.do_execute(
  File "/home/airflow/.local/lib/python3.10/site-packages/sqlalchemy/engine/default.py", line 736, in do_execute
    cursor.execute(statement, parameters)
sqlalchemy.exc.IntegrityError: (psycopg2.errors.ForeignKeyViolation) insert or update on table "task_fail" violates foreign key constraint "task_fail_ti_fkey"
DETAIL:  Key (dag_id, task_id, run_id, map_index)=(dbt_presentation_full_load, transform_presentation.obt_orders_run, manual__2026-08-17T10:51:25.476915+00:00, -1) is not present in table "task_instance".

[SQL: INSERT INTO task_fail (task_id, dag_id, run_id, map_index, start_date, end_date, duration) VALUES (%(task_id)s, %(dag_id)s, %(run_id)s, %(map_index)s, %(start_date)s, %(end_date)s, %(duration)s) RETURNING task_fail.id]
[parameters: {'task_id': 'transform_presentation.obt_orders_run', 'dag_id': 'dbt_presentation_full_load', 'run_id': 'manual__2026-08-17T10:51:25.476915+00:00', 'map_index': -1, 'start_date': datetime.datetime(2026, 8, 17, 10, 55, 54, 701704, tzinfo=Timezone('UTC')), 'end_date': datetime.datetime(2026, 8, 17, 10, 56, 52, 741853, tzinfo=Timezone('UTC')), 'duration': 58}]
(Background on this error at: https://sqlalche.me/e/14/gkpj)
[2026-08-17T10:56:53.490+0000] {process_utils.py:80} INFO - Process psutil.Process(pid=1630, status='terminated', started='10:56:33') (1630) terminated with exit code None
[2026-08-17T10:56:53.491+0000] {process_utils.py:80} INFO - Process psutil.Process(pid=1540, status='terminated', exitcode=1, started='10:55:54') (1540) terminated with exit code 1
