[2026-07-13T01:48:55.670+0000] {local_task_job_runner.py:123} INFO - ::group::Pre task execution logs
[2026-07-13T01:48:55.698+0000] {taskinstance.py:2612} INFO - Dependencies all met for dep_context=non-requeueable deps ti=<TaskInstance: dbt_silver_gold_full_load.transform_gold.dim_products.run manual__2026-07-13T01:47:38.412926+00:00 [queued]>
[2026-07-13T01:48:55.710+0000] {taskinstance.py:2612} INFO - Dependencies all met for dep_context=requeueable deps ti=<TaskInstance: dbt_silver_gold_full_load.transform_gold.dim_products.run manual__2026-07-13T01:47:38.412926+00:00 [queued]>
[2026-07-13T01:48:55.713+0000] {taskinstance.py:2865} INFO - Starting attempt 1 of 2
[2026-07-13T01:48:55.761+0000] {taskinstance.py:2888} INFO - Executing <Task(DbtRunLocalOperator): transform_gold.dim_products.run> on 2026-07-13 01:47:38.412926+00:00
[2026-07-13T01:48:55.768+0000] {standard_task_runner.py:72} INFO - Started process 3418 to run task
[2026-07-13T01:48:55.773+0000] {standard_task_runner.py:104} INFO - Running: ['airflow', 'tasks', 'run', 'dbt_silver_gold_full_load', 'transform_gold.dim_products.run', 'manual__2026-07-13T01:47:38.412926+00:00', '--job-id', '19', '--raw', '--subdir', 'DAGS_FOLDER/dbt_silver_gold.py', '--cfg-path', '/tmp/tmpxh_2euez']
[2026-07-13T01:48:55.776+0000] {standard_task_runner.py:105} INFO - Job 19: Subtask transform_gold.dim_products.run
[2026-07-13T01:48:55.873+0000] {task_command.py:467} INFO - Running <TaskInstance: dbt_silver_gold_full_load.transform_gold.dim_products.run manual__2026-07-13T01:47:38.412926+00:00 [running]> on host 281b3026bd5f
[2026-07-13T01:48:55.980+0000] {taskinstance.py:3131} INFO - Exporting env vars: AIRFLOW_CTX_DAG_OWNER='data_engineer' AIRFLOW_CTX_DAG_ID='dbt_silver_gold_full_load' AIRFLOW_CTX_TASK_ID='transform_gold.dim_products.run' AIRFLOW_CTX_EXECUTION_DATE='2026-07-13T01:47:38.412926+00:00' AIRFLOW_CTX_TRY_NUMBER='1' AIRFLOW_CTX_DAG_RUN_ID='manual__2026-07-13T01:47:38.412926+00:00'
[2026-07-13T01:48:55.983+0000] {taskinstance.py:731} INFO - ::endgroup::
[2026-07-13T01:48:58.479+0000] {local.py:294} INFO - dbtRunner is available. Using dbtRunner for invoking dbt.
[2026-07-13T01:48:58.482+0000] {local.py:518} INFO - Cloning project to writable temp directory /tmp/tmpdh6j40wa from /opt/airflow/dbt_transform
[2026-07-13T01:48:58.495+0000] {local.py:538} INFO - Partial parse is enabled and the latest partial parse file is None
[2026-07-13T01:48:58.497+0000] {config.py:395} INFO - Using user-supplied profiles.yml at /opt/airflow/dbt_transform/profiles.yml
[2026-07-13T01:48:58.511+0000] {runner.py:95} INFO - Trying to run dbtRunner with:
 ['deps', '--project-dir', '/tmp/tmpdh6j40wa', '--profiles-dir', '/opt/airflow/dbt_transform', '--profile', 'lakehouse_dbt', '--target', 'dev', '--no-static-parser']
 in /tmp/tmpdh6j40wa
[2026-07-13T01:48:58.612+0000] {logging_mixin.py:190} INFO - 01:48:58  Running with dbt=1.8.8
[2026-07-13T01:48:58.818+0000] {converter.py:314} INFO - ::group::Cosmos DAG parsing logs
[2026-07-13T01:48:58.823+0000] {graph.py:869} INFO - Trying to parse the dbt project using dbt ls cache cosmos_cache__dbt_silver_gold_incremental__transform_silver...
[2026-07-13T01:49:00.908+0000] {cache.py:383} INFO - Cosmos performance: time to calculate cache identifier cosmos_cache__dbt_silver_gold_incremental__transform_silver for current version: 2.067354868000166
[2026-07-13T01:49:00.909+0000] {graph.py:886} INFO - Cosmos performance [281b3026bd5f|3418]: The cache size for cosmos_cache__dbt_silver_gold_incremental__transform_silver is 3241
[2026-07-13T01:49:00.911+0000] {graph.py:898} INFO - Cosmos performance: Cache hit for cosmos_cache__dbt_silver_gold_incremental__transform_silver - 4b797e47a0f4840cf0ddc2523feb9af2,5e34606eb5f2b3dea81a8e19fa3ba138
[2026-07-13T01:49:00.912+0000] {graph.py:799} INFO - Total nodes: 4
[2026-07-13T01:49:00.914+0000] {graph.py:800} INFO - Total filtered nodes: 4
[2026-07-13T01:49:00.916+0000] {converter.py:361} INFO - Cosmos performance (dbt_silver_gold_incremental__transform_silver) - [281b3026bd5f|3418]: It took 2.09s to parse the dbt project for DAG using dbt_ls_cache
[2026-07-13T01:49:00.927+0000] {converter.py:413} INFO - Cosmos performance (dbt_silver_gold_incremental__transform_silver) - [281b3026bd5f|3418]: It took 0.0116s to build the Airflow DAG.
[2026-07-13T01:49:00.929+0000] {converter.py:420} INFO - ::endgroup::Cosmos DAG parsing logs
[2026-07-13T01:49:00.930+0000] {converter.py:314} INFO - ::group::Cosmos DAG parsing logs
[2026-07-13T01:49:00.933+0000] {graph.py:869} INFO - Trying to parse the dbt project using dbt ls cache cosmos_cache__dbt_silver_gold_incremental__transform_gold...
[2026-07-13T01:49:03.009+0000] {cache.py:383} INFO - Cosmos performance: time to calculate cache identifier cosmos_cache__dbt_silver_gold_incremental__transform_gold for current version: 2.063056510000024
[2026-07-13T01:49:03.011+0000] {graph.py:886} INFO - Cosmos performance [281b3026bd5f|3418]: The cache size for cosmos_cache__dbt_silver_gold_incremental__transform_gold is 25727
[2026-07-13T01:49:03.014+0000] {graph.py:898} INFO - Cosmos performance: Cache hit for cosmos_cache__dbt_silver_gold_incremental__transform_gold - 4b797e47a0f4840cf0ddc2523feb9af2,304321e940a9403dceb380589bd0566f
[2026-07-13T01:49:03.016+0000] {graph.py:799} INFO - Total nodes: 30
[2026-07-13T01:49:03.017+0000] {graph.py:800} INFO - Total filtered nodes: 30
[2026-07-13T01:49:03.018+0000] {converter.py:361} INFO - Cosmos performance (dbt_silver_gold_incremental__transform_gold) - [281b3026bd5f|3418]: It took 2.09s to parse the dbt project for DAG using dbt_ls_cache
[2026-07-13T01:49:03.057+0000] {converter.py:413} INFO - Cosmos performance (dbt_silver_gold_incremental__transform_gold) - [281b3026bd5f|3418]: It took 0.0387s to build the Airflow DAG.
[2026-07-13T01:49:03.059+0000] {converter.py:420} INFO - ::endgroup::Cosmos DAG parsing logs
[2026-07-13T01:49:03.061+0000] {converter.py:314} INFO - ::group::Cosmos DAG parsing logs
[2026-07-13T01:49:03.064+0000] {graph.py:869} INFO - Trying to parse the dbt project using dbt ls cache cosmos_cache__dbt_silver_gold_full_load__transform_silver...
[2026-07-13T01:49:04.894+0000] {cache.py:383} INFO - Cosmos performance: time to calculate cache identifier cosmos_cache__dbt_silver_gold_full_load__transform_silver for current version: 1.8193698919999406
[2026-07-13T01:49:04.896+0000] {graph.py:886} INFO - Cosmos performance [281b3026bd5f|3418]: The cache size for cosmos_cache__dbt_silver_gold_full_load__transform_silver is 3241
[2026-07-13T01:49:04.898+0000] {graph.py:898} INFO - Cosmos performance: Cache hit for cosmos_cache__dbt_silver_gold_full_load__transform_silver - 4b797e47a0f4840cf0ddc2523feb9af2,5e34606eb5f2b3dea81a8e19fa3ba138
[2026-07-13T01:49:04.900+0000] {graph.py:799} INFO - Total nodes: 4
[2026-07-13T01:49:04.902+0000] {graph.py:800} INFO - Total filtered nodes: 4
[2026-07-13T01:49:04.905+0000] {converter.py:361} INFO - Cosmos performance (dbt_silver_gold_full_load__transform_silver) - [281b3026bd5f|3418]: It took 1.84s to parse the dbt project for DAG using dbt_ls_cache
[2026-07-13T01:49:04.920+0000] {converter.py:413} INFO - Cosmos performance (dbt_silver_gold_full_load__transform_silver) - [281b3026bd5f|3418]: It took 0.0147s to build the Airflow DAG.
[2026-07-13T01:49:04.922+0000] {converter.py:420} INFO - ::endgroup::Cosmos DAG parsing logs
[2026-07-13T01:49:04.923+0000] {converter.py:314} INFO - ::group::Cosmos DAG parsing logs
[2026-07-13T01:49:04.929+0000] {graph.py:869} INFO - Trying to parse the dbt project using dbt ls cache cosmos_cache__dbt_silver_gold_full_load__transform_gold...
[2026-07-13T01:49:07.046+0000] {cache.py:383} INFO - Cosmos performance: time to calculate cache identifier cosmos_cache__dbt_silver_gold_full_load__transform_gold for current version: 2.104627167999979
[2026-07-13T01:49:07.048+0000] {graph.py:886} INFO - Cosmos performance [281b3026bd5f|3418]: The cache size for cosmos_cache__dbt_silver_gold_full_load__transform_gold is 25727
[2026-07-13T01:49:07.050+0000] {graph.py:898} INFO - Cosmos performance: Cache hit for cosmos_cache__dbt_silver_gold_full_load__transform_gold - 4b797e47a0f4840cf0ddc2523feb9af2,304321e940a9403dceb380589bd0566f
[2026-07-13T01:49:07.051+0000] {graph.py:799} INFO - Total nodes: 30
[2026-07-13T01:49:07.053+0000] {graph.py:800} INFO - Total filtered nodes: 30
[2026-07-13T01:49:07.055+0000] {converter.py:361} INFO - Cosmos performance (dbt_silver_gold_full_load__transform_gold) - [281b3026bd5f|3418]: It took 2.13s to parse the dbt project for DAG using dbt_ls_cache
[2026-07-13T01:49:07.092+0000] {converter.py:413} INFO - Cosmos performance (dbt_silver_gold_full_load__transform_gold) - [281b3026bd5f|3418]: It took 0.0371s to build the Airflow DAG.
[2026-07-13T01:49:07.094+0000] {converter.py:420} INFO - ::endgroup::Cosmos DAG parsing logs
[2026-07-13T01:49:07.688+0000] {logging_mixin.py:190} INFO - 01:49:07  Installing dbt-labs/dbt_utils
[2026-07-13T01:49:08.288+0000] {logging_mixin.py:190} INFO - 01:49:08  Installed from version 1.3.0
[2026-07-13T01:49:08.290+0000] {logging_mixin.py:190} INFO - 01:49:08  Updated version available: 1.4.1
[2026-07-13T01:49:08.293+0000] {logging_mixin.py:190} INFO - 01:49:08  Installing metaplane/dbt_expectations
[2026-07-13T01:49:09.331+0000] {logging_mixin.py:190} INFO - 01:49:09  Installed from version 0.10.8
[2026-07-13T01:49:09.339+0000] {logging_mixin.py:190} INFO - 01:49:09  Updated version available: 0.10.10
[2026-07-13T01:49:09.342+0000] {logging_mixin.py:190} INFO - 01:49:09  Installing godatadriven/dbt_date
[2026-07-13T01:49:09.870+0000] {logging_mixin.py:190} INFO - 01:49:09  Installed from version 0.15.0
[2026-07-13T01:49:09.872+0000] {logging_mixin.py:190} INFO - 01:49:09  Up to date!
[2026-07-13T01:49:09.874+0000] {logging_mixin.py:190} INFO - 01:49:09
[2026-07-13T01:49:09.876+0000] {logging_mixin.py:190} INFO - 01:49:09  Updates available for packages: ['dbt-labs/dbt_utils', 'metaplane/dbt_expectations']                 
Update your versions in packages.yml, then run dbt deps
[2026-07-13T01:49:11.295+0000] {runner.py:95} INFO - Trying to run dbtRunner with:
 ['run', '--select', 'fqn:consumer_complaints_transformation.marts.dim_products', '--full-refresh', '--project-dir', '/tmp/tmpdh6j40wa', '--profiles-dir', '/opt/airflow/dbt_transform', '--profile', 'lakehouse_dbt', '--target', 'dev', '--no-static-parser']
 in /tmp/tmpdh6j40wa
[2026-07-13T01:49:11.333+0000] {logging_mixin.py:190} INFO - 01:49:11  Running with dbt=1.8.8
[2026-07-13T01:49:11.391+0000] {auth.py:343} INFO - keyring module not found. OAuth2 token will not be stored in keyring.
[2026-07-13T01:49:11.396+0000] {auth.py:343} INFO - keyring module not found. OAuth2 token will not be stored in keyring.
[2026-07-13T01:49:11.585+0000] {logging_mixin.py:190} INFO - 01:49:11  Registered adapter: trino=1.8.5
[2026-07-13T01:49:12.064+0000] {logging_mixin.py:190} INFO - 01:49:12  Unable to do partial parsing because saved manifest not found. Starting full parse.
[2026-07-13T01:49:15.489+0000] {logging_mixin.py:190} INFO - 01:49:15  [WARNING]: Deprecated functionality
The `tests` config has been renamed to `data_tests`. Please see
https://docs.getdbt.com/docs/build/data-tests#new-data_tests-syntax for more
information.
[2026-07-13T01:49:17.074+0000] {logging_mixin.py:190} INFO - 01:49:17  Found 9 models, 26 data tests, 1 source, 2 metrics, 838 macros, 1 semantic model
[2026-07-13T01:49:17.089+0000] {logging_mixin.py:190} INFO - 01:49:17
[2026-07-13T01:49:17.168+0000] {logging_mixin.py:190} INFO - 01:49:17  [WARNING]: SSL certificate validation is disabled by default. It is legacy behavior which will be changed in future releases. It is strongly advised to enable `require_certificate_validation` flag or explicitly set `cert` configuration to `True` for security reasons. You may receive an error after that if your SSL setup is incorrect.
You may opt into the new behavior sooner by setting `flags.require_certificate_validation` to `True` in `dbt_project.yml`.
Visit https://docs.getdbt.com/reference/global-configs/behavior-changes for more information.
[2026-07-13T01:49:18.598+0000] {logging_mixin.py:190} INFO - 01:49:18  Concurrency: 4 threads (target='dev')
[2026-07-13T01:49:18.605+0000] {logging_mixin.py:190} INFO - 01:49:18
[2026-07-13T01:49:18.621+0000] {logging_mixin.py:190} INFO - 01:49:18  1 of 1 START sql table model gold.dim_products ................................. [RUN]
[2026-07-13T01:49:20.889+0000] {logging_mixin.py:190} INFO - 01:49:20  1 of 1 OK created sql table model gold.dim_products ............................ [CREATE TABLE (6 rows) in 2.26s]
[2026-07-13T01:49:20.907+0000] {logging_mixin.py:190} INFO - 01:49:20
[2026-07-13T01:49:20.911+0000] {logging_mixin.py:190} INFO - 01:49:20  Finished running 1 table model in 0 hours 0 minutes and 3.81 seconds (3.81s).
[2026-07-13T01:49:21.048+0000] {logging_mixin.py:190} INFO - 01:49:21
[2026-07-13T01:49:21.051+0000] {logging_mixin.py:190} INFO - 01:49:21  Completed successfully
[2026-07-13T01:49:21.053+0000] {logging_mixin.py:190} INFO - 01:49:21
[2026-07-13T01:49:21.056+0000] {logging_mixin.py:190} INFO - 01:49:21  Done. PASS=1 WARN=0 ERROR=0 SKIP=0 TOTAL=1
[2026-07-13T01:49:22.316+0000] {local.py:196} WARNING - Artifact schema version: https://schemas.getdbt.com/dbt/manifest/v12.json is above dbt-ol supported version 7. This might cause errors.
[2026-07-13T01:49:22.331+0000] {local.py:594} INFO - Inlets: []
[2026-07-13T01:49:22.332+0000] {local.py:595} INFO - Outlets: []
[2026-07-13T01:49:22.335+0000] {local.py:886} INFO - Assigning inlets/outlets with DatasetAlias in Airflow 2
[2026-07-13T01:49:22.441+0000] {taskinstance.py:340} INFO - ::group::Post task execution logs
[2026-07-13T01:49:22.442+0000] {taskinstance.py:352} INFO - Marking task as SUCCESS. dag_id=dbt_silver_gold_full_load, task_id=transform_gold.dim_products.run, run_id=manual__2026-07-13T01:47:38.412926+00:00, execution_date=20260713T014738, start_date=20260713T014855, end_date=20260713T014922
[2026-07-13T01:49:23.184+0000] {_client.py:1026} INFO - HTTP Request: GET https://astronomer.gateway.scarf.sh/astronomer-cosmos/v3/task_instance?cosmos_version=1.15.0&airflow_version=2.10.2&python_version=3.10.15&platform_system=Linux&platform_machine=x86_64&status=success&operator_name=DbtRunLocalOperator&is_cosmos_operator_subclass=False&invocation_mode=dbt_runner&execution_mode=local&profile_strategy=yaml_file&profile_mapping_class=None&database=trino&is_mapped_task=False&dbt_command=run&install_deps=True&has_callback=False&duration=26.742639 "HTTP/1.1 200 OK"
[2026-07-13T01:49:23.230+0000] {local_task_job_runner.py:266} INFO - Task exited with return code 0
[2026-07-13T01:49:23.244+0000] {local_task_job_runner.py:245} INFO - ::endgroup::
