[2026-07-19T04:46:53.589+0000] {local_task_job_runner.py:123} INFO - ::group::Pre task execution logs
[2026-07-19T04:46:53.609+0000] {taskinstance.py:2612} INFO - Dependencies all met for dep_context=non-requeueable deps ti=<TaskInstance: dbt_silver_gold_incremental.transform_silver.stg__consumer_complaints.run manual__2026-07-19T04:46:39.963985+00:00 [queued]>
[2026-07-19T04:46:53.619+0000] {taskinstance.py:2612} INFO - Dependencies all met for dep_context=requeueable deps ti=<TaskInstance: dbt_silver_gold_incremental.transform_silver.stg__consumer_complaints.run manual__2026-07-19T04:46:39.963985+00:00 [queued]>
[2026-07-19T04:46:53.622+0000] {taskinstance.py:2865} INFO - Starting attempt 1 of 2
[2026-07-19T04:46:53.636+0000] {taskinstance.py:2888} INFO - Executing <Task(DbtRunLocalOperator): transform_silver.stg__consumer_complaints.run> on 2026-07-19 04:46:39.963985+00:00
[2026-07-19T04:46:53.642+0000] {standard_task_runner.py:72} INFO - Started process 1466 to run task
[2026-07-19T04:46:53.645+0000] {standard_task_runner.py:104} INFO - Running: ['airflow', 'tasks', 'run', 'dbt_silver_gold_incremental', 'transform_silver.stg__consumer_complaints.run', 'manual__2026-07-19T04:46:39.963985+00:00', '--job-id', '14', '--raw', '--subdir', 'DAGS_FOLDER/dbt_silver_gold.py', '--cfg-path', '/tmp/tmplj4cm8gd']
[2026-07-19T04:46:53.649+0000] {standard_task_runner.py:105} INFO - Job 14: Subtask transform_silver.stg__consumer_complaints.run
[2026-07-19T04:46:53.731+0000] {task_command.py:467} INFO - Running <TaskInstance: dbt_silver_gold_incremental.transform_silver.stg__consumer_complaints.run manual__2026-07-19T04:46:39.963985+00:00 [running]> on host e086fa01d0f5
[2026-07-19T04:46:53.808+0000] {taskinstance.py:3131} INFO - Exporting env vars: AIRFLOW_CTX_DAG_OWNER='data_engineer' AIRFLOW_CTX_DAG_ID='dbt_silver_gold_incremental' AIRFLOW_CTX_TASK_ID='transform_silver.stg__consumer_complaints.run' AIRFLOW_CTX_EXECUTION_DATE='2026-07-19T04:46:39.963985+00:00' AIRFLOW_CTX_TRY_NUMBER='1' AIRFLOW_CTX_DAG_RUN_ID='manual__2026-07-19T04:46:39.963985+00:00'
[2026-07-19T04:46:53.810+0000] {taskinstance.py:731} INFO - ::endgroup::
[2026-07-19T04:46:54.874+0000] {local.py:294} INFO - dbtRunner is available. Using dbtRunner for invoking dbt.
[2026-07-19T04:46:54.876+0000] {local.py:518} INFO - Cloning project to writable temp directory /tmp/tmpacp5bk8c from /opt/airflow/dbt_transform
[2026-07-19T04:46:54.889+0000] {local.py:538} INFO - Partial parse is enabled and the latest partial parse file is /tmp/cosmos/dbt_silver_gold_incremental__transform_silver/target/partial_parse.msgpack
[2026-07-19T04:46:54.908+0000] {config.py:395} INFO - Using user-supplied profiles.yml at /opt/airflow/dbt_transform/profiles.yml
[2026-07-19T04:46:54.926+0000] {runner.py:95} INFO - Trying to run dbtRunner with:
 ['deps', '--project-dir', '/tmp/tmpacp5bk8c', '--profiles-dir', '/opt/airflow/dbt_transform', '--profile', 'lakehouse_dbt', '--target', 'dev', '--no-static-parser']
 in /tmp/tmpacp5bk8c
[2026-07-19T04:46:54.998+0000] {logging_mixin.py:190} INFO - 04:46:54  Running with dbt=1.8.8
[2026-07-19T04:46:55.116+0000] {converter.py:314} INFO - ::group::Cosmos DAG parsing logs
[2026-07-19T04:46:55.120+0000] {graph.py:869} INFO - Trying to parse the dbt project using dbt ls cache cosmos_cache__dbt_silver_gold_incremental__transform_silver...
[2026-07-19T04:46:58.080+0000] {cache.py:383} INFO - Cosmos performance: time to calculate cache identifier cosmos_cache__dbt_silver_gold_incremental__transform_silver for current version: 2.948621813999125
[2026-07-19T04:46:58.081+0000] {graph.py:886} INFO - Cosmos performance [e086fa01d0f5|1466]: The cache size for cosmos_cache__dbt_silver_gold_incremental__transform_silver is 5960
[2026-07-19T04:46:58.082+0000] {graph.py:898} INFO - Cosmos performance: Cache hit for cosmos_cache__dbt_silver_gold_incremental__transform_silver - ccb89f537d6e9098d854bb64f1ff230b,5e34606eb5f2b3dea81a8e19fa3ba138
[2026-07-19T04:46:58.083+0000] {graph.py:799} INFO - Total nodes: 7
[2026-07-19T04:46:58.085+0000] {graph.py:800} INFO - Total filtered nodes: 7
[2026-07-19T04:46:58.086+0000] {converter.py:361} INFO - Cosmos performance (dbt_silver_gold_incremental__transform_silver) - [e086fa01d0f5|1466]: It took 2.97s to parse the dbt project for DAG using dbt_ls_cache
[2026-07-19T04:46:58.096+0000] {converter.py:413} INFO - Cosmos performance (dbt_silver_gold_incremental__transform_silver) - [e086fa01d0f5|1466]: It took 0.0106s to build the Airflow DAG.
[2026-07-19T04:46:58.098+0000] {converter.py:420} INFO - ::endgroup::Cosmos DAG parsing logs
[2026-07-19T04:46:58.099+0000] {converter.py:314} INFO - ::group::Cosmos DAG parsing logs
[2026-07-19T04:46:58.102+0000] {graph.py:869} INFO - Trying to parse the dbt project using dbt ls cache cosmos_cache__dbt_silver_gold_incremental__transform_gold...
[2026-07-19T04:47:00.940+0000] {cache.py:383} INFO - Cosmos performance: time to calculate cache identifier cosmos_cache__dbt_silver_gold_incremental__transform_gold for current version: 2.829089582000961
[2026-07-19T04:47:00.941+0000] {graph.py:886} INFO - Cosmos performance [e086fa01d0f5|1466]: The cache size for cosmos_cache__dbt_silver_gold_incremental__transform_gold is 35986
[2026-07-19T04:47:00.943+0000] {graph.py:898} INFO - Cosmos performance: Cache hit for cosmos_cache__dbt_silver_gold_incremental__transform_gold - ccb89f537d6e9098d854bb64f1ff230b,304321e940a9403dceb380589bd0566f
[2026-07-19T04:47:00.944+0000] {graph.py:799} INFO - Total nodes: 39
[2026-07-19T04:47:00.945+0000] {graph.py:800} INFO - Total filtered nodes: 39
[2026-07-19T04:47:00.946+0000] {converter.py:361} INFO - Cosmos performance (dbt_silver_gold_incremental__transform_gold) - [e086fa01d0f5|1466]: It took 2.85s to parse the dbt project for DAG using dbt_ls_cache
[2026-07-19T04:47:00.979+0000] {converter.py:413} INFO - Cosmos performance (dbt_silver_gold_incremental__transform_gold) - [e086fa01d0f5|1466]: It took 0.0334s to build the Airflow DAG.
[2026-07-19T04:47:00.980+0000] {converter.py:420} INFO - ::endgroup::Cosmos DAG parsing logs
[2026-07-19T04:47:00.982+0000] {converter.py:314} INFO - ::group::Cosmos DAG parsing logs
[2026-07-19T04:47:00.986+0000] {graph.py:869} INFO - Trying to parse the dbt project using dbt ls cache cosmos_cache__dbt_silver_gold_full_load__transform_silver...
[2026-07-19T04:47:03.956+0000] {cache.py:383} INFO - Cosmos performance: time to calculate cache identifier cosmos_cache__dbt_silver_gold_full_load__transform_silver for current version: 2.961321267999665
[2026-07-19T04:47:03.957+0000] {graph.py:886} INFO - Cosmos performance [e086fa01d0f5|1466]: The cache size for cosmos_cache__dbt_silver_gold_full_load__transform_silver is 5960
[2026-07-19T04:47:03.958+0000] {graph.py:898} INFO - Cosmos performance: Cache hit for cosmos_cache__dbt_silver_gold_full_load__transform_silver - ccb89f537d6e9098d854bb64f1ff230b,5e34606eb5f2b3dea81a8e19fa3ba138
[2026-07-19T04:47:03.959+0000] {graph.py:799} INFO - Total nodes: 7
[2026-07-19T04:47:03.960+0000] {graph.py:800} INFO - Total filtered nodes: 7
[2026-07-19T04:47:03.961+0000] {converter.py:361} INFO - Cosmos performance (dbt_silver_gold_full_load__transform_silver) - [e086fa01d0f5|1466]: It took 2.97s to parse the dbt project for DAG using dbt_ls_cache
[2026-07-19T04:47:03.972+0000] {converter.py:413} INFO - Cosmos performance (dbt_silver_gold_full_load__transform_silver) - [e086fa01d0f5|1466]: It took 0.0117s to build the Airflow DAG.
[2026-07-19T04:47:03.974+0000] {converter.py:420} INFO - ::endgroup::Cosmos DAG parsing logs
[2026-07-19T04:47:03.975+0000] {converter.py:314} INFO - ::group::Cosmos DAG parsing logs
[2026-07-19T04:47:03.978+0000] {graph.py:869} INFO - Trying to parse the dbt project using dbt ls cache cosmos_cache__dbt_silver_gold_full_load__transform_gold...
[2026-07-19T04:47:06.926+0000] {cache.py:383} INFO - Cosmos performance: time to calculate cache identifier cosmos_cache__dbt_silver_gold_full_load__transform_gold for current version: 2.9384811149993766
[2026-07-19T04:47:06.927+0000] {graph.py:886} INFO - Cosmos performance [e086fa01d0f5|1466]: The cache size for cosmos_cache__dbt_silver_gold_full_load__transform_gold is 35986
[2026-07-19T04:47:06.929+0000] {graph.py:898} INFO - Cosmos performance: Cache hit for cosmos_cache__dbt_silver_gold_full_load__transform_gold - ccb89f537d6e9098d854bb64f1ff230b,304321e940a9403dceb380589bd0566f
[2026-07-19T04:47:06.930+0000] {graph.py:799} INFO - Total nodes: 39
[2026-07-19T04:47:06.931+0000] {graph.py:800} INFO - Total filtered nodes: 39
[2026-07-19T04:47:06.932+0000] {converter.py:361} INFO - Cosmos performance (dbt_silver_gold_full_load__transform_gold) - [e086fa01d0f5|1466]: It took 2.95s to parse the dbt project for DAG using dbt_ls_cache
[2026-07-19T04:47:06.963+0000] {converter.py:413} INFO - Cosmos performance (dbt_silver_gold_full_load__transform_gold) - [e086fa01d0f5|1466]: It took 0.0315s to build the Airflow DAG.
[2026-07-19T04:47:06.965+0000] {converter.py:420} INFO - ::endgroup::Cosmos DAG parsing logs
[2026-07-19T04:47:07.889+0000] {logging_mixin.py:190} INFO - 04:47:07  Installing dbt-labs/dbt_utils
[2026-07-19T04:47:08.534+0000] {logging_mixin.py:190} INFO - 04:47:08  Installed from version 1.3.0
[2026-07-19T04:47:08.538+0000] {logging_mixin.py:190} INFO - 04:47:08  Updated version available: 1.4.1
[2026-07-19T04:47:08.542+0000] {logging_mixin.py:190} INFO - 04:47:08  Installing metaplane/dbt_expectations
[2026-07-19T04:47:09.556+0000] {logging_mixin.py:190} INFO - 04:47:09  Installed from version 0.10.8
[2026-07-19T04:47:09.558+0000] {logging_mixin.py:190} INFO - 04:47:09  Updated version available: 0.10.10
[2026-07-19T04:47:09.561+0000] {logging_mixin.py:190} INFO - 04:47:09  Installing godatadriven/dbt_date
[2026-07-19T04:47:10.113+0000] {logging_mixin.py:190} INFO - 04:47:10  Installed from version 0.15.0
[2026-07-19T04:47:10.116+0000] {logging_mixin.py:190} INFO - 04:47:10  Up to date!
[2026-07-19T04:47:10.119+0000] {logging_mixin.py:190} INFO - 04:47:10
[2026-07-19T04:47:10.121+0000] {logging_mixin.py:190} INFO - 04:47:10  Updates available for packages: ['dbt-labs/dbt_utils', 'metaplane/dbt_expectations']                 
Update your versions in packages.yml, then run dbt deps
[2026-07-19T04:47:12.044+0000] {runner.py:95} INFO - Trying to run dbtRunner with:
 ['run', '--select', 'fqn:consumer_complaints_transformation.staging.stg__consumer_complaints', '--project-dir', '/tmp/tmpacp5bk8c', '--profiles-dir', '/opt/airflow/dbt_transform', '--profile', 'lakehouse_dbt', '--target', 'dev', '--no-static-parser']
 in /tmp/tmpacp5bk8c
[2026-07-19T04:47:12.084+0000] {logging_mixin.py:190} INFO - 04:47:12  Running with dbt=1.8.8
[2026-07-19T04:47:12.119+0000] {auth.py:343} INFO - keyring module not found. OAuth2 token will not be stored in keyring.
[2026-07-19T04:47:12.125+0000] {auth.py:343} INFO - keyring module not found. OAuth2 token will not be stored in keyring.
[2026-07-19T04:47:12.237+0000] {logging_mixin.py:190} INFO - 04:47:12  Registered adapter: trino=1.8.5
[2026-07-19T04:47:13.185+0000] {logging_mixin.py:190} INFO - 04:47:13  Found 8 models, 40 data tests, 1 source, 9 metrics, 839 macros, 5 semantic models
[2026-07-19T04:47:13.189+0000] {logging_mixin.py:190} INFO - 04:47:13
[2026-07-19T04:47:13.233+0000] {logging_mixin.py:190} INFO - 04:47:13  [WARNING]: SSL certificate validation is disabled by default. It is legacy behavior which will be changed in future releases. It is strongly advised to enable `require_certificate_validation` flag or explicitly set `cert` configuration to `True` for security reasons. You may receive an error after that if your SSL setup is incorrect.
You may opt into the new behavior sooner by setting `flags.require_certificate_validation` to `True` in `dbt_project.yml`.
Visit https://docs.getdbt.com/reference/global-configs/behavior-changes for more information.
[2026-07-19T04:47:14.520+0000] {logging_mixin.py:190} INFO - 04:47:14  Concurrency: 1 threads (target='dev')
[2026-07-19T04:47:14.522+0000] {logging_mixin.py:190} INFO - 04:47:14
[2026-07-19T04:47:14.529+0000] {logging_mixin.py:190} INFO - 04:47:14  1 of 1 START sql incremental model silver.stg__consumer_complaints ............. [RUN]
[2026-07-19T04:47:18.140+0000] {logging_mixin.py:190} INFO - 04:47:18  1 of 1 OK created sql incremental model silver.stg__consumer_complaints ........ [CREATE TABLE (48 rows) in 3.61s]
[2026-07-19T04:47:18.144+0000] {logging_mixin.py:190} INFO - 04:47:18
[2026-07-19T04:47:18.146+0000] {logging_mixin.py:190} INFO - 04:47:18  Finished running 1 incremental model in 0 hours 0 minutes and 4.95 seconds (4.95s).
[2026-07-19T04:47:18.210+0000] {logging_mixin.py:190} INFO - 04:47:18
[2026-07-19T04:47:18.212+0000] {logging_mixin.py:190} INFO - 04:47:18  Completed successfully
[2026-07-19T04:47:18.213+0000] {logging_mixin.py:190} INFO - 04:47:18
[2026-07-19T04:47:18.216+0000] {logging_mixin.py:190} INFO - 04:47:18  Done. PASS=1 WARN=0 ERROR=0 SKIP=0 TOTAL=1
[2026-07-19T04:47:19.435+0000] {local.py:196} WARNING - Artifact schema version: https://schemas.getdbt.com/dbt/manifest/v12.json is above dbt-ol supported version 7. This might cause errors.
[2026-07-19T04:47:19.442+0000] {local.py:594} INFO - Inlets: []
[2026-07-19T04:47:19.443+0000] {local.py:595} INFO - Outlets: []
[2026-07-19T04:47:19.444+0000] {local.py:886} INFO - Assigning inlets/outlets with DatasetAlias in Airflow 2
[2026-07-19T04:47:19.504+0000] {taskinstance.py:340} INFO - ::group::Post task execution logs
[2026-07-19T04:47:19.506+0000] {taskinstance.py:352} INFO - Marking task as SUCCESS. dag_id=dbt_silver_gold_incremental, task_id=transform_silver.stg__consumer_complaints.run, run_id=manual__2026-07-19T04:46:39.963985+00:00, execution_date=20260719T044639, start_date=20260719T044653, end_date=20260719T044719
[2026-07-19T04:47:20.421+0000] {_client.py:1026} INFO - HTTP Request: GET https://astronomer.gateway.scarf.sh/astronomer-cosmos/v3/task_instance?cosmos_version=1.15.0&airflow_version=2.10.2&python_version=3.10.15&platform_system=Linux&platform_machine=x86_64&status=success&operator_name=DbtRunLocalOperator&is_cosmos_operator_subclass=False&invocation_mode=dbt_runner&execution_mode=local&profile_strategy=yaml_file&profile_mapping_class=None&database=trino&is_mapped_task=False&dbt_command=run&install_deps=True&has_callback=False&duration=25.894687 "HTTP/1.1 200 OK"
[2026-07-19T04:47:20.467+0000] {local_task_job_runner.py:266} INFO - Task exited with return code 0
[2026-07-19T04:47:20.482+0000] {local_task_job_runner.py:245} INFO - ::endgroup::
