[2026-07-26T12:40:19.853+0000] {local_task_job_runner.py:123} INFO - ::group::Pre task execution logs
[2026-07-26T12:40:19.883+0000] {taskinstance.py:2612} INFO - Dependencies all met for dep_context=non-requeueable deps ti=<TaskInstance: dbt_silver_gold_incremental.transform_gold.dim_locations.run manual__2026-07-26T12:39:02.989686+00:00 [queued]>
[2026-07-26T12:40:19.901+0000] {taskinstance.py:2612} INFO - Dependencies all met for dep_context=requeueable deps ti=<TaskInstance: dbt_silver_gold_incremental.transform_gold.dim_locations.run manual__2026-07-26T12:39:02.989686+00:00 [queued]>
[2026-07-26T12:40:19.903+0000] {taskinstance.py:2865} INFO - Starting attempt 1 of 2
[2026-07-26T12:40:19.924+0000] {taskinstance.py:2888} INFO - Executing <Task(DbtRunLocalOperator): transform_gold.dim_locations.run> on 2026-07-26 12:39:02.989686+00:00
[2026-07-26T12:40:19.930+0000] {standard_task_runner.py:72} INFO - Started process 1170 to run task
[2026-07-26T12:40:19.941+0000] {standard_task_runner.py:104} INFO - Running: ['airflow', 'tasks', 'run', 'dbt_silver_gold_incremental', 'transform_gold.dim_locations.run', 'manual__2026-07-26T12:39:02.989686+00:00', '--job-id', '21', '--raw', '--subdir', 'DAGS_FOLDER/dbt_silver_gold.py', '--cfg-path', '/tmp/tmp4ll3o10y']
[2026-07-26T12:40:19.947+0000] {standard_task_runner.py:105} INFO - Job 21: Subtask transform_gold.dim_locations.run
[2026-07-26T12:40:20.083+0000] {task_command.py:467} INFO - Running <TaskInstance: dbt_silver_gold_incremental.transform_gold.dim_locations.run manual__2026-07-26T12:39:02.989686+00:00 [running]> on host a0b459f8cde6
[2026-07-26T12:40:20.221+0000] {taskinstance.py:3131} INFO - Exporting env vars: AIRFLOW_CTX_DAG_OWNER='data_engineer' AIRFLOW_CTX_DAG_ID='dbt_silver_gold_incremental' AIRFLOW_CTX_TASK_ID='transform_gold.dim_locations.run' AIRFLOW_CTX_EXECUTION_DATE='2026-07-26T12:39:02.989686+00:00' AIRFLOW_CTX_TRY_NUMBER='1' AIRFLOW_CTX_DAG_RUN_ID='manual__2026-07-26T12:39:02.989686+00:00'
[2026-07-26T12:40:20.223+0000] {taskinstance.py:731} INFO - ::endgroup::
[2026-07-26T12:40:22.251+0000] {local.py:294} INFO - dbtRunner is available. Using dbtRunner for invoking dbt.
[2026-07-26T12:40:22.253+0000] {local.py:518} INFO - Cloning project to writable temp directory /tmp/tmph5x_tu79 from /opt/airflow/dbt_transform
[2026-07-26T12:40:22.263+0000] {local.py:538} INFO - Partial parse is enabled and the latest partial parse file is /tmp/cosmos/dbt_silver_gold_incremental__transform_gold/target/partial_parse.msgpack
[2026-07-26T12:40:22.286+0000] {config.py:395} INFO - Using user-supplied profiles.yml at /opt/airflow/dbt_transform/profiles.yml
[2026-07-26T12:40:22.299+0000] {runner.py:95} INFO - Trying to run dbtRunner with:
 ['deps', '--project-dir', '/tmp/tmph5x_tu79', '--profiles-dir', '/opt/airflow/dbt_transform', '--profile', 'lakehouse_dbt', '--target', 'dev', '--no-static-parser']
 in /tmp/tmph5x_tu79
[2026-07-26T12:40:22.385+0000] {logging_mixin.py:190} INFO - 12:40:22  Running with dbt=1.8.8
[2026-07-26T12:40:22.750+0000] {converter.py:314} INFO - ::group::Cosmos DAG parsing logs
[2026-07-26T12:40:22.753+0000] {graph.py:869} INFO - Trying to parse the dbt project using dbt ls cache cosmos_cache__dbt_silver_gold_incremental__transform_silver...
[2026-07-26T12:40:25.157+0000] {cache.py:383} INFO - Cosmos performance: time to calculate cache identifier cosmos_cache__dbt_silver_gold_incremental__transform_silver for current version: 2.3801788690000194
[2026-07-26T12:40:25.159+0000] {graph.py:886} INFO - Cosmos performance [a0b459f8cde6|1170]: The cache size for cosmos_cache__dbt_silver_gold_incremental__transform_silver is 6096
[2026-07-26T12:40:25.161+0000] {graph.py:898} INFO - Cosmos performance: Cache hit for cosmos_cache__dbt_silver_gold_incremental__transform_silver - b77642bd56914c9e2d6bfa2744b61b7c,5e34606eb5f2b3dea81a8e19fa3ba138
[2026-07-26T12:40:25.162+0000] {graph.py:799} INFO - Total nodes: 7
[2026-07-26T12:40:25.163+0000] {graph.py:800} INFO - Total filtered nodes: 7
[2026-07-26T12:40:25.164+0000] {converter.py:361} INFO - Cosmos performance (dbt_silver_gold_incremental__transform_silver) - [a0b459f8cde6|1170]: It took 2.41s to parse the dbt project for DAG using dbt_ls_cache
[2026-07-26T12:40:25.176+0000] {converter.py:413} INFO - Cosmos performance (dbt_silver_gold_incremental__transform_silver) - [a0b459f8cde6|1170]: It took 0.012s to build the Airflow DAG.
[2026-07-26T12:40:25.177+0000] {converter.py:420} INFO - ::endgroup::Cosmos DAG parsing logs
[2026-07-26T12:40:25.179+0000] {converter.py:314} INFO - ::group::Cosmos DAG parsing logs
[2026-07-26T12:40:25.183+0000] {graph.py:869} INFO - Trying to parse the dbt project using dbt ls cache cosmos_cache__dbt_silver_gold_incremental__transform_gold...
[2026-07-26T12:40:27.571+0000] {cache.py:383} INFO - Cosmos performance: time to calculate cache identifier cosmos_cache__dbt_silver_gold_incremental__transform_gold for current version: 2.3774608559999706
[2026-07-26T12:40:27.573+0000] {graph.py:886} INFO - Cosmos performance [a0b459f8cde6|1170]: The cache size for cosmos_cache__dbt_silver_gold_incremental__transform_gold is 35980
[2026-07-26T12:40:27.576+0000] {graph.py:898} INFO - Cosmos performance: Cache hit for cosmos_cache__dbt_silver_gold_incremental__transform_gold - b77642bd56914c9e2d6bfa2744b61b7c,304321e940a9403dceb380589bd0566f
[2026-07-26T12:40:27.577+0000] {graph.py:799} INFO - Total nodes: 39
[2026-07-26T12:40:27.578+0000] {graph.py:800} INFO - Total filtered nodes: 39
[2026-07-26T12:40:27.580+0000] {converter.py:361} INFO - Cosmos performance (dbt_silver_gold_incremental__transform_gold) - [a0b459f8cde6|1170]: It took 2.4s to parse the dbt project for DAG using dbt_ls_cache
[2026-07-26T12:40:27.607+0000] {converter.py:413} INFO - Cosmos performance (dbt_silver_gold_incremental__transform_gold) - [a0b459f8cde6|1170]: It took 0.0276s to build the Airflow DAG.
[2026-07-26T12:40:27.609+0000] {converter.py:420} INFO - ::endgroup::Cosmos DAG parsing logs
[2026-07-26T12:40:27.611+0000] {converter.py:314} INFO - ::group::Cosmos DAG parsing logs
[2026-07-26T12:40:27.615+0000] {graph.py:869} INFO - Trying to parse the dbt project using dbt ls cache cosmos_cache__dbt_silver_gold_full_load__transform_silver...
[2026-07-26T12:40:30.084+0000] {cache.py:383} INFO - Cosmos performance: time to calculate cache identifier cosmos_cache__dbt_silver_gold_full_load__transform_silver for current version: 2.4535231039999417
[2026-07-26T12:40:30.086+0000] {graph.py:886} INFO - Cosmos performance [a0b459f8cde6|1170]: The cache size for cosmos_cache__dbt_silver_gold_full_load__transform_silver is 6096
[2026-07-26T12:40:30.089+0000] {graph.py:898} INFO - Cosmos performance: Cache hit for cosmos_cache__dbt_silver_gold_full_load__transform_silver - b77642bd56914c9e2d6bfa2744b61b7c,5e34606eb5f2b3dea81a8e19fa3ba138
[2026-07-26T12:40:30.095+0000] {graph.py:799} INFO - Total nodes: 7
[2026-07-26T12:40:30.097+0000] {graph.py:800} INFO - Total filtered nodes: 7
[2026-07-26T12:40:30.099+0000] {converter.py:361} INFO - Cosmos performance (dbt_silver_gold_full_load__transform_silver) - [a0b459f8cde6|1170]: It took 2.48s to parse the dbt project for DAG using dbt_ls_cache
[2026-07-26T12:40:30.108+0000] {converter.py:413} INFO - Cosmos performance (dbt_silver_gold_full_load__transform_silver) - [a0b459f8cde6|1170]: It took 0.00933s to build the Airflow DAG.
[2026-07-26T12:40:30.110+0000] {converter.py:420} INFO - ::endgroup::Cosmos DAG parsing logs
[2026-07-26T12:40:30.113+0000] {converter.py:314} INFO - ::group::Cosmos DAG parsing logs
[2026-07-26T12:40:30.117+0000] {graph.py:869} INFO - Trying to parse the dbt project using dbt ls cache cosmos_cache__dbt_silver_gold_full_load__transform_gold...
[2026-07-26T12:40:32.561+0000] {cache.py:383} INFO - Cosmos performance: time to calculate cache identifier cosmos_cache__dbt_silver_gold_full_load__transform_gold for current version: 2.424762476000069
[2026-07-26T12:40:32.562+0000] {graph.py:886} INFO - Cosmos performance [a0b459f8cde6|1170]: The cache size for cosmos_cache__dbt_silver_gold_full_load__transform_gold is 35980
[2026-07-26T12:40:32.565+0000] {graph.py:898} INFO - Cosmos performance: Cache hit for cosmos_cache__dbt_silver_gold_full_load__transform_gold - b77642bd56914c9e2d6bfa2744b61b7c,304321e940a9403dceb380589bd0566f
[2026-07-26T12:40:32.566+0000] {graph.py:799} INFO - Total nodes: 39
[2026-07-26T12:40:32.567+0000] {graph.py:800} INFO - Total filtered nodes: 39
[2026-07-26T12:40:32.569+0000] {converter.py:361} INFO - Cosmos performance (dbt_silver_gold_full_load__transform_gold) - [a0b459f8cde6|1170]: It took 2.45s to parse the dbt project for DAG using dbt_ls_cache
[2026-07-26T12:40:32.598+0000] {converter.py:413} INFO - Cosmos performance (dbt_silver_gold_full_load__transform_gold) - [a0b459f8cde6|1170]: It took 0.0293s to build the Airflow DAG.
[2026-07-26T12:40:32.600+0000] {converter.py:420} INFO - ::endgroup::Cosmos DAG parsing logs
[2026-07-26T12:40:33.155+0000] {logging_mixin.py:190} INFO - 12:40:33  Installing dbt-labs/dbt_utils
[2026-07-26T12:40:33.708+0000] {logging_mixin.py:190} INFO - 12:40:33  Installed from version 1.3.0
[2026-07-26T12:40:33.711+0000] {logging_mixin.py:190} INFO - 12:40:33  Updated version available: 1.4.1
[2026-07-26T12:40:33.713+0000] {logging_mixin.py:190} INFO - 12:40:33  Installing metaplane/dbt_expectations
[2026-07-26T12:40:34.673+0000] {logging_mixin.py:190} INFO - 12:40:34  Installed from version 0.10.8
[2026-07-26T12:40:34.675+0000] {logging_mixin.py:190} INFO - 12:40:34  Updated version available: 0.10.10
[2026-07-26T12:40:34.679+0000] {logging_mixin.py:190} INFO - 12:40:34  Installing godatadriven/dbt_date
[2026-07-26T12:40:35.254+0000] {logging_mixin.py:190} INFO - 12:40:35  Installed from version 0.15.0
[2026-07-26T12:40:35.255+0000] {logging_mixin.py:190} INFO - 12:40:35  Up to date!
[2026-07-26T12:40:35.257+0000] {logging_mixin.py:190} INFO - 12:40:35
[2026-07-26T12:40:35.258+0000] {logging_mixin.py:190} INFO - 12:40:35  Updates available for packages: ['dbt-labs/dbt_utils', 'metaplane/dbt_expectations']                 
Update your versions in packages.yml, then run dbt deps
[2026-07-26T12:40:36.447+0000] {runner.py:95} INFO - Trying to run dbtRunner with:
 ['run', '--select', 'fqn:consumer_complaints_transformation.marts.dim_locations', '--project-dir', '/tmp/tmph5x_tu79', '--profiles-dir', '/opt/airflow/dbt_transform', '--profile', 'lakehouse_dbt', '--target', 'dev', '--no-static-parser']
 in /tmp/tmph5x_tu79
[2026-07-26T12:40:36.471+0000] {logging_mixin.py:190} INFO - 12:40:36  Running with dbt=1.8.8
[2026-07-26T12:40:36.502+0000] {auth.py:343} INFO - keyring module not found. OAuth2 token will not be stored in keyring.
[2026-07-26T12:40:36.505+0000] {auth.py:343} INFO - keyring module not found. OAuth2 token will not be stored in keyring.
[2026-07-26T12:40:36.634+0000] {logging_mixin.py:190} INFO - 12:40:36  Registered adapter: trino=1.8.5
[2026-07-26T12:40:37.235+0000] {logging_mixin.py:190} INFO - 12:40:37  Unable to do partial parsing because config vars, config profile, or config target have changed
[2026-07-26T12:40:39.836+0000] {logging_mixin.py:190} INFO - 12:40:39  [WARNING]: Deprecated functionality
The `tests` config has been renamed to `data_tests`. Please see
https://docs.getdbt.com/docs/build/data-tests#new-data_tests-syntax for more
information.
[2026-07-26T12:40:41.309+0000] {logging_mixin.py:190} INFO - 12:40:41  Found 8 models, 40 data tests, 1 source, 9 metrics, 839 macros, 5 semantic models
[2026-07-26T12:40:41.315+0000] {logging_mixin.py:190} INFO - 12:40:41
[2026-07-26T12:40:41.361+0000] {logging_mixin.py:190} INFO - 12:40:41  [WARNING]: SSL certificate validation is disabled by default. It is legacy behavior which will be changed in future releases. It is strongly advised to enable `require_certificate_validation` flag or explicitly set `cert` configuration to `True` for security reasons. You may receive an error after that if your SSL setup is incorrect.
You may opt into the new behavior sooner by setting `flags.require_certificate_validation` to `True` in `dbt_project.yml`.
Visit https://docs.getdbt.com/reference/global-configs/behavior-changes for more information.
[2026-07-26T12:40:42.423+0000] {logging_mixin.py:190} INFO - 12:40:42  Concurrency: 1 threads (target='dev')
[2026-07-26T12:40:42.426+0000] {logging_mixin.py:190} INFO - 12:40:42
[2026-07-26T12:40:42.448+0000] {logging_mixin.py:190} INFO - 12:40:42  1 of 1 START sql incremental model gold.dim_locations .......................... [RUN]
[2026-07-26T12:40:44.719+0000] {logging_mixin.py:190} INFO - 12:40:44  1 of 1 OK created sql incremental model gold.dim_locations ..................... [CREATE TABLE (37 rows) in 2.26s]
[2026-07-26T12:40:44.743+0000] {logging_mixin.py:190} INFO - 12:40:44
[2026-07-26T12:40:44.747+0000] {logging_mixin.py:190} INFO - 12:40:44  Finished running 1 incremental model in 0 hours 0 minutes and 3.43 seconds (3.43s).
[2026-07-26T12:40:44.929+0000] {logging_mixin.py:190} INFO - 12:40:44
[2026-07-26T12:40:44.936+0000] {logging_mixin.py:190} INFO - 12:40:44  Completed successfully
[2026-07-26T12:40:44.940+0000] {logging_mixin.py:190} INFO - 12:40:44
[2026-07-26T12:40:44.946+0000] {logging_mixin.py:190} INFO - 12:40:44  Done. PASS=1 WARN=0 ERROR=0 SKIP=0 TOTAL=1
[2026-07-26T12:40:47.104+0000] {local.py:196} WARNING - Artifact schema version: https://schemas.getdbt.com/dbt/manifest/v12.json is above dbt-ol supported version 7. This might cause errors.
[2026-07-26T12:40:47.111+0000] {local.py:594} INFO - Inlets: []
[2026-07-26T12:40:47.112+0000] {local.py:595} INFO - Outlets: []
[2026-07-26T12:40:47.113+0000] {local.py:886} INFO - Assigning inlets/outlets with DatasetAlias in Airflow 2
[2026-07-26T12:40:47.171+0000] {taskinstance.py:340} INFO - ::group::Post task execution logs
[2026-07-26T12:40:47.172+0000] {taskinstance.py:352} INFO - Marking task as SUCCESS. dag_id=dbt_silver_gold_incremental, task_id=transform_gold.dim_locations.run, run_id=manual__2026-07-26T12:39:02.989686+00:00, execution_date=20260726T123902, start_date=20260726T124019, end_date=20260726T124047
[2026-07-26T12:40:47.864+0000] {_client.py:1026} INFO - HTTP Request: GET https://astronomer.gateway.scarf.sh/astronomer-cosmos/v3/task_instance?cosmos_version=1.15.0&airflow_version=2.10.2&python_version=3.10.15&platform_system=Linux&platform_machine=x86_64&status=success&operator_name=DbtRunLocalOperator&is_cosmos_operator_subclass=False&invocation_mode=dbt_runner&execution_mode=local&profile_strategy=yaml_file&profile_mapping_class=None&database=trino&is_mapped_task=False&dbt_command=run&install_deps=True&has_callback=False&duration=27.285468 "HTTP/1.1 200 OK"
[2026-07-26T12:40:47.896+0000] {local_task_job_runner.py:266} INFO - Task exited with return code 0
[2026-07-26T12:40:47.920+0000] {taskinstance.py:3900} INFO - 0 downstream tasks scheduled from follow-on schedule check
[2026-07-26T12:40:47.923+0000] {local_task_job_runner.py:245} INFO - ::endgroup::
