[2026-07-15T03:06:56.348+0000] {local_task_job_runner.py:123} INFO - ::group::Pre task execution logs
[2026-07-15T03:06:56.377+0000] {taskinstance.py:2612} INFO - Dependencies all met for dep_context=non-requeueable deps ti=<TaskInstance: dbt_silver_gold_incremental.transform_gold.dim_companies.run manual__2026-07-15T02:37:53.942365+00:00 [queued]>
[2026-07-15T03:06:56.390+0000] {taskinstance.py:2612} INFO - Dependencies all met for dep_context=requeueable deps ti=<TaskInstance: dbt_silver_gold_incremental.transform_gold.dim_companies.run manual__2026-07-15T02:37:53.942365+00:00 [queued]>
[2026-07-15T03:06:56.391+0000] {taskinstance.py:2865} INFO - Starting attempt 3 of 4
[2026-07-15T03:06:56.410+0000] {taskinstance.py:2888} INFO - Executing <Task(DbtRunLocalOperator): transform_gold.dim_companies.run> on 2026-07-15 02:37:53.942365+00:00
[2026-07-15T03:06:56.419+0000] {standard_task_runner.py:72} INFO - Started process 11297 to run task
[2026-07-15T03:06:56.425+0000] {standard_task_runner.py:104} INFO - Running: ['airflow', 'tasks', 'run', 'dbt_silver_gold_incremental', 'transform_gold.dim_companies.run', 'manual__2026-07-15T02:37:53.942365+00:00', '--job-id', '62', '--raw', '--subdir', 'DAGS_FOLDER/dbt_silver_gold.py', '--cfg-path', '/tmp/tmpwvmzto2x']
[2026-07-15T03:06:56.432+0000] {standard_task_runner.py:105} INFO - Job 62: Subtask transform_gold.dim_companies.run
[2026-07-15T03:06:56.529+0000] {task_command.py:467} INFO - Running <TaskInstance: dbt_silver_gold_incremental.transform_gold.dim_companies.run manual__2026-07-15T02:37:53.942365+00:00 [running]> on host 46914d9ee5b9
[2026-07-15T03:06:56.642+0000] {taskinstance.py:3131} INFO - Exporting env vars: AIRFLOW_CTX_DAG_OWNER='data_engineer' AIRFLOW_CTX_DAG_ID='dbt_silver_gold_incremental' AIRFLOW_CTX_TASK_ID='transform_gold.dim_companies.run' AIRFLOW_CTX_EXECUTION_DATE='2026-07-15T02:37:53.942365+00:00' AIRFLOW_CTX_TRY_NUMBER='3' AIRFLOW_CTX_DAG_RUN_ID='manual__2026-07-15T02:37:53.942365+00:00'
[2026-07-15T03:06:56.644+0000] {taskinstance.py:731} INFO - ::endgroup::
[2026-07-15T03:06:58.215+0000] {local.py:294} INFO - dbtRunner is available. Using dbtRunner for invoking dbt.
[2026-07-15T03:06:58.217+0000] {local.py:518} INFO - Cloning project to writable temp directory /tmp/tmph9i6oyv8 from /opt/airflow/dbt_transform
[2026-07-15T03:06:58.228+0000] {local.py:538} INFO - Partial parse is enabled and the latest partial parse file is /tmp/cosmos/dbt_silver_gold_incremental__transform_gold/target/partial_parse.msgpack
[2026-07-15T03:06:58.243+0000] {config.py:395} INFO - Using user-supplied profiles.yml at /opt/airflow/dbt_transform/profiles.yml
[2026-07-15T03:06:58.258+0000] {runner.py:95} INFO - Trying to run dbtRunner with:
 ['deps', '--project-dir', '/tmp/tmph9i6oyv8', '--profiles-dir', '/opt/airflow/dbt_transform', '--profile', 'lakehouse_dbt', '--target', 'dev', '--no-static-parser']
 in /tmp/tmph9i6oyv8
[2026-07-15T03:06:58.353+0000] {logging_mixin.py:190} INFO - 03:06:58  Running with dbt=1.8.8
[2026-07-15T03:06:58.514+0000] {converter.py:314} INFO - ::group::Cosmos DAG parsing logs
[2026-07-15T03:06:58.518+0000] {graph.py:869} INFO - Trying to parse the dbt project using dbt ls cache cosmos_cache__dbt_silver_gold_incremental__transform_silver...
[2026-07-15T03:07:00.420+0000] {cache.py:383} INFO - Cosmos performance: time to calculate cache identifier cosmos_cache__dbt_silver_gold_incremental__transform_silver for current version: 1.8874205850006547
[2026-07-15T03:07:00.421+0000] {graph.py:886} INFO - Cosmos performance [46914d9ee5b9|11297]: The cache size for cosmos_cache__dbt_silver_gold_incremental__transform_silver is 5960
[2026-07-15T03:07:00.423+0000] {graph.py:898} INFO - Cosmos performance: Cache hit for cosmos_cache__dbt_silver_gold_incremental__transform_silver - 8dcc078b1dfa9dffbe5c77c325890f8f,5e34606eb5f2b3dea81a8e19fa3ba138
[2026-07-15T03:07:00.425+0000] {graph.py:799} INFO - Total nodes: 7
[2026-07-15T03:07:00.426+0000] {graph.py:800} INFO - Total filtered nodes: 7
[2026-07-15T03:07:00.428+0000] {converter.py:361} INFO - Cosmos performance (dbt_silver_gold_incremental__transform_silver) - [46914d9ee5b9|11297]: It took 1.91s to parse the dbt project for DAG using dbt_ls_cache
[2026-07-15T03:07:00.441+0000] {converter.py:413} INFO - Cosmos performance (dbt_silver_gold_incremental__transform_silver) - [46914d9ee5b9|11297]: It took 0.0133s to build the Airflow DAG.
[2026-07-15T03:07:00.442+0000] {converter.py:420} INFO - ::endgroup::Cosmos DAG parsing logs
[2026-07-15T03:07:00.444+0000] {converter.py:314} INFO - ::group::Cosmos DAG parsing logs
[2026-07-15T03:07:00.448+0000] {graph.py:869} INFO - Trying to parse the dbt project using dbt ls cache cosmos_cache__dbt_silver_gold_incremental__transform_gold...
[2026-07-15T03:07:02.408+0000] {cache.py:383} INFO - Cosmos performance: time to calculate cache identifier cosmos_cache__dbt_silver_gold_incremental__transform_gold for current version: 1.9430151550004666
[2026-07-15T03:07:02.410+0000] {graph.py:886} INFO - Cosmos performance [46914d9ee5b9|11297]: The cache size for cosmos_cache__dbt_silver_gold_incremental__transform_gold is 35989
[2026-07-15T03:07:02.413+0000] {graph.py:898} INFO - Cosmos performance: Cache hit for cosmos_cache__dbt_silver_gold_incremental__transform_gold - 8dcc078b1dfa9dffbe5c77c325890f8f,304321e940a9403dceb380589bd0566f
[2026-07-15T03:07:02.414+0000] {graph.py:799} INFO - Total nodes: 39
[2026-07-15T03:07:02.415+0000] {graph.py:800} INFO - Total filtered nodes: 39
[2026-07-15T03:07:02.417+0000] {converter.py:361} INFO - Cosmos performance (dbt_silver_gold_incremental__transform_gold) - [46914d9ee5b9|11297]: It took 1.97s to parse the dbt project for DAG using dbt_ls_cache
[2026-07-15T03:07:02.449+0000] {converter.py:413} INFO - Cosmos performance (dbt_silver_gold_incremental__transform_gold) - [46914d9ee5b9|11297]: It took 0.0322s to build the Airflow DAG.
[2026-07-15T03:07:02.450+0000] {converter.py:420} INFO - ::endgroup::Cosmos DAG parsing logs
[2026-07-15T03:07:02.453+0000] {converter.py:314} INFO - ::group::Cosmos DAG parsing logs
[2026-07-15T03:07:02.458+0000] {graph.py:869} INFO - Trying to parse the dbt project using dbt ls cache cosmos_cache__dbt_silver_gold_full_load__transform_silver...
[2026-07-15T03:07:06.076+0000] {cache.py:383} INFO - Cosmos performance: time to calculate cache identifier cosmos_cache__dbt_silver_gold_full_load__transform_silver for current version: 3.6001100710000173
[2026-07-15T03:07:06.078+0000] {graph.py:886} INFO - Cosmos performance [46914d9ee5b9|11297]: The cache size for cosmos_cache__dbt_silver_gold_full_load__transform_silver is 5960
[2026-07-15T03:07:06.079+0000] {graph.py:898} INFO - Cosmos performance: Cache hit for cosmos_cache__dbt_silver_gold_full_load__transform_silver - 8dcc078b1dfa9dffbe5c77c325890f8f,5e34606eb5f2b3dea81a8e19fa3ba138
[2026-07-15T03:07:06.081+0000] {graph.py:799} INFO - Total nodes: 7
[2026-07-15T03:07:06.082+0000] {graph.py:800} INFO - Total filtered nodes: 7
[2026-07-15T03:07:06.084+0000] {converter.py:361} INFO - Cosmos performance (dbt_silver_gold_full_load__transform_silver) - [46914d9ee5b9|11297]: It took 3.63s to parse the dbt project for DAG using dbt_ls_cache
[2026-07-15T03:07:06.098+0000] {converter.py:413} INFO - Cosmos performance (dbt_silver_gold_full_load__transform_silver) - [46914d9ee5b9|11297]: It took 0.0141s to build the Airflow DAG.
[2026-07-15T03:07:06.099+0000] {converter.py:420} INFO - ::endgroup::Cosmos DAG parsing logs
[2026-07-15T03:07:06.100+0000] {converter.py:314} INFO - ::group::Cosmos DAG parsing logs
[2026-07-15T03:07:06.105+0000] {graph.py:869} INFO - Trying to parse the dbt project using dbt ls cache cosmos_cache__dbt_silver_gold_full_load__transform_gold...
[2026-07-15T03:07:09.066+0000] {cache.py:383} INFO - Cosmos performance: time to calculate cache identifier cosmos_cache__dbt_silver_gold_full_load__transform_gold for current version: 2.950418004000312
[2026-07-15T03:07:09.067+0000] {graph.py:886} INFO - Cosmos performance [46914d9ee5b9|11297]: The cache size for cosmos_cache__dbt_silver_gold_full_load__transform_gold is 35989
[2026-07-15T03:07:09.068+0000] {graph.py:898} INFO - Cosmos performance: Cache hit for cosmos_cache__dbt_silver_gold_full_load__transform_gold - 8dcc078b1dfa9dffbe5c77c325890f8f,304321e940a9403dceb380589bd0566f
[2026-07-15T03:07:09.070+0000] {graph.py:799} INFO - Total nodes: 39
[2026-07-15T03:07:09.070+0000] {graph.py:800} INFO - Total filtered nodes: 39
[2026-07-15T03:07:09.071+0000] {converter.py:361} INFO - Cosmos performance (dbt_silver_gold_full_load__transform_gold) - [46914d9ee5b9|11297]: It took 2.97s to parse the dbt project for DAG using dbt_ls_cache
[2026-07-15T03:07:09.102+0000] {converter.py:413} INFO - Cosmos performance (dbt_silver_gold_full_load__transform_gold) - [46914d9ee5b9|11297]: It took 0.0303s to build the Airflow DAG.
[2026-07-15T03:07:09.103+0000] {converter.py:420} INFO - ::endgroup::Cosmos DAG parsing logs
[2026-07-15T03:07:09.524+0000] {logging_mixin.py:190} INFO - 03:07:09  Installing dbt-labs/dbt_utils
[2026-07-15T03:07:10.052+0000] {logging_mixin.py:190} INFO - 03:07:10  Installed from version 1.3.0
[2026-07-15T03:07:10.054+0000] {logging_mixin.py:190} INFO - 03:07:10  Updated version available: 1.4.1
[2026-07-15T03:07:10.057+0000] {logging_mixin.py:190} INFO - 03:07:10  Installing metaplane/dbt_expectations
[2026-07-15T03:07:11.063+0000] {logging_mixin.py:190} INFO - 03:07:11  Installed from version 0.10.8
[2026-07-15T03:07:11.066+0000] {logging_mixin.py:190} INFO - 03:07:11  Updated version available: 0.10.10
[2026-07-15T03:07:11.069+0000] {logging_mixin.py:190} INFO - 03:07:11  Installing godatadriven/dbt_date
[2026-07-15T03:07:11.661+0000] {logging_mixin.py:190} INFO - 03:07:11  Installed from version 0.15.0
[2026-07-15T03:07:11.666+0000] {logging_mixin.py:190} INFO - 03:07:11  Up to date!
[2026-07-15T03:07:11.670+0000] {logging_mixin.py:190} INFO - 03:07:11
[2026-07-15T03:07:11.673+0000] {logging_mixin.py:190} INFO - 03:07:11  Updates available for packages: ['dbt-labs/dbt_utils', 'metaplane/dbt_expectations']                 
Update your versions in packages.yml, then run dbt deps
[2026-07-15T03:07:12.847+0000] {runner.py:95} INFO - Trying to run dbtRunner with:
 ['run', '--select', 'fqn:consumer_complaints_transformation.marts.dim_companies', '--project-dir', '/tmp/tmph9i6oyv8', '--profiles-dir', '/opt/airflow/dbt_transform', '--profile', 'lakehouse_dbt', '--target', 'dev', '--no-static-parser']
 in /tmp/tmph9i6oyv8
[2026-07-15T03:07:12.883+0000] {logging_mixin.py:190} INFO - 03:07:12  Running with dbt=1.8.8
[2026-07-15T03:07:12.943+0000] {auth.py:343} INFO - keyring module not found. OAuth2 token will not be stored in keyring.
[2026-07-15T03:07:12.951+0000] {auth.py:343} INFO - keyring module not found. OAuth2 token will not be stored in keyring.
[2026-07-15T03:07:13.265+0000] {logging_mixin.py:190} INFO - 03:07:13  Registered adapter: trino=1.8.5
[2026-07-15T03:07:17.139+0000] {logging_mixin.py:190} INFO - 03:07:17  [WARNING]: Deprecated functionality
The `tests` config has been renamed to `data_tests`. Please see
https://docs.getdbt.com/docs/build/data-tests#new-data_tests-syntax for more
information.
[2026-07-15T03:07:18.544+0000] {logging_mixin.py:190} INFO - 03:07:18  Found 8 models, 40 data tests, 1 source, 9 metrics, 838 macros, 5 semantic models
[2026-07-15T03:07:18.561+0000] {logging_mixin.py:190} INFO - 03:07:18
[2026-07-15T03:07:18.727+0000] {logging_mixin.py:190} INFO - 03:07:18  [WARNING]: SSL certificate validation is disabled by default. It is legacy behavior which will be changed in future releases. It is strongly advised to enable `require_certificate_validation` flag or explicitly set `cert` configuration to `True` for security reasons. You may receive an error after that if your SSL setup is incorrect.
You may opt into the new behavior sooner by setting `flags.require_certificate_validation` to `True` in `dbt_project.yml`.
Visit https://docs.getdbt.com/reference/global-configs/behavior-changes for more information.
[2026-07-15T03:07:19.349+0000] {logging_mixin.py:190} INFO - 03:07:19  Concurrency: 4 threads (target='dev')
[2026-07-15T03:07:19.352+0000] {logging_mixin.py:190} INFO - 03:07:19
[2026-07-15T03:07:19.364+0000] {logging_mixin.py:190} INFO - 03:07:19  1 of 1 START sql incremental model gold.dim_companies .......................... [RUN]
[2026-07-15T03:07:22.675+0000] {logging_mixin.py:190} INFO - 03:07:22  1 of 1 OK created sql incremental model gold.dim_companies ..................... [INSERT (3 rows) in 3.30s]
[2026-07-15T03:07:22.684+0000] {logging_mixin.py:190} INFO - 03:07:22
[2026-07-15T03:07:22.690+0000] {logging_mixin.py:190} INFO - 03:07:22  Finished running 1 incremental model in 0 hours 0 minutes and 4.12 seconds (4.12s).
[2026-07-15T03:07:23.080+0000] {logging_mixin.py:190} INFO - 03:07:23
[2026-07-15T03:07:23.084+0000] {logging_mixin.py:190} INFO - 03:07:23  Completed successfully
[2026-07-15T03:07:23.088+0000] {logging_mixin.py:190} INFO - 03:07:23
[2026-07-15T03:07:23.091+0000] {logging_mixin.py:190} INFO - 03:07:23  Done. PASS=1 WARN=0 ERROR=0 SKIP=0 TOTAL=1
[2026-07-15T03:07:24.500+0000] {local.py:196} WARNING - Artifact schema version: https://schemas.getdbt.com/dbt/manifest/v12.json is above dbt-ol supported version 7. This might cause errors.
[2026-07-15T03:07:24.516+0000] {local.py:594} INFO - Inlets: []
[2026-07-15T03:07:24.519+0000] {local.py:595} INFO - Outlets: []
[2026-07-15T03:07:24.523+0000] {local.py:886} INFO - Assigning inlets/outlets with DatasetAlias in Airflow 2
[2026-07-15T03:07:24.686+0000] {taskinstance.py:340} INFO - ::group::Post task execution logs
[2026-07-15T03:07:24.689+0000] {taskinstance.py:352} INFO - Marking task as SUCCESS. dag_id=dbt_silver_gold_incremental, task_id=transform_gold.dim_companies.run, run_id=manual__2026-07-15T02:37:53.942365+00:00, execution_date=20260715T023753, start_date=20260715T030656, end_date=20260715T030724
[2026-07-15T03:07:25.523+0000] {_client.py:1026} INFO - HTTP Request: GET https://astronomer.gateway.scarf.sh/astronomer-cosmos/v3/task_instance?cosmos_version=1.15.0&airflow_version=2.10.2&python_version=3.10.15&platform_system=Linux&platform_machine=x86_64&status=success&operator_name=DbtRunLocalOperator&is_cosmos_operator_subclass=False&invocation_mode=dbt_runner&execution_mode=local&profile_strategy=yaml_file&profile_mapping_class=None&database=trino&is_mapped_task=False&dbt_command=run&install_deps=True&has_callback=False&duration=28.310379 "HTTP/1.1 200 OK"
[2026-07-15T03:07:25.585+0000] {local_task_job_runner.py:266} INFO - Task exited with return code 0
[2026-07-15T03:07:25.646+0000] {taskinstance.py:3900} INFO - 0 downstream tasks scheduled from follow-on schedule check
[2026-07-15T03:07:25.654+0000] {local_task_job_runner.py:245} INFO - ::endgroup::
