[2026-07-15T02:13:32.312+0000] {local_task_job_runner.py:123} INFO - ::group::Pre task execution logs
[2026-07-15T02:13:32.337+0000] {taskinstance.py:2612} INFO - Dependencies all met for dep_context=non-requeueable deps ti=<TaskInstance: dbt_silver_gold_incremental.transform_gold.dim_locations.run manual__2026-07-15T02:08:48.351263+00:00 [queued]>
[2026-07-15T02:13:32.350+0000] {taskinstance.py:2612} INFO - Dependencies all met for dep_context=requeueable deps ti=<TaskInstance: dbt_silver_gold_incremental.transform_gold.dim_locations.run manual__2026-07-15T02:08:48.351263+00:00 [queued]>
[2026-07-15T02:13:32.351+0000] {taskinstance.py:2865} INFO - Starting attempt 2 of 2
[2026-07-15T02:13:32.368+0000] {taskinstance.py:2888} INFO - Executing <Task(DbtRunLocalOperator): transform_gold.dim_locations.run> on 2026-07-15 02:08:48.351263+00:00
[2026-07-15T02:13:32.375+0000] {standard_task_runner.py:72} INFO - Started process 4760 to run task
[2026-07-15T02:13:32.379+0000] {standard_task_runner.py:104} INFO - Running: ['airflow', 'tasks', 'run', 'dbt_silver_gold_incremental', 'transform_gold.dim_locations.run', 'manual__2026-07-15T02:08:48.351263+00:00', '--job-id', '35', '--raw', '--subdir', 'DAGS_FOLDER/dbt_silver_gold.py', '--cfg-path', '/tmp/tmpoy_r5a6x']
[2026-07-15T02:13:32.384+0000] {standard_task_runner.py:105} INFO - Job 35: Subtask transform_gold.dim_locations.run
[2026-07-15T02:13:32.482+0000] {task_command.py:467} INFO - Running <TaskInstance: dbt_silver_gold_incremental.transform_gold.dim_locations.run manual__2026-07-15T02:08:48.351263+00:00 [running]> on host 46914d9ee5b9
[2026-07-15T02:13:32.589+0000] {taskinstance.py:3131} INFO - Exporting env vars: AIRFLOW_CTX_DAG_OWNER='data_engineer' AIRFLOW_CTX_DAG_ID='dbt_silver_gold_incremental' AIRFLOW_CTX_TASK_ID='transform_gold.dim_locations.run' AIRFLOW_CTX_EXECUTION_DATE='2026-07-15T02:08:48.351263+00:00' AIRFLOW_CTX_TRY_NUMBER='2' AIRFLOW_CTX_DAG_RUN_ID='manual__2026-07-15T02:08:48.351263+00:00'
[2026-07-15T02:13:32.594+0000] {taskinstance.py:731} INFO - ::endgroup::
[2026-07-15T02:13:34.113+0000] {local.py:294} INFO - dbtRunner is available. Using dbtRunner for invoking dbt.
[2026-07-15T02:13:34.115+0000] {local.py:518} INFO - Cloning project to writable temp directory /tmp/tmpiriuqy16 from /opt/airflow/dbt_transform
[2026-07-15T02:13:34.127+0000] {local.py:538} INFO - Partial parse is enabled and the latest partial parse file is /tmp/cosmos/dbt_silver_gold_incremental__transform_gold/target/partial_parse.msgpack
[2026-07-15T02:13:34.144+0000] {config.py:395} INFO - Using user-supplied profiles.yml at /opt/airflow/dbt_transform/profiles.yml
[2026-07-15T02:13:34.154+0000] {runner.py:95} INFO - Trying to run dbtRunner with:
 ['deps', '--project-dir', '/tmp/tmpiriuqy16', '--profiles-dir', '/opt/airflow/dbt_transform', '--profile', 'lakehouse_dbt', '--target', 'dev', '--no-static-parser']
 in /tmp/tmpiriuqy16
[2026-07-15T02:13:34.257+0000] {logging_mixin.py:190} INFO - 02:13:34  Running with dbt=1.8.8
[2026-07-15T02:13:34.417+0000] {converter.py:314} INFO - ::group::Cosmos DAG parsing logs
[2026-07-15T02:13:34.421+0000] {graph.py:869} INFO - Trying to parse the dbt project using dbt ls cache cosmos_cache__dbt_silver_gold_incremental__transform_silver...
[2026-07-15T02:13:36.180+0000] {cache.py:383} INFO - Cosmos performance: time to calculate cache identifier cosmos_cache__dbt_silver_gold_incremental__transform_silver for current version: 1.7509415519998583
[2026-07-15T02:13:36.182+0000] {graph.py:886} INFO - Cosmos performance [46914d9ee5b9|4760]: The cache size for cosmos_cache__dbt_silver_gold_incremental__transform_silver is 5960
[2026-07-15T02:13:36.184+0000] {graph.py:898} INFO - Cosmos performance: Cache hit for cosmos_cache__dbt_silver_gold_incremental__transform_silver - 482d7c4579b21d7437a850cca51f0b7c,5e34606eb5f2b3dea81a8e19fa3ba138
[2026-07-15T02:13:36.185+0000] {graph.py:799} INFO - Total nodes: 7
[2026-07-15T02:13:36.186+0000] {graph.py:800} INFO - Total filtered nodes: 7
[2026-07-15T02:13:36.187+0000] {converter.py:361} INFO - Cosmos performance (dbt_silver_gold_incremental__transform_silver) - [46914d9ee5b9|4760]: It took 1.77s to parse the dbt project for DAG using dbt_ls_cache
[2026-07-15T02:13:36.195+0000] {converter.py:413} INFO - Cosmos performance (dbt_silver_gold_incremental__transform_silver) - [46914d9ee5b9|4760]: It took 0.00815s to build the Airflow DAG.
[2026-07-15T02:13:36.197+0000] {converter.py:420} INFO - ::endgroup::Cosmos DAG parsing logs
[2026-07-15T02:13:36.199+0000] {converter.py:314} INFO - ::group::Cosmos DAG parsing logs
[2026-07-15T02:13:36.202+0000] {graph.py:869} INFO - Trying to parse the dbt project using dbt ls cache cosmos_cache__dbt_silver_gold_incremental__transform_gold...
[2026-07-15T02:13:37.756+0000] {cache.py:383} INFO - Cosmos performance: time to calculate cache identifier cosmos_cache__dbt_silver_gold_incremental__transform_gold for current version: 1.5425477849994422
[2026-07-15T02:13:37.758+0000] {graph.py:886} INFO - Cosmos performance [46914d9ee5b9|4760]: The cache size for cosmos_cache__dbt_silver_gold_incremental__transform_gold is 35989
[2026-07-15T02:13:37.759+0000] {graph.py:898} INFO - Cosmos performance: Cache hit for cosmos_cache__dbt_silver_gold_incremental__transform_gold - 482d7c4579b21d7437a850cca51f0b7c,304321e940a9403dceb380589bd0566f
[2026-07-15T02:13:37.761+0000] {graph.py:799} INFO - Total nodes: 39
[2026-07-15T02:13:37.762+0000] {graph.py:800} INFO - Total filtered nodes: 39
[2026-07-15T02:13:37.763+0000] {converter.py:361} INFO - Cosmos performance (dbt_silver_gold_incremental__transform_gold) - [46914d9ee5b9|4760]: It took 1.56s to parse the dbt project for DAG using dbt_ls_cache
[2026-07-15T02:13:37.790+0000] {converter.py:413} INFO - Cosmos performance (dbt_silver_gold_incremental__transform_gold) - [46914d9ee5b9|4760]: It took 0.0275s to build the Airflow DAG.
[2026-07-15T02:13:37.792+0000] {converter.py:420} INFO - ::endgroup::Cosmos DAG parsing logs
[2026-07-15T02:13:37.794+0000] {converter.py:314} INFO - ::group::Cosmos DAG parsing logs
[2026-07-15T02:13:37.798+0000] {graph.py:869} INFO - Trying to parse the dbt project using dbt ls cache cosmos_cache__dbt_silver_gold_full_load__transform_silver...
[2026-07-15T02:13:39.591+0000] {cache.py:383} INFO - Cosmos performance: time to calculate cache identifier cosmos_cache__dbt_silver_gold_full_load__transform_silver for current version: 1.7802782829994612
[2026-07-15T02:13:39.593+0000] {graph.py:886} INFO - Cosmos performance [46914d9ee5b9|4760]: The cache size for cosmos_cache__dbt_silver_gold_full_load__transform_silver is 5960
[2026-07-15T02:13:39.594+0000] {graph.py:898} INFO - Cosmos performance: Cache hit for cosmos_cache__dbt_silver_gold_full_load__transform_silver - 482d7c4579b21d7437a850cca51f0b7c,5e34606eb5f2b3dea81a8e19fa3ba138
[2026-07-15T02:13:39.595+0000] {graph.py:799} INFO - Total nodes: 7
[2026-07-15T02:13:39.597+0000] {graph.py:800} INFO - Total filtered nodes: 7
[2026-07-15T02:13:39.598+0000] {converter.py:361} INFO - Cosmos performance (dbt_silver_gold_full_load__transform_silver) - [46914d9ee5b9|4760]: It took 1.8s to parse the dbt project for DAG using dbt_ls_cache
[2026-07-15T02:13:39.607+0000] {converter.py:413} INFO - Cosmos performance (dbt_silver_gold_full_load__transform_silver) - [46914d9ee5b9|4760]: It took 0.00932s to build the Airflow DAG.
[2026-07-15T02:13:39.608+0000] {converter.py:420} INFO - ::endgroup::Cosmos DAG parsing logs
[2026-07-15T02:13:39.610+0000] {converter.py:314} INFO - ::group::Cosmos DAG parsing logs
[2026-07-15T02:13:39.612+0000] {graph.py:869} INFO - Trying to parse the dbt project using dbt ls cache cosmos_cache__dbt_silver_gold_full_load__transform_gold...
[2026-07-15T02:13:41.247+0000] {cache.py:383} INFO - Cosmos performance: time to calculate cache identifier cosmos_cache__dbt_silver_gold_full_load__transform_gold for current version: 1.6248960240000088
[2026-07-15T02:13:41.249+0000] {graph.py:886} INFO - Cosmos performance [46914d9ee5b9|4760]: The cache size for cosmos_cache__dbt_silver_gold_full_load__transform_gold is 35989
[2026-07-15T02:13:41.251+0000] {graph.py:898} INFO - Cosmos performance: Cache hit for cosmos_cache__dbt_silver_gold_full_load__transform_gold - 482d7c4579b21d7437a850cca51f0b7c,304321e940a9403dceb380589bd0566f
[2026-07-15T02:13:41.253+0000] {graph.py:799} INFO - Total nodes: 39
[2026-07-15T02:13:41.254+0000] {graph.py:800} INFO - Total filtered nodes: 39
[2026-07-15T02:13:41.255+0000] {converter.py:361} INFO - Cosmos performance (dbt_silver_gold_full_load__transform_gold) - [46914d9ee5b9|4760]: It took 1.64s to parse the dbt project for DAG using dbt_ls_cache
[2026-07-15T02:13:41.280+0000] {converter.py:413} INFO - Cosmos performance (dbt_silver_gold_full_load__transform_gold) - [46914d9ee5b9|4760]: It took 0.0249s to build the Airflow DAG.
[2026-07-15T02:13:41.282+0000] {converter.py:420} INFO - ::endgroup::Cosmos DAG parsing logs
[2026-07-15T02:13:42.099+0000] {logging_mixin.py:190} INFO - 02:13:42  Installing dbt-labs/dbt_utils
[2026-07-15T02:13:42.726+0000] {logging_mixin.py:190} INFO - 02:13:42  Installed from version 1.3.0
[2026-07-15T02:13:42.728+0000] {logging_mixin.py:190} INFO - 02:13:42  Updated version available: 1.4.1
[2026-07-15T02:13:42.730+0000] {logging_mixin.py:190} INFO - 02:13:42  Installing metaplane/dbt_expectations
[2026-07-15T02:13:43.603+0000] {logging_mixin.py:190} INFO - 02:13:43  Installed from version 0.10.8
[2026-07-15T02:13:43.605+0000] {logging_mixin.py:190} INFO - 02:13:43  Updated version available: 0.10.10
[2026-07-15T02:13:43.607+0000] {logging_mixin.py:190} INFO - 02:13:43  Installing godatadriven/dbt_date
[2026-07-15T02:13:44.147+0000] {logging_mixin.py:190} INFO - 02:13:44  Installed from version 0.15.0
[2026-07-15T02:13:44.149+0000] {logging_mixin.py:190} INFO - 02:13:44  Up to date!
[2026-07-15T02:13:44.151+0000] {logging_mixin.py:190} INFO - 02:13:44
[2026-07-15T02:13:44.152+0000] {logging_mixin.py:190} INFO - 02:13:44  Updates available for packages: ['dbt-labs/dbt_utils', 'metaplane/dbt_expectations']                 
Update your versions in packages.yml, then run dbt deps
[2026-07-15T02:13:46.185+0000] {runner.py:95} INFO - Trying to run dbtRunner with:
 ['run', '--select', 'fqn:consumer_complaints_transformation.marts.dim_locations', '--project-dir', '/tmp/tmpiriuqy16', '--profiles-dir', '/opt/airflow/dbt_transform', '--profile', 'lakehouse_dbt', '--target', 'dev', '--no-static-parser']
 in /tmp/tmpiriuqy16
[2026-07-15T02:13:46.210+0000] {logging_mixin.py:190} INFO - 02:13:46  Running with dbt=1.8.8
[2026-07-15T02:13:46.243+0000] {auth.py:343} INFO - keyring module not found. OAuth2 token will not be stored in keyring.
[2026-07-15T02:13:46.248+0000] {auth.py:343} INFO - keyring module not found. OAuth2 token will not be stored in keyring.
[2026-07-15T02:13:46.367+0000] {logging_mixin.py:190} INFO - 02:13:46  Registered adapter: trino=1.8.5
[2026-07-15T02:13:47.200+0000] {logging_mixin.py:190} INFO - 02:13:47  Found 8 models, 40 data tests, 1 source, 9 metrics, 838 macros, 5 semantic models
[2026-07-15T02:13:47.203+0000] {logging_mixin.py:190} INFO - 02:13:47
[2026-07-15T02:13:47.230+0000] {logging_mixin.py:190} INFO - 02:13:47  [WARNING]: SSL certificate validation is disabled by default. It is legacy behavior which will be changed in future releases. It is strongly advised to enable `require_certificate_validation` flag or explicitly set `cert` configuration to `True` for security reasons. You may receive an error after that if your SSL setup is incorrect.
You may opt into the new behavior sooner by setting `flags.require_certificate_validation` to `True` in `dbt_project.yml`.
Visit https://docs.getdbt.com/reference/global-configs/behavior-changes for more information.
[2026-07-15T02:13:47.542+0000] {logging_mixin.py:190} INFO - 02:13:47  Concurrency: 4 threads (target='dev')
[2026-07-15T02:13:47.547+0000] {logging_mixin.py:190} INFO - 02:13:47
[2026-07-15T02:13:47.558+0000] {logging_mixin.py:190} INFO - 02:13:47  1 of 1 START sql incremental model gold.dim_locations .......................... [RUN]
[2026-07-15T02:13:47.804+0000] {logging_mixin.py:190} INFO - 02:13:47  1 of 1 ERROR creating sql incremental model gold.dim_locations ................. [ERROR in 0.24s]
[2026-07-15T02:13:47.812+0000] {logging_mixin.py:190} INFO - 02:13:47
[2026-07-15T02:13:47.814+0000] {logging_mixin.py:190} INFO - 02:13:47  Finished running 1 incremental model in 0 hours 0 minutes and 0.61 seconds (0.61s).
[2026-07-15T02:13:47.873+0000] {logging_mixin.py:190} INFO - 02:13:47
[2026-07-15T02:13:47.875+0000] {logging_mixin.py:190} INFO - 02:13:47  Completed with 1 error and 0 warnings:
[2026-07-15T02:13:47.877+0000] {logging_mixin.py:190} INFO - 02:13:47
[2026-07-15T02:13:47.879+0000] {logging_mixin.py:190} INFO - 02:13:47    Database Error in model dim_locations (models/marts/dim_locations.sql)
  TrinoUserError(type=USER_ERROR, name=TYPE_MISMATCH, message="line 19:70: All COALESCE operands must be the same type or coercible to a common type. Cannot find common type between timestamp(6) with time zone and varchar(10), all types (without duplicates): [timestamp(6) with time zone, varchar(10)]", query_id=20260715_020613_00175_xp3hr)
[2026-07-15T02:13:47.881+0000] {logging_mixin.py:190} INFO - 02:13:47
[2026-07-15T02:13:47.884+0000] {logging_mixin.py:190} INFO - 02:13:47  Done. PASS=0 WARN=0 ERROR=1 SKIP=0 TOTAL=1
[2026-07-15T02:13:49.187+0000] {local.py:196} WARNING - Artifact schema version: https://schemas.getdbt.com/dbt/manifest/v12.json is above dbt-ol supported version 7. This might cause errors.
[2026-07-15T02:13:49.199+0000] {local.py:594} INFO - Inlets: []
[2026-07-15T02:13:49.202+0000] {local.py:595} INFO - Outlets: []
[2026-07-15T02:13:49.204+0000] {local.py:886} INFO - Assigning inlets/outlets with DatasetAlias in Airflow 2
[2026-07-15T02:13:49.259+0000] {taskinstance.py:3310} ERROR - Task failed with exception
Traceback (most recent call last):
  File "/home/airflow/.local/lib/python3.10/site-packages/airflow/models/taskinstance.py", line 767, in _execute_task
    result = _execute_callable(context=context, **execute_callable_kwargs)
  File "/home/airflow/.local/lib/python3.10/site-packages/airflow/models/taskinstance.py", line 733, in _execute_callable
    return ExecutionCallableRunner(
  File "/home/airflow/.local/lib/python3.10/site-packages/airflow/utils/operator_helpers.py", line 252, in run
    return self.func(*args, **kwargs)
  File "/home/airflow/.local/lib/python3.10/site-packages/cosmos/operators/base.py", line 346, in execute
    self.build_and_run_cmd(context=context, cmd_flags=self.add_cmd_flags(), **kwargs)
  File "/home/airflow/.local/lib/python3.10/site-packages/cosmos/operators/local.py", line 968, in build_and_run_cmd
    result = self.run_command(
  File "/home/airflow/.local/lib/python3.10/site-packages/cosmos/operators/local.py", line 743, in run_command
    self.handle_exception(result)
  File "/home/airflow/.local/lib/python3.10/site-packages/cosmos/operators/local.py", line 308, in handle_exception_dbt_runner
    return dbt_runner.handle_exception_if_needed(result)
  File "/home/airflow/.local/lib/python3.10/site-packages/cosmos/dbt/runner.py", line 156, in handle_exception_if_needed
    raise CosmosDbtRunError(f"dbt invocation completed with errors: {error_message}")
cosmos.exceptions.CosmosDbtRunError: dbt invocation completed with errors: dim_locations: Database Error in model dim_locations (models/marts/dim_locations.sql)
  TrinoUserError(type=USER_ERROR, name=TYPE_MISMATCH, message="line 19:70: All COALESCE operands must be the same type or coercible to a common type. Cannot find common type between timestamp(6) with time zone and varchar(10), all types (without duplicates): [timestamp(6) with time zone, varchar(10)]", query_id=20260715_020613_00175_xp3hr)
[2026-07-15T02:13:50.169+0000] {_client.py:1026} INFO - HTTP Request: GET https://astronomer.gateway.scarf.sh/astronomer-cosmos/v3/task_instance?cosmos_version=1.15.0&airflow_version=2.10.2&python_version=3.10.15&platform_system=Linux&platform_machine=x86_64&status=failed&operator_name=DbtRunLocalOperator&is_cosmos_operator_subclass=False&invocation_mode=dbt_runner&execution_mode=local&profile_strategy=yaml_file&profile_mapping_class=None&database=trino&is_mapped_task=False&dbt_command=run&install_deps=True&has_callback=False&duration=16.940031 "HTTP/1.1 200 OK"
[2026-07-15T02:13:50.171+0000] {taskinstance.py:1225} INFO - Marking task as FAILED. dag_id=dbt_silver_gold_incremental, task_id=transform_gold.dim_locations.run, run_id=manual__2026-07-15T02:08:48.351263+00:00, execution_date=20260715T020848, start_date=20260715T021332, end_date=20260715T021349
[2026-07-15T02:13:50.187+0000] {taskinstance.py:340} INFO - ::group::Post task execution logs
[2026-07-15T02:13:50.189+0000] {standard_task_runner.py:124} ERROR - Failed to execute job 35 for task transform_gold.dim_locations.run (dbt invocation completed with errors: dim_locations: Database Error in model dim_locations (models/marts/dim_locations.sql)
  TrinoUserError(type=USER_ERROR, name=TYPE_MISMATCH, message="line 19:70: All COALESCE operands must be the same type or coercible to a common type. Cannot find common type between timestamp(6) with time zone and varchar(10), all types (without duplicates): [timestamp(6) with time zone, varchar(10)]", query_id=20260715_020613_00175_xp3hr); 4760)
Traceback (most recent call last):
  File "/home/airflow/.local/lib/python3.10/site-packages/airflow/task/task_runner/standard_task_runner.py", line 117, in _start_by_fork
    ret = args.func(args, dag=self.dag)
  File "/home/airflow/.local/lib/python3.10/site-packages/airflow/cli/cli_config.py", line 49, in command
    return func(*args, **kwargs)
  File "/home/airflow/.local/lib/python3.10/site-packages/airflow/utils/cli.py", line 115, in wrapper
    return f(*args, **kwargs)
  File "/home/airflow/.local/lib/python3.10/site-packages/airflow/cli/commands/task_command.py", line 483, in task_run
    task_return_code = _run_task_by_selected_method(args, _dag, ti)
  File "/home/airflow/.local/lib/python3.10/site-packages/airflow/cli/commands/task_command.py", line 256, in _run_task_by_selected_method
    return _run_raw_task(args, ti)
  File "/home/airflow/.local/lib/python3.10/site-packages/airflow/cli/commands/task_command.py", line 341, in _run_raw_task
    return ti._run_raw_task(
  File "/home/airflow/.local/lib/python3.10/site-packages/airflow/utils/session.py", line 97, in wrapper
    return func(*args, session=session, **kwargs)
  File "/home/airflow/.local/lib/python3.10/site-packages/airflow/models/taskinstance.py", line 3004, in _run_raw_task
    return _run_raw_task(
  File "/home/airflow/.local/lib/python3.10/site-packages/airflow/models/taskinstance.py", line 273, in _run_raw_task
    TaskInstance._execute_task_with_callbacks(
  File "/home/airflow/.local/lib/python3.10/site-packages/airflow/models/taskinstance.py", line 3158, in _execute_task_with_callbacks
    result = self._execute_task(context, task_orig)
  File "/home/airflow/.local/lib/python3.10/site-packages/airflow/models/taskinstance.py", line 3182, in _execute_task
    return _execute_task(self, context, task_orig)
  File "/home/airflow/.local/lib/python3.10/site-packages/airflow/models/taskinstance.py", line 767, in _execute_task
    result = _execute_callable(context=context, **execute_callable_kwargs)
  File "/home/airflow/.local/lib/python3.10/site-packages/airflow/models/taskinstance.py", line 733, in _execute_callable
    return ExecutionCallableRunner(
  File "/home/airflow/.local/lib/python3.10/site-packages/airflow/utils/operator_helpers.py", line 252, in run
    return self.func(*args, **kwargs)
  File "/home/airflow/.local/lib/python3.10/site-packages/cosmos/operators/base.py", line 346, in execute
    self.build_and_run_cmd(context=context, cmd_flags=self.add_cmd_flags(), **kwargs)
  File "/home/airflow/.local/lib/python3.10/site-packages/cosmos/operators/local.py", line 968, in build_and_run_cmd
    result = self.run_command(
  File "/home/airflow/.local/lib/python3.10/site-packages/cosmos/operators/local.py", line 743, in run_command
    self.handle_exception(result)
  File "/home/airflow/.local/lib/python3.10/site-packages/cosmos/operators/local.py", line 308, in handle_exception_dbt_runner
    return dbt_runner.handle_exception_if_needed(result)
  File "/home/airflow/.local/lib/python3.10/site-packages/cosmos/dbt/runner.py", line 156, in handle_exception_if_needed
    raise CosmosDbtRunError(f"dbt invocation completed with errors: {error_message}")
cosmos.exceptions.CosmosDbtRunError: dbt invocation completed with errors: dim_locations: Database Error in model dim_locations (models/marts/dim_locations.sql)
  TrinoUserError(type=USER_ERROR, name=TYPE_MISMATCH, message="line 19:70: All COALESCE operands must be the same type or coercible to a common type. Cannot find common type between timestamp(6) with time zone and varchar(10), all types (without duplicates): [timestamp(6) with time zone, varchar(10)]", query_id=20260715_020613_00175_xp3hr)
[2026-07-15T02:13:50.205+0000] {local_task_job_runner.py:266} INFO - Task exited with return code 1
[2026-07-15T02:13:50.233+0000] {taskinstance.py:3900} INFO - 0 downstream tasks scheduled from follow-on schedule check
[2026-07-15T02:13:50.238+0000] {local_task_job_runner.py:245} INFO - ::endgroup::
